INFO: Initializing raylib 6.0
INFO: Platform backend: DESKTOP (GLFW)
INFO: Supported raylib modules:
INFO:     > rcore:..... loaded (mandatory)
INFO:     > rlgl:...... loaded (mandatory)
INFO:     > rshapes:... loaded (optional)
INFO:     > rtextures:. loaded (optional)
INFO:     > rtext:..... loaded (optional)
INFO:     > rmodels:... loaded (optional)
INFO:     > raudio:.... loaded (optional)
INFO: DISPLAY: Trying to enable MSAA x4
INFO: DISPLAY: Device initialized successfully 
INFO:     > Display size: 1280 x 800
INFO:     > Screen size:  1280 x 800
INFO:     > Render size:  1280 x 800
INFO:     > Viewport offsets: 0, 0
INFO: GLAD: OpenGL extensions loaded successfully
INFO: GL: Supported extensions count: 229
INFO: GL: OpenGL device information:
INFO:     > Vendor:   Mesa
INFO:     > Renderer: llvmpipe (LLVM 20.1.2, 256 bits)
INFO:     > Version:  4.5 (Core Profile) Mesa 25.2.8-0ubuntu0.24.04.2
INFO:     > GLSL:     4.50
INFO: GL: VAO extension detected, VAO functions loaded successfully
INFO: GL: NPOT textures extension detected, full NPOT textures supported
INFO: GL: DXT compressed textures supported
INFO: GL: ETC2/EAC compressed textures supported
INFO: PLATFORM: DESKTOP (GLFW - X11): Initialized successfully
INFO: TEXTURE: [ID 1] Texture loaded successfully (1x1 | R8G8B8A8 | 1 mipmaps)
INFO: TEXTURE: [ID 1] Default texture loaded successfully
INFO: SHADER: [ID 1] Vertex shader compiled successfully
INFO: SHADER: [ID 2] Fragment shader compiled successfully
INFO: SHADER: [ID 3] Program shader loaded successfully
INFO: SHADER: [ID 3] Default shader loaded successfully
INFO: RLGL: Render batch vertex buffers loaded successfully in RAM (CPU)
INFO: RLGL: Render batch vertex buffers loaded successfully in VRAM (GPU)
INFO: RLGL: Default OpenGL state initialized successfully
INFO: TEXTURE: [ID 2] Texture loaded successfully (128x128 | GRAY_ALPHA | 1 mipmaps)
INFO: FONT: Default font loaded successfully (224 glyphs)
INFO: SYSTEM: Working Directory: /home/user/wt/x2
INFO: TIMER: Target time per frame: 0.000 milliseconds
FINALE-KIT: Syndicate
WAVE: +2 (DRONE,SAPPER) [rich]
WAVE: +2 (DRONE,SHIELD) [rich]
WAVE: +2 (GRUNT,SHIELD) [rich]
FINALE-KIT: Syndicate
WAVE: +2 (SAPPER,SHIELD) [rich]
WAVE: +2 (SHIELD,SHIELD) [rich]
WAVE: +2 (DRONE,GRUNT) [rich]
FINALE-KIT: Wardens
WAVE: +3 (MEDIC,GRUNT,SCOUT) [rich]
WAVE: +3 (SCOUT,MORTAR,GRUNT) [rich]
WAVE: +3 (MORTAR,MEDIC,GRUNT) [rich]
WAVE: +3 (SNIPER,SNIPER,SNIPER) [rich]
WAVE: +1 (MORTAR) [rich]
REINFORCEMENTS: +2 (GRUNT,SCOUT)
FINALE-KIT: Wardens
REINFORCEMENTS: +2 (SCOUT,GRUNT)
FINALE-KIT: Wardens
WAVE: +3 (GRUNT,SCREENER,MEDIC) [rich]
WAVE: +3 (GRUNT,SNIPER,MORTAR) [rich]
WAVE: +3 (MORTAR,GRUNT,CUSTODIAN) [rich]
match 5/20  (W:3 L:2 cap:0)  110.8s
FINALE-KIT: Wardens
WAVE: +3 (PIKEMAN,GRUNT,MEDIC) [rich]
WAVE: +3 (MORTAR,MEDIC,SNIPER) [rich]
WAVE: +3 (GRUNT,MORTAR,SNIPER) [rich]
FINALE-KIT: Legion
WAVE: +3 (DRONE,SCREENER,SAPPER) [rich]
WAVE: +3 (SHIELD,DRONE,SCREENER) [rich]
WAVE: +3 (SAPPER,CUSTODIAN,DRONE) [rich]
REINFORCEMENTS: +2 (GRUNT,SCOUT)
REINFORCEMENTS: +2 (SCOUT,GRUNT)
REINFORCEMENTS: +3 (SCOUT,SCOUT,SCOUT)
REINFORCEMENTS: +2 (SCOUT,GRUNT)
FINALE-KIT: Legion
REINFORCEMENTS: +2 (SCOUT,SCOUT)
REINFORCEMENTS: +2 (GRUNT,SCOUT)
FINALE-KIT: Legion
REINFORCEMENTS: +2 (GRUNT,GRUNT)
REINFORCEMENTS: +2 (SCOUT,GRUNT)
REINFORCEMENTS: +3 (SCOUT,GRUNT,SCOUT)
FINALE-KIT: Legion
REINFORCEMENTS: +2 (SCOUT,SCOUT)
REINFORCEMENTS: +2 (SCOUT,GRUNT)
REINFORCEMENTS: +3 (SCOUT,SCOUT,SCOUT)
match 10/20  (W:4 L:6 cap:0)  243.3s
FINALE-KIT: Legion
REINFORCEMENTS: +2 (SCOUT,SCOUT)
REINFORCEMENTS: +2 (GRUNT,GRUNT)
REINFORCEMENTS: +3 (GRUNT,GRUNT,GRUNT)
FINALE-KIT: Legion
WAVE: +2 (BERSERKER,STRIKER) [rich]
WAVE: +2 (HUNTER,BERSERKER) [rich]
WAVE: +2 (BRUISER,BRUISER) [rich]
WAVE: +2 (BRUISER,BRUISER) [rich]
WAVE: +2 (HOUND,HOUND) [rich]
WAVE: +2 (HOUND,BRUISER) [rich]
FINALE-KIT: Wardens
FINALE-KIT: Wardens
FINALE-KIT: Wardens
match 15/20  (W:5 L:10 cap:0)  334.2s
FINALE-KIT: Wardens
FINALE-KIT: Wardens
WAVE: +3 (SCOUT,MEDIC,GRUNT) [rich]
WAVE: +3 (MORTAR,MEDIC,MEDIC) [rich]
WAVE: +3 (MORTAR,MORTAR,MORTAR) [rich]
WAVE: +3 (MORTAR,MORTAR,SNIPER) [rich]
WAVE: +3 (SCOUT,GRUNT,MEDIC) [rich]
WAVE: +3 (SNIPER,MORTAR,GRUNT) [rich]
FINALE-KIT: Wardens
WAVE: +3 (SNIPER,SNIPER,GRUNT) [rich]
WAVE: +3 (SNIPER,MORTAR,MEDIC) [rich]
WAVE: +3 (MORTAR,GRUNT,PIKEMAN) [rich]
FINALE-KIT: Legion
WAVE: +2 (CUSTODIAN,SCOUT) [rich]
WAVE: +2 (GRUNT,SCOUT) [rich]
WAVE: +2 (MORTAR,MORTAR) [rich]
FINALE-KIT: Legion
WAVE: +2 (MORTAR,SCOUT) [rich]
WAVE: +2 (MEDIC,SNIPER) [rich]
WAVE: +2 (SNIPER,GRUNT) [rich]
match 20/20  (W:9 L:11 cap:0)  493.2s

══════════════════════ SIGHTLINE BALANCE REPORT ══════════════════════
runs=20  missions=64

RUN OUTCOMES (campaign):  win-rate   45%   avg missions cleared 3.6

POLICY GAP (optimal vs human-error; campaign runs only):
  greedy win-rate   40%  (n=10)
  sloppy win-rate   50%  (n=10)
  GAP  -10 pts  (healthy slack)
  PAIRED (same-seed slots): pairs=10  concordant=9  discordant greedy-only-won=0 / sloppy-only-won=1  paired gap  -10 pts
  PER-SLOT RECORDS (greedy | sloppy: outcome + missions cleared; margin = g−s):
    slot   0 @h0: W 6 | W 6   margin +0
    slot   1 @h0: L 5 | L 0   margin +5
    slot   2 @h0: W 6 | W 6   margin +0
    slot   3 @h0: L 5 | L 0   margin +5
    slot   4 @h0: L 0 | L 0   margin +0
    slot   5 @h0: L 0 | L 5   margin -5
    slot   6 @h0: L 0 | L 0   margin +0
    slot   7 @h0: W 6 | W 6   margin +0
    slot   8 @h0: L 3 | W 6   margin -3
    slot   9 @h0: W 6 | W 6   margin +0
  PAIRED MARGIN (missions cleared, all pairs): +0.20 ±0.96 SE  (n=10 pairs)
  by objective (greedy / sloppy / gap):
    Decapitate :   71% /   86% / gap  -14
    Defend     :   83% /  100% / gap  -17
    Eliminate  :   70% /   60% / gap   10
    Escort     :  100% /  100% / gap    0
    Evac       :  100% /  100% / gap    0
    Hack       :  100% /  100% / gap    0
    Rescue     :  100% /  100% / gap    0

DECISION RICHNESS / SWING:
  meaningful-choices/turn 2.63   lead-swings/match 0.6   avg max-swing 33.6
  [shot-gate] acting-soldiers/turn 3.29   armed-soldiers/turn 1.49   armed-fraction 45%   turns-with-a-shot 68%   choices/ARMED-soldier-turn 1.76
  [choice-split] los-targets/ARMED 2.40   target-choices/ARMED 0.33   position-choices/ARMED 1.44

RUN COMPLETION BY HEAT (full-campaign clears):
  heat 0:   45% ±11  (n=20 runs, avg 3.6 missions)

INTEL ECONOMY BY HEAT (campaign runs; heat-bonus = the Heat.IntelBonus share of income):
  heat 0: earned  112.2/run   heat-bonus   0.0 (   0% of income)   spent  100.1   unspent   12.1

MISSION WIN-RATE BY HEAT:
  heat 0:   83%  (n=64, avg 5.3 turns)

MISSION WIN-RATE BY OBJECTIVE:
  Eliminate  :   65% ±11  (n=20, avg 5.8 turns)
  Decapitate :   79% ±11  (n=14, avg 4.3 turns)
  Defend     :   91% ±9  (n=11, avg 8.9 turns)
  Escort     :  100% ±0  (n=8, avg 4.5 turns)
  Hack       :  100% ±0  (n=5, avg 3.0 turns)
  Evac       :  100% ±0  (n=3, avg 2.0 turns)
  Rescue     :  100% ±0  (n=3, avg 3.0 turns)

MISSION WIN-RATE BY MISSION #:
  m1:   65% ±11  (n=20)
  m2:  100% ±0  (n=3)
  m3:  100% ±0  (n=10)
  m4:   91% ±9  (n=11)
  m5:  100% ±0  (n=8)
  m6:   75% ±13  (n=12)

LOSS CAUSES (missions):
  RUN OVER              : 11

MISSION WIN-RATE BY ARENA (authored layouts, n>=3; procedural fallback   30% of 64 missions):
  arena 11:  100% ±0  (n=3, avg 9.0 turns)  [m4:100%(3)]
  arena 14:  100% ±0  (n=7, avg 3.1 turns)  [m1:100%(6) m6:100%(1)]
  arena 16:   67% ±27  (n=3, avg 5.7 turns)  [m5:100%(2) m6:0%(1)]
  arena 27:   80% ±18  (n=5, avg 5.6 turns)  [m4:67%(3) m5:100%(2)]
  arena 33:  100% ±0  (n=3, avg 6.3 turns)  [m2:100%(1) m3:100%(2)]
  procedural:   84% ±8  (n=19, avg 5.4 turns)  [m1:50%(6) m2:100%(1) m3:100%(5) m4:100%(2) m5:100%(1) m6:100%(4)]

DEPLOYMENT GEOMETRY (opening shape; choices/ARMED is the wave's real gate):
  FRONTAL   :   88% ±7  (n=24, avg 4.2 turns)  choices/turn 3.56  choices/ARMED 1.88  los-targets/ARMED 3.30
  PINCER    :   79% ±8  (n=24, avg 6.2 turns)  choices/turn 2.34  choices/ARMED 1.71  los-targets/ARMED 1.79
  CROSSFIRE :   70% ±14  (n=10, avg 6.3 turns)  choices/turn 2.02  choices/ARMED 1.67  los-targets/ARMED 2.19
  ENVELOP   :  100% ±0  (n=6, avg 4.8 turns)  choices/turn 2.07  choices/ARMED 1.65  los-targets/ARMED 1.44

ARENA FUNNEL (Mission.Build exits, n=70 builds, all modes):
  authored-applied    :  71.4%  (n=50)
  connectivity-reject :   0.0%  (n=0)
  procedural-roll     :  28.6%  (n=20)

DECK EXPOSURE (campaign runs n=20):
  distinct authored arenas/run : 2.25 mean (all runs)
  ... full-depth runs only     : 3.33 mean over 4.6 fights/run (n=9)
  Defend dealt on the route    :   55% of runs (n=11)

ACTION MIX (verbs issued, by policy):
  verb                  greedy        sloppy
  MOVE               464   42%     390   43%
  SHOOT              297   27%     246   27%
  HUNKER              57    5%      67    7%
  FOCUS               40    4%      29    3%
  RELOAD              40    4%      28    3%
  BRACE               40    4%      22    2%
  INTEL               32    3%      27    3%
  STABILIZE           24    2%      12    1%
  SLIPSTREAM          16    1%      16    2%
  OVERWATCH           13    1%      12    1%
  MARK                14    1%       8    1%
  PIN                 12    1%       8    1%
  ITEM:SMOKE          11    1%       8    1%
  BEACON               7    1%       4    0%
  REARM                7    1%       4    0%
  GRENADE              3    0%       8    1%
  HACK                 7    1%       4    0%
  PATCH                8    1%       2    0%
  EXTRACT              5    0%       4    0%
  GRAPPLE              4    0%       4    0%
  ITEM:INCENDIARY       0    0%       2    0%
  BARREL               0    0%       1    0%

PLAYER CLASS PERFORMANCE:
  class        shots   hit%   dmg   kills
  GUNNER         176    80%    751     51
  SHARPSHOOTER    117    86%    727     44
  ASSAULT        142    92%    688     40
  RANGER          90    89%    492     36
  CORPSMAN        24    96%     75      5

SOLDIER DEATHS BY ENEMY CLASS (threat ranking):
  GRUNT      : 21
  ELITE      : 8
  STRIKE     : 8
  SCOUT      : 8
  MORTAR     : 6
  BRUISER    : 4
  LANCER     : 4
  SNIPER     : 3
  SHIELD     : 2
  MEDIC      : 2
  WARBRINGER : 2
  SAPPER     : 1
  SLAM       : 1
  HOUND      : 1
  BURN       : 1
  CUSTODIAN  : 1

SOLDIER DOWNS (FUL-7 bleed-out): 132 downs -> revived 7 / recovered 29 / bled out 83 / finished 13  (save-rate   27%)
  corpsman fielded in 19 missions

ENEMY COMPOSITION (spawns; faction-stamped fights n=363 / default-cascade fights n=182):
  class        faction         default
  GRUNT           37   10%       60   33%
  SCOUT           17    5%       67   37%
  DRONE           35   10%        6    3%
  MEDIC           28    8%        6    3%
  ELITE           26    7%        7    4%
  MORTAR          32    9%        0    0%
  TURRET          24    7%        6    3%
  SAPPER          22    6%        4    2%
  SNIPER          23    6%        2    1%
  LANCER          13    4%        4    2%
  SCREENER        16    4%        0    0%
  HOUND            8    2%        8    4%
  HUNTER          10    3%        4    2%
  BERSERKER       11    3%        2    1%
  SHIELD          12    3%        0    0%
  CUSTODIAN       11    3%        0    0%
  BRUISER         11    3%        0    0%
  STRIKER          7    2%        2    1%
  PIKEMAN          6    2%        2    1%
  WARBRINGER       7    2%        0    0%
  SPOTTER          5    1%        2    1%
  BOMBARD          2    1%        0    0%

PERK PICK FREQUENCY:
  GUN           : 16
  LCK           : 12
  OUT           : 8
  MOM           : 7
  RFX           : 6
  CLH           : 6
  CQB           : 6
  EXC           : 6
  BND           : 5
  FST           : 5
  BRK           : 5
  SKR           : 5
  HRD           : 5
  MRK           : 5
  SGE           : 5
  PLT           : 3
  TNK           : 3
  GRD           : 3
  VNT           : 2

SHOP PURCHASE FREQUENCY:
  WPN: SCOPE        : 40
  FIELD MEDKIT      : 30
  WPN: HOLLOW POINT : 30
  COMBAT STIMS      : 23
  ARMORY            : 11
  FRAG CACHE        : 9
  WPN: SUPPRESSOR   : 9
  WPN: STABILIZER   : 9
  COUNTER-PREP      : 7
  BALLISTIC PLATING : 6
  WPN: BIPOD        : 6
  ADV. TRAINING     : 5
  WPN: EXTENDED MAG : 2

BOON PICK FREQUENCY (PROCS = effect fires at instrumented sites; '-' = not instrumented;
                      PYR counts the +2-turn-burn half only — the Burning-immunity half is uninstrumented):
  code                 picks   PROCS
  FRT               :     5       -
  EXE               :     4       -
  PYR               :     4       0
  RCL               :     4       0
  VNM               :     4       -
  FDR               :     3       0
  FST               :     3      31
  GHO               :     3       -
  TRR               :     3       5
  MRK               :     2       -
  RPD               :     2       -
  SCV               :     2       -
  SHK               :     2       0
  ADR               :     1       -
  FVR               :     1       -
  GRN               :     1       -

RUN WIN-RATE BY BOON (campaign runs holding it):
  FRT               :   80% ±18  (in 5 runs)
  EXE               :   50% ±25  (in 4 runs)
  PYR               :   50% ±25  (in 4 runs)
  RCL               :  100% ±0  (in 4 runs)
  VNM               :  100% ±0  (in 4 runs)
  FDR               :  100% ±0  (in 3 runs)
  FST               :  100% ±0  (in 3 runs)
  GHO               :  100% ±0  (in 3 runs)
  TRR               :   33% ±27  (in 3 runs)
  MRK               :  100% ±0  (in 2 runs)
  RPD               :   50% ±35  (in 2 runs)
  SCV               :    0% ±0  (in 2 runs)
  SHK               :    0% ±0  (in 2 runs)
  ADR               :  100% ±0  (in 1 runs)
  FVR               :  100% ±0  (in 1 runs)
  GRN               :  100% ±0  (in 1 runs)

RUN WIN-RATE BY SPEC (campaign runs fielding it):
  BRC               :   67% ±27  (in 3 runs)
  HHT               :   50% ±35  (in 2 runs)
  PHN               :   50% ±35  (in 2 runs)
  PTH               :   50% ±35  (in 2 runs)
  SNT               :  100% ±0  (in 2 runs)
  ADN               :  100% ±0  (in 1 runs)
  ANC               :  100% ±0  (in 1 runs)
  JUG               :  100% ±0  (in 1 runs)

RUN WIN-RATE BY PERK (campaign runs holding it):
  GUN               :   80% ±13  (in 10 runs)
  LCK               :   57% ±19  (in 7 runs)
  CQB               :   50% ±20  (in 6 runs)
  RFX               :   67% ±19  (in 6 runs)
  CLH               :   60% ±22  (in 5 runs)
  EXC               :   40% ±22  (in 5 runs)
  FST               :   60% ±22  (in 5 runs)
  OUT               :   80% ±18  (in 5 runs)
  SKR               :   80% ±18  (in 5 runs)
  BND               :   75% ±22  (in 4 runs)
  BRK               :   50% ±25  (in 4 runs)
  MOM               :  100% ±0  (in 4 runs)
  MRK               :  100% ±0  (in 4 runs)
  SGE               :   50% ±25  (in 4 runs)
  HRD               :   67% ±27  (in 3 runs)
  GRD               :  100% ±0  (in 2 runs)
  PLT               :   50% ±35  (in 2 runs)
  TNK               :  100% ±0  (in 2 runs)
  VNT               :  100% ±0  (in 2 runs)

RUN WIN-RATE BY PURCHASE (campaign runs buying it):
  FIELD MEDKIT      :   73% ±13  (in 11 runs)
  COMBAT STIMS      :   80% ±13  (in 10 runs)
  WPN: HOLLOW POINT :   70% ±14  (in 10 runs)
  WPN: SCOPE        :   88% ±12  (in 8 runs)
  ARMORY            :   71% ±17  (in 7 runs)
  FRAG CACHE        :   71% ±17  (in 7 runs)
  WPN: SUPPRESSOR   :   57% ±19  (in 7 runs)
  WPN: BIPOD        :   83% ±15  (in 6 runs)
  BALLISTIC PLATING :   60% ±22  (in 5 runs)
  COUNTER-PREP      :   80% ±18  (in 5 runs)
  WPN: STABILIZER   :   25% ±22  (in 4 runs)
  ADV. TRAINING     :   67% ±27  (in 3 runs)
  WPN: EXTENDED MAG :  100% ±0  (in 2 runs)

RUN WIN-RATE BY EVENT-CHOICE (campaign runs taking id:arm):
  warchest:1        :   67% ±27  (in 3 runs)
  bloodfeud:0       :  100% ±0  (in 2 runs)
  cache:1           :  100% ±0  (in 2 runs)
  defector:0        :  100% ±0  (in 2 runs)
  depot:0           :   50% ±35  (in 2 runs)
  drill:0           :  100% ±0  (in 2 runs)
  grave:1           :  100% ±0  (in 2 runs)
  warpension:1      :    0% ±0  (in 2 runs)
  defector:1        :    0% ±0  (in 1 runs)
  fieldhospital:2   :    0% ±0  (in 1 runs)
═══════════════════════════════════════════════════════════════════════

batch wall-time: 493.2s  (20 matches across 10 campaigns × 2 policy, frame-cap hits: 0)
aggregate JSON -> /home/user/wt/x2/docs/measurements/x2/A1-h0-b0.json
INFO: TEXTURE: [ID 2] Unloaded texture data from VRAM (GPU)
INFO: SHADER: [ID 3] Default shader unloaded successfully
INFO: TEXTURE: [ID 1] Default texture unloaded successfully
INFO: Window closed successfully
