INFO: Initializing raylib 6.0
INFO: Platform backend: DESKTOP (GLFW)
INFO: Supported raylib modules:
INFO:     > rcore:..... loaded (mandatory)
INFO:     > rlgl:...... loaded (mandatory)
INFO:     > rshapes:... loaded (optional)
INFO:     > rtextures:. loaded (optional)
INFO:     > rtext:..... loaded (optional)
INFO:     > rmodels:... loaded (optional)
INFO:     > raudio:.... loaded (optional)
INFO: DISPLAY: Trying to enable MSAA x4
INFO: DISPLAY: Device initialized successfully 
INFO:     > Display size: 1280 x 800
INFO:     > Screen size:  1280 x 800
INFO:     > Render size:  1280 x 800
INFO:     > Viewport offsets: 0, 0
INFO: GLAD: OpenGL extensions loaded successfully
INFO: GL: Supported extensions count: 229
INFO: GL: OpenGL device information:
INFO:     > Vendor:   Mesa
INFO:     > Renderer: llvmpipe (LLVM 20.1.2, 256 bits)
INFO:     > Version:  4.5 (Core Profile) Mesa 25.2.8-0ubuntu0.24.04.2
INFO:     > GLSL:     4.50
INFO: GL: VAO extension detected, VAO functions loaded successfully
INFO: GL: NPOT textures extension detected, full NPOT textures supported
INFO: GL: DXT compressed textures supported
INFO: GL: ETC2/EAC compressed textures supported
INFO: PLATFORM: DESKTOP (GLFW - X11): Initialized successfully
INFO: TEXTURE: [ID 1] Texture loaded successfully (1x1 | R8G8B8A8 | 1 mipmaps)
INFO: TEXTURE: [ID 1] Default texture loaded successfully
INFO: SHADER: [ID 1] Vertex shader compiled successfully
INFO: SHADER: [ID 2] Fragment shader compiled successfully
INFO: SHADER: [ID 3] Program shader loaded successfully
INFO: SHADER: [ID 3] Default shader loaded successfully
INFO: RLGL: Render batch vertex buffers loaded successfully in RAM (CPU)
INFO: RLGL: Render batch vertex buffers loaded successfully in VRAM (GPU)
INFO: RLGL: Default OpenGL state initialized successfully
INFO: TEXTURE: [ID 2] Texture loaded successfully (128x128 | GRAY_ALPHA | 1 mipmaps)
INFO: FONT: Default font loaded successfully (224 glyphs)
INFO: SYSTEM: Working Directory: /home/user/wt/x2
INFO: TIMER: Target time per frame: 0.000 milliseconds
FINALE-KIT: Syndicate
WAVE: +2 (DRONE,SAPPER) [rich]
WAVE: +2 (SPOTTER,GRUNT) [rich]
WAVE: +2 (SAPPER,SPOTTER) [rich]
FINALE-KIT: Syndicate
WAVE: +2 (DRONE,SPOTTER) [rich]
WAVE: +2 (GRUNT,SPOTTER) [rich]
WAVE: +2 (SHIELD,DRONE) [rich]
FINALE-KIT: Wardens
WAVE: +3 (SNIPER,MORTAR,SCOUT) [rich]
WAVE: +3 (SNIPER,SNIPER,GRUNT) [rich]
FINALE-KIT: Wardens
REINFORCEMENTS: +2 (SCOUT,GRUNT)
FINALE-KIT: Wardens
WAVE: +3 (GRUNT,MEDIC,GRUNT) [rich]
WAVE: +3 (GRUNT,MEDIC,GRUNT) [rich]
WAVE: +3 (MORTAR,SCOUT,SNIPER) [rich]
match 5/20  (W:2 L:3 cap:0)  72.1s
FINALE-KIT: Wardens
WAVE: +3 (MORTAR,MEDIC,MORTAR) [rich]
WAVE: +3 (PIKEMAN,SCOUT,SNIPER) [rich]
WAVE: +3 (MORTAR,MEDIC,MEDIC) [rich]
REINFORCEMENTS: +2 (SCOUT,GRUNT)
FINALE-KIT: Legion
WAVE: +3 (SCREENER,DRONE,SHIELD) [rich]
WAVE: +3 (SCREENER,DRONE,DRONE) [rich]
WAVE: +3 (CUSTODIAN,SHIELD,SAPPER) [rich]
FINALE-KIT: Legion
REINFORCEMENTS: +2 (GRUNT,SCOUT)
REINFORCEMENTS: +2 (SCOUT,SCOUT)
FINALE-KIT: Legion
REINFORCEMENTS: +2 (GRUNT,SCOUT)
REINFORCEMENTS: +2 (SCOUT,SCOUT)
REINFORCEMENTS: +3 (SCOUT,SCOUT,GRUNT)
FINALE-KIT: Legion
REINFORCEMENTS: +2 (GRUNT,SCOUT)
REINFORCEMENTS: +2 (SCOUT,GRUNT)
match 10/20  (W:3 L:7 cap:0)  142.4s
FINALE-KIT: Legion
REINFORCEMENTS: +2 (SCOUT,SCOUT)
REINFORCEMENTS: +2 (GRUNT,GRUNT)
REINFORCEMENTS: +3 (GRUNT,GRUNT,GRUNT)
FINALE-KIT: Legion
REINFORCEMENTS: +2 (GRUNT,GRUNT)
REINFORCEMENTS: +2 (SCOUT,SCOUT)
REINFORCEMENTS: +3 (GRUNT,GRUNT,GRUNT)
FINALE-KIT: Wardens
FINALE-KIT: Wardens
FINALE-KIT: Wardens
match 15/20  (W:4 L:11 cap:0)  177.0s
FINALE-KIT: Wardens
FINALE-KIT: Wardens
WAVE: +3 (PIKEMAN,GRUNT,PIKEMAN) [rich]
WAVE: +3 (GRUNT,MEDIC,PIKEMAN) [rich]
WAVE: +3 (GRUNT,GRUNT,SCREENER) [rich]
FINALE-KIT: Wardens
WAVE: +3 (SNIPER,SNIPER,SNIPER) [rich]
WAVE: +3 (MEDIC,SNIPER,MORTAR) [rich]
WAVE: +3 (MORTAR,MORTAR,SNIPER) [rich]
WAVE: +3 (MORTAR,PIKEMAN,SCOUT) [rich]
WAVE: +3 (MORTAR,SCREENER,SNIPER) [rich]
WAVE: +3 (MORTAR,MORTAR,SCOUT) [rich]
FINALE-KIT: Legion
WAVE: +2 (SCOUT,SNIPER) [rich]
WAVE: +2 (SNIPER,SCREENER) [rich]
WAVE: +2 (PIKEMAN,SCOUT) [rich]
WAVE: +2 (GRUNT,SCREENER) [rich]
WAVE: +2 (PIKEMAN,MORTAR) [rich]
FINALE-KIT: Legion
WAVE: +2 (SCREENER,PIKEMAN) [rich]
WAVE: +2 (MORTAR,GRUNT) [rich]
WAVE: +2 (GRUNT,GRUNT) [rich]
match 20/20  (W:7 L:13 cap:0)  261.3s

══════════════════════ SIGHTLINE BALANCE REPORT ══════════════════════
runs=20  missions=57

RUN OUTCOMES (campaign):  win-rate   35%   avg missions cleared 3.0

POLICY GAP (optimal vs human-error; campaign runs only):
  greedy win-rate   50%  (n=10)
  sloppy win-rate   20%  (n=10)
  GAP   30 pts  (swingy/unforgiving)
  PAIRED (same-seed slots): pairs=10  concordant=5  discordant greedy-only-won=4 / sloppy-only-won=1  paired gap   30 pts
  PER-SLOT RECORDS (greedy | sloppy: outcome + missions cleared; margin = g−s):
    slot   0 @h2: L 1 | W 6   margin -5
    slot   1 @h2: W 6 | L 0   margin +6
    slot   2 @h2: L 4 | L 5   margin -1
    slot   3 @h2: W 6 | L 0   margin +6
    slot   4 @h2: L 0 | L 0   margin +0
    slot   5 @h2: L 0 | L 0   margin +0
    slot   6 @h2: L 0 | L 0   margin +0
    slot   7 @h2: W 6 | L 5   margin +1
    slot   8 @h2: W 6 | L 3   margin +3
    slot   9 @h2: W 6 | W 6   margin +0
  PAIRED MARGIN (missions cleared, all pairs): +1.00 ±1.04 SE  (n=10 pairs)
  by objective (greedy / sloppy / gap):
    Decapitate :   83% /   60% / gap   23
    Defend     :   83% /   75% / gap    8
    Eliminate  :   70% /   50% / gap   20
    Escort     :  100% /  100% / gap    0
    Evac       :  100% /  100% / gap    0
    Hack       :  100% /  100% / gap    0
    Rescue     :  100% /  100% / gap    0

DECISION RICHNESS / SWING:
  meaningful-choices/turn 2.70   lead-swings/match 0.6   avg max-swing 43.2
  [shot-gate] acting-soldiers/turn 3.33   armed-soldiers/turn 1.48   armed-fraction 44%   turns-with-a-shot 65%   choices/ARMED-soldier-turn 1.83
  [choice-split] los-targets/ARMED 2.60   target-choices/ARMED 0.41   position-choices/ARMED 1.42

RUN COMPLETION BY HEAT (full-campaign clears):
  heat 2:   35% ±11  (n=20 runs, avg 3.0 missions)

INTEL ECONOMY BY HEAT (campaign runs; heat-bonus = the Heat.IntelBonus share of income):
  heat 2: earned  106.5/run   heat-bonus  14.8 (  14% of income)   spent   97.6   unspent    8.9

MISSION WIN-RATE BY HEAT:
  heat 2:   77%  (n=57, avg 5.6 turns)

MISSION WIN-RATE BY OBJECTIVE:
  Eliminate  :   60% ±11  (n=20, avg 5.9 turns)
  Decapitate :   73% ±13  (n=11, avg 4.5 turns)
  Defend     :   80% ±13  (n=10, avg 8.8 turns)
  Escort     :  100% ±0  (n=6, avg 4.2 turns)
  Hack       :  100% ±0  (n=5, avg 2.8 turns)
  Rescue     :  100% ±0  (n=3, avg 3.0 turns)
  Evac       :  100% ±0  (n=2, avg 8.5 turns)

MISSION WIN-RATE BY MISSION #:
  m1:   60% ±11  (n=20)
  m2:   67% ±27  (n=3)
  m3:  100% ±0  (n=8)
  m4:   90% ±9  (n=10)
  m5:   86% ±13  (n=7)
  m6:   78% ±14  (n=9)

LOSS CAUSES (missions):
  RUN OVER              : 13

MISSION WIN-RATE BY ARENA (authored layouts, n>=3; procedural fallback   32% of 57 missions):
  arena  2:  100% ±0  (n=3, avg 3.0 turns)  [m5:100%(2) m6:100%(1)]
  arena 14:  100% ±0  (n=6, avg 3.3 turns)  [m1:100%(6)]
  arena 27:   80% ±18  (n=5, avg 5.8 turns)  [m4:75%(4) m5:100%(1)]
  arena 33:   75% ±22  (n=4, avg 4.5 turns)  [m2:0%(1) m3:100%(2) m6:100%(1)]
  procedural:   67% ±11  (n=18, avg 7.7 turns)  [m1:33%(6) m2:100%(1) m3:100%(6) m4:100%(1) m5:0%(1) m6:67%(3)]

DEPLOYMENT GEOMETRY (opening shape; choices/ARMED is the wave's real gate):
  FRONTAL   :   76% ±9  (n=21, avg 5.3 turns)  choices/turn 3.62  choices/ARMED 1.94  los-targets/ARMED 2.94
  PINCER    :   73% ±9  (n=22, avg 5.9 turns)  choices/turn 2.33  choices/ARMED 1.83  los-targets/ARMED 2.41
  CROSSFIRE :   75% ±15  (n=8, avg 6.3 turns)  choices/turn 1.61  choices/ARMED 1.45  los-targets/ARMED 2.16
  ENVELOP   :  100% ±0  (n=6, avg 5.0 turns)  choices/turn 2.61  choices/ARMED 1.74  los-targets/ARMED 2.17

ARENA FUNNEL (Mission.Build exits, n=62 builds, all modes):
  authored-applied    :  69.4%  (n=43)
  connectivity-reject :   0.0%  (n=0)
  procedural-roll     :  30.6%  (n=19)

DECK EXPOSURE (campaign runs n=20):
  distinct authored arenas/run : 1.95 mean (all runs)
  ... full-depth runs only     : 3.00 mean over 4.4 fights/run (n=7)
  Defend dealt on the route    :   50% of runs (n=10)

ACTION MIX (verbs issued, by policy):
  verb                  greedy        sloppy
  MOVE               355   41%     404   46%
  SHOOT              216   25%     197   22%
  HUNKER              53    6%      83    9%
  FOCUS               40    5%      22    2%
  BRACE               30    3%      23    3%
  RELOAD              33    4%      17    2%
  INTEL               26    3%      23    3%
  OVERWATCH           29    3%      19    2%
  SLIPSTREAM          18    2%      18    2%
  STABILIZE           11    1%      23    3%
  MARK                12    1%       9    1%
  PIN                 11    1%       7    1%
  ITEM:SMOKE          10    1%       8    1%
  GRENADE              4    0%       7    1%
  HACK                 6    1%       5    1%
  BEACON               5    1%       4    0%
  REARM                2    0%       5    1%
  EXTRACT              5    1%       2    0%
  BARREL               5    1%       0    0%
  PATCH                2    0%       3    0%
  GRAPPLE              1    0%       2    0%
  ITEM:INCENDIARY       0    0%       1    0%

PLAYER CLASS PERFORMANCE:
  class        shots   hit%   dmg   kills
  SHARPSHOOTER    103    90%    690     44
  GUNNER         136    85%    621     51
  ASSAULT         90    87%    419     20
  RANGER          69    83%    403     24
  CORPSMAN        36    89%    139      6

SOLDIER DEATHS BY ENEMY CLASS (threat ranking):
  GRUNT      : 26
  SCOUT      : 12
  SNIPER     : 8
  MORTAR     : 6
  ELITE      : 6
  SAPPER     : 4
  SCREENER   : 3
  PIKEMAN    : 3
  LANCER     : 3
  WARBRINGER : 3
  BURN       : 2
  STRIKE     : 2
  TURRET     : 1

SOLDIER DOWNS (FUL-7 bleed-out): 133 downs -> revived 2 / recovered 31 / bled out 87 / finished 13  (save-rate   25%)
  corpsman fielded in 20 missions

ENEMY COMPOSITION (spawns; faction-stamped fights n=321 / default-cascade fights n=197):
  class        faction         default
  GRUNT           27    8%       66   34%
  SCOUT           16    5%       68   35%
  SAPPER          25    8%        7    4%
  SNIPER          27    8%        4    2%
  DRONE           27    8%        3    2%
  MORTAR          30    9%        0    0%
  SCREENER        29    9%        0    0%
  ELITE           19    6%        8    4%
  MEDIC           19    6%        7    4%
  TURRET          16    5%        4    2%
  LANCER           7    2%        9    5%
  PIKEMAN         13    4%        2    1%
  SPOTTER          6    2%        8    4%
  BERSERKER       12    4%        2    1%
  CUSTODIAN       13    4%        0    0%
  BRUISER         12    4%        0    0%
  SHIELD           8    2%        3    2%
  STRIKER          2    1%        5    3%
  WARBRINGER       5    2%        0    0%
  HOUND            4    1%        0    0%
  BOMBARD          2    1%        1    1%
  HUNTER           2    1%        0    0%

PERK PICK FREQUENCY:
  MRK           : 11
  GUN           : 10
  BRK           : 9
  BND           : 7
  FST           : 7
  LCK           : 6
  EXC           : 6
  OUT           : 6
  HRD           : 6
  TNK           : 6
  PLT           : 5
  SKR           : 5
  RFX           : 4
  CLH           : 4
  MOM           : 4
  GRD           : 3
  CQB           : 3
  SGE           : 2
  VNT           : 2

SHOP PURCHASE FREQUENCY:
  WPN: SCOPE        : 42
  FIELD MEDKIT      : 34
  WPN: HOLLOW POINT : 30
  BALLISTIC PLATING : 13
  COMBAT STIMS      : 12
  WPN: STABILIZER   : 11
  COUNTER-PREP      : 8
  ARMORY            : 7
  WPN: SUPPRESSOR   : 6
  ADV. TRAINING     : 6
  WPN: BIPOD        : 5
  FRAG CACHE        : 3
  WPN: EXTENDED MAG : 2

BOON PICK FREQUENCY (PROCS = effect fires at instrumented sites; '-' = not instrumented;
                      PYR counts the +2-turn-burn half only — the Burning-immunity half is uninstrumented):
  code                 picks   PROCS
  GHO               :     5       -
  FVR               :     4       -
  GRN               :     4       -
  EXE               :     3       -
  FST               :     3      33
  MRK               :     3       -
  PYR               :     3       1
  RPD               :     3       -
  FDR               :     2       0
  SHK               :     2       1
  VNM               :     2       -
  FRT               :     1       -
  RCL               :     1       0
  SCV               :     1       -

RUN WIN-RATE BY BOON (campaign runs holding it):
  GHO               :   40% ±22  (in 5 runs)
  FVR               :   75% ±22  (in 4 runs)
  GRN               :   50% ±25  (in 4 runs)
  EXE               :   67% ±27  (in 3 runs)
  FST               :   67% ±27  (in 3 runs)
  MRK               :   67% ±27  (in 3 runs)
  PYR               :   33% ±27  (in 3 runs)
  RPD               :  100% ±0  (in 3 runs)
  FDR               :   50% ±35  (in 2 runs)
  SHK               :  100% ±0  (in 2 runs)
  VNM               :   50% ±35  (in 2 runs)
  FRT               :  100% ±0  (in 1 runs)
  RCL               :  100% ±0  (in 1 runs)
  SCV               :  100% ±0  (in 1 runs)

RUN WIN-RATE BY SPEC (campaign runs fielding it):
  HHT               :  100% ±0  (in 3 runs)
  JUG               :  100% ±0  (in 3 runs)
  SNT               :   33% ±27  (in 3 runs)
  ADN               :   50% ±35  (in 2 runs)
  BRC               :    0% ±0  (in 1 runs)
  MED               :    0% ±0  (in 1 runs)
  PHN               :  100% ±0  (in 1 runs)
  SRG               :  100% ±0  (in 1 runs)

RUN WIN-RATE BY PERK (campaign runs holding it):
  MRK               :   56% ±17  (in 9 runs)
  GUN               :   63% ±17  (in 8 runs)
  BRK               :   83% ±15  (in 6 runs)
  LCK               :   67% ±19  (in 6 runs)
  BND               :   80% ±18  (in 5 runs)
  EXC               :   40% ±22  (in 5 runs)
  FST               :   40% ±22  (in 5 runs)
  OUT               :   60% ±22  (in 5 runs)
  PLT               :   40% ±22  (in 5 runs)
  TNK               :   80% ±18  (in 5 runs)
  SKR               :   75% ±22  (in 4 runs)
  CLH               :    0% ±0  (in 3 runs)
  CQB               :   33% ±27  (in 3 runs)
  GRD               :   33% ±27  (in 3 runs)
  HRD               :  100% ±0  (in 3 runs)
  MOM               :  100% ±0  (in 3 runs)
  RFX               :   67% ±27  (in 3 runs)
  SGE               :  100% ±0  (in 2 runs)
  VNT               :   50% ±35  (in 2 runs)

RUN WIN-RATE BY PURCHASE (campaign runs buying it):
  FIELD MEDKIT      :   70% ±14  (in 10 runs)
  WPN: HOLLOW POINT :   78% ±14  (in 9 runs)
  WPN: SCOPE        :   44% ±17  (in 9 runs)
  COMBAT STIMS      :   50% ±18  (in 8 runs)
  COUNTER-PREP      :   57% ±19  (in 7 runs)
  BALLISTIC PLATING :   67% ±19  (in 6 runs)
  ARMORY            :   60% ±22  (in 5 runs)
  WPN: STABILIZER   :  100% ±0  (in 5 runs)
  WPN: SUPPRESSOR   :   80% ±18  (in 5 runs)
  ADV. TRAINING     :  100% ±0  (in 4 runs)
  WPN: BIPOD        :   75% ±22  (in 4 runs)
  FRAG CACHE        :   67% ±27  (in 3 runs)
  WPN: EXTENDED MAG :  100% ±0  (in 2 runs)

RUN WIN-RATE BY EVENT-CHOICE (campaign runs taking id:arm):
  bloodfeud:0       :  100% ±0  (in 2 runs)
  cache:1           :  100% ±0  (in 2 runs)
  defector:0        :   50% ±35  (in 2 runs)
  depot:0           :   50% ±35  (in 2 runs)
  drill:0           :   50% ±35  (in 2 runs)
  grave:1           :    0% ±0  (in 2 runs)
  warchest:1        :  100% ±0  (in 2 runs)
  defector:1        :  100% ±0  (in 1 runs)
  warpension:1      :  100% ±0  (in 1 runs)
═══════════════════════════════════════════════════════════════════════

batch wall-time: 261.3s  (20 matches across 10 campaigns × 2 policy, frame-cap hits: 0)
aggregate JSON -> /home/user/wt/x2/docs/measurements/x2/R0-h2-b0.json
INFO: TEXTURE: [ID 2] Unloaded texture data from VRAM (GPU)
INFO: SHADER: [ID 3] Default shader unloaded successfully
INFO: TEXTURE: [ID 1] Default texture unloaded successfully
INFO: Window closed successfully
