INFO: Initializing raylib 6.0
INFO: Platform backend: DESKTOP (GLFW)
INFO: Supported raylib modules:
INFO:     > rcore:..... loaded (mandatory)
INFO:     > rlgl:...... loaded (mandatory)
INFO:     > rshapes:... loaded (optional)
INFO:     > rtextures:. loaded (optional)
INFO:     > rtext:..... loaded (optional)
INFO:     > rmodels:... loaded (optional)
INFO:     > raudio:.... loaded (optional)
INFO: DISPLAY: Trying to enable MSAA x4
INFO: DISPLAY: Device initialized successfully 
INFO:     > Display size: 1280 x 800
INFO:     > Screen size:  1280 x 800
INFO:     > Render size:  1280 x 800
INFO:     > Viewport offsets: 0, 0
INFO: GLAD: OpenGL extensions loaded successfully
INFO: GL: Supported extensions count: 229
INFO: GL: OpenGL device information:
INFO:     > Vendor:   Mesa
INFO:     > Renderer: llvmpipe (LLVM 20.1.2, 256 bits)
INFO:     > Version:  4.5 (Core Profile) Mesa 25.2.8-0ubuntu0.24.04.2
INFO:     > GLSL:     4.50
INFO: GL: VAO extension detected, VAO functions loaded successfully
INFO: GL: NPOT textures extension detected, full NPOT textures supported
INFO: GL: DXT compressed textures supported
INFO: GL: ETC2/EAC compressed textures supported
INFO: PLATFORM: DESKTOP (GLFW - X11): Initialized successfully
INFO: TEXTURE: [ID 1] Texture loaded successfully (1x1 | R8G8B8A8 | 1 mipmaps)
INFO: TEXTURE: [ID 1] Default texture loaded successfully
INFO: SHADER: [ID 1] Vertex shader compiled successfully
INFO: SHADER: [ID 2] Fragment shader compiled successfully
INFO: SHADER: [ID 3] Program shader loaded successfully
INFO: SHADER: [ID 3] Default shader loaded successfully
INFO: RLGL: Render batch vertex buffers loaded successfully in RAM (CPU)
INFO: RLGL: Render batch vertex buffers loaded successfully in VRAM (GPU)
INFO: RLGL: Default OpenGL state initialized successfully
INFO: TEXTURE: [ID 2] Texture loaded successfully (128x128 | GRAY_ALPHA | 1 mipmaps)
INFO: FONT: Default font loaded successfully (224 glyphs)
INFO: SYSTEM: Working Directory: /home/user/wt/x2
INFO: TIMER: Target time per frame: 0.000 milliseconds
FINALE-KIT: Syndicate
WAVE: +2 (SHIELD,GRUNT) [rich]
WAVE: +2 (SPOTTER,SAPPER) [rich]
WAVE: +2 (SHIELD,SAPPER) [rich]
FINALE-KIT: Syndicate
WAVE: +2 (GRUNT,SAPPER) [rich]
WAVE: +2 (GRUNT,SAPPER) [rich]
WAVE: +2 (SHIELD,SHIELD) [rich]
FINALE-KIT: Wardens
WAVE: +3 (SCREENER,GRUNT,GRUNT) [rich]
WAVE: +3 (GRUNT,SNIPER,MORTAR) [rich]
WAVE: +3 (SCREENER,GRUNT,MEDIC) [rich]
REINFORCEMENTS: +2 (GRUNT,SCOUT)
FINALE-KIT: Wardens
WAVE: +3 (MEDIC,SCREENER,CUSTODIAN) [rich]
WAVE: +3 (MORTAR,MORTAR,CUSTODIAN) [rich]
WAVE: +3 (CUSTODIAN,SNIPER,GRUNT) [rich]
FINALE-KIT: Wardens
WAVE: +3 (MEDIC,GRUNT,CUSTODIAN) [rich]
WAVE: +3 (SNIPER,SNIPER,SNIPER) [rich]
WAVE: +3 (SCREENER,SCREENER,SCREENER) [rich]
match 5/20  (W:5 L:0 cap:0)  69.3s
FINALE-KIT: Wardens
WAVE: +3 (GRUNT,SCREENER,GRUNT) [rich]
WAVE: +3 (MEDIC,PIKEMAN,SCOUT) [rich]
WAVE: +3 (GRUNT,GRUNT,GRUNT) [rich]
FINALE-KIT: Legion
WAVE: +3 (SAPPER,SAPPER,DRONE) [rich]
WAVE: +3 (SHIELD,SAPPER,SHIELD) [rich]
WAVE: +3 (SCREENER,SHIELD,SAPPER) [rich]
FINALE-KIT: Legion
FINALE-KIT: Legion
WAVE: +3 (GRUNT,SCREENER,MEDIC) [rich]
WAVE: +3 (CUSTODIAN,SCOUT,SCOUT) [rich]
WAVE: +3 (SNIPER,MEDIC,SCREENER) [rich]
FINALE-KIT: Legion
WAVE: +3 (GRUNT,SNIPER,GRUNT) [rich]
WAVE: +3 (MEDIC,MEDIC,MEDIC) [rich]
WAVE: +2 (SNIPER,GRUNT) [rich]
REINFORCEMENTS: +2 (GRUNT,GRUNT)
REINFORCEMENTS: +2 (GRUNT,GRUNT)
REINFORCEMENTS: +2 (GRUNT,GRUNT)
REINFORCEMENTS: +3 (SCOUT,GRUNT,SCOUT)
match 10/20  (W:8 L:2 cap:0)  201.8s
FINALE-KIT: Legion
WAVE: +2 (BERSERKER,WARBRINGER) [rich]
WAVE: +2 (HUNTER,BERSERKER) [rich]
WAVE: +2 (BERSERKER,BRUISER) [rich]
FINALE-KIT: Legion
WAVE: +2 (GRUNT,BRUISER) [rich]
WAVE: +2 (WARBRINGER,BERSERKER) [rich]
WAVE: +2 (BERSERKER,BERSERKER) [rich]
FINALE-KIT: Wardens
WAVE: +2 (DRONE,SHIELD) [rich]
WAVE: +2 (SPOTTER,SHIELD) [rich]
WAVE: +2 (SPOTTER,SAPPER) [rich]
FINALE-KIT: Wardens
WAVE: +2 (SAPPER,SAPPER) [rich]
WAVE: +2 (GRUNT,GRUNT) [rich]
WAVE: +2 (SPOTTER,SPOTTER) [rich]
FINALE-KIT: Wardens
match 15/20  (W:13 L:2 cap:0)  296.8s
FINALE-KIT: Wardens
FINALE-KIT: Wardens
WAVE: +3 (SNIPER,GRUNT,SNIPER) [rich]
WAVE: +3 (MORTAR,MEDIC,GRUNT) [rich]
WAVE: +3 (MEDIC,CUSTODIAN,MORTAR) [rich]
FINALE-KIT: Wardens
FINALE-KIT: Legion
WAVE: +2 (GRUNT,SNIPER) [rich]
WAVE: +2 (MORTAR,MEDIC) [rich]
WAVE: +2 (GRUNT,MEDIC) [rich]
REINFORCEMENTS: +2 (SCOUT,GRUNT)
FINALE-KIT: Legion
WAVE: +2 (GRUNT,SNIPER) [rich]
WAVE: +2 (CUSTODIAN,MORTAR) [rich]
WAVE: +2 (SCOUT,SCREENER) [rich]
match 20/20  (W:17 L:3 cap:0)  395.2s

══════════════════════ SIGHTLINE BALANCE REPORT ══════════════════════
runs=20  missions=87

RUN OUTCOMES (campaign):  win-rate   85%   avg missions cleared 5.6

POLICY GAP (optimal vs human-error; campaign runs only):
  greedy win-rate  100%  (n=10)
  sloppy win-rate   70%  (n=10)
  GAP   30 pts  (swingy/unforgiving)
  PAIRED (same-seed slots): pairs=10  concordant=7  discordant greedy-only-won=3 / sloppy-only-won=0  paired gap   30 pts
  PER-SLOT RECORDS (greedy | sloppy: outcome + missions cleared; margin = g−s):
    slot   0 @h-1: W 6 | W 6   margin +0
    slot   1 @h-1: W 6 | W 6   margin +0
    slot   2 @h-1: W 6 | W 6   margin +0
    slot   3 @h-1: W 6 | L 2   margin +4
    slot   4 @h-1: W 6 | L 5   margin +1
    slot   5 @h-1: W 6 | W 6   margin +0
    slot   6 @h-1: W 6 | W 6   margin +0
    slot   7 @h-1: W 6 | W 6   margin +0
    slot   8 @h-1: W 6 | L 2   margin +4
    slot   9 @h-1: W 6 | W 6   margin +0
  PAIRED MARGIN (missions cleared, all pairs): +0.90 ±0.53 SE  (n=10 pairs)
  by objective (greedy / sloppy / gap):
    Decapitate :  100% /   89% / gap   11
    Defend     :  100% /  100% / gap    0
    Eliminate  :  100% /  100% / gap    0
    Escort     :  100% /   60% / gap   40
    Evac       :  100% /  100% / gap    0
    Hack       :  100% /  100% / gap    0
    Rescue     :  100% /  100% / gap    0
    Sabotage   :  100% /  100% / gap    0

DECISION RICHNESS / SWING:
  meaningful-choices/turn 2.41   lead-swings/match 0.7   avg max-swing 40.9
  [shot-gate] acting-soldiers/turn 3.88   armed-soldiers/turn 1.67   armed-fraction 43%   turns-with-a-shot 62%   choices/ARMED-soldier-turn 1.45
  [choice-split] los-targets/ARMED 2.29   target-choices/ARMED 0.22   position-choices/ARMED 1.23

RUN COMPLETION BY HEAT (full-campaign clears):
  heat -1:   85% ±8  (n=20 runs, avg 5.6 missions)

INTEL ECONOMY BY HEAT (campaign runs; heat-bonus = the Heat.IntelBonus share of income):
  heat -1: earned  150.1/run   heat-bonus   0.0 (   0% of income)   spent  139.5   unspent   10.6

MISSION WIN-RATE BY HEAT:
  heat -1:   97%  (n=87, avg 5.9 turns)

MISSION WIN-RATE BY OBJECTIVE:
  Eliminate  :  100% ±0  (n=22, avg 3.0 turns)
  Decapitate :   95% ±5  (n=20, avg 3.6 turns)
  Defend     :  100% ±0  (n=16, avg 9.0 turns)
  Escort     :   80% ±13  (n=10, avg 15.0 turns)
  Hack       :  100% ±0  (n=8, avg 3.5 turns)
  Evac       :  100% ±0  (n=6, avg 4.2 turns)
  Rescue     :  100% ±0  (n=3, avg 8.3 turns)
  Sabotage   :  100% ±0  (n=2, avg 3.0 turns)

MISSION WIN-RATE BY MISSION #:
  m1:  100% ±0  (n=20)
  m2:  100% ±0  (n=6)
  m3:   86% ±9  (n=14)
  m4:  100% ±0  (n=16)
  m5:  100% ±0  (n=13)
  m6:   94% ±5  (n=18)

LOSS CAUSES (missions):
  STALEMATE             : 1
  RUN OVER              : 1
  VIP LOST              : 1

MISSION WIN-RATE BY ARENA (authored layouts, n>=3; procedural fallback   18% of 87 missions):
  arena  4:  100% ±0  (n=3, avg 5.3 turns)  [m1:100%(2) m3:100%(1)]
  arena  5:  100% ±0  (n=4, avg 2.5 turns)  [m6:100%(4)]
  arena  7:  100% ±0  (n=3, avg 6.3 turns)  [m4:100%(1) m5:100%(2)]
  arena 11:  100% ±0  (n=5, avg 9.0 turns)  [m2:100%(2) m4:100%(3)]
  arena 14:  100% ±0  (n=7, avg 2.7 turns)  [m1:100%(6) m6:100%(1)]
  arena 16:  100% ±0  (n=3, avg 6.7 turns)  [m5:100%(2) m6:100%(1)]
  arena 27:  100% ±0  (n=3, avg 3.7 turns)  [m4:100%(2) m5:100%(1)]
  arena 28:   86% ±13  (n=7, avg 15.1 turns)  [m3:50%(2) m4:100%(2) m5:100%(2) m6:100%(1)]
  arena 31:  100% ±0  (n=3, avg 7.7 turns)  [m1:100%(2) m3:100%(1)]
  arena 33:  100% ±0  (n=8, avg 5.5 turns)  [m1:100%(2) m2:100%(1) m3:100%(2) m4:100%(2) m6:100%(1)]
  procedural:   94% ±6  (n=16, avg 7.3 turns)  [m1:100%(2) m2:100%(1) m3:75%(4) m4:100%(2) m5:100%(2) m6:100%(5)]

DEPLOYMENT GEOMETRY (opening shape; choices/ARMED is the wave's real gate):
  FRONTAL   :   97%  (n=37, avg 5.6 turns)  choices/turn 3.40  choices/ARMED 1.38  los-targets/ARMED 2.55
  PINCER    :   94%  (n=32, avg 7.2 turns)  choices/turn 1.57  choices/ARMED 1.54  los-targets/ARMED 1.80
  CROSSFIRE :  100% ±0  (n=12, avg 4.4 turns)  choices/turn 1.84  choices/ARMED 1.46  los-targets/ARMED 2.38
  ENVELOP   :  100% ±0  (n=6, avg 4.5 turns)  choices/turn 2.84  choices/ARMED 1.65  los-targets/ARMED 1.60

ARENA FUNNEL (Mission.Build exits, n=89 builds, all modes):
  authored-applied    :  82.0%  (n=73)
  connectivity-reject :   0.0%  (n=0)
  procedural-roll     :  18.0%  (n=16)

DECK EXPOSURE (campaign runs n=20):
  distinct authored arenas/run : 3.55 mean (all runs)
  ... full-depth runs only     : 3.71 mean over 4.5 fights/run (n=17)
  Defend dealt on the route    :   80% of runs (n=16)

ACTION MIX (verbs issued, by policy):
  verb                  greedy        sloppy
  MOVE               615   40%     792   45%
  SHOOT              329   21%     323   19%
  HUNKER             260   17%     325   19%
  BRACE               58    4%      37    2%
  RELOAD              37    2%      37    2%
  FOCUS               38    2%      34    2%
  INTEL               37    2%      32    2%
  OVERWATCH           18    1%      43    2%
  SLIPSTREAM          33    2%      19    1%
  STABILIZE           20    1%      15    1%
  MARK                14    1%      15    1%
  ITEM:SMOKE          16    1%       9    1%
  BEACON               9    1%       8    0%
  HACK                 9    1%       8    0%
  PIN                  9    1%       7    0%
  REARM                8    1%       6    0%
  DRAG                 2    0%      12    1%
  EXTRACT              8    1%       5    0%
  GRAPPLE              5    0%       3    0%
  PLANT                3    0%       3    0%
  GRENADE              0    0%       5    0%
  PATCH                2    0%       2    0%
  BARREL               2    0%       2    0%
  ITEM:INCENDIARY       0    0%       2    0%

PLAYER CLASS PERFORMANCE:
  class        shots   hit%   dmg   kills
  SHARPSHOOTER    178    92%   1183     68
  RANGER         165    90%    961     57
  GUNNER         173    88%    824     51
  ASSAULT        165    87%    725     49
  CORPSMAN        32    91%     85      5

SOLDIER DEATHS BY ENEMY CLASS (threat ranking):
  GRUNT      : 8
  SNIPER     : 7
  ELITE      : 5
  MORTAR     : 3
  BRUISER    : 3
  STRIKE     : 2
  MEDIC      : 1
  SAPPER     : 1
  CUSTODIAN  : 1
  LANCER     : 1
  BURN       : 1
  TURRET     : 1
  DRONE      : 1

SOLDIER DOWNS (FUL-7 bleed-out): 111 downs -> revived 2 / recovered 63 / bled out 35 / finished 7  (save-rate   62%)
  corpsman fielded in 20 missions

ENEMY COMPOSITION (spawns; faction-stamped fights n=406 / default-cascade fights n=160):
  class        faction         default
  GRUNT           45   11%       43   27%
  SCOUT           11    3%       40   25%
  ELITE           36    9%       10    6%
  SNIPER          24    6%       13    8%
  MORTAR          24    6%       10    6%
  DRONE           29    7%        3    2%
  SHIELD          30    7%        2    1%
  MEDIC           26    6%        5    3%
  SAPPER          22    5%        6    4%
  BERSERKER       16    4%       12    8%
  TURRET          20    5%        5    3%
  LANCER          20    5%        0    0%
  SCREENER        19    5%        0    0%
  BRUISER         15    4%        2    1%
  SPOTTER         14    3%        2    1%
  PIKEMAN         11    3%        2    1%
  CUSTODIAN       12    3%        0    0%
  WARBRINGER      12    3%        0    0%
  HUNTER          12    3%        0    0%
  STRIKER          3    1%        3    2%
  BOMBARD          3    1%        2    1%
  HOUND            2    0%        0    0%

PERK PICK FREQUENCY:
  GUN           : 19
  OUT           : 13
  BRK           : 13
  LCK           : 12
  CQB           : 12
  SKR           : 12
  FST           : 10
  GRD           : 9
  PLT           : 9
  HRD           : 8
  TNK           : 8
  MOM           : 7
  RFX           : 7
  EXC           : 7
  SGE           : 6
  MRK           : 6
  BND           : 4
  CLH           : 3
  VNT           : 2

SHOP PURCHASE FREQUENCY:
  FIELD MEDKIT      : 64
  WPN: HOLLOW POINT : 36
  COMBAT STIMS      : 33
  WPN: SCOPE        : 32
  WPN: STABILIZER   : 23
  BALLISTIC PLATING : 20
  ARMORY            : 14
  FRAG CACHE        : 13
  ADV. TRAINING     : 12
  COUNTER-PREP      : 11
  WPN: BIPOD        : 10
  WPN: EXTENDED MAG : 8
  WPN: SUPPRESSOR   : 4

BOON PICK FREQUENCY (PROCS = effect fires at instrumented sites; '-' = not instrumented;
                      PYR counts the +2-turn-burn half only — the Burning-immunity half is uninstrumented):
  code                 picks   PROCS
  VNM               :     8       -
  EXE               :     7       -
  GRN               :     6       -
  RPD               :     6       -
  FRT               :     5       -
  SHK               :     5       4
  FDR               :     4       0
  GHO               :     4       -
  PYR               :     4       1
  SCV               :     4       -
  ADR               :     3       -
  FST               :     3      42
  MRK               :     3       -
  TRR               :     3       6
  FVR               :     2       -

RUN WIN-RATE BY BOON (campaign runs holding it):
  VNM               :   88% ±12  (in 8 runs)
  EXE               :   86% ±13  (in 7 runs)
  GRN               :  100% ±0  (in 6 runs)
  RPD               :  100% ±0  (in 6 runs)
  FRT               :   80% ±18  (in 5 runs)
  SHK               :   60% ±22  (in 5 runs)
  FDR               :  100% ±0  (in 4 runs)
  GHO               :  100% ±0  (in 4 runs)
  PYR               :  100% ±0  (in 4 runs)
  SCV               :   75% ±22  (in 4 runs)
  ADR               :  100% ±0  (in 3 runs)
  FST               :  100% ±0  (in 3 runs)
  MRK               :  100% ±0  (in 3 runs)
  TRR               :  100% ±0  (in 3 runs)
  FVR               :   50% ±35  (in 2 runs)

RUN WIN-RATE BY SPEC (campaign runs fielding it):
  SNT               :  100% ±0  (in 7 runs)
  ANC               :  100% ±0  (in 4 runs)
  ADN               :  100% ±0  (in 3 runs)
  HHT               :  100% ±0  (in 3 runs)
  PTH               :  100% ±0  (in 3 runs)
  JUG               :  100% ±0  (in 2 runs)
  PHN               :  100% ±0  (in 2 runs)
  BRC               :    0% ±0  (in 1 runs)

RUN WIN-RATE BY PERK (campaign runs holding it):
  GUN               :   85% ±10  (in 13 runs)
  BRK               :   91% ±9  (in 11 runs)
  CQB               :   91% ±9  (in 11 runs)
  LCK               :   82% ±12  (in 11 runs)
  OUT               :  100% ±0  (in 10 runs)
  FST               :   88% ±12  (in 8 runs)
  PLT               :   88% ±12  (in 8 runs)
  SKR               :   88% ±12  (in 8 runs)
  GRD               :   86% ±13  (in 7 runs)
  HRD               :   86% ±13  (in 7 runs)
  MOM               :   71% ±17  (in 7 runs)
  EXC               :   83% ±15  (in 6 runs)
  RFX               :   83% ±15  (in 6 runs)
  TNK               :  100% ±0  (in 6 runs)
  MRK               :   80% ±18  (in 5 runs)
  SGE               :   80% ±18  (in 5 runs)
  BND               :  100% ±0  (in 4 runs)
  CLH               :  100% ±0  (in 3 runs)
  VNT               :   50% ±35  (in 2 runs)

RUN WIN-RATE BY PURCHASE (campaign runs buying it):
  FIELD MEDKIT      :   85% ±8  (in 20 runs)
  COMBAT STIMS      :   93% ±6  (in 15 runs)
  BALLISTIC PLATING :   83% ±11  (in 12 runs)
  WPN: HOLLOW POINT :  100% ±0  (in 12 runs)
  WPN: STABILIZER   :   91% ±9  (in 11 runs)
  ARMORY            :   80% ±13  (in 10 runs)
  WPN: SCOPE        :   90% ±9  (in 10 runs)
  FRAG CACHE        :  100% ±0  (in 9 runs)
  WPN: BIPOD        :   78% ±14  (in 9 runs)
  COUNTER-PREP      :  100% ±0  (in 8 runs)
  WPN: EXTENDED MAG :  100% ±0  (in 6 runs)
  ADV. TRAINING     :   80% ±18  (in 5 runs)
  WPN: SUPPRESSOR   :  100% ±0  (in 3 runs)

RUN WIN-RATE BY EVENT-CHOICE (campaign runs taking id:arm):
  fieldhospital:2   :  100% ±0  (in 4 runs)
  warchest:1        :  100% ±0  (in 4 runs)
  warpension:1      :  100% ±0  (in 4 runs)
  bloodfeud:0       :  100% ±0  (in 2 runs)
  cache:1           :  100% ±0  (in 2 runs)
  defector:0        :  100% ±0  (in 2 runs)
  depot:0           :   50% ±35  (in 2 runs)
  depot:1           :   50% ±35  (in 2 runs)
  drill:0           :  100% ±0  (in 2 runs)
  grave:1           :  100% ±0  (in 2 runs)
  defector:1        :  100% ±0  (in 1 runs)
═══════════════════════════════════════════════════════════════════════

batch wall-time: 395.2s  (20 matches across 10 campaigns × 2 policy, frame-cap hits: 0)
aggregate JSON -> /home/user/wt/x2/docs/measurements/x2/R0-hR-b0.json
INFO: TEXTURE: [ID 2] Unloaded texture data from VRAM (GPU)
INFO: SHADER: [ID 3] Default shader unloaded successfully
INFO: TEXTURE: [ID 1] Default texture unloaded successfully
INFO: Window closed successfully
