INFO: Initializing raylib 6.0
INFO: Platform backend: DESKTOP (GLFW)
INFO: Supported raylib modules:
INFO:     > rcore:..... loaded (mandatory)
INFO:     > rlgl:...... loaded (mandatory)
INFO:     > rshapes:... loaded (optional)
INFO:     > rtextures:. loaded (optional)
INFO:     > rtext:..... loaded (optional)
INFO:     > rmodels:... loaded (optional)
INFO:     > raudio:.... loaded (optional)
INFO: DISPLAY: Trying to enable MSAA x4
INFO: DISPLAY: Device initialized successfully 
INFO:     > Display size: 1280 x 800
INFO:     > Screen size:  1280 x 800
INFO:     > Render size:  1280 x 800
INFO:     > Viewport offsets: 0, 0
INFO: GLAD: OpenGL extensions loaded successfully
INFO: GL: Supported extensions count: 229
INFO: GL: OpenGL device information:
INFO:     > Vendor:   Mesa
INFO:     > Renderer: llvmpipe (LLVM 20.1.2, 256 bits)
INFO:     > Version:  4.5 (Core Profile) Mesa 25.2.8-0ubuntu0.24.04.2
INFO:     > GLSL:     4.50
INFO: GL: VAO extension detected, VAO functions loaded successfully
INFO: GL: NPOT textures extension detected, full NPOT textures supported
INFO: GL: DXT compressed textures supported
INFO: GL: ETC2/EAC compressed textures supported
INFO: PLATFORM: DESKTOP (GLFW - X11): Initialized successfully
INFO: TEXTURE: [ID 1] Texture loaded successfully (1x1 | R8G8B8A8 | 1 mipmaps)
INFO: TEXTURE: [ID 1] Default texture loaded successfully
INFO: SHADER: [ID 1] Vertex shader compiled successfully
INFO: SHADER: [ID 2] Fragment shader compiled successfully
INFO: SHADER: [ID 3] Program shader loaded successfully
INFO: SHADER: [ID 3] Default shader loaded successfully
INFO: RLGL: Render batch vertex buffers loaded successfully in RAM (CPU)
INFO: RLGL: Render batch vertex buffers loaded successfully in VRAM (GPU)
INFO: RLGL: Default OpenGL state initialized successfully
INFO: TEXTURE: [ID 2] Texture loaded successfully (128x128 | GRAY_ALPHA | 1 mipmaps)
INFO: FONT: Default font loaded successfully (224 glyphs)
INFO: SYSTEM: Working Directory: /home/user/wt/x2
INFO: TIMER: Target time per frame: 0.000 milliseconds
FINALE-KIT: Syndicate
REINFORCEMENTS: +2 (GRUNT,SCOUT)
REINFORCEMENTS: +2 (GRUNT,GRUNT)
REINFORCEMENTS: +2 (SCOUT,GRUNT)
FINALE-KIT: Syndicate
REINFORCEMENTS: +2 (GRUNT,SCOUT)
FINALE-KIT: Syndicate
WAVE: +2 (BRUISER,BRUISER) [rich]
WAVE: +2 (HUNTER,HUNTER) [rich]
WAVE: +2 (LANCER,BERSERKER) [rich]
REINFORCEMENTS: +2 (SCOUT,SCOUT)
REINFORCEMENTS: +2 (SCOUT,SCOUT)
REINFORCEMENTS: +3 (SCOUT,SCOUT,SCOUT)
REINFORCEMENTS: +2 (GRUNT,GRUNT)
REINFORCEMENTS: +2 (GRUNT,GRUNT)
REINFORCEMENTS: +3 (SCOUT,SCOUT,GRUNT)
FINALE-KIT: Syndicate
WAVE: +2 (BRUISER,BRUISER) [rich]
WAVE: +2 (BERSERKER,LANCER) [rich]
WAVE: +2 (GRUNT,BERSERKER) [rich]
REINFORCEMENTS: +2 (GRUNT,SCOUT)
REINFORCEMENTS: +2 (SCOUT,SCOUT)
REINFORCEMENTS: +3 (SCOUT,SCOUT,SCOUT)
FINALE-KIT: Syndicate
WAVE: +2 (HOUND,HUNTER) [rich]
WAVE: +2 (BRUISER,BRUISER) [rich]
WAVE: +2 (STRIKER,GRUNT) [rich]
WAVE: +2 (HOUND,BERSERKER) [rich]
WAVE: +2 (BRUISER,HUNTER) [rich]
WAVE: +2 (HOUND,BERSERKER) [rich]
match 5/20  (W:2 L:3 cap:0)  106.0s
FINALE-KIT: Syndicate
WAVE: +2 (LANCER,BRUISER) [rich]
WAVE: +2 (BERSERKER,BERSERKER) [rich]
WAVE: +2 (STRIKER,HUNTER) [rich]
WAVE: +2 (BERSERKER,HOUND) [rich]
WAVE: +2 (SCOUT,SCOUT) [rich]
WAVE: +2 (GRUNT,HUNTER) [rich]
FINALE-KIT: Wardens
WAVE: +3 (SNIPER,MORTAR,MEDIC) [rich]
WAVE: +3 (GRUNT,SNIPER,CUSTODIAN) [rich]
WAVE: +3 (SNIPER,SCOUT,MEDIC) [rich]
WAVE: +3 (SCREENER,SPOTTER,GRUNT) [rich]
WAVE: +3 (SPOTTER,DRONE,SCREENER) [rich]
WAVE: +3 (SPOTTER,SPOTTER,DRONE) [rich]
FINALE-KIT: Wardens
WAVE: +3 (SNIPER,GRUNT,MEDIC) [rich]
WAVE: +3 (CUSTODIAN,GRUNT,PIKEMAN) [rich]
WAVE: +3 (GRUNT,MORTAR,SNIPER) [rich]
WAVE: +3 (SHIELD,CUSTODIAN,SHIELD) [rich]
WAVE: +3 (CUSTODIAN,SCREENER,SHIELD) [rich]
WAVE: +3 (SAPPER,DRONE,SHIELD) [rich]
REINFORCEMENTS: +2 (GRUNT,SCOUT)
REINFORCEMENTS: +2 (SCOUT,GRUNT)
FINALE-KIT: Syndicate
WAVE: +3 (SCREENER,MEDIC,MORTAR) [rich]
WAVE: +3 (PIKEMAN,SNIPER,CUSTODIAN) [rich]
WAVE: +3 (GRUNT,SCREENER,MORTAR) [rich]
FINALE-KIT: Syndicate
WAVE: +3 (GRUNT,SCREENER,PIKEMAN) [rich]
WAVE: +3 (SNIPER,SCREENER,PIKEMAN) [rich]
WAVE: +3 (PIKEMAN,SCOUT,GRUNT) [rich]
match 10/20  (W:7 L:3 cap:0)  236.4s
FINALE-KIT: Wardens
WAVE: +2 (SCOUT,HUNTER) [rich]
WAVE: +2 (BRUISER,BRUISER) [rich]
WAVE: +2 (BRUISER,BRUISER) [rich]
FINALE-KIT: Wardens
WAVE: +2 (HUNTER,BRUISER) [rich]
WAVE: +2 (SCOUT,STRIKER) [rich]
WAVE: +2 (LANCER,HUNTER) [rich]
FINALE-KIT: Wardens
WAVE: +3 (SNIPER,GRUNT,LANCER) [rich]
WAVE: +3 (BERSERKER,LANCER,SNIPER) [rich]
WAVE: +3 (DRONE,STRIKER,LANCER) [rich]
REINFORCEMENTS: +2 (GRUNT,GRUNT)
REINFORCEMENTS: +2 (SCOUT,SCOUT)
REINFORCEMENTS: +3 (SCOUT,SCOUT,SCOUT)
REINFORCEMENTS: +2 (SCOUT,GRUNT)
FINALE-KIT: Wardens
WAVE: +3 (SNIPER,DRONE,STRIKER) [rich]
WAVE: +3 (SAPPER,HOUND,WARBRINGER) [rich]
WAVE: +3 (HUNTER,STRIKER,SAPPER) [rich]
FINALE-KIT: Wardens
REINFORCEMENTS: +2 (GRUNT,SCOUT)
REINFORCEMENTS: +2 (SCOUT,SCOUT)
match 15/20  (W:10 L:5 cap:0)  346.4s
FINALE-KIT: Wardens
REINFORCEMENTS: +2 (GRUNT,SCOUT)
REINFORCEMENTS: +2 (SCOUT,SCOUT)
REINFORCEMENTS: +3 (GRUNT,SCOUT,SCOUT)
REINFORCEMENTS: +2 (GRUNT,GRUNT)
FINALE-KIT: Wardens
WAVE: +2 (STRIKER,HUNTER) [rich]
WAVE: +2 (BRUISER,STRIKER) [rich]
WAVE: +2 (GRUNT,GRUNT) [rich]
WAVE: +3 (GRUNT,BRUISER,GRUNT) [rich]
WAVE: +3 (HUNTER,BERSERKER,GRUNT) [rich]
WAVE: +3 (BRUISER,HUNTER,BERSERKER) [rich]
FINALE-KIT: Wardens
WAVE: +2 (BRUISER,STRIKER) [rich]
WAVE: +2 (BRUISER,BERSERKER) [rich]
WAVE: +2 (BERSERKER,STRIKER) [rich]
WAVE: +3 (HUNTER,HUNTER,HUNTER) [rich]
WAVE: +3 (HOUND,GRUNT,BRUISER) [rich]
WAVE: +3 (BRUISER,STRIKER,GRUNT) [rich]
FINALE-KIT: Wardens
WAVE: +3 (SHIELD,SAPPER,SHIELD) [rich]
WAVE: +3 (DRONE,SHIELD,SHIELD) [rich]
WAVE: +3 (DRONE,SPOTTER,SAPPER) [rich]
REINFORCEMENTS: +2 (GRUNT,SCOUT)
REINFORCEMENTS: +2 (SCOUT,GRUNT)
REINFORCEMENTS: +2 (SCOUT,SCOUT)
FINALE-KIT: Wardens
WAVE: +3 (GRUNT,SCREENER,GRUNT) [rich]
WAVE: +3 (DRONE,CUSTODIAN,DRONE) [rich]
WAVE: +3 (DRONE,DRONE,DRONE) [rich]
REINFORCEMENTS: +2 (GRUNT,SCOUT)
REINFORCEMENTS: +2 (GRUNT,GRUNT)
match 20/20  (W:13 L:7 cap:0)  463.3s

══════════════════════ SIGHTLINE BALANCE REPORT ══════════════════════
runs=20  missions=88

RUN OUTCOMES (campaign):  win-rate   65%   avg missions cleared 5.1

POLICY GAP (optimal vs human-error; campaign runs only):
  greedy win-rate   50%  (n=10)
  sloppy win-rate   80%  (n=10)
  GAP  -30 pts  (noisy (need more runs))
  PAIRED (same-seed slots): pairs=10  concordant=7  discordant greedy-only-won=0 / sloppy-only-won=3  paired gap  -30 pts
  PER-SLOT RECORDS (greedy | sloppy: outcome + missions cleared; margin = g−s):
    slot  10 @h-1: L 3 | L 3   margin +0
    slot  11 @h-1: L 5 | W 6   margin -1
    slot  12 @h-1: W 6 | W 6   margin +0
    slot  13 @h-1: W 6 | W 6   margin +0
    slot  14 @h-1: W 6 | W 6   margin +0
    slot  15 @h-1: W 6 | W 6   margin +0
    slot  16 @h-1: L 5 | W 6   margin -1
    slot  17 @h-1: L 1 | L 1   margin +0
    slot  18 @h-1: W 6 | W 6   margin +0
    slot  19 @h-1: L 5 | W 6   margin -1
  PAIRED MARGIN (missions cleared, all pairs): -0.30 ±0.15 SE  (n=10 pairs)
  by objective (greedy / sloppy / gap):
    Decapitate :   50% /   80% / gap  -30
    Defend     :  100% /  100% / gap    0
    Eliminate  :  100% /  100% / gap    0
    Escort     :  100% /  100% / gap    0
    Hack       :  100% /  100% / gap    0
    Rescue     :  100% /  100% / gap    0
    Sabotage   :  100% /  100% / gap    0

DECISION RICHNESS / SWING:
  meaningful-choices/turn 2.49   lead-swings/match 0.8   avg max-swing 38.8
  [shot-gate] acting-soldiers/turn 3.60   armed-soldiers/turn 1.55   armed-fraction 43%   turns-with-a-shot 60%   choices/ARMED-soldier-turn 1.60
  [choice-split] los-targets/ARMED 2.03   target-choices/ARMED 0.29   position-choices/ARMED 1.31

RUN COMPLETION BY HEAT (full-campaign clears):
  heat -1:   65% ±11  (n=20 runs, avg 5.1 missions)

INTEL ECONOMY BY HEAT (campaign runs; heat-bonus = the Heat.IntelBonus share of income):
  heat -1: earned  151.4/run   heat-bonus   0.0 (   0% of income)   spent  136.9   unspent   14.5

MISSION WIN-RATE BY HEAT:
  heat -1:   92%  (n=88, avg 5.4 turns)

MISSION WIN-RATE BY OBJECTIVE:
  Eliminate  :  100% ±0  (n=20, avg 3.5 turns)
  Decapitate :   65% ±11  (n=20, avg 5.5 turns)
  Defend     :  100% ±0  (n=20, avg 9.0 turns)
  Escort     :  100% ±0  (n=10, avg 6.4 turns)
  Sabotage   :  100% ±0  (n=10, avg 2.4 turns)
  Hack       :  100% ±0  (n=6, avg 3.8 turns)
  Rescue     :  100% ±0  (n=2, avg 2.5 turns)

MISSION WIN-RATE BY MISSION #:
  m1:  100% ±0  (n=20)
  m2:   83% ±11  (n=12)
  m3:  100% ±0  (n=12)
  m4:   88% ±8  (n=16)
  m5:  100% ±0  (n=12)
  m6:   81% ±10  (n=16)

LOSS CAUSES (missions):
  RUN OVER              : 7

MISSION WIN-RATE BY ARENA (authored layouts, n>=3; procedural fallback   17% of 88 missions):
  arena  5:  100% ±0  (n=4, avg 2.5 turns)  [m1:100%(2) m3:100%(2)]
  arena  6:   67% ±19  (n=6, avg 6.5 turns)  [m2:0%(2) m3:100%(2) m4:100%(2)]
  arena  9:  100% ±0  (n=4, avg 6.5 turns)  [m2:100%(2) m6:100%(2)]
  arena 10:  100% ±0  (n=3, avg 5.7 turns)  [m1:100%(2) m5:100%(1)]
  arena 12:  100% ±0  (n=4, avg 5.8 turns)  [m2:100%(2) m4:100%(2)]
  arena 19:  100% ±0  (n=4, avg 2.0 turns)  [m1:100%(2) m4:100%(2)]
  arena 21:  100% ±0  (n=4, avg 3.8 turns)  [m1:100%(2) m3:100%(2)]
  arena 22:  100% ±0  (n=4, avg 2.8 turns)  [m4:100%(1) m6:100%(3)]
  arena 24:  100% ±0  (n=4, avg 3.5 turns)  [m2:100%(2) m4:100%(2)]
  arena 25:  100% ±0  (n=4, avg 3.5 turns)  [m3:100%(2) m6:100%(2)]
  arena 28:  100% ±0  (n=8, avg 6.9 turns)  [m1:100%(4) m5:100%(4)]
  arena 30:  100% ±0  (n=3, avg 9.3 turns)  [m3:100%(1) m4:100%(2)]
  arena 32:  100% ±0  (n=5, avg 6.2 turns)  [m2:100%(1) m4:100%(2) m5:100%(2)]
  procedural:   93% ±6  (n=15, avg 5.3 turns)  [m1:100%(8) m2:100%(1) m3:100%(2) m4:100%(1) m5:100%(2) m6:0%(1)]

DEPLOYMENT GEOMETRY (opening shape; choices/ARMED is the wave's real gate):
  FRONTAL   :  100%  (n=40, avg 5.7 turns)  choices/turn 3.06  choices/ARMED 1.68  los-targets/ARMED 2.06
  PINCER    :   79% ±8  (n=28, avg 5.1 turns)  choices/turn 2.22  choices/ARMED 1.61  los-targets/ARMED 2.07
  CROSSFIRE :   92% ±8  (n=12, avg 5.2 turns)  choices/turn 1.51  choices/ARMED 1.13  los-targets/ARMED 2.01
  ENVELOP   :  100% ±0  (n=8, avg 5.3 turns)  choices/turn 1.73  choices/ARMED 1.68  los-targets/ARMED 1.46

ARENA FUNNEL (Mission.Build exits, n=100 builds, all modes):
  authored-applied    :  82.0%  (n=82)
  connectivity-reject :   0.0%  (n=0)
  procedural-roll     :  18.0%  (n=18)

DECK EXPOSURE (campaign runs n=20):
  distinct authored arenas/run : 3.65 mean (all runs)
  ... full-depth runs only     : 4.31 mean over 5.1 fights/run (n=13)
  Defend dealt on the route    :   80% of runs (n=16)

ACTION MIX (verbs issued, by policy):
  verb                  greedy        sloppy
  MOVE               685   45%     646   41%
  SHOOT              362   24%     376   24%
  HUNKER              58    4%     163   10%
  BRACE               83    5%      76    5%
  FOCUS               57    4%      29    2%
  RELOAD              42    3%      39    3%
  INTEL               36    2%      40    3%
  STABILIZE           38    2%      37    2%
  OVERWATCH           29    2%      23    1%
  SLIPSTREAM          21    1%      25    2%
  ITEM:SMOKE          20    1%      25    2%
  MARK                20    1%      12    1%
  PLANT               15    1%      15    1%
  PIN                 16    1%      13    1%
  PATCH               15    1%      11    1%
  REARM                6    0%       8    1%
  HACK                 6    0%       6    0%
  BEACON               5    0%       6    0%
  EXTRACT              6    0%       1    0%
  GRENADE              1    0%       6    0%
  GRAPPLE              4    0%       2    0%
  DRAG                 1    0%       0    0%

PLAYER CLASS PERFORMANCE:
  class        shots   hit%   dmg   kills
  GUNNER         238    84%   1012     65
  SHARPSHOOTER    141    91%    950     56
  ASSAULT        210    90%    927     54
  RANGER         120    83%    694     44
  CORPSMAN        77    87%    240     11

SOLDIER DEATHS BY ENEMY CLASS (threat ranking):
  ELITE      : 13
  GRUNT      : 8
  HUNTER     : 6
  SNIPER     : 6
  STRIKE     : 5
  BURN       : 5
  SCOUT      : 5
  BRUISER    : 4
  SAPPER     : 4
  STRIKER    : 2
  WARBRINGER : 2
  BERSERKER  : 1
  LANCER     : 1
  SHIELD     : 1
  BOMBARD    : 1

SOLDIER DOWNS (FUL-7 bleed-out): 204 downs -> revived 12 / recovered 83 / bled out 95 / finished 14  (save-rate   47%)
  corpsman fielded in 46 missions

ENEMY COMPOSITION (spawns; faction-stamped fights n=551 / default-cascade fights n=140):
  class        faction         default
  SCOUT           59   11%       49   35%
  GRUNT           63   11%       39   28%
  SNIPER          41    7%        8    6%
  ELITE           44    8%        4    3%
  BRUISER         42    8%        3    2%
  HUNTER          24    4%       10    7%
  SCREENER        30    5%        3    2%
  MEDIC           32    6%        0    0%
  STRIKER         28    5%        3    2%
  DRONE           22    4%        4    3%
  BERSERKER       24    4%        1    1%
  TURRET          16    3%        6    4%
  MORTAR          21    4%        0    0%
  WARBRINGER      16    3%        2    1%
  PIKEMAN         16    3%        0    0%
  SHIELD          15    3%        0    0%
  HOUND           12    2%        1    1%
  CUSTODIAN       11    2%        2    1%
  SPOTTER         13    2%        0    0%
  SAPPER           9    2%        2    1%
  LANCER           6    1%        3    2%
  BOMBARD          7    1%        0    0%

PERK PICK FREQUENCY:
  MOM           : 14
  SKR           : 13
  LCK           : 11
  FST           : 10
  GRD           : 10
  GUN           : 10
  VNT           : 10
  BND           : 9
  OUT           : 8
  SGE           : 7
  RFX           : 7
  MRK           : 6
  BRK           : 6
  TNK           : 6
  CQB           : 6
  CLH           : 5
  EXC           : 5
  PLT           : 5
  HRD           : 4

SHOP PURCHASE FREQUENCY:
  FIELD MEDKIT      : 79
  WPN: SCOPE        : 35
  WPN: HOLLOW POINT : 28
  BALLISTIC PLATING : 24
  WPN: STABILIZER   : 21
  WPN: EXTENDED MAG : 17
  FRAG CACHE        : 15
  COUNTER-PREP      : 15
  ARMORY            : 14
  WPN: BIPOD        : 14
  WPN: SUPPRESSOR   : 9
  ADV. TRAINING     : 5
  COMBAT STIMS      : 5

BOON PICK FREQUENCY (PROCS = effect fires at instrumented sites; '-' = not instrumented;
                      PYR counts the +2-turn-burn half only — the Burning-immunity half is uninstrumented):
  code                 picks   PROCS
  FRT               :     7       -
  EXE               :     6       -
  GHO               :     6       -
  MRK               :     6       -
  ADR               :     5       -
  FVR               :     5       -
  VNM               :     5       -
  GRN               :     4       -
  RPD               :     4       -
  SHK               :     4       7
  FDR               :     3       0
  FST               :     3      39
  RCL               :     3       0
  TRR               :     3       3
  PYR               :     2       0
  SCV               :     2       -

RUN WIN-RATE BY BOON (campaign runs holding it):
  FRT               :  100% ±0  (in 7 runs)
  EXE               :   67% ±19  (in 6 runs)
  GHO               :   67% ±19  (in 6 runs)
  MRK               :   67% ±19  (in 6 runs)
  ADR               :   80% ±18  (in 5 runs)
  FVR               :   80% ±18  (in 5 runs)
  VNM               :  100% ±0  (in 5 runs)
  GRN               :  100% ±0  (in 4 runs)
  RPD               :   25% ±22  (in 4 runs)
  SHK               :  100% ±0  (in 4 runs)
  FDR               :   67% ±27  (in 3 runs)
  FST               :   67% ±27  (in 3 runs)
  RCL               :   67% ±27  (in 3 runs)
  TRR               :  100% ±0  (in 3 runs)
  PYR               :   50% ±35  (in 2 runs)
  SCV               :  100% ±0  (in 2 runs)

RUN WIN-RATE BY SPEC (campaign runs fielding it):
  ANC               :   67% ±19  (in 6 runs)
  SNT               :   80% ±18  (in 5 runs)
  HHT               :   75% ±22  (in 4 runs)
  JUG               :   75% ±22  (in 4 runs)
  BRC               :   67% ±27  (in 3 runs)
  PTH               :  100% ±0  (in 3 runs)
  PHN               :  100% ±0  (in 2 runs)
  ADN               :  100% ±0  (in 1 runs)

RUN WIN-RATE BY PERK (campaign runs holding it):
  SKR               :   73% ±13  (in 11 runs)
  MOM               :   89% ±10  (in 9 runs)
  FST               :   75% ±15  (in 8 runs)
  GRD               :   63% ±17  (in 8 runs)
  GUN               :   63% ±17  (in 8 runs)
  LCK               :   88% ±12  (in 8 runs)
  OUT               :   75% ±15  (in 8 runs)
  VNT               :   88% ±12  (in 8 runs)
  BND               :   71% ±17  (in 7 runs)
  RFX               :   71% ±17  (in 7 runs)
  MRK               :   50% ±20  (in 6 runs)
  SGE               :   83% ±15  (in 6 runs)
  TNK               :   83% ±15  (in 6 runs)
  BRK               :   60% ±22  (in 5 runs)
  CQB               :   80% ±18  (in 5 runs)
  EXC               :   80% ±18  (in 5 runs)
  PLT               :   60% ±22  (in 5 runs)
  CLH               :   75% ±22  (in 4 runs)
  HRD               :   75% ±22  (in 4 runs)

RUN WIN-RATE BY PURCHASE (campaign runs buying it):
  FIELD MEDKIT      :   81% ±10  (in 16 runs)
  WPN: HOLLOW POINT :   79% ±11  (in 14 runs)
  WPN: SCOPE        :   85% ±10  (in 13 runs)
  WPN: EXTENDED MAG :   83% ±11  (in 12 runs)
  COUNTER-PREP      :   64% ±15  (in 11 runs)
  ARMORY            :   70% ±14  (in 10 runs)
  FRAG CACHE        :   80% ±13  (in 10 runs)
  WPN: BIPOD        :   80% ±13  (in 10 runs)
  WPN: STABILIZER   :   70% ±14  (in 10 runs)
  BALLISTIC PLATING :   89% ±10  (in 9 runs)
  WPN: SUPPRESSOR   :  100% ±0  (in 7 runs)
  ADV. TRAINING     :   75% ±22  (in 4 runs)
  COMBAT STIMS      :  100% ±0  (in 4 runs)

RUN WIN-RATE BY EVENT-CHOICE (campaign runs taking id:arm):
  grave:1           :  100% ±0  (in 4 runs)
  depot:0           :  100% ±0  (in 2 runs)
  medic:1           :   50% ±35  (in 2 runs)
  profiteer:0       :    0% ±0  (in 2 runs)
  quartermaster:2   :    0% ±0  (in 2 runs)
  relic:1           :   50% ±35  (in 2 runs)
  warpension:1      :   50% ±35  (in 2 runs)
  defector:1        :    0% ±0  (in 1 runs)
  defector:2        :  100% ±0  (in 1 runs)
  fieldhospital:1   :  100% ±0  (in 1 runs)
  fieldhospital:2   :  100% ±0  (in 1 runs)
═══════════════════════════════════════════════════════════════════════

batch wall-time: 463.3s  (20 matches across 10 campaigns × 2 policy, frame-cap hits: 0)
aggregate JSON -> /home/user/wt/x2/docs/measurements/x2/R0-hR-b10.json
INFO: TEXTURE: [ID 2] Unloaded texture data from VRAM (GPU)
INFO: SHADER: [ID 3] Default shader unloaded successfully
INFO: TEXTURE: [ID 1] Default texture unloaded successfully
INFO: Window closed successfully
