INFO: Initializing raylib 6.0
INFO: Platform backend: DESKTOP (GLFW)
INFO: Supported raylib modules:
INFO:     > rcore:..... loaded (mandatory)
INFO:     > rlgl:...... loaded (mandatory)
INFO:     > rshapes:... loaded (optional)
INFO:     > rtextures:. loaded (optional)
INFO:     > rtext:..... loaded (optional)
INFO:     > rmodels:... loaded (optional)
INFO:     > raudio:.... loaded (optional)
INFO: DISPLAY: Trying to enable MSAA x4
INFO: DISPLAY: Device initialized successfully 
INFO:     > Display size: 1280 x 800
INFO:     > Screen size:  1280 x 800
INFO:     > Render size:  1280 x 800
INFO:     > Viewport offsets: 0, 0
INFO: GLAD: OpenGL extensions loaded successfully
INFO: GL: Supported extensions count: 229
INFO: GL: OpenGL device information:
INFO:     > Vendor:   Mesa
INFO:     > Renderer: llvmpipe (LLVM 20.1.2, 256 bits)
INFO:     > Version:  4.5 (Core Profile) Mesa 25.2.8-0ubuntu0.24.04.2
INFO:     > GLSL:     4.50
INFO: GL: VAO extension detected, VAO functions loaded successfully
INFO: GL: NPOT textures extension detected, full NPOT textures supported
INFO: GL: DXT compressed textures supported
INFO: GL: ETC2/EAC compressed textures supported
INFO: PLATFORM: DESKTOP (GLFW - X11): Initialized successfully
INFO: TEXTURE: [ID 1] Texture loaded successfully (1x1 | R8G8B8A8 | 1 mipmaps)
INFO: TEXTURE: [ID 1] Default texture loaded successfully
INFO: SHADER: [ID 1] Vertex shader compiled successfully
INFO: SHADER: [ID 2] Fragment shader compiled successfully
INFO: SHADER: [ID 3] Program shader loaded successfully
INFO: SHADER: [ID 3] Default shader loaded successfully
INFO: RLGL: Render batch vertex buffers loaded successfully in RAM (CPU)
INFO: RLGL: Render batch vertex buffers loaded successfully in VRAM (GPU)
INFO: RLGL: Default OpenGL state initialized successfully
INFO: TEXTURE: [ID 2] Texture loaded successfully (128x128 | GRAY_ALPHA | 1 mipmaps)
INFO: FONT: Default font loaded successfully (224 glyphs)
INFO: SYSTEM: Working Directory: /home/user/wt/x2
INFO: TIMER: Target time per frame: 0.000 milliseconds
FINALE-KIT: Syndicate
FINALE-KIT: Syndicate
FINALE-KIT: Syndicate
FINALE-KIT: Syndicate
WAVE: +2 (WARBRINGER,STRIKER) [rich]
WAVE: +2 (LANCER,HOUND) [rich]
WAVE: +2 (GRUNT,STRIKER) [rich]
WAVE: +2 (BRUISER,HUNTER) [rich]
WAVE: +2 (SCOUT,HOUND) [rich]
WAVE: +2 (LANCER,HUNTER) [rich]
FINALE-KIT: Syndicate
WAVE: +2 (GRUNT,HUNTER) [rich]
WAVE: +2 (BERSERKER,BERSERKER) [rich]
WAVE: +2 (BERSERKER,HOUND) [rich]
WAVE: +2 (BERSERKER,BERSERKER) [rich]
WAVE: +2 (STRIKER,SCOUT) [rich]
match 5/20  (W:1 L:4 cap:0)  63.2s
FINALE-KIT: Syndicate
WAVE: +2 (BERSERKER,BERSERKER) [rich]
WAVE: +2 (HOUND,LANCER) [rich]
WAVE: +2 (BRUISER,BERSERKER) [rich]
WAVE: +2 (GRUNT,STRIKER) [rich]
WAVE: +2 (HUNTER,HOUND) [rich]
WAVE: +2 (HOUND,HUNTER) [rich]
FINALE-KIT: Wardens
REINFORCEMENTS: +2 (GRUNT,SCOUT)
FINALE-KIT: Wardens
WAVE: +3 (MORTAR,GRUNT,SCOUT) [rich]
WAVE: +3 (MEDIC,GRUNT,SNIPER) [rich]
WAVE: +3 (MORTAR,PIKEMAN,SCOUT) [rich]
WAVE: +3 (SCREENER,PIKEMAN,MEDIC) [rich]
WAVE: +3 (GRUNT,GRUNT,SNIPER) [rich]
WAVE: +3 (SCREENER,SNIPER,MEDIC) [rich]
WAVE: +3 (SAPPER,DRONE,SAPPER) [rich]
WAVE: +3 (SAPPER,SAPPER,DRONE) [rich]
FINALE-KIT: Syndicate
WAVE: +3 (PIKEMAN,PIKEMAN,MORTAR) [rich]
WAVE: +3 (MORTAR,SNIPER,PIKEMAN) [rich]
WAVE: +3 (SCREENER,SCREENER,SCREENER) [rich]
FINALE-KIT: Syndicate
WAVE: +3 (MORTAR,MEDIC,MEDIC) [rich]
WAVE: +3 (MORTAR,GRUNT,PIKEMAN) [rich]
WAVE: +3 (CUSTODIAN,CUSTODIAN,SNIPER) [rich]
match 10/20  (W:2 L:8 cap:0)  212.1s
FINALE-KIT: Wardens
WAVE: +2 (GRUNT,STRIKER) [rich]
WAVE: +2 (BRUISER,BERSERKER) [rich]
WAVE: +2 (BERSERKER,BRUISER) [rich]
REINFORCEMENTS: +2 (SCOUT,GRUNT)
FINALE-KIT: Wardens
WAVE: +2 (HUNTER,BERSERKER) [rich]
WAVE: +2 (SCOUT,SCOUT) [rich]
WAVE: +2 (SCOUT,HUNTER) [rich]
FINALE-KIT: Wardens
WAVE: +3 (SHIELD,HOUND,STRIKER) [rich]
WAVE: +3 (BERSERKER,STRIKER,SHIELD) [rich]
WAVE: +2 (DRONE,MEDIC) [rich]
WAVE: +3 (STRIKER,BERSERKER,LANCER) [rich]
WAVE: +3 (HUNTER,BERSERKER,MORTAR) [rich]
WAVE: +3 (SNIPER,MEDIC,GRUNT) [rich]
FINALE-KIT: Wardens
REINFORCEMENTS: +2 (GRUNT,SCOUT)
REINFORCEMENTS: +2 (GRUNT,GRUNT)
REINFORCEMENTS: +3 (SCOUT,GRUNT,GRUNT)
FINALE-KIT: Wardens
REINFORCEMENTS: +2 (SCOUT,GRUNT)
match 15/20  (W:4 L:11 cap:0)  312.7s
FINALE-KIT: Wardens
FINALE-KIT: Wardens
WAVE: +2 (SCOUT,LANCER) [rich]
WAVE: +2 (BRUISER,LANCER) [rich]
WAVE: +2 (LANCER,HOUND) [rich]
WAVE: +3 (BRUISER,GRUNT,BERSERKER) [rich]
WAVE: +3 (BRUISER,HUNTER,STRIKER) [rich]
WAVE: +3 (BRUISER,LANCER,GRUNT) [rich]
WAVE: +3 (GRUNT,BRUISER,STRIKER) [rich]
WAVE: +3 (LANCER,SCOUT,BRUISER) [rich]
FINALE-KIT: Wardens
WAVE: +2 (LANCER,LANCER) [rich]
WAVE: +2 (BERSERKER,BRUISER) [rich]
WAVE: +2 (BERSERKER,BRUISER) [rich]
WAVE: +3 (BERSERKER,BERSERKER,HUNTER) [rich]
WAVE: +3 (BERSERKER,WARBRINGER,HUNTER) [rich]
WAVE: +3 (BRUISER,HUNTER,HUNTER) [rich]
FINALE-KIT: Wardens
WAVE: +3 (DRONE,SCREENER,DRONE) [rich]
WAVE: +3 (SCREENER,SPOTTER,SHIELD) [rich]
WAVE: +2 (SHIELD,SHIELD) [rich]
WAVE: +3 (DRONE,DRONE,DRONE) [rich]
WAVE: +3 (DRONE,SPOTTER,SHIELD) [rich]
WAVE: +1 (CUSTODIAN) [rich]
FINALE-KIT: Wardens
WAVE: +3 (SPOTTER,GRUNT,SCREENER) [rich]
WAVE: +3 (SHIELD,SHIELD,SCREENER) [rich]
WAVE: +3 (SCREENER,SPOTTER,SHIELD) [rich]
match 20/20  (W:6 L:14 cap:0)  417.1s

══════════════════════ SIGHTLINE BALANCE REPORT ══════════════════════
runs=20  missions=72

RUN OUTCOMES (campaign):  win-rate   30%   avg missions cleared 3.8

POLICY GAP (optimal vs human-error; campaign runs only):
  greedy win-rate   10%  (n=10)
  sloppy win-rate   50%  (n=10)
  GAP  -40 pts  (noisy (need more runs))
  PAIRED (same-seed slots): pairs=10  concordant=6  discordant greedy-only-won=0 / sloppy-only-won=4  paired gap  -40 pts
  PER-SLOT RECORDS (greedy | sloppy: outcome + missions cleared; margin = g−s):
    slot  10 @h0: L 3 | L 3   margin +0
    slot  11 @h0: L 0 | W 6   margin -6
    slot  12 @h0: L 2 | L 5   margin -3
    slot  13 @h0: L 2 | L 4   margin -2
    slot  14 @h0: L 5 | W 6   margin -1
    slot  15 @h0: W 6 | W 6   margin +0
    slot  16 @h0: L 5 | L 0   margin +5
    slot  17 @h0: L 1 | L 1   margin +0
    slot  18 @h0: L 4 | W 6   margin -2
    slot  19 @h0: L 4 | W 6   margin -2
  PAIRED MARGIN (missions cleared, all pairs): -1.10 ±0.89 SE  (n=10 pairs)
  by objective (greedy / sloppy / gap):
    Decapitate :   20% /   63% / gap  -43
    Defend     :   57% /   89% / gap  -32
    Eliminate  :   90% /   90% / gap    0
    Escort     :  100% /  100% / gap    0
    Hack       :   67% /  100% / gap  -33
    Sabotage   :  100% /  100% / gap    0

DECISION RICHNESS / SWING:
  meaningful-choices/turn 2.41   lead-swings/match 0.8   avg max-swing 47.8
  [shot-gate] acting-soldiers/turn 3.35   armed-soldiers/turn 1.66   armed-fraction 50%   turns-with-a-shot 67%   choices/ARMED-soldier-turn 1.45
  [choice-split] los-targets/ARMED 2.31   target-choices/ARMED 0.30   position-choices/ARMED 1.15

RUN COMPLETION BY HEAT (full-campaign clears):
  heat 0:   30% ±10  (n=20 runs, avg 3.8 missions)

INTEL ECONOMY BY HEAT (campaign runs; heat-bonus = the Heat.IntelBonus share of income):
  heat 0: earned  116.2/run   heat-bonus   0.0 (   0% of income)   spent  101.8   unspent   14.4

MISSION WIN-RATE BY HEAT:
  heat 0:   81%  (n=72, avg 5.8 turns)

MISSION WIN-RATE BY OBJECTIVE:
  Eliminate  :   90% ±7  (n=20, avg 4.3 turns)
  Defend     :   75% ±11  (n=16, avg 8.9 turns)
  Decapitate :   46% ±14  (n=13, avg 5.5 turns)
  Sabotage   :  100% ±0  (n=9, avg 2.8 turns)
  Escort     :  100% ±0  (n=7, avg 9.6 turns)
  Hack       :   83% ±15  (n=6, avg 3.8 turns)
  Rescue     :  100% ±0  (n=1, avg 3.0 turns)

MISSION WIN-RATE BY MISSION #:
  m1:   90% ±7  (n=20)
  m2:   82% ±12  (n=11)
  m3:   82% ±12  (n=11)
  m4:   83% ±11  (n=12)
  m5:   67% ±16  (n=9)
  m6:   67% ±16  (n=9)

LOSS CAUSES (missions):
  RUN OVER              : 14

MISSION WIN-RATE BY ARENA (authored layouts, n>=3; procedural fallback   25% of 72 missions):
  arena  5:  100% ±0  (n=4, avg 2.8 turns)  [m1:100%(2) m3:100%(2)]
  arena  6:   60% ±22  (n=5, avg 5.4 turns)  [m2:0%(2) m3:100%(1) m4:100%(2)]
  arena  9:  100% ±0  (n=3, avg 7.0 turns)  [m2:100%(2) m6:100%(1)]
  arena 10:   75% ±22  (n=4, avg 6.3 turns)  [m1:100%(2) m5:50%(2)]
  arena 19:  100% ±0  (n=3, avg 3.0 turns)  [m1:100%(2) m4:100%(1)]
  arena 21:  100% ±0  (n=4, avg 3.5 turns)  [m1:100%(2) m3:100%(2)]
  arena 22:   67% ±27  (n=3, avg 4.7 turns)  [m4:100%(1) m6:50%(2)]
  arena 24:  100% ±0  (n=3, avg 3.0 turns)  [m2:100%(2) m4:100%(1)]
  arena 25:   60% ±22  (n=5, avg 5.0 turns)  [m1:100%(2) m3:50%(2) m6:0%(1)]
  arena 28:  100% ±0  (n=4, avg 4.3 turns)  [m1:100%(4)]
  arena 32:  100% ±0  (n=4, avg 9.3 turns)  [m2:100%(2) m4:100%(1) m5:100%(1)]
  procedural:   83% ±9  (n=18, avg 7.1 turns)  [m1:67%(6) m2:100%(2) m3:100%(1) m4:100%(2) m5:100%(3) m6:75%(4)]

DEPLOYMENT GEOMETRY (opening shape; choices/ARMED is the wave's real gate):
  FRONTAL   :   94%  (n=32, avg 6.1 turns)  choices/turn 2.70  choices/ARMED 1.37  los-targets/ARMED 2.44
  PINCER    :   61% ±10  (n=23, avg 5.5 turns)  choices/turn 2.45  choices/ARMED 1.64  los-targets/ARMED 2.30
  CROSSFIRE :   78% ±14  (n=9, avg 6.4 turns)  choices/turn 1.92  choices/ARMED 1.70  los-targets/ARMED 2.17
  ENVELOP   :   88% ±12  (n=8, avg 4.8 turns)  choices/turn 1.50  choices/ARMED 1.08  los-targets/ARMED 1.54

ARENA FUNNEL (Mission.Build exits, n=83 builds, all modes):
  authored-applied    :  78.3%  (n=65)
  connectivity-reject :   0.0%  (n=0)
  procedural-roll     :  21.7%  (n=18)

DECK EXPOSURE (campaign runs n=20):
  distinct authored arenas/run : 2.70 mean (all runs)
  ... full-depth runs only     : 3.67 mean over 4.8 fights/run (n=6)
  Defend dealt on the route    :   65% of runs (n=13)

ACTION MIX (verbs issued, by policy):
  verb                  greedy        sloppy
  MOVE               485   39%     469   36%
  SHOOT              300   24%     349   27%
  HUNKER             138   11%     116    9%
  BRACE               62    5%      60    5%
  RELOAD              41    3%      44    3%
  FOCUS               28    2%      50    4%
  INTEL               33    3%      36    3%
  STABILIZE           36    3%      27    2%
  SLIPSTREAM          19    2%      27    2%
  ITEM:SMOKE          21    2%      20    2%
  MARK                18    1%      14    1%
  PIN                 11    1%      18    1%
  OVERWATCH           18    1%      10    1%
  PLANT               15    1%      12    1%
  PATCH                5    0%       8    1%
  HACK                 6    0%       6    0%
  REARM                4    0%       7    1%
  GRAPPLE              3    0%       7    1%
  GRENADE              2    0%       7    1%
  BEACON               3    0%       4    0%
  EXTRACT              4    0%       3    0%
  BARREL               2    0%       0    0%
  ITEM:INCENDIARY       0    0%       2    0%
  DRAG                 0    0%       1    0%
  ITEM:FLASH           0    0%       1    0%

PLAYER CLASS PERFORMANCE:
  class        shots   hit%   dmg   kills
  SHARPSHOOTER    136    89%    906     63
  GUNNER         199    83%    838     52
  RANGER         116    90%    678     40
  ASSAULT        159    88%    642     38
  CORPSMAN        63    76%    195      6

SOLDIER DEATHS BY ENEMY CLASS (threat ranking):
  GRUNT      : 18
  ELITE      : 10
  BERSERKER  : 8
  HUNTER     : 6
  STRIKER    : 6
  BRUISER    : 6
  SCOUT      : 5
  TURRET     : 5
  BURN       : 4
  SHIELD     : 4
  LANCER     : 3
  HOUND      : 3
  SAPPER     : 3
  MORTAR     : 3
  SNIPER     : 3
  STRIKE     : 3
  PIKEMAN    : 3
  SCREENER   : 3
  SPOTTER    : 1
  DRONE      : 1
  WARBRINGER : 1
  CUSTODIAN  : 1

SOLDIER DOWNS (FUL-7 bleed-out): 199 downs -> revived 4 / recovered 48 / bled out 138 / finished 9  (save-rate   26%)
  corpsman fielded in 29 missions

ENEMY COMPOSITION (spawns; faction-stamped fights n=448 / default-cascade fights n=164):
  class        faction         default
  GRUNT           35    8%       57   35%
  SCOUT           20    4%       54   33%
  BERSERKER       39    9%        5    3%
  SCREENER        34    8%        4    2%
  ELITE           34    8%        3    2%
  HUNTER          33    7%        3    2%
  PIKEMAN         28    6%        0    0%
  SNIPER          23    5%        4    2%
  SHIELD          24    5%        2    1%
  STRIKER         20    4%        5    3%
  MEDIC           21    5%        2    1%
  MORTAR          18    4%        3    2%
  BRUISER         20    4%        0    0%
  LANCER          14    3%        6    4%
  HOUND           11    2%        7    4%
  TURRET          14    3%        4    2%
  DRONE           15    3%        1    1%
  SPOTTER         11    2%        3    2%
  CUSTODIAN       12    3%        0    0%
  SAPPER          12    3%        0    0%
  WARBRINGER       8    2%        0    0%
  BOMBARD          2    0%        1    1%

PERK PICK FREQUENCY:
  LCK           : 16
  MOM           : 14
  CQB           : 11
  GRD           : 10
  OUT           : 9
  SGE           : 9
  GUN           : 8
  RFX           : 7
  BND           : 7
  BRK           : 6
  HRD           : 6
  SKR           : 6
  TNK           : 5
  CLH           : 4
  MRK           : 4
  EXC           : 4
  PLT           : 3
  VNT           : 3
  FST           : 2

SHOP PURCHASE FREQUENCY:
  FIELD MEDKIT      : 59
  WPN: SCOPE        : 27
  WPN: HOLLOW POINT : 24
  BALLISTIC PLATING : 18
  FRAG CACHE        : 15
  ARMORY            : 11
  COUNTER-PREP      : 10
  COMBAT STIMS      : 10
  ADV. TRAINING     : 9
  WPN: EXTENDED MAG : 9
  WPN: STABILIZER   : 8
  WPN: SUPPRESSOR   : 4
  WPN: BIPOD        : 4

BOON PICK FREQUENCY (PROCS = effect fires at instrumented sites; '-' = not instrumented;
                      PYR counts the +2-turn-burn half only — the Burning-immunity half is uninstrumented):
  code                 picks   PROCS
  GHO               :     7       -
  GRN               :     6       -
  FDR               :     5       0
  RPD               :     5       -
  VNM               :     4       -
  EXE               :     3       -
  FVR               :     3       -
  MRK               :     3       -
  PYR               :     3       0
  RCL               :     3       0
  TRR               :     3       9
  FST               :     2      23
  SHK               :     2       0
  ADR               :     1       -
  FRT               :     1       -
  SCV               :     1       -

RUN WIN-RATE BY BOON (campaign runs holding it):
  GHO               :   43% ±19  (in 7 runs)
  GRN               :   17% ±15  (in 6 runs)
  FDR               :   20% ±18  (in 5 runs)
  RPD               :   40% ±22  (in 5 runs)
  VNM               :   75% ±22  (in 4 runs)
  EXE               :   33% ±27  (in 3 runs)
  FVR               :   33% ±27  (in 3 runs)
  MRK               :   67% ±27  (in 3 runs)
  PYR               :   33% ±27  (in 3 runs)
  RCL               :   33% ±27  (in 3 runs)
  TRR               :   67% ±27  (in 3 runs)
  FST               :   50% ±35  (in 2 runs)
  SHK               :   50% ±35  (in 2 runs)
  ADR               :  100% ±0  (in 1 runs)
  FRT               :  100% ±0  (in 1 runs)
  SCV               :  100% ±0  (in 1 runs)

RUN WIN-RATE BY SPEC (campaign runs fielding it):
  SNT               :   60% ±22  (in 5 runs)
  HHT               :   50% ±25  (in 4 runs)
  ADN               :  100% ±0  (in 3 runs)
  JUG               :    0% ±0  (in 2 runs)
  PHN               :   50% ±35  (in 2 runs)
  ANC               :  100% ±0  (in 1 runs)
  BRC               :    0% ±0  (in 1 runs)

RUN WIN-RATE BY PERK (campaign runs holding it):
  MOM               :   36% ±15  (in 11 runs)
  CQB               :   40% ±15  (in 10 runs)
  LCK               :   30% ±14  (in 10 runs)
  SGE               :   22% ±14  (in 9 runs)
  GUN               :   38% ±17  (in 8 runs)
  OUT               :   38% ±17  (in 8 runs)
  RFX               :   43% ±19  (in 7 runs)
  BRK               :   67% ±19  (in 6 runs)
  GRD               :   50% ±20  (in 6 runs)
  BND               :   60% ±22  (in 5 runs)
  HRD               :   60% ±22  (in 5 runs)
  SKR               :   60% ±22  (in 5 runs)
  EXC               :   50% ±25  (in 4 runs)
  TNK               :   75% ±22  (in 4 runs)
  CLH               :   33% ±27  (in 3 runs)
  MRK               :   33% ±27  (in 3 runs)
  PLT               :  100% ±0  (in 3 runs)
  VNT               :  100% ±0  (in 3 runs)
  FST               :   50% ±35  (in 2 runs)

RUN WIN-RATE BY PURCHASE (campaign runs buying it):
  FIELD MEDKIT      :   35% ±12  (in 17 runs)
  WPN: HOLLOW POINT :   50% ±14  (in 12 runs)
  WPN: SCOPE        :   42% ±14  (in 12 runs)
  ARMORY            :   40% ±15  (in 10 runs)
  FRAG CACHE        :   44% ±17  (in 9 runs)
  COUNTER-PREP      :   50% ±18  (in 8 runs)
  COMBAT STIMS      :   57% ±19  (in 7 runs)
  ADV. TRAINING     :   50% ±20  (in 6 runs)
  BALLISTIC PLATING :   67% ±19  (in 6 runs)
  WPN: EXTENDED MAG :   50% ±20  (in 6 runs)
  WPN: BIPOD        :   50% ±25  (in 4 runs)
  WPN: STABILIZER   :   50% ±25  (in 4 runs)
  WPN: SUPPRESSOR   :   25% ±22  (in 4 runs)

RUN WIN-RATE BY EVENT-CHOICE (campaign runs taking id:arm):
  grave:1           :   25% ±22  (in 4 runs)
  defector:2        :   50% ±35  (in 2 runs)
  depot:0           :  100% ±0  (in 2 runs)
  fieldhospital:2   :   50% ±35  (in 2 runs)
  profiteer:0       :    0% ±0  (in 2 runs)
  quartermaster:2   :    0% ±0  (in 2 runs)
  medic:1           :    0% ±0  (in 1 runs)
  relic:1           :  100% ±0  (in 1 runs)
  warpension:1      :  100% ±0  (in 1 runs)
═══════════════════════════════════════════════════════════════════════

batch wall-time: 417.1s  (20 matches across 10 campaigns × 2 policy, frame-cap hits: 0)
aggregate JSON -> /home/user/wt/x2/docs/measurements/x2/R0-h0-b10.json
INFO: TEXTURE: [ID 2] Unloaded texture data from VRAM (GPU)
INFO: SHADER: [ID 3] Default shader unloaded successfully
INFO: TEXTURE: [ID 1] Default texture unloaded successfully
INFO: Window closed successfully
