INFO: Initializing raylib 6.0
INFO: Platform backend: DESKTOP (GLFW)
INFO: Supported raylib modules:
INFO:     > rcore:..... loaded (mandatory)
INFO:     > rlgl:...... loaded (mandatory)
INFO:     > rshapes:... loaded (optional)
INFO:     > rtextures:. loaded (optional)
INFO:     > rtext:..... loaded (optional)
INFO:     > rmodels:... loaded (optional)
INFO:     > raudio:.... loaded (optional)
INFO: DISPLAY: Trying to enable MSAA x4
INFO: DISPLAY: Device initialized successfully 
INFO:     > Display size: 1280 x 800
INFO:     > Screen size:  1280 x 800
INFO:     > Render size:  1280 x 800
INFO:     > Viewport offsets: 0, 0
INFO: GLAD: OpenGL extensions loaded successfully
INFO: GL: Supported extensions count: 229
INFO: GL: OpenGL device information:
INFO:     > Vendor:   Mesa
INFO:     > Renderer: llvmpipe (LLVM 20.1.2, 256 bits)
INFO:     > Version:  4.5 (Core Profile) Mesa 25.2.8-0ubuntu0.24.04.2
INFO:     > GLSL:     4.50
INFO: GL: VAO extension detected, VAO functions loaded successfully
INFO: GL: NPOT textures extension detected, full NPOT textures supported
INFO: GL: DXT compressed textures supported
INFO: GL: ETC2/EAC compressed textures supported
INFO: PLATFORM: DESKTOP (GLFW - X11): Initialized successfully
INFO: TEXTURE: [ID 1] Texture loaded successfully (1x1 | R8G8B8A8 | 1 mipmaps)
INFO: TEXTURE: [ID 1] Default texture loaded successfully
INFO: SHADER: [ID 1] Vertex shader compiled successfully
INFO: SHADER: [ID 2] Fragment shader compiled successfully
INFO: SHADER: [ID 3] Program shader loaded successfully
INFO: SHADER: [ID 3] Default shader loaded successfully
INFO: RLGL: Render batch vertex buffers loaded successfully in RAM (CPU)
INFO: RLGL: Render batch vertex buffers loaded successfully in VRAM (GPU)
INFO: RLGL: Default OpenGL state initialized successfully
INFO: TEXTURE: [ID 2] Texture loaded successfully (128x128 | GRAY_ALPHA | 1 mipmaps)
INFO: FONT: Default font loaded successfully (224 glyphs)
INFO: SYSTEM: Working Directory: /home/user/wt/x2
INFO: TIMER: Target time per frame: 0.000 milliseconds
FINALE-KIT: Syndicate
WAVE: +3 (LANCER,MEDIC,LANCER) [rich]
WAVE: +3 (MEDIC,SCREENER,MORTAR) [rich]
WAVE: +3 (STRIKER,SCREENER,SHIELD) [rich]
WAVE: +3 (HUNTER,SCOUT,SHIELD) [rich]
WAVE: +1 (DRONE) [rich]
REINFORCEMENTS: +2 (GRUNT,SCOUT)
FINALE-KIT: Syndicate
FINALE-KIT: Syndicate
WAVE: +2 (BRUISER,HUNTER) [rich]
WAVE: +2 (BERSERKER,LANCER) [rich]
WAVE: +2 (BRUISER,LANCER) [rich]
FINALE-KIT: Syndicate
WAVE: +2 (HUNTER,GRUNT) [rich]
WAVE: +2 (BRUISER,HUNTER) [rich]
WAVE: +2 (HUNTER,BRUISER) [rich]
FINALE-KIT: Syndicate
WAVE: +2 (BERSERKER,BERSERKER) [rich]
WAVE: +2 (HOUND,BERSERKER) [rich]
WAVE: +2 (BRUISER,HOUND) [rich]
match 5/20  (W:2 L:3 cap:0)  86.2s
FINALE-KIT: Syndicate
WAVE: +2 (BERSERKER,BERSERKER) [rich]
WAVE: +2 (BRUISER,BRUISER) [rich]
WAVE: +2 (HUNTER,BERSERKER) [rich]
FINALE-KIT: Wardens
FINALE-KIT: Wardens
REINFORCEMENTS: +2 (SCOUT,SCOUT)
WAVE: +3 (SNIPER,PIKEMAN,SCOUT) [rich]
WAVE: +1 (GRUNT) [rich]
WAVE: +1 (MEDIC) [rich]
WAVE: +3 (DRONE,SAPPER,SPOTTER) [rich]
REINFORCEMENTS: +2 (SCOUT,GRUNT)
FINALE-KIT: Syndicate
WAVE: +3 (GRUNT,PIKEMAN,GRUNT) [rich]
WAVE: +1 (SCREENER) [rich]
FINALE-KIT: Syndicate
WAVE: +3 (MORTAR,MORTAR,MEDIC) [rich]
WAVE: +1 (SNIPER) [rich]
match 10/20  (W:4 L:6 cap:0)  176.7s
FINALE-KIT: Wardens
WAVE: +2 (STRIKER,BRUISER) [rich]
WAVE: +2 (HOUND,BERSERKER) [rich]
WAVE: +2 (HUNTER,HUNTER) [rich]
REINFORCEMENTS: +2 (SCOUT,SCOUT)
REINFORCEMENTS: +2 (SCOUT,SCOUT)
REINFORCEMENTS: +3 (SCOUT,GRUNT,GRUNT)
FINALE-KIT: Wardens
WAVE: +2 (BRUISER,BRUISER) [rich]
WAVE: +2 (LANCER,BERSERKER) [rich]
WAVE: +2 (BRUISER,BRUISER) [rich]
REINFORCEMENTS: +2 (SCOUT,SCOUT)
REINFORCEMENTS: +2 (GRUNT,SCOUT)
FINALE-KIT: Wardens
WAVE: +3 (MORTAR,DRONE,STRIKER) [rich]
WAVE: +3 (HUNTER,DRONE,LANCER) [rich]
WAVE: +1 (SNIPER) [rich]
REINFORCEMENTS: +2 (GRUNT,SCOUT)
FINALE-KIT: Wardens
REINFORCEMENTS: +2 (GRUNT,SCOUT)
REINFORCEMENTS: +2 (SCOUT,SCOUT)
REINFORCEMENTS: +3 (GRUNT,GRUNT,GRUNT)
FINALE-KIT: Wardens
match 15/20  (W:4 L:11 cap:0)  289.6s
FINALE-KIT: Wardens
FINALE-KIT: Wardens
WAVE: +2 (HOUND,SCOUT) [rich]
WAVE: +2 (BRUISER,HUNTER) [rich]
WAVE: +2 (HUNTER,BERSERKER) [rich]
WAVE: +3 (BRUISER,WARBRINGER,BRUISER) [rich]
WAVE: +2 (HOUND,BERSERKER) [rich]
REINFORCEMENTS: +2 (SCOUT,SCOUT)
REINFORCEMENTS: +2 (SCOUT,GRUNT)
REINFORCEMENTS: +2 (GRUNT,GRUNT)
FINALE-KIT: Wardens
WAVE: +2 (GRUNT,HUNTER) [rich]
WAVE: +2 (LANCER,SCOUT) [rich]
WAVE: +2 (BRUISER,BERSERKER) [rich]
WAVE: +3 (BERSERKER,BERSERKER,BERSERKER) [rich]
WAVE: +3 (HUNTER,BRUISER,WARBRINGER) [rich]
WAVE: +2 (STRIKER,BERSERKER) [rich]
REINFORCEMENTS: +2 (GRUNT,SCOUT)
FINALE-KIT: Wardens
WAVE: +3 (CUSTODIAN,SAPPER,DRONE) [rich]
WAVE: +3 (SAPPER,DRONE,GRUNT) [rich]
WAVE: +3 (DRONE,SHIELD,SAPPER) [rich]
FINALE-KIT: Wardens
WAVE: +3 (SCREENER,SCREENER,SHIELD) [rich]
WAVE: +3 (SCREENER,SPOTTER,DRONE) [rich]
WAVE: +3 (DRONE,SHIELD,SAPPER) [rich]
match 20/20  (W:8 L:12 cap:0)  390.5s

══════════════════════ SIGHTLINE BALANCE REPORT ══════════════════════
runs=20  missions=78

RUN OUTCOMES (campaign):  win-rate   40%   avg missions cleared 4.2

POLICY GAP (optimal vs human-error; campaign runs only):
  greedy win-rate   50%  (n=10)
  sloppy win-rate   30%  (n=10)
  GAP   20 pts  (swingy/unforgiving)
  PAIRED (same-seed slots): pairs=10  concordant=8  discordant greedy-only-won=2 / sloppy-only-won=0  paired gap   20 pts
  PER-SLOT RECORDS (greedy | sloppy: outcome + missions cleared; margin = g−s):
    slot  10 @h6: W 6 | L 3   margin +3
    slot  11 @h6: W 6 | L 3   margin +3
    slot  12 @h6: L 3 | L 3   margin +0
    slot  13 @h6: L 2 | L 5   margin -3
    slot  14 @h6: W 6 | W 6   margin +0
    slot  15 @h6: L 5 | L 5   margin +0
    slot  16 @h6: L 5 | L 0   margin +5
    slot  17 @h6: L 1 | L 1   margin +0
    slot  18 @h6: W 6 | W 6   margin +0
    slot  19 @h6: W 6 | W 6   margin +0
  PAIRED MARGIN (missions cleared, all pairs): +0.80 ±0.71 SE  (n=10 pairs)
  by objective (greedy / sloppy / gap):
    Decapitate :   67% /   43% / gap   24
    Defend     :  100% /  100% / gap    0
    Eliminate  :  100% /   90% / gap   10
    Escort     :  100% /   67% / gap   33
    Hack       :   67% /  100% / gap  -33
    Rescue     :    0% /    0% / gap    0
    Sabotage   :  100% /  100% / gap    0

DECISION RICHNESS / SWING:
  meaningful-choices/turn 1.84   lead-swings/match 0.8   avg max-swing 61.6
  [shot-gate] acting-soldiers/turn 3.43   armed-soldiers/turn 1.29   armed-fraction 38%   turns-with-a-shot 58%   choices/ARMED-soldier-turn 1.42
  [choice-split] los-targets/ARMED 2.38   target-choices/ARMED 0.22   position-choices/ARMED 1.20

RUN COMPLETION BY HEAT (full-campaign clears):
  heat 6:   40% ±11  (n=20 runs, avg 4.2 missions)

INTEL ECONOMY BY HEAT (campaign runs; heat-bonus = the Heat.IntelBonus share of income):
  heat 6: earned  227.3/run   heat-bonus 104.4 (  46% of income)   spent  216.2   unspent   11.1

MISSION WIN-RATE BY HEAT:
  heat 6:   85%  (n=78, avg 5.6 turns)

MISSION WIN-RATE BY OBJECTIVE:
  Eliminate  :   95% ±5  (n=20, avg 3.9 turns)
  Defend     :  100% ±0  (n=18, avg 9.0 turns)
  Decapitate :   56% ±12  (n=16, avg 5.9 turns)
  Sabotage   :  100% ±0  (n=9, avg 3.0 turns)
  Escort     :   86% ±13  (n=7, avg 6.7 turns)
  Hack       :   83% ±15  (n=6, avg 4.0 turns)
  Rescue     :    0% ±0  (n=2, avg 4.0 turns)

MISSION WIN-RATE BY MISSION #:
  m1:   95% ±5  (n=20)
  m2:   82% ±12  (n=11)
  m3:   92% ±8  (n=12)
  m4:   71% ±12  (n=14)
  m5:  100% ±0  (n=9)
  m6:   67% ±14  (n=12)

LOSS CAUSES (missions):
  RUN OVER              : 9
  CAPTIVE LOST          : 2
  VIP LOST              : 1

MISSION WIN-RATE BY ARENA (authored layouts, n>=3; procedural fallback   24% of 78 missions):
  arena  5:  100% ±0  (n=4, avg 2.5 turns)  [m1:100%(2) m3:100%(2)]
  arena  6:   71% ±17  (n=7, avg 6.1 turns)  [m2:0%(2) m3:100%(2) m4:100%(2) m5:100%(1)]
  arena  9:  100% ±0  (n=3, avg 8.7 turns)  [m2:100%(2) m6:100%(1)]
  arena 10:  100% ±0  (n=3, avg 5.0 turns)  [m1:100%(2) m5:100%(1)]
  arena 19:  100% ±0  (n=4, avg 2.8 turns)  [m1:100%(2) m4:100%(2)]
  arena 21:  100% ±0  (n=4, avg 3.5 turns)  [m1:100%(2) m3:100%(2)]
  arena 22:    0% ±0  (n=3, avg 8.7 turns)  [m4:0%(1) m6:0%(2)]
  arena 24:   75% ±22  (n=4, avg 3.8 turns)  [m2:100%(2) m4:50%(2)]
  arena 28:  100% ±0  (n=7, avg 5.7 turns)  [m1:100%(4) m5:100%(3)]
  arena 32:  100% ±0  (n=3, avg 8.0 turns)  [m2:100%(2) m4:100%(1)]
  procedural:   79% ±9  (n=19, avg 7.0 turns)  [m1:83%(6) m2:100%(1) m3:67%(3) m4:50%(2) m5:100%(4) m6:67%(3)]

DEPLOYMENT GEOMETRY (opening shape; choices/ARMED is the wave's real gate):
  FRONTAL   :   91%  (n=34, avg 6.1 turns)  choices/turn 1.70  choices/ARMED 1.42  los-targets/ARMED 2.53
  PINCER    :   72% ±9  (n=25, avg 4.8 turns)  choices/turn 2.18  choices/ARMED 1.48  los-targets/ARMED 2.50
  CROSSFIRE :   80% ±13  (n=10, avg 6.2 turns)  choices/turn 1.75  choices/ARMED 1.51  los-targets/ARMED 2.11
  ENVELOP   :  100% ±0  (n=9, avg 5.4 turns)  choices/turn 1.76  choices/ARMED 1.21  los-targets/ARMED 1.85

ARENA FUNNEL (Mission.Build exits, n=86 builds, all modes):
  authored-applied    :  75.6%  (n=65)
  connectivity-reject :   0.0%  (n=0)
  procedural-roll     :  24.4%  (n=21)

DECK EXPOSURE (campaign runs n=20):
  distinct authored arenas/run : 2.95 mean (all runs)
  ... full-depth runs only     : 3.88 mean over 4.8 fights/run (n=8)
  Defend dealt on the route    :   75% of runs (n=15)

ACTION MIX (verbs issued, by policy):
  verb                  greedy        sloppy
  MOVE               545   36%     427   34%
  SHOOT              407   27%     306   25%
  OVERWATCH          101    7%     104    8%
  BRACE               98    6%     107    9%
  RELOAD              52    3%      41    3%
  FOCUS               52    3%      28    2%
  STABILIZE           42    3%      33    3%
  SLIPSTREAM          33    2%      33    3%
  INTEL               35    2%      30    2%
  HUNKER              26    2%      31    3%
  MARK                14    1%      28    2%
  ITEM:SMOKE          24    2%      16    1%
  PLANT               15    1%      12    1%
  PATCH               20    1%       6    0%
  PIN                 20    1%       5    0%
  REARM                8    1%       7    1%
  DRAG                 6    0%       6    0%
  HACK                 5    0%       7    1%
  GRENADE              2    0%       5    0%
  GRAPPLE              2    0%       4    0%
  BEACON               4    0%       1    0%
  BARREL               2    0%       0    0%
  ITEM:INCENDIARY       0    0%       2    0%
  ITEM:FLASH           1    0%       0    0%

PLAYER CLASS PERFORMANCE:
  class        shots   hit%   dmg   kills
  SHARPSHOOTER    219    94%   1591     98
  GUNNER         233    84%   1071     52
  ASSAULT        197    84%    860     48
  RANGER         115    89%    679     44
  CORPSMAN        46    87%    130      9

SOLDIER DEATHS BY ENEMY CLASS (threat ranking):
  GRUNT      : 10
  SNIPER     : 8
  MEDIC      : 7
  SCOUT      : 7
  BRUISER    : 6
  MORTAR     : 6
  BERSERKER  : 5
  ELITE      : 5
  HUNTER     : 4
  STRIKE     : 4
  SAPPER     : 3
  SHIELD     : 3
  TURRET     : 2
  BURN       : 2
  WARBRINGER : 2
  STRIKER    : 1
  LANCER     : 1
  SCREENER   : 1
  CUSTODIAN  : 1

SOLDIER DOWNS (FUL-7 bleed-out): 202 downs -> revived 13 / recovered 76 / bled out 90 / finished 18  (save-rate   47%)
  corpsman fielded in 27 missions

ENEMY COMPOSITION (spawns; faction-stamped fights n=607 / default-cascade fights n=191):
  class        faction         default
  GRUNT           62   10%       56   29%
  SCOUT           41    7%       54   28%
  BRUISER         54    9%        0    0%
  MEDIC           47    8%        6    3%
  SNIPER          32    5%       13    7%
  BERSERKER       40    7%        3    2%
  ELITE           37    6%        3    2%
  HUNTER          31    5%        6    3%
  MORTAR          31    5%        6    3%
  DRONE           26    4%       10    5%
  TURRET          27    4%        8    4%
  SCREENER        29    5%        2    1%
  SHIELD          23    4%        4    2%
  SAPPER          24    4%        2    1%
  LANCER          16    3%        8    4%
  PIKEMAN         20    3%        0    0%
  WARBRINGER      17    3%        1    1%
  CUSTODIAN       13    2%        2    1%
  HOUND           11    2%        4    2%
  BOMBARD         11    2%        1    1%
  STRIKER          9    1%        2    1%
  SPOTTER          6    1%        0    0%

PERK PICK FREQUENCY:
  BND           : 16
  MOM           : 14
  FST           : 13
  TNK           : 12
  LCK           : 12
  GUN           : 12
  MRK           : 11
  PLT           : 11
  OUT           : 10
  HRD           : 8
  CLH           : 7
  GRD           : 7
  RFX           : 6
  EXC           : 6
  BRK           : 6
  VNT           : 5
  CQB           : 5
  SKR           : 4
  SGE           : 4

SHOP PURCHASE FREQUENCY:
  FIELD MEDKIT      : 99
  WPN: SCOPE        : 58
  WPN: HOLLOW POINT : 53
  WPN: STABILIZER   : 37
  FRAG CACHE        : 29
  COMBAT STIMS      : 28
  COUNTER-PREP      : 24
  ADV. TRAINING     : 23
  BALLISTIC PLATING : 18
  ARMORY            : 15
  WPN: EXTENDED MAG : 13
  WPN: SUPPRESSOR   : 11
  WPN: BIPOD        : 10

BOON PICK FREQUENCY (PROCS = effect fires at instrumented sites; '-' = not instrumented;
                      PYR counts the +2-turn-burn half only — the Burning-immunity half is uninstrumented):
  code                 picks   PROCS
  PYR               :     6       0
  FDR               :     5       2
  FST               :     5     101
  RCL               :     5       0
  GHO               :     4       -
  GRN               :     4       -
  RPD               :     4       -
  TRR               :     4      13
  ADR               :     3       -
  FRT               :     3       -
  FVR               :     3       -
  MRK               :     3       -
  SHK               :     3      16
  VNM               :     3       -
  EXE               :     2       -
  SCV               :     1       -

RUN WIN-RATE BY BOON (campaign runs holding it):
  PYR               :   67% ±19  (in 6 runs)
  FDR               :   60% ±22  (in 5 runs)
  FST               :   40% ±22  (in 5 runs)
  RCL               :   60% ±22  (in 5 runs)
  GHO               :   50% ±25  (in 4 runs)
  GRN               :   50% ±25  (in 4 runs)
  RPD               :   25% ±22  (in 4 runs)
  TRR               :   25% ±22  (in 4 runs)
  ADR               :   67% ±27  (in 3 runs)
  FRT               :    0% ±0  (in 3 runs)
  FVR               :   67% ±27  (in 3 runs)
  MRK               :   67% ±27  (in 3 runs)
  SHK               :   67% ±27  (in 3 runs)
  VNM               :   67% ±27  (in 3 runs)
  EXE               :  100% ±0  (in 2 runs)
  SCV               :    0% ±0  (in 1 runs)

RUN WIN-RATE BY SPEC (campaign runs fielding it):
  SNT               :   29% ±17  (in 7 runs)
  ADN               :   60% ±22  (in 5 runs)
  HHT               :   80% ±18  (in 5 runs)
  JUG               :   67% ±27  (in 3 runs)
  PHN               :    0% ±0  (in 3 runs)
  ANC               :  100% ±0  (in 2 runs)
  BRC               :    0% ±0  (in 1 runs)
  MED               :  100% ±0  (in 1 runs)
  PTH               :  100% ±0  (in 1 runs)

RUN WIN-RATE BY PERK (campaign runs holding it):
  BND               :   50% ±14  (in 12 runs)
  GUN               :   44% ±17  (in 9 runs)
  LCK               :   56% ±17  (in 9 runs)
  MRK               :   33% ±16  (in 9 runs)
  OUT               :   44% ±17  (in 9 runs)
  FST               :   25% ±15  (in 8 runs)
  MOM               :   50% ±18  (in 8 runs)
  PLT               :   50% ±18  (in 8 runs)
  TNK               :   63% ±17  (in 8 runs)
  GRD               :   43% ±19  (in 7 runs)
  CLH               :   67% ±19  (in 6 runs)
  EXC               :   50% ±20  (in 6 runs)
  HRD               :   50% ±20  (in 6 runs)
  BRK               :   20% ±18  (in 5 runs)
  CQB               :   40% ±22  (in 5 runs)
  RFX               :   60% ±22  (in 5 runs)
  VNT               :   40% ±22  (in 5 runs)
  SGE               :   25% ±22  (in 4 runs)
  SKR               :   67% ±27  (in 3 runs)

RUN WIN-RATE BY PURCHASE (campaign runs buying it):
  FIELD MEDKIT      :   44% ±12  (in 18 runs)
  WPN: HOLLOW POINT :   50% ±13  (in 16 runs)
  COUNTER-PREP      :   47% ±13  (in 15 runs)
  FRAG CACHE        :   38% ±13  (in 13 runs)
  ADV. TRAINING     :   42% ±14  (in 12 runs)
  ARMORY            :   58% ±14  (in 12 runs)
  WPN: SCOPE        :   58% ±14  (in 12 runs)
  WPN: STABILIZER   :   33% ±14  (in 12 runs)
  COMBAT STIMS      :   56% ±17  (in 9 runs)
  WPN: BIPOD        :   50% ±18  (in 8 runs)
  WPN: EXTENDED MAG :   50% ±18  (in 8 runs)
  WPN: SUPPRESSOR   :   63% ±17  (in 8 runs)
  BALLISTIC PLATING :   71% ±17  (in 7 runs)

RUN WIN-RATE BY EVENT-CHOICE (campaign runs taking id:arm):
  grave:1           :   50% ±25  (in 4 runs)
  defector:2        :  100% ±0  (in 2 runs)
  depot:0           :    0% ±0  (in 2 runs)
  fieldhospital:2   :  100% ±0  (in 2 runs)
  profiteer:0       :   50% ±35  (in 2 runs)
  quartermaster:2   :   50% ±35  (in 2 runs)
  warpension:1      :   50% ±35  (in 2 runs)
  medic:1           :    0% ±0  (in 1 runs)
  relic:1           :  100% ±0  (in 1 runs)
═══════════════════════════════════════════════════════════════════════

batch wall-time: 390.5s  (20 matches across 10 campaigns × 2 policy, frame-cap hits: 0)
aggregate JSON -> /home/user/wt/x2/docs/measurements/x2/R0-h6-b10.json
INFO: TEXTURE: [ID 2] Unloaded texture data from VRAM (GPU)
INFO: SHADER: [ID 3] Default shader unloaded successfully
INFO: TEXTURE: [ID 1] Default texture unloaded successfully
INFO: Window closed successfully
