INFO: Initializing raylib 6.0
INFO: Platform backend: DESKTOP (GLFW)
INFO: Supported raylib modules:
INFO:     > rcore:..... loaded (mandatory)
INFO:     > rlgl:...... loaded (mandatory)
INFO:     > rshapes:... loaded (optional)
INFO:     > rtextures:. loaded (optional)
INFO:     > rtext:..... loaded (optional)
INFO:     > rmodels:... loaded (optional)
INFO:     > raudio:.... loaded (optional)
INFO: DISPLAY: Trying to enable MSAA x4
INFO: DISPLAY: Device initialized successfully 
INFO:     > Display size: 1280 x 800
INFO:     > Screen size:  1280 x 800
INFO:     > Render size:  1280 x 800
INFO:     > Viewport offsets: 0, 0
INFO: GLAD: OpenGL extensions loaded successfully
INFO: GL: Supported extensions count: 229
INFO: GL: OpenGL device information:
INFO:     > Vendor:   Mesa
INFO:     > Renderer: llvmpipe (LLVM 20.1.2, 256 bits)
INFO:     > Version:  4.5 (Core Profile) Mesa 25.2.8-0ubuntu0.24.04.2
INFO:     > GLSL:     4.50
INFO: GL: VAO extension detected, VAO functions loaded successfully
INFO: GL: NPOT textures extension detected, full NPOT textures supported
INFO: GL: DXT compressed textures supported
INFO: GL: ETC2/EAC compressed textures supported
INFO: PLATFORM: DESKTOP (GLFW - X11): Initialized successfully
INFO: TEXTURE: [ID 1] Texture loaded successfully (1x1 | R8G8B8A8 | 1 mipmaps)
INFO: TEXTURE: [ID 1] Default texture loaded successfully
INFO: SHADER: [ID 1] Vertex shader compiled successfully
INFO: SHADER: [ID 2] Fragment shader compiled successfully
INFO: SHADER: [ID 3] Program shader loaded successfully
INFO: SHADER: [ID 3] Default shader loaded successfully
INFO: RLGL: Render batch vertex buffers loaded successfully in RAM (CPU)
INFO: RLGL: Render batch vertex buffers loaded successfully in VRAM (GPU)
INFO: RLGL: Default OpenGL state initialized successfully
INFO: TEXTURE: [ID 2] Texture loaded successfully (128x128 | GRAY_ALPHA | 1 mipmaps)
INFO: FONT: Default font loaded successfully (224 glyphs)
INFO: SYSTEM: Working Directory: /home/user/wt/x2
INFO: TIMER: Target time per frame: 0.000 milliseconds
FINALE-KIT: Syndicate
WAVE: +2 (GRUNT,DRONE) [rich]
WAVE: +2 (SHIELD,SAPPER) [rich]
WAVE: +2 (DRONE,SAPPER) [rich]
FINALE-KIT: Syndicate
WAVE: +2 (SHIELD,SHIELD) [rich]
WAVE: +2 (SPOTTER,DRONE) [rich]
WAVE: +2 (SAPPER,SPOTTER) [rich]
REINFORCEMENTS: +2 (SCOUT,SCOUT)
REINFORCEMENTS: +2 (GRUNT,GRUNT)
REINFORCEMENTS: +3 (GRUNT,GRUNT,SCOUT)
REINFORCEMENTS: +2 (GRUNT,GRUNT)
REINFORCEMENTS: +2 (SCOUT,GRUNT)
FINALE-KIT: Wardens
WAVE: +3 (MORTAR,GRUNT,MORTAR) [rich]
WAVE: +3 (MORTAR,GRUNT,GRUNT) [rich]
WAVE: +2 (MORTAR,SNIPER) [rich]
FINALE-KIT: Wardens
WAVE: +3 (MORTAR,GRUNT,MORTAR) [rich]
WAVE: +3 (SNIPER,CUSTODIAN,GRUNT) [rich]
WAVE: +3 (SNIPER,SCREENER,MEDIC) [rich]
WAVE: +3 (SCREENER,SNIPER,MEDIC) [rich]
WAVE: +3 (SCOUT,MORTAR,MEDIC) [rich]
WAVE: +3 (SCREENER,MEDIC,SCREENER) [rich]
FINALE-KIT: Wardens
WAVE: +3 (SNIPER,PIKEMAN,SNIPER) [rich]
WAVE: +3 (GRUNT,GRUNT,MORTAR) [rich]
WAVE: +3 (GRUNT,SCREENER,SNIPER) [rich]
match 5/20  (W:5 L:0 cap:0)  110.6s
FINALE-KIT: Wardens
WAVE: +3 (PIKEMAN,PIKEMAN,SNIPER) [rich]
WAVE: +3 (MORTAR,SCREENER,PIKEMAN) [rich]
WAVE: +3 (GRUNT,SCREENER,SCREENER) [rich]
REINFORCEMENTS: +2 (GRUNT,GRUNT)
REINFORCEMENTS: +2 (SCOUT,GRUNT)
REINFORCEMENTS: +2 (GRUNT,SCOUT)
REINFORCEMENTS: +2 (SCOUT,GRUNT)
REINFORCEMENTS: +3 (SCOUT,SCOUT,SCOUT)
FINALE-KIT: Legion
FINALE-KIT: Legion
WAVE: +3 (DRONE,SCREENER,SCREENER) [rich]
WAVE: +3 (DRONE,SAPPER,SCREENER) [rich]
WAVE: +3 (SPOTTER,SPOTTER,SCREENER) [rich]
FINALE-KIT: Legion
WAVE: +3 (GRUNT,SNIPER,PIKEMAN) [rich]
WAVE: +3 (GRUNT,SNIPER,MEDIC) [rich]
WAVE: +3 (SCREENER,MORTAR,SNIPER) [rich]
FINALE-KIT: Legion
WAVE: +3 (MORTAR,GRUNT,MORTAR) [rich]
WAVE: +3 (MORTAR,MORTAR,MEDIC) [rich]
WAVE: +3 (GRUNT,SNIPER,SNIPER) [rich]
WAVE: +3 (SCREENER,GRUNT,GRUNT) [rich]
WAVE: +2 (MORTAR,PIKEMAN) [rich]
match 10/20  (W:8 L:2 cap:0)  203.3s
FINALE-KIT: Legion
WAVE: +2 (BRUISER,BRUISER) [rich]
WAVE: +2 (HUNTER,BERSERKER) [rich]
WAVE: +2 (BERSERKER,HUNTER) [rich]
FINALE-KIT: Legion
REINFORCEMENTS: +2 (SCOUT,GRUNT)
REINFORCEMENTS: +2 (SCOUT,GRUNT)
REINFORCEMENTS: +3 (SCOUT,SCOUT,SCOUT)
WAVE: +2 (BERSERKER,BRUISER) [rich]
WAVE: +2 (BRUISER,BRUISER) [rich]
WAVE: +2 (HOUND,BRUISER) [rich]
FINALE-KIT: Wardens
WAVE: +2 (SHIELD,SHIELD) [rich]
WAVE: +2 (DRONE,SAPPER) [rich]
WAVE: +2 (DRONE,SPOTTER) [rich]
FINALE-KIT: Wardens
WAVE: +2 (SHIELD,SHIELD) [rich]
WAVE: +2 (DRONE,SAPPER) [rich]
WAVE: +2 (DRONE,SPOTTER) [rich]
FINALE-KIT: Wardens
match 15/20  (W:11 L:4 cap:0)  271.3s
FINALE-KIT: Wardens
FINALE-KIT: Wardens
WAVE: +3 (MORTAR,SNIPER,GRUNT) [rich]
WAVE: +3 (PIKEMAN,SNIPER,GRUNT) [rich]
WAVE: +3 (SCOUT,GRUNT,GRUNT) [rich]
FINALE-KIT: Wardens
WAVE: +3 (MEDIC,MEDIC,SNIPER) [rich]
WAVE: +3 (MEDIC,MEDIC,MORTAR) [rich]
WAVE: +3 (MEDIC,SCOUT,SNIPER) [rich]
FINALE-KIT: Legion
WAVE: +2 (GRUNT,GRUNT) [rich]
WAVE: +2 (MEDIC,MORTAR) [rich]
WAVE: +2 (GRUNT,MEDIC) [rich]
REINFORCEMENTS: +2 (SCOUT,SCOUT)
FINALE-KIT: Legion
WAVE: +2 (PIKEMAN,MEDIC) [rich]
WAVE: +2 (SNIPER,SCREENER) [rich]
WAVE: +2 (SNIPER,SCREENER) [rich]
REINFORCEMENTS: +2 (GRUNT,SCOUT)
REINFORCEMENTS: +2 (SCOUT,GRUNT)
match 20/20  (W:15 L:5 cap:0)  336.9s

══════════════════════ SIGHTLINE BALANCE REPORT ══════════════════════
runs=20  missions=87

RUN OUTCOMES (campaign):  win-rate   75%   avg missions cleared 5.4

POLICY GAP (optimal vs human-error; campaign runs only):
  greedy win-rate   80%  (n=10)
  sloppy win-rate   70%  (n=10)
  GAP   10 pts  (healthy slack)
  PAIRED (same-seed slots): pairs=10  concordant=7  discordant greedy-only-won=2 / sloppy-only-won=1  paired gap   10 pts
  PER-SLOT RECORDS (greedy | sloppy: outcome + missions cleared; margin = g−s):
    slot   0 @h-1: W 6 | W 6   margin +0
    slot   1 @h-1: W 6 | W 6   margin +0
    slot   2 @h-1: W 6 | L 5   margin +1
    slot   3 @h-1: L 2 | W 6   margin -4
    slot   4 @h-1: W 6 | W 6   margin +0
    slot   5 @h-1: L 3 | L 2   margin +1
    slot   6 @h-1: W 6 | W 6   margin +0
    slot   7 @h-1: W 6 | W 6   margin +0
    slot   8 @h-1: W 6 | W 6   margin +0
    slot   9 @h-1: W 6 | L 5   margin +1
  PAIRED MARGIN (missions cleared, all pairs): -0.10 ±0.46 SE  (n=10 pairs)
  by objective (greedy / sloppy / gap):
    Decapitate :  100% /   80% / gap   20
    Defend     :  100% /   89% / gap   11
    Eliminate  :  100% /  100% / gap    0
    Escort     :   60% /  100% / gap  -40
    Evac       :  100% /  100% / gap    0
    Hack       :  100% /  100% / gap    0
    Rescue     :  100% /  100% / gap    0
    Sabotage   :  100% /  100% / gap    0

DECISION RICHNESS / SWING:
  meaningful-choices/turn 2.79   lead-swings/match 0.6   avg max-swing 34.6
  [shot-gate] acting-soldiers/turn 3.73   armed-soldiers/turn 1.45   armed-fraction 39%   turns-with-a-shot 55%   choices/ARMED-soldier-turn 1.93
  [choice-split] los-targets/ARMED 2.11   target-choices/ARMED 0.46   position-choices/ARMED 1.46

RUN COMPLETION BY HEAT (full-campaign clears):
  heat -1:   75% ±10  (n=20 runs, avg 5.4 missions)

INTEL ECONOMY BY HEAT (campaign runs; heat-bonus = the Heat.IntelBonus share of income):
  heat -1: earned  154.2/run   heat-bonus   0.0 (   0% of income)   spent  141.1   unspent   13.1

MISSION WIN-RATE BY HEAT:
  heat -1:   94%  (n=87, avg 6.5 turns)

MISSION WIN-RATE BY OBJECTIVE:
  Eliminate  :  100% ±0  (n=22, avg 2.5 turns)
  Decapitate :   89% ±7  (n=19, avg 3.7 turns)
  Defend     :   94% ±6  (n=17, avg 9.0 turns)
  Escort     :   78% ±14  (n=9, avg 18.1 turns)
  Hack       :  100% ±0  (n=8, avg 3.4 turns)
  Evac       :  100% ±0  (n=6, avg 11.7 turns)
  Rescue     :  100% ±0  (n=4, avg 5.8 turns)
  Sabotage   :  100% ±0  (n=2, avg 3.0 turns)

MISSION WIN-RATE BY MISSION #:
  m1:  100% ±0  (n=20)
  m2:  100% ±0  (n=6)
  m3:   86% ±9  (n=14)
  m4:   94% ±6  (n=16)
  m5:  100% ±0  (n=14)
  m6:   88% ±8  (n=17)

LOSS CAUSES (missions):
  RUN OVER              : 3
  STALEMATE             : 2

MISSION WIN-RATE BY ARENA (authored layouts, n>=3; procedural fallback   10% of 87 missions):
  arena  2:  100% ±0  (n=3, avg 6.7 turns)  [m5:100%(2) m6:100%(1)]
  arena  4:   67% ±27  (n=3, avg 4.3 turns)  [m1:100%(2) m3:0%(1)]
  arena  7:  100% ±0  (n=4, avg 6.3 turns)  [m4:100%(2) m5:100%(2)]
  arena 11:  100% ±0  (n=4, avg 9.0 turns)  [m2:100%(2) m4:100%(2)]
  arena 14:  100% ±0  (n=7, avg 2.6 turns)  [m1:100%(6) m6:100%(1)]
  arena 16:  100% ±0  (n=4, avg 2.5 turns)  [m5:100%(2) m6:100%(2)]
  arena 26:   67% ±27  (n=3, avg 4.0 turns)  [m3:100%(1) m6:50%(2)]
  arena 27:  100% ±0  (n=6, avg 5.0 turns)  [m4:100%(4) m5:100%(2)]
  arena 28:   40% ±22  (n=5, avg 31.2 turns)  [m3:50%(2) m4:0%(1) m5:100%(1) m6:0%(1)]
  arena 31:  100% ±0  (n=4, avg 3.8 turns)  [m1:100%(2) m3:100%(2)]
  arena 33:  100% ±0  (n=9, avg 8.0 turns)  [m1:100%(1) m2:100%(2) m3:100%(2) m4:100%(2) m6:100%(2)]
  arena 34:  100% ±0  (n=3, avg 4.3 turns)  [m3:100%(1) m6:100%(2)]
  procedural:  100% ±0  (n=9, avg 8.0 turns)  [m1:100%(1) m3:100%(4) m4:100%(1) m5:100%(1) m6:100%(2)]

DEPLOYMENT GEOMETRY (opening shape; choices/ARMED is the wave's real gate):
  FRONTAL   :   97%  (n=37, avg 6.8 turns)  choices/turn 3.21  choices/ARMED 2.10  los-targets/ARMED 2.27
  PINCER    :   91%  (n=34, avg 7.2 turns)  choices/turn 2.63  choices/ARMED 1.78  los-targets/ARMED 1.98
  CROSSFIRE :   90% ±9  (n=10, avg 4.7 turns)  choices/turn 2.00  choices/ARMED 1.60  los-targets/ARMED 2.09
  ENVELOP   :  100% ±0  (n=6, avg 4.5 turns)  choices/turn 1.60  choices/ARMED 2.00  los-targets/ARMED 1.50

ARENA FUNNEL (Mission.Build exits, n=94 builds, all modes):
  authored-applied    :  89.4%  (n=84)
  connectivity-reject :   0.0%  (n=0)
  procedural-roll     :  10.6%  (n=10)

DECK EXPOSURE (campaign runs n=20):
  distinct authored arenas/run : 3.90 mean (all runs)
  ... full-depth runs only     : 4.27 mean over 4.7 fights/run (n=15)
  Defend dealt on the route    :   85% of runs (n=17)

ACTION MIX (verbs issued, by policy):
  verb                  greedy        sloppy
  MOVE               682   39%     633   37%
  SHOOT              286   16%     378   22%
  HUNKER             331   19%     286   17%
  OVERWATCH          210   12%      51    3%
  FOCUS               40    2%      55    3%
  BRACE               39    2%      56    3%
  INTEL               35    2%      41    2%
  RELOAD              25    1%      41    2%
  STABILIZE           16    1%      28    2%
  SLIPSTREAM          16    1%      21    1%
  MARK                15    1%      17    1%
  PIN                 13    1%      12    1%
  ITEM:SMOKE           5    0%      18    1%
  BEACON               9    1%       8    0%
  HACK                 9    1%       8    0%
  GRENADE              4    0%       8    0%
  REARM                3    0%       7    0%
  PATCH                3    0%       7    0%
  GRAPPLE              2    0%       7    0%
  EXTRACT              5    0%       4    0%
  DRAG                 9    1%       0    0%
  PLANT                3    0%       3    0%
  BARREL               1    0%       1    0%

PLAYER CLASS PERFORMANCE:
  class        shots   hit%   dmg   kills
  SHARPSHOOTER    147    90%    973     64
  GUNNER         191    88%    902     59
  RANGER         138    88%    860     52
  ASSAULT        144    87%    582     19
  CORPSMAN        68    76%    174     10

SOLDIER DEATHS BY ENEMY CLASS (threat ranking):
  BURN       : 7
  GRUNT      : 6
  SNIPER     : 5
  BRUISER    : 5
  LANCER     : 4
  SCREENER   : 3
  MORTAR     : 3
  ELITE      : 3
  SHIELD     : 3
  BERSERKER  : 3
  TURRET     : 2
  MEDIC      : 2
  DRONE      : 1
  SAPPER     : 1
  PIKEMAN    : 1
  HUNTER     : 1
  WARBRINGER : 1

SOLDIER DOWNS (FUL-7 bleed-out): 146 downs -> revived 7 / recovered 58 / bled out 63 / finished 17  (save-rate   45%)
  corpsman fielded in 31 missions

ENEMY COMPOSITION (spawns; faction-stamped fights n=469 / default-cascade fights n=145):
  class        faction         default
  GRUNT           59   13%       32   22%
  SCOUT           20    4%       40   28%
  ELITE           38    8%       10    7%
  DRONE           34    7%       13    9%
  SCREENER        36    8%        6    4%
  MORTAR          33    7%        4    3%
  MEDIC           30    6%        6    4%
  PIKEMAN         27    6%        4    3%
  BRUISER         25    5%        6    4%
  SNIPER          27    6%        2    1%
  SHIELD          26    6%        0    0%
  LANCER          17    4%        7    5%
  SAPPER          20    4%        0    0%
  BERSERKER       11    2%        7    5%
  SPOTTER         15    3%        0    0%
  HUNTER           9    2%        5    3%
  WARBRINGER      12    3%        1    1%
  TURRET          12    3%        0    0%
  STRIKER          6    1%        0    0%
  CUSTODIAN        3    1%        2    1%
  HOUND            5    1%        0    0%
  BOMBARD          4    1%        0    0%

PERK PICK FREQUENCY:
  SKR           : 13
  GUN           : 12
  MOM           : 12
  CLH           : 12
  TNK           : 11
  RFX           : 11
  LCK           : 11
  CQB           : 11
  HRD           : 10
  EXC           : 10
  GRD           : 9
  MRK           : 9
  SGE           : 7
  FST           : 6
  BND           : 5
  OUT           : 5
  PLT           : 4
  BRK           : 2
  VNT           : 1

SHOP PURCHASE FREQUENCY:
  FIELD MEDKIT      : 58
  WPN: SCOPE        : 51
  WPN: HOLLOW POINT : 44
  BALLISTIC PLATING : 19
  WPN: STABILIZER   : 15
  COUNTER-PREP      : 15
  COMBAT STIMS      : 13
  ARMORY            : 10
  ADV. TRAINING     : 10
  WPN: EXTENDED MAG : 9
  FRAG CACHE        : 8
  WPN: SUPPRESSOR   : 7
  WPN: BIPOD        : 6

BOON PICK FREQUENCY (PROCS = effect fires at instrumented sites; '-' = not instrumented;
                      PYR counts the +2-turn-burn half only — the Burning-immunity half is uninstrumented):
  code                 picks   PROCS
  TRR               :     9      23
  ADR               :     8       -
  GRN               :     8       -
  FRT               :     6       -
  PYR               :     6       0
  FVR               :     5       -
  RCL               :     4       0
  SHK               :     4       0
  VNM               :     4       -
  GHO               :     3       -
  SCV               :     3       -
  EXE               :     2       -
  FDR               :     2       0
  FST               :     2      19
  RPD               :     1       -

RUN WIN-RATE BY BOON (campaign runs holding it):
  TRR               :   78% ±14  (in 9 runs)
  ADR               :   75% ±15  (in 8 runs)
  GRN               :   88% ±12  (in 8 runs)
  FRT               :   67% ±19  (in 6 runs)
  PYR               :   83% ±15  (in 6 runs)
  FVR               :   80% ±18  (in 5 runs)
  RCL               :   75% ±22  (in 4 runs)
  SHK               :  100% ±0  (in 4 runs)
  VNM               :  100% ±0  (in 4 runs)
  GHO               :  100% ±0  (in 3 runs)
  SCV               :  100% ±0  (in 3 runs)
  EXE               :   50% ±35  (in 2 runs)
  FDR               :  100% ±0  (in 2 runs)
  FST               :   50% ±35  (in 2 runs)
  RPD               :  100% ±0  (in 1 runs)

RUN WIN-RATE BY SPEC (campaign runs fielding it):
  PTH               :  100% ±0  (in 4 runs)
  SNT               :   50% ±25  (in 4 runs)
  ANC               :   67% ±27  (in 3 runs)
  HHT               :  100% ±0  (in 3 runs)
  PHN               :  100% ±0  (in 2 runs)
  ADN               :  100% ±0  (in 1 runs)
  JUG               :  100% ±0  (in 1 runs)
  MED               :  100% ±0  (in 1 runs)

RUN WIN-RATE BY PERK (campaign runs holding it):
  GUN               :   73% ±13  (in 11 runs)
  CLH               :   80% ±13  (in 10 runs)
  HRD               :   70% ±14  (in 10 runs)
  CQB               :   89% ±10  (in 9 runs)
  EXC               :   89% ±10  (in 9 runs)
  MOM               :   89% ±10  (in 9 runs)
  SKR               :   67% ±16  (in 9 runs)
  TNK               :   89% ±10  (in 9 runs)
  GRD               :   88% ±12  (in 8 runs)
  RFX               :   88% ±12  (in 8 runs)
  LCK               :   57% ±19  (in 7 runs)
  SGE               :  100% ±0  (in 6 runs)
  BND               :  100% ±0  (in 5 runs)
  FST               :  100% ±0  (in 5 runs)
  MRK               :   80% ±18  (in 5 runs)
  OUT               :   60% ±22  (in 5 runs)
  PLT               :   67% ±27  (in 3 runs)
  BRK               :  100% ±0  (in 2 runs)
  VNT               :  100% ±0  (in 1 runs)

RUN WIN-RATE BY PURCHASE (campaign runs buying it):
  FIELD MEDKIT      :   78% ±10  (in 18 runs)
  WPN: HOLLOW POINT :   79% ±11  (in 14 runs)
  WPN: SCOPE        :   77% ±12  (in 13 runs)
  BALLISTIC PLATING :   83% ±11  (in 12 runs)
  COUNTER-PREP      :   80% ±13  (in 10 runs)
  COMBAT STIMS      :   89% ±10  (in 9 runs)
  WPN: STABILIZER   :   67% ±16  (in 9 runs)
  ARMORY            :   88% ±12  (in 8 runs)
  WPN: EXTENDED MAG :   88% ±12  (in 8 runs)
  FRAG CACHE        :   57% ±19  (in 7 runs)
  ADV. TRAINING     :  100% ±0  (in 6 runs)
  WPN: SUPPRESSOR   :  100% ±0  (in 5 runs)
  WPN: BIPOD        :  100% ±0  (in 4 runs)

RUN WIN-RATE BY EVENT-CHOICE (campaign runs taking id:arm):
  warchest:1        :  100% ±0  (in 4 runs)
  warpension:1      :   50% ±25  (in 4 runs)
  bloodfeud:0       :   50% ±35  (in 2 runs)
  cache:1           :   50% ±35  (in 2 runs)
  defector:0        :  100% ±0  (in 2 runs)
  depot:0           :  100% ±0  (in 2 runs)
  depot:1           :  100% ±0  (in 2 runs)
  drill:0           :  100% ±0  (in 2 runs)
  fieldhospital:2   :  100% ±0  (in 2 runs)
  grave:1           :   50% ±35  (in 2 runs)
  defector:1        :  100% ±0  (in 1 runs)
═══════════════════════════════════════════════════════════════════════

batch wall-time: 336.9s  (20 matches across 10 campaigns × 2 policy, frame-cap hits: 0)
aggregate JSON -> /home/user/wt/x2/docs/measurements/x2/S1-hR-b0.json
INFO: TEXTURE: [ID 2] Unloaded texture data from VRAM (GPU)
INFO: SHADER: [ID 3] Default shader unloaded successfully
INFO: TEXTURE: [ID 1] Default texture unloaded successfully
INFO: Window closed successfully
