INFO: Initializing raylib 6.0
INFO: Platform backend: DESKTOP (GLFW)
INFO: Supported raylib modules:
INFO:     > rcore:..... loaded (mandatory)
INFO:     > rlgl:...... loaded (mandatory)
INFO:     > rshapes:... loaded (optional)
INFO:     > rtextures:. loaded (optional)
INFO:     > rtext:..... loaded (optional)
INFO:     > rmodels:... loaded (optional)
INFO:     > raudio:.... loaded (optional)
INFO: DISPLAY: Trying to enable MSAA x4
INFO: DISPLAY: Device initialized successfully 
INFO:     > Display size: 1280 x 800
INFO:     > Screen size:  1280 x 800
INFO:     > Render size:  1280 x 800
INFO:     > Viewport offsets: 0, 0
INFO: GLAD: OpenGL extensions loaded successfully
INFO: GL: Supported extensions count: 229
INFO: GL: OpenGL device information:
INFO:     > Vendor:   Mesa
INFO:     > Renderer: llvmpipe (LLVM 20.1.2, 256 bits)
INFO:     > Version:  4.5 (Core Profile) Mesa 25.2.8-0ubuntu0.24.04.2
INFO:     > GLSL:     4.50
INFO: GL: VAO extension detected, VAO functions loaded successfully
INFO: GL: NPOT textures extension detected, full NPOT textures supported
INFO: GL: DXT compressed textures supported
INFO: GL: ETC2/EAC compressed textures supported
INFO: PLATFORM: DESKTOP (GLFW - X11): Initialized successfully
INFO: TEXTURE: [ID 1] Texture loaded successfully (1x1 | R8G8B8A8 | 1 mipmaps)
INFO: TEXTURE: [ID 1] Default texture loaded successfully
INFO: SHADER: [ID 1] Vertex shader compiled successfully
INFO: SHADER: [ID 2] Fragment shader compiled successfully
INFO: SHADER: [ID 3] Program shader loaded successfully
INFO: SHADER: [ID 3] Default shader loaded successfully
INFO: RLGL: Render batch vertex buffers loaded successfully in RAM (CPU)
INFO: RLGL: Render batch vertex buffers loaded successfully in VRAM (GPU)
INFO: RLGL: Default OpenGL state initialized successfully
INFO: TEXTURE: [ID 2] Texture loaded successfully (128x128 | GRAY_ALPHA | 1 mipmaps)
INFO: FONT: Default font loaded successfully (224 glyphs)
INFO: SYSTEM: Working Directory: /home/user/wt/x2
INFO: TIMER: Target time per frame: 0.000 milliseconds
FINALE-KIT: Syndicate
WAVE: +2 (SPOTTER,DRONE) [rich]
WAVE: +2 (SAPPER,SHIELD) [rich]
WAVE: +2 (SAPPER,SHIELD) [rich]
REINFORCEMENTS: +2 (GRUNT,GRUNT)
FINALE-KIT: Syndicate
WAVE: +2 (GRUNT,SAPPER) [rich]
WAVE: +2 (GRUNT,SPOTTER) [rich]
WAVE: +2 (SPOTTER,DRONE) [rich]
FINALE-KIT: Wardens
WAVE: +3 (MEDIC,GRUNT,SNIPER) [rich]
WAVE: +3 (SNIPER,GRUNT,SNIPER) [rich]
WAVE: +3 (MEDIC,CUSTODIAN,CUSTODIAN) [rich]
WAVE: +3 (MORTAR,MORTAR,SCREENER) [rich]
WAVE: +3 (SCREENER,SNIPER,SNIPER) [rich]
FINALE-KIT: Wardens
WAVE: +3 (GRUNT,MEDIC,GRUNT) [rich]
WAVE: +3 (MORTAR,SNIPER,SNIPER) [rich]
WAVE: +2 (MORTAR,PIKEMAN) [rich]
FINALE-KIT: Wardens
WAVE: +3 (SNIPER,MEDIC,PIKEMAN) [rich]
WAVE: +3 (CUSTODIAN,GRUNT,SNIPER) [rich]
WAVE: +3 (MEDIC,SNIPER,MORTAR) [rich]
WAVE: +3 (MEDIC,SCREENER,SNIPER) [rich]
WAVE: +3 (SCREENER,PIKEMAN,SNIPER) [rich]
match 5/20  (W:1 L:4 cap:0)  113.4s
FINALE-KIT: Wardens
WAVE: +3 (GRUNT,PIKEMAN,GRUNT) [rich]
WAVE: +3 (GRUNT,MORTAR,MORTAR) [rich]
WAVE: +3 (SCREENER,SNIPER,SCREENER) [rich]
REINFORCEMENTS: +2 (GRUNT,SCOUT)
FINALE-KIT: Legion
WAVE: +3 (SAPPER,SHIELD,DRONE) [rich]
WAVE: +3 (DRONE,DRONE,SCREENER) [rich]
WAVE: +2 (SHIELD,CUSTODIAN) [rich]
REINFORCEMENTS: +2 (SCOUT,SCOUT)
FINALE-KIT: Legion
WAVE: +3 (SHIELD,DRONE,SAPPER) [rich]
WAVE: +3 (GRUNT,SAPPER,SPOTTER) [rich]
REINFORCEMENTS: +2 (GRUNT,GRUNT)
REINFORCEMENTS: +2 (SCOUT,GRUNT)
REINFORCEMENTS: +3 (SCOUT,GRUNT,SCOUT)
FINALE-KIT: Legion
FINALE-KIT: Legion
WAVE: +3 (SNIPER,SNIPER,MEDIC) [rich]
WAVE: +2 (SCREENER,SCREENER) [rich]
WAVE: +1 (PIKEMAN) [rich]
match 10/20  (W:2 L:8 cap:0)  251.0s
FINALE-KIT: Legion
WAVE: +2 (BRUISER,BERSERKER) [rich]
WAVE: +2 (STRIKER,HOUND) [rich]
WAVE: +2 (BERSERKER,HUNTER) [rich]
WAVE: +2 (WARBRINGER,BRUISER) [rich]
WAVE: +2 (BERSERKER,LANCER) [rich]
FINALE-KIT: Legion
WAVE: +2 (BERSERKER,STRIKER) [rich]
WAVE: +2 (BRUISER,BRUISER) [rich]
WAVE: +2 (HUNTER,BRUISER) [rich]
FINALE-KIT: Wardens
WAVE: +2 (GRUNT,SHIELD) [rich]
WAVE: +2 (SAPPER,SAPPER) [rich]
WAVE: +2 (DRONE,SHIELD) [rich]
FINALE-KIT: Wardens
WAVE: +2 (SPOTTER,DRONE) [rich]
WAVE: +2 (SAPPER,SHIELD) [rich]
WAVE: +2 (SPOTTER,GRUNT) [rich]
REINFORCEMENTS: +2 (GRUNT,SCOUT)
REINFORCEMENTS: +2 (SCOUT,GRUNT)
REINFORCEMENTS: +3 (GRUNT,GRUNT,SCOUT)
REINFORCEMENTS: +2 (GRUNT,SCOUT)
FINALE-KIT: Wardens
match 15/20  (W:3 L:12 cap:0)  346.1s
FINALE-KIT: Wardens
FINALE-KIT: Wardens
WAVE: +3 (GRUNT,SNIPER,GRUNT) [rich]
WAVE: +2 (MORTAR,GRUNT) [rich]
FINALE-KIT: Wardens
WAVE: +3 (SNIPER,MORTAR,SNIPER) [rich]
WAVE: +3 (SCOUT,SCOUT,MEDIC) [rich]
WAVE: +1 (PIKEMAN) [rich]
WAVE: +3 (SNIPER,SNIPER,SCREENER) [rich]
WAVE: +2 (MEDIC,GRUNT) [rich]
FINALE-KIT: Legion
WAVE: +2 (MORTAR,MEDIC) [rich]
WAVE: +2 (PIKEMAN,SCREENER) [rich]
WAVE: +2 (SCREENER,MEDIC) [rich]
WAVE: +2 (GRUNT,SCOUT) [rich]
WAVE: +2 (SNIPER,MORTAR) [rich]
FINALE-KIT: Legion
WAVE: +2 (SNIPER,GRUNT) [rich]
WAVE: +2 (SNIPER,SNIPER) [rich]
WAVE: +2 (MORTAR,SCREENER) [rich]
REINFORCEMENTS: +2 (SCOUT,GRUNT)
match 20/20  (W:5 L:15 cap:0)  434.6s

══════════════════════ SIGHTLINE BALANCE REPORT ══════════════════════
runs=20  missions=75

RUN OUTCOMES (campaign):  win-rate   25%   avg missions cleared 4.3

POLICY GAP (optimal vs human-error; campaign runs only):
  greedy win-rate   20%  (n=10)
  sloppy win-rate   30%  (n=10)
  GAP  -10 pts  (healthy slack)
  PAIRED (same-seed slots): pairs=10  concordant=7  discordant greedy-only-won=1 / sloppy-only-won=2  paired gap  -10 pts
  PER-SLOT RECORDS (greedy | sloppy: outcome + missions cleared; margin = g−s):
    slot   0 @h4: L 5 | W 6   margin -1
    slot   1 @h4: L 4 | L 3   margin +1
    slot   2 @h4: L 4 | L 5   margin -1
    slot   3 @h4: L 5 | L 5   margin +0
    slot   4 @h4: L 2 | W 6   margin -4
    slot   5 @h4: L 3 | L 2   margin +1
    slot   6 @h4: L 3 | L 3   margin +0
    slot   7 @h4: W 6 | W 6   margin +0
    slot   8 @h4: W 6 | L 3   margin +3
    slot   9 @h4: L 5 | L 3   margin +2
  PAIRED MARGIN (missions cleared, all pairs): +0.10 ±0.60 SE  (n=10 pairs)
  by objective (greedy / sloppy / gap):
    Decapitate :   33% /   67% / gap  -33
    Defend     :  100% /   67% / gap   33
    Eliminate  :   91% /   91% / gap    0
    Escort     :   80% /  100% / gap  -20
    Evac       :   50% /  100% / gap  -50
    Hack       :  100% /   75% / gap   25
    Rescue     :  100% /  100% / gap    0
    Sabotage   :    0% /  100% / gap -100

DECISION RICHNESS / SWING:
  meaningful-choices/turn 3.10   lead-swings/match 0.6   avg max-swing 55.2
  [shot-gate] acting-soldiers/turn 3.53   armed-soldiers/turn 1.64   armed-fraction 47%   turns-with-a-shot 63%   choices/ARMED-soldier-turn 1.89
  [choice-split] los-targets/ARMED 3.23   target-choices/ARMED 0.56   position-choices/ARMED 1.33

RUN COMPLETION BY HEAT (full-campaign clears):
  heat 4:   25% ±10  (n=20 runs, avg 4.3 missions)

INTEL ECONOMY BY HEAT (campaign runs; heat-bonus = the Heat.IntelBonus share of income):
  heat 4: earned  177.7/run   heat-bonus  55.0 (  31% of income)   spent  161.5   unspent   16.2

MISSION WIN-RATE BY HEAT:
  heat 4:   80%  (n=75, avg 6.3 turns)

MISSION WIN-RATE BY OBJECTIVE:
  Eliminate  :   91% ±6  (n=22, avg 3.5 turns)
  Defend     :   82% ±9  (n=17, avg 8.5 turns)
  Decapitate :   50% ±14  (n=12, avg 5.2 turns)
  Escort     :   89% ±10  (n=9, avg 12.8 turns)
  Hack       :   86% ±13  (n=7, avg 3.9 turns)
  Evac       :   67% ±27  (n=3, avg 8.3 turns)
  Rescue     :  100% ±0  (n=3, avg 3.0 turns)
  Sabotage   :   50% ±35  (n=2, avg 5.5 turns)

MISSION WIN-RATE BY MISSION #:
  m1:  100% ±0  (n=20)
  m2:  100% ±0  (n=6)
  m3:   86% ±9  (n=14)
  m4:   63% ±12  (n=16)
  m5:   78% ±14  (n=9)
  m6:   50% ±16  (n=10)

LOSS CAUSES (missions):
  RUN OVER              : 14
  STALEMATE             : 1

MISSION WIN-RATE BY ARENA (authored layouts, n>=3; procedural fallback   16% of 75 missions):
  arena  2:   50% ±25  (n=4, avg 4.3 turns)  [m5:100%(2) m6:0%(2)]
  arena  4:   75% ±22  (n=4, avg 5.5 turns)  [m1:100%(2) m3:50%(2)]
  arena 11:  100% ±0  (n=5, avg 9.0 turns)  [m2:100%(1) m4:100%(4)]
  arena 14:   88% ±12  (n=8, avg 3.1 turns)  [m1:100%(6) m6:50%(2)]
  arena 26:   33% ±27  (n=3, avg 5.7 turns)  [m3:50%(2) m6:0%(1)]
  arena 27:   50% ±25  (n=4, avg 5.8 turns)  [m4:50%(2) m5:50%(2)]
  arena 28:   33% ±27  (n=3, avg 25.7 turns)  [m3:100%(1) m4:0%(1) m6:0%(1)]
  arena 31:  100% ±0  (n=4, avg 3.3 turns)  [m1:100%(2) m3:100%(2)]
  arena 33:  100% ±0  (n=7, avg 6.1 turns)  [m1:100%(2) m2:100%(2) m3:100%(2) m4:100%(1)]
  procedural:   83% ±11  (n=12, avg 8.4 turns)  [m1:100%(2) m2:100%(1) m3:100%(3) m4:67%(3) m5:50%(2) m6:100%(1)]

DEPLOYMENT GEOMETRY (opening shape; choices/ARMED is the wave's real gate):
  FRONTAL   :   80%  (n=30, avg 6.7 turns)  choices/turn 3.45  choices/ARMED 1.84  los-targets/ARMED 3.51
  PINCER    :   75%  (n=32, avg 6.3 turns)  choices/turn 3.11  choices/ARMED 2.03  los-targets/ARMED 3.25
  CROSSFIRE :   86% ±13  (n=7, avg 5.6 turns)  choices/turn 1.50  choices/ARMED 1.59  los-targets/ARMED 1.91
  ENVELOP   :  100% ±0  (n=6, avg 4.5 turns)  choices/turn 2.68  choices/ARMED 1.60  los-targets/ARMED 1.74

ARENA FUNNEL (Mission.Build exits, n=90 builds, all modes):
  authored-applied    :  82.2%  (n=74)
  connectivity-reject :   0.0%  (n=0)
  procedural-roll     :  17.8%  (n=16)

DECK EXPOSURE (campaign runs n=20):
  distinct authored arenas/run : 3.15 mean (all runs)
  ... full-depth runs only     : 4.00 mean over 4.6 fights/run (n=5)
  Defend dealt on the route    :   85% of runs (n=17)

ACTION MIX (verbs issued, by policy):
  verb                  greedy        sloppy
  MOVE               547   32%     522   43%
  SHOOT              349   21%     298   25%
  HUNKER             325   19%      66    5%
  OVERWATCH          131    8%      30    2%
  BRACE               68    4%      53    4%
  FOCUS               53    3%      35    3%
  RELOAD              50    3%      29    2%
  INTEL               36    2%      36    3%
  STABILIZE           33    2%      32    3%
  SLIPSTREAM          25    1%      18    1%
  MARK                12    1%      21    2%
  PIN                 11    1%      16    1%
  ITEM:SMOKE           9    1%      14    1%
  HACK                 6    0%       8    1%
  BEACON               7    0%       5    0%
  REARM                7    0%       4    0%
  GRAPPLE              6    0%       4    0%
  EXTRACT              4    0%       5    0%
  PATCH                4    0%       5    0%
  GRENADE              4    0%       4    0%
  BARREL               5    0%       2    0%
  PLANT                2    0%       3    0%
  ITEM:INCENDIARY       0    0%       2    0%

PLAYER CLASS PERFORMANCE:
  class        shots   hit%   dmg   kills
  SHARPSHOOTER    138    90%    845     57
  RANGER         121    88%    760     49
  GUNNER         168    86%    732     50
  ASSAULT        169    86%    720     42
  CORPSMAN        42    79%    142      3

SOLDIER DEATHS BY ENEMY CLASS (threat ranking):
  SNIPER     : 15
  MORTAR     : 13
  GRUNT      : 8
  ELITE      : 8
  STRIKE     : 8
  TURRET     : 6
  SCREENER   : 6
  HUNTER     : 6
  SHIELD     : 5
  SCOUT      : 4
  BERSERKER  : 4
  LANCER     : 4
  HOUND      : 4
  DRONE      : 3
  BURN       : 3
  SAPPER     : 3
  WARBRINGER : 3
  BRUISER    : 3
  SPOTTER    : 1
  PIKEMAN    : 1
  STRIKER    : 1

SOLDIER DOWNS (FUL-7 bleed-out): 218 downs -> revived 6 / recovered 40 / bled out 151 / finished 21  (save-rate   21%)
  corpsman fielded in 28 missions

ENEMY COMPOSITION (spawns; faction-stamped fights n=603 / default-cascade fights n=203):
  class        faction         default
  GRUNT           57    9%       51   25%
  SCOUT           24    4%       45   22%
  MORTAR          52    9%        9    4%
  SNIPER          52    9%        3    1%
  DRONE           40    7%        8    4%
  SCREENER        47    8%        0    0%
  SHIELD          40    7%        3    1%
  ELITE           33    5%        8    4%
  MEDIC           29    5%        9    4%
  TURRET          26    4%        8    4%
  HUNTER          31    5%        2    1%
  BERSERKER       22    4%       11    5%
  SAPPER          25    4%        6    3%
  SPOTTER         23    4%        7    3%
  PIKEMAN         24    4%        3    1%
  LANCER          19    3%        4    2%
  STRIKER         11    2%        9    4%
  CUSTODIAN       18    3%        0    0%
  HOUND            1    0%       16    8%
  BRUISER         12    2%        0    0%
  WARBRINGER      10    2%        0    0%
  BOMBARD          7    1%        1    0%

PERK PICK FREQUENCY:
  MOM           : 15
  LCK           : 12
  SKR           : 12
  EXC           : 10
  FST           : 9
  MRK           : 9
  RFX           : 9
  OUT           : 9
  GUN           : 9
  SGE           : 7
  GRD           : 7
  BND           : 7
  CLH           : 6
  CQB           : 6
  HRD           : 6
  VNT           : 5
  BRK           : 5
  PLT           : 4
  TNK           : 4

SHOP PURCHASE FREQUENCY:
  FIELD MEDKIT      : 56
  WPN: SCOPE        : 48
  WPN: HOLLOW POINT : 42
  COMBAT STIMS      : 41
  BALLISTIC PLATING : 34
  WPN: SUPPRESSOR   : 14
  FRAG CACHE        : 13
  WPN: BIPOD        : 12
  ADV. TRAINING     : 12
  WPN: EXTENDED MAG : 12
  WPN: STABILIZER   : 11
  ARMORY            : 11
  COUNTER-PREP      : 10

BOON PICK FREQUENCY (PROCS = effect fires at instrumented sites; '-' = not instrumented;
                      PYR counts the +2-turn-burn half only — the Burning-immunity half is uninstrumented):
  code                 picks   PROCS
  GHO               :     7       -
  EXE               :     5       -
  MRK               :     5       -
  RCL               :     5       0
  SCV               :     5       -
  FRT               :     4       -
  FST               :     4      50
  RPD               :     4       -
  GRN               :     3       -
  PYR               :     3       1
  TRR               :     3       8
  ADR               :     2       -
  SHK               :     2       2
  FDR               :     1       0
  FVR               :     1       -
  VNM               :     1       -

RUN WIN-RATE BY BOON (campaign runs holding it):
  GHO               :   43% ±19  (in 7 runs)
  EXE               :   20% ±18  (in 5 runs)
  MRK               :   20% ±18  (in 5 runs)
  RCL               :   20% ±18  (in 5 runs)
  SCV               :   60% ±22  (in 5 runs)
  FRT               :   75% ±22  (in 4 runs)
  FST               :   50% ±25  (in 4 runs)
  RPD               :    0% ±0  (in 4 runs)
  GRN               :   67% ±27  (in 3 runs)
  PYR               :    0% ±0  (in 3 runs)
  TRR               :   33% ±27  (in 3 runs)
  ADR               :   50% ±35  (in 2 runs)
  SHK               :    0% ±0  (in 2 runs)
  FDR               :    0% ±0  (in 1 runs)
  FVR               :    0% ±0  (in 1 runs)
  VNM               :    0% ±0  (in 1 runs)

RUN WIN-RATE BY SPEC (campaign runs fielding it):
  HHT               :   50% ±25  (in 4 runs)
  SNT               :   50% ±25  (in 4 runs)
  ANC               :    0% ±0  (in 3 runs)
  PTH               :    0% ±0  (in 3 runs)
  BRC               :   50% ±35  (in 2 runs)
  JUG               :    0% ±0  (in 2 runs)
  PHN               :    0% ±0  (in 2 runs)
  MED               :  100% ±0  (in 1 runs)

RUN WIN-RATE BY PERK (campaign runs holding it):
  MOM               :   18% ±12  (in 11 runs)
  EXC               :   40% ±15  (in 10 runs)
  LCK               :   20% ±13  (in 10 runs)
  SKR               :   30% ±14  (in 10 runs)
  FST               :   33% ±16  (in 9 runs)
  MRK               :   13% ±12  (in 8 runs)
  OUT               :   50% ±18  (in 8 runs)
  BND               :   29% ±17  (in 7 runs)
  CLH               :   17% ±15  (in 6 runs)
  CQB               :   50% ±20  (in 6 runs)
  GUN               :   33% ±19  (in 6 runs)
  RFX               :   33% ±19  (in 6 runs)
  BRK               :   20% ±18  (in 5 runs)
  GRD               :   40% ±22  (in 5 runs)
  SGE               :   20% ±18  (in 5 runs)
  VNT               :    0% ±0  (in 5 runs)
  HRD               :   50% ±25  (in 4 runs)
  PLT               :    0% ±0  (in 4 runs)
  TNK               :   25% ±22  (in 4 runs)

RUN WIN-RATE BY PURCHASE (campaign runs buying it):
  FIELD MEDKIT      :   29% ±11  (in 17 runs)
  WPN: HOLLOW POINT :   27% ±11  (in 15 runs)
  COMBAT STIMS      :   38% ±13  (in 13 runs)
  WPN: SCOPE        :   42% ±14  (in 12 runs)
  BALLISTIC PLATING :   36% ±15  (in 11 runs)
  ARMORY            :   22% ±14  (in 9 runs)
  WPN: BIPOD        :   33% ±16  (in 9 runs)
  WPN: SUPPRESSOR   :   33% ±16  (in 9 runs)
  COUNTER-PREP      :   38% ±17  (in 8 runs)
  FRAG CACHE        :   25% ±15  (in 8 runs)
  WPN: EXTENDED MAG :   57% ±19  (in 7 runs)
  WPN: STABILIZER   :    0% ±0  (in 7 runs)
  ADV. TRAINING     :   17% ±15  (in 6 runs)

RUN WIN-RATE BY EVENT-CHOICE (campaign runs taking id:arm):
  warchest:1        :   25% ±22  (in 4 runs)
  warpension:1      :    0% ±0  (in 4 runs)
  cache:1           :    0% ±0  (in 2 runs)
  defector:0        :  100% ±0  (in 2 runs)
  defector:1        :    0% ±0  (in 2 runs)
  depot:0           :   50% ±35  (in 2 runs)
  depot:1           :   50% ±35  (in 2 runs)
  drill:0           :  100% ±0  (in 2 runs)
  fieldhospital:2   :    0% ±0  (in 2 runs)
  grave:1           :    0% ±0  (in 2 runs)
  bloodfeud:0       :    0% ±0  (in 1 runs)
═══════════════════════════════════════════════════════════════════════

batch wall-time: 434.6s  (20 matches across 10 campaigns × 2 policy, frame-cap hits: 0)
aggregate JSON -> /home/user/wt/x2/docs/measurements/x2/S1-h4-b0.json
INFO: TEXTURE: [ID 2] Unloaded texture data from VRAM (GPU)
INFO: SHADER: [ID 3] Default shader unloaded successfully
INFO: TEXTURE: [ID 1] Default texture unloaded successfully
INFO: Window closed successfully
