INFO: Initializing raylib 6.0
INFO: Platform backend: DESKTOP (GLFW)
INFO: Supported raylib modules:
INFO:     > rcore:..... loaded (mandatory)
INFO:     > rlgl:...... loaded (mandatory)
INFO:     > rshapes:... loaded (optional)
INFO:     > rtextures:. loaded (optional)
INFO:     > rtext:..... loaded (optional)
INFO:     > rmodels:... loaded (optional)
INFO:     > raudio:.... loaded (optional)
INFO: DISPLAY: Trying to enable MSAA x4
INFO: DISPLAY: Device initialized successfully 
INFO:     > Display size: 1280 x 800
INFO:     > Screen size:  1280 x 800
INFO:     > Render size:  1280 x 800
INFO:     > Viewport offsets: 0, 0
INFO: GLAD: OpenGL extensions loaded successfully
INFO: GL: Supported extensions count: 229
INFO: GL: OpenGL device information:
INFO:     > Vendor:   Mesa
INFO:     > Renderer: llvmpipe (LLVM 20.1.2, 256 bits)
INFO:     > Version:  4.5 (Core Profile) Mesa 25.2.8-0ubuntu0.24.04.2
INFO:     > GLSL:     4.50
INFO: GL: VAO extension detected, VAO functions loaded successfully
INFO: GL: NPOT textures extension detected, full NPOT textures supported
INFO: GL: DXT compressed textures supported
INFO: GL: ETC2/EAC compressed textures supported
INFO: PLATFORM: DESKTOP (GLFW - X11): Initialized successfully
INFO: TEXTURE: [ID 1] Texture loaded successfully (1x1 | R8G8B8A8 | 1 mipmaps)
INFO: TEXTURE: [ID 1] Default texture loaded successfully
INFO: SHADER: [ID 1] Vertex shader compiled successfully
INFO: SHADER: [ID 2] Fragment shader compiled successfully
INFO: SHADER: [ID 3] Program shader loaded successfully
INFO: SHADER: [ID 3] Default shader loaded successfully
INFO: RLGL: Render batch vertex buffers loaded successfully in RAM (CPU)
INFO: RLGL: Render batch vertex buffers loaded successfully in VRAM (GPU)
INFO: RLGL: Default OpenGL state initialized successfully
INFO: TEXTURE: [ID 2] Texture loaded successfully (128x128 | GRAY_ALPHA | 1 mipmaps)
INFO: FONT: Default font loaded successfully (224 glyphs)
INFO: SYSTEM: Working Directory: /home/user/wt/x2
INFO: TIMER: Target time per frame: 0.000 milliseconds
FINALE-KIT: Syndicate
FINALE-KIT: Syndicate
WAVE: +3 (DRONE,HUNTER,SPOTTER) [rich]
WAVE: +3 (HUNTER,SNIPER,LANCER) [rich]
WAVE: +3 (SHIELD,MEDIC,GRUNT) [rich]
WAVE: +3 (STRIKER,HUNTER,SNIPER) [rich]
WAVE: +3 (CUSTODIAN,HUNTER,SAPPER) [rich]
WAVE: +3 (BERSERKER,STRIKER,SAPPER) [rich]
REINFORCEMENTS: +2 (GRUNT,GRUNT)
FINALE-KIT: Syndicate
WAVE: +2 (BRUISER,BRUISER) [rich]
WAVE: +2 (HUNTER,HUNTER) [rich]
WAVE: +2 (BERSERKER,WARBRINGER) [rich]
FINALE-KIT: Syndicate
WAVE: +2 (LANCER,HUNTER) [rich]
WAVE: +2 (HOUND,HUNTER) [rich]
WAVE: +2 (HUNTER,BRUISER) [rich]
FINALE-KIT: Syndicate
WAVE: +2 (BERSERKER,SCOUT) [rich]
WAVE: +2 (HUNTER,BERSERKER) [rich]
WAVE: +2 (WARBRINGER,BRUISER) [rich]
WAVE: +2 (SCOUT,BERSERKER) [rich]
WAVE: +2 (STRIKER,BRUISER) [rich]
match 5/20  (W:1 L:4 cap:0)  93.2s
FINALE-KIT: Syndicate
WAVE: +2 (LANCER,BRUISER) [rich]
WAVE: +2 (GRUNT,HUNTER) [rich]
WAVE: +2 (HOUND,HOUND) [rich]
WAVE: +2 (HUNTER,SCOUT) [rich]
WAVE: +2 (HOUND,BRUISER) [rich]
FINALE-KIT: Wardens
REINFORCEMENTS: +2 (SCOUT,GRUNT)
REINFORCEMENTS: +2 (GRUNT,SCOUT)
WAVE: +3 (SCOUT,PIKEMAN,CUSTODIAN) [rich]
WAVE: +3 (SNIPER,SNIPER,SCREENER) [rich]
WAVE: +3 (MORTAR,SNIPER,SNIPER) [rich]
FINALE-KIT: Wardens
REINFORCEMENTS: +2 (SCOUT,SCOUT)
FINALE-KIT: Syndicate
WAVE: +3 (MORTAR,CUSTODIAN,GRUNT) [rich]
WAVE: +3 (SCOUT,SNIPER,MEDIC) [rich]
WAVE: +2 (MORTAR,SCREENER) [rich]
FINALE-KIT: Syndicate
WAVE: +3 (MEDIC,GRUNT,MORTAR) [rich]
WAVE: +3 (GRUNT,MORTAR,SNIPER) [rich]
WAVE: +3 (SNIPER,CUSTODIAN,SNIPER) [rich]
match 10/20  (W:4 L:6 cap:0)  196.7s
FINALE-KIT: Wardens
WAVE: +2 (SCOUT,HUNTER) [rich]
WAVE: +2 (BERSERKER,HUNTER) [rich]
FINALE-KIT: Wardens
WAVE: +2 (HUNTER,BRUISER) [rich]
WAVE: +2 (SCOUT,STRIKER) [rich]
WAVE: +2 (LANCER,HUNTER) [rich]
FINALE-KIT: Wardens
WAVE: +3 (DRONE,DRONE,HUNTER) [rich]
WAVE: +3 (DRONE,LANCER,DRONE) [rich]
WAVE: +3 (SHIELD,SNIPER,GRUNT) [rich]
FINALE-KIT: Wardens
WAVE: +3 (GRUNT,SHIELD,GRUNT) [rich]
WAVE: +3 (SNIPER,HUNTER,MEDIC) [rich]
WAVE: +2 (SAPPER,SHIELD) [rich]
REINFORCEMENTS: +2 (SCOUT,GRUNT)
REINFORCEMENTS: +2 (SCOUT,GRUNT)
REINFORCEMENTS: +2 (SCOUT,GRUNT)
FINALE-KIT: Wardens
match 15/20  (W:6 L:9 cap:0)  306.9s
FINALE-KIT: Wardens
REINFORCEMENTS: +2 (GRUNT,SCOUT)
REINFORCEMENTS: +2 (SCOUT,GRUNT)
FINALE-KIT: Wardens
WAVE: +2 (STRIKER,HUNTER) [rich]
WAVE: +2 (BRUISER,STRIKER) [rich]
WAVE: +2 (GRUNT,GRUNT) [rich]
WAVE: +3 (LANCER,BERSERKER,SCOUT) [rich]
WAVE: +3 (SCOUT,HUNTER,HOUND) [rich]
WAVE: +3 (BERSERKER,HUNTER,SCOUT) [rich]
FINALE-KIT: Wardens
WAVE: +2 (BRUISER,STRIKER) [rich]
WAVE: +2 (BRUISER,BERSERKER) [rich]
WAVE: +2 (BRUISER,HUNTER) [rich]
WAVE: +3 (WARBRINGER,STRIKER,LANCER) [rich]
WAVE: +3 (HUNTER,BERSERKER,BERSERKER) [rich]
WAVE: +3 (SCOUT,BRUISER,GRUNT) [rich]
FINALE-KIT: Wardens
WAVE: +3 (SHIELD,SHIELD,DRONE) [rich]
WAVE: +3 (SCREENER,DRONE,DRONE) [rich]
WAVE: +3 (SPOTTER,SPOTTER,SHIELD) [rich]
FINALE-KIT: Wardens
WAVE: +3 (SCREENER,SCREENER,CUSTODIAN) [rich]
WAVE: +3 (DRONE,SPOTTER,DRONE) [rich]
WAVE: +3 (SPOTTER,SCREENER,SCREENER) [rich]
REINFORCEMENTS: +2 (GRUNT,SCOUT)
match 20/20  (W:10 L:10 cap:0)  398.6s

══════════════════════ SIGHTLINE BALANCE REPORT ══════════════════════
runs=20  missions=78

RUN OUTCOMES (campaign):  win-rate   50%   avg missions cleared 4.3

POLICY GAP (optimal vs human-error; campaign runs only):
  greedy win-rate   50%  (n=10)
  sloppy win-rate   50%  (n=10)
  GAP    0 pts  (healthy slack)
  PAIRED (same-seed slots): pairs=10  concordant=6  discordant greedy-only-won=2 / sloppy-only-won=2  paired gap    0 pts
  PER-SLOT RECORDS (greedy | sloppy: outcome + missions cleared; margin = g−s):
    slot  10 @h0: L 3 | L 5   margin -2
    slot  11 @h0: W 6 | L 3   margin +3
    slot  12 @h0: L 2 | W 6   margin -4
    slot  13 @h0: L 3 | L 2   margin +1
    slot  14 @h0: W 6 | W 6   margin +0
    slot  15 @h0: L 1 | W 6   margin -5
    slot  16 @h0: W 6 | L 5   margin +1
    slot  17 @h0: L 1 | L 1   margin +0
    slot  18 @h0: W 6 | W 6   margin +0
    slot  19 @h0: W 6 | W 6   margin +0
  PAIRED MARGIN (missions cleared, all pairs): -0.60 ±0.76 SE  (n=10 pairs)
  by objective (greedy / sloppy / gap):
    Decapitate :   71% /   67% / gap    5
    Defend     :   67% /  100% / gap  -33
    Eliminate  :  100% /  100% / gap    0
    Escort     :  100% /   80% / gap   20
    Hack       :  100% /   67% / gap   33
    Sabotage   :  100% /  100% / gap    0

DECISION RICHNESS / SWING:
  meaningful-choices/turn 2.33   lead-swings/match 0.6   avg max-swing 41.7
  [shot-gate] acting-soldiers/turn 3.66   armed-soldiers/turn 1.55   armed-fraction 42%   turns-with-a-shot 59%   choices/ARMED-soldier-turn 1.50
  [choice-split] los-targets/ARMED 2.49   target-choices/ARMED 0.37   position-choices/ARMED 1.13

RUN COMPLETION BY HEAT (full-campaign clears):
  heat 0:   50% ±11  (n=20 runs, avg 4.3 missions)

INTEL ECONOMY BY HEAT (campaign runs; heat-bonus = the Heat.IntelBonus share of income):
  heat 0: earned  124.4/run   heat-bonus   0.0 (   0% of income)   spent  111.1   unspent   13.4

MISSION WIN-RATE BY HEAT:
  heat 0:   87%  (n=78, avg 5.8 turns)

MISSION WIN-RATE BY OBJECTIVE:
  Eliminate  :  100% ±0  (n=20, avg 3.4 turns)
  Defend     :   83% ±9  (n=18, avg 8.9 turns)
  Decapitate :   69% ±12  (n=16, avg 5.3 turns)
  Escort     :   89% ±10  (n=9, avg 10.6 turns)
  Sabotage   :  100% ±0  (n=9, avg 2.4 turns)
  Hack       :   80% ±18  (n=5, avg 4.2 turns)
  Rescue     :  100% ±0  (n=1, avg 3.0 turns)

MISSION WIN-RATE BY MISSION #:
  m1:  100% ±0  (n=20)
  m2:   75% ±13  (n=12)
  m3:   82% ±12  (n=11)
  m4:   77% ±12  (n=13)
  m5:  100% ±0  (n=10)
  m6:   83% ±11  (n=12)

LOSS CAUSES (missions):
  RUN OVER              : 9
  STALEMATE             : 1

MISSION WIN-RATE BY ARENA (authored layouts, n>=3; procedural fallback   21% of 78 missions):
  arena  5:  100% ±0  (n=3, avg 2.3 turns)  [m1:100%(2) m3:100%(1)]
  arena  6:   80% ±18  (n=5, avg 5.6 turns)  [m2:0%(1) m3:100%(2) m4:100%(2)]
  arena  9:   67% ±27  (n=3, avg 6.7 turns)  [m2:50%(2) m6:100%(1)]
  arena 10:  100% ±0  (n=4, avg 6.5 turns)  [m1:100%(2) m5:100%(2)]
  arena 12:   67% ±27  (n=3, avg 4.7 turns)  [m2:100%(2) m4:0%(1)]
  arena 19:  100% ±0  (n=4, avg 2.0 turns)  [m1:100%(2) m4:100%(2)]
  arena 21:  100% ±0  (n=3, avg 2.7 turns)  [m1:100%(2) m3:100%(1)]
  arena 22:   75% ±22  (n=4, avg 5.8 turns)  [m4:100%(1) m6:67%(3)]
  arena 24:   75% ±22  (n=4, avg 18.5 turns)  [m2:100%(2) m4:50%(2)]
  arena 25:   67% ±27  (n=3, avg 5.3 turns)  [m3:50%(2) m6:100%(1)]
  arena 28:  100% ±0  (n=7, avg 6.4 turns)  [m1:100%(4) m5:100%(3)]
  arena 30:   75% ±22  (n=4, avg 4.5 turns)  [m3:100%(2) m4:100%(1) m6:0%(1)]
  arena 32:  100% ±0  (n=3, avg 4.7 turns)  [m2:100%(1) m4:100%(1) m5:100%(1)]
  procedural:   94% ±6  (n=16, avg 5.5 turns)  [m1:100%(8) m2:50%(2) m3:100%(1) m4:100%(2) m5:100%(2) m6:100%(1)]

DEPLOYMENT GEOMETRY (opening shape; choices/ARMED is the wave's real gate):
  FRONTAL   :   91%  (n=33, avg 6.6 turns)  choices/turn 2.66  choices/ARMED 1.44  los-targets/ARMED 2.76
  PINCER    :   81% ±8  (n=26, avg 4.7 turns)  choices/turn 2.61  choices/ARMED 1.84  los-targets/ARMED 2.07
  CROSSFIRE :   90% ±9  (n=10, avg 6.3 turns)  choices/turn 1.60  choices/ARMED 1.26  los-targets/ARMED 2.38
  ENVELOP   :   89% ±10  (n=9, avg 5.6 turns)  choices/turn 1.09  choices/ARMED 1.19  los-targets/ARMED 1.84

ARENA FUNNEL (Mission.Build exits, n=88 builds, all modes):
  authored-applied    :  79.5%  (n=70)
  connectivity-reject :   0.0%  (n=0)
  procedural-roll     :  20.5%  (n=18)

DECK EXPOSURE (campaign runs n=20):
  distinct authored arenas/run : 3.10 mean (all runs)
  ... full-depth runs only     : 3.90 mean over 4.9 fights/run (n=10)
  Defend dealt on the route    :   80% of runs (n=16)

ACTION MIX (verbs issued, by policy):
  verb                  greedy        sloppy
  MOVE               467   38%     627   37%
  SHOOT              335   27%     390   23%
  HUNKER             117    9%     148    9%
  OVERWATCH           28    2%     178   11%
  BRACE               67    5%      67    4%
  RELOAD              38    3%      52    3%
  INTEL               33    3%      36    2%
  STABILIZE           23    2%      26    2%
  FOCUS               27    2%      22    1%
  SLIPSTREAM          18    1%      22    1%
  ITEM:SMOKE          18    1%      18    1%
  MARK                14    1%      20    1%
  PLANT               12    1%      15    1%
  PIN                 10    1%      16    1%
  PATCH                8    1%      12    1%
  HACK                 8    1%       6    0%
  BEACON               4    0%       6    0%
  GRENADE              2    0%       8    0%
  REARM                4    0%       4    0%
  GRAPPLE              5    0%       3    0%
  EXTRACT              2    0%       3    0%
  DRAG                 1    0%       0    0%

PLAYER CLASS PERFORMANCE:
  class        shots   hit%   dmg   kills
  SHARPSHOOTER    171    88%   1127     60
  GUNNER         223    85%    889     68
  ASSAULT        207    88%    876     50
  RANGER         109    80%    584     35
  CORPSMAN        52    79%    131      5

SOLDIER DEATHS BY ENEMY CLASS (threat ranking):
  SNIPER     : 14
  ELITE      : 10
  BERSERKER  : 8
  STRIKE     : 7
  BRUISER    : 6
  GRUNT      : 5
  MORTAR     : 4
  HUNTER     : 3
  LANCER     : 3
  CUSTODIAN  : 3
  SCREENER   : 2
  TURRET     : 2
  BURN       : 2
  SCOUT      : 2
  STRIKER    : 1
  SAPPER     : 1
  WARBRINGER : 1
  MEDIC      : 1
  PIKEMAN    : 1
  SPOTTER    : 1

SOLDIER DOWNS (FUL-7 bleed-out): 169 downs -> revived 7 / recovered 44 / bled out 100 / finished 18  (save-rate   30%)
  corpsman fielded in 39 missions

ENEMY COMPOSITION (spawns; faction-stamped fights n=446 / default-cascade fights n=162):
  class        faction         default
  GRUNT           37    8%       43   27%
  SCOUT           28    6%       46   28%
  SNIPER          32    7%       12    7%
  ELITE           37    8%        5    3%
  BRUISER         35    8%        6    4%
  MEDIC           38    9%        2    1%
  BERSERKER       32    7%        1    1%
  HUNTER          20    4%       13    8%
  SCREENER        30    7%        2    1%
  MORTAR          23    5%        1    1%
  DRONE           11    2%        7    4%
  STRIKER         15    3%        2    1%
  TURRET          15    3%        2    1%
  SHIELD           8    2%        8    5%
  WARBRINGER      15    3%        0    0%
  SAPPER          12    3%        3    2%
  CUSTODIAN       14    3%        1    1%
  LANCER           9    2%        4    2%
  SPOTTER         11    2%        1    1%
  HOUND           11    2%        0    0%
  BOMBARD          6    1%        3    2%
  PIKEMAN          7    2%        0    0%

PERK PICK FREQUENCY:
  GUN           : 16
  SKR           : 11
  MOM           : 11
  BND           : 9
  CQB           : 9
  FST           : 8
  CLH           : 8
  HRD           : 8
  GRD           : 8
  TNK           : 8
  OUT           : 8
  LCK           : 8
  SGE           : 7
  EXC           : 6
  BRK           : 6
  RFX           : 6
  MRK           : 5
  VNT           : 2
  PLT           : 1

SHOP PURCHASE FREQUENCY:
  FIELD MEDKIT      : 52
  WPN: SCOPE        : 28
  WPN: HOLLOW POINT : 28
  WPN: STABILIZER   : 18
  WPN: EXTENDED MAG : 15
  COUNTER-PREP      : 14
  BALLISTIC PLATING : 14
  FRAG CACHE        : 9
  COMBAT STIMS      : 9
  ARMORY            : 8
  WPN: SUPPRESSOR   : 8
  ADV. TRAINING     : 7
  WPN: BIPOD        : 7

BOON PICK FREQUENCY (PROCS = effect fires at instrumented sites; '-' = not instrumented;
                      PYR counts the +2-turn-burn half only — the Burning-immunity half is uninstrumented):
  code                 picks   PROCS
  FDR               :     7       0
  GHO               :     6       -
  ADR               :     5       -
  EXE               :     5       -
  FST               :     5      54
  GRN               :     5       -
  FRT               :     4       -
  FVR               :     4       -
  MRK               :     3       -
  SCV               :     3       -
  SHK               :     3       2
  RCL               :     2       0
  RPD               :     2       -
  VNM               :     2       -
  PYR               :     1       0
  TRR               :     1       0

RUN WIN-RATE BY BOON (campaign runs holding it):
  FDR               :   57% ±19  (in 7 runs)
  GHO               :   50% ±20  (in 6 runs)
  ADR               :   80% ±18  (in 5 runs)
  EXE               :   80% ±18  (in 5 runs)
  FST               :   60% ±22  (in 5 runs)
  GRN               :   60% ±22  (in 5 runs)
  FRT               :   75% ±22  (in 4 runs)
  FVR               :   25% ±22  (in 4 runs)
  MRK               :  100% ±0  (in 3 runs)
  SCV               :   67% ±27  (in 3 runs)
  SHK               :  100% ±0  (in 3 runs)
  RCL               :  100% ±0  (in 2 runs)
  RPD               :  100% ±0  (in 2 runs)
  VNM               :   50% ±35  (in 2 runs)
  PYR               :    0% ±0  (in 1 runs)
  TRR               :  100% ±0  (in 1 runs)

RUN WIN-RATE BY SPEC (campaign runs fielding it):
  SNT               :   60% ±22  (in 5 runs)
  ADN               :  100% ±0  (in 4 runs)
  BRC               :   67% ±27  (in 3 runs)
  JUG               :  100% ±0  (in 3 runs)
  ANC               :  100% ±0  (in 2 runs)
  HHT               :  100% ±0  (in 2 runs)
  PTH               :  100% ±0  (in 1 runs)

RUN WIN-RATE BY PERK (campaign runs holding it):
  GUN               :   58% ±14  (in 12 runs)
  SKR               :   78% ±14  (in 9 runs)
  BND               :   50% ±18  (in 8 runs)
  CQB               :   50% ±18  (in 8 runs)
  MOM               :   75% ±15  (in 8 runs)
  GRD               :   71% ±17  (in 7 runs)
  CLH               :   67% ±19  (in 6 runs)
  FST               :   67% ±19  (in 6 runs)
  HRD               :   50% ±20  (in 6 runs)
  OUT               :   67% ±19  (in 6 runs)
  SGE               :   50% ±20  (in 6 runs)
  TNK               :  100% ±0  (in 6 runs)
  BRK               :   80% ±18  (in 5 runs)
  EXC               :   60% ±22  (in 5 runs)
  MRK               :   40% ±22  (in 5 runs)
  RFX               :   40% ±22  (in 5 runs)
  LCK               :  100% ±0  (in 4 runs)
  VNT               :  100% ±0  (in 2 runs)
  PLT               :    0% ±0  (in 1 runs)

RUN WIN-RATE BY PURCHASE (campaign runs buying it):
  FIELD MEDKIT      :   71% ±12  (in 14 runs)
  WPN: EXTENDED MAG :   62% ±13  (in 13 runs)
  WPN: HOLLOW POINT :   69% ±13  (in 13 runs)
  WPN: SCOPE        :   69% ±13  (in 13 runs)
  WPN: STABILIZER   :   55% ±15  (in 11 runs)
  COUNTER-PREP      :   56% ±17  (in 9 runs)
  ARMORY            :   75% ±15  (in 8 runs)
  BALLISTIC PLATING :   75% ±15  (in 8 runs)
  COMBAT STIMS      :   75% ±15  (in 8 runs)
  FRAG CACHE        :   75% ±15  (in 8 runs)
  WPN: BIPOD        :   83% ±15  (in 6 runs)
  ADV. TRAINING     :  100% ±0  (in 5 runs)
  WPN: SUPPRESSOR   :   80% ±18  (in 5 runs)

RUN WIN-RATE BY EVENT-CHOICE (campaign runs taking id:arm):
  grave:1           :   75% ±22  (in 4 runs)
  defector:2        :  100% ±0  (in 2 runs)
  fieldhospital:2   :  100% ±0  (in 2 runs)
  medic:1           :   50% ±35  (in 2 runs)
  profiteer:0       :    0% ±0  (in 2 runs)
  quartermaster:2   :    0% ±0  (in 2 runs)
  warpension:1      :   50% ±35  (in 2 runs)
  depot:0           :  100% ±0  (in 1 runs)
  relic:1           :  100% ±0  (in 1 runs)
═══════════════════════════════════════════════════════════════════════

batch wall-time: 398.6s  (20 matches across 10 campaigns × 2 policy, frame-cap hits: 0)
aggregate JSON -> /home/user/wt/x2/docs/measurements/x2/S1-h0-b10.json
INFO: TEXTURE: [ID 2] Unloaded texture data from VRAM (GPU)
INFO: SHADER: [ID 3] Default shader unloaded successfully
INFO: TEXTURE: [ID 1] Default texture unloaded successfully
INFO: Window closed successfully
