INFO: Initializing raylib 6.0
INFO: Platform backend: DESKTOP (GLFW)
INFO: Supported raylib modules:
INFO:     > rcore:..... loaded (mandatory)
INFO:     > rlgl:...... loaded (mandatory)
INFO:     > rshapes:... loaded (optional)
INFO:     > rtextures:. loaded (optional)
INFO:     > rtext:..... loaded (optional)
INFO:     > rmodels:... loaded (optional)
INFO:     > raudio:.... loaded (optional)
INFO: DISPLAY: Trying to enable MSAA x4
INFO: DISPLAY: Device initialized successfully 
INFO:     > Display size: 1280 x 800
INFO:     > Screen size:  1280 x 800
INFO:     > Render size:  1280 x 800
INFO:     > Viewport offsets: 0, 0
INFO: GLAD: OpenGL extensions loaded successfully
INFO: GL: Supported extensions count: 229
INFO: GL: OpenGL device information:
INFO:     > Vendor:   Mesa
INFO:     > Renderer: llvmpipe (LLVM 20.1.2, 256 bits)
INFO:     > Version:  4.5 (Core Profile) Mesa 25.2.8-0ubuntu0.24.04.2
INFO:     > GLSL:     4.50
INFO: GL: VAO extension detected, VAO functions loaded successfully
INFO: GL: NPOT textures extension detected, full NPOT textures supported
INFO: GL: DXT compressed textures supported
INFO: GL: ETC2/EAC compressed textures supported
INFO: PLATFORM: DESKTOP (GLFW - X11): Initialized successfully
INFO: TEXTURE: [ID 1] Texture loaded successfully (1x1 | R8G8B8A8 | 1 mipmaps)
INFO: TEXTURE: [ID 1] Default texture loaded successfully
INFO: SHADER: [ID 1] Vertex shader compiled successfully
INFO: SHADER: [ID 2] Fragment shader compiled successfully
INFO: SHADER: [ID 3] Program shader loaded successfully
INFO: SHADER: [ID 3] Default shader loaded successfully
INFO: RLGL: Render batch vertex buffers loaded successfully in RAM (CPU)
INFO: RLGL: Render batch vertex buffers loaded successfully in VRAM (GPU)
INFO: RLGL: Default OpenGL state initialized successfully
INFO: TEXTURE: [ID 2] Texture loaded successfully (128x128 | GRAY_ALPHA | 1 mipmaps)
INFO: FONT: Default font loaded successfully (224 glyphs)
INFO: SYSTEM: Working Directory: /home/user/wt/x2
INFO: TIMER: Target time per frame: 0.000 milliseconds
FINALE-KIT: Syndicate
FINALE-KIT: Syndicate
FINALE-KIT: Syndicate
WAVE: +2 (BRUISER,SCOUT) [rich]
WAVE: +2 (LANCER,SCOUT) [rich]
WAVE: +2 (BRUISER,SCOUT) [rich]
FINALE-KIT: Syndicate
REINFORCEMENTS: +2 (GRUNT,GRUNT)
REINFORCEMENTS: +2 (SCOUT,GRUNT)
REINFORCEMENTS: +3 (GRUNT,GRUNT,GRUNT)
FINALE-KIT: Syndicate
WAVE: +2 (LANCER,BRUISER) [rich]
WAVE: +2 (GRUNT,BRUISER) [rich]
WAVE: +2 (BERSERKER,BERSERKER) [rich]
match 5/20  (W:0 L:5 cap:0)  56.6s
FINALE-KIT: Syndicate
WAVE: +2 (HOUND,LANCER) [rich]
WAVE: +2 (STRIKER,HUNTER) [rich]
WAVE: +2 (HUNTER,BERSERKER) [rich]
FINALE-KIT: Wardens
FINALE-KIT: Wardens
FINALE-KIT: Syndicate
FINALE-KIT: Syndicate
match 10/20  (W:0 L:10 cap:0)  118.5s
FINALE-KIT: Wardens
WAVE: +2 (BERSERKER,BERSERKER) [rich]
WAVE: +2 (GRUNT,HUNTER) [rich]
WAVE: +2 (HUNTER,STRIKER) [rich]
REINFORCEMENTS: +2 (GRUNT,GRUNT)
FINALE-KIT: Wardens
WAVE: +2 (HUNTER,HOUND) [rich]
WAVE: +2 (LANCER,BERSERKER) [rich]
WAVE: +2 (BRUISER,BRUISER) [rich]
FINALE-KIT: Wardens
FINALE-KIT: Wardens
FINALE-KIT: Wardens
match 15/20  (W:2 L:13 cap:0)  191.2s
FINALE-KIT: Wardens
FINALE-KIT: Wardens
WAVE: +2 (HOUND,BERSERKER) [rich]
WAVE: +2 (HUNTER,HUNTER) [rich]
WAVE: +2 (BERSERKER,BRUISER) [rich]
WAVE: +3 (HOUND,BERSERKER,STRIKER) [rich]
WAVE: +3 (GRUNT,HUNTER,HOUND) [rich]
WAVE: +2 (STRIKER,HUNTER) [rich]
FINALE-KIT: Wardens
WAVE: +2 (STRIKER,BRUISER) [rich]
WAVE: +2 (HUNTER,HUNTER) [rich]
WAVE: +2 (HOUND,BRUISER) [rich]
WAVE: +2 (BRUISER,WARBRINGER) [rich]
WAVE: +2 (HUNTER,STRIKER) [rich]
FINALE-KIT: Wardens
WAVE: +3 (SPOTTER,SPOTTER,CUSTODIAN) [rich]
WAVE: +3 (DRONE,SHIELD,SCREENER) [rich]
WAVE: +1 (GRUNT) [rich]
FINALE-KIT: Wardens
WAVE: +3 (DRONE,SHIELD,DRONE) [rich]
WAVE: +2 (SCREENER,SPOTTER) [rich]
WAVE: +1 (DRONE) [rich]
match 20/20  (W:4 L:16 cap:0)  265.1s

══════════════════════ SIGHTLINE BALANCE REPORT ══════════════════════
runs=20  missions=59

RUN OUTCOMES (campaign):  win-rate   20%   avg missions cleared 3.0

POLICY GAP (optimal vs human-error; campaign runs only):
  greedy win-rate   30%  (n=10)
  sloppy win-rate   10%  (n=10)
  GAP   20 pts  (swingy/unforgiving)
  PAIRED (same-seed slots): pairs=10  concordant=8  discordant greedy-only-won=2 / sloppy-only-won=0  paired gap   20 pts
  PER-SLOT RECORDS (greedy | sloppy: outcome + missions cleared; margin = g−s):
    slot  10 @h8: L 3 | L 3   margin +0
    slot  11 @h8: L 3 | L 0   margin +3
    slot  12 @h8: L 2 | L 2   margin +0
    slot  13 @h8: L 1 | L 1   margin +0
    slot  14 @h8: L 2 | L 2   margin +0
    slot  15 @h8: W 6 | W 6   margin +0
    slot  16 @h8: L 3 | L 3   margin +0
    slot  17 @h8: L 1 | L 1   margin +0
    slot  18 @h8: W 6 | L 5   margin +1
    slot  19 @h8: W 6 | L 4   margin +2
  PAIRED MARGIN (missions cleared, all pairs): +0.60 ±0.34 SE  (n=10 pairs)
  by objective (greedy / sloppy / gap):
    Decapitate :   60% /   25% / gap   35
    Defend     :   83% /   60% / gap   23
    Eliminate  :  100% /   90% / gap   10
    Escort     :    0% /    0% / gap    0
    Hack       :  100% /  100% / gap    0
    Sabotage   :  100% /  100% / gap    0

DECISION RICHNESS / SWING:
  meaningful-choices/turn 1.24   lead-swings/match 0.8   avg max-swing 63.7
  [shot-gate] acting-soldiers/turn 2.62   armed-soldiers/turn 0.83   armed-fraction 32%   turns-with-a-shot 47%   choices/ARMED-soldier-turn 1.49
  [choice-split] los-targets/ARMED 1.94   target-choices/ARMED 0.25   position-choices/ARMED 1.24

RUN COMPLETION BY HEAT (full-campaign clears):
  heat 8:   20% ±9  (n=20 runs, avg 3.0 missions)

INTEL ECONOMY BY HEAT (campaign runs; heat-bonus = the Heat.IntelBonus share of income):
  heat 8: earned  195.1/run   heat-bonus 109.2 (  56% of income)   spent  175.3   unspent   19.8

MISSION WIN-RATE BY HEAT:
  heat 8:   73%  (n=59, avg 6.1 turns)

MISSION WIN-RATE BY OBJECTIVE:
  Eliminate  :   95% ±5  (n=20, avg 4.2 turns)
  Defend     :   73% ±13  (n=11, avg 8.3 turns)
  Decapitate :   44% ±17  (n=9, avg 4.8 turns)
  Sabotage   :  100% ±0  (n=8, avg 2.8 turns)
  Escort     :    0% ±0  (n=7, avg 15.4 turns)
  Hack       :  100% ±0  (n=4, avg 3.0 turns)

MISSION WIN-RATE BY MISSION #:
  m1:   95% ±5  (n=20)
  m2:   67% ±14  (n=12)
  m3:   56% ±17  (n=9)
  m4:   44% ±17  (n=9)
  m5:   75% ±22  (n=4)
  m6:   80% ±18  (n=5)

LOSS CAUSES (missions):
  RUN OVER              : 10
  VIP LOST              : 5
  STALEMATE             : 1

MISSION WIN-RATE BY ARENA (authored layouts, n>=3; procedural fallback   25% of 59 missions):
  arena  5:  100% ±0  (n=3, avg 2.0 turns)  [m1:100%(2) m3:100%(1)]
  arena  6:   60% ±22  (n=5, avg 4.6 turns)  [m2:0%(2) m3:100%(1) m4:100%(2)]
  arena  9:   67% ±27  (n=3, avg 6.0 turns)  [m2:100%(1) m6:50%(2)]
  arena 10:   75% ±22  (n=4, avg 6.0 turns)  [m1:100%(2) m5:50%(2)]
  arena 21:  100% ±0  (n=4, avg 3.0 turns)  [m1:100%(2) m3:100%(2)]
  arena 24:   67% ±27  (n=3, avg 4.0 turns)  [m2:100%(2) m4:0%(1)]
  arena 28:  100% ±0  (n=4, avg 3.3 turns)  [m1:100%(4)]
  arena 30:    0% ±0  (n=4, avg 11.5 turns)  [m3:0%(2) m4:0%(2)]
  procedural:   80% ±10  (n=15, avg 9.6 turns)  [m1:88%(8) m2:60%(5) m3:100%(1) m5:100%(1)]

DEPLOYMENT GEOMETRY (opening shape; choices/ARMED is the wave's real gate):
  FRONTAL   :   69% ±9  (n=26, avg 7.3 turns)  choices/turn 1.08  choices/ARMED 1.40  los-targets/ARMED 2.13
  PINCER    :   68% ±11  (n=19, avg 4.7 turns)  choices/turn 1.69  choices/ARMED 1.73  los-targets/ARMED 1.81
  CROSSFIRE :  100% ±0  (n=6, avg 7.0 turns)  choices/turn 0.82  choices/ARMED 1.19  los-targets/ARMED 1.62
  ENVELOP   :   75% ±15  (n=8, avg 4.6 turns)  choices/turn 1.49  choices/ARMED 1.58  los-targets/ARMED 1.67

ARENA FUNNEL (Mission.Build exits, n=67 builds, all modes):
  authored-applied    :  74.6%  (n=50)
  connectivity-reject :   0.0%  (n=0)
  procedural-roll     :  25.4%  (n=17)

DECK EXPOSURE (campaign runs n=20):
  distinct authored arenas/run : 2.20 mean (all runs)
  ... full-depth runs only     : 3.75 mean over 5.0 fights/run (n=4)
  Defend dealt on the route    :   45% of runs (n=9)

ACTION MIX (verbs issued, by policy):
  verb                  greedy        sloppy
  MOVE               308   36%     327   36%
  SHOOT              224   26%     214   23%
  HUNKER              31    4%     118   13%
  BRACE               72    8%      52    6%
  OVERWATCH           59    7%      42    5%
  INTEL               24    3%      32    3%
  SLIPSTREAM          29    3%      27    3%
  STABILIZE           22    3%      19    2%
  RELOAD              23    3%      17    2%
  MARK                12    1%      13    1%
  PLANT               12    1%      13    1%
  FOCUS               10    1%       9    1%
  ITEM:SMOKE           8    1%       8    1%
  DRAG                 9    1%       5    1%
  PIN                  9    1%       2    0%
  GRENADE              4    0%       7    1%
  HACK                 4    0%       5    1%
  REARM                4    0%       4    0%
  BARREL               1    0%       2    0%
  GRAPPLE              1    0%       1    0%
  ITEM:BARRICADE       1    0%       0    0%
  PATCH                0    0%       1    0%
  BEACON               0    0%       1    0%

PLAYER CLASS PERFORMANCE:
  class        shots   hit%   dmg   kills
  SHARPSHOOTER    121    91%    896     55
  GUNNER         127    81%    581     38
  RANGER          81    93%    511     31
  ASSAULT        108    84%    456     23
  CORPSMAN         6    83%     22      0

SOLDIER DEATHS BY ENEMY CLASS (threat ranking):
  BRUISER    : 14
  GRUNT      : 13
  SHIELD     : 6
  BERSERKER  : 5
  ELITE      : 5
  SCOUT      : 4
  SNIPER     : 4
  WARBRINGER : 3
  PIKEMAN    : 2
  TURRET     : 2
  MORTAR     : 2
  STRIKER    : 1
  BURN       : 1
  MEDIC      : 1
  SAPPER     : 1
  SPOTTER    : 1
  LANCER     : 1
  CUSTODIAN  : 1
  HUNTER     : 1

SOLDIER DOWNS (FUL-7 bleed-out): 123 downs -> revived 1 / recovered 25 / bled out 83 / finished 5  (save-rate   28%)
  corpsman fielded in 3 missions

ENEMY COMPOSITION (spawns; faction-stamped fights n=447 / default-cascade fights n=119):
  class        faction         default
  GRUNT           36    8%       42   35%
  SCOUT           22    5%       45   38%
  BRUISER         44   10%        4    3%
  BERSERKER       39    9%        3    3%
  HUNTER          29    6%        9    8%
  HOUND           30    7%        2    2%
  SCREENER        27    6%        0    0%
  DRONE           22    5%        2    2%
  ELITE           23    5%        0    0%
  SAPPER          20    4%        3    3%
  MORTAR          22    5%        0    0%
  STRIKER         19    4%        2    2%
  SHIELD          18    4%        3    3%
  SNIPER          17    4%        2    2%
  MEDIC           19    4%        0    0%
  WARBRINGER      11    2%        0    0%
  PIKEMAN         11    2%        0    0%
  LANCER           8    2%        2    2%
  SPOTTER         10    2%        0    0%
  CUSTODIAN        9    2%        0    0%
  TURRET           6    1%        0    0%
  BOMBARD          5    1%        0    0%

PERK PICK FREQUENCY:
  LCK           : 12
  GRD           : 10
  GUN           : 8
  CQB           : 8
  MOM           : 8
  MRK           : 7
  OUT           : 7
  PLT           : 7
  SKR           : 7
  RFX           : 6
  BND           : 6
  HRD           : 6
  CLH           : 5
  VNT           : 5
  FST           : 4
  SGE           : 4
  EXC           : 4
  TNK           : 3
  BRK           : 1

SHOP PURCHASE FREQUENCY:
  WPN: HOLLOW POINT : 41
  FIELD MEDKIT      : 39
  COMBAT STIMS      : 38
  WPN: SCOPE        : 35
  WPN: STABILIZER   : 32
  ADV. TRAINING     : 28
  FRAG CACHE        : 22
  WPN: BIPOD        : 21
  WPN: EXTENDED MAG : 19
  BALLISTIC PLATING : 18
  COUNTER-PREP      : 16
  ARMORY            : 8
  WPN: SUPPRESSOR   : 8

BOON PICK FREQUENCY (PROCS = effect fires at instrumented sites; '-' = not instrumented;
                      PYR counts the +2-turn-burn half only — the Burning-immunity half is uninstrumented):
  code                 picks   PROCS
  SHK               :     6       8
  PYR               :     4       0
  TRR               :     4      10
  ADR               :     3       -
  EXE               :     3       -
  FDR               :     3       0
  RPD               :     3       -
  FST               :     2      22
  FVR               :     2       -
  GHO               :     2       -
  MRK               :     2       -
  SCV               :     2       -
  VNM               :     2       -
  RCL               :     1       0

RUN WIN-RATE BY BOON (campaign runs holding it):
  SHK               :   33% ±19  (in 6 runs)
  PYR               :   50% ±25  (in 4 runs)
  TRR               :   50% ±25  (in 4 runs)
  ADR               :   67% ±27  (in 3 runs)
  EXE               :  100% ±0  (in 3 runs)
  FDR               :   33% ±27  (in 3 runs)
  RPD               :    0% ±0  (in 3 runs)
  FST               :   50% ±35  (in 2 runs)
  FVR               :   50% ±35  (in 2 runs)
  GHO               :    0% ±0  (in 2 runs)
  MRK               :    0% ±0  (in 2 runs)
  SCV               :   50% ±35  (in 2 runs)
  VNM               :    0% ±0  (in 2 runs)
  RCL               :  100% ±0  (in 1 runs)

RUN WIN-RATE BY SPEC (campaign runs fielding it):
  SNT               :   25% ±22  (in 4 runs)
  ADN               :   33% ±27  (in 3 runs)
  BRC               :   50% ±35  (in 2 runs)
  HHT               :   50% ±35  (in 2 runs)
  PTH               :   50% ±35  (in 2 runs)
  PHN               :  100% ±0  (in 1 runs)

RUN WIN-RATE BY PERK (campaign runs holding it):
  LCK               :   27% ±13  (in 11 runs)
  CQB               :   25% ±15  (in 8 runs)
  GRD               :   25% ±15  (in 8 runs)
  GUN               :   14% ±13  (in 7 runs)
  SKR               :   43% ±19  (in 7 runs)
  BND               :   50% ±20  (in 6 runs)
  MRK               :   17% ±15  (in 6 runs)
  OUT               :    0% ±0  (in 6 runs)
  PLT               :   50% ±20  (in 6 runs)
  RFX               :   50% ±20  (in 6 runs)
  CLH               :    0% ±0  (in 5 runs)
  HRD               :   60% ±22  (in 5 runs)
  EXC               :   50% ±25  (in 4 runs)
  FST               :    0% ±0  (in 4 runs)
  SGE               :    0% ±0  (in 4 runs)
  VNT               :   25% ±22  (in 4 runs)
  MOM               :   33% ±27  (in 3 runs)
  TNK               :   33% ±27  (in 3 runs)
  BRK               :  100% ±0  (in 1 runs)

RUN WIN-RATE BY PURCHASE (campaign runs buying it):
  FIELD MEDKIT      :   25% ±11  (in 16 runs)
  WPN: HOLLOW POINT :   31% ±13  (in 13 runs)
  ADV. TRAINING     :   25% ±13  (in 12 runs)
  COUNTER-PREP      :   25% ±13  (in 12 runs)
  COMBAT STIMS      :   36% ±15  (in 11 runs)
  WPN: STABILIZER   :   40% ±15  (in 10 runs)
  WPN: BIPOD        :   33% ±16  (in 9 runs)
  WPN: EXTENDED MAG :   44% ±17  (in 9 runs)
  ARMORY            :   25% ±15  (in 8 runs)
  WPN: SCOPE        :   50% ±18  (in 8 runs)
  FRAG CACHE        :   57% ±19  (in 7 runs)
  BALLISTIC PLATING :   50% ±20  (in 6 runs)
  WPN: SUPPRESSOR   :   50% ±20  (in 6 runs)

RUN WIN-RATE BY EVENT-CHOICE (campaign runs taking id:arm):
  grave:1           :    0% ±0  (in 4 runs)
  defector:1        :   50% ±35  (in 2 runs)
  depot:0           :  100% ±0  (in 2 runs)
  fieldhospital:2   :   50% ±35  (in 2 runs)
  medic:1           :    0% ±0  (in 2 runs)
  profiteer:0       :    0% ±0  (in 2 runs)
  quartermaster:2   :    0% ±0  (in 2 runs)
  warpension:1      :    0% ±0  (in 1 runs)
═══════════════════════════════════════════════════════════════════════

batch wall-time: 265.1s  (20 matches across 10 campaigns × 2 policy, frame-cap hits: 0)
aggregate JSON -> /home/user/wt/x2/docs/measurements/x2/S1-h8-b10.json
INFO: TEXTURE: [ID 2] Unloaded texture data from VRAM (GPU)
INFO: SHADER: [ID 3] Default shader unloaded successfully
INFO: TEXTURE: [ID 1] Default texture unloaded successfully
INFO: Window closed successfully
