INFO: Initializing raylib 6.0
INFO: Platform backend: DESKTOP (GLFW)
INFO: Supported raylib modules:
INFO:     > rcore:..... loaded (mandatory)
INFO:     > rlgl:...... loaded (mandatory)
INFO:     > rshapes:... loaded (optional)
INFO:     > rtextures:. loaded (optional)
INFO:     > rtext:..... loaded (optional)
INFO:     > rmodels:... loaded (optional)
INFO:     > raudio:.... loaded (optional)
INFO: DISPLAY: Trying to enable MSAA x4
INFO: DISPLAY: Device initialized successfully 
INFO:     > Display size: 1280 x 800
INFO:     > Screen size:  1280 x 800
INFO:     > Render size:  1280 x 800
INFO:     > Viewport offsets: 0, 0
INFO: GLAD: OpenGL extensions loaded successfully
INFO: GL: Supported extensions count: 229
INFO: GL: OpenGL device information:
INFO:     > Vendor:   Mesa
INFO:     > Renderer: llvmpipe (LLVM 20.1.2, 256 bits)
INFO:     > Version:  4.5 (Core Profile) Mesa 25.2.8-0ubuntu0.24.04.2
INFO:     > GLSL:     4.50
INFO: GL: VAO extension detected, VAO functions loaded successfully
INFO: GL: NPOT textures extension detected, full NPOT textures supported
INFO: GL: DXT compressed textures supported
INFO: GL: ETC2/EAC compressed textures supported
INFO: PLATFORM: DESKTOP (GLFW - X11): Initialized successfully
INFO: TEXTURE: [ID 1] Texture loaded successfully (1x1 | R8G8B8A8 | 1 mipmaps)
INFO: TEXTURE: [ID 1] Default texture loaded successfully
INFO: SHADER: [ID 1] Vertex shader compiled successfully
INFO: SHADER: [ID 2] Fragment shader compiled successfully
INFO: SHADER: [ID 3] Program shader loaded successfully
INFO: SHADER: [ID 3] Default shader loaded successfully
INFO: RLGL: Render batch vertex buffers loaded successfully in RAM (CPU)
INFO: RLGL: Render batch vertex buffers loaded successfully in VRAM (GPU)
INFO: RLGL: Default OpenGL state initialized successfully
INFO: TEXTURE: [ID 2] Texture loaded successfully (128x128 | GRAY_ALPHA | 1 mipmaps)
INFO: FONT: Default font loaded successfully (224 glyphs)
INFO: SYSTEM: Working Directory: /home/user/wt/x2
INFO: TIMER: Target time per frame: 0.000 milliseconds
FINALE-KIT: Syndicate
FINALE-KIT: Syndicate
FINALE-KIT: Syndicate
WAVE: +2 (BRUISER,HOUND) [rich]
WAVE: +2 (HUNTER,HUNTER) [rich]
WAVE: +2 (BRUISER,BERSERKER) [rich]
WAVE: +2 (BRUISER,GRUNT) [rich]
FINALE-KIT: Syndicate
WAVE: +2 (HOUND,LANCER) [rich]
WAVE: +2 (SCOUT,HOUND) [rich]
WAVE: +2 (BERSERKER,BRUISER) [rich]
REINFORCEMENTS: +2 (SCOUT,GRUNT)
REINFORCEMENTS: +2 (GRUNT,SCOUT)
REINFORCEMENTS: +3 (SCOUT,GRUNT,GRUNT)
REINFORCEMENTS: +2 (SCOUT,SCOUT)
REINFORCEMENTS: +2 (SCOUT,GRUNT)
FINALE-KIT: Syndicate
WAVE: +2 (SCOUT,HOUND) [rich]
WAVE: +2 (HOUND,HUNTER) [rich]
WAVE: +2 (BRUISER,STRIKER) [rich]
WAVE: +2 (STRIKER,STRIKER) [rich]
WAVE: +2 (BERSERKER,HUNTER) [rich]
match 5/20  (W:1 L:4 cap:0)  120.7s
FINALE-KIT: Syndicate
WAVE: +2 (LANCER,LANCER) [rich]
WAVE: +2 (GRUNT,BRUISER) [rich]
WAVE: +2 (BRUISER,BRUISER) [rich]
WAVE: +2 (BERSERKER,HUNTER) [rich]
WAVE: +2 (BRUISER,BERSERKER) [rich]
FINALE-KIT: Wardens
REINFORCEMENTS: +2 (GRUNT,GRUNT)
FINALE-KIT: Wardens
WAVE: +3 (SCOUT,MEDIC,MEDIC) [rich]
WAVE: +3 (SNIPER,SNIPER,GRUNT) [rich]
WAVE: +3 (CUSTODIAN,CUSTODIAN,MEDIC) [rich]
FINALE-KIT: Syndicate
WAVE: +3 (SNIPER,PIKEMAN,PIKEMAN) [rich]
WAVE: +3 (MORTAR,SCREENER,MORTAR) [rich]
WAVE: +1 (MORTAR) [rich]
FINALE-KIT: Syndicate
WAVE: +3 (SCOUT,GRUNT,GRUNT) [rich]
WAVE: +3 (MEDIC,GRUNT,SCOUT) [rich]
WAVE: +2 (PIKEMAN,SCREENER) [rich]
WAVE: +3 (MEDIC,GRUNT,MEDIC) [rich]
WAVE: +3 (PIKEMAN,MORTAR,MEDIC) [rich]
REINFORCEMENTS: +2 (GRUNT,GRUNT)
match 10/20  (W:3 L:7 cap:0)  236.9s
FINALE-KIT: Wardens
WAVE: +2 (BERSERKER,BERSERKER) [rich]
WAVE: +2 (HOUND,BERSERKER) [rich]
WAVE: +2 (BRUISER,HUNTER) [rich]
FINALE-KIT: Wardens
WAVE: +2 (STRIKER,LANCER) [rich]
WAVE: +2 (HUNTER,HUNTER) [rich]
WAVE: +2 (HUNTER,BERSERKER) [rich]
FINALE-KIT: Wardens
WAVE: +3 (BERSERKER,MORTAR,GRUNT) [rich]
WAVE: +3 (SAPPER,CUSTODIAN,PIKEMAN) [rich]
WAVE: +3 (STRIKER,HUNTER,HOUND) [rich]
FINALE-KIT: Wardens
FINALE-KIT: Wardens
match 15/20  (W:4 L:11 cap:0)  304.7s
FINALE-KIT: Wardens
FINALE-KIT: Wardens
WAVE: +2 (STRIKER,LANCER) [rich]
WAVE: +2 (BRUISER,BERSERKER) [rich]
WAVE: +2 (HUNTER,LANCER) [rich]
WAVE: +3 (STRIKER,BERSERKER,BRUISER) [rich]
WAVE: +3 (BRUISER,BRUISER,BRUISER) [rich]
WAVE: +3 (LANCER,GRUNT,HOUND) [rich]
REINFORCEMENTS: +2 (GRUNT,GRUNT)
FINALE-KIT: Wardens
WAVE: +2 (BERSERKER,BRUISER) [rich]
WAVE: +2 (HOUND,BRUISER) [rich]
WAVE: +2 (HUNTER,BRUISER) [rich]
WAVE: +3 (GRUNT,LANCER,BRUISER) [rich]
WAVE: +3 (BRUISER,LANCER,HUNTER) [rich]
WAVE: +3 (BERSERKER,BERSERKER,LANCER) [rich]
FINALE-KIT: Wardens
REINFORCEMENTS: +2 (GRUNT,GRUNT)
WAVE: +3 (SCREENER,SHIELD,SHIELD) [rich]
WAVE: +3 (DRONE,SPOTTER,SHIELD) [rich]
WAVE: +2 (CUSTODIAN,SPOTTER) [rich]
FINALE-KIT: Wardens
WAVE: +3 (SHIELD,SHIELD,SCREENER) [rich]
WAVE: +3 (DRONE,DRONE,SHIELD) [rich]
WAVE: +3 (SHIELD,GRUNT,SHIELD) [rich]
match 20/20  (W:6 L:14 cap:0)  448.1s

══════════════════════ SIGHTLINE BALANCE REPORT ══════════════════════
runs=20  missions=72

RUN OUTCOMES (campaign):  win-rate   30%   avg missions cleared 3.7

POLICY GAP (optimal vs human-error; campaign runs only):
  greedy win-rate   30%  (n=10)
  sloppy win-rate   30%  (n=10)
  GAP    0 pts  (healthy slack)
  PAIRED (same-seed slots): pairs=10  concordant=6  discordant greedy-only-won=2 / sloppy-only-won=2  paired gap    0 pts
  PER-SLOT RECORDS (greedy | sloppy: outcome + missions cleared; margin = g−s):
    slot  10 @h2: L 3 | L 3   margin +0
    slot  11 @h2: L 2 | L 5   margin -3
    slot  12 @h2: W 6 | W 6   margin +0
    slot  13 @h2: L 2 | L 3   margin -1
    slot  14 @h2: W 6 | L 5   margin +1
    slot  15 @h2: L 1 | L 1   margin +0
    slot  16 @h2: W 6 | L 1   margin +5
    slot  17 @h2: L 1 | L 1   margin +0
    slot  18 @h2: L 5 | W 6   margin -1
    slot  19 @h2: L 5 | W 6   margin -1
  PAIRED MARGIN (missions cleared, all pairs): +0.00 ±0.65 SE  (n=10 pairs)
  by objective (greedy / sloppy / gap):
    Decapitate :   43% /   43% / gap    0
    Defend     :   75% /   75% / gap    0
    Eliminate  :  100% /  100% / gap    0
    Escort     :  100% /  100% / gap    0
    Hack       :   50% /  100% / gap  -50
    Rescue     :  100% /  100% / gap    0
    Sabotage   :  100% /   75% / gap   25

DECISION RICHNESS / SWING:
  meaningful-choices/turn 3.04   lead-swings/match 0.7   avg max-swing 46.7
  [shot-gate] acting-soldiers/turn 3.61   armed-soldiers/turn 1.54   armed-fraction 43%   turns-with-a-shot 62%   choices/ARMED-soldier-turn 1.97
  [choice-split] los-targets/ARMED 2.84   target-choices/ARMED 0.73   position-choices/ARMED 1.24

RUN COMPLETION BY HEAT (full-campaign clears):
  heat 2:   30% ±10  (n=20 runs, avg 3.7 missions)

INTEL ECONOMY BY HEAT (campaign runs; heat-bonus = the Heat.IntelBonus share of income):
  heat 2: earned  131.9/run   heat-bonus  20.8 (  16% of income)   spent  119.8   unspent   12.2

MISSION WIN-RATE BY HEAT:
  heat 2:   81%  (n=72, avg 5.6 turns)

MISSION WIN-RATE BY OBJECTIVE:
  Eliminate  :  100% ±0  (n=20, avg 3.4 turns)
  Defend     :   75% ±11  (n=16, avg 8.6 turns)
  Decapitate :   43% ±13  (n=14, avg 5.9 turns)
  Escort     :  100% ±0  (n=8, avg 7.6 turns)
  Sabotage   :   88% ±12  (n=8, avg 3.5 turns)
  Hack       :   75% ±22  (n=4, avg 4.8 turns)
  Rescue     :  100% ±0  (n=2, avg 3.5 turns)

MISSION WIN-RATE BY MISSION #:
  m1:  100% ±0  (n=20)
  m2:   58% ±14  (n=12)
  m3:   80% ±13  (n=10)
  m4:   73% ±13  (n=11)
  m5:  100% ±0  (n=9)
  m6:   60% ±15  (n=10)

LOSS CAUSES (missions):
  RUN OVER              : 14

MISSION WIN-RATE BY ARENA (authored layouts, n>=3; procedural fallback   35% of 72 missions):
  arena  6:   60% ±22  (n=5, avg 5.6 turns)  [m2:0%(1) m3:50%(2) m4:100%(2)]
  arena 10:  100% ±0  (n=3, avg 5.7 turns)  [m1:100%(2) m5:100%(1)]
  arena 12:   33% ±27  (n=3, avg 5.3 turns)  [m2:50%(2) m4:0%(1)]
  arena 19:  100% ±0  (n=3, avg 2.0 turns)  [m1:100%(2) m4:100%(1)]
  arena 21:  100% ±0  (n=3, avg 3.0 turns)  [m1:100%(2) m3:100%(1)]
  arena 22:  100% ±0  (n=3, avg 4.0 turns)  [m4:100%(2) m6:100%(1)]
  arena 25:   67% ±27  (n=3, avg 5.0 turns)  [m3:0%(1) m6:100%(2)]
  arena 28:  100% ±0  (n=6, avg 6.0 turns)  [m1:100%(4) m5:100%(2)]
  arena 32:  100% ±0  (n=4, avg 9.0 turns)  [m2:100%(2) m5:100%(2)]
  procedural:   80% ±8  (n=25, avg 5.6 turns)  [m1:100%(8) m2:40%(5) m3:100%(5) m4:100%(3) m5:100%(2) m6:0%(2)]

DEPLOYMENT GEOMETRY (opening shape; choices/ARMED is the wave's real gate):
  FRONTAL   :   79% ±8  (n=28, avg 6.4 turns)  choices/turn 4.26  choices/ARMED 2.34  los-targets/ARMED 3.42
  PINCER    :   70% ±9  (n=27, avg 5.0 turns)  choices/turn 2.54  choices/ARMED 1.80  los-targets/ARMED 2.42
  CROSSFIRE :  100% ±0  (n=9, avg 5.6 turns)  choices/turn 1.89  choices/ARMED 1.13  los-targets/ARMED 1.88
  ENVELOP   :  100% ±0  (n=8, avg 5.1 turns)  choices/turn 0.67  choices/ARMED 1.24  los-targets/ARMED 1.29

ARENA FUNNEL (Mission.Build exits, n=83 builds, all modes):
  authored-applied    :  65.1%  (n=54)
  connectivity-reject :   0.0%  (n=0)
  procedural-roll     :  34.9%  (n=29)

DECK EXPOSURE (campaign runs n=20):
  distinct authored arenas/run : 2.35 mean (all runs)
  ... full-depth runs only     : 3.50 mean over 5.0 fights/run (n=6)
  Defend dealt on the route    :   70% of runs (n=14)

ACTION MIX (verbs issued, by policy):
  verb                  greedy        sloppy
  MOVE               492   39%     584   44%
  SHOOT              285   22%     313   23%
  HUNKER             144   11%     119    9%
  BRACE               71    6%      61    5%
  RELOAD              41    3%      41    3%
  OVERWATCH           35    3%      29    2%
  INTEL               30    2%      31    2%
  FOCUS               36    3%      21    2%
  STABILIZE           26    2%      26    2%
  SLIPSTREAM          28    2%      17    1%
  MARK                16    1%      21    2%
  ITEM:SMOKE          20    2%      16    1%
  PLANT               14    1%      11    1%
  PIN                 11    1%      11    1%
  PATCH                5    0%       9    1%
  GRENADE              3    0%       8    1%
  EXTRACT              6    0%       4    0%
  HACK                 5    0%       5    0%
  REARM                2    0%       6    0%
  BEACON               3    0%       5    0%
  GRAPPLE              1    0%       1    0%
  DRAG                 1    0%       0    0%
  BARREL               0    0%       1    0%

PLAYER CLASS PERFORMANCE:
  class        shots   hit%   dmg   kills
  SHARPSHOOTER    154    90%    988     58
  ASSAULT        146    89%    622     36
  GUNNER         146    85%    617     49
  RANGER         106    78%    579     34
  CORPSMAN        53    91%    182     10

SOLDIER DEATHS BY ENEMY CLASS (threat ranking):
  GRUNT      : 12
  BURN       : 10
  STRIKE     : 8
  ELITE      : 7
  STRIKER    : 6
  SNIPER     : 6
  BRUISER    : 5
  BERSERKER  : 4
  HUNTER     : 4
  DRONE      : 4
  HOUND      : 3
  TURRET     : 3
  MORTAR     : 3
  SAPPER     : 3
  SCOUT      : 2
  SCREENER   : 2
  WARBRINGER : 2
  PIKEMAN    : 1
  BARREL     : 1
  MEDIC      : 1
  CUSTODIAN  : 1
  SHIELD     : 1

SOLDIER DOWNS (FUL-7 bleed-out): 182 downs -> revived 5 / recovered 42 / bled out 107 / finished 28  (save-rate   26%)
  corpsman fielded in 31 missions

ENEMY COMPOSITION (spawns; faction-stamped fights n=481 / default-cascade fights n=132):
  class        faction         default
  GRUNT           72   15%       37   28%
  SCOUT           23    5%       45   34%
  BERSERKER       42    9%        3    2%
  ELITE           34    7%        3    2%
  HUNTER          24    5%       12    9%
  BRUISER         33    7%        2    2%
  SNIPER          28    6%        4    3%
  SCREENER        29    6%        0    0%
  MEDIC           21    4%        4    3%
  MORTAR          20    4%        1    1%
  HOUND           19    4%        1    1%
  STRIKER         17    4%        3    2%
  SHIELD          14    3%        5    4%
  LANCER          16    3%        2    2%
  DRONE           13    3%        5    4%
  SAPPER          14    3%        3    2%
  CUSTODIAN       15    3%        1    1%
  PIKEMAN         13    3%        1    1%
  TURRET          12    2%        0    0%
  WARBRINGER       8    2%        0    0%
  SPOTTER          8    2%        0    0%
  BOMBARD          6    1%        0    0%

PERK PICK FREQUENCY:
  GUN           : 13
  MOM           : 12
  SKR           : 11
  MRK           : 11
  LCK           : 10
  CLH           : 9
  OUT           : 9
  EXC           : 8
  GRD           : 8
  RFX           : 8
  FST           : 7
  CQB           : 7
  BND           : 6
  HRD           : 5
  VNT           : 5
  SGE           : 5
  PLT           : 5
  BRK           : 4
  TNK           : 4

SHOP PURCHASE FREQUENCY:
  FIELD MEDKIT      : 45
  WPN: SCOPE        : 37
  WPN: HOLLOW POINT : 28
  BALLISTIC PLATING : 17
  COMBAT STIMS      : 17
  WPN: EXTENDED MAG : 15
  WPN: STABILIZER   : 15
  COUNTER-PREP      : 14
  ADV. TRAINING     : 14
  FRAG CACHE        : 9
  ARMORY            : 8
  WPN: BIPOD        : 5
  WPN: SUPPRESSOR   : 3

BOON PICK FREQUENCY (PROCS = effect fires at instrumented sites; '-' = not instrumented;
                      PYR counts the +2-turn-burn half only — the Burning-immunity half is uninstrumented):
  code                 picks   PROCS
  GHO               :     6       -
  GRN               :     6       -
  RPD               :     5       -
  EXE               :     4       -
  FRT               :     4       -
  FST               :     4      49
  FVR               :     4       -
  RCL               :     4       0
  ADR               :     3       -
  MRK               :     3       -
  TRR               :     3       6
  VNM               :     3       -
  FDR               :     1       0
  SCV               :     1       -
  SHK               :     1       0

RUN WIN-RATE BY BOON (campaign runs holding it):
  GHO               :   33% ±19  (in 6 runs)
  GRN               :   50% ±20  (in 6 runs)
  RPD               :   60% ±22  (in 5 runs)
  EXE               :   50% ±25  (in 4 runs)
  FRT               :   75% ±22  (in 4 runs)
  FST               :   25% ±22  (in 4 runs)
  FVR               :   25% ±22  (in 4 runs)
  RCL               :   25% ±22  (in 4 runs)
  ADR               :   33% ±27  (in 3 runs)
  MRK               :  100% ±0  (in 3 runs)
  TRR               :   67% ±27  (in 3 runs)
  VNM               :   33% ±27  (in 3 runs)
  FDR               :  100% ±0  (in 1 runs)
  SCV               :    0% ±0  (in 1 runs)
  SHK               :    0% ±0  (in 1 runs)

RUN WIN-RATE BY SPEC (campaign runs fielding it):
  SNT               :   50% ±20  (in 6 runs)
  ADN               :   33% ±27  (in 3 runs)
  ANC               :   67% ±27  (in 3 runs)
  HHT               :   67% ±27  (in 3 runs)
  JUG               :   67% ±27  (in 3 runs)
  PHN               :   50% ±35  (in 2 runs)

RUN WIN-RATE BY PERK (campaign runs holding it):
  GUN               :   27% ±13  (in 11 runs)
  SKR               :   36% ±15  (in 11 runs)
  MOM               :   44% ±17  (in 9 runs)
  GRD               :   50% ±18  (in 8 runs)
  MRK               :   50% ±18  (in 8 runs)
  RFX               :   50% ±18  (in 8 runs)
  CLH               :   43% ±19  (in 7 runs)
  FST               :   43% ±19  (in 7 runs)
  OUT               :   43% ±19  (in 7 runs)
  BND               :   33% ±19  (in 6 runs)
  EXC               :   67% ±19  (in 6 runs)
  LCK               :   50% ±20  (in 6 runs)
  CQB               :   40% ±22  (in 5 runs)
  HRD               :   40% ±22  (in 5 runs)
  SGE               :   40% ±22  (in 5 runs)
  BRK               :   75% ±22  (in 4 runs)
  TNK               :   50% ±25  (in 4 runs)
  VNT               :   50% ±25  (in 4 runs)
  PLT               :   67% ±27  (in 3 runs)

RUN WIN-RATE BY PURCHASE (campaign runs buying it):
  FIELD MEDKIT      :   50% ±14  (in 12 runs)
  COMBAT STIMS      :   36% ±15  (in 11 runs)
  COUNTER-PREP      :   36% ±15  (in 11 runs)
  WPN: HOLLOW POINT :   45% ±15  (in 11 runs)
  WPN: SCOPE        :   55% ±15  (in 11 runs)
  WPN: EXTENDED MAG :   56% ±17  (in 9 runs)
  WPN: STABILIZER   :   44% ±17  (in 9 runs)
  ADV. TRAINING     :   50% ±18  (in 8 runs)
  FRAG CACHE        :   43% ±19  (in 7 runs)
  ARMORY            :   33% ±19  (in 6 runs)
  BALLISTIC PLATING :   60% ±22  (in 5 runs)
  WPN: BIPOD        :   40% ±22  (in 5 runs)
  WPN: SUPPRESSOR   :   67% ±27  (in 3 runs)

RUN WIN-RATE BY EVENT-CHOICE (campaign runs taking id:arm):
  grave:1           :   75% ±22  (in 4 runs)
  defector:2        :   50% ±35  (in 2 runs)
  fieldhospital:2   :   50% ±35  (in 2 runs)
  profiteer:0       :    0% ±0  (in 2 runs)
  quartermaster:2   :    0% ±0  (in 2 runs)
  warpension:1      :    0% ±0  (in 2 runs)
  medic:1           :  100% ±0  (in 1 runs)
  relic:1           :    0% ±0  (in 1 runs)
═══════════════════════════════════════════════════════════════════════

batch wall-time: 448.1s  (20 matches across 10 campaigns × 2 policy, frame-cap hits: 0)
aggregate JSON -> /home/user/wt/x2/docs/measurements/x2/S1-h2-b10.json
INFO: TEXTURE: [ID 2] Unloaded texture data from VRAM (GPU)
INFO: SHADER: [ID 3] Default shader unloaded successfully
INFO: TEXTURE: [ID 1] Default texture unloaded successfully
INFO: Window closed successfully
