BALANCE: heat PINNED for this batch (field-event AddHeat is a no-op; SIGHTLINE_HEATPIN=0 restores the leak)
INFO: Initializing raylib 6.0
INFO: Platform backend: DESKTOP (GLFW)
INFO: Supported raylib modules:
INFO:     > rcore:..... loaded (mandatory)
INFO:     > rlgl:...... loaded (mandatory)
INFO:     > rshapes:... loaded (optional)
INFO:     > rtextures:. loaded (optional)
INFO:     > rtext:..... loaded (optional)
INFO:     > rmodels:... loaded (optional)
INFO:     > raudio:.... loaded (optional)
INFO: DISPLAY: Trying to enable MSAA x4
INFO: DISPLAY: Device initialized successfully 
INFO:     > Display size: 1280 x 800
INFO:     > Screen size:  1280 x 800
INFO:     > Render size:  1280 x 800
INFO:     > Viewport offsets: 0, 0
INFO: GLAD: OpenGL extensions loaded successfully
INFO: GL: Supported extensions count: 229
INFO: GL: OpenGL device information:
INFO:     > Vendor:   Mesa
INFO:     > Renderer: llvmpipe (LLVM 20.1.2, 256 bits)
INFO:     > Version:  4.5 (Core Profile) Mesa 25.2.8-0ubuntu0.24.04.2
INFO:     > GLSL:     4.50
INFO: GL: VAO extension detected, VAO functions loaded successfully
INFO: GL: NPOT textures extension detected, full NPOT textures supported
INFO: GL: DXT compressed textures supported
INFO: GL: ETC2/EAC compressed textures supported
INFO: PLATFORM: DESKTOP (GLFW - X11): Initialized successfully
INFO: TEXTURE: [ID 1] Texture loaded successfully (1x1 | R8G8B8A8 | 1 mipmaps)
INFO: TEXTURE: [ID 1] Default texture loaded successfully
INFO: SHADER: [ID 1] Vertex shader compiled successfully
INFO: SHADER: [ID 2] Fragment shader compiled successfully
INFO: SHADER: [ID 3] Program shader loaded successfully
INFO: SHADER: [ID 3] Default shader loaded successfully
INFO: RLGL: Render batch vertex buffers loaded successfully in RAM (CPU)
INFO: RLGL: Render batch vertex buffers loaded successfully in VRAM (GPU)
INFO: RLGL: Default OpenGL state initialized successfully
INFO: TEXTURE: [ID 2] Texture loaded successfully (128x128 | GRAY_ALPHA | 1 mipmaps)
INFO: FONT: Default font loaded successfully (224 glyphs)
INFO: SYSTEM: Working Directory: /home/user/wt/heat-pin
INFO: TIMER: Target time per frame: 0.000 milliseconds
FINALE-KIT: Wardens
WAVE: +2 (PIKEMAN,SCOUT) [rich]
WAVE: +2 (MORTAR,MEDIC) [rich]
WAVE: +2 (MORTAR,MORTAR) [rich]
WAVE: +3 (MEDIC,SNIPER,SCREENER) [rich]
WAVE: +3 (PIKEMAN,PIKEMAN,SNIPER) [rich]
WAVE: +3 (SNIPER,MORTAR,SCOUT) [rich]
FINALE-KIT: Wardens
WAVE: +2 (MORTAR,PIKEMAN) [rich]
WAVE: +2 (PIKEMAN,SCOUT) [rich]
WAVE: +2 (SCOUT,MEDIC) [rich]
WAVE: +3 (SCOUT,PIKEMAN,GRUNT) [rich]
WAVE: +3 (PIKEMAN,GRUNT,CUSTODIAN) [rich]
WAVE: +3 (MEDIC,PIKEMAN,GRUNT) [rich]
FINALE-KIT: Wardens
FINALE-KIT: Wardens
FINALE-KIT: Legion
WAVE: +2 (SCOUT,BERSERKER) [rich]
WAVE: +2 (BRUISER,BERSERKER) [rich]
WAVE: +2 (BRUISER,SCOUT) [rich]
WAVE: +2 (CUSTODIAN,SCREENER) [rich]
WAVE: +2 (SAPPER,DRONE) [rich]
WAVE: +2 (DRONE,SCREENER) [rich]
match 5/20  (W:3 L:2 cap:0)  4.3s
FINALE-KIT: Legion
WAVE: +2 (HUNTER,BERSERKER) [rich]
WAVE: +2 (HUNTER,HUNTER) [rich]
WAVE: +2 (BERSERKER,BERSERKER) [rich]
WAVE: +2 (SAPPER,SHIELD) [rich]
WAVE: +2 (DRONE,SAPPER) [rich]
WAVE: +2 (SAPPER,CUSTODIAN) [rich]
REINFORCEMENTS: +2 (SCOUT,GRUNT)
REINFORCEMENTS: +2 (GRUNT,SCOUT)
FINALE-KIT: Wardens
WAVE: +3 (HUNTER,HUNTER,BERSERKER) [rich]
WAVE: +3 (BERSERKER,HOUND,BERSERKER) [rich]
WAVE: +3 (BERSERKER,LANCER,BERSERKER) [rich]
WAVE: +3 (WARBRINGER,HOUND,HUNTER) [rich]
FINALE-KIT: Wardens
WAVE: +3 (LANCER,STRIKER,HUNTER) [rich]
WAVE: +3 (STRIKER,WARBRINGER,BERSERKER) [rich]
WAVE: +3 (BERSERKER,SCOUT,HUNTER) [rich]
REINFORCEMENTS: +2 (SCOUT,SCOUT)
FINALE-KIT: Syndicate
WAVE: +2 (SCOUT,BRUISER) [rich]
WAVE: +2 (LANCER,HOUND) [rich]
WAVE: +2 (STRIKER,HUNTER) [rich]
FINALE-KIT: Syndicate
WAVE: +2 (LANCER,BRUISER) [rich]
WAVE: +2 (LANCER,SCOUT) [rich]
WAVE: +2 (HOUND,BERSERKER) [rich]
match 10/20  (W:3 L:7 cap:0)  7.1s
FINALE-KIT: Wardens
FINALE-KIT: Wardens
WAVE: +3 (DRONE,MEDIC,SAPPER) [rich]
WAVE: +3 (LANCER,CUSTODIAN,BERSERKER) [rich]
WAVE: +2 (HUNTER,MEDIC) [rich]
FINALE-KIT: Syndicate
FINALE-KIT: Syndicate
WAVE: +2 (BRUISER,STRIKER) [rich]
WAVE: +2 (STRIKER,DRONE) [rich]
WAVE: +2 (DRONE,SCOUT) [rich]
WAVE: +2 (DRONE,BERSERKER) [rich]
WAVE: +2 (HOUND,PIKEMAN) [rich]
WAVE: +2 (MORTAR,MEDIC) [rich]
FINALE-KIT: Legion
match 15/20  (W:5 L:10 cap:0)  8.5s
FINALE-KIT: Legion
FINALE-KIT: Syndicate
REINFORCEMENTS: +2 (SCOUT,GRUNT)
REINFORCEMENTS: +2 (SCOUT,GRUNT)
REINFORCEMENTS: +2 (SCOUT,SCOUT)
FINALE-KIT: Syndicate
WAVE: +3 (LANCER,STRIKER,BERSERKER) [rich]
WAVE: +3 (BERSERKER,BRUISER,BRUISER) [rich]
WAVE: +3 (BRUISER,BERSERKER,WARBRINGER) [rich]
FINALE-KIT: Legion
WAVE: +3 (HUNTER,HOUND,STRIKER) [rich]
WAVE: +3 (STRIKER,SHIELD,SPOTTER) [rich]
WAVE: +3 (WARBRINGER,SNIPER,DRONE) [rich]
REINFORCEMENTS: +2 (SCOUT,GRUNT)
REINFORCEMENTS: +2 (GRUNT,SCOUT)
REINFORCEMENTS: +3 (GRUNT,GRUNT,GRUNT)
FINALE-KIT: Legion
match 20/20  (W:6 L:14 cap:0)  9.6s

══════════════════════ SIGHTLINE BALANCE REPORT ══════════════════════
runs=20  missions=71

RUN OUTCOMES (campaign):  win-rate   30%   avg missions cleared 3.6

POLICY GAP (optimal vs human-error; campaign runs only):
  greedy win-rate   20%  (n=10)
  sloppy win-rate   40%  (n=10)
  GAP  -20 pts  (noisy (need more runs))
  PAIRED (same-seed slots): pairs=10  concordant=6  discordant greedy-only-won=1 / sloppy-only-won=3  paired gap  -20 pts
  PER-SLOT RECORDS (greedy | sloppy: outcome + missions cleared; margin = g−s):
    slot 150 @h6: W 6 | W 6   margin +0
    slot 151 @h6: L 0 | L 0   margin +0
    slot 152 @h6: W 6 | L 5   margin +1
    slot 153 @h6: L 4 | L 5   margin -1
    slot 154 @h6: L 2 | L 4   margin -2
    slot 155 @h6: L 3 | W 6   margin -3
    slot 156 @h6: L 0 | W 6   margin -6
    slot 157 @h6: L 3 | L 1   margin +2
    slot 158 @h6: L 2 | W 6   margin -4
    slot 159 @h6: L 5 | L 2   margin +3
  PAIRED MARGIN (missions cleared, all pairs): -1.00 ±0.88 SE  (n=10 pairs)
  by objective (greedy / sloppy / gap):
    Decapitate :   60% /   63% / gap   -3
    Defend     :   86% /  100% / gap  -14
    Eliminate  :   80% /   82% / gap   -2
    Escort     :   33% /  100% / gap  -67
    Evac       :  100% /  100% / gap    0
    Hack       :  100% /   50% / gap   50
    Rescue     :   67% /  100% / gap  -33
    Sabotage   :  100% /  100% / gap    0

DECISION RICHNESS / SWING:
  meaningful-choices/turn 2.28   lead-swings/match 0.8   avg max-swing 58.9
  [shot-gate] acting-soldiers/turn 3.20   armed-soldiers/turn 1.07   armed-fraction 33%   turns-with-a-shot 50%   choices/ARMED-soldier-turn 2.14
  [choice-split] los-targets/ARMED 2.20   target-choices/ARMED 0.29   position-choices/ARMED 1.85

RUN COMPLETION BY HEAT (full-campaign clears):
  heat 6:   30% ±10  (n=20 runs, avg 3.6 missions)
  HEAT LEAK: pinned=yes  heat-raising picks=0  campaigns raised=0  missions off-rung=0/71

INTEL ECONOMY BY HEAT (campaign runs; heat-bonus = the Heat.IntelBonus share of income):
  heat 6: earned  202.7/run   heat-bonus  91.8 (  45% of income)   spent  186.4   unspent   16.3

MISSION WIN-RATE BY HEAT:
  heat 6:   80%  (n=71, avg 5.7 turns)

MISSION WIN-RATE BY OBJECTIVE:
  Eliminate  :   81% ±9  (n=21, avg 4.6 turns)
  Defend     :   94% ±6  (n=17, avg 8.9 turns)
  Decapitate :   62% ±13  (n=13, avg 4.9 turns)
  Rescue     :   86% ±13  (n=7, avg 4.7 turns)
  Escort     :   60% ±22  (n=5, avg 6.4 turns)
  Sabotage   :  100% ±0  (n=3, avg 2.0 turns)
  Hack       :   67% ±27  (n=3, avg 4.3 turns)
  Evac       :  100% ±0  (n=2, avg 4.5 turns)

MISSION WIN-RATE BY OBJECTIVE x NODE KIND (a capstone must never pool with a mid-run node):
  Eliminate  : Start:  85%(n=20)  Combat:   0%(n=1)
               depth: m1:85%(20) m5:0%(1)
  Defend     : Combat:  91%(n=11)  Supply: 100%(n=4)  Elite: 100%(n=2)
               depth: m2:100%(7) m3:100%(3) m4:100%(3) m5:75%(4)
  Decapitate : Boss:  67%(n=9)  Supply:  50%(n=2)  Elite:  50%(n=2)
               depth: m2:50%(2) m3:50%(2) m6:67%(9)
  Rescue     : Combat:  80%(n=5)  Supply: 100%(n=2)
               depth: m2:100%(4) m4:67%(3)
  Escort     : Combat:  33%(n=3)  Supply: 100%(n=2)
               depth: m3:50%(2) m4:0%(1) m5:100%(2)
  Sabotage   : Combat: 100%(n=2)  Elite: 100%(n=1)
               depth: m3:100%(2) m4:100%(1)
  Hack       : Elite:  50%(n=2)  Combat: 100%(n=1)
               depth: m3:50%(2) m4:100%(1)
  Evac       : Combat: 100%(n=2)
               depth: m2:100%(2)

ENCOUNTER COMPLETION on MID-RUN nodes (Combat+Elite) — clear% is the share of the fight actually fought:
  objective     n   win%   turns   force    +rf  killed  clear%   prs  WONclear%
  Defend        13   92%     8.8    6.08   6.92    4.38    33.7  0.00     34.4 (n=12)
  Rescue         5   80%     5.2    8.40   0.00    3.20    38.1  0.00     43.8 (n=4)
  Escort         3   33%     6.0    9.33   0.00    3.00    32.1  0.00     55.6 (n=1)
  Sabotage       3  100%     2.0    7.67   0.00    0.33     4.3  0.00      4.3 (n=3)
  Hack           3   67%     4.3   10.67   0.00    1.00     9.4  0.33     14.3 (n=2)
  Decapitate     2   50%     6.5   11.00   2.00    2.50    19.2  1.50      9.1 (n=1)
  Evac           2  100%     4.5    6.00   0.00    0.00     0.0  0.00      0.0 (n=2)
  Eliminate      1    0%     5.0   11.00   0.00    1.00     9.1  0.00      0.0 (n=0)
  ---- the two classes ----
  KILL           3   33%     6.0   11.00   1.33    2.00    16.2  1.00      9.1 (n=1)
  NON-KILL      29   83%     6.4    7.45   3.10    2.97    28.1  0.03     30.3 (n=24)

DECAPITATE HVT (buff = +6+1*mission HP, +6 aim; ELITE exempt):
  EXEMPT  :   64% ±15  (n=11, avg 5.2 turns, HVT 22.6 max HP)  [m3:50%(2) m6:67%(9)]
  BUFFED  :   50% ±35  (n=2, avg 3.5 turns, HVT 21.0 max HP)  [m2:50%(2)]

MISSION WIN-RATE BY MISSION #:
  m1:   85% ±8  (n=20)
  m2:   93% ±6  (n=15)
  m3:   73% ±13  (n=11)
  m4:   78% ±14  (n=9)
  m5:   71% ±17  (n=7)
  m6:   67% ±16  (n=9)

LOSS CAUSES (missions):
  RUN OVER              : 11
  VIP LOST              : 2
  CAPTIVE LOST          : 1

MISSION WIN-RATE BY ARENA (authored layouts, n>=3; procedural fallback   27% of 71 missions):
  arena  8:   75% ±22  (n=4, avg 2.8 turns)  [m1:100%(2) m4:50%(2)]
  arena 23:    0% ±0  (n=3, avg 12.0 turns)  [m1:0%(2) m6:0%(1)]
  arena 26:  100% ±0  (n=3, avg 2.7 turns)  [m6:100%(3)]
  arena 30:  100% ±0  (n=8, avg 6.1 turns)  [m1:100%(2) m2:100%(4) m3:100%(1) m6:100%(1)]
  arena 33:   80% ±18  (n=5, avg 7.0 turns)  [m2:100%(2) m3:50%(2) m4:100%(1)]
  arena 34:   67% ±27  (n=3, avg 6.3 turns)  [m5:100%(1) m6:50%(2)]
  procedural:   68% ±11  (n=19, avg 5.3 turns)  [m1:88%(8) m2:100%(2) m3:50%(4) m4:100%(1) m5:33%(3) m6:0%(1)]

DEPLOYMENT GEOMETRY (opening shape; choices/ARMED is the wave's real gate):
  FRONTAL   :   75% ±11  (n=16, avg 6.4 turns)  choices/turn 1.72  choices/ARMED 1.81  los-targets/ARMED 2.37
  PINCER    :   76% ±8  (n=29, avg 5.8 turns)  choices/turn 1.95  choices/ARMED 2.01  los-targets/ARMED 2.19
  CROSSFIRE :   90% ±9  (n=10, avg 5.4 turns)  choices/turn 2.02  choices/ARMED 2.11  los-targets/ARMED 2.62
  ENVELOP   :   88% ±8  (n=16, avg 5.0 turns)  choices/turn 3.87  choices/ARMED 2.59  los-targets/ARMED 1.89

ARENA FUNNEL (Mission.Build exits, n=79 builds, all modes):
  authored-applied    :  74.7%  (n=59)
  connectivity-reject :   0.0%  (n=0)
  procedural-roll     :  25.3%  (n=20)

DECK EXPOSURE (campaign runs n=20):
  distinct authored arenas/run : 2.60 mean (all runs)
  ... full-depth runs only     : 4.00 mean over 5.0 fights/run (n=6)
  Defend dealt on the route    :   60% of runs (n=12)

ENEMY DECISION MIX (contested acts=1257; all-downed acts not counted=369):
  shoot           654    52%
  hunker          366    29%
  move            111     9%
  grenade          44     4%
  reload           26     2%
  heal             19     2%
  brace            13     1%
  item              8     1%
  siege             7     1%
  overwatch         5     0%
  staleplan         3     0%
  shove             1     0%

  the shot on the table (acts where the chosen tile HAD a shot = 736):
    hit% band     taken   share   E[dmg]/shot   declined   share   E[dmg]/shot
      0-19           0      0%          0.00          3     38%          0.45
     20-39          18      3%          1.44          4     50%          1.20
     40-59          87     13%          2.07          1     13%          0.87
     60-79         259     40%          2.71          0      0%          0.00
      80+          290     44%          3.90          0      0%          0.00
    TOTAL           654                              8
  taken   89% / DECLINED    1% / preempted by another verb   10%
  enemy lanes held (overwatch+brace) 18; reaction shots fired 3  ->   17% of lanes paid off   [C2: DeclineWatchRatio is a bet on this number]

ACTION MIX (verbs issued, by policy):
  verb                  greedy        sloppy
  MOVE               400   38%     436   32%
  SHOOT              258   25%     373   28%
  OVERWATCH           84    8%     100    7%
  BRACE               60    6%      96    7%
  FOCUS               41    4%      55    4%
  RELOAD              30    3%      53    4%
  SLIPSTREAM          32    3%      45    3%
  INTEL               26    2%      39    3%
  HUNKER              31    3%      33    2%
  STABILIZE           30    3%      32    2%
  MARK                10    1%      23    2%
  ITEM:SMOKE           8    1%      14    1%
  PIN                  9    1%      12    1%
  REARM                4    0%       8    1%
  DRAG                 7    1%       5    0%
  GRENADE              1    0%       8    1%
  PLANT                3    0%       6    0%
  BEACON               3    0%       3    0%
  PATCH                5    0%       1    0%
  HACK                 2    0%       4    0%
  BARREL               1    0%       5    0%
  GRAPPLE              2    0%       1    0%

PLAYER CLASS PERFORMANCE:
  class        shots   hit%   dmg   kills
  GUNNER         256    84%   1168     66
  SHARPSHOOTER    156    90%   1077     68
  ASSAULT        170    84%    719     40
  RANGER         122    84%    677     44
  CORPSMAN        14    79%     39      1

SOLDIER DEATHS BY ENEMY CLASS (threat ranking):
  BRUISER    : 14
  ELITE      : 13
  BERSERKER  : 12
  BURN       : 8
  MORTAR     : 7
  GRUNT      : 7
  LANCER     : 7
  STRIKER    : 5
  STRIKE     : 3
  SCOUT      : 3
  HUNTER     : 3
  WARBRINGER : 3
  DRONE      : 3
  SAPPER     : 2
  SCREENER   : 2
  SHIELD     : 2
  MEDIC      : 1
  HOUND      : 1
  TURRET     : 1
  SNIPER     : 1

SOLDIER DOWNS (FUL-7 bleed-out): 192 downs -> revived 4 / recovered 53 / bled out 116 / finished 14  (save-rate   32%)
  corpsman fielded in 16 missions

ENEMY COMPOSITION (spawns; faction-stamped fights n=524 / default-cascade fights n=173):
  class        faction         default
  SCOUT           40    8%       51   29%
  GRUNT           38    7%       33   19%
  BERSERKER       48    9%        4    2%
  MORTAR          45    9%        3    2%
  BRUISER         38    7%       10    6%
  LANCER          36    7%        5    3%
  DRONE           27    5%       10    6%
  ELITE           30    6%        4    2%
  HUNTER          30    6%        4    2%
  SHIELD          23    4%        4    2%
  SAPPER          19    4%        8    5%
  PIKEMAN         23    4%        3    2%
  STRIKER         16    3%        7    4%
  MEDIC           19    4%        3    2%
  SNIPER          12    2%       10    6%
  HOUND           17    3%        3    2%
  SCREENER        18    3%        0    0%
  TURRET          15    3%        2    1%
  WARBRINGER      12    2%        1    1%
  CUSTODIAN       10    2%        3    2%
  BOMBARD          6    1%        1    1%
  SPOTTER          2    0%        4    2%

PERK PICK FREQUENCY:
  EXC           : 12
  OUT           : 12
  MOM           : 11
  CLH           : 10
  LCK           : 10
  RFX           : 9
  BND           : 8
  HRD           : 7
  GRD           : 7
  FST           : 7
  SGE           : 6
  MRK           : 6
  GUN           : 6
  TNK           : 6
  PLT           : 5
  SKR           : 4
  CQB           : 4
  VNT           : 3
  BRK           : 2

SHOP PURCHASE FREQUENCY:
  FIELD MEDKIT      : 61
  WPN: HOLLOW POINT : 53
  WPN: SCOPE        : 44
  BALLISTIC PLATING : 33
  WPN: STABILIZER   : 28
  WPN: EXTENDED MAG : 27
  COMBAT STIMS      : 25
  WPN: BIPOD        : 21
  FRAG CACHE        : 17
  COUNTER-PREP      : 14
  WPN: SUPPRESSOR   : 14
  ARMORY            : 12
  ADV. TRAINING     : 9

BOON PICK FREQUENCY (PROCS = effect fires at instrumented sites; '-' = not instrumented;
                      PYR counts the +2-turn-burn half only — the Burning-immunity half is uninstrumented):
  code                 picks   PROCS
  TRR               :     7      29
  FRT               :     5       -
  ADR               :     4       -
  FDR               :     4       2
  PYR               :     4       4
  SHK               :     4       7
  EXE               :     3       -
  FST               :     3      37
  GRN               :     3       -
  MRK               :     3       -
  RCL               :     3       1
  RPD               :     3       -
  GHO               :     2       -
  VNM               :     2       -
  SCV               :     1       -

RUN WIN-RATE BY BOON (campaign runs holding it):
  TRR               :   29% ±17  (in 7 runs)
  FRT               :   80% ±18  (in 5 runs)
  ADR               :   25% ±22  (in 4 runs)
  FDR               :   50% ±25  (in 4 runs)
  PYR               :   75% ±22  (in 4 runs)
  SHK               :   50% ±25  (in 4 runs)
  EXE               :   33% ±27  (in 3 runs)
  FST               :    0% ±0  (in 3 runs)
  GRN               :   67% ±27  (in 3 runs)
  MRK               :    0% ±0  (in 3 runs)
  RCL               :   67% ±27  (in 3 runs)
  RPD               :   67% ±27  (in 3 runs)
  GHO               :   50% ±35  (in 2 runs)
  VNM               :  100% ±0  (in 2 runs)
  SCV               :    0% ±0  (in 1 runs)

RUN WIN-RATE BY SPEC (campaign runs fielding it):
  ADN               :   75% ±22  (in 4 runs)
  SNT               :   50% ±25  (in 4 runs)
  ANC               :   67% ±27  (in 3 runs)
  BRC               :  100% ±0  (in 2 runs)
  PHN               :  100% ±0  (in 2 runs)
  PTH               :  100% ±0  (in 2 runs)
  HHT               :  100% ±0  (in 1 runs)
  JUG               :    0% ±0  (in 1 runs)

RUN WIN-RATE BY PERK (campaign runs holding it):
  OUT               :   50% ±16  (in 10 runs)
  LCK               :   63% ±17  (in 8 runs)
  MOM               :   50% ±18  (in 8 runs)
  BND               :   71% ±17  (in 7 runs)
  CLH               :   43% ±19  (in 7 runs)
  EXC               :   57% ±19  (in 7 runs)
  HRD               :   57% ±19  (in 7 runs)
  GRD               :   67% ±19  (in 6 runs)
  RFX               :   50% ±20  (in 6 runs)
  TNK               :   17% ±15  (in 6 runs)
  FST               :   60% ±22  (in 5 runs)
  GUN               :   60% ±22  (in 5 runs)
  MRK               :   60% ±22  (in 5 runs)
  PLT               :   40% ±22  (in 5 runs)
  SGE               :   60% ±22  (in 5 runs)
  CQB               :   75% ±22  (in 4 runs)
  SKR               :   25% ±22  (in 4 runs)
  VNT               :   33% ±27  (in 3 runs)
  BRK               :   50% ±35  (in 2 runs)

RUN WIN-RATE BY PURCHASE (campaign runs buying it):
  FIELD MEDKIT      :   38% ±12  (in 16 runs)
  WPN: HOLLOW POINT :   40% ±13  (in 15 runs)
  BALLISTIC PLATING :   46% ±14  (in 13 runs)
  WPN: SCOPE        :   45% ±15  (in 11 runs)
  WPN: STABILIZER   :   50% ±16  (in 10 runs)
  WPN: SUPPRESSOR   :   50% ±16  (in 10 runs)
  COMBAT STIMS      :   44% ±17  (in 9 runs)
  COUNTER-PREP      :   44% ±17  (in 9 runs)
  ARMORY            :   50% ±18  (in 8 runs)
  ADV. TRAINING     :   43% ±19  (in 7 runs)
  FRAG CACHE        :   57% ±19  (in 7 runs)
  WPN: BIPOD        :   29% ±17  (in 7 runs)
  WPN: EXTENDED MAG :   57% ±19  (in 7 runs)

RUN WIN-RATE BY EVENT-CHOICE (campaign runs taking id:arm):
  cache:1           :   33% ±27  (in 3 runs)
  defector:2        :    0% ±0  (in 2 runs)
  grave:1           :   50% ±35  (in 2 runs)
  informant:0       :   50% ±35  (in 2 runs)
  warchest:1        :  100% ±0  (in 2 runs)
  warpension:2      :    0% ±0  (in 2 runs)
  bloodfeud:2       :  100% ±0  (in 1 runs)
  reservecall:0     :    0% ±0  (in 1 runs)
═══════════════════════════════════════════════════════════════════════

batch wall-time: 9.6s  (20 matches across 10 campaigns × 2 policy, frame-cap hits: 0)
aggregate JSON -> /home/user/wt/heat-pin/docs/measurements/l5/L5-h6-b150.json
INFO: TEXTURE: [ID 2] Unloaded texture data from VRAM (GPU)
INFO: SHADER: [ID 3] Default shader unloaded successfully
INFO: TEXTURE: [ID 1] Default texture unloaded successfully
INFO: Window closed successfully
