BALANCE: heat PINNED for this batch (field-event AddHeat is a no-op; SIGHTLINE_HEATPIN=0 restores the leak)
INFO: Initializing raylib 6.0
INFO: Platform backend: DESKTOP (GLFW)
INFO: Supported raylib modules:
INFO:     > rcore:..... loaded (mandatory)
INFO:     > rlgl:...... loaded (mandatory)
INFO:     > rshapes:... loaded (optional)
INFO:     > rtextures:. loaded (optional)
INFO:     > rtext:..... loaded (optional)
INFO:     > rmodels:... loaded (optional)
INFO:     > raudio:.... loaded (optional)
INFO: DISPLAY: Trying to enable MSAA x4
INFO: DISPLAY: Device initialized successfully 
INFO:     > Display size: 1280 x 800
INFO:     > Screen size:  1280 x 800
INFO:     > Render size:  1280 x 800
INFO:     > Viewport offsets: 0, 0
INFO: GLAD: OpenGL extensions loaded successfully
INFO: GL: Supported extensions count: 229
INFO: GL: OpenGL device information:
INFO:     > Vendor:   Mesa
INFO:     > Renderer: llvmpipe (LLVM 20.1.2, 256 bits)
INFO:     > Version:  4.5 (Core Profile) Mesa 25.2.8-0ubuntu0.24.04.2
INFO:     > GLSL:     4.50
INFO: GL: VAO extension detected, VAO functions loaded successfully
INFO: GL: NPOT textures extension detected, full NPOT textures supported
INFO: GL: DXT compressed textures supported
INFO: GL: ETC2/EAC compressed textures supported
INFO: PLATFORM: DESKTOP (GLFW - X11): Initialized successfully
INFO: TEXTURE: [ID 1] Texture loaded successfully (1x1 | R8G8B8A8 | 1 mipmaps)
INFO: TEXTURE: [ID 1] Default texture loaded successfully
INFO: SHADER: [ID 1] Vertex shader compiled successfully
INFO: SHADER: [ID 2] Fragment shader compiled successfully
INFO: SHADER: [ID 3] Program shader loaded successfully
INFO: SHADER: [ID 3] Default shader loaded successfully
INFO: RLGL: Render batch vertex buffers loaded successfully in RAM (CPU)
INFO: RLGL: Render batch vertex buffers loaded successfully in VRAM (GPU)
INFO: RLGL: Default OpenGL state initialized successfully
INFO: TEXTURE: [ID 2] Texture loaded successfully (128x128 | GRAY_ALPHA | 1 mipmaps)
INFO: FONT: Default font loaded successfully (224 glyphs)
INFO: SYSTEM: Working Directory: /home/user/wt/heat-pin
INFO: TIMER: Target time per frame: 0.000 milliseconds
FINALE-KIT: Syndicate
FINALE-KIT: Syndicate
WAVE: +2 (DRONE,DRONE) [rich]
WAVE: +1 (SHIELD) [rich]
WAVE: +1 (SCREENER) [rich]
FINALE-KIT: Syndicate
WAVE: +2 (DRONE,GRUNT) [rich]
WAVE: +2 (SHIELD,SAPPER) [rich]
WAVE: +2 (SPOTTER,GRUNT) [rich]
FINALE-KIT: Syndicate
WAVE: +2 (DRONE,GRUNT) [rich]
WAVE: +2 (GRUNT,SHIELD) [rich]
WAVE: +2 (DRONE,SHIELD) [rich]
FINALE-KIT: Syndicate
WAVE: +2 (MEDIC,GRUNT) [rich]
WAVE: +2 (CUSTODIAN,SNIPER) [rich]
match 5/20  (W:1 L:4 cap:0)  4.6s
FINALE-KIT: Syndicate
WAVE: +2 (GRUNT,GRUNT) [rich]
WAVE: +2 (SCOUT,SNIPER) [rich]
WAVE: +3 (LANCER,SCREENER,SAPPER) [rich]
WAVE: +2 (GRUNT,LANCER) [rich]
WAVE: +2 (LANCER,MORTAR) [rich]
REINFORCEMENTS: +2 (SCOUT,SCOUT)
REINFORCEMENTS: +2 (SCOUT,SCOUT)
REINFORCEMENTS: +3 (GRUNT,GRUNT,GRUNT)
FINALE-KIT: Legion
FINALE-KIT: Legion
FINALE-KIT: Legion
WAVE: +3 (MEDIC,SAPPER,SAPPER) [rich]
WAVE: +1 (DRONE) [rich]
WAVE: +3 (STRIKER,SHIELD,SNIPER) [rich]
WAVE: +1 (GRUNT) [rich]
WAVE: +2 (WARBRINGER,SAPPER) [rich]
WAVE: +3 (BRUISER,BRUISER,SCOUT) [rich]
FINALE-KIT: Legion
match 10/20  (W:2 L:8 cap:0)  6.3s
FINALE-KIT: Legion
FINALE-KIT: Legion
REINFORCEMENTS: +2 (GRUNT,GRUNT)
REINFORCEMENTS: +2 (GRUNT,SCOUT)
FINALE-KIT: Legion
WAVE: +2 (SCREENER,SCREENER) [rich]
FINALE-KIT: Legion
WAVE: +2 (MORTAR,MEDIC) [rich]
WAVE: +1 (PIKEMAN) [rich]
FINALE-KIT: Wardens
WAVE: +2 (SNIPER,SNIPER) [rich]
match 15/20  (W:2 L:13 cap:0)  7.3s
FINALE-KIT: Wardens
WAVE: +2 (MORTAR,MEDIC) [rich]
WAVE: +1 (PIKEMAN) [rich]
REINFORCEMENTS: +2 (GRUNT,SCOUT)
FINALE-KIT: Wardens
WAVE: +3 (SAPPER,BERSERKER,SNIPER) [rich]
WAVE: +3 (HUNTER,SPOTTER,LANCER) [rich]
WAVE: +1 (GRUNT) [rich]
WAVE: +3 (STRIKER,STRIKER,BERSERKER) [rich]
WAVE: +1 (SPOTTER) [rich]
WAVE: +1 (SHIELD) [rich]
FINALE-KIT: Wardens
WAVE: +3 (SAPPER,HUNTER,MEDIC) [rich]
WAVE: +1 (WARBRINGER) [rich]
FINALE-KIT: Wardens
WAVE: +3 (SAPPER,SAPPER,SAPPER) [rich]
WAVE: +3 (DRONE,DRONE,DRONE) [rich]
WAVE: +3 (SHIELD,DRONE,SPOTTER) [rich]
WAVE: +1 (SAPPER) [rich]
FINALE-KIT: Wardens
WAVE: +3 (SCREENER,DRONE,DRONE) [rich]
WAVE: +3 (SHIELD,SAPPER,SPOTTER) [rich]
WAVE: +1 (SPOTTER) [rich]
match 20/20  (W:2 L:18 cap:0)  8.3s

══════════════════════ SIGHTLINE BALANCE REPORT ══════════════════════
runs=20  missions=68

RUN OUTCOMES (campaign):  win-rate   10%   avg missions cleared 3.5

POLICY GAP (optimal vs human-error; campaign runs only):
  greedy win-rate    0%  (n=10)
  sloppy win-rate   20%  (n=10)
  GAP  -20 pts  (noisy (need more runs))
  PAIRED (same-seed slots): pairs=10  concordant=8  discordant greedy-only-won=0 / sloppy-only-won=2  paired gap  -20 pts
  PER-SLOT RECORDS (greedy | sloppy: outcome + missions cleared; margin = g−s):
    slot  90 @h8: L 3 | W 6   margin -3
    slot  91 @h8: L 4 | L 4   margin +0
    slot  92 @h8: L 3 | W 6   margin -3
    slot  93 @h8: L 1 | L 5   margin -4
    slot  94 @h8: L 4 | L 2   margin +2
    slot  95 @h8: L 1 | L 1   margin +0
    slot  96 @h8: L 4 | L 4   margin +0
    slot  97 @h8: L 4 | L 3   margin +1
    slot  98 @h8: L 4 | L 4   margin +0
    slot  99 @h8: L 3 | L 3   margin +0
  PAIRED MARGIN (missions cleared, all pairs): -0.70 ±0.62 SE  (n=10 pairs)
  by objective (greedy / sloppy / gap):
    Decapitate :    0% /   50% / gap  -50
    Defend     :   75% /   88% / gap  -13
    Eliminate  :   85% /   77% / gap    8
    Escort     :    0% /   67% / gap  -67
    Evac       :   50% /  100% / gap  -50
    Hack       :  100% /   50% / gap   50
    Rescue     :   50% /  100% / gap  -50
    Sabotage   :  100% /  100% / gap    0

DECISION RICHNESS / SWING:
  meaningful-choices/turn 1.75   lead-swings/match 0.9   avg max-swing 59.5
  [shot-gate] acting-soldiers/turn 2.80   armed-soldiers/turn 0.86   armed-fraction 31%   turns-with-a-shot 45%   choices/ARMED-soldier-turn 2.04
  [choice-split] los-targets/ARMED 2.08   target-choices/ARMED 0.28   position-choices/ARMED 1.76

RUN COMPLETION BY HEAT (full-campaign clears):
  heat 8:   10% ±7  (n=20 runs, avg 3.5 missions)
  HEAT LEAK: pinned=yes  heat-raising picks=3  campaigns raised=0  missions off-rung=0/68

INTEL ECONOMY BY HEAT (campaign runs; heat-bonus = the Heat.IntelBonus share of income):
  heat 8: earned  240.8/run   heat-bonus 134.4 (  56% of income)   spent  228.1   unspent   12.7

MISSION WIN-RATE BY HEAT:
  heat 8:   74%  (n=68, avg 6.0 turns)

MISSION WIN-RATE BY OBJECTIVE:
  Eliminate  :   81% ±8  (n=26, avg 4.6 turns)
  Defend     :   81% ±10  (n=16, avg 8.5 turns)
  Escort     :   33% ±19  (n=6, avg 8.8 turns)
  Evac       :   80% ±18  (n=5, avg 3.8 turns)
  Decapitate :   40% ±22  (n=5, avg 7.6 turns)
  Rescue     :   75% ±22  (n=4, avg 4.3 turns)
  Hack       :   75% ±22  (n=4, avg 4.3 turns)
  Sabotage   :  100% ±0  (n=2, avg 5.0 turns)

MISSION WIN-RATE BY OBJECTIVE x NODE KIND (a capstone must never pool with a mid-run node):
  Eliminate  : Start: 100%(n=20)  Supply:   0%(n=4)  Combat:  50%(n=2)
               depth: m1:100%(20) m3:50%(2) m5:0%(4)
  Defend     : Combat:  71%(n=7)  Elite:  80%(n=5)  Supply: 100%(n=4)
               depth: m2:100%(2) m3:100%(4) m4:71%(7) m5:67%(3)
  Escort     : Elite:  33%(n=3)  Combat:  33%(n=3)
               depth: m4:67%(3) m5:0%(3)
  Evac       : Combat:  67%(n=3)  Elite: 100%(n=2)
               depth: m3:100%(1) m4:75%(4)
  Decapitate : Boss:  67%(n=3)  Combat:   0%(n=2)
               depth: m2:0%(2) m6:67%(3)
  Rescue     : Supply: 100%(n=2)  Elite:  50%(n=2)
               depth: m2:75%(4)
  Hack       : Combat:  50%(n=2)  Elite: 100%(n=2)
               depth: m3:100%(2) m4:50%(2)
  Sabotage   : Supply: 100%(n=2)
               depth: m3:100%(2)

ENCOUNTER COMPLETION on MID-RUN nodes (Combat+Elite) — clear% is the share of the fight actually fought:
  objective     n   win%   turns   force    +rf  killed  clear%   prs  WONclear%
  Defend        12   75%     8.3    9.33   3.75    1.92    14.6  0.00     15.5 (n=9)
  Escort         6   33%     8.8   11.00   0.00    1.00     9.1  0.00      9.1 (n=2)
  Evac           5   80%     3.8   10.80   0.00    0.00     0.0  0.00      0.0 (n=4)
  Hack           4   75%     4.3   11.00   0.00    0.50     4.5  0.25      3.0 (n=3)
  Rescue         2   50%     5.5    9.00   0.00    3.00    33.3  0.00     33.3 (n=1)
  Eliminate      2   50%     9.0   10.00   0.00    5.00    50.0  2.50    100.0 (n=1)
  Decapitate     2    0%     8.0    7.00   2.00    1.50    16.7  2.00      0.0 (n=0)
  ---- the two classes ----
  KILL           4   25%     8.5    8.50   1.00    3.25    34.2  2.25    100.0 (n=1)
  NON-KILL      29   66%     6.9   10.14   1.55    1.28    10.9  0.03     10.8 (n=19)

DECAPITATE HVT (buff = +6+1*mission HP, +6 aim; ELITE exempt):
  EXEMPT  :   67% ±27  (n=3, avg 7.3 turns, HVT 21.7 max HP)  [m6:67%(3)]
  BUFFED  :    0% ±0  (n=2, avg 8.0 turns, HVT 20.0 max HP)  [m2:0%(2)]

MISSION WIN-RATE BY MISSION #:
  m1:  100% ±0  (n=20)
  m2:   63% ±17  (n=8)
  m3:   91% ±9  (n=11)
  m4:   69% ±12  (n=16)
  m5:   20% ±13  (n=10)
  m6:   67% ±27  (n=3)

LOSS CAUSES (missions):
  RUN OVER              : 14
  VIP LOST              : 3
  CAPTIVE LOST          : 1

MISSION WIN-RATE BY ARENA (authored layouts, n>=3; procedural fallback   19% of 68 missions):
  arena  5:   57% ±19  (n=7, avg 5.4 turns)  [m3:75%(4) m4:50%(2) m5:0%(1)]
  arena  7:   75% ±22  (n=4, avg 4.3 turns)  [m1:100%(2) m4:50%(2)]
  arena  9:   33% ±27  (n=3, avg 5.3 turns)  [m4:33%(3)]
  arena 10:   50% ±20  (n=6, avg 6.2 turns)  [m2:60%(5) m5:0%(1)]
  arena 12:  100% ±0  (n=3, avg 5.0 turns)  [m4:100%(2) m5:100%(1)]
  arena 14:  100% ±0  (n=3, avg 8.0 turns)  [m2:100%(2) m4:100%(1)]
  arena 15:  100% ±0  (n=4, avg 4.8 turns)  [m1:100%(2) m3:100%(2)]
  arena 30:  100% ±0  (n=4, avg 3.8 turns)  [m1:100%(4)]
  arena 33:  100% ±0  (n=3, avg 9.0 turns)  [m4:100%(2) m5:100%(1)]
  procedural:   46% ±14  (n=13, avg 7.8 turns)  [m1:100%(2) m2:0%(1) m3:100%(1) m4:50%(2) m5:0%(4) m6:67%(3)]

DEPLOYMENT GEOMETRY (opening shape; choices/ARMED is the wave's real gate):
  FRONTAL   :   87%  (n=30, avg 6.6 turns)  choices/turn 1.19  choices/ARMED 1.91  los-targets/ARMED 1.86
  PINCER    :   58% ±11  (n=19, avg 6.0 turns)  choices/turn 1.78  choices/ARMED 1.90  los-targets/ARMED 1.96
  CROSSFIRE :   80% ±18  (n=5, avg 5.2 turns)  choices/turn 1.70  choices/ARMED 2.79  los-targets/ARMED 2.14
  ENVELOP   :   64% ±13  (n=14, avg 5.2 turns)  choices/turn 3.28  choices/ARMED 2.22  los-targets/ARMED 2.44

ARENA FUNNEL (Mission.Build exits, n=83 builds, all modes):
  authored-applied    :  79.5%  (n=66)
  connectivity-reject :   0.0%  (n=0)
  procedural-roll     :  20.5%  (n=17)

DECK EXPOSURE (campaign runs n=20):
  distinct authored arenas/run : 2.75 mean (all runs)
  ... full-depth runs only     : 4.00 mean over 5.0 fights/run (n=2)
  Defend dealt on the route    :   70% of runs (n=14)

ENEMY DECISION MIX (contested acts=1436; all-downed acts not counted=502):
  shoot           757    53%
  hunker          423    29%
  move            112     8%
  heal             51     4%
  reload           32     2%
  grenade          25     2%
  brace            10     1%
  siege            10     1%
  overwatch         7     0%
  item              5     0%
  shove             2     0%
  sap               1     0%
  staleplan         1     0%

  the shot on the table (acts where the chosen tile HAD a shot = 812):
    hit% band     taken   share   E[dmg]/shot   declined   share   E[dmg]/shot
      0-19           1      0%          0.45          0      0%          0.00
     20-39          13      2%          1.00          6     75%          1.36
     40-59          81     11%          1.80          2     25%          1.17
     60-79         279     37%          2.57          0      0%          0.00
      80+          383     51%          3.78          0      0%          0.00
    TOTAL           757                              8
  taken   93% / DECLINED    1% / preempted by another verb    6%
  enemy lanes held (overwatch+brace) 17; reaction shots fired 5  ->   29% of lanes paid off   [C2: DeclineWatchRatio is a bet on this number]

ACTION MIX (verbs issued, by policy):
  verb                  greedy        sloppy
  MOVE               357   33%     402   35%
  SHOOT              285   26%     313   27%
  OVERWATCH           70    6%      85    7%
  BRACE               70    6%      42    4%
  FOCUS               50    5%      51    4%
  SLIPSTREAM          39    4%      42    4%
  RELOAD              33    3%      37    3%
  HUNKER              44    4%      26    2%
  INTEL               31    3%      37    3%
  STABILIZE           24    2%      31    3%
  ITEM:SMOKE          17    2%      21    2%
  MARK                19    2%      14    1%
  DRAG                18    2%       7    1%
  PIN                 11    1%      10    1%
  GRENADE              4    0%       5    0%
  PATCH                3    0%       6    1%
  REARM                5    0%       3    0%
  HACK                 4    0%       4    0%
  BEACON               3    0%       4    0%
  GRAPPLE              4    0%       3    0%
  PLANT                3    0%       3    0%
  ITEM:INCENDIARY       1    0%       1    0%
  ITEM:BARRICADE       1    0%       0    0%
  ITEM:FLASH           1    0%       0    0%
  EXTRACT              0    0%       1    0%
  BARREL               0    0%       1    0%

PLAYER CLASS PERFORMANCE:
  class        shots   hit%   dmg   kills
  SHARPSHOOTER    130    89%    882     52
  GUNNER         167    82%    810     52
  RANGER         123    87%    677     34
  ASSAULT        139    81%    529     23
  CORPSMAN        35    80%    118      3
  VIP              5    40%      4      1

SOLDIER DEATHS BY ENEMY CLASS (threat ranking):
  GRUNT      : 19
  SHIELD     : 12
  ELITE      : 8
  TURRET     : 6
  SNIPER     : 5
  LANCER     : 5
  MORTAR     : 5
  SCOUT      : 5
  SCREENER   : 4
  MEDIC      : 4
  CUSTODIAN  : 4
  BERSERKER  : 3
  HUNTER     : 3
  SPOTTER    : 3
  HOUND      : 3
  STRIKE     : 2
  SAPPER     : 2
  BRUISER    : 2
  BURN       : 2
  STRIKER    : 1
  PIKEMAN    : 1
  SLAM       : 1

SOLDIER DOWNS (FUL-7 bleed-out): 191 downs -> revived 6 / recovered 35 / bled out 134 / finished 11  (save-rate   24%)
  corpsman fielded in 18 missions

ENEMY COMPOSITION (spawns; faction-stamped fights n=517 / default-cascade fights n=282):
  class        faction         default
  GRUNT           52   10%       43   15%
  SCOUT           28    5%       53   19%
  MORTAR          48    9%       13    5%
  DRONE           40    8%       18    6%
  SHIELD          45    9%       11    4%
  TURRET          35    7%       16    6%
  SNIPER          34    7%       16    6%
  PIKEMAN         27    5%        9    3%
  MEDIC           20    4%       13    5%
  LANCER          10    2%       22    8%
  SCREENER        28    5%        3    1%
  ELITE           20    4%       11    4%
  SAPPER          19    4%       12    4%
  BERSERKER       19    4%        8    3%
  SPOTTER         15    3%        9    3%
  BRUISER         20    4%        0    0%
  HUNTER          13    3%        7    2%
  CUSTODIAN       19    4%        0    0%
  STRIKER          9    2%        9    3%
  HOUND           10    2%        2    1%
  WARBRINGER       3    1%        5    2%
  BOMBARD          3    1%        2    1%

PERK PICK FREQUENCY:
  MOM           : 13
  LCK           : 12
  SKR           : 11
  GUN           : 10
  RFX           : 9
  OUT           : 8
  CLH           : 8
  CQB           : 8
  MRK           : 7
  FST           : 7
  PLT           : 7
  GRD           : 7
  HRD           : 6
  BND           : 6
  EXC           : 6
  BRK           : 4
  TNK           : 4
  VNT           : 2
  SGE           : 2

SHOP PURCHASE FREQUENCY:
  COMBAT STIMS      : 81
  FIELD MEDKIT      : 63
  WPN: SCOPE        : 54
  WPN: HOLLOW POINT : 48
  BALLISTIC PLATING : 42
  FRAG CACHE        : 40
  WPN: STABILIZER   : 27
  WPN: BIPOD        : 26
  ADV. TRAINING     : 25
  WPN: EXTENDED MAG : 16
  COUNTER-PREP      : 14
  ARMORY            : 8
  WPN: SUPPRESSOR   : 7

BOON PICK FREQUENCY (PROCS = effect fires at instrumented sites; '-' = not instrumented;
                      PYR counts the +2-turn-burn half only — the Burning-immunity half is uninstrumented):
  code                 picks   PROCS
  FDR               :     6      12
  EXE               :     4       -
  GHO               :     4       -
  GRN               :     4       -
  RPD               :     4       -
  SHK               :     4       5
  FRT               :     3       -
  FST               :     3      32
  FVR               :     3       -
  PYR               :     3       0
  ADR               :     2       -
  MRK               :     2       -
  RCL               :     2       0
  VNM               :     2       -
  SCV               :     1       -
  TRR               :     1       0

RUN WIN-RATE BY BOON (campaign runs holding it):
  FDR               :   17% ±15  (in 6 runs)
  EXE               :   50% ±25  (in 4 runs)
  GHO               :   25% ±22  (in 4 runs)
  GRN               :   25% ±22  (in 4 runs)
  RPD               :   25% ±22  (in 4 runs)
  SHK               :   25% ±22  (in 4 runs)
  FRT               :    0% ±0  (in 3 runs)
  FST               :    0% ±0  (in 3 runs)
  FVR               :    0% ±0  (in 3 runs)
  PYR               :    0% ±0  (in 3 runs)
  ADR               :    0% ±0  (in 2 runs)
  MRK               :   50% ±35  (in 2 runs)
  RCL               :    0% ±0  (in 2 runs)
  VNM               :    0% ±0  (in 2 runs)
  SCV               :    0% ±0  (in 1 runs)
  TRR               :    0% ±0  (in 1 runs)

RUN WIN-RATE BY SPEC (campaign runs fielding it):
  SNT               :    0% ±0  (in 3 runs)
  ADN               :    0% ±0  (in 2 runs)
  ANC               :   50% ±35  (in 2 runs)
  PHN               :   50% ±35  (in 2 runs)
  BRC               :  100% ±0  (in 1 runs)
  HHT               :    0% ±0  (in 1 runs)
  PTH               :    0% ±0  (in 1 runs)

RUN WIN-RATE BY PERK (campaign runs holding it):
  LCK               :   20% ±13  (in 10 runs)
  MOM               :   20% ±13  (in 10 runs)
  SKR               :   11% ±10  (in 9 runs)
  CLH               :   13% ±12  (in 8 runs)
  GUN               :    0% ±0  (in 7 runs)
  PLT               :    0% ±0  (in 7 runs)
  BND               :   33% ±19  (in 6 runs)
  CQB               :    0% ±0  (in 6 runs)
  EXC               :   17% ±15  (in 6 runs)
  FST               :   33% ±19  (in 6 runs)
  MRK               :   17% ±15  (in 6 runs)
  OUT               :   17% ±15  (in 6 runs)
  RFX               :   17% ±15  (in 6 runs)
  GRD               :    0% ±0  (in 5 runs)
  HRD               :   20% ±18  (in 5 runs)
  TNK               :    0% ±0  (in 4 runs)
  BRK               :   33% ±27  (in 3 runs)
  SGE               :    0% ±0  (in 2 runs)
  VNT               :    0% ±0  (in 2 runs)

RUN WIN-RATE BY PURCHASE (campaign runs buying it):
  FIELD MEDKIT      :   13% ±8  (in 16 runs)
  FRAG CACHE        :   13% ±9  (in 15 runs)
  WPN: SCOPE        :   14% ±9  (in 14 runs)
  WPN: BIPOD        :    8% ±7  (in 13 runs)
  WPN: HOLLOW POINT :   15% ±10  (in 13 runs)
  BALLISTIC PLATING :   17% ±11  (in 12 runs)
  WPN: STABILIZER   :   17% ±11  (in 12 runs)
  ADV. TRAINING     :   20% ±13  (in 10 runs)
  COMBAT STIMS      :   10% ±9  (in 10 runs)
  COUNTER-PREP      :   20% ±13  (in 10 runs)
  ARMORY            :   13% ±12  (in 8 runs)
  WPN: EXTENDED MAG :    0% ±0  (in 7 runs)
  WPN: SUPPRESSOR   :   40% ±22  (in 5 runs)

RUN WIN-RATE BY EVENT-CHOICE (campaign runs taking id:arm):
  depot:0           :    0% ±0  (in 4 runs)
  relic:0           :    0% ±0  (in 3 runs)
  defector:0        :    0% ±0  (in 2 runs)
  depot:1           :    0% ±0  (in 2 runs)
  profiteer:0       :    0% ±0  (in 2 runs)
  profiteer:1       :   50% ±35  (in 2 runs)
  quartermaster:1   :   50% ±35  (in 2 runs)
  warchest:1        :    0% ±0  (in 2 runs)
═══════════════════════════════════════════════════════════════════════

batch wall-time: 8.3s  (20 matches across 10 campaigns × 2 policy, frame-cap hits: 0)
aggregate JSON -> /home/user/wt/heat-pin/docs/measurements/l5/L5-h8-b90.json
INFO: TEXTURE: [ID 2] Unloaded texture data from VRAM (GPU)
INFO: SHADER: [ID 3] Default shader unloaded successfully
INFO: TEXTURE: [ID 1] Default texture unloaded successfully
INFO: Window closed successfully
