BALANCE: heat PINNED for this batch (field-event AddHeat is a no-op; SIGHTLINE_HEATPIN=0 restores the leak)
INFO: Initializing raylib 6.0
INFO: Platform backend: DESKTOP (GLFW)
INFO: Supported raylib modules:
INFO:     > rcore:..... loaded (mandatory)
INFO:     > rlgl:...... loaded (mandatory)
INFO:     > rshapes:... loaded (optional)
INFO:     > rtextures:. loaded (optional)
INFO:     > rtext:..... loaded (optional)
INFO:     > rmodels:... loaded (optional)
INFO:     > raudio:.... loaded (optional)
INFO: DISPLAY: Trying to enable MSAA x4
INFO: DISPLAY: Device initialized successfully 
INFO:     > Display size: 1280 x 800
INFO:     > Screen size:  1280 x 800
INFO:     > Render size:  1280 x 800
INFO:     > Viewport offsets: 0, 0
INFO: GLAD: OpenGL extensions loaded successfully
INFO: GL: Supported extensions count: 229
INFO: GL: OpenGL device information:
INFO:     > Vendor:   Mesa
INFO:     > Renderer: llvmpipe (LLVM 20.1.2, 256 bits)
INFO:     > Version:  4.5 (Core Profile) Mesa 25.2.8-0ubuntu0.24.04.2
INFO:     > GLSL:     4.50
INFO: GL: VAO extension detected, VAO functions loaded successfully
INFO: GL: NPOT textures extension detected, full NPOT textures supported
INFO: GL: DXT compressed textures supported
INFO: GL: ETC2/EAC compressed textures supported
INFO: PLATFORM: DESKTOP (GLFW - X11): Initialized successfully
INFO: TEXTURE: [ID 1] Texture loaded successfully (1x1 | R8G8B8A8 | 1 mipmaps)
INFO: TEXTURE: [ID 1] Default texture loaded successfully
INFO: SHADER: [ID 1] Vertex shader compiled successfully
INFO: SHADER: [ID 2] Fragment shader compiled successfully
INFO: SHADER: [ID 3] Program shader loaded successfully
INFO: SHADER: [ID 3] Default shader loaded successfully
INFO: RLGL: Render batch vertex buffers loaded successfully in RAM (CPU)
INFO: RLGL: Render batch vertex buffers loaded successfully in VRAM (GPU)
INFO: RLGL: Default OpenGL state initialized successfully
INFO: TEXTURE: [ID 2] Texture loaded successfully (128x128 | GRAY_ALPHA | 1 mipmaps)
INFO: FONT: Default font loaded successfully (224 glyphs)
INFO: SYSTEM: Working Directory: /home/user/wt/heat-pin
INFO: TIMER: Target time per frame: 0.000 milliseconds
FINALE-KIT: Wardens
FINALE-KIT: Wardens
FINALE-KIT: Legion
WAVE: +2 (MORTAR,SNIPER) [rich]
WAVE: +2 (SCOUT,MEDIC) [rich]
WAVE: +2 (PIKEMAN,SNIPER) [rich]
WAVE: +3 (MORTAR,HUNTER,SNIPER) [rich]
WAVE: +3 (MORTAR,SPOTTER,MORTAR) [rich]
WAVE: +3 (SCREENER,SHIELD,SHIELD) [rich]
FINALE-KIT: Legion
WAVE: +2 (MORTAR,SCOUT) [rich]
WAVE: +2 (GRUNT,SNIPER) [rich]
WAVE: +2 (SNIPER,PIKEMAN) [rich]
WAVE: +3 (BERSERKER,SAPPER,MEDIC) [rich]
WAVE: +3 (PIKEMAN,STRIKER,GRUNT) [rich]
WAVE: +3 (SHIELD,BERSERKER,BERSERKER) [rich]
FINALE-KIT: Legion
WAVE: +2 (SHIELD,SHIELD) [rich]
WAVE: +2 (GRUNT,SPOTTER) [rich]
WAVE: +2 (SHIELD,DRONE) [rich]
match 5/20  (W:2 L:3 cap:0)  4.1s
FINALE-KIT: Legion
WAVE: +2 (SHIELD,DRONE) [rich]
WAVE: +2 (DRONE,SAPPER) [rich]
WAVE: +2 (GRUNT,DRONE) [rich]
FINALE-KIT: Wardens
FINALE-KIT: Wardens
REINFORCEMENTS: +2 (SCOUT,SCOUT)
REINFORCEMENTS: +2 (GRUNT,SCOUT)
FINALE-KIT: Legion
WAVE: +2 (DRONE,DRONE) [rich]
WAVE: +2 (SHIELD,SHIELD) [rich]
WAVE: +2 (DRONE,CUSTODIAN) [rich]
WAVE: +2 (SPOTTER,SAPPER) [rich]
WAVE: +2 (SCREENER,CUSTODIAN) [rich]
FINALE-KIT: Legion
WAVE: +2 (DRONE,CUSTODIAN) [rich]
WAVE: +2 (SAPPER,SHIELD) [rich]
WAVE: +2 (SCREENER,DRONE) [rich]
REINFORCEMENTS: +2 (SCOUT,GRUNT)
match 10/20  (W:2 L:8 cap:0)  6.1s
FINALE-KIT: Legion
FINALE-KIT: Legion
FINALE-KIT: Legion
WAVE: +3 (DRONE,SAPPER,SHIELD) [rich]
WAVE: +3 (SHIELD,CUSTODIAN,DRONE) [rich]
WAVE: +3 (SHIELD,SHIELD,SAPPER) [rich]
FINALE-KIT: Legion
WAVE: +3 (DRONE,SCREENER,SAPPER) [rich]
WAVE: +3 (SPOTTER,SHIELD,SHIELD) [rich]
WAVE: +3 (SHIELD,SAPPER,GRUNT) [rich]
FINALE-KIT: Wardens
WAVE: +2 (SPOTTER,SAPPER) [rich]
WAVE: +2 (SAPPER,SHIELD) [rich]
WAVE: +2 (DRONE,SHIELD) [rich]
match 15/20  (W:4 L:11 cap:0)  7.1s
FINALE-KIT: Wardens
WAVE: +2 (GRUNT,DRONE) [rich]
WAVE: +2 (CUSTODIAN,SAPPER) [rich]
WAVE: +2 (SHIELD,SAPPER) [rich]
FINALE-KIT: Legion
WAVE: +3 (SAPPER,SHIELD,SAPPER) [rich]
WAVE: +3 (SPOTTER,SCREENER,SAPPER) [rich]
WAVE: +3 (CUSTODIAN,SPOTTER,SAPPER) [rich]
REINFORCEMENTS: +2 (GRUNT,GRUNT)
REINFORCEMENTS: +2 (GRUNT,GRUNT)
FINALE-KIT: Legion
WAVE: +3 (GRUNT,SHIELD,SHIELD) [rich]
WAVE: +3 (DRONE,SHIELD,DRONE) [rich]
WAVE: +3 (CUSTODIAN,SCREENER,SPOTTER) [rich]
FINALE-KIT: Legion
FINALE-KIT: Legion
match 20/20  (W:5 L:15 cap:0)  8.4s

══════════════════════ SIGHTLINE BALANCE REPORT ══════════════════════
runs=20  missions=70

RUN OUTCOMES (campaign):  win-rate   25%   avg missions cleared 3.8

POLICY GAP (optimal vs human-error; campaign runs only):
  greedy win-rate   20%  (n=10)
  sloppy win-rate   30%  (n=10)
  GAP  -10 pts  (healthy slack)
  PAIRED (same-seed slots): pairs=10  concordant=9  discordant greedy-only-won=0 / sloppy-only-won=1  paired gap  -10 pts
  PER-SLOT RECORDS (greedy | sloppy: outcome + missions cleared; margin = g−s):
    slot 130 @h2: L 2 | L 2   margin +0
    slot 131 @h2: W 6 | W 6   margin +0
    slot 132 @h2: L 5 | L 1   margin +4
    slot 133 @h2: L 5 | L 5   margin +0
    slot 134 @h2: L 2 | L 5   margin -3
    slot 135 @h2: L 0 | L 0   margin +0
    slot 136 @h2: L 5 | W 6   margin -1
    slot 137 @h2: W 6 | W 6   margin +0
    slot 138 @h2: L 5 | L 4   margin +1
    slot 139 @h2: L 2 | L 2   margin +0
  PAIRED MARGIN (missions cleared, all pairs): +0.10 ±0.55 SE  (n=10 pairs)
  by objective (greedy / sloppy / gap):
    Decapitate :   43% /   67% / gap  -24
    Defend     :   86% /   86% / gap    0
    Eliminate  :   85% /   77% / gap    8
    Evac       :  100% /  100% / gap    0
    Hack       :   50% /   50% / gap    0
    Rescue     :  100% /  100% / gap    0

DECISION RICHNESS / SWING:
  meaningful-choices/turn 3.38   lead-swings/match 0.8   avg max-swing 45.0
  [shot-gate] acting-soldiers/turn 3.28   armed-soldiers/turn 1.40   armed-fraction 43%   turns-with-a-shot 61%   choices/ARMED-soldier-turn 2.42
  [choice-split] los-targets/ARMED 2.51   target-choices/ARMED 0.42   position-choices/ARMED 2.00

RUN COMPLETION BY HEAT (full-campaign clears):
  heat 2:   25% ±10  (n=20 runs, avg 3.8 missions)
  HEAT LEAK: pinned=yes  heat-raising picks=2  campaigns raised=0  missions off-rung=0/70

INTEL ECONOMY BY HEAT (campaign runs; heat-bonus = the Heat.IntelBonus share of income):
  heat 2: earned  134.5/run   heat-bonus  20.0 (  15% of income)   spent  115.7   unspent   18.8

MISSION WIN-RATE BY HEAT:
  heat 2:   79%  (n=70, avg 5.2 turns)

MISSION WIN-RATE BY OBJECTIVE:
  Eliminate  :   81% ±8  (n=26, avg 4.6 turns)
  Defend     :   86% ±9  (n=14, avg 9.0 turns)
  Decapitate :   54% ±14  (n=13, avg 5.0 turns)
  Evac       :  100% ±0  (n=8, avg 2.1 turns)
  Rescue     :  100% ±0  (n=5, avg 3.8 turns)
  Hack       :   50% ±25  (n=4, avg 4.8 turns)

MISSION WIN-RATE BY OBJECTIVE x NODE KIND (a capstone must never pool with a mid-run node):
  Eliminate  : Start:  90%(n=20)  Combat:  50%(n=6)
               depth: m1:90%(20) m3:0%(2) m4:100%(2) m5:50%(2)
  Defend     : Combat:  90%(n=10)  Supply: 100%(n=2)  Elite:  50%(n=2)
               depth: m2:75%(4) m3:75%(4) m4:100%(4) m5:100%(2)
  Decapitate : Boss:  45%(n=11)  Supply: 100%(n=2)
               depth: m2:100%(2) m6:45%(11)
  Evac       : Combat: 100%(n=4)  Supply: 100%(n=4)
               depth: m3:100%(2) m4:100%(4) m5:100%(2)
  Rescue     : Supply: 100%(n=4)  Combat: 100%(n=1)
               depth: m2:100%(4) m4:100%(1)
  Hack       : Elite:   0%(n=2)  Combat: 100%(n=1)  Supply: 100%(n=1)
               depth: m3:0%(2) m4:100%(1) m5:100%(1)

ENCOUNTER COMPLETION on MID-RUN nodes (Combat+Elite) — clear% is the share of the fight actually fought:
  objective     n   win%   turns   force    +rf  killed  clear%   prs  WONclear%
  Defend        12   83%     9.0    4.33   7.00    4.67    41.2  0.00     44.0 (n=10)
  Eliminate      6   50%     6.7    8.00   0.00    4.67    58.3  1.33    100.0 (n=3)
  Evac           4  100%     2.0    8.50   0.00    0.00     0.0  0.00      0.0 (n=4)
  Hack           3   33%     5.3    8.67   0.00    1.33    15.4  0.67     25.0 (n=1)
  Rescue         1  100%     4.0    8.00   0.00    0.00     0.0  0.00      0.0 (n=1)
  ---- the two classes ----
  KILL           6   50%     6.7    8.00   0.00    4.67    58.3  1.33    100.0 (n=3)
  NON-KILL      20   80%     6.8    6.00   4.20    3.00    29.4  0.10     31.9 (n=16)

DECAPITATE HVT (buff = +6+1*mission HP, +6 aim; ELITE exempt):
  EXEMPT  :   45% ±15  (n=11, avg 5.5 turns, HVT 23.0 max HP)  [m6:45%(11)]
  BUFFED  :  100% ±0  (n=2, avg 2.0 turns, HVT 15.0 max HP)  [m2:100%(2)]

MISSION WIN-RATE BY MISSION #:
  m1:   90% ±7  (n=20)
  m2:   90% ±9  (n=10)
  m3:   50% ±16  (n=10)
  m4:  100% ±0  (n=12)
  m5:   86% ±13  (n=7)
  m6:   45% ±15  (n=11)

LOSS CAUSES (missions):
  RUN OVER              : 15

MISSION WIN-RATE BY ARENA (authored layouts, n>=3; procedural fallback   27% of 70 missions):
  arena  5:  100% ±0  (n=4, avg 2.0 turns)  [m1:100%(2) m5:100%(2)]
  arena  6:    0% ±0  (n=3, avg 10.0 turns)  [m1:0%(2) m6:0%(1)]
  arena 26:  100% ±0  (n=3, avg 2.0 turns)  [m1:100%(2) m4:100%(1)]
  arena 30:   75% ±22  (n=4, avg 9.0 turns)  [m3:50%(2) m4:100%(2)]
  arena 33:  100% ±0  (n=4, avg 2.8 turns)  [m1:100%(2) m2:100%(2)]
  arena 34:  100% ±0  (n=3, avg 6.0 turns)  [m4:100%(2) m6:100%(1)]
  procedural:   84% ±8  (n=19, avg 5.5 turns)  [m1:100%(6) m2:100%(2) m3:50%(2) m4:100%(4) m5:67%(3) m6:50%(2)]

DEPLOYMENT GEOMETRY (opening shape; choices/ARMED is the wave's real gate):
  FRONTAL   :   87% ±7  (n=23, avg 5.9 turns)  choices/turn 2.80  choices/ARMED 2.29  los-targets/ARMED 2.56
  PINCER    :   64% ±9  (n=28, avg 5.5 turns)  choices/turn 3.59  choices/ARMED 2.43  los-targets/ARMED 2.65
  CROSSFIRE :   90% ±9  (n=10, avg 3.4 turns)  choices/turn 2.45  choices/ARMED 1.93  los-targets/ARMED 3.10
  ENVELOP   :   89% ±10  (n=9, avg 4.8 turns)  choices/turn 5.23  choices/ARMED 2.94  los-targets/ARMED 1.66

ARENA FUNNEL (Mission.Build exits, n=83 builds, all modes):
  authored-applied    :  75.9%  (n=63)
  connectivity-reject :   0.0%  (n=0)
  procedural-roll     :  24.1%  (n=20)

DECK EXPOSURE (campaign runs n=20):
  distinct authored arenas/run : 2.55 mean (all runs)
  ... full-depth runs only     : 3.20 mean over 5.0 fights/run (n=5)
  Defend dealt on the route    :   60% of runs (n=12)

ENEMY DECISION MIX (contested acts=1047; all-downed acts not counted=394):
  shoot           590    56%
  hunker          217    21%
  move             92     9%
  heal             36     3%
  siege            29     3%
  grenade          19     2%
  brace            16     2%
  reload           15     1%
  item             13     1%
  overwatch        10     1%
  staleplan         5     0%
  shove             3     0%
  sap               2     0%

  the shot on the table (acts where the chosen tile HAD a shot = 652):
    hit% band     taken   share   E[dmg]/shot   declined   share   E[dmg]/shot
      0-19           1      0%          0.59          0      0%          0.00
     20-39          12      2%          1.14          3     50%          1.12
     40-59          55      9%          1.87          2     33%          1.77
     60-79         209     35%          2.65          1     17%          1.68
      80+          313     53%          3.83          0      0%          0.00
    TOTAL           590                              6
  taken   90% / DECLINED    1% / preempted by another verb    9%
  enemy lanes held (overwatch+brace) 26; reaction shots fired 6  ->   23% of lanes paid off   [C2: DeclineWatchRatio is a bet on this number]

ACTION MIX (verbs issued, by policy):
  verb                  greedy        sloppy
  MOVE               527   45%     434   38%
  SHOOT              329   28%     329   29%
  RELOAD              32    3%      47    4%
  HUNKER              30    3%      41    4%
  BRACE               36    3%      32    3%
  INTEL               33    3%      34    3%
  FOCUS               22    2%      43    4%
  OVERWATCH           30    3%      34    3%
  STABILIZE           29    2%      28    2%
  SLIPSTREAM          21    2%      26    2%
  MARK                21    2%      16    1%
  ITEM:SMOKE          14    1%      21    2%
  PIN                 18    2%      15    1%
  PATCH                8    1%       7    1%
  GRENADE              4    0%       9    1%
  REARM                5    0%       8    1%
  BEACON               5    0%       6    1%
  GRAPPLE              5    0%       4    0%
  EXTRACT              3    0%       5    0%
  HACK                 4    0%       4    0%
  BARREL               2    0%       2    0%
  ITEM:BARRICADE       1    0%       0    0%
  ITEM:FLASH           0    0%       1    0%

PLAYER CLASS PERFORMANCE:
  class        shots   hit%   dmg   kills
  SHARPSHOOTER    140    91%    908     58
  GUNNER         178    80%    754     52
  RANGER         111    86%    654     43
  ASSAULT        165    79%    651     31
  CORPSMAN        51    80%    175      5

SOLDIER DEATHS BY ENEMY CLASS (threat ranking):
  ELITE      : 24
  BURN       : 10
  LANCER     : 10
  SCOUT      : 9
  STRIKE     : 8
  SHIELD     : 8
  SAPPER     : 6
  SNIPER     : 5
  HUNTER     : 5
  MORTAR     : 3
  STRIKER    : 3
  BERSERKER  : 3
  TURRET     : 2
  HOUND      : 2
  PIKEMAN    : 1
  MEDIC      : 1
  WARBRINGER : 1
  DRONE      : 1
  BRUISER    : 1

SOLDIER DOWNS (FUL-7 bleed-out): 208 downs -> revived 6 / recovered 41 / bled out 137 / finished 24  (save-rate   23%)
  corpsman fielded in 30 missions

ENEMY COMPOSITION (spawns; faction-stamped fights n=437 / default-cascade fights n=164):
  class        faction         default
  SCOUT           20    5%       60   37%
  GRUNT           26    6%       25   15%
  ELITE           38    9%        3    2%
  SAPPER          31    7%        5    3%
  LANCER          27    6%        7    4%
  SHIELD          29    7%        5    3%
  BERSERKER       25    6%        8    5%
  DRONE           25    6%        6    4%
  SNIPER          26    6%        3    2%
  PIKEMAN         21    5%        7    4%
  SCREENER        24    5%        3    2%
  MORTAR          21    5%        3    2%
  HUNTER          21    5%        3    2%
  HOUND           13    3%       10    6%
  BRUISER         16    4%        4    2%
  MEDIC           18    4%        1    1%
  CUSTODIAN       14    3%        0    0%
  TURRET           9    2%        5    3%
  WARBRINGER      11    3%        0    0%
  SPOTTER          7    2%        3    2%
  BOMBARD          9    2%        0    0%
  STRIKER          6    1%        3    2%

PERK PICK FREQUENCY:
  LCK           : 13
  FST           : 10
  MOM           : 10
  TNK           : 10
  EXC           : 9
  SKR           : 8
  OUT           : 8
  GUN           : 8
  CQB           : 7
  PLT           : 7
  CLH           : 6
  GRD           : 5
  MRK           : 4
  HRD           : 4
  VNT           : 4
  RFX           : 3
  BRK           : 3
  BND           : 2
  SGE           : 1

SHOP PURCHASE FREQUENCY:
  FIELD MEDKIT      : 48
  WPN: SCOPE        : 31
  WPN: HOLLOW POINT : 27
  BALLISTIC PLATING : 19
  WPN: STABILIZER   : 18
  COMBAT STIMS      : 16
  ARMORY            : 13
  COUNTER-PREP      : 12
  WPN: BIPOD        : 10
  ADV. TRAINING     : 10
  WPN: SUPPRESSOR   : 8
  FRAG CACHE        : 7
  WPN: EXTENDED MAG : 7

BOON PICK FREQUENCY (PROCS = effect fires at instrumented sites; '-' = not instrumented;
                      PYR counts the +2-turn-burn half only — the Burning-immunity half is uninstrumented):
  code                 picks   PROCS
  RPD               :     8       -
  EXE               :     5       -
  MRK               :     5       -
  RCL               :     5       0
  VNM               :     5       -
  FVR               :     4       -
  SHK               :     3       2
  ADR               :     2       -
  FDR               :     2       0
  GHO               :     2       -
  GRN               :     2       -
  SCV               :     2       -
  TRR               :     2       7
  FRT               :     1       -
  FST               :     1      11
  PYR               :     1       1

RUN WIN-RATE BY BOON (campaign runs holding it):
  RPD               :   63% ±17  (in 8 runs)
  EXE               :    0% ±0  (in 5 runs)
  MRK               :   20% ±18  (in 5 runs)
  RCL               :   20% ±18  (in 5 runs)
  VNM               :   60% ±22  (in 5 runs)
  FVR               :   25% ±22  (in 4 runs)
  SHK               :   67% ±27  (in 3 runs)
  ADR               :   50% ±35  (in 2 runs)
  FDR               :   50% ±35  (in 2 runs)
  GHO               :   50% ±35  (in 2 runs)
  GRN               :    0% ±0  (in 2 runs)
  SCV               :   50% ±35  (in 2 runs)
  TRR               :   50% ±35  (in 2 runs)
  FRT               :  100% ±0  (in 1 runs)
  FST               :  100% ±0  (in 1 runs)
  PYR               :    0% ±0  (in 1 runs)

RUN WIN-RATE BY SPEC (campaign runs fielding it):
  ADN               :   20% ±18  (in 5 runs)
  HHT               :   25% ±22  (in 4 runs)
  SNT               :   50% ±25  (in 4 runs)
  PHN               :    0% ±0  (in 3 runs)
  ANC               :    0% ±0  (in 2 runs)
  PTH               :   50% ±35  (in 2 runs)
  BRC               :    0% ±0  (in 1 runs)
  JUG               :    0% ±0  (in 1 runs)

RUN WIN-RATE BY PERK (campaign runs holding it):
  FST               :   22% ±14  (in 9 runs)
  LCK               :   25% ±15  (in 8 runs)
  CQB               :   29% ±17  (in 7 runs)
  EXC               :    0% ±0  (in 7 runs)
  OUT               :   43% ±19  (in 7 runs)
  SKR               :   29% ±17  (in 7 runs)
  TNK               :   29% ±17  (in 7 runs)
  GUN               :   33% ±19  (in 6 runs)
  PLT               :   50% ±20  (in 6 runs)
  MOM               :   40% ±22  (in 5 runs)
  CLH               :   75% ±22  (in 4 runs)
  GRD               :   25% ±22  (in 4 runs)
  HRD               :   75% ±22  (in 4 runs)
  MRK               :   50% ±25  (in 4 runs)
  VNT               :   50% ±25  (in 4 runs)
  BRK               :    0% ±0  (in 3 runs)
  RFX               :   33% ±27  (in 3 runs)
  BND               :    0% ±0  (in 2 runs)
  SGE               :    0% ±0  (in 1 runs)

RUN WIN-RATE BY PURCHASE (campaign runs buying it):
  FIELD MEDKIT      :   38% ±13  (in 13 runs)
  ARMORY            :   33% ±14  (in 12 runs)
  COUNTER-PREP      :   36% ±15  (in 11 runs)
  WPN: HOLLOW POINT :   27% ±13  (in 11 runs)
  WPN: SCOPE        :   50% ±16  (in 10 runs)
  COMBAT STIMS      :   56% ±17  (in 9 runs)
  WPN: STABILIZER   :   33% ±16  (in 9 runs)
  BALLISTIC PLATING :   50% ±18  (in 8 runs)
  WPN: BIPOD        :   38% ±17  (in 8 runs)
  ADV. TRAINING     :   29% ±17  (in 7 runs)
  WPN: SUPPRESSOR   :   14% ±13  (in 7 runs)
  WPN: EXTENDED MAG :   33% ±19  (in 6 runs)
  FRAG CACHE        :   40% ±22  (in 5 runs)

RUN WIN-RATE BY EVENT-CHOICE (campaign runs taking id:arm):
  blackmarket:2     :    0% ±0  (in 2 runs)
  bloodfeud:0       :    0% ±0  (in 2 runs)
  defector:1        :   50% ±35  (in 2 runs)
  informant:1       :  100% ±0  (in 2 runs)
  informant:2       :    0% ±0  (in 2 runs)
  relic:1           :  100% ±0  (in 2 runs)
  reservecall:0     :    0% ±0  (in 2 runs)
  warchest:1        :    0% ±0  (in 2 runs)
  warpension:2      :    0% ±0  (in 2 runs)
  cache:1           :    0% ±0  (in 1 runs)
  warpension:1      :    0% ±0  (in 1 runs)
═══════════════════════════════════════════════════════════════════════

batch wall-time: 8.4s  (20 matches across 10 campaigns × 2 policy, frame-cap hits: 0)
aggregate JSON -> /home/user/wt/heat-pin/docs/measurements/l5/L5-h2-b130.json
INFO: TEXTURE: [ID 2] Unloaded texture data from VRAM (GPU)
INFO: SHADER: [ID 3] Default shader unloaded successfully
INFO: TEXTURE: [ID 1] Default texture unloaded successfully
INFO: Window closed successfully
