BALANCE: heat PINNED for this batch (field-event AddHeat is a no-op; SIGHTLINE_HEATPIN=0 restores the leak)
INFO: Initializing raylib 6.0
INFO: Platform backend: DESKTOP (GLFW)
INFO: Supported raylib modules:
INFO:     > rcore:..... loaded (mandatory)
INFO:     > rlgl:...... loaded (mandatory)
INFO:     > rshapes:... loaded (optional)
INFO:     > rtextures:. loaded (optional)
INFO:     > rtext:..... loaded (optional)
INFO:     > rmodels:... loaded (optional)
INFO:     > raudio:.... loaded (optional)
INFO: DISPLAY: Trying to enable MSAA x4
INFO: DISPLAY: Device initialized successfully 
INFO:     > Display size: 1280 x 800
INFO:     > Screen size:  1280 x 800
INFO:     > Render size:  1280 x 800
INFO:     > Viewport offsets: 0, 0
INFO: GLAD: OpenGL extensions loaded successfully
INFO: GL: Supported extensions count: 229
INFO: GL: OpenGL device information:
INFO:     > Vendor:   Mesa
INFO:     > Renderer: llvmpipe (LLVM 20.1.2, 256 bits)
INFO:     > Version:  4.5 (Core Profile) Mesa 25.2.8-0ubuntu0.24.04.2
INFO:     > GLSL:     4.50
INFO: GL: VAO extension detected, VAO functions loaded successfully
INFO: GL: NPOT textures extension detected, full NPOT textures supported
INFO: GL: DXT compressed textures supported
INFO: GL: ETC2/EAC compressed textures supported
INFO: PLATFORM: DESKTOP (GLFW - X11): Initialized successfully
INFO: TEXTURE: [ID 1] Texture loaded successfully (1x1 | R8G8B8A8 | 1 mipmaps)
INFO: TEXTURE: [ID 1] Default texture loaded successfully
INFO: SHADER: [ID 1] Vertex shader compiled successfully
INFO: SHADER: [ID 2] Fragment shader compiled successfully
INFO: SHADER: [ID 3] Program shader loaded successfully
INFO: SHADER: [ID 3] Default shader loaded successfully
INFO: RLGL: Render batch vertex buffers loaded successfully in RAM (CPU)
INFO: RLGL: Render batch vertex buffers loaded successfully in VRAM (GPU)
INFO: RLGL: Default OpenGL state initialized successfully
INFO: TEXTURE: [ID 2] Texture loaded successfully (128x128 | GRAY_ALPHA | 1 mipmaps)
INFO: FONT: Default font loaded successfully (224 glyphs)
INFO: SYSTEM: Working Directory: /home/user/wt/heat-pin
INFO: TIMER: Target time per frame: 0.000 milliseconds
FINALE-KIT: Legion
WAVE: +2 (HOUND,HOUND) [rich]
WAVE: +2 (SCOUT,SNIPER) [rich]
WAVE: +2 (LANCER,LANCER) [rich]
REINFORCEMENTS: +2 (SCOUT,SCOUT)
REINFORCEMENTS: +2 (SCOUT,SCOUT)
FINALE-KIT: Legion
WAVE: +2 (LANCER,SCOUT) [rich]
WAVE: +2 (STRIKER,STRIKER) [rich]
WAVE: +2 (STRIKER,SNIPER) [rich]
REINFORCEMENTS: +2 (SCOUT,SCOUT)
REINFORCEMENTS: +2 (SCOUT,GRUNT)
REINFORCEMENTS: +3 (GRUNT,SCOUT,GRUNT)
REINFORCEMENTS: +2 (SCOUT,GRUNT)
REINFORCEMENTS: +2 (GRUNT,SCOUT)
REINFORCEMENTS: +3 (SCOUT,GRUNT,GRUNT)
FINALE-KIT: Syndicate
FINALE-KIT: Syndicate
FINALE-KIT: Syndicate
WAVE: +2 (HOUND,SAPPER) [rich]
WAVE: +2 (SHIELD,SNIPER) [rich]
WAVE: +2 (DRONE,BERSERKER) [rich]
REINFORCEMENTS: +2 (GRUNT,SCOUT)
REINFORCEMENTS: +2 (SCOUT,SCOUT)
REINFORCEMENTS: +2 (SCOUT,SCOUT)
REINFORCEMENTS: +3 (GRUNT,SCOUT,GRUNT)
REINFORCEMENTS: +2 (SCOUT,SCOUT)
match 5/20  (W:0 L:5 cap:0)  4.3s
FINALE-KIT: Syndicate
WAVE: +2 (LANCER,HOUND) [rich]
WAVE: +2 (STRIKER,BERSERKER) [rich]
WAVE: +2 (WARBRINGER,SCREENER) [rich]
REINFORCEMENTS: +2 (SCOUT,GRUNT)
REINFORCEMENTS: +2 (SCOUT,GRUNT)
REINFORCEMENTS: +2 (SCOUT,SCOUT)
FINALE-KIT: Syndicate
WAVE: +2 (GRUNT,SAPPER) [rich]
WAVE: +2 (DRONE,DRONE) [rich]
WAVE: +2 (SPOTTER,SHIELD) [rich]
FINALE-KIT: Syndicate
WAVE: +2 (DRONE,SHIELD) [rich]
WAVE: +2 (GRUNT,DRONE) [rich]
WAVE: +2 (GRUNT,DRONE) [rich]
FINALE-KIT: Syndicate
WAVE: +2 (DRONE,SAPPER) [rich]
WAVE: +2 (GRUNT,SAPPER) [rich]
WAVE: +2 (SAPPER,GRUNT) [rich]
REINFORCEMENTS: +2 (SCOUT,GRUNT)
FINALE-KIT: Syndicate
WAVE: +2 (DRONE,SHIELD) [rich]
WAVE: +2 (GRUNT,SAPPER) [rich]
WAVE: +2 (DRONE,GRUNT) [rich]
match 10/20  (W:4 L:6 cap:0)  6.3s
FINALE-KIT: Syndicate
WAVE: +2 (BRUISER,HUNTER) [rich]
WAVE: +2 (STRIKER,BERSERKER) [rich]
WAVE: +2 (BERSERKER,BRUISER) [rich]
WAVE: +3 (LANCER,BERSERKER,HUNTER) [rich]
WAVE: +3 (BRUISER,WARBRINGER,BRUISER) [rich]
WAVE: +3 (BRUISER,SCOUT,HOUND) [rich]
REINFORCEMENTS: +2 (GRUNT,SCOUT)
REINFORCEMENTS: +2 (GRUNT,SCOUT)
REINFORCEMENTS: +3 (GRUNT,SCOUT,SCOUT)
REINFORCEMENTS: +2 (SCOUT,SCOUT)
REINFORCEMENTS: +2 (GRUNT,SCOUT)
REINFORCEMENTS: +3 (GRUNT,GRUNT,SCOUT)
FINALE-KIT: Syndicate
WAVE: +2 (BERSERKER,BERSERKER) [rich]
WAVE: +2 (BRUISER,BRUISER) [rich]
WAVE: +2 (SCOUT,STRIKER) [rich]
FINALE-KIT: Syndicate
REINFORCEMENTS: +2 (SCOUT,GRUNT)
REINFORCEMENTS: +2 (SCOUT,GRUNT)
FINALE-KIT: Syndicate
REINFORCEMENTS: +2 (GRUNT,GRUNT)
REINFORCEMENTS: +2 (GRUNT,GRUNT)
REINFORCEMENTS: +2 (GRUNT,SCOUT)
FINALE-KIT: Legion
WAVE: +2 (GRUNT,BERSERKER) [rich]
WAVE: +2 (BERSERKER,HOUND) [rich]
WAVE: +2 (LANCER,SCOUT) [rich]
match 15/20  (W:5 L:10 cap:0)  7.3s
FINALE-KIT: Legion
WAVE: +2 (BERSERKER,HOUND) [rich]
WAVE: +2 (LANCER,BRUISER) [rich]
WAVE: +2 (BRUISER,BERSERKER) [rich]
FINALE-KIT: Syndicate
WAVE: +2 (SCREENER,MORTAR) [rich]
WAVE: +2 (STRIKER,SPOTTER) [rich]
WAVE: +2 (LANCER,SNIPER) [rich]
FINALE-KIT: Syndicate
WAVE: +2 (BERSERKER,SCREENER) [rich]
WAVE: +2 (MORTAR,HOUND) [rich]
WAVE: +2 (BERSERKER,GRUNT) [rich]
FINALE-KIT: Legion
WAVE: +3 (BERSERKER,SPOTTER,MEDIC) [rich]
WAVE: +3 (HOUND,MEDIC,SNIPER) [rich]
WAVE: +3 (GRUNT,LANCER,STRIKER) [rich]
FINALE-KIT: Legion
WAVE: +3 (STRIKER,SHIELD,SPOTTER) [rich]
WAVE: +3 (MEDIC,STRIKER,MORTAR) [rich]
WAVE: +3 (STRIKER,MEDIC,STRIKER) [rich]
match 20/20  (W:10 L:10 cap:0)  8.3s

══════════════════════ SIGHTLINE BALANCE REPORT ══════════════════════
runs=20  missions=89

RUN OUTCOMES (campaign):  win-rate   50%   avg missions cleared 4.5

POLICY GAP (optimal vs human-error; campaign runs only):
  greedy win-rate   50%  (n=10)
  sloppy win-rate   50%  (n=10)
  GAP    0 pts  (healthy slack)
  PAIRED (same-seed slots): pairs=10  concordant=10  discordant greedy-only-won=0 / sloppy-only-won=0  paired gap    0 pts
  PER-SLOT RECORDS (greedy | sloppy: outcome + missions cleared; margin = g−s):
    slot 140 @h-1: L 2 | L 5   margin -3
    slot 141 @h-1: L 2 | L 2   margin +0
    slot 142 @h-1: L 5 | L 4   margin +1
    slot 143 @h-1: W 6 | W 6   margin +0
    slot 144 @h-1: W 6 | W 6   margin +0
    slot 145 @h-1: L 5 | L 2   margin +3
    slot 146 @h-1: L 1 | L 1   margin +0
    slot 147 @h-1: W 6 | W 6   margin +0
    slot 148 @h-1: W 6 | W 6   margin +0
    slot 149 @h-1: W 6 | W 6   margin +0
  PAIRED MARGIN (missions cleared, all pairs): +0.10 ±0.46 SE  (n=10 pairs)
  by objective (greedy / sloppy / gap):
    Decapitate :   64% /   70% / gap   -6
    Defend     :  100% /  100% / gap    0
    Eliminate  :   91% /   91% / gap    0
    Escort     :  100% /   67% / gap   33
    Hack       :  100% /  100% / gap    0
    Rescue     :  100% /  100% / gap    0
    Sabotage   :  100% /  100% / gap    0

DECISION RICHNESS / SWING:
  meaningful-choices/turn 3.23   lead-swings/match 0.5   avg max-swing 30.2
  [shot-gate] acting-soldiers/turn 3.61   armed-soldiers/turn 1.36   armed-fraction 38%   turns-with-a-shot 55%   choices/ARMED-soldier-turn 2.37
  [choice-split] los-targets/ARMED 2.19   target-choices/ARMED 0.35   position-choices/ARMED 2.02

RUN COMPLETION BY HEAT (full-campaign clears):
  heat -1:   50% ±11  (n=20 runs, avg 4.5 missions)
  HEAT LEAK: pinned=yes  heat-raising picks=0  campaigns raised=0  missions off-rung=0/89
  STALEMATES: mission-cap 1  run-cap 0   [slot 145 s m3 Escort mis rt=62]

INTEL ECONOMY BY HEAT (campaign runs; heat-bonus = the Heat.IntelBonus share of income):
  heat -1: earned  145.9/run   heat-bonus   0.0 (   0% of income)   spent  129.8   unspent   16.1

MISSION WIN-RATE BY HEAT:
  heat -1:   89%  (n=89, avg 5.5 turns)

MISSION WIN-RATE BY OBJECTIVE:
  Eliminate  :   91% ±6  (n=22, avg 3.3 turns)
  Decapitate :   67% ±10  (n=21, avg 5.8 turns)
  Defend     :  100% ±0  (n=17, avg 9.0 turns)
  Rescue     :  100% ±0  (n=12, avg 3.3 turns)
  Hack       :  100% ±0  (n=8, avg 3.1 turns)
  Escort     :   83% ±15  (n=6, avg 11.3 turns)
  Sabotage   :  100% ±0  (n=2, avg 2.0 turns)
  Evac       :  100% ±0  (n=1, avg 2.0 turns)

MISSION WIN-RATE BY OBJECTIVE x NODE KIND (a capstone must never pool with a mid-run node):
  Eliminate  : Start: 100%(n=20)  Combat:   0%(n=2)
               depth: m1:100%(20) m3:0%(2)
  Decapitate : Boss:  77%(n=13)  Combat:  67%(n=6)  Elite:   0%(n=2)
               depth: m2:0%(2) m3:50%(2) m4:100%(2) m5:50%(2) m6:77%(13)
  Defend     : Supply: 100%(n=8)  Combat: 100%(n=5)  Elite: 100%(n=4)
               depth: m2:100%(10) m3:100%(4) m4:100%(1) m5:100%(2)
  Rescue     : Combat: 100%(n=12)
               depth: m2:100%(2) m3:100%(4) m4:100%(2) m5:100%(4)
  Hack       : Combat: 100%(n=6)  Supply: 100%(n=2)
               depth: m2:100%(2) m4:100%(4) m5:100%(2)
  Escort     : Combat: 100%(n=2)  Elite: 100%(n=2)  Supply:  50%(n=2)
               depth: m3:50%(2) m4:100%(2) m5:100%(2)
  Sabotage   : Combat: 100%(n=2)
               depth: m3:100%(2)
  Evac       : Elite: 100%(n=1)
               depth: m4:100%(1)

ENCOUNTER COMPLETION on MID-RUN nodes (Combat+Elite) — clear% is the share of the fight actually fought:
  objective     n   win%   turns   force    +rf  killed  clear%   prs  WONclear%
  Rescue        12  100%     3.3    5.67   0.00    0.00     0.0  0.00      0.0 (n=12)
  Defend         9  100%     9.0    3.00   6.33    4.11    44.0  0.00     44.0 (n=9)
  Decapitate     8   50%     6.6    6.00   1.75    1.75    22.6  1.50     38.5 (n=4)
  Hack           6  100%     3.2    5.33   0.00    2.33    43.8  0.00     43.8 (n=6)
  Escort         4  100%     3.5    7.50   0.00    0.00     0.0  0.00      0.0 (n=4)
  Eliminate      2    0%     9.0    5.00   0.00    0.00     0.0  2.00      0.0 (n=0)
  Sabotage       2  100%     2.0    3.00   0.00    1.00    33.3  0.00     33.3 (n=2)
  Evac           1  100%     2.0    8.00   0.00    0.00     0.0  0.00      0.0 (n=1)
  ---- the two classes ----
  KILL          10   40%     7.1    5.80   1.40    1.40    19.4  1.60     38.5 (n=4)
  NON-KILL      34  100%     4.7    5.03   1.68    1.56    23.2  0.00     23.2 (n=34)

DECAPITATE HVT (buff = +6+1*mission HP, +6 aim; ELITE exempt):
  EXEMPT  :   71% ±11  (n=17, avg 5.6 turns, HVT 22.5 max HP)  [m3:50%(2) m5:50%(2) m6:77%(13)]
  BUFFED  :   50% ±25  (n=4, avg 6.5 turns, HVT 18.5 max HP)  [m2:0%(2) m4:100%(2)]

MISSION WIN-RATE BY MISSION #:
  m1:  100% ±0  (n=20)
  m2:   88% ±8  (n=16)
  m3:   75% ±11  (n=16)
  m4:  100% ±0  (n=12)
  m5:   92% ±8  (n=12)
  m6:   77% ±12  (n=13)

LOSS CAUSES (missions):
  RUN OVER              : 9
  STALEMATE-MISSION     : 1

MISSION WIN-RATE BY ARENA (authored layouts, n>=3; procedural fallback   21% of 89 missions):
  arena  5:   33% ±27  (n=3, avg 8.3 turns)  [m2:33%(3)]
  arena  6:  100% ±0  (n=3, avg 4.3 turns)  [m4:100%(3)]
  arena 10:   75% ±22  (n=4, avg 5.0 turns)  [m3:50%(2) m5:100%(2)]
  arena 13:  100% ±0  (n=4, avg 2.8 turns)  [m3:100%(1) m4:100%(1) m6:100%(2)]
  arena 14:   80% ±18  (n=5, avg 5.0 turns)  [m3:100%(2) m6:67%(3)]
  arena 15:   40% ±22  (n=5, avg 8.2 turns)  [m1:100%(2) m3:0%(2) m6:0%(1)]
  arena 19:  100% ±0  (n=4, avg 2.0 turns)  [m1:100%(2) m6:100%(2)]
  arena 27:  100% ±0  (n=3, avg 3.3 turns)  [m3:100%(2) m5:100%(1)]
  arena 28:  100% ±0  (n=5, avg 4.8 turns)  [m1:100%(2) m4:100%(3)]
  arena 30:   75% ±22  (n=4, avg 5.5 turns)  [m1:100%(2) m5:100%(1) m6:0%(1)]
  arena 31:  100% ±0  (n=5, avg 2.8 turns)  [m1:100%(2) m2:100%(2) m5:100%(1)]
  arena 32:  100% ±0  (n=10, avg 4.4 turns)  [m1:100%(2) m2:100%(2) m3:100%(3) m4:100%(1) m5:100%(2)]
  procedural:   89% ±7  (n=19, avg 8.0 turns)  [m1:100%(4) m2:100%(5) m3:50%(2) m4:100%(2) m5:67%(3) m6:100%(3)]

DEPLOYMENT GEOMETRY (opening shape; choices/ARMED is the wave's real gate):
  FRONTAL   :   89%  (n=35, avg 5.1 turns)  choices/turn 2.90  choices/ARMED 2.30  los-targets/ARMED 2.17
  PINCER    :   89% ±6  (n=28, avg 7.1 turns)  choices/turn 3.39  choices/ARMED 2.46  los-targets/ARMED 2.45
  CROSSFIRE :   89% ±10  (n=9, avg 5.0 turns)  choices/turn 4.05  choices/ARMED 2.83  los-targets/ARMED 2.13
  ENVELOP   :   88% ±8  (n=17, avg 3.7 turns)  choices/turn 3.08  choices/ARMED 2.00  los-targets/ARMED 1.54

ARENA FUNNEL (Mission.Build exits, n=98 builds, all modes):
  authored-applied    :  79.6%  (n=78)
  connectivity-reject :   0.0%  (n=0)
  procedural-roll     :  20.4%  (n=20)

DECK EXPOSURE (campaign runs n=20):
  distinct authored arenas/run : 3.50 mean (all runs)
  ... full-depth runs only     : 4.40 mean over 5.4 fights/run (n=10)
  Defend dealt on the route    :   80% of runs (n=16)

ENEMY DECISION MIX (contested acts=867; all-downed acts not counted=485):
  shoot           518    60%
  hunker          185    21%
  move             88    10%
  grenade          25     3%
  reload           18     2%
  item             11     1%
  heal              8     1%
  siege             8     1%
  staleplan         3     0%
  shove             2     0%
  sap               1     0%

  the shot on the table (acts where the chosen tile HAD a shot = 579):
    hit% band     taken   share   E[dmg]/shot   declined   share   E[dmg]/shot
      0-19           0      0%          0.00          0      0%          0.00
     20-39          10      2%          1.35          0      0%          0.00
     40-59          36      7%          1.89          0      0%          0.00
     60-79         193     37%          2.67          0      0%          0.00
      80+          279     54%          3.70          0      0%          0.00
    TOTAL           518                              0
  taken   89% / DECLINED    0% / preempted by another verb   11%
  enemy lanes held (overwatch+brace) 0; reaction shots fired 0  ->    0% of lanes paid off   [C2: DeclineWatchRatio is a bet on this number]

ACTION MIX (verbs issued, by policy):
  verb                  greedy        sloppy
  MOVE               635   47%     650   41%
  SHOOT              290   21%     271   17%
  HUNKER              66    5%     166   10%
  OVERWATCH           21    2%     181   11%
  BRACE               79    6%      59    4%
  FOCUS               27    2%      54    3%
  INTEL               41    3%      38    2%
  RELOAD              36    3%      32    2%
  STABILIZE           41    3%      26    2%
  SLIPSTREAM          23    2%      22    1%
  MARK                13    1%      19    1%
  ITEM:SMOKE          15    1%      15    1%
  PIN                 20    1%      10    1%
  HACK                 8    1%       8    1%
  BEACON               7    1%       7    0%
  PATCH               11    1%       2    0%
  GRAPPLE              7    1%       6    0%
  REARM                5    0%       6    0%
  EXTRACT              6    0%       5    0%
  PLANT                3    0%       3    0%
  GRENADE              1    0%       1    0%
  ITEM:FLASH           0    0%       1    0%
  BARREL               0    0%       1    0%

PLAYER CLASS PERFORMANCE:
  class        shots   hit%   dmg   kills
  SHARPSHOOTER    159    87%    942     61
  RANGER         123    85%    708     44
  ASSAULT        165    83%    665     43
  GUNNER         128    80%    565     31
  CORPSMAN        43    74%    117      4

SOLDIER DEATHS BY ENEMY CLASS (threat ranking):
  ELITE      : 16
  GRUNT      : 14
  BURN       : 8
  TURRET     : 8
  HUNTER     : 5
  SPOTTER    : 4
  SHIELD     : 4
  BERSERKER  : 3
  LANCER     : 2
  SCREENER   : 2
  MORTAR     : 2
  SCOUT      : 2
  WARBRINGER : 2
  STRIKE     : 1
  STRIKER    : 1
  SAPPER     : 1

SOLDIER DOWNS (FUL-7 bleed-out): 178 downs -> revived 10 / recovered 59 / bled out 87 / finished 22  (save-rate   39%)
  corpsman fielded in 28 missions

ENEMY COMPOSITION (spawns; faction-stamped fights n=461 / default-cascade fights n=158):
  class        faction         default
  SCOUT           47   10%       44   28%
  GRUNT           62   13%       24   15%
  ELITE           38    8%       10    6%
  BERSERKER       38    8%        5    3%
  STRIKER         28    6%       12    8%
  SHIELD          31    7%        2    1%
  SAPPER          25    5%        6    4%
  LANCER          24    5%        6    4%
  SCREENER        23    5%        6    4%
  DRONE           24    5%        5    3%
  BRUISER         22    5%        2    1%
  HUNTER          22    5%        0    0%
  TURRET          18    4%        4    3%
  MORTAR          11    2%        7    4%
  SNIPER          12    3%        5    3%
  SPOTTER         11    2%        3    2%
  HOUND            6    1%        6    4%
  MEDIC            8    2%        4    3%
  WARBRINGER       4    1%        4    3%
  PIKEMAN          2    0%        3    2%
  CUSTODIAN        4    1%        0    0%
  BOMBARD          1    0%        0    0%

PERK PICK FREQUENCY:
  LCK           : 16
  GUN           : 14
  OUT           : 11
  SKR           : 9
  FST           : 7
  GRD           : 7
  PLT           : 7
  EXC           : 7
  RFX           : 6
  VNT           : 6
  MOM           : 5
  HRD           : 5
  SGE           : 5
  CQB           : 5
  CLH           : 4
  BRK           : 4
  TNK           : 4
  BND           : 2
  MRK           : 1

SHOP PURCHASE FREQUENCY:
  FIELD MEDKIT      : 54
  WPN: HOLLOW POINT : 37
  WPN: SCOPE        : 33
  WPN: EXTENDED MAG : 25
  WPN: STABILIZER   : 21
  WPN: BIPOD        : 16
  ADV. TRAINING     : 12
  ARMORY            : 11
  COUNTER-PREP      : 11
  BALLISTIC PLATING : 10
  FRAG CACHE        : 8
  COMBAT STIMS      : 7
  WPN: SUPPRESSOR   : 2

BOON PICK FREQUENCY (PROCS = effect fires at instrumented sites; '-' = not instrumented;
                      PYR counts the +2-turn-burn half only — the Burning-immunity half is uninstrumented):
  code                 picks   PROCS
  TRR               :     8      18
  PYR               :     6       1
  ADR               :     5       -
  GRN               :     5       -
  MRK               :     5       -
  RPD               :     5       -
  SCV               :     5       -
  VNM               :     5       -
  FDR               :     4       0
  FST               :     4      62
  GHO               :     4       -
  EXE               :     3       -
  FVR               :     3       -
  RCL               :     3       0
  SHK               :     3       4
  FRT               :     1       -

RUN WIN-RATE BY BOON (campaign runs holding it):
  TRR               :   75% ±15  (in 8 runs)
  PYR               :   83% ±15  (in 6 runs)
  ADR               :   40% ±22  (in 5 runs)
  GRN               :   80% ±18  (in 5 runs)
  MRK               :   40% ±22  (in 5 runs)
  RPD               :   80% ±18  (in 5 runs)
  SCV               :   80% ±18  (in 5 runs)
  VNM               :   80% ±18  (in 5 runs)
  FDR               :   50% ±25  (in 4 runs)
  FST               :   75% ±22  (in 4 runs)
  GHO               :   25% ±22  (in 4 runs)
  EXE               :   33% ±27  (in 3 runs)
  FVR               :   67% ±27  (in 3 runs)
  RCL               :  100% ±0  (in 3 runs)
  SHK               :   33% ±27  (in 3 runs)
  FRT               :    0% ±0  (in 1 runs)

RUN WIN-RATE BY SPEC (campaign runs fielding it):
  ANC               :  100% ±0  (in 3 runs)
  BRC               :   33% ±27  (in 3 runs)
  HHT               :   33% ±27  (in 3 runs)
  JUG               :   50% ±35  (in 2 runs)
  PTH               :   50% ±35  (in 2 runs)
  SNT               :    0% ±0  (in 2 runs)
  ADN               :    0% ±0  (in 1 runs)

RUN WIN-RATE BY PERK (campaign runs holding it):
  LCK               :   55% ±15  (in 11 runs)
  OUT               :   70% ±14  (in 10 runs)
  GUN               :   67% ±16  (in 9 runs)
  SKR               :   63% ±17  (in 8 runs)
  EXC               :   43% ±19  (in 7 runs)
  FST               :   33% ±19  (in 6 runs)
  GRD               :   83% ±15  (in 6 runs)
  CQB               :   80% ±18  (in 5 runs)
  HRD               :   20% ±18  (in 5 runs)
  PLT               :   60% ±22  (in 5 runs)
  RFX               :   60% ±22  (in 5 runs)
  SGE               :   80% ±18  (in 5 runs)
  VNT               :   40% ±22  (in 5 runs)
  CLH               :   50% ±25  (in 4 runs)
  MOM               :   50% ±25  (in 4 runs)
  BRK               :   33% ±27  (in 3 runs)
  TNK               :  100% ±0  (in 3 runs)
  BND               :  100% ±0  (in 2 runs)
  MRK               :  100% ±0  (in 1 runs)

RUN WIN-RATE BY PURCHASE (campaign runs buying it):
  FIELD MEDKIT      :   53% ±12  (in 17 runs)
  WPN: HOLLOW POINT :   44% ±12  (in 16 runs)
  WPN: EXTENDED MAG :   57% ±13  (in 14 runs)
  WPN: BIPOD        :   67% ±14  (in 12 runs)
  ADV. TRAINING     :   60% ±15  (in 10 runs)
  WPN: SCOPE        :   80% ±13  (in 10 runs)
  ARMORY            :   67% ±16  (in 9 runs)
  WPN: STABILIZER   :   67% ±16  (in 9 runs)
  COUNTER-PREP      :   71% ±17  (in 7 runs)
  FRAG CACHE        :   86% ±13  (in 7 runs)
  BALLISTIC PLATING :   83% ±15  (in 6 runs)
  COMBAT STIMS      :   60% ±22  (in 5 runs)
  WPN: SUPPRESSOR   :  100% ±0  (in 2 runs)

RUN WIN-RATE BY EVENT-CHOICE (campaign runs taking id:arm):
  profiteer:0       :   67% ±27  (in 3 runs)
  blackmarket:2     :  100% ±0  (in 2 runs)
  distress:1        :    0% ±0  (in 2 runs)
  grave:1           :  100% ±0  (in 2 runs)
  warchest:2        :    0% ±0  (in 1 runs)
═══════════════════════════════════════════════════════════════════════

batch wall-time: 8.3s  (20 matches across 10 campaigns × 2 policy, frame-cap hits: 0)
aggregate JSON -> /home/user/wt/heat-pin/docs/measurements/l5/L5-hR-b140.json
INFO: TEXTURE: [ID 2] Unloaded texture data from VRAM (GPU)
INFO: SHADER: [ID 3] Default shader unloaded successfully
INFO: TEXTURE: [ID 1] Default texture unloaded successfully
INFO: Window closed successfully
