BALANCE: heat PINNED for this batch (field-event AddHeat is a no-op; SIGHTLINE_HEATPIN=0 restores the leak)
INFO: Initializing raylib 6.0
INFO: Platform backend: DESKTOP (GLFW)
INFO: Supported raylib modules:
INFO:     > rcore:..... loaded (mandatory)
INFO:     > rlgl:...... loaded (mandatory)
INFO:     > rshapes:... loaded (optional)
INFO:     > rtextures:. loaded (optional)
INFO:     > rtext:..... loaded (optional)
INFO:     > rmodels:... loaded (optional)
INFO:     > raudio:.... loaded (optional)
INFO: DISPLAY: Trying to enable MSAA x4
INFO: DISPLAY: Device initialized successfully 
INFO:     > Display size: 1280 x 800
INFO:     > Screen size:  1280 x 800
INFO:     > Render size:  1280 x 800
INFO:     > Viewport offsets: 0, 0
INFO: GLAD: OpenGL extensions loaded successfully
INFO: GL: Supported extensions count: 229
INFO: GL: OpenGL device information:
INFO:     > Vendor:   Mesa
INFO:     > Renderer: llvmpipe (LLVM 20.1.2, 256 bits)
INFO:     > Version:  4.5 (Core Profile) Mesa 25.2.8-0ubuntu0.24.04.2
INFO:     > GLSL:     4.50
INFO: GL: VAO extension detected, VAO functions loaded successfully
INFO: GL: NPOT textures extension detected, full NPOT textures supported
INFO: GL: DXT compressed textures supported
INFO: GL: ETC2/EAC compressed textures supported
INFO: PLATFORM: DESKTOP (GLFW - X11): Initialized successfully
INFO: TEXTURE: [ID 1] Texture loaded successfully (1x1 | R8G8B8A8 | 1 mipmaps)
INFO: TEXTURE: [ID 1] Default texture loaded successfully
INFO: SHADER: [ID 1] Vertex shader compiled successfully
INFO: SHADER: [ID 2] Fragment shader compiled successfully
INFO: SHADER: [ID 3] Program shader loaded successfully
INFO: SHADER: [ID 3] Default shader loaded successfully
INFO: RLGL: Render batch vertex buffers loaded successfully in RAM (CPU)
INFO: RLGL: Render batch vertex buffers loaded successfully in VRAM (GPU)
INFO: RLGL: Default OpenGL state initialized successfully
INFO: TEXTURE: [ID 2] Texture loaded successfully (128x128 | GRAY_ALPHA | 1 mipmaps)
INFO: FONT: Default font loaded successfully (224 glyphs)
INFO: SYSTEM: Working Directory: /home/user/wt/heat-pin
INFO: TIMER: Target time per frame: 0.000 milliseconds
FINALE-KIT: Legion
WAVE: +2 (SNIPER,SCOUT) [rich]
WAVE: +2 (BRUISER,STRIKER) [rich]
WAVE: +2 (LANCER,HUNTER) [rich]
REINFORCEMENTS: +2 (GRUNT,SCOUT)
REINFORCEMENTS: +2 (SCOUT,GRUNT)
FINALE-KIT: Legion
WAVE: +2 (LANCER,SCOUT) [rich]
WAVE: +2 (DRONE,SCOUT) [rich]
WAVE: +2 (DRONE,BRUISER) [rich]
FINALE-KIT: Syndicate
FINALE-KIT: Syndicate
FINALE-KIT: Syndicate
WAVE: +2 (SPOTTER,MORTAR) [rich]
WAVE: +2 (WARBRINGER,HUNTER) [rich]
WAVE: +2 (SHIELD,BERSERKER) [rich]
REINFORCEMENTS: +2 (GRUNT,GRUNT)
REINFORCEMENTS: +2 (GRUNT,GRUNT)
REINFORCEMENTS: +3 (GRUNT,SCOUT,GRUNT)
REINFORCEMENTS: +2 (SCOUT,SCOUT)
REINFORCEMENTS: +2 (GRUNT,SCOUT)
match 5/20  (W:1 L:4 cap:0)  3.7s
FINALE-KIT: Syndicate
WAVE: +2 (MORTAR,LANCER) [rich]
WAVE: +2 (GRUNT,DRONE) [rich]
WAVE: +2 (MEDIC,PIKEMAN) [rich]
REINFORCEMENTS: +2 (GRUNT,GRUNT)
REINFORCEMENTS: +2 (SCOUT,SCOUT)
FINALE-KIT: Syndicate
WAVE: +2 (GRUNT,GRUNT) [rich]
WAVE: +2 (SHIELD,SAPPER) [rich]
WAVE: +2 (SAPPER,DRONE) [rich]
FINALE-KIT: Syndicate
WAVE: +2 (SHIELD,GRUNT) [rich]
WAVE: +2 (DRONE,SPOTTER) [rich]
WAVE: +2 (DRONE,SHIELD) [rich]
FINALE-KIT: Syndicate
FINALE-KIT: Syndicate
match 10/20  (W:3 L:7 cap:0)  5.0s
FINALE-KIT: Syndicate
WAVE: +2 (BERSERKER,LANCER) [rich]
WAVE: +2 (BERSERKER,SCOUT) [rich]
WAVE: +2 (BERSERKER,LANCER) [rich]
WAVE: +3 (BRUISER,WARBRINGER,BERSERKER) [rich]
WAVE: +3 (HOUND,BRUISER,HUNTER) [rich]
WAVE: +3 (BERSERKER,BRUISER,BRUISER) [rich]
WAVE: +3 (HUNTER,HUNTER,BRUISER) [rich]
WAVE: +3 (BERSERKER,BRUISER,LANCER) [rich]
FINALE-KIT: Syndicate
WAVE: +2 (BERSERKER,HUNTER) [rich]
WAVE: +2 (BERSERKER,LANCER) [rich]
WAVE: +2 (SCOUT,LANCER) [rich]
WAVE: +3 (GRUNT,BRUISER,HUNTER) [rich]
WAVE: +3 (HUNTER,LANCER,GRUNT) [rich]
WAVE: +3 (HUNTER,BRUISER,BERSERKER) [rich]
WAVE: +3 (WARBRINGER,BRUISER,HUNTER) [rich]
WAVE: +3 (BRUISER,GRUNT,HOUND) [rich]
FINALE-KIT: Syndicate
WAVE: +3 (SAPPER,SPOTTER,SHIELD) [rich]
WAVE: +3 (DRONE,SPOTTER,DRONE) [rich]
WAVE: +3 (SAPPER,DRONE,SHIELD) [rich]
WAVE: +3 (DRONE,SHIELD,SHIELD) [rich]
WAVE: +3 (SHIELD,DRONE,SHIELD) [rich]
WAVE: +3 (SHIELD,SHIELD,DRONE) [rich]
WAVE: +3 (SHIELD,SHIELD,SHIELD) [rich]
WAVE: +2 (SPOTTER,SCREENER) [rich]
FINALE-KIT: Syndicate
FINALE-KIT: Legion
WAVE: +2 (BERSERKER,BRUISER) [rich]
WAVE: +2 (HUNTER,HUNTER) [rich]
WAVE: +2 (BERSERKER,HUNTER) [rich]
match 15/20  (W:4 L:11 cap:0)  6.5s
FINALE-KIT: Legion
WAVE: +2 (BRUISER,HOUND) [rich]
WAVE: +2 (HUNTER,BERSERKER) [rich]
FINALE-KIT: Syndicate
WAVE: +2 (BERSERKER,MORTAR) [rich]
WAVE: +2 (SCOUT,WARBRINGER) [rich]
WAVE: +2 (LANCER,SCOUT) [rich]
FINALE-KIT: Syndicate
WAVE: +2 (GRUNT,BERSERKER) [rich]
WAVE: +2 (SHIELD,BERSERKER) [rich]
WAVE: +2 (GRUNT,BERSERKER) [rich]
FINALE-KIT: Legion
WAVE: +3 (HOUND,LANCER,HOUND) [rich]
WAVE: +3 (STRIKER,MORTAR,SAPPER) [rich]
WAVE: +2 (MORTAR,SHIELD) [rich]
FINALE-KIT: Legion
WAVE: +3 (SPOTTER,WARBRINGER,MORTAR) [rich]
WAVE: +3 (SNIPER,SAPPER,GRUNT) [rich]
WAVE: +2 (SNIPER,BERSERKER) [rich]
match 20/20  (W:8 L:12 cap:0)  7.9s

══════════════════════ SIGHTLINE BALANCE REPORT ══════════════════════
runs=20  missions=75

RUN OUTCOMES (campaign):  win-rate   40%   avg missions cleared 3.6

POLICY GAP (optimal vs human-error; campaign runs only):
  greedy win-rate   50%  (n=10)
  sloppy win-rate   30%  (n=10)
  GAP   20 pts  (swingy/unforgiving)
  PAIRED (same-seed slots): pairs=10  concordant=8  discordant greedy-only-won=2 / sloppy-only-won=0  paired gap   20 pts
  PER-SLOT RECORDS (greedy | sloppy: outcome + missions cleared; margin = g−s):
    slot 140 @h2: W 6 | L 2   margin +4
    slot 141 @h2: L 2 | L 2   margin +0
    slot 142 @h2: L 3 | L 3   margin +0
    slot 143 @h2: W 6 | W 6   margin +0
    slot 144 @h2: L 0 | L 0   margin +0
    slot 145 @h2: L 3 | L 3   margin +0
    slot 146 @h2: L 4 | L 1   margin +3
    slot 147 @h2: W 6 | L 1   margin +5
    slot 148 @h2: W 6 | W 6   margin +0
    slot 149 @h2: W 6 | W 6   margin +0
  PAIRED MARGIN (missions cleared, all pairs): +1.20 ±0.63 SE  (n=10 pairs)
  by objective (greedy / sloppy / gap):
    Decapitate :   88% /   50% / gap   38
    Defend     :   80% /   75% / gap    5
    Eliminate  :   82% /   82% / gap    0
    Escort     :  100% /  100% / gap    0
    Hack       :  100% /  100% / gap    0
    Rescue     :  100% /  100% / gap    0
    Sabotage   :  100% /  100% / gap    0

DECISION RICHNESS / SWING:
  meaningful-choices/turn 4.04   lead-swings/match 0.6   avg max-swing 43.2
  [shot-gate] acting-soldiers/turn 3.46   armed-soldiers/turn 1.48   armed-fraction 43%   turns-with-a-shot 62%   choices/ARMED-soldier-turn 2.74
  [choice-split] los-targets/ARMED 2.77   target-choices/ARMED 0.86   position-choices/ARMED 1.88

RUN COMPLETION BY HEAT (full-campaign clears):
  heat 2:   40% ±11  (n=20 runs, avg 3.6 missions)
  HEAT LEAK: pinned=yes  heat-raising picks=0  campaigns raised=0  missions off-rung=0/75

INTEL ECONOMY BY HEAT (campaign runs; heat-bonus = the Heat.IntelBonus share of income):
  heat 2: earned  139.5/run   heat-bonus  22.0 (  16% of income)   spent  123.3   unspent   16.2

MISSION WIN-RATE BY HEAT:
  heat 2:   84%  (n=75, avg 5.1 turns)

MISSION WIN-RATE BY OBJECTIVE:
  Eliminate  :   82% ±8  (n=22, avg 3.9 turns)
  Defend     :   78% ±10  (n=18, avg 8.7 turns)
  Decapitate :   71% ±12  (n=14, avg 4.1 turns)
  Rescue     :  100% ±0  (n=8, avg 4.9 turns)
  Hack       :  100% ±0  (n=6, avg 3.2 turns)
  Escort     :  100% ±0  (n=4, avg 5.5 turns)
  Sabotage   :  100% ±0  (n=2, avg 2.0 turns)
  Evac       :  100% ±0  (n=1, avg 3.0 turns)

MISSION WIN-RATE BY OBJECTIVE x NODE KIND (a capstone must never pool with a mid-run node):
  Eliminate  : Start:  90%(n=20)  Combat:   0%(n=2)
               depth: m1:90%(20) m3:0%(2)
  Defend     : Supply: 100%(n=8)  Elite:  60%(n=5)  Combat:  60%(n=5)
               depth: m2:88%(8) m3:100%(4) m4:33%(3) m5:67%(3)
  Decapitate : Boss: 100%(n=8)  Combat:  25%(n=4)  Elite:  50%(n=2)
               depth: m2:50%(2) m3:50%(2) m4:0%(2) m6:100%(8)
  Rescue     : Combat: 100%(n=8)
               depth: m2:100%(2) m3:100%(1) m4:100%(2) m5:100%(3)
  Hack       : Combat: 100%(n=4)  Supply: 100%(n=2)
               depth: m2:100%(2) m4:100%(2) m5:100%(2)
  Escort     : Combat: 100%(n=2)  Supply: 100%(n=2)
               depth: m3:100%(2) m4:100%(2)
  Sabotage   : Combat: 100%(n=2)
               depth: m3:100%(2)
  Evac       : Elite: 100%(n=1)
               depth: m4:100%(1)

ENCOUNTER COMPLETION on MID-RUN nodes (Combat+Elite) — clear% is the share of the fight actually fought:
  objective     n   win%   turns   force    +rf  killed  clear%   prs  WONclear%
  Defend        10   60%     8.4    4.50   6.00    4.50    42.9  0.00     58.1 (n=6)
  Rescue         8  100%     4.9    7.50   0.00    0.63     8.3  0.00      8.3 (n=8)
  Decapitate     6   33%     5.7    7.33   0.67    1.67    20.8  1.00     64.3 (n=2)
  Hack           4  100%     3.3    6.50   0.00    1.50    23.1  0.00     23.1 (n=4)
  Eliminate      2    0%    11.0    7.00   0.00    1.50    21.4  3.50      0.0 (n=0)
  Escort         2  100%     6.0    8.00   0.00    0.00     0.0  0.00      0.0 (n=2)
  Sabotage       2  100%     2.0    5.00   0.00    0.00     0.0  0.00      0.0 (n=2)
  Evac           1  100%     3.0   10.00   0.00    0.00     0.0  0.00      0.0 (n=1)
  ---- the two classes ----
  KILL           8   25%     7.0    7.25   0.50    1.63    21.0  1.63     64.3 (n=2)
  NON-KILL      27   85%     5.7    6.19   2.22    2.07    24.7  0.00     25.5 (n=23)

DECAPITATE HVT (buff = +6+1*mission HP, +6 aim; ELITE exempt):
  EXEMPT  :   90% ±9  (n=10, avg 3.4 turns, HVT 22.2 max HP)  [m3:50%(2) m6:100%(8)]
  BUFFED  :   25% ±22  (n=4, avg 5.8 turns, HVT 20.8 max HP)  [m2:50%(2) m4:0%(2)]

MISSION WIN-RATE BY MISSION #:
  m1:   90% ±7  (n=20)
  m2:   86% ±9  (n=14)
  m3:   77% ±12  (n=13)
  m4:   67% ±14  (n=12)
  m5:   88% ±12  (n=8)
  m6:  100% ±0  (n=8)

LOSS CAUSES (missions):
  RUN OVER              : 12

MISSION WIN-RATE BY ARENA (authored layouts, n>=3; procedural fallback   23% of 75 missions):
  arena  5:   80% ±18  (n=5, avg 4.6 turns)  [m1:100%(2) m2:67%(3)]
  arena  6:   50% ±25  (n=4, avg 5.0 turns)  [m4:50%(4)]
  arena 13:  100% ±0  (n=3, avg 3.0 turns)  [m4:100%(1) m6:100%(2)]
  arena 15:   50% ±25  (n=4, avg 7.8 turns)  [m1:100%(2) m3:0%(2)]
  arena 19:  100% ±0  (n=4, avg 1.8 turns)  [m1:100%(2) m6:100%(2)]
  arena 28:   25% ±22  (n=4, avg 6.8 turns)  [m1:0%(2) m4:50%(2)]
  arena 31:  100% ±0  (n=5, avg 3.2 turns)  [m1:100%(2) m2:100%(1) m5:100%(2)]
  arena 32:   89% ±10  (n=9, avg 4.9 turns)  [m1:100%(2) m2:50%(2) m3:100%(4) m5:100%(1)]
  procedural:   88% ±8  (n=17, avg 4.5 turns)  [m1:100%(4) m2:100%(3) m3:100%(2) m4:67%(3) m5:50%(2) m6:100%(3)]

DEPLOYMENT GEOMETRY (opening shape; choices/ARMED is the wave's real gate):
  FRONTAL   :   69% ±9  (n=26, avg 6.0 turns)  choices/turn 3.13  choices/ARMED 2.49  los-targets/ARMED 2.53
  PINCER    :   92% ±5  (n=25, avg 5.5 turns)  choices/turn 5.72  choices/ARMED 3.53  los-targets/ARMED 3.55
  CROSSFIRE :  100% ±0  (n=7, avg 5.3 turns)  choices/turn 2.97  choices/ARMED 2.33  los-targets/ARMED 1.50
  ENVELOP   :   88% ±8  (n=17, avg 3.2 turns)  choices/turn 3.08  choices/ARMED 1.66  los-targets/ARMED 2.08

ARENA FUNNEL (Mission.Build exits, n=84 builds, all modes):
  authored-applied    :  79.8%  (n=67)
  connectivity-reject :   0.0%  (n=0)
  procedural-roll     :  20.2%  (n=17)

DECK EXPOSURE (campaign runs n=20):
  distinct authored arenas/run : 2.90 mean (all runs)
  ... full-depth runs only     : 3.88 mean over 5.3 fights/run (n=8)
  Defend dealt on the route    :   75% of runs (n=15)

ENEMY DECISION MIX (contested acts=982; all-downed acts not counted=402):
  shoot           557    57%
  hunker          208    21%
  move             91     9%
  heal             29     3%
  grenade          28     3%
  item             23     2%
  reload           17     2%
  siege            12     1%
  shove             6     1%
  overwatch         4     0%
  sap               3     0%
  brace             2     0%
  staleplan         2     0%

  the shot on the table (acts where the chosen tile HAD a shot = 644):
    hit% band     taken   share   E[dmg]/shot   declined   share   E[dmg]/shot
      0-19           1      0%          0.92          1     25%          0.42
     20-39          11      2%          1.13          0      0%          0.00
     40-59          58     10%          1.87          3     75%          1.57
     60-79         177     32%          2.56          0      0%          0.00
      80+          310     56%          3.43          0      0%          0.00
    TOTAL           557                              4
  taken   86% / DECLINED    1% / preempted by another verb   13%
  enemy lanes held (overwatch+brace) 6; reaction shots fired 3  ->   50% of lanes paid off   [C2: DeclineWatchRatio is a bet on this number]

ACTION MIX (verbs issued, by policy):
  verb                  greedy        sloppy
  MOVE               586   41%     427   41%
  SHOOT              354   25%     239   23%
  HUNKER              81    6%      71    7%
  BRACE               69    5%      43    4%
  RELOAD              49    3%      34    3%
  FOCUS               49    3%      34    3%
  INTEL               35    2%      33    3%
  OVERWATCH           35    2%      33    3%
  STABILIZE           35    2%      20    2%
  SLIPSTREAM          27    2%      23    2%
  MARK                21    1%      22    2%
  ITEM:SMOKE          17    1%      12    1%
  PIN                 20    1%       7    1%
  GRENADE              5    0%       8    1%
  HACK                 6    0%       6    1%
  REARM                5    0%       5    0%
  GRAPPLE              5    0%       5    0%
  EXTRACT              4    0%       6    1%
  PLANT                3    0%       3    0%
  BARREL               4    0%       1    0%
  BEACON               3    0%       1    0%
  PATCH                1    0%       2    0%
  DRAG                 1    0%       0    0%
  ITEM:FLASH           0    0%       1    0%

PLAYER CLASS PERFORMANCE:
  class        shots   hit%   dmg   kills
  SHARPSHOOTER    147    89%    955     48
  GUNNER         175    87%    813     54
  ASSAULT        172    90%    807     49
  RANGER         106    85%    585     44
  CORPSMAN        21    71%     52      1

SOLDIER DEATHS BY ENEMY CLASS (threat ranking):
  BRUISER    : 14
  BERSERKER  : 13
  GRUNT      : 12
  HUNTER     : 9
  STRIKE     : 7
  BURN       : 4
  TURRET     : 4
  WARBRINGER : 3
  LANCER     : 3
  SNIPER     : 3
  HOUND      : 3
  ELITE      : 2
  SCOUT      : 2
  MORTAR     : 2
  SHIELD     : 2
  DRONE      : 2
  SCREENER   : 1
  STRIKER    : 1
  SAPPER     : 1

SOLDIER DOWNS (FUL-7 bleed-out): 169 downs -> revived 2 / recovered 37 / bled out 118 / finished 12  (save-rate   23%)
  corpsman fielded in 17 missions

ENEMY COMPOSITION (spawns; faction-stamped fights n=449 / default-cascade fights n=188):
  class        faction         default
  SCOUT           25    6%       65   35%
  GRUNT           42    9%       29   15%
  BERSERKER       44   10%       10    5%
  BRUISER         40    9%        4    2%
  HUNTER          34    8%        8    4%
  SHIELD          28    6%        8    4%
  LANCER          28    6%        7    4%
  ELITE           24    5%       10    5%
  TURRET          31    7%        2    1%
  DRONE           24    5%        8    4%
  SAPPER          24    5%        4    2%
  STRIKER         24    5%        2    1%
  SCREENER        22    5%        0    0%
  HOUND           16    4%        2    1%
  SPOTTER         14    3%        2    1%
  MORTAR           5    1%       10    5%
  MEDIC           10    2%        4    2%
  SNIPER           5    1%        6    3%
  WARBRINGER       8    2%        3    2%
  PIKEMAN          0    0%        3    2%
  BOMBARD          1    0%        1    1%

PERK PICK FREQUENCY:
  LCK           : 12
  FST           : 11
  EXC           : 10
  GRD           : 10
  MOM           : 10
  BND           : 9
  OUT           : 9
  CQB           : 9
  GUN           : 8
  TNK           : 7
  RFX           : 6
  PLT           : 5
  BRK           : 5
  SGE           : 5
  MRK           : 5
  SKR           : 5
  HRD           : 4
  CLH           : 4
  VNT           : 1

SHOP PURCHASE FREQUENCY:
  FIELD MEDKIT      : 43
  WPN: HOLLOW POINT : 37
  WPN: SCOPE        : 28
  WPN: STABILIZER   : 25
  ADV. TRAINING     : 17
  WPN: EXTENDED MAG : 14
  COMBAT STIMS      : 14
  FRAG CACHE        : 13
  BALLISTIC PLATING : 12
  ARMORY            : 10
  COUNTER-PREP      : 10
  WPN: BIPOD        : 7
  WPN: SUPPRESSOR   : 1

BOON PICK FREQUENCY (PROCS = effect fires at instrumented sites; '-' = not instrumented;
                      PYR counts the +2-turn-burn half only — the Burning-immunity half is uninstrumented):
  code                 picks   PROCS
  SHK               :     7       3
  PYR               :     6       3
  FRT               :     5       -
  FST               :     5      58
  GRN               :     4       -
  VNM               :     4       -
  ADR               :     3       -
  EXE               :     3       -
  FDR               :     3       0
  MRK               :     3       -
  SCV               :     3       -
  FVR               :     2       -
  GHO               :     2       -
  RCL               :     2       0
  TRR               :     2       5
  RPD               :     1       -

RUN WIN-RATE BY BOON (campaign runs holding it):
  SHK               :   57% ±19  (in 7 runs)
  PYR               :   83% ±15  (in 6 runs)
  FRT               :   60% ±22  (in 5 runs)
  FST               :   60% ±22  (in 5 runs)
  GRN               :   75% ±22  (in 4 runs)
  VNM               :   75% ±22  (in 4 runs)
  ADR               :   33% ±27  (in 3 runs)
  EXE               :  100% ±0  (in 3 runs)
  FDR               :    0% ±0  (in 3 runs)
  MRK               :   33% ±27  (in 3 runs)
  SCV               :   67% ±27  (in 3 runs)
  FVR               :  100% ±0  (in 2 runs)
  GHO               :  100% ±0  (in 2 runs)
  RCL               :   50% ±35  (in 2 runs)
  TRR               :   50% ±35  (in 2 runs)
  RPD               :    0% ±0  (in 1 runs)

RUN WIN-RATE BY SPEC (campaign runs fielding it):
  ADN               :   33% ±27  (in 3 runs)
  JUG               :   67% ±27  (in 3 runs)
  PTH               :   33% ±27  (in 3 runs)
  ANC               :  100% ±0  (in 2 runs)
  HHT               :    0% ±0  (in 2 runs)
  SNT               :    0% ±0  (in 2 runs)
  BRC               :    0% ±0  (in 1 runs)
  PHN               :  100% ±0  (in 1 runs)

RUN WIN-RATE BY PERK (campaign runs holding it):
  EXC               :   33% ±16  (in 9 runs)
  FST               :   56% ±17  (in 9 runs)
  LCK               :   75% ±15  (in 8 runs)
  OUT               :   25% ±15  (in 8 runs)
  BND               :   57% ±19  (in 7 runs)
  CQB               :   71% ±17  (in 7 runs)
  GUN               :   57% ±19  (in 7 runs)
  MOM               :   57% ±19  (in 7 runs)
  GRD               :   33% ±19  (in 6 runs)
  RFX               :   50% ±20  (in 6 runs)
  BRK               :   20% ±18  (in 5 runs)
  MRK               :   40% ±22  (in 5 runs)
  PLT               :   60% ±22  (in 5 runs)
  SGE               :   60% ±22  (in 5 runs)
  TNK               :   40% ±22  (in 5 runs)
  HRD               :   75% ±22  (in 4 runs)
  SKR               :   75% ±22  (in 4 runs)
  CLH               :   33% ±27  (in 3 runs)
  VNT               :    0% ±0  (in 1 runs)

RUN WIN-RATE BY PURCHASE (campaign runs buying it):
  FIELD MEDKIT      :   53% ±13  (in 15 runs)
  WPN: HOLLOW POINT :   43% ±13  (in 14 runs)
  ADV. TRAINING     :   45% ±15  (in 11 runs)
  ARMORY            :   56% ±17  (in 9 runs)
  WPN: EXTENDED MAG :   56% ±17  (in 9 runs)
  BALLISTIC PLATING :   63% ±17  (in 8 runs)
  WPN: SCOPE        :   75% ±15  (in 8 runs)
  COMBAT STIMS      :   57% ±19  (in 7 runs)
  WPN: STABILIZER   :   43% ±19  (in 7 runs)
  COUNTER-PREP      :   67% ±19  (in 6 runs)
  FRAG CACHE        :   50% ±20  (in 6 runs)
  WPN: BIPOD        :   50% ±25  (in 4 runs)
  WPN: SUPPRESSOR   :  100% ±0  (in 1 runs)

RUN WIN-RATE BY EVENT-CHOICE (campaign runs taking id:arm):
  profiteer:0       :  100% ±0  (in 3 runs)
  blackmarket:2     :  100% ±0  (in 2 runs)
  distress:1        :    0% ±0  (in 2 runs)
  depot:1           :    0% ±0  (in 1 runs)
  grave:1           :  100% ±0  (in 1 runs)
═══════════════════════════════════════════════════════════════════════

batch wall-time: 7.9s  (20 matches across 10 campaigns × 2 policy, frame-cap hits: 0)
aggregate JSON -> /home/user/wt/heat-pin/docs/measurements/l5/L5-h2-b140.json
INFO: TEXTURE: [ID 2] Unloaded texture data from VRAM (GPU)
INFO: SHADER: [ID 3] Default shader unloaded successfully
INFO: TEXTURE: [ID 1] Default texture unloaded successfully
INFO: Window closed successfully
