BALANCE: heat PINNED for this batch (field-event AddHeat is a no-op; SIGHTLINE_HEATPIN=0 restores the leak)
INFO: Initializing raylib 6.0
INFO: Platform backend: DESKTOP (GLFW)
INFO: Supported raylib modules:
INFO:     > rcore:..... loaded (mandatory)
INFO:     > rlgl:...... loaded (mandatory)
INFO:     > rshapes:... loaded (optional)
INFO:     > rtextures:. loaded (optional)
INFO:     > rtext:..... loaded (optional)
INFO:     > rmodels:... loaded (optional)
INFO:     > raudio:.... loaded (optional)
INFO: DISPLAY: Trying to enable MSAA x4
INFO: DISPLAY: Device initialized successfully 
INFO:     > Display size: 1280 x 800
INFO:     > Screen size:  1280 x 800
INFO:     > Render size:  1280 x 800
INFO:     > Viewport offsets: 0, 0
INFO: GLAD: OpenGL extensions loaded successfully
INFO: GL: Supported extensions count: 229
INFO: GL: OpenGL device information:
INFO:     > Vendor:   Mesa
INFO:     > Renderer: llvmpipe (LLVM 20.1.2, 256 bits)
INFO:     > Version:  4.5 (Core Profile) Mesa 25.2.8-0ubuntu0.24.04.2
INFO:     > GLSL:     4.50
INFO: GL: VAO extension detected, VAO functions loaded successfully
INFO: GL: NPOT textures extension detected, full NPOT textures supported
INFO: GL: DXT compressed textures supported
INFO: GL: ETC2/EAC compressed textures supported
INFO: PLATFORM: DESKTOP (GLFW - X11): Initialized successfully
INFO: TEXTURE: [ID 1] Texture loaded successfully (1x1 | R8G8B8A8 | 1 mipmaps)
INFO: TEXTURE: [ID 1] Default texture loaded successfully
INFO: SHADER: [ID 1] Vertex shader compiled successfully
INFO: SHADER: [ID 2] Fragment shader compiled successfully
INFO: SHADER: [ID 3] Program shader loaded successfully
INFO: SHADER: [ID 3] Default shader loaded successfully
INFO: RLGL: Render batch vertex buffers loaded successfully in RAM (CPU)
INFO: RLGL: Render batch vertex buffers loaded successfully in VRAM (GPU)
INFO: RLGL: Default OpenGL state initialized successfully
INFO: TEXTURE: [ID 2] Texture loaded successfully (128x128 | GRAY_ALPHA | 1 mipmaps)
INFO: FONT: Default font loaded successfully (224 glyphs)
INFO: SYSTEM: Working Directory: /home/user/wt/heat-pin
INFO: TIMER: Target time per frame: 0.000 milliseconds
FINALE-KIT: Wardens
FINALE-KIT: Wardens
FINALE-KIT: Wardens
WAVE: +3 (STRIKER,STRIKER,BRUISER) [rich]
WAVE: +2 (BERSERKER,BERSERKER) [rich]
WAVE: +2 (HUNTER,BERSERKER) [rich]
WAVE: +1 (BERSERKER) [rich]
FINALE-KIT: Wardens
FINALE-KIT: Syndicate
WAVE: +2 (STRIKER,BRUISER) [rich]
WAVE: +2 (STRIKER,BRUISER) [rich]
WAVE: +2 (HOUND,DRONE) [rich]
match 5/20  (W:0 L:5 cap:0)  2.4s
FINALE-KIT: Syndicate
WAVE: +2 (SCOUT,DRONE) [rich]
WAVE: +2 (HOUND,SNIPER) [rich]
WAVE: +2 (HOUND,BRUISER) [rich]
FINALE-KIT: Legion
FINALE-KIT: Legion
FINALE-KIT: Legion
WAVE: +2 (DRONE,SHIELD) [rich]
WAVE: +1 (SCREENER) [rich]
FINALE-KIT: Legion
WAVE: +2 (DRONE,DRONE) [rich]
WAVE: +1 (DRONE) [rich]
match 10/20  (W:0 L:10 cap:0)  4.5s
FINALE-KIT: Wardens
WAVE: +2 (SNIPER,STRIKER) [rich]
WAVE: +2 (SCOUT,HUNTER) [rich]
WAVE: +2 (LANCER,LANCER) [rich]
REINFORCEMENTS: +2 (SCOUT,GRUNT)
REINFORCEMENTS: +2 (SCOUT,SCOUT)
REINFORCEMENTS: +3 (SCOUT,GRUNT,GRUNT)
FINALE-KIT: Wardens
WAVE: +2 (HOUND,HUNTER) [rich]
WAVE: +2 (HOUND,DRONE) [rich]
WAVE: +2 (SNIPER,HUNTER) [rich]
FINALE-KIT: Syndicate
FINALE-KIT: Syndicate
FINALE-KIT: Legion
WAVE: +2 (SHIELD,SPOTTER) [rich]
WAVE: +2 (CUSTODIAN,LANCER) [rich]
WAVE: +2 (SPOTTER,SPOTTER) [rich]
WAVE: +2 (CUSTODIAN,DRONE) [rich]
WAVE: +2 (BERSERKER,MEDIC) [rich]
WAVE: +2 (BERSERKER,MORTAR) [rich]
match 15/20  (W:1 L:14 cap:0)  5.5s
FINALE-KIT: Legion
WAVE: +2 (HOUND,MEDIC) [rich]
WAVE: +2 (SHIELD,BERSERKER) [rich]
WAVE: +2 (SPOTTER,SNIPER) [rich]
FINALE-KIT: Syndicate
WAVE: +2 (MORTAR,MORTAR) [rich]
WAVE: +2 (SCOUT,GRUNT) [rich]
WAVE: +2 (MORTAR,MEDIC) [rich]
WAVE: +2 (STRIKER,WARBRINGER) [rich]
WAVE: +2 (HOUND,HUNTER) [rich]
WAVE: +2 (HUNTER,GRUNT) [rich]
WAVE: +2 (GRUNT,GRUNT) [rich]
WAVE: +1 (BERSERKER) [rich]
WAVE: +1 (BERSERKER) [rich]
FINALE-KIT: Syndicate
WAVE: +2 (SCOUT,PIKEMAN) [rich]
WAVE: +2 (MEDIC,MEDIC) [rich]
WAVE: +2 (GRUNT,SCOUT) [rich]
WAVE: +2 (HOUND,BERSERKER) [rich]
WAVE: +2 (HUNTER,BERSERKER) [rich]
WAVE: +2 (BERSERKER,WARBRINGER) [rich]
WAVE: +2 (BERSERKER,LANCER) [rich]
WAVE: +1 (GRUNT) [rich]
FINALE-KIT: Syndicate
WAVE: +2 (LANCER,BRUISER) [rich]
WAVE: +2 (SNIPER,HUNTER) [rich]
FINALE-KIT: Syndicate
WAVE: +2 (SCOUT,STRIKER) [rich]
WAVE: +2 (SPOTTER,MORTAR) [rich]
match 20/20  (W:2 L:18 cap:0)  7.3s

══════════════════════ SIGHTLINE BALANCE REPORT ══════════════════════
runs=20  missions=61

RUN OUTCOMES (campaign):  win-rate   10%   avg missions cleared 3.0

POLICY GAP (optimal vs human-error; campaign runs only):
  greedy win-rate   10%  (n=10)
  sloppy win-rate   10%  (n=10)
  GAP    0 pts  (healthy slack)
  PAIRED (same-seed slots): pairs=10  concordant=8  discordant greedy-only-won=1 / sloppy-only-won=1  paired gap    0 pts
  PER-SLOT RECORDS (greedy | sloppy: outcome + missions cleared; margin = g−s):
    slot  10 @h8: L 0 | L 1   margin -1
    slot  11 @h8: L 5 | L 2   margin +3
    slot  12 @h8: L 2 | L 3   margin -1
    slot  13 @h8: L 2 | L 2   margin +0
    slot  14 @h8: L 3 | L 3   margin +0
    slot  15 @h8: W 6 | L 3   margin +3
    slot  16 @h8: L 1 | L 1   margin +0
    slot  17 @h8: L 4 | L 5   margin -1
    slot  18 @h8: L 2 | W 6   margin -4
    slot  19 @h8: L 4 | L 4   margin +0
  PAIRED MARGIN (missions cleared, all pairs): -0.10 ±0.64 SE  (n=10 pairs)
  by objective (greedy / sloppy / gap):
    Decapitate :   33% /   33% / gap    0
    Defend     :   88% /  100% / gap  -13
    Eliminate  :   77% /   73% / gap    4
    Escort     :   33% /   33% / gap    0
    Rescue     :  100% /    0% / gap  100
    Sabotage   :    0% /  100% / gap -100

DECISION RICHNESS / SWING:
  meaningful-choices/turn 1.94   lead-swings/match 0.8   avg max-swing 54.0
  [shot-gate] acting-soldiers/turn 2.76   armed-soldiers/turn 0.88   armed-fraction 32%   turns-with-a-shot 47%   choices/ARMED-soldier-turn 2.21
  [choice-split] los-targets/ARMED 2.09   target-choices/ARMED 0.23   position-choices/ARMED 1.98

RUN COMPLETION BY HEAT (full-campaign clears):
  heat 8:   10% ±7  (n=20 runs, avg 3.0 missions)
  HEAT LEAK: pinned=yes  heat-raising picks=1  campaigns raised=0  missions off-rung=0/61

INTEL ECONOMY BY HEAT (campaign runs; heat-bonus = the Heat.IntelBonus share of income):
  heat 8: earned  203.5/run   heat-bonus 114.8 (  56% of income)   spent  188.1   unspent   15.4

MISSION WIN-RATE BY HEAT:
  heat 8:   70%  (n=61, avg 5.8 turns)

MISSION WIN-RATE BY OBJECTIVE:
  Eliminate  :   75% ±8  (n=28, avg 4.9 turns)
  Defend     :   93% ±6  (n=15, avg 9.0 turns)
  Decapitate :   33% ±19  (n=6, avg 6.3 turns)
  Escort     :   33% ±19  (n=6, avg 4.7 turns)
  Sabotage   :   67% ±27  (n=3, avg 3.3 turns)
  Rescue     :   50% ±35  (n=2, avg 2.5 turns)
  Hack       :  100% ±0  (n=1, avg 3.0 turns)

MISSION WIN-RATE BY OBJECTIVE x NODE KIND (a capstone must never pool with a mid-run node):
  Eliminate  : Start:  95%(n=20)  Elite:   0%(n=3)  Supply:  67%(n=3)  Combat:   0%(n=2)
               depth: m1:95%(20) m2:0%(3) m4:67%(3) m5:0%(2)
  Defend     : Supply: 100%(n=8)  Combat:  83%(n=6)  Elite: 100%(n=1)
               depth: m2:100%(6) m3:88%(8) m4:100%(1)
  Decapitate : Boss:  50%(n=4)  Elite:   0%(n=2)
               depth: m4:0%(2) m6:50%(4)
  Escort     : Combat:   0%(n=2)  Supply:  50%(n=2)  Elite:  50%(n=2)
               depth: m3:0%(2) m4:50%(2) m5:50%(2)
  Sabotage   : Combat:  67%(n=3)
               depth: m3:50%(2) m4:100%(1)
  Rescue     : Elite:  50%(n=2)
               depth: m3:50%(2)
  Hack       : Combat: 100%(n=1)
               depth: m5:100%(1)

ENCOUNTER COMPLETION on MID-RUN nodes (Combat+Elite) — clear% is the share of the fight actually fought:
  objective     n   win%   turns   force    +rf  killed  clear%   prs  WONclear%
  Defend         7   86%     9.0    8.00   4.29    1.29    10.5  0.00     11.0 (n=6)
  Eliminate      5    0%     9.0    9.00   0.00    3.60    40.0  2.40      0.0 (n=0)
  Escort         4   25%     3.3   10.50   0.00    0.75     7.1  0.00      0.0 (n=1)
  Sabotage       3   67%     3.3    8.33   0.00    1.00    12.0  0.00     11.8 (n=2)
  Rescue         2   50%     2.5   11.00   0.00    1.00     9.1  0.00      0.0 (n=1)
  Decapitate     2    0%     6.5   11.00   0.00    1.00     9.1  1.00      0.0 (n=0)
  Hack           1  100%     3.0   11.00   0.00    0.00     0.0  0.00      0.0 (n=1)
  ---- the two classes ----
  KILL           7    0%     8.3    9.57   0.00    2.86    29.9  2.00      0.0 (n=0)
  NON-KILL      17   65%     5.5    9.18   1.76    1.00     9.1  0.00      8.1 (n=11)

DECAPITATE HVT (buff = +6+1*mission HP, +6 aim; ELITE exempt):
  EXEMPT  :   50% ±25  (n=4, avg 6.3 turns, HVT 22.5 max HP)  [m6:50%(4)]
  BUFFED  :    0% ±0  (n=2, avg 6.5 turns, HVT 32.5 max HP)  [m4:0%(2)]

MISSION WIN-RATE BY MISSION #:
  m1:   95% ±5  (n=20)
  m2:   67% ±16  (n=9)
  m3:   64% ±13  (n=14)
  m4:   56% ±17  (n=9)
  m5:   40% ±22  (n=5)
  m6:   50% ±25  (n=4)

LOSS CAUSES (missions):
  RUN OVER              : 13
  VIP LOST              : 4
  CAPTIVE LOST          : 1

MISSION WIN-RATE BY ARENA (authored layouts, n>=3; procedural fallback   20% of 61 missions):
  arena  0:   67% ±27  (n=3, avg 4.0 turns)  [m1:100%(2) m4:0%(1)]
  arena  1:    0% ±0  (n=4, avg 5.8 turns)  [m2:0%(2) m3:0%(2)]
  arena  3:   75% ±22  (n=4, avg 5.8 turns)  [m2:100%(2) m3:50%(2)]
  arena  6:  100% ±0  (n=3, avg 7.3 turns)  [m1:100%(2) m6:100%(1)]
  arena  7:   50% ±25  (n=4, avg 8.3 turns)  [m3:50%(2) m4:50%(2)]
  arena 12:   33% ±27  (n=3, avg 4.0 turns)  [m5:50%(2) m6:0%(1)]
  arena 13:   40% ±22  (n=5, avg 7.4 turns)  [m3:100%(2) m4:0%(2) m5:0%(1)]
  arena 30:  100% ±0  (n=4, avg 7.5 turns)  [m3:100%(2) m4:100%(1) m5:100%(1)]
  arena 31:   67% ±27  (n=3, avg 5.7 turns)  [m1:50%(2) m4:100%(1)]
  arena 34:   75% ±22  (n=4, avg 6.5 turns)  [m3:75%(4)]
  procedural:   92% ±8  (n=12, avg 4.4 turns)  [m1:100%(8) m2:100%(1) m4:100%(1) m5:0%(1) m6:100%(1)]

DEPLOYMENT GEOMETRY (opening shape; choices/ARMED is the wave's real gate):
  FRONTAL   :   76% ±9  (n=25, avg 5.1 turns)  choices/turn 1.93  choices/ARMED 2.10  los-targets/ARMED 1.93
  PINCER    :   50% ±13  (n=16, avg 6.7 turns)  choices/turn 1.51  choices/ARMED 2.09  los-targets/ARMED 1.90
  CROSSFIRE :   75% ±22  (n=4, avg 8.5 turns)  choices/turn 1.83  choices/ARMED 3.06  los-targets/ARMED 2.06
  ENVELOP   :   81% ±10  (n=16, avg 5.4 turns)  choices/turn 2.51  choices/ARMED 2.28  los-targets/ARMED 2.44

ARENA FUNNEL (Mission.Build exits, n=72 builds, all modes):
  authored-applied    :  79.2%  (n=57)
  connectivity-reject :   0.0%  (n=0)
  procedural-roll     :  20.8%  (n=15)

DECK EXPOSURE (campaign runs n=20):
  distinct authored arenas/run : 2.45 mean (all runs)
  ... full-depth runs only     : 4.50 mean over 5.0 fights/run (n=2)
  Defend dealt on the route    :   65% of runs (n=13)

ENEMY DECISION MIX (contested acts=1122; all-downed acts not counted=356):
  shoot           625    56%
  hunker          299    27%
  move             93     8%
  heal             25     2%
  grenade          22     2%
  reload           19     2%
  siege            18     2%
  overwatch        11     1%
  brace             4     0%
  item              4     0%
  sap               2     0%

  the shot on the table (acts where the chosen tile HAD a shot = 670):
    hit% band     taken   share   E[dmg]/shot   declined   share   E[dmg]/shot
      0-19           2      0%          0.96          1     17%          0.45
     20-39          18      3%          0.94          2     33%          1.10
     40-59          90     14%          1.64          3     50%          1.44
     60-79         224     36%          2.74          0      0%          0.00
      80+          291     47%          3.52          0      0%          0.00
    TOTAL           625                              6
  taken   93% / DECLINED    1% / preempted by another verb    6%
  enemy lanes held (overwatch+brace) 15; reaction shots fired 0  ->    0% of lanes paid off   [C2: DeclineWatchRatio is a bet on this number]

ACTION MIX (verbs issued, by policy):
  verb                  greedy        sloppy
  MOVE               274   28%     270   29%
  SHOOT              278   28%     256   28%
  OVERWATCH           91    9%      82    9%
  BRACE               67    7%      57    6%
  FOCUS               48    5%      42    5%
  SLIPSTREAM          38    4%      43    5%
  RELOAD              44    4%      34    4%
  INTEL               28    3%      29    3%
  STABILIZE           22    2%      19    2%
  HUNKER              20    2%      14    2%
  MARK                16    2%      14    2%
  ITEM:SMOKE          17    2%       8    1%
  PIN                 10    1%      11    1%
  GRENADE              5    1%      10    1%
  PLANT                2    0%       8    1%
  PATCH                5    1%       4    0%
  DRAG                 7    1%       2    0%
  GRAPPLE              4    0%       4    0%
  REARM                1    0%       3    0%
  ITEM:INCENDIARY       1    0%       3    0%
  BARREL               1    0%       2    0%
  BEACON               2    0%       0    0%
  HACK                 2    0%       0    0%
  ITEM:BARRICADE       0    0%       1    0%

PLAYER CLASS PERFORMANCE:
  class        shots   hit%   dmg   kills
  SHARPSHOOTER    120    89%    819     49
  GUNNER         144    83%    639     39
  ASSAULT        143    81%    552     34
  RANGER          84    85%    486     36
  CORPSMAN        34    79%     99      2
  VIP              5    60%     10      0

SOLDIER DEATHS BY ENEMY CLASS (threat ranking):
  SHIELD     : 12
  STRIKE     : 9
  ELITE      : 8
  GRUNT      : 7
  BERSERKER  : 7
  DRONE      : 7
  SCOUT      : 6
  BURN       : 5
  SNIPER     : 4
  TURRET     : 4
  HOUND      : 3
  LANCER     : 3
  SCREENER   : 2
  BARREL     : 2
  STRIKER    : 2
  BRUISER    : 2
  MORTAR     : 1
  CUSTODIAN  : 1
  HUNTER     : 1
  SAPPER     : 1

SOLDIER DOWNS (FUL-7 bleed-out): 145 downs -> revived 6 / recovered 16 / bled out 99 / finished 17  (save-rate   20%)
  corpsman fielded in 15 missions

ENEMY COMPOSITION (spawns; faction-stamped fights n=408 / default-cascade fights n=236):
  class        faction         default
  GRUNT           54   13%       28   12%
  SCOUT           16    4%       57   24%
  BERSERKER       33    8%       14    6%
  DRONE           35    9%       12    5%
  SHIELD          39   10%        4    2%
  ELITE           26    6%        5    2%
  LANCER           9    2%       22    9%
  SPOTTER         11    3%       17    7%
  STRIKER         10    2%       17    7%
  TURRET          27    7%        0    0%
  HUNTER          14    3%       12    5%
  SNIPER          16    4%       10    4%
  MEDIC           15    4%        8    3%
  SCREENER        21    5%        0    0%
  MORTAR          16    4%        5    2%
  BRUISER         14    3%        4    2%
  CUSTODIAN       13    3%        5    2%
  SAPPER          14    3%        4    2%
  HOUND            8    2%        8    3%
  PIKEMAN          5    1%        4    2%
  WARBRINGER       7    2%        0    0%
  BOMBARD          5    1%        0    0%

PERK PICK FREQUENCY:
  MOM           : 17
  GUN           : 13
  OUT           : 10
  HRD           : 9
  LCK           : 8
  FST           : 8
  TNK           : 8
  CQB           : 8
  GRD           : 7
  CLH           : 7
  EXC           : 7
  VNT           : 6
  SKR           : 5
  SGE           : 5
  MRK           : 5
  BND           : 4
  RFX           : 3
  PLT           : 3
  BRK           : 2

SHOP PURCHASE FREQUENCY:
  COMBAT STIMS      : 47
  WPN: SCOPE        : 42
  ADV. TRAINING     : 40
  WPN: STABILIZER   : 38
  BALLISTIC PLATING : 33
  WPN: HOLLOW POINT : 30
  FIELD MEDKIT      : 28
  WPN: BIPOD        : 21
  COUNTER-PREP      : 20
  WPN: EXTENDED MAG : 16
  WPN: SUPPRESSOR   : 11
  FRAG CACHE        : 10
  ARMORY            : 4

BOON PICK FREQUENCY (PROCS = effect fires at instrumented sites; '-' = not instrumented;
                      PYR counts the +2-turn-burn half only — the Burning-immunity half is uninstrumented):
  code                 picks   PROCS
  ADR               :     6       -
  VNM               :     5       -
  FVR               :     4       -
  GRN               :     4       -
  PYR               :     4       1
  FRT               :     3       -
  SCV               :     3       -
  FDR               :     2       0
  MRK               :     2       -
  RCL               :     2       1
  EXE               :     1       -
  FST               :     1      10
  GHO               :     1       -
  RPD               :     1       -
  SHK               :     1       1
  TRR               :     1       0

RUN WIN-RATE BY BOON (campaign runs holding it):
  ADR               :   17% ±15  (in 6 runs)
  VNM               :   20% ±18  (in 5 runs)
  FVR               :   25% ±22  (in 4 runs)
  GRN               :    0% ±0  (in 4 runs)
  PYR               :   25% ±22  (in 4 runs)
  FRT               :    0% ±0  (in 3 runs)
  SCV               :   33% ±27  (in 3 runs)
  FDR               :    0% ±0  (in 2 runs)
  MRK               :  100% ±0  (in 2 runs)
  RCL               :    0% ±0  (in 2 runs)
  EXE               :  100% ±0  (in 1 runs)
  FST               :    0% ±0  (in 1 runs)
  GHO               :    0% ±0  (in 1 runs)
  RPD               :    0% ±0  (in 1 runs)
  SHK               :    0% ±0  (in 1 runs)
  TRR               :    0% ±0  (in 1 runs)

RUN WIN-RATE BY SPEC (campaign runs fielding it):
  HHT               :   33% ±27  (in 3 runs)
  PHN               :    0% ±0  (in 3 runs)
  ADN               :   50% ±35  (in 2 runs)
  BRC               :   50% ±35  (in 2 runs)
  JUG               :    0% ±0  (in 2 runs)
  ANC               :    0% ±0  (in 1 runs)
  SNT               :    0% ±0  (in 1 runs)

RUN WIN-RATE BY PERK (campaign runs holding it):
  MOM               :    9% ±9  (in 11 runs)
  GUN               :   10% ±9  (in 10 runs)
  HRD               :   25% ±15  (in 8 runs)
  OUT               :   13% ±12  (in 8 runs)
  CLH               :   29% ±17  (in 7 runs)
  LCK               :   14% ±13  (in 7 runs)
  CQB               :   17% ±15  (in 6 runs)
  FST               :   33% ±19  (in 6 runs)
  GRD               :   17% ±15  (in 6 runs)
  TNK               :   17% ±15  (in 6 runs)
  SGE               :   40% ±22  (in 5 runs)
  BND               :    0% ±0  (in 4 runs)
  EXC               :   25% ±22  (in 4 runs)
  SKR               :   25% ±22  (in 4 runs)
  VNT               :   25% ±22  (in 4 runs)
  MRK               :    0% ±0  (in 3 runs)
  PLT               :   33% ±27  (in 3 runs)
  RFX               :    0% ±0  (in 3 runs)
  BRK               :    0% ±0  (in 2 runs)

RUN WIN-RATE BY PURCHASE (campaign runs buying it):
  FIELD MEDKIT      :   13% ±9  (in 15 runs)
  COUNTER-PREP      :   15% ±10  (in 13 runs)
  ADV. TRAINING     :   17% ±11  (in 12 runs)
  WPN: STABILIZER   :   17% ±11  (in 12 runs)
  WPN: SCOPE        :    9% ±9  (in 11 runs)
  WPN: BIPOD        :   20% ±13  (in 10 runs)
  BALLISTIC PLATING :   22% ±14  (in 9 runs)
  COMBAT STIMS      :   22% ±14  (in 9 runs)
  WPN: EXTENDED MAG :   11% ±10  (in 9 runs)
  WPN: HOLLOW POINT :   13% ±12  (in 8 runs)
  WPN: SUPPRESSOR   :   14% ±13  (in 7 runs)
  FRAG CACHE        :   17% ±15  (in 6 runs)
  ARMORY            :   25% ±22  (in 4 runs)

RUN WIN-RATE BY EVENT-CHOICE (campaign runs taking id:arm):
  bloodfeud:1       :    0% ±0  (in 2 runs)
  bloodfeud:2       :    0% ±0  (in 2 runs)
  depot:0           :    0% ±0  (in 2 runs)
  drill:1           :    0% ±0  (in 2 runs)
  fieldhospital:2   :    0% ±0  (in 2 runs)
  grave:1           :    0% ±0  (in 2 runs)
  medic:1           :   50% ±35  (in 2 runs)
  quartermaster:1   :    0% ±0  (in 1 runs)
  reservecall:1     :  100% ±0  (in 1 runs)
═══════════════════════════════════════════════════════════════════════

batch wall-time: 7.3s  (20 matches across 10 campaigns × 2 policy, frame-cap hits: 0)
aggregate JSON -> /home/user/wt/heat-pin/docs/measurements/l5/L5-h8-b10.json
INFO: TEXTURE: [ID 2] Unloaded texture data from VRAM (GPU)
INFO: SHADER: [ID 3] Default shader unloaded successfully
INFO: TEXTURE: [ID 1] Default texture unloaded successfully
INFO: Window closed successfully
