BALANCE: heat PINNED for this batch (field-event AddHeat is a no-op; SIGHTLINE_HEATPIN=0 restores the leak)
INFO: Initializing raylib 6.0
INFO: Platform backend: DESKTOP (GLFW)
INFO: Supported raylib modules:
INFO:     > rcore:..... loaded (mandatory)
INFO:     > rlgl:...... loaded (mandatory)
INFO:     > rshapes:... loaded (optional)
INFO:     > rtextures:. loaded (optional)
INFO:     > rtext:..... loaded (optional)
INFO:     > rmodels:... loaded (optional)
INFO:     > raudio:.... loaded (optional)
INFO: DISPLAY: Trying to enable MSAA x4
INFO: DISPLAY: Device initialized successfully 
INFO:     > Display size: 1280 x 800
INFO:     > Screen size:  1280 x 800
INFO:     > Render size:  1280 x 800
INFO:     > Viewport offsets: 0, 0
INFO: GLAD: OpenGL extensions loaded successfully
INFO: GL: Supported extensions count: 229
INFO: GL: OpenGL device information:
INFO:     > Vendor:   Mesa
INFO:     > Renderer: llvmpipe (LLVM 20.1.2, 256 bits)
INFO:     > Version:  4.5 (Core Profile) Mesa 25.2.8-0ubuntu0.24.04.2
INFO:     > GLSL:     4.50
INFO: GL: VAO extension detected, VAO functions loaded successfully
INFO: GL: NPOT textures extension detected, full NPOT textures supported
INFO: GL: DXT compressed textures supported
INFO: GL: ETC2/EAC compressed textures supported
INFO: PLATFORM: DESKTOP (GLFW - X11): Initialized successfully
INFO: TEXTURE: [ID 1] Texture loaded successfully (1x1 | R8G8B8A8 | 1 mipmaps)
INFO: TEXTURE: [ID 1] Default texture loaded successfully
INFO: SHADER: [ID 1] Vertex shader compiled successfully
INFO: SHADER: [ID 2] Fragment shader compiled successfully
INFO: SHADER: [ID 3] Program shader loaded successfully
INFO: SHADER: [ID 3] Default shader loaded successfully
INFO: RLGL: Render batch vertex buffers loaded successfully in RAM (CPU)
INFO: RLGL: Render batch vertex buffers loaded successfully in VRAM (GPU)
INFO: RLGL: Default OpenGL state initialized successfully
INFO: TEXTURE: [ID 2] Texture loaded successfully (128x128 | GRAY_ALPHA | 1 mipmaps)
INFO: FONT: Default font loaded successfully (224 glyphs)
INFO: SYSTEM: Working Directory: /home/user/wt/heat-pin
INFO: TIMER: Target time per frame: 0.000 milliseconds
FINALE-KIT: Legion
FINALE-KIT: Legion
FINALE-KIT: Wardens
WAVE: +2 (HOUND,HUNTER) [rich]
WAVE: +2 (SCOUT,BERSERKER) [rich]
WAVE: +2 (BERSERKER,BERSERKER) [rich]
FINALE-KIT: Wardens
WAVE: +2 (HUNTER,HUNTER) [rich]
WAVE: +2 (HOUND,BERSERKER) [rich]
WAVE: +2 (BERSERKER,BRUISER) [rich]
FINALE-KIT: Wardens
WAVE: +3 (BRUISER,BERSERKER,HUNTER) [rich]
WAVE: +2 (LANCER,WARBRINGER) [rich]
match 5/20  (W:3 L:2 cap:0)  4.3s
FINALE-KIT: Wardens
WAVE: +3 (STRIKER,HUNTER,LANCER) [rich]
WAVE: +1 (BERSERKER) [rich]
WAVE: +3 (HOUND,BERSERKER,HUNTER) [rich]
WAVE: +2 (BRUISER,HUNTER) [rich]
WAVE: +3 (BERSERKER,HUNTER,HUNTER) [rich]
FINALE-KIT: Wardens
WAVE: +2 (DRONE,GRUNT) [rich]
WAVE: +2 (SAPPER,WARBRINGER) [rich]
WAVE: +2 (DRONE,DRONE) [rich]
FINALE-KIT: Wardens
WAVE: +2 (BERSERKER,SNIPER) [rich]
WAVE: +2 (SPOTTER,HOUND) [rich]
WAVE: +2 (SHIELD,LANCER) [rich]
REINFORCEMENTS: +2 (GRUNT,SCOUT)
FINALE-KIT: Syndicate
WAVE: +2 (MEDIC,BERSERKER) [rich]
WAVE: +2 (LANCER,LANCER) [rich]
WAVE: +2 (MEDIC,CUSTODIAN) [rich]
FINALE-KIT: Syndicate
WAVE: +2 (LANCER,SHIELD) [rich]
WAVE: +2 (GRUNT,SPOTTER) [rich]
WAVE: +2 (SNIPER,MORTAR) [rich]
WAVE: +2 (SAPPER,MORTAR) [rich]
WAVE: +2 (BERSERKER,MEDIC) [rich]
WAVE: +2 (DRONE,HOUND) [rich]
REINFORCEMENTS: +2 (GRUNT,GRUNT)
match 10/20  (W:6 L:4 cap:0)  7.0s
FINALE-KIT: Legion
FINALE-KIT: Legion
FINALE-KIT: Legion
FINALE-KIT: Legion
FINALE-KIT: Syndicate
WAVE: +3 (MORTAR,SCREENER,MEDIC) [rich]
WAVE: +3 (SCOUT,MEDIC,SNIPER) [rich]
WAVE: +3 (MORTAR,GRUNT,GRUNT) [rich]
WAVE: +3 (MEDIC,GRUNT,SNIPER) [rich]
WAVE: +3 (MEDIC,SNIPER,SNIPER) [rich]
match 15/20  (W:7 L:8 cap:0)  7.9s
FINALE-KIT: Syndicate
WAVE: +3 (MORTAR,GRUNT,CUSTODIAN) [rich]
WAVE: +3 (PIKEMAN,MORTAR,MORTAR) [rich]
WAVE: +3 (SNIPER,MORTAR,GRUNT) [rich]
FINALE-KIT: Syndicate
WAVE: +3 (MORTAR,SCOUT,MEDIC) [rich]
WAVE: +3 (GRUNT,MORTAR,MEDIC) [rich]
WAVE: +3 (SCOUT,GRUNT,MORTAR) [rich]
FINALE-KIT: Syndicate
WAVE: +3 (GRUNT,GRUNT,SCREENER) [rich]
WAVE: +3 (MEDIC,PIKEMAN,MEDIC) [rich]
WAVE: +3 (GRUNT,PIKEMAN,SCREENER) [rich]
WAVE: +3 (GRUNT,SNIPER,MEDIC) [rich]
WAVE: +3 (SNIPER,MEDIC,GRUNT) [rich]
FINALE-KIT: Wardens
WAVE: +3 (SAPPER,SPOTTER,SCREENER) [rich]
WAVE: +3 (DRONE,DRONE,SCREENER) [rich]
WAVE: +3 (SAPPER,DRONE,SAPPER) [rich]
WAVE: +3 (BRUISER,WARBRINGER,BRUISER) [rich]
WAVE: +3 (BRUISER,BERSERKER,STRIKER) [rich]
WAVE: +3 (STRIKER,BRUISER,BERSERKER) [rich]
WAVE: +3 (BERSERKER,HUNTER,BRUISER) [rich]
FINALE-KIT: Wardens
WAVE: +3 (SCREENER,SAPPER,SPOTTER) [rich]
WAVE: +3 (SAPPER,SCREENER,DRONE) [rich]
WAVE: +3 (GRUNT,DRONE,SAPPER) [rich]
WAVE: +3 (BRUISER,HOUND,BERSERKER) [rich]
WAVE: +3 (BRUISER,STRIKER,HUNTER) [rich]
WAVE: +1 (BRUISER) [rich]
WAVE: +3 (BERSERKER,STRIKER,HOUND) [rich]
WAVE: +3 (LANCER,BERSERKER,BRUISER) [rich]
match 20/20  (W:8 L:12 cap:0)  9.1s

══════════════════════ SIGHTLINE BALANCE REPORT ══════════════════════
runs=20  missions=78

RUN OUTCOMES (campaign):  win-rate   40%   avg missions cleared 4.6

POLICY GAP (optimal vs human-error; campaign runs only):
  greedy win-rate   40%  (n=10)
  sloppy win-rate   40%  (n=10)
  GAP    0 pts  (healthy slack)
  PAIRED (same-seed slots): pairs=10  concordant=6  discordant greedy-only-won=2 / sloppy-only-won=2  paired gap    0 pts
  PER-SLOT RECORDS (greedy | sloppy: outcome + missions cleared; margin = g−s):
    slot  30 @h2: W 6 | W 6   margin +0
    slot  31 @h2: W 6 | L 5   margin +1
    slot  32 @h2: L 4 | W 6   margin -2
    slot  33 @h2: W 6 | W 6   margin +0
    slot  34 @h2: L 4 | L 4   margin +0
    slot  35 @h2: L 2 | W 6   margin -4
    slot  36 @h2: L 2 | L 2   margin +0
    slot  37 @h2: L 4 | L 5   margin -1
    slot  38 @h2: W 6 | L 4   margin +2
    slot  39 @h2: L 4 | L 4   margin +0
  PAIRED MARGIN (missions cleared, all pairs): -0.40 ±0.52 SE  (n=10 pairs)
  by objective (greedy / sloppy / gap):
    Decapitate :   71% /   56% / gap   16
    Defend     :   63% /   88% / gap  -25
    Eliminate  :   91% /  100% / gap   -9
    Escort     :  100% /  100% / gap    0
    Evac       :  100% /  100% / gap    0
    Rescue     :  100% /  100% / gap    0
    Sabotage   :  100% /   67% / gap   33

DECISION RICHNESS / SWING:
  meaningful-choices/turn 3.97   lead-swings/match 0.5   avg max-swing 43.4
  [shot-gate] acting-soldiers/turn 3.48   armed-soldiers/turn 1.52   armed-fraction 44%   turns-with-a-shot 63%   choices/ARMED-soldier-turn 2.61
  [choice-split] los-targets/ARMED 2.74   target-choices/ARMED 0.61   position-choices/ARMED 2.01

RUN COMPLETION BY HEAT (full-campaign clears):
  heat 2:   40% ±11  (n=20 runs, avg 4.6 missions)
  HEAT LEAK: pinned=yes  heat-raising picks=4  campaigns raised=0  missions off-rung=0/78

INTEL ECONOMY BY HEAT (campaign runs; heat-bonus = the Heat.IntelBonus share of income):
  heat 2: earned  155.2/run   heat-bonus  23.2 (  15% of income)   spent  139.7   unspent   15.6

MISSION WIN-RATE BY HEAT:
  heat 2:   85%  (n=78, avg 5.2 turns)

MISSION WIN-RATE BY OBJECTIVE:
  Eliminate  :   95% ±4  (n=22, avg 3.7 turns)
  Decapitate :   63% ±12  (n=16, avg 4.5 turns)
  Defend     :   75% ±11  (n=16, avg 8.3 turns)
  Rescue     :  100% ±0  (n=7, avg 7.3 turns)
  Escort     :  100% ±0  (n=6, avg 5.8 turns)
  Sabotage   :   83% ±15  (n=6, avg 3.8 turns)
  Evac       :  100% ±0  (n=5, avg 2.0 turns)

MISSION WIN-RATE BY OBJECTIVE x NODE KIND (a capstone must never pool with a mid-run node):
  Eliminate  : Start: 100%(n=20)  Combat:  50%(n=2)
               depth: m1:100%(20) m3:50%(2)
  Decapitate : Boss:  80%(n=10)  Combat:   0%(n=4)  Supply: 100%(n=2)
               depth: m3:0%(2) m5:50%(4) m6:80%(10)
  Defend     : Combat:  70%(n=10)  Supply: 100%(n=4)  Elite:  50%(n=2)
               depth: m2:100%(2) m3:100%(4) m4:100%(4) m5:33%(6)
  Rescue     : Combat: 100%(n=5)  Supply: 100%(n=2)
               depth: m3:100%(2) m5:100%(5)
  Escort     : Combat: 100%(n=4)  Elite: 100%(n=2)
               depth: m2:100%(4) m4:100%(2)
  Sabotage   : Combat:  75%(n=4)  Supply: 100%(n=2)
               depth: m2:100%(2) m4:100%(2) m5:50%(2)
  Evac       : Elite: 100%(n=4)  Combat: 100%(n=1)
               depth: m3:100%(2) m4:100%(3)

ENCOUNTER COMPLETION on MID-RUN nodes (Combat+Elite) — clear% is the share of the fight actually fought:
  objective     n   win%   turns   force    +rf  killed  clear%   prs  WONclear%
  Defend        12   67%     8.1    5.50   7.08    5.00    39.7  0.00     50.5 (n=8)
  Escort         6  100%     5.8    6.67   0.00    0.50     7.5  0.00      7.5 (n=6)
  Rescue         5  100%     6.0    8.20   0.00    0.40     4.9  0.00      4.9 (n=5)
  Evac           5  100%     2.0    9.20   0.00    0.00     0.0  0.00      0.0 (n=5)
  Decapitate     4    0%     6.5    8.00   0.50    0.50     5.9  1.25      0.0 (n=0)
  Sabotage       4   75%     4.0    5.00   0.00    1.00    20.0  0.00     30.8 (n=3)
  Eliminate      2   50%     7.5    7.00   0.00    4.50    64.3  1.50    100.0 (n=1)
  ---- the two classes ----
  KILL           6   17%     6.8    7.67   0.33    1.83    22.9  1.33    100.0 (n=1)
  NON-KILL      32   84%     5.9    6.66   2.66    2.16    23.2  0.00     25.3 (n=27)

DECAPITATE HVT (buff = +6+1*mission HP, +6 aim; ELITE exempt):
  EXEMPT  :   63% ±12  (n=16, avg 4.5 turns, HVT 23.8 max HP)  [m3:0%(2) m5:50%(4) m6:80%(10)]

MISSION WIN-RATE BY MISSION #:
  m1:  100% ±0  (n=20)
  m2:  100% ±0  (n=8)
  m3:   75% ±13  (n=12)
  m4:  100% ±0  (n=11)
  m5:   59% ±12  (n=17)
  m6:   80% ±13  (n=10)

LOSS CAUSES (missions):
  RUN OVER              : 12

MISSION WIN-RATE BY ARENA (authored layouts, n>=3; procedural fallback   15% of 78 missions):
  arena  1:   40% ±22  (n=5, avg 4.6 turns)  [m3:0%(2) m4:100%(1) m6:50%(2)]
  arena  2:  100% ±0  (n=3, avg 3.3 turns)  [m2:100%(2) m6:100%(1)]
  arena  6:   50% ±25  (n=4, avg 4.0 turns)  [m4:100%(2) m5:0%(2)]
  arena  8:  100% ±0  (n=3, avg 2.7 turns)  [m1:100%(2) m3:100%(1)]
  arena 10:  100% ±0  (n=4, avg 2.8 turns)  [m1:100%(2) m6:100%(2)]
  arena 12:  100% ±0  (n=3, avg 3.0 turns)  [m1:100%(2) m2:100%(1)]
  arena 16:   67% ±27  (n=3, avg 3.7 turns)  [m1:100%(2) m6:0%(1)]
  arena 18:  100% ±0  (n=3, avg 5.0 turns)  [m1:100%(2) m6:100%(1)]
  arena 20:  100% ±0  (n=4, avg 6.3 turns)  [m4:100%(4)]
  arena 24:  100% ±0  (n=3, avg 3.3 turns)  [m1:100%(2) m5:100%(1)]
  arena 27:   67% ±27  (n=3, avg 4.0 turns)  [m1:100%(2) m5:0%(1)]
  arena 29:  100% ±0  (n=3, avg 3.7 turns)  [m4:100%(2) m6:100%(1)]
  arena 30:  100% ±0  (n=4, avg 6.3 turns)  [m2:100%(2) m5:100%(2)]
  arena 32:  100% ±0  (n=5, avg 9.0 turns)  [m2:100%(2) m3:100%(1) m4:100%(2)]
  procedural:   83% ±11  (n=12, avg 6.2 turns)  [m1:100%(2) m2:100%(1) m3:100%(3) m5:60%(5) m6:100%(1)]

DEPLOYMENT GEOMETRY (opening shape; choices/ARMED is the wave's real gate):
  FRONTAL   :   86%  (n=35, avg 4.9 turns)  choices/turn 3.44  choices/ARMED 2.70  los-targets/ARMED 2.44
  PINCER    :   77% ±9  (n=22, avg 5.8 turns)  choices/turn 5.18  choices/ARMED 3.09  los-targets/ARMED 3.56
  CROSSFIRE :   75% ±15  (n=8, avg 5.3 turns)  choices/turn 3.05  choices/ARMED 2.04  los-targets/ARMED 2.26
  ENVELOP   :  100% ±0  (n=13, avg 4.8 turns)  choices/turn 3.63  choices/ARMED 1.89  los-targets/ARMED 2.09

ARENA FUNNEL (Mission.Build exits, n=91 builds, all modes):
  authored-applied    :  83.5%  (n=76)
  connectivity-reject :   0.0%  (n=0)
  procedural-roll     :  16.5%  (n=15)

DECK EXPOSURE (campaign runs n=20):
  distinct authored arenas/run : 3.30 mean (all runs)
  ... full-depth runs only     : 3.88 mean over 4.8 fights/run (n=8)
  Defend dealt on the route    :   70% of runs (n=14)

ENEMY DECISION MIX (contested acts=1034; all-downed acts not counted=465):
  shoot           633    61%
  hunker          162    16%
  move            111    11%
  grenade          30     3%
  heal             29     3%
  reload           20     2%
  siege            18     2%
  item             12     1%
  sap               7     1%
  brace             5     0%
  shove             3     0%
  overwatch         2     0%
  staleplan         2     0%

  the shot on the table (acts where the chosen tile HAD a shot = 706):
    hit% band     taken   share   E[dmg]/shot   declined   share   E[dmg]/shot
      0-19           0      0%          0.00          0      0%          0.00
     20-39          15      2%          1.29          3    100%          1.45
     40-59          61     10%          1.83          0      0%          0.00
     60-79         187     30%          2.59          0      0%          0.00
      80+          370     58%          3.79          0      0%          0.00
    TOTAL           633                              3
  taken   90% / DECLINED    0% / preempted by another verb   10%
  enemy lanes held (overwatch+brace) 7; reaction shots fired 1  ->   14% of lanes paid off   [C2: DeclineWatchRatio is a bet on this number]

ACTION MIX (verbs issued, by policy):
  verb                  greedy        sloppy
  MOVE               487   42%     656   45%
  SHOOT              278   24%     350   24%
  HUNKER             134   11%      84    6%
  BRACE               30    3%      57    4%
  RELOAD              29    2%      48    3%
  INTEL               30    3%      41    3%
  FOCUS               31    3%      36    2%
  STABILIZE           25    2%      33    2%
  MARK                19    2%      23    2%
  OVERWATCH           26    2%      16    1%
  SLIPSTREAM          14    1%      23    2%
  PIN                 15    1%      18    1%
  ITEM:SMOKE           7    1%      21    1%
  REARM                6    1%      13    1%
  PLANT               10    1%       8    1%
  GRAPPLE              5    0%       8    1%
  EXTRACT              5    0%       7    0%
  BEACON               6    1%       5    0%
  GRENADE              5    0%       5    0%
  PATCH                2    0%       6    0%
  BARREL               3    0%       4    0%
  DRAG                 1    0%       0    0%
  ITEM:FLASH           0    0%       1    0%

PLAYER CLASS PERFORMANCE:
  class        shots   hit%   dmg   kills
  SHARPSHOOTER    143    95%   1010     55
  GUNNER         208    80%    909     50
  ASSAULT        155    85%    743     50
  RANGER         115    91%    645     44
  CORPSMAN        29    90%    132      8

SOLDIER DEATHS BY ENEMY CLASS (threat ranking):
  BERSERKER  : 15
  ELITE      : 14
  SHIELD     : 8
  SNIPER     : 7
  BURN       : 6
  DRONE      : 5
  STRIKE     : 5
  MORTAR     : 4
  SPOTTER    : 4
  LANCER     : 4
  SAPPER     : 3
  SCREENER   : 3
  WARBRINGER : 2
  HOUND      : 2
  CUSTODIAN  : 2
  BRUISER    : 2
  GRUNT      : 2
  HUNTER     : 2
  PIKEMAN    : 1
  STRIKER    : 1

SOLDIER DOWNS (FUL-7 bleed-out): 199 downs -> revived 4 / recovered 45 / bled out 132 / finished 18  (save-rate   25%)
  corpsman fielded in 25 missions

ENEMY COMPOSITION (spawns; faction-stamped fights n=526 / default-cascade fights n=174):
  class        faction         default
  GRUNT           51   10%       41   24%
  SCOUT           16    3%       45   26%
  BERSERKER       45    9%        7    4%
  ELITE           41    8%        9    5%
  BRUISER         45    9%        0    0%
  HUNTER          36    7%        5    3%
  SNIPER          33    6%        5    3%
  DRONE           31    6%        4    2%
  SHIELD          21    4%       12    7%
  MEDIC           26    5%        3    2%
  SCREENER        27    5%        0    0%
  LANCER          19    4%        6    3%
  MORTAR          18    3%        6    3%
  HOUND           16    3%        6    3%
  SAPPER          16    3%        6    3%
  PIKEMAN         19    4%        2    1%
  TURRET          16    3%        3    2%
  STRIKER         15    3%        4    2%
  SPOTTER          7    1%        7    4%
  WARBRINGER      12    2%        1    1%
  CUSTODIAN       11    2%        1    1%
  BOMBARD          5    1%        1    1%

PERK PICK FREQUENCY:
  OUT           : 15
  LCK           : 13
  HRD           : 9
  FST           : 9
  GUN           : 9
  MOM           : 9
  PLT           : 8
  CQB           : 8
  TNK           : 8
  RFX           : 8
  VNT           : 7
  GRD           : 6
  SKR           : 6
  BND           : 5
  EXC           : 5
  BRK           : 4
  CLH           : 4
  MRK           : 3
  SGE           : 3

SHOP PURCHASE FREQUENCY:
  WPN: HOLLOW POINT : 57
  FIELD MEDKIT      : 45
  WPN: SCOPE        : 45
  WPN: EXTENDED MAG : 25
  ARMORY            : 19
  WPN: STABILIZER   : 17
  COUNTER-PREP      : 15
  BALLISTIC PLATING : 13
  WPN: BIPOD        : 6
  WPN: SUPPRESSOR   : 5
  FRAG CACHE        : 5
  ADV. TRAINING     : 3
  COMBAT STIMS      : 2

BOON PICK FREQUENCY (PROCS = effect fires at instrumented sites; '-' = not instrumented;
                      PYR counts the +2-turn-burn half only — the Burning-immunity half is uninstrumented):
  code                 picks   PROCS
  FST               :     6      72
  GHO               :     6       -
  FVR               :     5       -
  ADR               :     4       -
  EXE               :     4       -
  MRK               :     4       -
  RPD               :     4       -
  SCV               :     4       -
  TRR               :     4      13
  GRN               :     3       -
  PYR               :     3       0
  RCL               :     3       2
  VNM               :     3       -
  FRT               :     2       -
  SHK               :     2       0
  FDR               :     1       0

RUN WIN-RATE BY BOON (campaign runs holding it):
  FST               :   50% ±20  (in 6 runs)
  GHO               :   50% ±20  (in 6 runs)
  FVR               :   40% ±22  (in 5 runs)
  ADR               :   75% ±22  (in 4 runs)
  EXE               :   50% ±25  (in 4 runs)
  MRK               :   50% ±25  (in 4 runs)
  RPD               :   25% ±22  (in 4 runs)
  SCV               :   50% ±25  (in 4 runs)
  TRR               :   75% ±22  (in 4 runs)
  GRN               :   33% ±27  (in 3 runs)
  PYR               :   33% ±27  (in 3 runs)
  RCL               :   33% ±27  (in 3 runs)
  VNM               :   67% ±27  (in 3 runs)
  FRT               :  100% ±0  (in 2 runs)
  SHK               :  100% ±0  (in 2 runs)
  FDR               :    0% ±0  (in 1 runs)

RUN WIN-RATE BY SPEC (campaign runs fielding it):
  SNT               :  100% ±0  (in 4 runs)
  ANC               :   33% ±27  (in 3 runs)
  BRC               :   33% ±27  (in 3 runs)
  PTH               :   33% ±27  (in 3 runs)
  HHT               :    0% ±0  (in 2 runs)
  JUG               :   50% ±35  (in 2 runs)
  ADN               :  100% ±0  (in 1 runs)
  SRG               :  100% ±0  (in 1 runs)

RUN WIN-RATE BY PERK (campaign runs holding it):
  LCK               :   27% ±13  (in 11 runs)
  OUT               :   36% ±15  (in 11 runs)
  MOM               :   22% ±14  (in 9 runs)
  GUN               :   25% ±15  (in 8 runs)
  CQB               :   57% ±19  (in 7 runs)
  HRD               :   43% ±19  (in 7 runs)
  RFX               :   57% ±19  (in 7 runs)
  TNK               :   43% ±19  (in 7 runs)
  VNT               :   43% ±19  (in 7 runs)
  FST               :   67% ±19  (in 6 runs)
  SKR               :   67% ±19  (in 6 runs)
  BND               :   40% ±22  (in 5 runs)
  GRD               :   60% ±22  (in 5 runs)
  PLT               :   80% ±18  (in 5 runs)
  BRK               :   50% ±25  (in 4 runs)
  EXC               :   25% ±22  (in 4 runs)
  CLH               :   33% ±27  (in 3 runs)
  MRK               :   67% ±27  (in 3 runs)
  SGE               :   50% ±35  (in 2 runs)

RUN WIN-RATE BY PURCHASE (campaign runs buying it):
  FIELD MEDKIT      :   44% ±12  (in 18 runs)
  WPN: SCOPE        :   33% ±12  (in 15 runs)
  WPN: HOLLOW POINT :   57% ±13  (in 14 runs)
  ARMORY            :   46% ±14  (in 13 runs)
  WPN: EXTENDED MAG :   55% ±15  (in 11 runs)
  COUNTER-PREP      :   60% ±15  (in 10 runs)
  WPN: STABILIZER   :   70% ±14  (in 10 runs)
  BALLISTIC PLATING :   43% ±19  (in 7 runs)
  WPN: BIPOD        :   75% ±22  (in 4 runs)
  WPN: SUPPRESSOR   :   75% ±22  (in 4 runs)
  ADV. TRAINING     :   67% ±27  (in 3 runs)
  FRAG CACHE        :   67% ±27  (in 3 runs)
  COMBAT STIMS      :   50% ±35  (in 2 runs)

RUN WIN-RATE BY EVENT-CHOICE (campaign runs taking id:arm):
  blackmarket:2     :   50% ±20  (in 6 runs)
  informant:1       :   25% ±22  (in 4 runs)
  quartermaster:1   :   75% ±22  (in 4 runs)
  defector:0        :    0% ±0  (in 2 runs)
  drill:0           :   50% ±35  (in 2 runs)
  fieldhospital:2   :    0% ±0  (in 2 runs)
  grave:0           :    0% ±0  (in 2 runs)
  informant:2       :    0% ±0  (in 2 runs)
  warchest:1        :  100% ±0  (in 2 runs)
═══════════════════════════════════════════════════════════════════════

batch wall-time: 9.1s  (20 matches across 10 campaigns × 2 policy, frame-cap hits: 0)
aggregate JSON -> /home/user/wt/heat-pin/docs/measurements/l5/L5-h2-b30.json
INFO: TEXTURE: [ID 2] Unloaded texture data from VRAM (GPU)
INFO: SHADER: [ID 3] Default shader unloaded successfully
INFO: TEXTURE: [ID 1] Default texture unloaded successfully
INFO: Window closed successfully
