BALANCE: heat PINNED for this batch (field-event AddHeat is a no-op; SIGHTLINE_HEATPIN=0 restores the leak)
INFO: Initializing raylib 6.0
INFO: Platform backend: DESKTOP (GLFW)
INFO: Supported raylib modules:
INFO:     > rcore:..... loaded (mandatory)
INFO:     > rlgl:...... loaded (mandatory)
INFO:     > rshapes:... loaded (optional)
INFO:     > rtextures:. loaded (optional)
INFO:     > rtext:..... loaded (optional)
INFO:     > rmodels:... loaded (optional)
INFO:     > raudio:.... loaded (optional)
INFO: DISPLAY: Trying to enable MSAA x4
INFO: DISPLAY: Device initialized successfully 
INFO:     > Display size: 1280 x 800
INFO:     > Screen size:  1280 x 800
INFO:     > Render size:  1280 x 800
INFO:     > Viewport offsets: 0, 0
INFO: GLAD: OpenGL extensions loaded successfully
INFO: GL: Supported extensions count: 229
INFO: GL: OpenGL device information:
INFO:     > Vendor:   Mesa
INFO:     > Renderer: llvmpipe (LLVM 20.1.2, 256 bits)
INFO:     > Version:  4.5 (Core Profile) Mesa 25.2.8-0ubuntu0.24.04.2
INFO:     > GLSL:     4.50
INFO: GL: VAO extension detected, VAO functions loaded successfully
INFO: GL: NPOT textures extension detected, full NPOT textures supported
INFO: GL: DXT compressed textures supported
INFO: GL: ETC2/EAC compressed textures supported
INFO: PLATFORM: DESKTOP (GLFW - X11): Initialized successfully
INFO: TEXTURE: [ID 1] Texture loaded successfully (1x1 | R8G8B8A8 | 1 mipmaps)
INFO: TEXTURE: [ID 1] Default texture loaded successfully
INFO: SHADER: [ID 1] Vertex shader compiled successfully
INFO: SHADER: [ID 2] Fragment shader compiled successfully
INFO: SHADER: [ID 3] Program shader loaded successfully
INFO: SHADER: [ID 3] Default shader loaded successfully
INFO: RLGL: Render batch vertex buffers loaded successfully in RAM (CPU)
INFO: RLGL: Render batch vertex buffers loaded successfully in VRAM (GPU)
INFO: RLGL: Default OpenGL state initialized successfully
INFO: TEXTURE: [ID 2] Texture loaded successfully (128x128 | GRAY_ALPHA | 1 mipmaps)
INFO: FONT: Default font loaded successfully (224 glyphs)
INFO: SYSTEM: Working Directory: /home/user/wt/heat-pin
INFO: TIMER: Target time per frame: 0.000 milliseconds
FINALE-KIT: Wardens
FINALE-KIT: Wardens
WAVE: +3 (PIKEMAN,GRUNT,MORTAR) [rich]
WAVE: +3 (PIKEMAN,SCOUT,MEDIC) [rich]
WAVE: +3 (SNIPER,MORTAR,MORTAR) [rich]
REINFORCEMENTS: +2 (GRUNT,SCOUT)
REINFORCEMENTS: +2 (GRUNT,SCOUT)
REINFORCEMENTS: +2 (SCOUT,GRUNT)
REINFORCEMENTS: +3 (SCOUT,SCOUT,GRUNT)
FINALE-KIT: Legion
WAVE: +2 (SCOUT,SCOUT) [rich]
WAVE: +2 (GRUNT,SNIPER) [rich]
WAVE: +2 (MORTAR,SNIPER) [rich]
WAVE: +3 (HOUND,LANCER,DRONE) [rich]
WAVE: +3 (WARBRINGER,SCREENER,SAPPER) [rich]
WAVE: +3 (PIKEMAN,MEDIC,SNIPER) [rich]
FINALE-KIT: Legion
WAVE: +2 (SNIPER,SNIPER) [rich]
WAVE: +2 (MORTAR,MORTAR) [rich]
WAVE: +2 (SCOUT,SCOUT) [rich]
WAVE: +3 (SNIPER,SHIELD,STRIKER) [rich]
WAVE: +3 (PIKEMAN,LANCER,SNIPER) [rich]
WAVE: +3 (SHIELD,BERSERKER,LANCER) [rich]
FINALE-KIT: Legion
WAVE: +2 (GRUNT,SPOTTER) [rich]
WAVE: +2 (DRONE,SHIELD) [rich]
WAVE: +2 (SHIELD,GRUNT) [rich]
match 5/20  (W:3 L:2 cap:0)  4.3s
FINALE-KIT: Legion
WAVE: +2 (GRUNT,DRONE) [rich]
WAVE: +2 (GRUNT,SPOTTER) [rich]
WAVE: +2 (SAPPER,SAPPER) [rich]
REINFORCEMENTS: +2 (SCOUT,SCOUT)
REINFORCEMENTS: +2 (GRUNT,SCOUT)
FINALE-KIT: Wardens
FINALE-KIT: Wardens
FINALE-KIT: Legion
WAVE: +2 (SAPPER,SCREENER) [rich]
WAVE: +2 (SCREENER,SCREENER) [rich]
WAVE: +2 (SAPPER,DRONE) [rich]
FINALE-KIT: Legion
WAVE: +2 (CUSTODIAN,SHIELD) [rich]
WAVE: +2 (DRONE,SCREENER) [rich]
WAVE: +2 (DRONE,DRONE) [rich]
match 10/20  (W:8 L:2 cap:0)  6.3s
FINALE-KIT: Legion
FINALE-KIT: Legion
FINALE-KIT: Legion
FINALE-KIT: Legion
REINFORCEMENTS: +2 (SCOUT,GRUNT)
WAVE: +3 (SCREENER,DRONE,SAPPER) [rich]
WAVE: +3 (SAPPER,SHIELD,SAPPER) [rich]
WAVE: +3 (DRONE,CUSTODIAN,DRONE) [rich]
FINALE-KIT: Wardens
WAVE: +2 (SHIELD,SHIELD) [rich]
WAVE: +2 (SCREENER,SHIELD) [rich]
WAVE: +2 (DRONE,SHIELD) [rich]
match 15/20  (W:10 L:5 cap:0)  7.3s
FINALE-KIT: Wardens
WAVE: +2 (SAPPER,SPOTTER) [rich]
WAVE: +2 (DRONE,SPOTTER) [rich]
WAVE: +2 (SAPPER,CUSTODIAN) [rich]
FINALE-KIT: Legion
WAVE: +3 (SPOTTER,SHIELD,SAPPER) [rich]
WAVE: +3 (SCREENER,SHIELD,CUSTODIAN) [rich]
WAVE: +3 (SPOTTER,CUSTODIAN,SPOTTER) [rich]
FINALE-KIT: Legion
WAVE: +3 (SHIELD,SAPPER,SHIELD) [rich]
WAVE: +3 (SPOTTER,SAPPER,DRONE) [rich]
WAVE: +3 (SHIELD,SHIELD,SHIELD) [rich]
FINALE-KIT: Legion
REINFORCEMENTS: +2 (GRUNT,GRUNT)
REINFORCEMENTS: +2 (GRUNT,SCOUT)
FINALE-KIT: Legion
WAVE: +3 (SPOTTER,SPOTTER,SCREENER) [rich]
WAVE: +3 (SHIELD,SAPPER,SAPPER) [rich]
WAVE: +3 (SPOTTER,SHIELD,SCREENER) [rich]
match 20/20  (W:13 L:7 cap:0)  8.3s

══════════════════════ SIGHTLINE BALANCE REPORT ══════════════════════
runs=20  missions=83

RUN OUTCOMES (campaign):  win-rate   65%   avg missions cleared 5.0

POLICY GAP (optimal vs human-error; campaign runs only):
  greedy win-rate   60%  (n=10)
  sloppy win-rate   70%  (n=10)
  GAP  -10 pts  (healthy slack)
  PAIRED (same-seed slots): pairs=10  concordant=7  discordant greedy-only-won=1 / sloppy-only-won=2  paired gap  -10 pts
  PER-SLOT RECORDS (greedy | sloppy: outcome + missions cleared; margin = g−s):
    slot 130 @h-1: L 2 | L 5   margin -3
    slot 131 @h-1: W 6 | W 6   margin +0
    slot 132 @h-1: W 6 | W 6   margin +0
    slot 133 @h-1: W 6 | W 6   margin +0
    slot 134 @h-1: W 6 | W 6   margin +0
    slot 135 @h-1: L 4 | L 2   margin +2
    slot 136 @h-1: L 3 | W 6   margin -3
    slot 137 @h-1: W 6 | W 6   margin +0
    slot 138 @h-1: W 6 | L 4   margin +2
    slot 139 @h-1: L 2 | W 6   margin -4
  PAIRED MARGIN (missions cleared, all pairs): -0.60 ±0.65 SE  (n=10 pairs)
  by objective (greedy / sloppy / gap):
    Decapitate :  100% /   89% / gap   11
    Defend     :  100% /  100% / gap    0
    Eliminate  :   92% /   92% / gap    0
    Evac       :   80% /   80% / gap    0
    Hack       :   67% /  100% / gap  -33
    Rescue     :  100% /  100% / gap    0

DECISION RICHNESS / SWING:
  meaningful-choices/turn 3.10   lead-swings/match 0.6   avg max-swing 32.9
  [shot-gate] acting-soldiers/turn 3.78   armed-soldiers/turn 1.39   armed-fraction 37%   turns-with-a-shot 56%   choices/ARMED-soldier-turn 2.23
  [choice-split] los-targets/ARMED 2.10   target-choices/ARMED 0.44   position-choices/ARMED 1.79

RUN COMPLETION BY HEAT (full-campaign clears):
  heat -1:   65% ±11  (n=20 runs, avg 5.0 missions)
  HEAT LEAK: pinned=yes  heat-raising picks=2  campaigns raised=0  missions off-rung=0/83
  STALEMATES: mission-cap 2  run-cap 0   [slot 135 s m3 Evac mis rt=60]  [slot 136 g m4 Evac mis rt=55]

INTEL ECONOMY BY HEAT (campaign runs; heat-bonus = the Heat.IntelBonus share of income):
  heat -1: earned  139.2/run   heat-bonus   0.0 (   0% of income)   spent  123.1   unspent   16.1

MISSION WIN-RATE BY HEAT:
  heat -1:   92%  (n=83, avg 5.8 turns)

MISSION WIN-RATE BY OBJECTIVE:
  Eliminate  :   92% ±5  (n=26, avg 3.7 turns)
  Decapitate :   94% ±6  (n=16, avg 4.1 turns)
  Defend     :  100% ±0  (n=15, avg 9.0 turns)
  Evac       :   80% ±13  (n=10, avg 11.8 turns)
  Rescue     :  100% ±0  (n=9, avg 3.1 turns)
  Hack       :   83% ±15  (n=6, avg 4.2 turns)
  Sabotage   :    0% ±0  (n=1, avg 12.0 turns)

MISSION WIN-RATE BY OBJECTIVE x NODE KIND (a capstone must never pool with a mid-run node):
  Eliminate  : Start: 100%(n=20)  Combat:  67%(n=6)
               depth: m1:100%(20) m3:50%(2) m4:100%(2) m5:50%(2)
  Decapitate : Boss:  93%(n=14)  Supply: 100%(n=2)
               depth: m2:100%(2) m6:93%(14)
  Defend     : Combat: 100%(n=10)  Elite: 100%(n=3)  Supply: 100%(n=2)
               depth: m2:100%(4) m3:100%(4) m4:100%(5) m5:100%(2)
  Evac       : Supply:  83%(n=6)  Combat:  75%(n=4)
               depth: m3:75%(4) m4:75%(4) m5:100%(2)
  Rescue     : Supply: 100%(n=7)  Combat: 100%(n=2)
               depth: m2:100%(6) m4:100%(3)
  Hack       : Combat: 100%(n=2)  Supply: 100%(n=2)  Elite:  50%(n=2)
               depth: m3:50%(2) m4:100%(2) m5:100%(2)
  Sabotage   : Combat:   0%(n=1)
               depth: m5:0%(1)

ENCOUNTER COMPLETION on MID-RUN nodes (Combat+Elite) — clear% is the share of the fight actually fought:
  objective     n   win%   turns   force    +rf  killed  clear%   prs  WONclear%
  Defend        13  100%     9.0    3.31   7.15    4.85    46.3  0.00     46.3 (n=13)
  Eliminate      6   67%     8.0    6.00   0.00    5.67    94.4  1.83    100.0 (n=4)
  Evac           4   75%    14.3    6.50   0.00    1.50    23.1  0.00      0.0 (n=3)
  Hack           4   75%     4.8    6.50   0.50    2.25    32.1  0.50     42.1 (n=3)
  Rescue         2  100%     4.0    6.00   0.00    0.00     0.0  0.00      0.0 (n=2)
  Sabotage       1    0%    12.0    5.00   0.00    1.00    20.0  0.00      0.0 (n=0)
  ---- the two classes ----
  KILL           6   67%     8.0    6.00   0.00    5.67    94.4  1.83    100.0 (n=4)
  NON-KILL      24   88%     8.9    4.67   3.96    3.29    38.2  0.08     38.0 (n=21)

DECAPITATE HVT (buff = +6+1*mission HP, +6 aim; ELITE exempt):
  EXEMPT  :   93% ±7  (n=14, avg 4.4 turns, HVT 23.0 max HP)  [m6:93%(14)]
  BUFFED  :  100% ±0  (n=2, avg 2.0 turns, HVT 15.0 max HP)  [m2:100%(2)]

MISSION WIN-RATE BY MISSION #:
  m1:  100% ±0  (n=20)
  m2:  100% ±0  (n=12)
  m3:   75% ±13  (n=12)
  m4:   94% ±6  (n=16)
  m5:   78% ±14  (n=9)
  m6:   93% ±7  (n=14)

LOSS CAUSES (missions):
  RUN OVER              : 5
  STALEMATE-MISSION     : 2

MISSION WIN-RATE BY ARENA (authored layouts, n>=3; procedural fallback   25% of 83 missions):
  arena  6:  100% ±0  (n=3, avg 4.0 turns)  [m1:100%(2) m6:100%(1)]
  arena 21:  100% ±0  (n=4, avg 3.0 turns)  [m1:100%(2) m5:100%(2)]
  arena 26:  100% ±0  (n=4, avg 2.3 turns)  [m1:100%(2) m4:100%(2)]
  arena 30:  100% ±0  (n=6, avg 7.0 turns)  [m1:100%(2) m3:100%(2) m4:100%(2)]
  arena 31:  100% ±0  (n=3, avg 5.0 turns)  [m6:100%(3)]
  arena 33:  100% ±0  (n=4, avg 2.3 turns)  [m1:100%(2) m2:100%(2)]
  arena 34:  100% ±0  (n=5, avg 4.0 turns)  [m4:100%(3) m6:100%(2)]
  procedural:   81% ±9  (n=21, avg 9.2 turns)  [m1:100%(8) m2:100%(4) m3:0%(1) m4:67%(3) m5:50%(2) m6:67%(3)]

DEPLOYMENT GEOMETRY (opening shape; choices/ARMED is the wave's real gate):
  FRONTAL   :   90%  (n=30, avg 8.1 turns)  choices/turn 3.20  choices/ARMED 2.35  los-targets/ARMED 2.08
  PINCER    :   90%  (n=31, avg 4.8 turns)  choices/turn 2.87  choices/ARMED 2.34  los-targets/ARMED 2.22
  CROSSFIRE :   90% ±9  (n=10, avg 4.0 turns)  choices/turn 3.44  choices/ARMED 1.89  los-targets/ARMED 2.30
  ENVELOP   :  100% ±0  (n=12, avg 3.7 turns)  choices/turn 3.02  choices/ARMED 1.77  los-targets/ARMED 1.70

ARENA FUNNEL (Mission.Build exits, n=93 builds, all modes):
  authored-applied    :  73.1%  (n=68)
  connectivity-reject :   1.1%  (n=1)
  procedural-roll     :  25.8%  (n=24)

DECK EXPOSURE (campaign runs n=20):
  distinct authored arenas/run : 3.10 mean (all runs)
  ... full-depth runs only     : 3.69 mean over 4.6 fights/run (n=13)
  Defend dealt on the route    :   65% of runs (n=13)

ENEMY DECISION MIX (contested acts=818; all-downed acts not counted=369):
  shoot           485    59%
  hunker          153    19%
  move             65     8%
  heal             23     3%
  grenade          21     3%
  siege            21     3%
  item             18     2%
  reload           12     1%
  overwatch         8     1%
  brace             7     1%
  sap               3     0%
  staleplan         2     0%

  the shot on the table (acts where the chosen tile HAD a shot = 562):
    hit% band     taken   share   E[dmg]/shot   declined   share   E[dmg]/shot
      0-19           1      0%          0.55          4     44%          0.66
     20-39          16      3%          1.10          3     33%          0.87
     40-59          42      9%          1.62          2     22%          0.86
     60-79         158     33%          2.61          0      0%          0.00
      80+          268     55%          3.88          0      0%          0.00
    TOTAL           485                              9
  taken   86% / DECLINED    2% / preempted by another verb   12%
  enemy lanes held (overwatch+brace) 15; reaction shots fired 3  ->   20% of lanes paid off   [C2: DeclineWatchRatio is a bet on this number]

ACTION MIX (verbs issued, by policy):
  verb                  greedy        sloppy
  MOVE               571   41%     793   45%
  SHOOT              285   21%     357   20%
  HUNKER             210   15%     244   14%
  BRACE               61    4%      73    4%
  FOCUS               34    2%      53    3%
  RELOAD              37    3%      40    2%
  STABILIZE           29    2%      40    2%
  INTEL               28    2%      36    2%
  OVERWATCH           28    2%      13    1%
  SLIPSTREAM          20    1%      20    1%
  PIN                 15    1%      18    1%
  MARK                11    1%      22    1%
  ITEM:SMOKE          14    1%      14    1%
  BEACON               9    1%      10    1%
  REARM                8    1%       6    0%
  GRAPPLE              7    1%       5    0%
  HACK                 6    0%       6    0%
  PATCH                4    0%       6    0%
  GRENADE              2    0%       7    0%
  EXTRACT              1    0%       5    0%
  BARREL               2    0%       3    0%
  PLANT                2    0%       0    0%
  DRAG                 1    0%       1    0%
  ITEM:INCENDIARY       1    0%       0    0%
  ITEM:BARRICADE       1    0%       0    0%

PLAYER CLASS PERFORMANCE:
  class        shots   hit%   dmg   kills
  SHARPSHOOTER    147    90%    970     62
  GUNNER         192    82%    801     48
  ASSAULT        160    86%    758     53
  RANGER         125    83%    751     52
  CORPSMAN        83    78%    233     14

SOLDIER DEATHS BY ENEMY CLASS (threat ranking):
  ELITE      : 12
  BERSERKER  : 6
  GRUNT      : 4
  BRUISER    : 4
  SAPPER     : 3
  SCREENER   : 2
  STRIKE     : 2
  BURN       : 2
  PIKEMAN    : 1
  SNIPER     : 1
  SCOUT      : 1
  HOUND      : 1
  SHIELD     : 1
  WARBRINGER : 1
  MORTAR     : 1
  TURRET     : 1
  BARREL     : 1
  HUNTER     : 1

SOLDIER DOWNS (FUL-7 bleed-out): 167 downs -> revived 4 / recovered 74 / bled out 71 / finished 18  (save-rate   47%)
  corpsman fielded in 27 missions

ENEMY COMPOSITION (spawns; faction-stamped fights n=377 / default-cascade fights n=159):
  class        faction         default
  GRUNT           37   10%       25   16%
  SCOUT           16    4%       44   28%
  DRONE           27    7%       25   16%
  ELITE           36   10%        6    4%
  LANCER          24    6%        5    3%
  MORTAR          27    7%        0    0%
  SCREENER        24    6%        1    1%
  SHIELD          23    6%        2    1%
  SNIPER          11    3%       11    7%
  PIKEMAN         19    5%        2    1%
  BRUISER         19    5%        2    1%
  SAPPER          18    5%        2    1%
  HUNTER          12    3%        6    4%
  BERSERKER       14    4%        3    2%
  MEDIC           14    4%        1    1%
  SPOTTER         13    3%        2    1%
  STRIKER          5    1%        9    6%
  HOUND            3    1%       11    7%
  WARBRINGER      10    3%        2    1%
  CUSTODIAN       11    3%        0    0%
  TURRET           8    2%        0    0%
  BOMBARD          6    2%        0    0%

PERK PICK FREQUENCY:
  TNK           : 14
  LCK           : 13
  OUT           : 12
  EXC           : 12
  GRD           : 11
  MOM           : 11
  FST           : 10
  RFX           : 9
  PLT           : 8
  CQB           : 8
  SKR           : 7
  HRD           : 6
  MRK           : 5
  SGE           : 5
  BRK           : 4
  GUN           : 4
  VNT           : 3
  CLH           : 3
  BND           : 3

SHOP PURCHASE FREQUENCY:
  FIELD MEDKIT      : 60
  WPN: HOLLOW POINT : 30
  WPN: SCOPE        : 22
  WPN: STABILIZER   : 20
  BALLISTIC PLATING : 20
  FRAG CACHE        : 14
  ARMORY            : 14
  WPN: EXTENDED MAG : 13
  COUNTER-PREP      : 13
  COMBAT STIMS      : 12
  WPN: SUPPRESSOR   : 12
  WPN: BIPOD        : 11
  ADV. TRAINING     : 8

BOON PICK FREQUENCY (PROCS = effect fires at instrumented sites; '-' = not instrumented;
                      PYR counts the +2-turn-burn half only — the Burning-immunity half is uninstrumented):
  code                 picks   PROCS
  FDR               :     7       1
  FST               :     6     102
  MRK               :     6       -
  GRN               :     5       -
  RPD               :     5       -
  EXE               :     4       -
  FRT               :     4       -
  RCL               :     4       1
  TRR               :     4       7
  PYR               :     3       4
  SCV               :     3       -
  SHK               :     3       7
  VNM               :     3       -
  ADR               :     2       -
  FVR               :     2       -
  GHO               :     2       -

RUN WIN-RATE BY BOON (campaign runs holding it):
  FDR               :   71% ±17  (in 7 runs)
  FST               :  100% ±0  (in 6 runs)
  MRK               :   50% ±20  (in 6 runs)
  GRN               :   80% ±18  (in 5 runs)
  RPD               :   80% ±18  (in 5 runs)
  EXE               :   50% ±25  (in 4 runs)
  FRT               :   75% ±22  (in 4 runs)
  RCL               :   75% ±22  (in 4 runs)
  TRR               :   50% ±25  (in 4 runs)
  PYR               :   67% ±27  (in 3 runs)
  SCV               :  100% ±0  (in 3 runs)
  SHK               :   67% ±27  (in 3 runs)
  VNM               :  100% ±0  (in 3 runs)
  ADR               :  100% ±0  (in 2 runs)
  FVR               :   50% ±35  (in 2 runs)
  GHO               :  100% ±0  (in 2 runs)

RUN WIN-RATE BY SPEC (campaign runs fielding it):
  BRC               :   80% ±18  (in 5 runs)
  SNT               :  100% ±0  (in 5 runs)
  HHT               :   75% ±22  (in 4 runs)
  PHN               :   75% ±22  (in 4 runs)
  ADN               :  100% ±0  (in 3 runs)
  ANC               :  100% ±0  (in 2 runs)
  SRG               :  100% ±0  (in 2 runs)
  JUG               :  100% ±0  (in 1 runs)
  PTH               :  100% ±0  (in 1 runs)

RUN WIN-RATE BY PERK (campaign runs holding it):
  LCK               :   80% ±13  (in 10 runs)
  TNK               :   70% ±14  (in 10 runs)
  GRD               :   67% ±16  (in 9 runs)
  MOM               :   89% ±10  (in 9 runs)
  OUT               :   78% ±14  (in 9 runs)
  CQB               :   75% ±15  (in 8 runs)
  EXC               :  100% ±0  (in 8 runs)
  FST               :   88% ±12  (in 8 runs)
  RFX               :   75% ±15  (in 8 runs)
  PLT               :   86% ±13  (in 7 runs)
  HRD               :  100% ±0  (in 6 runs)
  SKR               :   67% ±19  (in 6 runs)
  MRK               :   80% ±18  (in 5 runs)
  SGE               :   40% ±22  (in 5 runs)
  BRK               :   75% ±22  (in 4 runs)
  GUN               :   75% ±22  (in 4 runs)
  BND               :   67% ±27  (in 3 runs)
  CLH               :  100% ±0  (in 3 runs)
  VNT               :   67% ±27  (in 3 runs)

RUN WIN-RATE BY PURCHASE (campaign runs buying it):
  FIELD MEDKIT      :   75% ±11  (in 16 runs)
  WPN: HOLLOW POINT :   57% ±13  (in 14 runs)
  COUNTER-PREP      :   67% ±14  (in 12 runs)
  COMBAT STIMS      :   73% ±13  (in 11 runs)
  ARMORY            :   70% ±14  (in 10 runs)
  WPN: SCOPE        :   90% ±9  (in 10 runs)
  FRAG CACHE        :   67% ±16  (in 9 runs)
  WPN: EXTENDED MAG :   78% ±14  (in 9 runs)
  WPN: SUPPRESSOR   :   78% ±14  (in 9 runs)
  WPN: BIPOD        :   75% ±15  (in 8 runs)
  WPN: STABILIZER   :   63% ±17  (in 8 runs)
  BALLISTIC PLATING :  100% ±0  (in 7 runs)
  ADV. TRAINING     :   80% ±18  (in 5 runs)

RUN WIN-RATE BY EVENT-CHOICE (campaign runs taking id:arm):
  blackmarket:2     :  100% ±0  (in 2 runs)
  bloodfeud:0       :   50% ±35  (in 2 runs)
  cache:1           :  100% ±0  (in 2 runs)
  informant:1       :  100% ±0  (in 2 runs)
  informant:2       :   50% ±35  (in 2 runs)
  relic:1           :  100% ±0  (in 2 runs)
  reservecall:0     :  100% ±0  (in 2 runs)
  warchest:1        :    0% ±0  (in 2 runs)
  warpension:1      :  100% ±0  (in 2 runs)
  warpension:2      :  100% ±0  (in 2 runs)
  defector:0        :  100% ±0  (in 1 runs)
  defector:1        :    0% ±0  (in 1 runs)
  defector:2        :  100% ±0  (in 1 runs)
  fieldhospital:1   :    0% ±0  (in 1 runs)
═══════════════════════════════════════════════════════════════════════

batch wall-time: 8.3s  (20 matches across 10 campaigns × 2 policy, frame-cap hits: 0)
aggregate JSON -> /home/user/wt/heat-pin/docs/measurements/l5/L5-hR-b130.json
INFO: TEXTURE: [ID 2] Unloaded texture data from VRAM (GPU)
INFO: SHADER: [ID 3] Default shader unloaded successfully
INFO: TEXTURE: [ID 1] Default texture unloaded successfully
INFO: Window closed successfully
