BALANCE: heat PINNED for this batch (field-event AddHeat is a no-op; SIGHTLINE_HEATPIN=0 restores the leak)
INFO: Initializing raylib 6.0
INFO: Platform backend: DESKTOP (GLFW)
INFO: Supported raylib modules:
INFO:     > rcore:..... loaded (mandatory)
INFO:     > rlgl:...... loaded (mandatory)
INFO:     > rshapes:... loaded (optional)
INFO:     > rtextures:. loaded (optional)
INFO:     > rtext:..... loaded (optional)
INFO:     > rmodels:... loaded (optional)
INFO:     > raudio:.... loaded (optional)
INFO: DISPLAY: Trying to enable MSAA x4
INFO: DISPLAY: Device initialized successfully 
INFO:     > Display size: 1280 x 800
INFO:     > Screen size:  1280 x 800
INFO:     > Render size:  1280 x 800
INFO:     > Viewport offsets: 0, 0
INFO: GLAD: OpenGL extensions loaded successfully
INFO: GL: Supported extensions count: 229
INFO: GL: OpenGL device information:
INFO:     > Vendor:   Mesa
INFO:     > Renderer: llvmpipe (LLVM 20.1.2, 256 bits)
INFO:     > Version:  4.5 (Core Profile) Mesa 25.2.8-0ubuntu0.24.04.2
INFO:     > GLSL:     4.50
INFO: GL: VAO extension detected, VAO functions loaded successfully
INFO: GL: NPOT textures extension detected, full NPOT textures supported
INFO: GL: DXT compressed textures supported
INFO: GL: ETC2/EAC compressed textures supported
INFO: PLATFORM: DESKTOP (GLFW - X11): Initialized successfully
INFO: TEXTURE: [ID 1] Texture loaded successfully (1x1 | R8G8B8A8 | 1 mipmaps)
INFO: TEXTURE: [ID 1] Default texture loaded successfully
INFO: SHADER: [ID 1] Vertex shader compiled successfully
INFO: SHADER: [ID 2] Fragment shader compiled successfully
INFO: SHADER: [ID 3] Program shader loaded successfully
INFO: SHADER: [ID 3] Default shader loaded successfully
INFO: RLGL: Render batch vertex buffers loaded successfully in RAM (CPU)
INFO: RLGL: Render batch vertex buffers loaded successfully in VRAM (GPU)
INFO: RLGL: Default OpenGL state initialized successfully
INFO: TEXTURE: [ID 2] Texture loaded successfully (128x128 | GRAY_ALPHA | 1 mipmaps)
INFO: FONT: Default font loaded successfully (224 glyphs)
INFO: SYSTEM: Working Directory: /home/user/wt/heat-pin
INFO: TIMER: Target time per frame: 0.000 milliseconds
FINALE-KIT: Legion
WAVE: +3 (HUNTER,GRUNT,STRIKER) [rich]
WAVE: +3 (LANCER,HUNTER,GRUNT) [rich]
WAVE: +3 (WARBRINGER,WARBRINGER,HOUND) [rich]
WAVE: +3 (LANCER,BRUISER,BRUISER) [rich]
WAVE: +3 (BRUISER,WARBRINGER,BERSERKER) [rich]
WAVE: +3 (HUNTER,HUNTER,HUNTER) [rich]
FINALE-KIT: Legion
WAVE: +3 (HUNTER,BERSERKER,BERSERKER) [rich]
WAVE: +3 (BRUISER,BERSERKER,GRUNT) [rich]
WAVE: +3 (BERSERKER,BRUISER,HOUND) [rich]
WAVE: +3 (BRUISER,HUNTER,HUNTER) [rich]
WAVE: +3 (WARBRINGER,BERSERKER,BERSERKER) [rich]
WAVE: +3 (LANCER,BERSERKER,BERSERKER) [rich]
FINALE-KIT: Syndicate
FINALE-KIT: Syndicate
FINALE-KIT: Syndicate
match 5/20  (W:1 L:4 cap:0)  3.1s
FINALE-KIT: Syndicate
FINALE-KIT: Wardens
WAVE: +2 (DRONE,DRONE) [rich]
WAVE: +2 (PIKEMAN,GRUNT) [rich]
WAVE: +2 (DRONE,DRONE) [rich]
WAVE: +2 (MEDIC,DRONE) [rich]
WAVE: +2 (HOUND,SAPPER) [rich]
WAVE: +2 (SCREENER,SPOTTER) [rich]
WAVE: +3 (SCREENER,DRONE,SAPPER) [rich]
WAVE: +3 (SCREENER,SHIELD,SHIELD) [rich]
WAVE: +3 (DRONE,SHIELD,DRONE) [rich]
FINALE-KIT: Wardens
WAVE: +2 (HUNTER,SNIPER) [rich]
WAVE: +2 (MORTAR,STRIKER) [rich]
WAVE: +2 (SPOTTER,HOUND) [rich]
WAVE: +3 (SCREENER,DRONE,SHIELD) [rich]
WAVE: +3 (SPOTTER,DRONE,SCREENER) [rich]
WAVE: +3 (SCREENER,SHIELD,SAPPER) [rich]
REINFORCEMENTS: +2 (GRUNT,SCOUT)
REINFORCEMENTS: +2 (GRUNT,GRUNT)
REINFORCEMENTS: +2 (SCOUT,SCOUT)
FINALE-KIT: Syndicate
FINALE-KIT: Syndicate
match 10/20  (W:2 L:8 cap:0)  4.7s
FINALE-KIT: Syndicate
FINALE-KIT: Syndicate
FINALE-KIT: Wardens
WAVE: +2 (BRUISER,SCOUT) [rich]
WAVE: +2 (HUNTER,LANCER) [rich]
WAVE: +2 (SCOUT,HUNTER) [rich]
FINALE-KIT: Wardens
WAVE: +2 (BERSERKER,BERSERKER) [rich]
WAVE: +2 (BRUISER,BRUISER) [rich]
WAVE: +2 (BRUISER,BERSERKER) [rich]
FINALE-KIT: Legion
WAVE: +3 (PIKEMAN,STRIKER,SNIPER) [rich]
WAVE: +3 (SPOTTER,SHIELD,CUSTODIAN) [rich]
WAVE: +3 (MEDIC,HOUND,BERSERKER) [rich]
match 15/20  (W:5 L:10 cap:0)  5.8s
FINALE-KIT: Legion
WAVE: +3 (STRIKER,BERSERKER,SAPPER) [rich]
WAVE: +3 (STRIKER,SAPPER,SHIELD) [rich]
WAVE: +3 (MORTAR,LANCER,HUNTER) [rich]
FINALE-KIT: Wardens
FINALE-KIT: Wardens
FINALE-KIT: Wardens
FINALE-KIT: Wardens
match 20/20  (W:8 L:12 cap:0)  7.0s

══════════════════════ SIGHTLINE BALANCE REPORT ══════════════════════
runs=20  missions=64

RUN OUTCOMES (campaign):  win-rate   40%   avg missions cleared 3.7

POLICY GAP (optimal vs human-error; campaign runs only):
  greedy win-rate   50%  (n=10)
  sloppy win-rate   30%  (n=10)
  GAP   20 pts  (swingy/unforgiving)
  PAIRED (same-seed slots): pairs=10  concordant=8  discordant greedy-only-won=2 / sloppy-only-won=0  paired gap   20 pts
  PER-SLOT RECORDS (greedy | sloppy: outcome + missions cleared; margin = g−s):
    slot 100 @h0: W 6 | L 4   margin +2
    slot 101 @h0: L 0 | L 0   margin +0
    slot 102 @h0: L 4 | L 0   margin +4
    slot 103 @h0: W 6 | L 5   margin +1
    slot 104 @h0: L 3 | L 3   margin +0
    slot 105 @h0: W 6 | W 6   margin +0
    slot 106 @h0: L 1 | L 1   margin +0
    slot 107 @h0: W 6 | W 6   margin +0
    slot 108 @h0: L 2 | L 2   margin +0
    slot 109 @h0: W 6 | W 6   margin +0
  PAIRED MARGIN (missions cleared, all pairs): +0.70 ±0.42 SE  (n=10 pairs)
  by objective (greedy / sloppy / gap):
    Decapitate :  100% /   75% / gap   25
    Defend     :   80% /   60% / gap   20
    Eliminate  :   71% /   69% / gap    2
    Escort     :  100% /  100% / gap    0
    Rescue     :  100% /  100% / gap    0
    Sabotage   :  100% /  100% / gap    0

DECISION RICHNESS / SWING:
  meaningful-choices/turn 4.43   lead-swings/match 0.7   avg max-swing 31.7
  [shot-gate] acting-soldiers/turn 3.50   armed-soldiers/turn 1.82   armed-fraction 52%   turns-with-a-shot 68%   choices/ARMED-soldier-turn 2.43
  [choice-split] los-targets/ARMED 2.60   target-choices/ARMED 0.72   position-choices/ARMED 1.70

RUN COMPLETION BY HEAT (full-campaign clears):
  heat 0:   40% ±11  (n=20 runs, avg 3.7 missions)
  HEAT LEAK: pinned=yes  heat-raising picks=0  campaigns raised=0  missions off-rung=0/64

INTEL ECONOMY BY HEAT (campaign runs; heat-bonus = the Heat.IntelBonus share of income):
  heat 0: earned  109.6/run   heat-bonus   0.0 (   0% of income)   spent   91.5   unspent   18.1

MISSION WIN-RATE BY HEAT:
  heat 0:   81%  (n=64, avg 5.3 turns)

MISSION WIN-RATE BY OBJECTIVE:
  Eliminate  :   70% ±9  (n=27, avg 5.0 turns)
  Rescue     :  100% ±0  (n=11, avg 5.4 turns)
  Defend     :   70% ±14  (n=10, avg 8.8 turns)
  Decapitate :   89% ±10  (n=9, avg 3.8 turns)
  Sabotage   :  100% ±0  (n=4, avg 3.5 turns)
  Escort     :  100% ±0  (n=3, avg 4.3 turns)

MISSION WIN-RATE BY OBJECTIVE x NODE KIND (a capstone must never pool with a mid-run node):
  Eliminate  : Start:  85%(n=20)  Combat:  40%(n=5)  Elite:   0%(n=2)
               depth: m1:85%(20) m3:0%(2) m4:50%(4) m5:0%(1)
  Rescue     : Supply: 100%(n=8)  Combat: 100%(n=3)
               depth: m2:100%(2) m3:100%(4) m4:100%(3) m5:100%(2)
  Defend     : Supply: 100%(n=4)  Elite:  50%(n=4)  Combat:  50%(n=2)
               depth: m2:0%(2) m3:100%(2) m4:100%(4) m5:50%(2)
  Decapitate : Boss:  89%(n=9)
               depth: m6:89%(9)
  Sabotage   : Supply: 100%(n=2)  Combat: 100%(n=2)
               depth: m2:100%(2) m5:100%(2)
  Escort     : Supply: 100%(n=3)
               depth: m2:100%(3)

ENCOUNTER COMPLETION on MID-RUN nodes (Combat+Elite) — clear% is the share of the fight actually fought:
  objective     n   win%   turns   force    +rf  killed  clear%   prs  WONclear%
  Eliminate      7   29%     6.9    7.43   0.00    3.86    51.9  1.29    100.0 (n=2)
  Defend         6   50%     8.7    5.00   8.00    4.83    37.2  0.00     50.0 (n=3)
  Rescue         3  100%     5.0    7.67   0.00    0.00     0.0  0.00      0.0 (n=3)
  Sabotage       2  100%     3.5    6.00   0.00    3.50    58.3  0.00     58.3 (n=2)
  ---- the two classes ----
  KILL           7   29%     6.9    7.43   0.00    3.86    51.9  1.29    100.0 (n=2)
  NON-KILL      11   73%     6.7    5.91   4.36    3.27    31.9  0.00     36.7 (n=8)

DECAPITATE HVT (buff = +6+1*mission HP, +6 aim; ELITE exempt):
  EXEMPT  :   89% ±10  (n=9, avg 3.8 turns, HVT 22.6 max HP)  [m6:89%(9)]

MISSION WIN-RATE BY MISSION #:
  m1:   85% ±8  (n=20)
  m2:   78% ±14  (n=9)
  m3:   75% ±15  (n=8)
  m4:   82% ±12  (n=11)
  m5:   71% ±17  (n=7)
  m6:   89% ±10  (n=9)

LOSS CAUSES (missions):
  RUN OVER              : 12

MISSION WIN-RATE BY ARENA (authored layouts, n>=3; procedural fallback   13% of 64 missions):
  arena 10:   50% ±25  (n=4, avg 6.8 turns)  [m1:50%(2) m6:50%(2)]
  arena 11:  100% ±0  (n=4, avg 5.3 turns)  [m2:100%(1) m4:100%(1) m5:100%(2)]
  arena 15:  100% ±0  (n=3, avg 8.7 turns)  [m1:100%(2) m4:100%(1)]
  arena 21:  100% ±0  (n=3, avg 2.7 turns)  [m6:100%(3)]
  arena 28:   67% ±27  (n=3, avg 9.0 turns)  [m4:100%(2) m5:0%(1)]
  arena 31:  100% ±0  (n=3, avg 4.3 turns)  [m5:100%(2) m6:100%(1)]
  arena 32:   67% ±19  (n=6, avg 4.2 turns)  [m1:100%(2) m3:50%(4)]
  procedural:   75% ±15  (n=8, avg 7.5 turns)  [m2:67%(3) m4:67%(3) m6:100%(2)]

DEPLOYMENT GEOMETRY (opening shape; choices/ARMED is the wave's real gate):
  FRONTAL   :   74% ±9  (n=23, avg 4.4 turns)  choices/turn 3.01  choices/ARMED 1.99  los-targets/ARMED 2.05
  PINCER    :   81% ±10  (n=16, avg 6.6 turns)  choices/turn 5.01  choices/ARMED 2.50  los-targets/ARMED 2.75
  CROSSFIRE :   91% ±9  (n=11, avg 5.8 turns)  choices/turn 6.28  choices/ARMED 2.79  los-targets/ARMED 3.32
  ENVELOP   :   86% ±9  (n=14, avg 5.1 turns)  choices/turn 3.89  choices/ARMED 2.41  los-targets/ARMED 2.14

ARENA FUNNEL (Mission.Build exits, n=73 builds, all modes):
  authored-applied    :  89.0%  (n=65)
  connectivity-reject :   0.0%  (n=0)
  procedural-roll     :  11.0%  (n=8)

DECK EXPOSURE (campaign runs n=20):
  distinct authored arenas/run : 2.80 mean (all runs)
  ... full-depth runs only     : 3.75 mean over 4.5 fights/run (n=8)
  Defend dealt on the route    :   40% of runs (n=8)

ENEMY DECISION MIX (contested acts=689; all-downed acts not counted=264):
  shoot           406    59%
  hunker          120    17%
  move             78    11%
  heal             20     3%
  siege            18     3%
  grenade          17     2%
  reload           12     2%
  item              8     1%
  brace             3     0%
  shove             3     0%
  staleplan         2     0%
  overwatch         1     0%
  sap               1     0%

  the shot on the table (acts where the chosen tile HAD a shot = 451):
    hit% band     taken   share   E[dmg]/shot   declined   share   E[dmg]/shot
      0-19           0      0%          0.00          0      0%          0.00
     20-39           8      2%          1.14          1     50%          1.20
     40-59          52     13%          1.92          1     50%          2.03
     60-79         143     35%          2.40          0      0%          0.00
      80+          203     50%          3.55          0      0%          0.00
    TOTAL           406                              2
  taken   90% / DECLINED    0% / preempted by another verb   10%
  enemy lanes held (overwatch+brace) 4; reaction shots fired 0  ->    0% of lanes paid off   [C2: DeclineWatchRatio is a bet on this number]

ACTION MIX (verbs issued, by policy):
  verb                  greedy        sloppy
  MOVE               452   42%     463   42%
  SHOOT              300   28%     287   26%
  HUNKER              73    7%     142   13%
  BRACE               46    4%      29    3%
  RELOAD              37    3%      30    3%
  INTEL               33    3%      30    3%
  STABILIZE           21    2%      25    2%
  PIN                 14    1%      19    2%
  SLIPSTREAM          20    2%      12    1%
  MARK                16    1%      13    1%
  FOCUS               11    1%      14    1%
  ITEM:SMOKE          11    1%       7    1%
  OVERWATCH            8    1%       8    1%
  GRENADE             12    1%       2    0%
  PLANT                6    1%       6    1%
  REARM                4    0%       6    1%
  EXTRACT              6    1%       4    0%
  PATCH                4    0%       6    1%
  GRAPPLE              3    0%       4    0%
  BEACON               4    0%       3    0%
  BARREL               0    0%       1    0%

PLAYER CLASS PERFORMANCE:
  class        shots   hit%   dmg   kills
  SHARPSHOOTER    115    92%    832     56
  GUNNER         176    84%    820     56
  ASSAULT        153    86%    700     37
  RANGER          94    94%    620     44
  CORPSMAN        30    73%     88      4

SOLDIER DEATHS BY ENEMY CLASS (threat ranking):
  BRUISER    : 11
  BURN       : 10
  GRUNT      : 8
  HUNTER     : 6
  SHIELD     : 6
  LANCER     : 5
  SNIPER     : 5
  WARBRINGER : 4
  ELITE      : 4
  SCOUT      : 3
  SCREENER   : 2
  STRIKER    : 2
  TURRET     : 2
  BERSERKER  : 1
  STRIKE     : 1
  HOUND      : 1
  PIKEMAN    : 1
  DRONE      : 1

SOLDIER DOWNS (FUL-7 bleed-out): 139 downs -> revived 1 / recovered 25 / bled out 99 / finished 14  (save-rate   19%)
  corpsman fielded in 13 missions

ENEMY COMPOSITION (spawns; faction-stamped fights n=297 / default-cascade fights n=189):
  class        faction         default
  GRUNT           20    7%       38   20%
  SCOUT            5    2%       46   24%
  LANCER          24    8%       13    7%
  ELITE           24    8%        7    4%
  BERSERKER       27    9%        2    1%
  SCREENER        25    8%        4    2%
  BRUISER         21    7%        7    4%
  HUNTER          21    7%        5    3%
  STRIKER         11    4%       14    7%
  DRONE           13    4%       11    6%
  SNIPER          12    4%        8    4%
  HOUND           13    4%        5    3%
  SHIELD          16    5%        2    1%
  SPOTTER          9    3%        7    4%
  PIKEMAN         12    4%        2    1%
  MEDIC           10    3%        2    1%
  WARBRINGER      10    3%        1    1%
  SAPPER           8    3%        3    2%
  MORTAR           6    2%        4    2%
  TURRET           2    1%        7    4%
  BOMBARD          7    2%        0    0%
  CUSTODIAN        1    0%        1    1%

PERK PICK FREQUENCY:
  MOM           : 12
  LCK           : 11
  FST           : 9
  BRK           : 8
  GUN           : 8
  PLT           : 8
  BND           : 7
  RFX           : 7
  GRD           : 7
  CQB           : 6
  VNT           : 6
  MRK           : 5
  TNK           : 5
  HRD           : 4
  OUT           : 4
  SKR           : 3
  CLH           : 2
  EXC           : 2
  SGE           : 1

SHOP PURCHASE FREQUENCY:
  WPN: SCOPE        : 28
  FIELD MEDKIT      : 28
  BALLISTIC PLATING : 25
  WPN: HOLLOW POINT : 17
  WPN: STABILIZER   : 17
  WPN: EXTENDED MAG : 13
  COMBAT STIMS      : 11
  ARMORY            : 10
  FRAG CACHE        : 8
  WPN: BIPOD        : 8
  ADV. TRAINING     : 7
  COUNTER-PREP      : 5
  WPN: SUPPRESSOR   : 2

BOON PICK FREQUENCY (PROCS = effect fires at instrumented sites; '-' = not instrumented;
                      PYR counts the +2-turn-burn half only — the Burning-immunity half is uninstrumented):
  code                 picks   PROCS
  MRK               :     7       -
  FVR               :     5       -
  FDR               :     4       0
  FRT               :     4       -
  RCL               :     4       0
  SCV               :     4       -
  SHK               :     4       5
  TRR               :     4      17
  ADR               :     3       -
  GHO               :     2       -
  EXE               :     1       -
  FST               :     1      10
  GRN               :     1       -

RUN WIN-RATE BY BOON (campaign runs holding it):
  MRK               :   57% ±19  (in 7 runs)
  FVR               :   80% ±18  (in 5 runs)
  FDR               :   75% ±22  (in 4 runs)
  FRT               :   75% ±22  (in 4 runs)
  RCL               :   50% ±25  (in 4 runs)
  SCV               :   50% ±25  (in 4 runs)
  SHK               :   75% ±22  (in 4 runs)
  TRR               :   50% ±25  (in 4 runs)
  ADR               :   67% ±27  (in 3 runs)
  GHO               :  100% ±0  (in 2 runs)
  EXE               :  100% ±0  (in 1 runs)
  FST               :    0% ±0  (in 1 runs)
  GRN               :    0% ±0  (in 1 runs)

RUN WIN-RATE BY SPEC (campaign runs fielding it):
  ADN               :  100% ±0  (in 4 runs)
  HHT               :   67% ±27  (in 3 runs)
  ANC               :   50% ±35  (in 2 runs)
  PHN               :   50% ±35  (in 2 runs)
  SNT               :  100% ±0  (in 2 runs)
  BRC               :  100% ±0  (in 1 runs)
  JUG               :  100% ±0  (in 1 runs)
  PTH               :    0% ±0  (in 1 runs)

RUN WIN-RATE BY PERK (campaign runs holding it):
  FST               :   67% ±16  (in 9 runs)
  LCK               :   67% ±16  (in 9 runs)
  MOM               :   75% ±15  (in 8 runs)
  GUN               :   57% ±19  (in 7 runs)
  PLT               :   14% ±13  (in 7 runs)
  BND               :   67% ±19  (in 6 runs)
  BRK               :   50% ±20  (in 6 runs)
  RFX               :   67% ±19  (in 6 runs)
  GRD               :   60% ±22  (in 5 runs)
  MRK               :   60% ±22  (in 5 runs)
  TNK               :   80% ±18  (in 5 runs)
  VNT               :   60% ±22  (in 5 runs)
  CQB               :   75% ±22  (in 4 runs)
  HRD               :   75% ±22  (in 4 runs)
  OUT               :   25% ±22  (in 4 runs)
  SKR               :  100% ±0  (in 3 runs)
  CLH               :  100% ±0  (in 2 runs)
  EXC               :   50% ±35  (in 2 runs)
  SGE               :    0% ±0  (in 1 runs)

RUN WIN-RATE BY PURCHASE (campaign runs buying it):
  BALLISTIC PLATING :   50% ±14  (in 12 runs)
  FIELD MEDKIT      :   67% ±14  (in 12 runs)
  ARMORY            :   50% ±16  (in 10 runs)
  WPN: SCOPE        :   56% ±17  (in 9 runs)
  WPN: HOLLOW POINT :   63% ±17  (in 8 runs)
  COMBAT STIMS      :   71% ±17  (in 7 runs)
  WPN: BIPOD        :   57% ±19  (in 7 runs)
  WPN: STABILIZER   :   71% ±17  (in 7 runs)
  ADV. TRAINING     :   60% ±22  (in 5 runs)
  FRAG CACHE        :   60% ±22  (in 5 runs)
  COUNTER-PREP      :   50% ±25  (in 4 runs)
  WPN: EXTENDED MAG :  100% ±0  (in 4 runs)
  WPN: SUPPRESSOR   :  100% ±0  (in 1 runs)

RUN WIN-RATE BY EVENT-CHOICE (campaign runs taking id:arm):
  bloodfeud:2       :   75% ±22  (in 4 runs)
  quartermaster:1   :   25% ±22  (in 4 runs)
  reservecall:0     :   33% ±27  (in 3 runs)
  defector:1        :  100% ±0  (in 2 runs)
  drill:0           :    0% ±0  (in 2 runs)
  medic:1           :   50% ±35  (in 2 runs)
  warchest:0        :  100% ±0  (in 2 runs)
  warchest:1        :  100% ±0  (in 2 runs)
═══════════════════════════════════════════════════════════════════════

batch wall-time: 7.0s  (20 matches across 10 campaigns × 2 policy, frame-cap hits: 0)
aggregate JSON -> /home/user/wt/heat-pin/docs/measurements/l5/L5-h0-b100.json
INFO: TEXTURE: [ID 2] Unloaded texture data from VRAM (GPU)
INFO: SHADER: [ID 3] Default shader unloaded successfully
INFO: TEXTURE: [ID 1] Default texture unloaded successfully
INFO: Window closed successfully
