BALANCE: heat PINNED for this batch (field-event AddHeat is a no-op; SIGHTLINE_HEATPIN=0 restores the leak)
INFO: Initializing raylib 6.0
INFO: Platform backend: DESKTOP (GLFW)
INFO: Supported raylib modules:
INFO:     > rcore:..... loaded (mandatory)
INFO:     > rlgl:...... loaded (mandatory)
INFO:     > rshapes:... loaded (optional)
INFO:     > rtextures:. loaded (optional)
INFO:     > rtext:..... loaded (optional)
INFO:     > rmodels:... loaded (optional)
INFO:     > raudio:.... loaded (optional)
INFO: DISPLAY: Trying to enable MSAA x4
INFO: DISPLAY: Device initialized successfully 
INFO:     > Display size: 1280 x 800
INFO:     > Screen size:  1280 x 800
INFO:     > Render size:  1280 x 800
INFO:     > Viewport offsets: 0, 0
INFO: GLAD: OpenGL extensions loaded successfully
INFO: GL: Supported extensions count: 229
INFO: GL: OpenGL device information:
INFO:     > Vendor:   Mesa
INFO:     > Renderer: llvmpipe (LLVM 20.1.2, 256 bits)
INFO:     > Version:  4.5 (Core Profile) Mesa 25.2.8-0ubuntu0.24.04.2
INFO:     > GLSL:     4.50
INFO: GL: VAO extension detected, VAO functions loaded successfully
INFO: GL: NPOT textures extension detected, full NPOT textures supported
INFO: GL: DXT compressed textures supported
INFO: GL: ETC2/EAC compressed textures supported
INFO: PLATFORM: DESKTOP (GLFW - X11): Initialized successfully
INFO: TEXTURE: [ID 1] Texture loaded successfully (1x1 | R8G8B8A8 | 1 mipmaps)
INFO: TEXTURE: [ID 1] Default texture loaded successfully
INFO: SHADER: [ID 1] Vertex shader compiled successfully
INFO: SHADER: [ID 2] Fragment shader compiled successfully
INFO: SHADER: [ID 3] Program shader loaded successfully
INFO: SHADER: [ID 3] Default shader loaded successfully
INFO: RLGL: Render batch vertex buffers loaded successfully in RAM (CPU)
INFO: RLGL: Render batch vertex buffers loaded successfully in VRAM (GPU)
INFO: RLGL: Default OpenGL state initialized successfully
INFO: TEXTURE: [ID 2] Texture loaded successfully (128x128 | GRAY_ALPHA | 1 mipmaps)
INFO: FONT: Default font loaded successfully (224 glyphs)
INFO: SYSTEM: Working Directory: /home/user/wt/heat-pin
INFO: TIMER: Target time per frame: 0.000 milliseconds
FINALE-KIT: Wardens
WAVE: +2 (BRUISER,BRUISER) [rich]
WAVE: +2 (LANCER,SNIPER) [rich]
WAVE: +2 (HUNTER,HOUND) [rich]
WAVE: +3 (MORTAR,GRUNT,CUSTODIAN) [rich]
WAVE: +3 (SCREENER,MORTAR,MORTAR) [rich]
WAVE: +3 (GRUNT,SNIPER,GRUNT) [rich]
FINALE-KIT: Wardens
WAVE: +2 (HUNTER,SNIPER) [rich]
WAVE: +2 (DRONE,SCOUT) [rich]
WAVE: +2 (HOUND,LANCER) [rich]
WAVE: +3 (MEDIC,GRUNT,SCREENER) [rich]
WAVE: +3 (SNIPER,MORTAR,GRUNT) [rich]
WAVE: +3 (SCOUT,CUSTODIAN,MEDIC) [rich]
FINALE-KIT: Wardens
REINFORCEMENTS: +2 (SCOUT,GRUNT)
WAVE: +3 (SCOUT,PIKEMAN,GRUNT) [rich]
WAVE: +3 (MORTAR,MEDIC,MORTAR) [rich]
WAVE: +3 (PIKEMAN,MORTAR,SCREENER) [rich]
REINFORCEMENTS: +2 (SCOUT,GRUNT)
REINFORCEMENTS: +2 (GRUNT,GRUNT)
REINFORCEMENTS: +3 (GRUNT,SCOUT,SCOUT)
FINALE-KIT: Wardens
REINFORCEMENTS: +2 (SCOUT,GRUNT)
WAVE: +3 (SNIPER,PIKEMAN,GRUNT) [rich]
WAVE: +3 (MORTAR,GRUNT,SNIPER) [rich]
WAVE: +3 (MORTAR,SNIPER,PIKEMAN) [rich]
FINALE-KIT: Syndicate
WAVE: +2 (SHIELD,DRONE) [rich]
WAVE: +2 (SAPPER,GRUNT) [rich]
WAVE: +2 (DRONE,DRONE) [rich]
WAVE: +2 (SHIELD,SAPPER) [rich]
WAVE: +2 (DRONE,SHIELD) [rich]
WAVE: +2 (SAPPER,SHIELD) [rich]
match 5/20  (W:4 L:1 cap:0)  2.3s
FINALE-KIT: Syndicate
WAVE: +2 (CUSTODIAN,SPOTTER) [rich]
WAVE: +2 (SAPPER,SPOTTER) [rich]
WAVE: +2 (SPOTTER,SAPPER) [rich]
REINFORCEMENTS: +2 (SCOUT,GRUNT)
REINFORCEMENTS: +2 (GRUNT,SCOUT)
FINALE-KIT: Legion
WAVE: +3 (STRIKER,DRONE,SHIELD) [rich]
WAVE: +3 (SHIELD,DRONE,MORTAR) [rich]
WAVE: +3 (LANCER,SAPPER,BERSERKER) [rich]
REINFORCEMENTS: +2 (SCOUT,SCOUT)
REINFORCEMENTS: +2 (SCOUT,GRUNT)
REINFORCEMENTS: +3 (SCOUT,SCOUT,GRUNT)
FINALE-KIT: Legion
WAVE: +3 (SHIELD,MEDIC,DRONE) [rich]
WAVE: +3 (STRIKER,SNIPER,BERSERKER) [rich]
WAVE: +3 (SPOTTER,SAPPER,SAPPER) [rich]
REINFORCEMENTS: +2 (SCOUT,SCOUT)
FINALE-KIT: Legion
WAVE: +3 (SHIELD,SAPPER,DRONE) [rich]
WAVE: +3 (DRONE,DRONE,SPOTTER) [rich]
WAVE: +3 (DRONE,SAPPER,SAPPER) [rich]
FINALE-KIT: Legion
WAVE: +3 (SAPPER,SHIELD,SCREENER) [rich]
WAVE: +3 (SHIELD,SHIELD,SHIELD) [rich]
WAVE: +3 (SHIELD,DRONE,SCREENER) [rich]
match 10/20  (W:9 L:1 cap:0)  5.0s
FINALE-KIT: Legion
WAVE: +3 (GRUNT,PIKEMAN,MEDIC) [rich]
WAVE: +3 (MORTAR,GRUNT,SNIPER) [rich]
WAVE: +3 (MORTAR,PIKEMAN,SNIPER) [rich]
FINALE-KIT: Legion
WAVE: +3 (MORTAR,CUSTODIAN,SNIPER) [rich]
WAVE: +3 (MEDIC,SNIPER,SNIPER) [rich]
WAVE: +3 (PIKEMAN,SNIPER,SNIPER) [rich]
FINALE-KIT: Legion
WAVE: +2 (SCOUT,BRUISER) [rich]
WAVE: +2 (STRIKER,SCOUT) [rich]
WAVE: +2 (BRUISER,HOUND) [rich]
FINALE-KIT: Legion
WAVE: +2 (HOUND,BRUISER) [rich]
WAVE: +2 (STRIKER,STRIKER) [rich]
WAVE: +2 (BRUISER,BRUISER) [rich]
REINFORCEMENTS: +2 (GRUNT,GRUNT)
FINALE-KIT: Legion
WAVE: +2 (SNIPER,SCOUT) [rich]
WAVE: +2 (GRUNT,GRUNT) [rich]
WAVE: +2 (MEDIC,CUSTODIAN) [rich]
REINFORCEMENTS: +2 (SCOUT,SCOUT)
match 15/20  (W:14 L:1 cap:0)  6.9s
FINALE-KIT: Legion
WAVE: +2 (PIKEMAN,MEDIC) [rich]
WAVE: +2 (MORTAR,SNIPER) [rich]
WAVE: +2 (MORTAR,MORTAR) [rich]
REINFORCEMENTS: +2 (SCOUT,GRUNT)
FINALE-KIT: Wardens
WAVE: +2 (GRUNT,BERSERKER) [rich]
WAVE: +2 (BERSERKER,WARBRINGER) [rich]
WAVE: +2 (BERSERKER,BRUISER) [rich]
WAVE: +3 (GRUNT,BRUISER,BERSERKER) [rich]
WAVE: +3 (HUNTER,WARBRINGER,HUNTER) [rich]
WAVE: +3 (HOUND,HUNTER,HUNTER) [rich]
FINALE-KIT: Wardens
WAVE: +2 (WARBRINGER,HUNTER) [rich]
WAVE: +2 (HUNTER,GRUNT) [rich]
WAVE: +2 (HUNTER,STRIKER) [rich]
WAVE: +2 (BRUISER,HOUND) [rich]
WAVE: +2 (LANCER,HUNTER) [rich]
WAVE: +2 (BERSERKER,BRUISER) [rich]
WAVE: +3 (STRIKER,GRUNT,HOUND) [rich]
WAVE: +3 (WARBRINGER,HUNTER,STRIKER) [rich]
WAVE: +3 (BERSERKER,STRIKER,BERSERKER) [rich]
FINALE-KIT: Wardens
WAVE: +2 (HOUND,STRIKER) [rich]
WAVE: +2 (BRUISER,BRUISER) [rich]
WAVE: +2 (BERSERKER,HUNTER) [rich]
FINALE-KIT: Wardens
WAVE: +2 (BERSERKER,BRUISER) [rich]
WAVE: +2 (BRUISER,BRUISER) [rich]
WAVE: +2 (GRUNT,BERSERKER) [rich]
match 20/20  (W:19 L:1 cap:0)  8.8s

══════════════════════ SIGHTLINE BALANCE REPORT ══════════════════════
runs=20  missions=100

RUN OUTCOMES (campaign):  win-rate   95%   avg missions cleared 6.0

POLICY GAP (optimal vs human-error; campaign runs only):
  greedy win-rate   90%  (n=10)
  sloppy win-rate  100%  (n=10)
  GAP  -10 pts  (healthy slack)
  PAIRED (same-seed slots): pairs=10  concordant=9  discordant greedy-only-won=0 / sloppy-only-won=1  paired gap  -10 pts
  PER-SLOT RECORDS (greedy | sloppy: outcome + missions cleared; margin = g−s):
    slot   0 @h-1: W 6 | W 6   margin +0
    slot   1 @h-1: L 5 | W 6   margin -1
    slot   2 @h-1: W 6 | W 6   margin +0
    slot   3 @h-1: W 6 | W 6   margin +0
    slot   4 @h-1: W 6 | W 6   margin +0
    slot   5 @h-1: W 6 | W 6   margin +0
    slot   6 @h-1: W 6 | W 6   margin +0
    slot   7 @h-1: W 6 | W 6   margin +0
    slot   8 @h-1: W 6 | W 6   margin +0
    slot   9 @h-1: W 6 | W 6   margin +0
  PAIRED MARGIN (missions cleared, all pairs): -0.10 ±0.10 SE  (n=10 pairs)
  by objective (greedy / sloppy / gap):
    Decapitate :   92% /  100% / gap   -8
    Defend     :  100% /  100% / gap    0
    Eliminate  :  100% /  100% / gap    0
    Escort     :  100% /  100% / gap    0
    Evac       :  100% /  100% / gap    0
    Hack       :  100% /  100% / gap    0
    Rescue     :  100% /  100% / gap    0
    Sabotage   :  100% /  100% / gap    0

DECISION RICHNESS / SWING:
  meaningful-choices/turn 4.22   lead-swings/match 0.6   avg max-swing 37.7
  [shot-gate] acting-soldiers/turn 3.95   armed-soldiers/turn 1.75   armed-fraction 44%   turns-with-a-shot 66%   choices/ARMED-soldier-turn 2.42
  [choice-split] los-targets/ARMED 2.80   target-choices/ARMED 0.54   position-choices/ARMED 1.88

RUN COMPLETION BY HEAT (full-campaign clears):
  heat -1:   95% ±5  (n=20 runs, avg 6.0 missions)
  HEAT LEAK: pinned=yes  heat-raising picks=2  campaigns raised=0  missions off-rung=0/100

INTEL ECONOMY BY HEAT (campaign runs; heat-bonus = the Heat.IntelBonus share of income):
  heat -1: earned  187.5/run   heat-bonus   0.0 (   0% of income)   spent  172.3   unspent   15.2

MISSION WIN-RATE BY HEAT:
  heat -1:   99%  (n=100, avg 5.1 turns)

MISSION WIN-RATE BY OBJECTIVE:
  Decapitate :   96% ±4  (n=26, avg 4.0 turns)
  Eliminate  :  100% ±0  (n=24, avg 3.0 turns)
  Defend     :  100% ±0  (n=24, avg 9.0 turns)
  Hack       :  100% ±0  (n=8, avg 3.0 turns)
  Escort     :  100% ±0  (n=8, avg 7.5 turns)
  Sabotage   :  100% ±0  (n=4, avg 2.8 turns)
  Rescue     :  100% ±0  (n=4, avg 5.0 turns)
  Evac       :  100% ±0  (n=2, avg 2.0 turns)

MISSION WIN-RATE BY OBJECTIVE x NODE KIND (a capstone must never pool with a mid-run node):
  Decapitate : Boss:  95%(n=20)  Combat: 100%(n=4)  Supply: 100%(n=2)
               depth: m3:100%(2) m4:100%(2) m5:100%(2) m6:95%(20)
  Eliminate  : Start: 100%(n=20)  Supply: 100%(n=4)
               depth: m1:100%(20) m3:100%(2) m4:100%(2)
  Defend     : Combat: 100%(n=18)  Supply: 100%(n=6)
               depth: m2:100%(6) m3:100%(6) m4:100%(6) m5:100%(6)
  Hack       : Combat: 100%(n=6)  Elite: 100%(n=2)
               depth: m3:100%(4) m4:100%(2) m5:100%(2)
  Escort     : Combat: 100%(n=4)  Elite: 100%(n=4)
               depth: m4:100%(6) m5:100%(2)
  Sabotage   : Combat: 100%(n=4)
               depth: m3:100%(2) m5:100%(2)
  Rescue     : Elite: 100%(n=4)
               depth: m2:100%(2) m5:100%(2)
  Evac       : Supply: 100%(n=2)
               depth: m3:100%(2)

ENCOUNTER COMPLETION on MID-RUN nodes (Combat+Elite) — clear% is the share of the fight actually fought:
  objective     n   win%   turns   force    +rf  killed  clear%   prs  WONclear%
  Defend        18  100%     9.0    3.33   7.67    4.89    44.4  0.00     44.4 (n=18)
  Hack           8  100%     3.0    6.25   0.00    1.88    30.0  0.00     30.0 (n=8)
  Escort         8  100%     7.5    7.25   0.00    0.38     5.2  0.00      5.2 (n=8)
  Sabotage       4  100%     2.8    4.00   0.00    1.25    31.3  0.00     31.3 (n=4)
  Rescue         4  100%     5.0    7.50   0.00    0.00     0.0  0.00      0.0 (n=4)
  Decapitate     4  100%     3.5    6.50   0.00    3.75    57.7  0.00     57.7 (n=4)
  ---- the two classes ----
  KILL           4  100%     3.5    6.50   0.00    3.75    57.7  0.00     57.7 (n=4)
  NON-KILL      42  100%     6.6    5.10   3.29    2.64    31.5  0.00     31.5 (n=42)

DECAPITATE HVT (buff = +6+1*mission HP, +6 aim; ELITE exempt):
  EXEMPT  :   96% ±4  (n=24, avg 3.9 turns, HVT 23.2 max HP)  [m3:100%(2) m5:100%(2) m6:95%(20)]
  BUFFED  :  100% ±0  (n=2, avg 4.5 turns, HVT 22.0 max HP)  [m4:100%(2)]

MISSION WIN-RATE BY MISSION #:
  m1:  100% ±0  (n=20)
  m2:  100% ±0  (n=8)
  m3:  100% ±0  (n=18)
  m4:  100% ±0  (n=18)
  m5:  100% ±0  (n=16)
  m6:   95% ±5  (n=20)

LOSS CAUSES (missions):
  RUN OVER              : 1

MISSION WIN-RATE BY ARENA (authored layouts, n>=3; procedural fallback   24% of 100 missions):
  arena  7:  100% ±0  (n=4, avg 8.5 turns)  [m3:100%(2) m4:100%(2)]
  arena 11:  100% ±0  (n=5, avg 2.2 turns)  [m3:100%(2) m6:100%(3)]
  arena 12:  100% ±0  (n=3, avg 5.7 turns)  [m3:100%(1) m4:100%(2)]
  arena 14:  100% ±0  (n=4, avg 6.8 turns)  [m4:100%(3) m5:100%(1)]
  arena 15:  100% ±0  (n=8, avg 5.8 turns)  [m1:100%(4) m4:100%(3) m5:100%(1)]
  arena 16:  100% ±0  (n=3, avg 4.3 turns)  [m2:100%(1) m3:100%(2)]
  arena 24:  100% ±0  (n=6, avg 6.7 turns)  [m3:100%(4) m4:100%(2)]
  arena 28:  100% ±0  (n=4, avg 9.0 turns)  [m5:100%(4)]
  arena 32:  100% ±0  (n=9, avg 5.0 turns)  [m2:100%(1) m3:100%(4) m4:100%(2) m5:100%(2)]
  arena 33:  100% ±0  (n=4, avg 5.3 turns)  [m1:100%(2) m2:100%(1) m4:100%(1)]
  arena 34:  100% ±0  (n=6, avg 3.2 turns)  [m1:100%(2) m6:100%(4)]
  procedural:   96% ±4  (n=24, avg 5.7 turns)  [m1:100%(6) m2:100%(4) m3:100%(1) m4:100%(3) m5:100%(5) m6:80%(5)]

DEPLOYMENT GEOMETRY (opening shape; choices/ARMED is the wave's real gate):
  FRONTAL   :   97%  (n=32, avg 5.2 turns)  choices/turn 2.38  choices/ARMED 2.10  los-targets/ARMED 1.89
  PINCER    :  100%  (n=40, avg 5.5 turns)  choices/turn 6.09  choices/ARMED 2.50  los-targets/ARMED 3.43
  CROSSFIRE :  100% ±0  (n=8, avg 2.5 turns)  choices/turn 5.30  choices/ARMED 2.79  los-targets/ARMED 1.66
  ENVELOP   :  100% ±0  (n=20, avg 5.1 turns)  choices/turn 2.81  choices/ARMED 2.38  los-targets/ARMED 1.68

ARENA FUNNEL (Mission.Build exits, n=107 builds, all modes):
  authored-applied    :  77.6%  (n=83)
  connectivity-reject :   0.0%  (n=0)
  procedural-roll     :  22.4%  (n=24)

DECK EXPOSURE (campaign runs n=20):
  distinct authored arenas/run : 3.80 mean (all runs)
  ... full-depth runs only     : 3.84 mean over 5.0 fights/run (n=19)
  Defend dealt on the route    :  100% of runs (n=20)

ENEMY DECISION MIX (contested acts=1049; all-downed acts not counted=260):
  shoot           518    49%
  hunker          292    28%
  move            114    11%
  grenade          31     3%
  siege            28     3%
  heal             26     2%
  reload           13     1%
  brace             8     1%
  item              8     1%
  relock            4     0%
  overwatch         3     0%
  sap               2     0%
  shove             1     0%
  staleplan         1     0%

  the shot on the table (acts where the chosen tile HAD a shot = 603):
    hit% band     taken   share   E[dmg]/shot   declined   share   E[dmg]/shot
      0-19           1      0%          0.43          2     67%          0.62
     20-39          11      2%          1.34          1     33%          1.25
     40-59          44      8%          1.73          0      0%          0.00
     60-79         197     38%          2.22          0      0%          0.00
      80+          265     51%          3.39          0      0%          0.00
    TOTAL           518                              3
  taken   86% / DECLINED    0% / preempted by another verb   14%
  enemy lanes held (overwatch+brace) 11; reaction shots fired 0  ->    0% of lanes paid off   [C2: DeclineWatchRatio is a bet on this number]

ACTION MIX (verbs issued, by policy):
  verb                  greedy        sloppy
  MOVE               646   40%     673   40%
  SHOOT              398   24%     383   23%
  HUNKER             121    7%     162   10%
  BRACE               72    4%     109    6%
  OVERWATCH           70    4%      48    3%
  FOCUS               67    4%      41    2%
  RELOAD              50    3%      50    3%
  INTEL               45    3%      45    3%
  SLIPSTREAM          41    3%      35    2%
  STABILIZE           26    2%      25    1%
  MARK                24    1%      21    1%
  ITEM:SMOKE          18    1%      16    1%
  PIN                 11    1%      18    1%
  HACK                 9    1%      14    1%
  REARM                9    1%       6    0%
  PLANT                6    0%       6    0%
  PATCH                4    0%       7    0%
  GRENADE              2    0%       8    0%
  EXTRACT              5    0%       4    0%
  BEACON               5    0%       3    0%
  GRAPPLE              5    0%       3    0%
  BARREL               1    0%       0    0%

PLAYER CLASS PERFORMANCE:
  class        shots   hit%   dmg   kills
  GUNNER         293    87%   1381     87
  SHARPSHOOTER    208    90%   1247     63
  RANGER         164    86%    880     56
  ASSAULT        188    85%    795     51
  CORPSMAN        64    83%    200     12

SOLDIER DEATHS BY ENEMY CLASS (threat ranking):
  BURN       : 13
  GRUNT      : 5
  ELITE      : 4
  TURRET     : 4
  MORTAR     : 3
  SHIELD     : 3
  BRUISER    : 2
  STRIKER    : 2
  SNIPER     : 2
  SPOTTER    : 1
  DRONE      : 1
  STRIKE     : 1
  SCOUT      : 1
  BERSERKER  : 1
  HUNTER     : 1

SOLDIER DOWNS (FUL-7 bleed-out): 156 downs -> revived 3 / recovered 80 / bled out 46 / finished 27  (save-rate   53%)
  corpsman fielded in 26 missions

ENEMY COMPOSITION (spawns; faction-stamped fights n=552 / default-cascade fights n=154):
  class        faction         default
  GRUNT           60   11%       23   15%
  SCOUT           33    6%       43   28%
  ELITE           54   10%        6    4%
  HUNTER          42    8%        5    3%
  LANCER          40    7%        5    3%
  MORTAR          32    6%        8    5%
  BERSERKER       38    7%        2    1%
  BRUISER         30    5%        8    5%
  SNIPER          31    6%        4    3%
  DRONE           25    5%        5    3%
  MEDIC           24    4%        1    1%
  SAPPER          17    3%        7    5%
  STRIKER         15    3%        9    6%
  SCREENER        21    4%        0    0%
  SHIELD          16    3%        5    3%
  HOUND           11    2%        8    5%
  PIKEMAN         15    3%        3    2%
  WARBRINGER      16    3%        0    0%
  SPOTTER          8    1%        5    3%
  CUSTODIAN        9    2%        3    2%
  TURRET           8    1%        3    2%
  BOMBARD          7    1%        1    1%

PERK PICK FREQUENCY:
  LCK           : 20
  FST           : 17
  GUN           : 14
  CLH           : 13
  MOM           : 13
  HRD           : 11
  SKR           : 11
  BND           : 11
  BRK           : 9
  CQB           : 9
  VNT           : 9
  EXC           : 9
  MRK           : 8
  OUT           : 8
  TNK           : 7
  RFX           : 6
  PLT           : 6
  SGE           : 6
  GRD           : 5

SHOP PURCHASE FREQUENCY:
  FIELD MEDKIT      : 86
  WPN: SCOPE        : 39
  WPN: EXTENDED MAG : 35
  BALLISTIC PLATING : 33
  WPN: HOLLOW POINT : 31
  WPN: STABILIZER   : 26
  WPN: BIPOD        : 25
  COMBAT STIMS      : 19
  ARMORY            : 15
  COUNTER-PREP      : 13
  ADV. TRAINING     : 11
  FRAG CACHE        : 11
  WPN: SUPPRESSOR   : 8

BOON PICK FREQUENCY (PROCS = effect fires at instrumented sites; '-' = not instrumented;
                      PYR counts the +2-turn-burn half only — the Burning-immunity half is uninstrumented):
  code                 picks   PROCS
  TRR               :     9      27
  EXE               :     8       -
  RPD               :     8       -
  MRK               :     7       -
  VNM               :     7       -
  GRN               :     6       -
  ADR               :     5       -
  FVR               :     5       -
  GHO               :     5       -
  FDR               :     4       0
  FRT               :     4       -
  RCL               :     4       0
  FST               :     3      35
  PYR               :     3       0
  SCV               :     2       -

RUN WIN-RATE BY BOON (campaign runs holding it):
  TRR               :  100% ±0  (in 9 runs)
  EXE               :  100% ±0  (in 8 runs)
  RPD               :   88% ±12  (in 8 runs)
  MRK               :   86% ±13  (in 7 runs)
  VNM               :  100% ±0  (in 7 runs)
  GRN               :  100% ±0  (in 6 runs)
  ADR               :  100% ±0  (in 5 runs)
  FVR               :  100% ±0  (in 5 runs)
  GHO               :  100% ±0  (in 5 runs)
  FDR               :   75% ±22  (in 4 runs)
  FRT               :  100% ±0  (in 4 runs)
  RCL               :   75% ±22  (in 4 runs)
  FST               :  100% ±0  (in 3 runs)
  PYR               :  100% ±0  (in 3 runs)
  SCV               :  100% ±0  (in 2 runs)

RUN WIN-RATE BY SPEC (campaign runs fielding it):
  ANC               :   86% ±13  (in 7 runs)
  ADN               :  100% ±0  (in 5 runs)
  BRC               :  100% ±0  (in 5 runs)
  PTH               :  100% ±0  (in 5 runs)
  SNT               :  100% ±0  (in 5 runs)
  PHN               :  100% ±0  (in 4 runs)
  HHT               :  100% ±0  (in 3 runs)
  JUG               :  100% ±0  (in 3 runs)
  MED               :  100% ±0  (in 2 runs)
  SRG               :    0% ±0  (in 1 runs)

RUN WIN-RATE BY PERK (campaign runs holding it):
  FST               :  100% ±0  (in 11 runs)
  GUN               :   91% ±9  (in 11 runs)
  LCK               :   91% ±9  (in 11 runs)
  CLH               :   90% ±9  (in 10 runs)
  HRD               :  100% ±0  (in 10 runs)
  MOM               :  100% ±0  (in 9 runs)
  BND               :  100% ±0  (in 8 runs)
  BRK               :  100% ±0  (in 8 runs)
  EXC               :  100% ±0  (in 8 runs)
  SKR               :  100% ±0  (in 8 runs)
  CQB               :  100% ±0  (in 7 runs)
  VNT               :  100% ±0  (in 7 runs)
  TNK               :   83% ±15  (in 6 runs)
  MRK               :   80% ±18  (in 5 runs)
  OUT               :  100% ±0  (in 5 runs)
  RFX               :  100% ±0  (in 5 runs)
  SGE               :  100% ±0  (in 5 runs)
  PLT               :   75% ±22  (in 4 runs)
  GRD               :  100% ±0  (in 3 runs)

RUN WIN-RATE BY PURCHASE (campaign runs buying it):
  FIELD MEDKIT      :   95% ±5  (in 20 runs)
  BALLISTIC PLATING :   94% ±6  (in 16 runs)
  WPN: BIPOD        :   93% ±7  (in 14 runs)
  COMBAT STIMS      :  100% ±0  (in 13 runs)
  WPN: EXTENDED MAG :   92% ±7  (in 13 runs)
  WPN: SCOPE        :  100% ±0  (in 13 runs)
  ARMORY            :   92% ±8  (in 12 runs)
  WPN: STABILIZER   :   91% ±9  (in 11 runs)
  COUNTER-PREP      :  100% ±0  (in 10 runs)
  WPN: HOLLOW POINT :  100% ±0  (in 10 runs)
  FRAG CACHE        :  100% ±0  (in 8 runs)
  ADV. TRAINING     :   86% ±13  (in 7 runs)
  WPN: SUPPRESSOR   :   83% ±15  (in 6 runs)

RUN WIN-RATE BY EVENT-CHOICE (campaign runs taking id:arm):
  warchest:1        :  100% ±0  (in 4 runs)
  blackmarket:2     :  100% ±0  (in 2 runs)
  defector:0        :  100% ±0  (in 2 runs)
  drill:1           :  100% ±0  (in 2 runs)
  informant:1       :  100% ±0  (in 2 runs)
  medic:1           :  100% ±0  (in 2 runs)
  quartermaster:1   :  100% ±0  (in 2 runs)
  relic:1           :  100% ±0  (in 2 runs)
  warchest:2        :   50% ±35  (in 2 runs)
═══════════════════════════════════════════════════════════════════════

batch wall-time: 8.8s  (20 matches across 10 campaigns × 2 policy, frame-cap hits: 0)
aggregate JSON -> /home/user/wt/heat-pin/docs/measurements/l5/L5-hR-b0.json
INFO: TEXTURE: [ID 2] Unloaded texture data from VRAM (GPU)
INFO: SHADER: [ID 3] Default shader unloaded successfully
INFO: TEXTURE: [ID 1] Default texture unloaded successfully
INFO: Window closed successfully
