BALANCE: heat PINNED for this batch (field-event AddHeat is a no-op; SIGHTLINE_HEATPIN=0 restores the leak)
INFO: Initializing raylib 6.0
INFO: Platform backend: DESKTOP (GLFW)
INFO: Supported raylib modules:
INFO:     > rcore:..... loaded (mandatory)
INFO:     > rlgl:...... loaded (mandatory)
INFO:     > rshapes:... loaded (optional)
INFO:     > rtextures:. loaded (optional)
INFO:     > rtext:..... loaded (optional)
INFO:     > rmodels:... loaded (optional)
INFO:     > raudio:.... loaded (optional)
INFO: DISPLAY: Trying to enable MSAA x4
INFO: DISPLAY: Device initialized successfully 
INFO:     > Display size: 1280 x 800
INFO:     > Screen size:  1280 x 800
INFO:     > Render size:  1280 x 800
INFO:     > Viewport offsets: 0, 0
INFO: GLAD: OpenGL extensions loaded successfully
INFO: GL: Supported extensions count: 229
INFO: GL: OpenGL device information:
INFO:     > Vendor:   Mesa
INFO:     > Renderer: llvmpipe (LLVM 20.1.2, 256 bits)
INFO:     > Version:  4.5 (Core Profile) Mesa 25.2.8-0ubuntu0.24.04.2
INFO:     > GLSL:     4.50
INFO: GL: VAO extension detected, VAO functions loaded successfully
INFO: GL: NPOT textures extension detected, full NPOT textures supported
INFO: GL: DXT compressed textures supported
INFO: GL: ETC2/EAC compressed textures supported
INFO: PLATFORM: DESKTOP (GLFW - X11): Initialized successfully
INFO: TEXTURE: [ID 1] Texture loaded successfully (1x1 | R8G8B8A8 | 1 mipmaps)
INFO: TEXTURE: [ID 1] Default texture loaded successfully
INFO: SHADER: [ID 1] Vertex shader compiled successfully
INFO: SHADER: [ID 2] Fragment shader compiled successfully
INFO: SHADER: [ID 3] Program shader loaded successfully
INFO: SHADER: [ID 3] Default shader loaded successfully
INFO: RLGL: Render batch vertex buffers loaded successfully in RAM (CPU)
INFO: RLGL: Render batch vertex buffers loaded successfully in VRAM (GPU)
INFO: RLGL: Default OpenGL state initialized successfully
INFO: TEXTURE: [ID 2] Texture loaded successfully (128x128 | GRAY_ALPHA | 1 mipmaps)
INFO: FONT: Default font loaded successfully (224 glyphs)
INFO: SYSTEM: Working Directory: /home/user/wt/heat-pin
INFO: TIMER: Target time per frame: 0.000 milliseconds
FINALE-KIT: Syndicate
FINALE-KIT: Syndicate
FINALE-KIT: Legion
WAVE: +3 (SCREENER,SHIELD,SPOTTER) [rich]
WAVE: +3 (CUSTODIAN,SHIELD,DRONE) [rich]
WAVE: +3 (SHIELD,SHIELD,SHIELD) [rich]
FINALE-KIT: Legion
WAVE: +3 (SHIELD,DRONE,CUSTODIAN) [rich]
WAVE: +3 (SCREENER,SPOTTER,SCREENER) [rich]
WAVE: +3 (SHIELD,SHIELD,SPOTTER) [rich]
FINALE-KIT: Wardens
match 5/20  (W:5 L:0 cap:0)  4.2s
FINALE-KIT: Wardens
FINALE-KIT: Wardens
WAVE: +2 (HOUND,BRUISER) [rich]
WAVE: +2 (BERSERKER,SCOUT) [rich]
WAVE: +2 (STRIKER,BERSERKER) [rich]
WAVE: +3 (MEDIC,SCREENER,PIKEMAN) [rich]
WAVE: +3 (GRUNT,MORTAR,PIKEMAN) [rich]
WAVE: +3 (MEDIC,PIKEMAN,CUSTODIAN) [rich]
WAVE: +3 (SCREENER,MEDIC,SNIPER) [rich]
WAVE: +3 (SNIPER,GRUNT,MEDIC) [rich]
FINALE-KIT: Wardens
WAVE: +2 (LANCER,BERSERKER) [rich]
WAVE: +2 (BRUISER,HUNTER) [rich]
FINALE-KIT: Syndicate
WAVE: +3 (HUNTER,HUNTER,WARBRINGER) [rich]
WAVE: +3 (BERSERKER,STRIKER,GRUNT) [rich]
WAVE: +3 (GRUNT,BRUISER,BRUISER) [rich]
REINFORCEMENTS: +2 (SCOUT,GRUNT)
FINALE-KIT: Syndicate
match 10/20  (W:5 L:5 cap:0)  6.7s
FINALE-KIT: Legion
FINALE-KIT: Legion
FINALE-KIT: Wardens
WAVE: +2 (GRUNT,SAPPER) [rich]
WAVE: +2 (DRONE,DRONE) [rich]
WAVE: +2 (SPOTTER,SPOTTER) [rich]
FINALE-KIT: Wardens
WAVE: +2 (SHIELD,GRUNT) [rich]
WAVE: +2 (GRUNT,SPOTTER) [rich]
WAVE: +2 (SAPPER,GRUNT) [rich]
FINALE-KIT: Syndicate
WAVE: +3 (GRUNT,SCREENER,PIKEMAN) [rich]
WAVE: +3 (MORTAR,SCREENER,GRUNT) [rich]
WAVE: +3 (SNIPER,SCREENER,GRUNT) [rich]
WAVE: +3 (MEDIC,MEDIC,CUSTODIAN) [rich]
WAVE: +3 (MEDIC,SNIPER,GRUNT) [rich]
WAVE: +3 (PIKEMAN,MORTAR,GRUNT) [rich]
match 15/20  (W:8 L:7 cap:0)  8.4s
FINALE-KIT: Syndicate
WAVE: +3 (PIKEMAN,SNIPER,MEDIC) [rich]
WAVE: +3 (PIKEMAN,MEDIC,MEDIC) [rich]
WAVE: +3 (SCREENER,SCREENER,SNIPER) [rich]
REINFORCEMENTS: +2 (SCOUT,GRUNT)
FINALE-KIT: Syndicate
WAVE: +2 (BERSERKER,HUNTER) [rich]
WAVE: +2 (LANCER,SHIELD) [rich]
WAVE: +2 (LANCER,DRONE) [rich]
FINALE-KIT: Syndicate
WAVE: +2 (GRUNT,SNIPER) [rich]
WAVE: +2 (SCREENER,SHIELD) [rich]
WAVE: +2 (SAPPER,HUNTER) [rich]
REINFORCEMENTS: +2 (SCOUT,SCOUT)
FINALE-KIT: Wardens
WAVE: +2 (SCREENER,MORTAR) [rich]
WAVE: +2 (MORTAR,MORTAR) [rich]
WAVE: +2 (MORTAR,MORTAR) [rich]
FINALE-KIT: Wardens
match 20/20  (W:9 L:11 cap:0)  9.9s

══════════════════════ SIGHTLINE BALANCE REPORT ══════════════════════
runs=20  missions=79

RUN OUTCOMES (campaign):  win-rate   45%   avg missions cleared 4.5

POLICY GAP (optimal vs human-error; campaign runs only):
  greedy win-rate   50%  (n=10)
  sloppy win-rate   40%  (n=10)
  GAP   10 pts  (healthy slack)
  PAIRED (same-seed slots): pairs=10  concordant=7  discordant greedy-only-won=2 / sloppy-only-won=1  paired gap   10 pts
  PER-SLOT RECORDS (greedy | sloppy: outcome + missions cleared; margin = g−s):
    slot 120 @h0: W 6 | W 6   margin +0
    slot 121 @h0: W 6 | W 6   margin +0
    slot 122 @h0: W 6 | L 3   margin +3
    slot 123 @h0: L 5 | L 1   margin +4
    slot 124 @h0: L 5 | L 2   margin +3
    slot 125 @h0: W 6 | W 6   margin +0
    slot 126 @h0: L 4 | W 6   margin -2
    slot 127 @h0: L 4 | L 5   margin -1
    slot 128 @h0: L 3 | L 3   margin +0
    slot 129 @h0: W 6 | L 0   margin +6
  PAIRED MARGIN (missions cleared, all pairs): +1.30 ±0.80 SE  (n=10 pairs)
  by objective (greedy / sloppy / gap):
    Decapitate :   63% /   67% / gap   -4
    Defend     :   88% /   80% / gap    8
    Eliminate  :   92% /   92% / gap    0
    Escort     :  100% /  100% / gap    0
    Evac       :  100% /  100% / gap    0
    Hack       :  100% /  100% / gap    0
    Rescue     :  100% /   80% / gap   20
    Sabotage   :  100% /   75% / gap   25

DECISION RICHNESS / SWING:
  meaningful-choices/turn 3.20   lead-swings/match 0.7   avg max-swing 44.5
  [shot-gate] acting-soldiers/turn 3.54   armed-soldiers/turn 1.70   armed-fraction 48%   turns-with-a-shot 63%   choices/ARMED-soldier-turn 1.88
  [choice-split] los-targets/ARMED 2.80   target-choices/ARMED 0.35   position-choices/ARMED 1.52

RUN COMPLETION BY HEAT (full-campaign clears):
  heat 0:   45% ±11  (n=20 runs, avg 4.5 missions)
  HEAT LEAK: pinned=yes  heat-raising picks=0  campaigns raised=0  missions off-rung=0/79
  STALEMATES: mission-cap 1  run-cap 0   [slot 122 s m4 Rescue mis rt=56]

INTEL ECONOMY BY HEAT (campaign runs; heat-bonus = the Heat.IntelBonus share of income):
  heat 0: earned  134.8/run   heat-bonus   0.0 (   0% of income)   spent  119.5   unspent   15.3

MISSION WIN-RATE BY HEAT:
  heat 0:   86%  (n=79, avg 5.7 turns)

MISSION WIN-RATE BY OBJECTIVE:
  Eliminate  :   92% ±6  (n=24, avg 4.6 turns)
  Decapitate :   64% ±13  (n=14, avg 4.3 turns)
  Defend     :   85% ±10  (n=13, avg 8.8 turns)
  Rescue     :   90% ±9  (n=10, avg 10.0 turns)
  Sabotage   :   88% ±12  (n=8, avg 3.4 turns)
  Escort     :  100% ±0  (n=4, avg 4.5 turns)
  Hack       :  100% ±0  (n=4, avg 3.0 turns)
  Evac       :  100% ±0  (n=2, avg 3.5 turns)

MISSION WIN-RATE BY OBJECTIVE x NODE KIND (a capstone must never pool with a mid-run node):
  Eliminate  : Start:  95%(n=20)  Combat:  75%(n=4)
               depth: m1:95%(20) m2:100%(2) m5:50%(2)
  Decapitate : Boss:  75%(n=12)  Combat:   0%(n=2)
               depth: m4:0%(2) m6:75%(12)
  Defend     : Combat:  67%(n=6)  Elite: 100%(n=5)  Supply: 100%(n=2)
               depth: m2:75%(4) m3:100%(3) m4:100%(1) m5:80%(5)
  Rescue     : Elite:  75%(n=4)  Combat: 100%(n=4)  Supply: 100%(n=2)
               depth: m3:100%(2) m4:83%(6) m5:100%(2)
  Sabotage   : Supply: 100%(n=4)  Elite:  50%(n=2)  Combat: 100%(n=2)
               depth: m2:100%(2) m3:75%(4) m4:100%(2)
  Escort     : Supply: 100%(n=2)  Combat: 100%(n=2)
               depth: m2:100%(1) m4:100%(1) m5:100%(2)
  Hack       : Combat: 100%(n=4)
               depth: m3:100%(2) m4:100%(2)
  Evac       : Supply: 100%(n=2)
               depth: m3:100%(2)

ENCOUNTER COMPLETION on MID-RUN nodes (Combat+Elite) — clear% is the share of the fight actually fought:
  objective     n   win%   turns   force    +rf  killed  clear%   prs  WONclear%
  Defend        11   82%     8.7    4.73   7.45    4.91    40.3  0.00     44.2 (n=9)
  Rescue         8   88%    10.3    7.75   0.00    1.38    17.7  0.00      5.7 (n=7)
  Hack           4  100%     3.0    6.50   0.00    1.50    23.1  0.00     23.1 (n=4)
  Sabotage       4   75%     4.0    5.00   0.00    1.00    20.0  0.00     21.4 (n=3)
  Eliminate      4   75%     6.8    6.50   0.00    5.25    80.8  1.25    100.0 (n=3)
  Escort         2  100%     4.0    6.00   0.00    0.00     0.0  0.00      0.0 (n=2)
  Decapitate     2    0%     6.5    7.00   0.00    0.00     0.0  1.00      0.0 (n=0)
  ---- the two classes ----
  KILL           6   50%     6.7    6.67   0.00    3.50    52.5  1.17    100.0 (n=3)
  NON-KILL      29   86%     7.4    5.93   2.83    2.59    29.5  0.00     28.4 (n=25)

DECAPITATE HVT (buff = +6+1*mission HP, +6 aim; ELITE exempt):
  EXEMPT  :   75% ±13  (n=12, avg 3.9 turns, HVT 22.3 max HP)  [m6:75%(12)]
  BUFFED  :    0% ±0  (n=2, avg 6.5 turns, HVT 25.5 max HP)  [m4:0%(2)]

MISSION WIN-RATE BY MISSION #:
  m1:   95% ±5  (n=20)
  m2:   89% ±10  (n=9)
  m3:   92% ±7  (n=13)
  m4:   79% ±11  (n=14)
  m5:   82% ±12  (n=11)
  m6:   75% ±13  (n=12)

LOSS CAUSES (missions):
  RUN OVER              : 10
  STALEMATE-MISSION     : 1

MISSION WIN-RATE BY ARENA (authored layouts, n>=3; procedural fallback   18% of 79 missions):
  arena  1:   33% ±27  (n=3, avg 9.0 turns)  [m5:33%(3)]
  arena  4:   67% ±27  (n=3, avg 4.0 turns)  [m2:100%(2) m4:0%(1)]
  arena 13:  100% ±0  (n=5, avg 2.4 turns)  [m1:100%(2) m2:100%(1) m4:100%(2)]
  arena 14:   75% ±22  (n=4, avg 4.5 turns)  [m1:100%(2) m3:50%(2)]
  arena 15:   86% ±13  (n=7, avg 4.6 turns)  [m1:100%(2) m2:50%(2) m3:100%(2) m6:100%(1)]
  arena 18:  100% ±0  (n=3, avg 3.0 turns)  [m1:100%(2) m4:100%(1)]
  arena 21:   75% ±22  (n=4, avg 4.5 turns)  [m1:75%(4)]
  arena 28:  100% ±0  (n=5, avg 4.4 turns)  [m1:100%(2) m4:100%(2) m6:100%(1)]
  arena 30:   67% ±27  (n=3, avg 4.7 turns)  [m4:100%(2) m6:0%(1)]
  arena 32:  100% ±0  (n=6, avg 5.5 turns)  [m3:100%(1) m5:100%(2) m6:100%(3)]
  arena 34:   67% ±27  (n=3, avg 8.3 turns)  [m2:100%(2) m6:0%(1)]
  procedural:   86% ±9  (n=14, avg 7.7 turns)  [m1:100%(4) m3:100%(3) m4:60%(5) m5:100%(1) m6:100%(1)]

DEPLOYMENT GEOMETRY (opening shape; choices/ARMED is the wave's real gate):
  FRONTAL   :   76% ±9  (n=25, avg 7.4 turns)  choices/turn 1.99  choices/ARMED 1.73  los-targets/ARMED 2.27
  PINCER    :   92%  (n=38, avg 4.4 turns)  choices/turn 4.43  choices/ARMED 1.94  los-targets/ARMED 3.33
  CROSSFIRE :   80% ±18  (n=5, avg 5.6 turns)  choices/turn 2.31  choices/ARMED 1.54  los-targets/ARMED 2.18
  ENVELOP   :   91% ±9  (n=11, avg 6.2 turns)  choices/turn 3.69  choices/ARMED 2.04  los-targets/ARMED 2.21

ARENA FUNNEL (Mission.Build exits, n=88 builds, all modes):
  authored-applied    :  83.0%  (n=73)
  connectivity-reject :   0.0%  (n=0)
  procedural-roll     :  17.0%  (n=15)

DECK EXPOSURE (campaign runs n=20):
  distinct authored arenas/run : 3.25 mean (all runs)
  ... full-depth runs only     : 4.22 mean over 5.0 fights/run (n=9)
  Defend dealt on the route    :   60% of runs (n=12)

ENEMY DECISION MIX (contested acts=989; all-downed acts not counted=305):
  shoot           559    57%
  hunker          205    21%
  move             92     9%
  heal             38     4%
  grenade          31     3%
  siege            22     2%
  reload           15     2%
  item             14     1%
  staleplan         5     1%
  overwatch         4     0%
  brace             3     0%
  sap               1     0%

  the shot on the table (acts where the chosen tile HAD a shot = 632):
    hit% band     taken   share   E[dmg]/shot   declined   share   E[dmg]/shot
      0-19           1      0%          1.12          1     25%          0.53
     20-39          10      2%          1.27          3     75%          1.00
     40-59          46      8%          1.81          0      0%          0.00
     60-79         201     36%          2.58          0      0%          0.00
      80+          301     54%          3.67          0      0%          0.00
    TOTAL           559                              4
  taken   88% / DECLINED    1% / preempted by another verb   11%
  enemy lanes held (overwatch+brace) 7; reaction shots fired 4  ->   57% of lanes paid off   [C2: DeclineWatchRatio is a bet on this number]

ACTION MIX (verbs issued, by policy):
  verb                  greedy        sloppy
  MOVE               550   38%     615   42%
  SHOOT              356   25%     261   18%
  HUNKER             200   14%     176   12%
  FOCUS               16    1%     147   10%
  BRACE               43    3%      41    3%
  RELOAD              41    3%      38    3%
  INTEL               43    3%      30    2%
  STABILIZE           38    3%      30    2%
  ITEM:SMOKE          23    2%      19    1%
  PIN                 28    2%      12    1%
  SLIPSTREAM          20    1%      19    1%
  MARK                22    2%       9    1%
  PLANT               13    1%      12    1%
  OVERWATCH           14    1%      10    1%
  GRENADE              7    0%      10    1%
  PATCH                6    0%       9    1%
  BEACON               7    0%       6    0%
  EXTRACT              5    0%       4    0%
  REARM                5    0%       4    0%
  HACK                 4    0%       4    0%
  GRAPPLE              2    0%       5    0%
  BARREL               4    0%       1    0%
  DRAG                 2    0%       2    0%
  ITEM:INCENDIARY       0    0%       1    0%
  ITEM:FLASH           0    0%       1    0%

PLAYER CLASS PERFORMANCE:
  class        shots   hit%   dmg   kills
  SHARPSHOOTER    135    96%    924     55
  RANGER         123    89%    761     47
  ASSAULT        160    88%    697     50
  GUNNER         160    84%    690     47
  CORPSMAN        53    92%    185      9

SOLDIER DEATHS BY ENEMY CLASS (threat ranking):
  GRUNT      : 15
  ELITE      : 11
  BRUISER    : 8
  SNIPER     : 7
  STRIKE     : 6
  BERSERKER  : 5
  SCREENER   : 4
  BURN       : 4
  SHIELD     : 4
  SCOUT      : 4
  HUNTER     : 3
  WARBRINGER : 2
  SHARPSHOOTER: 2
  MORTAR     : 2
  MEDIC      : 2
  LANCER     : 2
  DRONE      : 1
  TURRET     : 1
  HOUND      : 1
  BARREL     : 1
  STRIKER    : 1
  SPOTTER    : 1
  SAPPER     : 1
  CUSTODIAN  : 1

SOLDIER DOWNS (FUL-7 bleed-out): 186 downs -> revived 7 / recovered 56 / bled out 103 / finished 20  (save-rate   34%)
  corpsman fielded in 28 missions

ENEMY COMPOSITION (spawns; faction-stamped fights n=438 / default-cascade fights n=155):
  class        faction         default
  GRUNT           53   12%       52   34%
  SCOUT           15    3%       35   23%
  ELITE           33    8%        9    6%
  BRUISER         33    8%        2    1%
  SNIPER          28    6%        5    3%
  SCREENER        31    7%        1    1%
  MORTAR          29    7%        0    0%
  DRONE           23    5%        5    3%
  HUNTER          23    5%        4    3%
  BERSERKER       23    5%        3    2%
  SPOTTER         22    5%        4    3%
  SHIELD          21    5%        4    3%
  MEDIC           24    5%        0    0%
  LANCER          11    3%        8    5%
  SAPPER          14    3%        5    3%
  TURRET          13    3%        4    3%
  STRIKER         10    2%        5    3%
  HOUND            7    2%        2    1%
  WARBRINGER       9    2%        0    0%
  PIKEMAN          7    2%        2    1%
  BOMBARD          5    1%        3    2%
  CUSTODIAN        4    1%        2    1%

PERK PICK FREQUENCY:
  TNK           : 16
  OUT           : 13
  FST           : 12
  CLH           : 10
  LCK           : 9
  BND           : 8
  HRD           : 8
  MOM           : 8
  PLT           : 7
  MRK           : 7
  EXC           : 6
  RFX           : 6
  VNT           : 6
  GUN           : 6
  GRD           : 5
  SKR           : 5
  BRK           : 4
  CQB           : 4
  SGE           : 3

SHOP PURCHASE FREQUENCY:
  FIELD MEDKIT      : 58
  BALLISTIC PLATING : 31
  WPN: SCOPE        : 27
  COMBAT STIMS      : 25
  WPN: HOLLOW POINT : 24
  WPN: STABILIZER   : 16
  WPN: BIPOD        : 15
  COUNTER-PREP      : 10
  FRAG CACHE        : 9
  ARMORY            : 9
  WPN: EXTENDED MAG : 9
  WPN: SUPPRESSOR   : 8
  ADV. TRAINING     : 6

BOON PICK FREQUENCY (PROCS = effect fires at instrumented sites; '-' = not instrumented;
                      PYR counts the +2-turn-burn half only — the Burning-immunity half is uninstrumented):
  code                 picks   PROCS
  TRR               :     7      23
  FDR               :     5       0
  PYR               :     5       2
  RCL               :     5       1
  FST               :     4      48
  FVR               :     4       -
  GRN               :     4       -
  SCV               :     4       -
  SHK               :     4       0
  ADR               :     3       -
  EXE               :     3       -
  FRT               :     3       -
  GHO               :     3       -
  RPD               :     3       -
  MRK               :     2       -

RUN WIN-RATE BY BOON (campaign runs holding it):
  TRR               :   57% ±19  (in 7 runs)
  FDR               :   60% ±22  (in 5 runs)
  PYR               :   60% ±22  (in 5 runs)
  RCL               :   60% ±22  (in 5 runs)
  FST               :   50% ±25  (in 4 runs)
  FVR               :   50% ±25  (in 4 runs)
  GRN               :   50% ±25  (in 4 runs)
  SCV               :   25% ±22  (in 4 runs)
  SHK               :  100% ±0  (in 4 runs)
  ADR               :   33% ±27  (in 3 runs)
  EXE               :  100% ±0  (in 3 runs)
  FRT               :  100% ±0  (in 3 runs)
  GHO               :   33% ±27  (in 3 runs)
  RPD               :  100% ±0  (in 3 runs)
  MRK               :   50% ±35  (in 2 runs)

RUN WIN-RATE BY SPEC (campaign runs fielding it):
  PTH               :   80% ±18  (in 5 runs)
  SNT               :   75% ±22  (in 4 runs)
  ADN               :   50% ±35  (in 2 runs)
  BRC               :  100% ±0  (in 2 runs)
  HHT               :   50% ±35  (in 2 runs)
  JUG               :   50% ±35  (in 2 runs)
  ANC               :  100% ±0  (in 1 runs)
  PHN               :  100% ±0  (in 1 runs)
  SRG               :  100% ±0  (in 1 runs)

RUN WIN-RATE BY PERK (campaign runs holding it):
  TNK               :   50% ±14  (in 12 runs)
  FST               :   67% ±16  (in 9 runs)
  CLH               :   63% ±17  (in 8 runs)
  OUT               :   75% ±15  (in 8 runs)
  PLT               :   29% ±17  (in 7 runs)
  BND               :   67% ±19  (in 6 runs)
  GUN               :   67% ±19  (in 6 runs)
  MOM               :   17% ±15  (in 6 runs)
  MRK               :   17% ±15  (in 6 runs)
  RFX               :   83% ±15  (in 6 runs)
  EXC               :   60% ±22  (in 5 runs)
  GRD               :   20% ±18  (in 5 runs)
  HRD               :   60% ±22  (in 5 runs)
  LCK               :   40% ±22  (in 5 runs)
  SKR               :   40% ±22  (in 5 runs)
  VNT               :   60% ±22  (in 5 runs)
  BRK               :   25% ±22  (in 4 runs)
  CQB               :  100% ±0  (in 3 runs)
  SGE               :   67% ±27  (in 3 runs)

RUN WIN-RATE BY PURCHASE (campaign runs buying it):
  FIELD MEDKIT      :   44% ±12  (in 16 runs)
  WPN: HOLLOW POINT :   45% ±15  (in 11 runs)
  COMBAT STIMS      :   60% ±15  (in 10 runs)
  WPN: BIPOD        :   78% ±14  (in 9 runs)
  WPN: SCOPE        :   56% ±17  (in 9 runs)
  WPN: STABILIZER   :   67% ±16  (in 9 runs)
  COUNTER-PREP      :   63% ±17  (in 8 runs)
  ARMORY            :   43% ±19  (in 7 runs)
  BALLISTIC PLATING :   67% ±19  (in 6 runs)
  FRAG CACHE        :  100% ±0  (in 6 runs)
  WPN: EXTENDED MAG :   17% ±15  (in 6 runs)
  WPN: SUPPRESSOR   :   67% ±19  (in 6 runs)
  ADV. TRAINING     :   50% ±25  (in 4 runs)

RUN WIN-RATE BY EVENT-CHOICE (campaign runs taking id:arm):
  blackmarket:2     :   75% ±22  (in 4 runs)
  cache:1           :    0% ±0  (in 3 runs)
  fieldhospital:2   :    0% ±0  (in 2 runs)
  informant:2       :    0% ±0  (in 2 runs)
  medic:1           :    0% ±0  (in 2 runs)
  reservecall:0     :   50% ±35  (in 2 runs)
  warchest:1        :  100% ±0  (in 2 runs)
  defector:0        :  100% ±0  (in 1 runs)
  drill:1           :  100% ±0  (in 1 runs)
  medic:0           :  100% ±0  (in 1 runs)
  relic:1           :    0% ±0  (in 1 runs)
═══════════════════════════════════════════════════════════════════════

batch wall-time: 9.9s  (20 matches across 10 campaigns × 2 policy, frame-cap hits: 0)
aggregate JSON -> /home/user/wt/heat-pin/docs/measurements/l5/L5-h0-b120.json
INFO: TEXTURE: [ID 2] Unloaded texture data from VRAM (GPU)
INFO: SHADER: [ID 3] Default shader unloaded successfully
INFO: TEXTURE: [ID 1] Default texture unloaded successfully
INFO: Window closed successfully
