BALANCE: heat PINNED for this batch (field-event AddHeat is a no-op; SIGHTLINE_HEATPIN=0 restores the leak)
INFO: Initializing raylib 6.0
INFO: Platform backend: DESKTOP (GLFW)
INFO: Supported raylib modules:
INFO:     > rcore:..... loaded (mandatory)
INFO:     > rlgl:...... loaded (mandatory)
INFO:     > rshapes:... loaded (optional)
INFO:     > rtextures:. loaded (optional)
INFO:     > rtext:..... loaded (optional)
INFO:     > rmodels:... loaded (optional)
INFO:     > raudio:.... loaded (optional)
INFO: DISPLAY: Trying to enable MSAA x4
INFO: DISPLAY: Device initialized successfully 
INFO:     > Display size: 1280 x 800
INFO:     > Screen size:  1280 x 800
INFO:     > Render size:  1280 x 800
INFO:     > Viewport offsets: 0, 0
INFO: GLAD: OpenGL extensions loaded successfully
INFO: GL: Supported extensions count: 229
INFO: GL: OpenGL device information:
INFO:     > Vendor:   Mesa
INFO:     > Renderer: llvmpipe (LLVM 20.1.2, 256 bits)
INFO:     > Version:  4.5 (Core Profile) Mesa 25.2.8-0ubuntu0.24.04.2
INFO:     > GLSL:     4.50
INFO: GL: VAO extension detected, VAO functions loaded successfully
INFO: GL: NPOT textures extension detected, full NPOT textures supported
INFO: GL: DXT compressed textures supported
INFO: GL: ETC2/EAC compressed textures supported
INFO: PLATFORM: DESKTOP (GLFW - X11): Initialized successfully
INFO: TEXTURE: [ID 1] Texture loaded successfully (1x1 | R8G8B8A8 | 1 mipmaps)
INFO: TEXTURE: [ID 1] Default texture loaded successfully
INFO: SHADER: [ID 1] Vertex shader compiled successfully
INFO: SHADER: [ID 2] Fragment shader compiled successfully
INFO: SHADER: [ID 3] Program shader loaded successfully
INFO: SHADER: [ID 3] Default shader loaded successfully
INFO: RLGL: Render batch vertex buffers loaded successfully in RAM (CPU)
INFO: RLGL: Render batch vertex buffers loaded successfully in VRAM (GPU)
INFO: RLGL: Default OpenGL state initialized successfully
INFO: TEXTURE: [ID 2] Texture loaded successfully (128x128 | GRAY_ALPHA | 1 mipmaps)
INFO: FONT: Default font loaded successfully (224 glyphs)
INFO: SYSTEM: Working Directory: /home/user/wt/heat-pin
INFO: TIMER: Target time per frame: 0.000 milliseconds
FINALE-KIT: Syndicate
FINALE-KIT: Syndicate
REINFORCEMENTS: +2 (SCOUT,SCOUT)
FINALE-KIT: Legion
WAVE: +3 (CUSTODIAN,SAPPER,DRONE) [rich]
WAVE: +3 (SCREENER,SHIELD,SPOTTER) [rich]
WAVE: +1 (DRONE) [rich]
WAVE: +3 (DRONE,SCREENER,SHIELD) [rich]
WAVE: +3 (SCREENER,SCREENER,DRONE) [rich]
WAVE: +3 (SHIELD,SAPPER,DRONE) [rich]
FINALE-KIT: Legion
WAVE: +3 (SPOTTER,DRONE,SHIELD) [rich]
WAVE: +3 (SAPPER,SAPPER,DRONE) [rich]
WAVE: +3 (SPOTTER,DRONE,SAPPER) [rich]
FINALE-KIT: Wardens
REINFORCEMENTS: +2 (GRUNT,GRUNT)
REINFORCEMENTS: +2 (GRUNT,SCOUT)
REINFORCEMENTS: +2 (SCOUT,SCOUT)
match 5/20  (W:1 L:4 cap:0)  5.1s
FINALE-KIT: Wardens
FINALE-KIT: Wardens
WAVE: +2 (LANCER,BERSERKER) [rich]
WAVE: +2 (BRUISER,BERSERKER) [rich]
WAVE: +2 (BRUISER,BRUISER) [rich]
WAVE: +3 (SNIPER,CUSTODIAN,CUSTODIAN) [rich]
WAVE: +3 (SNIPER,SNIPER,CUSTODIAN) [rich]
WAVE: +3 (GRUNT,MORTAR,MORTAR) [rich]
FINALE-KIT: Wardens
WAVE: +2 (GRUNT,BRUISER) [rich]
WAVE: +2 (STRIKER,BERSERKER) [rich]
WAVE: +2 (LANCER,HUNTER) [rich]
WAVE: +3 (MEDIC,SCOUT,CUSTODIAN) [rich]
WAVE: +3 (SCOUT,MEDIC,MORTAR) [rich]
WAVE: +2 (GRUNT,CUSTODIAN) [rich]
WAVE: +3 (GRUNT,SNIPER,SNIPER) [rich]
WAVE: +3 (SNIPER,MEDIC,SCOUT) [rich]
FINALE-KIT: Syndicate
FINALE-KIT: Syndicate
WAVE: +3 (BERSERKER,SCOUT,BRUISER) [rich]
WAVE: +3 (BRUISER,SCOUT,BRUISER) [rich]
WAVE: +3 (LANCER,HOUND,BERSERKER) [rich]
match 10/20  (W:2 L:8 cap:0)  6.0s
FINALE-KIT: Legion
FINALE-KIT: Legion
FINALE-KIT: Wardens
WAVE: +2 (SPOTTER,DRONE) [rich]
WAVE: +2 (SAPPER,SAPPER) [rich]
WAVE: +2 (SHIELD,DRONE) [rich]
FINALE-KIT: Wardens
WAVE: +2 (SHIELD,GRUNT) [rich]
WAVE: +2 (GRUNT,SPOTTER) [rich]
WAVE: +2 (SAPPER,GRUNT) [rich]
FINALE-KIT: Syndicate
WAVE: +3 (SNIPER,SNIPER,MORTAR) [rich]
WAVE: +3 (GRUNT,SNIPER,GRUNT) [rich]
WAVE: +3 (GRUNT,SNIPER,MEDIC) [rich]
REINFORCEMENTS: +2 (SCOUT,GRUNT)
match 15/20  (W:4 L:11 cap:0)  7.4s
FINALE-KIT: Syndicate
WAVE: +3 (MEDIC,MEDIC,SNIPER) [rich]
WAVE: +3 (MORTAR,SNIPER,GRUNT) [rich]
WAVE: +1 (SCOUT) [rich]
FINALE-KIT: Syndicate
WAVE: +2 (SNIPER,HOUND) [rich]
WAVE: +2 (DRONE,LANCER) [rich]
WAVE: +2 (WARBRINGER,STRIKER) [rich]
FINALE-KIT: Syndicate
WAVE: +2 (GRUNT,HOUND) [rich]
WAVE: +2 (SPOTTER,SNIPER) [rich]
WAVE: +2 (SNIPER,LANCER) [rich]
FINALE-KIT: Wardens
WAVE: +2 (MORTAR,GRUNT) [rich]
WAVE: +2 (PIKEMAN,MEDIC) [rich]
WAVE: +2 (SNIPER,PIKEMAN) [rich]
REINFORCEMENTS: +2 (SCOUT,SCOUT)
FINALE-KIT: Wardens
match 20/20  (W:6 L:14 cap:0)  8.4s

══════════════════════ SIGHTLINE BALANCE REPORT ══════════════════════
runs=20  missions=73

RUN OUTCOMES (campaign):  win-rate   30%   avg missions cleared 4.0

POLICY GAP (optimal vs human-error; campaign runs only):
  greedy win-rate   30%  (n=10)
  sloppy win-rate   30%  (n=10)
  GAP    0 pts  (healthy slack)
  PAIRED (same-seed slots): pairs=10  concordant=6  discordant greedy-only-won=2 / sloppy-only-won=2  paired gap    0 pts
  PER-SLOT RECORDS (greedy | sloppy: outcome + missions cleared; margin = g−s):
    slot 120 @h2: L 5 | L 5   margin +0
    slot 121 @h2: L 5 | W 6   margin -1
    slot 122 @h2: L 5 | L 2   margin +3
    slot 123 @h2: L 5 | L 3   margin +2
    slot 124 @h2: L 2 | W 6   margin -4
    slot 125 @h2: W 6 | L 1   margin +5
    slot 126 @h2: L 2 | L 2   margin +0
    slot 127 @h2: W 6 | W 6   margin +0
    slot 128 @h2: L 3 | L 3   margin +0
    slot 129 @h2: W 6 | L 0   margin +6
  PAIRED MARGIN (missions cleared, all pairs): +1.10 ±0.94 SE  (n=10 pairs)
  by objective (greedy / sloppy / gap):
    Decapitate :   38% /   60% / gap  -23
    Defend     :  100% /   86% / gap   14
    Eliminate  :  100% /   82% / gap   18
    Escort     :  100% /  100% / gap    0
    Hack       :  100% /    0% / gap  100
    Rescue     :  100% /  100% / gap    0
    Sabotage   :   50% /   75% / gap  -25

DECISION RICHNESS / SWING:
  meaningful-choices/turn 3.77   lead-swings/match 0.8   avg max-swing 43.0
  [shot-gate] acting-soldiers/turn 3.38   armed-soldiers/turn 1.71   armed-fraction 51%   turns-with-a-shot 67%   choices/ARMED-soldier-turn 2.20
  [choice-split] los-targets/ARMED 3.54   target-choices/ARMED 0.79   position-choices/ARMED 1.41

RUN COMPLETION BY HEAT (full-campaign clears):
  heat 2:   30% ±10  (n=20 runs, avg 4.0 missions)
  HEAT LEAK: pinned=yes  heat-raising picks=0  campaigns raised=0  missions off-rung=0/73

INTEL ECONOMY BY HEAT (campaign runs; heat-bonus = the Heat.IntelBonus share of income):
  heat 2: earned  143.9/run   heat-bonus  21.2 (  15% of income)   spent  125.3   unspent   18.6

MISSION WIN-RATE BY HEAT:
  heat 2:   81%  (n=73, avg 6.0 turns)

MISSION WIN-RATE BY OBJECTIVE:
  Eliminate  :   91% ±6  (n=22, avg 4.6 turns)
  Defend     :   93% ±7  (n=14, avg 8.8 turns)
  Decapitate :   46% ±14  (n=13, avg 5.2 turns)
  Rescue     :  100% ±0  (n=8, avg 3.9 turns)
  Sabotage   :   63% ±17  (n=8, avg 4.4 turns)
  Escort     :  100% ±0  (n=4, avg 12.0 turns)
  Hack       :   67% ±27  (n=3, avg 4.3 turns)
  Evac       :  100% ±0  (n=1, avg 20.0 turns)

MISSION WIN-RATE BY OBJECTIVE x NODE KIND (a capstone must never pool with a mid-run node):
  Eliminate  : Start:  95%(n=20)  Combat:  50%(n=2)
               depth: m1:95%(20) m2:50%(2)
  Defend     : Elite:  83%(n=6)  Combat: 100%(n=6)  Supply: 100%(n=2)
               depth: m2:100%(4) m3:100%(3) m4:50%(2) m5:100%(5)
  Decapitate : Boss:  55%(n=11)  Combat:   0%(n=2)
               depth: m4:0%(2) m6:55%(11)
  Rescue     : Combat: 100%(n=4)  Elite: 100%(n=3)  Supply: 100%(n=1)
               depth: m3:100%(2) m4:100%(5) m5:100%(1)
  Sabotage   : Supply: 100%(n=4)  Elite:  50%(n=2)  Combat:   0%(n=2)
               depth: m2:100%(2) m3:25%(4) m4:100%(2)
  Escort     : Supply: 100%(n=2)  Combat: 100%(n=2)
               depth: m2:100%(1) m4:100%(1) m5:100%(2)
  Hack       : Combat:  67%(n=3)
               depth: m3:50%(2) m4:100%(1)
  Evac       : Supply: 100%(n=1)
               depth: m3:100%(1)

ENCOUNTER COMPLETION on MID-RUN nodes (Combat+Elite) — clear% is the share of the fight actually fought:
  objective     n   win%   turns   force    +rf  killed  clear%   prs  WONclear%
  Defend        12   92%     8.8    5.50   7.33    4.42    34.4  0.00     36.2 (n=11)
  Rescue         7  100%     3.9    8.57   0.00    0.00     0.0  0.00      0.0 (n=7)
  Sabotage       4   25%     6.0    6.00   0.00    1.50    25.0  0.00     28.6 (n=1)
  Hack           3   67%     4.3    7.33   0.00    1.33    18.2  0.33     13.3 (n=2)
  Escort         2  100%     5.0    6.50   0.00    0.00     0.0  0.00      0.0 (n=2)
  Eliminate      2   50%     9.0    5.00   0.00    4.50    90.0  2.00    100.0 (n=1)
  Decapitate     2    0%     5.5    8.00   0.00    0.50     6.3  0.50      0.0 (n=0)
  ---- the two classes ----
  KILL           4   25%     7.3    6.50   0.00    2.50    38.5  1.25    100.0 (n=1)
  NON-KILL      28   82%     6.4    6.61   3.14    2.25    23.1  0.04     23.3 (n=23)

DECAPITATE HVT (buff = +6+1*mission HP, +6 aim; ELITE exempt):
  EXEMPT  :   55% ±15  (n=11, avg 5.2 turns, HVT 22.1 max HP)  [m6:55%(11)]
  BUFFED  :    0% ±0  (n=2, avg 5.5 turns, HVT 26.0 max HP)  [m4:0%(2)]

MISSION WIN-RATE BY MISSION #:
  m1:   95% ±5  (n=20)
  m2:   89% ±10  (n=9)
  m3:   67% ±14  (n=12)
  m4:   77% ±12  (n=13)
  m5:  100% ±0  (n=8)
  m6:   55% ±15  (n=11)

LOSS CAUSES (missions):
  RUN OVER              : 14

MISSION WIN-RATE BY ARENA (authored layouts, n>=3; procedural fallback   19% of 73 missions):
  arena  4:   67% ±27  (n=3, avg 4.3 turns)  [m2:100%(2) m4:0%(1)]
  arena 10:   67% ±27  (n=3, avg 4.7 turns)  [m3:67%(3)]
  arena 13:  100% ±0  (n=5, avg 2.4 turns)  [m1:100%(2) m2:100%(1) m4:100%(2)]
  arena 14:   75% ±22  (n=4, avg 4.5 turns)  [m1:100%(2) m3:50%(2)]
  arena 15:   83% ±15  (n=6, avg 9.0 turns)  [m1:100%(2) m2:100%(2) m3:100%(1) m6:0%(1)]
  arena 18:  100% ±0  (n=4, avg 3.5 turns)  [m1:100%(2) m4:100%(2)]
  arena 21:   75% ±22  (n=4, avg 4.5 turns)  [m1:75%(4)]
  arena 28:  100% ±0  (n=3, avg 5.3 turns)  [m1:100%(2) m4:100%(1)]
  arena 32:   50% ±25  (n=4, avg 7.8 turns)  [m3:100%(1) m5:100%(1) m6:0%(2)]
  arena 34:  100% ±0  (n=4, avg 6.8 turns)  [m2:100%(2) m6:100%(2)]
  procedural:   86% ±9  (n=14, avg 5.5 turns)  [m1:100%(4) m3:100%(2) m4:67%(3) m5:100%(2) m6:67%(3)]

DEPLOYMENT GEOMETRY (opening shape; choices/ARMED is the wave's real gate):
  FRONTAL   :   80% ±8  (n=25, avg 7.0 turns)  choices/turn 3.43  choices/ARMED 1.83  los-targets/ARMED 4.17
  PINCER    :   79%  (n=33, avg 5.0 turns)  choices/turn 5.09  choices/ARMED 2.83  los-targets/ARMED 3.28
  CROSSFIRE :   75% ±22  (n=4, avg 7.3 turns)  choices/turn 0.85  choices/ARMED 1.57  los-targets/ARMED 1.21
  ENVELOP   :   91% ±9  (n=11, avg 6.2 turns)  choices/turn 2.58  choices/ARMED 1.65  los-targets/ARMED 2.62

ARENA FUNNEL (Mission.Build exits, n=89 builds, all modes):
  authored-applied    :  80.9%  (n=72)
  connectivity-reject :   0.0%  (n=0)
  procedural-roll     :  19.1%  (n=17)

DECK EXPOSURE (campaign runs n=20):
  distinct authored arenas/run : 2.95 mean (all runs)
  ... full-depth runs only     : 3.67 mean over 4.8 fights/run (n=6)
  Defend dealt on the route    :   60% of runs (n=12)

ENEMY DECISION MIX (contested acts=1198; all-downed acts not counted=463):
  shoot           736    61%
  hunker          214    18%
  move            111     9%
  heal             33     3%
  grenade          32     3%
  reload           26     2%
  brace            13     1%
  siege             8     1%
  item              7     1%
  overwatch         7     1%
  staleplan         6     1%
  relock            4     0%
  sap               1     0%

  the shot on the table (acts where the chosen tile HAD a shot = 804):
    hit% band     taken   share   E[dmg]/shot   declined   share   E[dmg]/shot
      0-19           2      0%          0.80          3     60%          0.64
     20-39          13      2%          1.26          2     40%          1.42
     40-59          65      9%          1.84          0      0%          0.00
     60-79         246     33%          2.50          0      0%          0.00
      80+          410     56%          3.60          0      0%          0.00
    TOTAL           736                              5
  taken   92% / DECLINED    1% / preempted by another verb    8%
  enemy lanes held (overwatch+brace) 20; reaction shots fired 3  ->   15% of lanes paid off   [C2: DeclineWatchRatio is a bet on this number]

ACTION MIX (verbs issued, by policy):
  verb                  greedy        sloppy
  MOVE               580   39%     447   37%
  SHOOT              361   24%     282   23%
  HUNKER             181   12%     138   11%
  BRACE               55    4%      70    6%
  STABILIZE           48    3%      35    3%
  RELOAD              45    3%      37    3%
  INTEL               39    3%      33    3%
  ITEM:SMOKE          24    2%      22    2%
  FOCUS               23    2%      23    2%
  SLIPSTREAM          27    2%      18    1%
  PIN                 21    1%      19    2%
  OVERWATCH           20    1%      13    1%
  PLANT               14    1%      18    1%
  MARK                24    2%       6    0%
  PATCH                4    0%      12    1%
  GRENADE              5    0%       8    1%
  REARM                5    0%       6    0%
  GRAPPLE              3    0%       5    0%
  EXTRACT              4    0%       3    0%
  HACK                 4    0%       2    0%
  BEACON               3    0%       1    0%
  DRAG                 1    0%       1    0%
  ITEM:INCENDIARY       0    0%       1    0%
  BARREL               0    0%       1    0%
  ITEM:FLASH           0    0%       1    0%

PLAYER CLASS PERFORMANCE:
  class        shots   hit%   dmg   kills
  SHARPSHOOTER    131    92%    934     51
  ASSAULT        157    90%    692     38
  GUNNER         154    86%    662     44
  RANGER         111    84%    637     48
  CORPSMAN        59    90%    240     16

SOLDIER DEATHS BY ENEMY CLASS (threat ranking):
  ELITE      : 21
  GRUNT      : 16
  SNIPER     : 15
  BRUISER    : 11
  SHIELD     : 9
  BURN       : 7
  SPOTTER    : 6
  SCREENER   : 6
  DRONE      : 3
  WARBRINGER : 3
  MORTAR     : 3
  HOUND      : 3
  SAPPER     : 2
  SCOUT      : 2
  LANCER     : 2
  TURRET     : 1
  MEDIC      : 1
  BERSERKER  : 1
  PIKEMAN    : 1
  STRIKE     : 1
  STRIKER    : 1

SOLDIER DOWNS (FUL-7 bleed-out): 239 downs -> revived 8 / recovered 49 / bled out 167 / finished 15  (save-rate   24%)
  corpsman fielded in 31 missions

ENEMY COMPOSITION (spawns; faction-stamped fights n=507 / default-cascade fights n=149):
  class        faction         default
  GRUNT           28    6%       52   35%
  SCOUT           19    4%       35   23%
  DRONE           38    7%       10    7%
  BRUISER         45    9%        2    1%
  SNIPER          39    8%        7    5%
  ELITE           37    7%        6    4%
  SCREENER        31    6%        0    0%
  SHIELD          31    6%        0    0%
  LANCER          26    5%        4    3%
  SAPPER          25    5%        4    3%
  MORTAR          29    6%        0    0%
  BERSERKER       26    5%        2    1%
  MEDIC           21    4%        2    1%
  CUSTODIAN       21    4%        0    0%
  TURRET          13    3%        8    5%
  HOUND           17    3%        2    1%
  STRIKER         18    4%        1    1%
  HUNTER           9    2%        7    5%
  SPOTTER         12    2%        3    2%
  PIKEMAN         12    2%        0    0%
  WARBRINGER       9    2%        1    1%
  BOMBARD          1    0%        3    2%

PERK PICK FREQUENCY:
  OUT           : 18
  MOM           : 10
  RFX           : 9
  LCK           : 9
  HRD           : 9
  EXC           : 8
  FST           : 8
  PLT           : 8
  TNK           : 7
  MRK           : 7
  SGE           : 6
  CLH           : 6
  GRD           : 5
  VNT           : 5
  CQB           : 5
  BND           : 5
  SKR           : 5
  BRK           : 4
  GUN           : 4

SHOP PURCHASE FREQUENCY:
  FIELD MEDKIT      : 54
  WPN: HOLLOW POINT : 30
  WPN: SCOPE        : 30
  BALLISTIC PLATING : 29
  COMBAT STIMS      : 21
  WPN: STABILIZER   : 16
  WPN: BIPOD        : 12
  FRAG CACHE        : 11
  ARMORY            : 11
  WPN: SUPPRESSOR   : 10
  COUNTER-PREP      : 10
  ADV. TRAINING     : 9
  WPN: EXTENDED MAG : 8

BOON PICK FREQUENCY (PROCS = effect fires at instrumented sites; '-' = not instrumented;
                      PYR counts the +2-turn-burn half only — the Burning-immunity half is uninstrumented):
  code                 picks   PROCS
  ADR               :     7       -
  PYR               :     5       1
  SHK               :     5       5
  FDR               :     4       0
  FVR               :     4       -
  RCL               :     4       0
  EXE               :     3       -
  GHO               :     3       -
  GRN               :     3       -
  RPD               :     3       -
  TRR               :     3      13
  FRT               :     2       -
  FST               :     2      26
  SCV               :     2       -
  VNM               :     2       -
  MRK               :     1       -

RUN WIN-RATE BY BOON (campaign runs holding it):
  ADR               :   43% ±19  (in 7 runs)
  PYR               :   60% ±22  (in 5 runs)
  SHK               :   40% ±22  (in 5 runs)
  FDR               :   25% ±22  (in 4 runs)
  FVR               :   25% ±22  (in 4 runs)
  RCL               :   50% ±25  (in 4 runs)
  EXE               :   67% ±27  (in 3 runs)
  GHO               :   67% ±27  (in 3 runs)
  GRN               :   33% ±27  (in 3 runs)
  RPD               :   33% ±27  (in 3 runs)
  TRR               :   33% ±27  (in 3 runs)
  FRT               :    0% ±0  (in 2 runs)
  FST               :    0% ±0  (in 2 runs)
  SCV               :   50% ±35  (in 2 runs)
  VNM               :  100% ±0  (in 2 runs)
  MRK               :  100% ±0  (in 1 runs)

RUN WIN-RATE BY SPEC (campaign runs fielding it):
  PHN               :   25% ±22  (in 4 runs)
  SNT               :    0% ±0  (in 4 runs)
  HHT               :   33% ±27  (in 3 runs)
  PTH               :   33% ±27  (in 3 runs)
  ADN               :  100% ±0  (in 2 runs)
  ANC               :    0% ±0  (in 2 runs)
  JUG               :    0% ±0  (in 2 runs)
  BRC               :    0% ±0  (in 1 runs)
  SRG               :  100% ±0  (in 1 runs)

RUN WIN-RATE BY PERK (campaign runs holding it):
  OUT               :   27% ±13  (in 11 runs)
  MOM               :   38% ±17  (in 8 runs)
  PLT               :   50% ±18  (in 8 runs)
  EXC               :   29% ±17  (in 7 runs)
  HRD               :   43% ±19  (in 7 runs)
  LCK               :   57% ±19  (in 7 runs)
  MRK               :   29% ±17  (in 7 runs)
  RFX               :   29% ±17  (in 7 runs)
  FST               :   33% ±19  (in 6 runs)
  TNK               :   67% ±19  (in 6 runs)
  BND               :  100% ±0  (in 5 runs)
  CQB               :   20% ±18  (in 5 runs)
  GRD               :   40% ±22  (in 5 runs)
  SGE               :   20% ±18  (in 5 runs)
  BRK               :   50% ±25  (in 4 runs)
  CLH               :   50% ±25  (in 4 runs)
  GUN               :   75% ±22  (in 4 runs)
  SKR               :   25% ±22  (in 4 runs)
  VNT               :   50% ±25  (in 4 runs)

RUN WIN-RATE BY PURCHASE (campaign runs buying it):
  FIELD MEDKIT      :   33% ±11  (in 18 runs)
  WPN: HOLLOW POINT :   42% ±14  (in 12 runs)
  WPN: SCOPE        :   25% ±13  (in 12 runs)
  BALLISTIC PLATING :   50% ±16  (in 10 runs)
  COUNTER-PREP      :   44% ±17  (in 9 runs)
  ARMORY            :   50% ±18  (in 8 runs)
  WPN: BIPOD        :   50% ±18  (in 8 runs)
  COMBAT STIMS      :   29% ±17  (in 7 runs)
  WPN: STABILIZER   :   43% ±19  (in 7 runs)
  WPN: SUPPRESSOR   :   43% ±19  (in 7 runs)
  ADV. TRAINING     :   50% ±20  (in 6 runs)
  FRAG CACHE        :   40% ±22  (in 5 runs)
  WPN: EXTENDED MAG :   50% ±25  (in 4 runs)

RUN WIN-RATE BY EVENT-CHOICE (campaign runs taking id:arm):
  blackmarket:2     :    0% ±0  (in 4 runs)
  cache:1           :   67% ±27  (in 3 runs)
  fieldhospital:2   :    0% ±0  (in 2 runs)
  informant:2       :   50% ±35  (in 2 runs)
  medic:1           :  100% ±0  (in 2 runs)
  relic:1           :    0% ±0  (in 2 runs)
  warchest:1        :    0% ±0  (in 2 runs)
  defector:1        :  100% ±0  (in 1 runs)
  drill:1           :    0% ±0  (in 1 runs)
  medic:0           :  100% ±0  (in 1 runs)
═══════════════════════════════════════════════════════════════════════

batch wall-time: 8.4s  (20 matches across 10 campaigns × 2 policy, frame-cap hits: 0)
aggregate JSON -> /home/user/wt/heat-pin/docs/measurements/l5/L5-h2-b120.json
INFO: TEXTURE: [ID 2] Unloaded texture data from VRAM (GPU)
INFO: SHADER: [ID 3] Default shader unloaded successfully
INFO: TEXTURE: [ID 1] Default texture unloaded successfully
INFO: Window closed successfully
