BALANCE: heat PINNED for this batch (field-event AddHeat is a no-op; SIGHTLINE_HEATPIN=0 restores the leak)
INFO: Initializing raylib 6.0
INFO: Platform backend: DESKTOP (GLFW)
INFO: Supported raylib modules:
INFO:     > rcore:..... loaded (mandatory)
INFO:     > rlgl:...... loaded (mandatory)
INFO:     > rshapes:... loaded (optional)
INFO:     > rtextures:. loaded (optional)
INFO:     > rtext:..... loaded (optional)
INFO:     > rmodels:... loaded (optional)
INFO:     > raudio:.... loaded (optional)
INFO: DISPLAY: Trying to enable MSAA x4
INFO: DISPLAY: Device initialized successfully 
INFO:     > Display size: 1280 x 800
INFO:     > Screen size:  1280 x 800
INFO:     > Render size:  1280 x 800
INFO:     > Viewport offsets: 0, 0
INFO: GLAD: OpenGL extensions loaded successfully
INFO: GL: Supported extensions count: 229
INFO: GL: OpenGL device information:
INFO:     > Vendor:   Mesa
INFO:     > Renderer: llvmpipe (LLVM 20.1.2, 256 bits)
INFO:     > Version:  4.5 (Core Profile) Mesa 25.2.8-0ubuntu0.24.04.2
INFO:     > GLSL:     4.50
INFO: GL: VAO extension detected, VAO functions loaded successfully
INFO: GL: NPOT textures extension detected, full NPOT textures supported
INFO: GL: DXT compressed textures supported
INFO: GL: ETC2/EAC compressed textures supported
INFO: PLATFORM: DESKTOP (GLFW - X11): Initialized successfully
INFO: TEXTURE: [ID 1] Texture loaded successfully (1x1 | R8G8B8A8 | 1 mipmaps)
INFO: TEXTURE: [ID 1] Default texture loaded successfully
INFO: SHADER: [ID 1] Vertex shader compiled successfully
INFO: SHADER: [ID 2] Fragment shader compiled successfully
INFO: SHADER: [ID 3] Program shader loaded successfully
INFO: SHADER: [ID 3] Default shader loaded successfully
INFO: RLGL: Render batch vertex buffers loaded successfully in RAM (CPU)
INFO: RLGL: Render batch vertex buffers loaded successfully in VRAM (GPU)
INFO: RLGL: Default OpenGL state initialized successfully
INFO: TEXTURE: [ID 2] Texture loaded successfully (128x128 | GRAY_ALPHA | 1 mipmaps)
INFO: FONT: Default font loaded successfully (224 glyphs)
INFO: SYSTEM: Working Directory: /home/user/wt/heat-pin
INFO: TIMER: Target time per frame: 0.000 milliseconds
FINALE-KIT: Legion
WAVE: +3 (LANCER,BERSERKER,BERSERKER) [rich]
WAVE: +3 (HUNTER,LANCER,BRUISER) [rich]
WAVE: +3 (HOUND,LANCER,HUNTER) [rich]
WAVE: +3 (BERSERKER,WARBRINGER,BERSERKER) [rich]
FINALE-KIT: Legion
WAVE: +3 (HUNTER,HUNTER,STRIKER) [rich]
WAVE: +3 (GRUNT,HUNTER,BRUISER) [rich]
WAVE: +3 (HOUND,STRIKER,STRIKER) [rich]
WAVE: +3 (HUNTER,BRUISER,BERSERKER) [rich]
FINALE-KIT: Syndicate
FINALE-KIT: Syndicate
FINALE-KIT: Syndicate
match 5/20  (W:0 L:5 cap:0)  3.5s
FINALE-KIT: Syndicate
FINALE-KIT: Wardens
WAVE: +2 (HOUND,STRIKER) [rich]
WAVE: +2 (LANCER,HOUND) [rich]
WAVE: +2 (HOUND,BRUISER) [rich]
WAVE: +2 (WARBRINGER,MORTAR) [rich]
WAVE: +2 (PIKEMAN,BERSERKER) [rich]
WAVE: +2 (HUNTER,SNIPER) [rich]
WAVE: +3 (SHIELD,DRONE,DRONE) [rich]
WAVE: +3 (GRUNT,SAPPER,SCREENER) [rich]
FINALE-KIT: Wardens
WAVE: +2 (HUNTER,SNIPER) [rich]
WAVE: +2 (MEDIC,SHIELD) [rich]
WAVE: +2 (DRONE,PIKEMAN) [rich]
WAVE: +3 (CUSTODIAN,GRUNT,SAPPER) [rich]
WAVE: +3 (SHIELD,DRONE,SCREENER) [rich]
WAVE: +3 (GRUNT,GRUNT,SCREENER) [rich]
WAVE: +3 (SPOTTER,SCREENER,SAPPER) [rich]
WAVE: +3 (SAPPER,SCREENER,SAPPER) [rich]
FINALE-KIT: Syndicate
FINALE-KIT: Syndicate
match 10/20  (W:0 L:10 cap:0)  6.3s
FINALE-KIT: Syndicate
FINALE-KIT: Syndicate
FINALE-KIT: Wardens
WAVE: +2 (BRUISER,LANCER) [rich]
WAVE: +2 (BRUISER,HOUND) [rich]
WAVE: +2 (BRUISER,HUNTER) [rich]
REINFORCEMENTS: +2 (SCOUT,GRUNT)
FINALE-KIT: Wardens
WAVE: +2 (BERSERKER,BERSERKER) [rich]
WAVE: +2 (SCOUT,SCOUT) [rich]
WAVE: +2 (HUNTER,BERSERKER) [rich]
FINALE-KIT: Legion
WAVE: +3 (BERSERKER,SHIELD,LANCER) [rich]
WAVE: +3 (DRONE,STRIKER,STRIKER) [rich]
WAVE: +3 (HOUND,HOUND,LANCER) [rich]
REINFORCEMENTS: +2 (SCOUT,SCOUT)
REINFORCEMENTS: +2 (SCOUT,SCOUT)
match 15/20  (W:3 L:12 cap:0)  8.1s
FINALE-KIT: Legion
WAVE: +3 (BERSERKER,DRONE,HUNTER) [rich]
WAVE: +3 (HOUND,SHIELD,STRIKER) [rich]
WAVE: +3 (SAPPER,SHIELD,BERSERKER) [rich]
FINALE-KIT: Wardens
WAVE: +3 (MORTAR,MORTAR,SPOTTER) [rich]
WAVE: +3 (MEDIC,SNIPER,LANCER) [rich]
WAVE: +3 (SNIPER,HUNTER,LANCER) [rich]
REINFORCEMENTS: +2 (GRUNT,SCOUT)
REINFORCEMENTS: +2 (GRUNT,GRUNT)
FINALE-KIT: Wardens
FINALE-KIT: Wardens
FINALE-KIT: Wardens
match 20/20  (W:5 L:15 cap:0)  9.9s

══════════════════════ SIGHTLINE BALANCE REPORT ══════════════════════
runs=20  missions=70

RUN OUTCOMES (campaign):  win-rate   25%   avg missions cleared 4.0

POLICY GAP (optimal vs human-error; campaign runs only):
  greedy win-rate   20%  (n=10)
  sloppy win-rate   30%  (n=10)
  GAP  -10 pts  (healthy slack)
  PAIRED (same-seed slots): pairs=10  concordant=7  discordant greedy-only-won=1 / sloppy-only-won=2  paired gap  -10 pts
  PER-SLOT RECORDS (greedy | sloppy: outcome + missions cleared; margin = g−s):
    slot 100 @h2: L 4 | L 5   margin -1
    slot 101 @h2: L 0 | L 0   margin +0
    slot 102 @h2: L 4 | L 0   margin +4
    slot 103 @h2: L 3 | L 5   margin -2
    slot 104 @h2: L 3 | L 3   margin +0
    slot 105 @h2: L 5 | W 6   margin -1
    slot 106 @h2: W 6 | W 6   margin +0
    slot 107 @h2: L 5 | W 6   margin -1
    slot 108 @h2: L 5 | L 2   margin +3
    slot 109 @h2: W 6 | L 5   margin +1
  PAIRED MARGIN (missions cleared, all pairs): +0.30 ±0.60 SE  (n=10 pairs)
  by objective (greedy / sloppy / gap):
    Decapitate :   40% /   50% / gap  -10
    Defend     :   67% /  100% / gap  -33
    Eliminate  :   80% /   69% / gap   11
    Escort     :  100% /  100% / gap    0
    Hack       :  100% /  100% / gap    0
    Rescue     :  100% /  100% / gap    0
    Sabotage   :  100% /  100% / gap    0

DECISION RICHNESS / SWING:
  meaningful-choices/turn 3.56   lead-swings/match 0.7   avg max-swing 44.1
  [shot-gate] acting-soldiers/turn 3.19   armed-soldiers/turn 1.55   armed-fraction 49%   turns-with-a-shot 63%   choices/ARMED-soldier-turn 2.30
  [choice-split] los-targets/ARMED 2.46   target-choices/ARMED 0.47   position-choices/ARMED 1.83

RUN COMPLETION BY HEAT (full-campaign clears):
  heat 2:   25% ±10  (n=20 runs, avg 4.0 missions)
  HEAT LEAK: pinned=yes  heat-raising picks=0  campaigns raised=0  missions off-rung=0/70

INTEL ECONOMY BY HEAT (campaign runs; heat-bonus = the Heat.IntelBonus share of income):
  heat 2: earned  143.1/run   heat-bonus  20.0 (  14% of income)   spent  124.8   unspent   18.3

MISSION WIN-RATE BY HEAT:
  heat 2:   79%  (n=70, avg 5.1 turns)

MISSION WIN-RATE BY OBJECTIVE:
  Eliminate  :   75% ±8  (n=28, avg 5.0 turns)
  Defend     :   82% ±12  (n=11, avg 8.5 turns)
  Decapitate :   45% ±15  (n=11, avg 5.3 turns)
  Rescue     :  100% ±0  (n=11, avg 3.1 turns)
  Sabotage   :  100% ±0  (n=4, avg 3.0 turns)
  Escort     :  100% ±0  (n=3, avg 4.7 turns)
  Hack       :  100% ±0  (n=2, avg 3.0 turns)

MISSION WIN-RATE BY OBJECTIVE x NODE KIND (a capstone must never pool with a mid-run node):
  Eliminate  : Start:  85%(n=20)  Combat:  60%(n=5)  Elite:  33%(n=3)
               depth: m1:85%(20) m3:50%(2) m4:60%(5) m5:0%(1)
  Defend     : Supply: 100%(n=5)  Elite:  75%(n=4)  Combat:  50%(n=2)
               depth: m2:100%(2) m3:100%(2) m4:75%(4) m5:67%(3)
  Decapitate : Boss:  45%(n=11)
               depth: m6:45%(11)
  Rescue     : Supply: 100%(n=8)  Combat: 100%(n=3)
               depth: m2:100%(2) m3:100%(4) m4:100%(3) m5:100%(2)
  Sabotage   : Supply: 100%(n=2)  Combat: 100%(n=2)
               depth: m2:100%(2) m5:100%(2)
  Escort     : Supply: 100%(n=3)
               depth: m2:100%(3)
  Hack       : Supply: 100%(n=2)
               depth: m4:100%(2)

ENCOUNTER COMPLETION on MID-RUN nodes (Combat+Elite) — clear% is the share of the fight actually fought:
  objective     n   win%   turns   force    +rf  killed  clear%   prs  WONclear%
  Eliminate      8   50%     6.9    8.63   0.00    5.00    58.0  1.25    100.0 (n=4)
  Defend         6   67%     8.0    5.67   6.50    3.50    28.8  0.00     31.3 (n=4)
  Rescue         3  100%     3.7    8.67   0.00    0.00     0.0  0.00      0.0 (n=3)
  Sabotage       2  100%     2.5    7.00   0.00    1.00    14.3  0.00     14.3 (n=2)
  ---- the two classes ----
  KILL           8   50%     6.9    8.63   0.00    5.00    58.0  1.25    100.0 (n=4)
  NON-KILL      11   82%     5.8    6.73   3.55    2.09    20.4  0.00     19.3 (n=9)

DECAPITATE HVT (buff = +6+1*mission HP, +6 aim; ELITE exempt):
  EXEMPT  :   45% ±15  (n=11, avg 5.3 turns, HVT 22.6 max HP)  [m6:45%(11)]

MISSION WIN-RATE BY MISSION #:
  m1:   85% ±8  (n=20)
  m2:  100% ±0  (n=9)
  m3:   88% ±12  (n=8)
  m4:   79% ±11  (n=14)
  m5:   75% ±15  (n=8)
  m6:   45% ±15  (n=11)

LOSS CAUSES (missions):
  RUN OVER              : 15

MISSION WIN-RATE BY ARENA (authored layouts, n>=3; procedural fallback   16% of 70 missions):
  arena 10:   60% ±22  (n=5, avg 5.0 turns)  [m1:50%(2) m4:100%(2) m6:0%(1)]
  arena 12:   67% ±27  (n=3, avg 7.7 turns)  [m5:100%(1) m6:50%(2)]
  arena 15:  100% ±0  (n=3, avg 8.7 turns)  [m1:100%(2) m4:100%(1)]
  arena 21:   67% ±27  (n=3, avg 4.3 turns)  [m6:67%(3)]
  arena 28:   67% ±27  (n=3, avg 9.0 turns)  [m4:100%(2) m5:0%(1)]
  arena 31:   67% ±27  (n=3, avg 4.3 turns)  [m5:100%(2) m6:0%(1)]
  arena 32:   83% ±15  (n=6, avg 3.8 turns)  [m1:100%(2) m3:75%(4)]
  procedural:   73% ±13  (n=11, avg 5.8 turns)  [m2:100%(3) m3:100%(1) m4:50%(2) m5:100%(2) m6:33%(3)]

DEPLOYMENT GEOMETRY (opening shape; choices/ARMED is the wave's real gate):
  FRONTAL   :   83% ±8  (n=23, avg 4.3 turns)  choices/turn 3.23  choices/ARMED 2.22  los-targets/ARMED 2.02
  PINCER    :   78% ±10  (n=18, avg 5.2 turns)  choices/turn 3.73  choices/ARMED 2.55  los-targets/ARMED 2.73
  CROSSFIRE :   82% ±12  (n=11, avg 5.7 turns)  choices/turn 4.47  choices/ARMED 2.70  los-targets/ARMED 2.83
  ENVELOP   :   72% ±11  (n=18, avg 5.6 turns)  choices/turn 3.16  choices/ARMED 1.92  los-targets/ARMED 2.37

ARENA FUNNEL (Mission.Build exits, n=83 builds, all modes):
  authored-applied    :  86.7%  (n=72)
  connectivity-reject :   0.0%  (n=0)
  procedural-roll     :  13.3%  (n=11)

DECK EXPOSURE (campaign runs n=20):
  distinct authored arenas/run : 2.95 mean (all runs)
  ... full-depth runs only     : 3.80 mean over 4.4 fights/run (n=5)
  Defend dealt on the route    :   45% of runs (n=9)

ENEMY DECISION MIX (contested acts=1007; all-downed acts not counted=445):
  shoot           555    55%
  hunker          235    23%
  move            104    10%
  grenade          32     3%
  siege            29     3%
  heal             17     2%
  item             14     1%
  reload           10     1%
  sap               4     0%
  staleplan         4     0%
  brace             2     0%
  overwatch         1     0%

  the shot on the table (acts where the chosen tile HAD a shot = 627):
    hit% band     taken   share   E[dmg]/shot   declined   share   E[dmg]/shot
      0-19           0      0%          0.00          0      0%          0.00
     20-39           9      2%          1.18          2    100%          0.71
     40-59          69     12%          2.00          0      0%          0.00
     60-79         193     35%          2.53          0      0%          0.00
      80+          284     51%          3.58          0      0%          0.00
    TOTAL           555                              2
  taken   89% / DECLINED    0% / preempted by another verb   11%
  enemy lanes held (overwatch+brace) 3; reaction shots fired 1  ->   33% of lanes paid off   [C2: DeclineWatchRatio is a bet on this number]

ACTION MIX (verbs issued, by policy):
  verb                  greedy        sloppy
  MOVE               549   44%     465   46%
  SHOOT              347   28%     263   26%
  HUNKER              57    5%      41    4%
  BRACE               54    4%      37    4%
  INTEL               41    3%      31    3%
  RELOAD              39    3%      27    3%
  STABILIZE           25    2%      28    3%
  SLIPSTREAM          27    2%      13    1%
  PIN                 15    1%      23    2%
  MARK                19    2%      10    1%
  FOCUS               11    1%      17    2%
  ITEM:SMOKE          13    1%      13    1%
  PLANT                8    1%       6    1%
  REARM                6    0%       8    1%
  GRENADE              4    0%       9    1%
  BEACON               5    0%       3    0%
  PATCH                6    0%       2    0%
  EXTRACT              4    0%       3    0%
  GRAPPLE              3    0%       4    0%
  OVERWATCH            0    0%       6    1%
  HACK                 2    0%       2    0%
  BARREL               1    0%       1    0%
  DRAG                 2    0%       0    0%
  ITEM:FLASH           0    0%       2    0%
  ITEM:BARRICADE       1    0%       0    0%

PLAYER CLASS PERFORMANCE:
  class        shots   hit%   dmg   kills
  SHARPSHOOTER    104    95%    771     50
  ASSAULT        151    87%    713     47
  RANGER         110    91%    691     48
  GUNNER         164    80%    675     44
  CORPSMAN        34    71%     82      3

SOLDIER DEATHS BY ENEMY CLASS (threat ranking):
  BURN       : 12
  GRUNT      : 12
  ELITE      : 9
  SNIPER     : 8
  STRIKE     : 7
  SHIELD     : 6
  WARBRINGER : 6
  BRUISER    : 5
  SCOUT      : 5
  SCREENER   : 5
  HUNTER     : 4
  STRIKER    : 4
  BERSERKER  : 3
  MORTAR     : 3
  HOUND      : 2
  TURRET     : 2
  CUSTODIAN  : 2
  LANCER     : 2
  DRONE      : 2
  SPOTTER    : 1

SOLDIER DOWNS (FUL-7 bleed-out): 192 downs -> revived 3 / recovered 27 / bled out 139 / finished 23  (save-rate   16%)
  corpsman fielded in 22 missions

ENEMY COMPOSITION (spawns; faction-stamped fights n=377 / default-cascade fights n=225):
  class        faction         default
  GRUNT           33    9%       40   18%
  SCOUT           22    6%       50   22%
  SNIPER          19    5%       22   10%
  BERSERKER       30    8%       10    4%
  ELITE           29    8%        8    4%
  SCREENER        30    8%        5    2%
  HUNTER          26    7%        6    3%
  MEDIC           22    6%        9    4%
  DRONE           24    6%        7    3%
  BRUISER         22    6%        8    4%
  LANCER          17    5%       11    5%
  HOUND           15    4%        6    3%
  SHIELD          12    3%        9    4%
  STRIKER          8    2%        9    4%
  MORTAR          12    3%        5    2%
  WARBRINGER      13    3%        3    1%
  SAPPER          12    3%        3    1%
  PIKEMAN          4    1%        9    4%
  TURRET           8    2%        2    1%
  CUSTODIAN       10    3%        0    0%
  BOMBARD          6    2%        0    0%
  SPOTTER          3    1%        3    1%

PERK PICK FREQUENCY:
  FST           : 13
  MOM           : 10
  LCK           : 10
  OUT           : 10
  BRK           : 9
  TNK           : 9
  CQB           : 8
  BND           : 8
  RFX           : 7
  GUN           : 7
  SKR           : 6
  PLT           : 5
  VNT           : 5
  EXC           : 5
  MRK           : 5
  HRD           : 4
  GRD           : 4
  SGE           : 4
  CLH           : 3

SHOP PURCHASE FREQUENCY:
  WPN: SCOPE        : 40
  WPN: HOLLOW POINT : 29
  BALLISTIC PLATING : 26
  FIELD MEDKIT      : 25
  WPN: EXTENDED MAG : 23
  WPN: STABILIZER   : 19
  WPN: BIPOD        : 18
  ARMORY            : 14
  COMBAT STIMS      : 13
  FRAG CACHE        : 9
  ADV. TRAINING     : 8
  COUNTER-PREP      : 7
  WPN: SUPPRESSOR   : 4

BOON PICK FREQUENCY (PROCS = effect fires at instrumented sites; '-' = not instrumented;
                      PYR counts the +2-turn-burn half only — the Burning-immunity half is uninstrumented):
  code                 picks   PROCS
  TRR               :     9      36
  FDR               :     6       0
  MRK               :     5       -
  ADR               :     4       -
  EXE               :     3       -
  FVR               :     3       -
  GHO               :     3       -
  GRN               :     3       -
  RCL               :     3       0
  SHK               :     3       2
  FRT               :     2       -
  SCV               :     2       -
  VNM               :     2       -
  FST               :     1      14
  RPD               :     1       -

RUN WIN-RATE BY BOON (campaign runs holding it):
  TRR               :   33% ±16  (in 9 runs)
  FDR               :   50% ±20  (in 6 runs)
  MRK               :    0% ±0  (in 5 runs)
  ADR               :   50% ±25  (in 4 runs)
  EXE               :   67% ±27  (in 3 runs)
  FVR               :   33% ±27  (in 3 runs)
  GHO               :   33% ±27  (in 3 runs)
  GRN               :   33% ±27  (in 3 runs)
  RCL               :    0% ±0  (in 3 runs)
  SHK               :   33% ±27  (in 3 runs)
  FRT               :   50% ±35  (in 2 runs)
  SCV               :   50% ±35  (in 2 runs)
  VNM               :    0% ±0  (in 2 runs)
  FST               :    0% ±0  (in 1 runs)
  RPD               :  100% ±0  (in 1 runs)

RUN WIN-RATE BY SPEC (campaign runs fielding it):
  PHN               :    0% ±0  (in 4 runs)
  HHT               :   33% ±27  (in 3 runs)
  JUG               :   33% ±27  (in 3 runs)
  SNT               :   67% ±27  (in 3 runs)
  ANC               :    0% ±0  (in 2 runs)
  PTH               :   50% ±35  (in 2 runs)
  ADN               :  100% ±0  (in 1 runs)

RUN WIN-RATE BY PERK (campaign runs holding it):
  FST               :   27% ±13  (in 11 runs)
  BRK               :   33% ±16  (in 9 runs)
  LCK               :   11% ±10  (in 9 runs)
  OUT               :   38% ±17  (in 8 runs)
  TNK               :   29% ±17  (in 7 runs)
  BND               :   17% ±15  (in 6 runs)
  CQB               :   33% ±19  (in 6 runs)
  GUN               :   33% ±19  (in 6 runs)
  MOM               :   17% ±15  (in 6 runs)
  SKR               :   17% ±15  (in 6 runs)
  RFX               :   20% ±18  (in 5 runs)
  VNT               :   20% ±18  (in 5 runs)
  EXC               :   25% ±22  (in 4 runs)
  GRD               :    0% ±0  (in 4 runs)
  HRD               :   25% ±22  (in 4 runs)
  PLT               :   25% ±22  (in 4 runs)
  MRK               :  100% ±0  (in 3 runs)
  SGE               :   67% ±27  (in 3 runs)
  CLH               :    0% ±0  (in 2 runs)

RUN WIN-RATE BY PURCHASE (campaign runs buying it):
  ARMORY            :   42% ±14  (in 12 runs)
  BALLISTIC PLATING :   42% ±14  (in 12 runs)
  FIELD MEDKIT      :   33% ±14  (in 12 runs)
  WPN: HOLLOW POINT :   33% ±14  (in 12 runs)
  WPN: SCOPE        :   33% ±14  (in 12 runs)
  WPN: BIPOD        :   27% ±13  (in 11 runs)
  COMBAT STIMS      :   20% ±13  (in 10 runs)
  FRAG CACHE        :   57% ±19  (in 7 runs)
  WPN: EXTENDED MAG :   43% ±19  (in 7 runs)
  WPN: STABILIZER   :   43% ±19  (in 7 runs)
  ADV. TRAINING     :   17% ±15  (in 6 runs)
  COUNTER-PREP      :   17% ±15  (in 6 runs)
  WPN: SUPPRESSOR   :   67% ±27  (in 3 runs)

RUN WIN-RATE BY EVENT-CHOICE (campaign runs taking id:arm):
  bloodfeud:2       :   25% ±22  (in 4 runs)
  quartermaster:1   :    0% ±0  (in 4 runs)
  reservecall:0     :    0% ±0  (in 3 runs)
  bloodfeud:0       :  100% ±0  (in 2 runs)
  cache:1           :  100% ±0  (in 2 runs)
  defector:1        :   50% ±35  (in 2 runs)
  drill:0           :    0% ±0  (in 2 runs)
  warchest:0        :   50% ±35  (in 2 runs)
  warchest:1        :   50% ±35  (in 2 runs)
  medic:1           :    0% ±0  (in 1 runs)
═══════════════════════════════════════════════════════════════════════

batch wall-time: 9.9s  (20 matches across 10 campaigns × 2 policy, frame-cap hits: 0)
aggregate JSON -> /home/user/wt/heat-pin/docs/measurements/l5/L5-h2-b100.json
INFO: TEXTURE: [ID 2] Unloaded texture data from VRAM (GPU)
INFO: SHADER: [ID 3] Default shader unloaded successfully
INFO: TEXTURE: [ID 1] Default texture unloaded successfully
INFO: Window closed successfully
