BALANCE: heat PINNED for this batch (field-event AddHeat is a no-op; SIGHTLINE_HEATPIN=0 restores the leak)
INFO: Initializing raylib 6.0
INFO: Platform backend: DESKTOP (GLFW)
INFO: Supported raylib modules:
INFO:     > rcore:..... loaded (mandatory)
INFO:     > rlgl:...... loaded (mandatory)
INFO:     > rshapes:... loaded (optional)
INFO:     > rtextures:. loaded (optional)
INFO:     > rtext:..... loaded (optional)
INFO:     > rmodels:... loaded (optional)
INFO:     > raudio:.... loaded (optional)
INFO: DISPLAY: Trying to enable MSAA x4
INFO: DISPLAY: Device initialized successfully 
INFO:     > Display size: 1280 x 800
INFO:     > Screen size:  1280 x 800
INFO:     > Render size:  1280 x 800
INFO:     > Viewport offsets: 0, 0
INFO: GLAD: OpenGL extensions loaded successfully
INFO: GL: Supported extensions count: 229
INFO: GL: OpenGL device information:
INFO:     > Vendor:   Mesa
INFO:     > Renderer: llvmpipe (LLVM 20.1.2, 256 bits)
INFO:     > Version:  4.5 (Core Profile) Mesa 25.2.8-0ubuntu0.24.04.2
INFO:     > GLSL:     4.50
INFO: GL: VAO extension detected, VAO functions loaded successfully
INFO: GL: NPOT textures extension detected, full NPOT textures supported
INFO: GL: DXT compressed textures supported
INFO: GL: ETC2/EAC compressed textures supported
INFO: PLATFORM: DESKTOP (GLFW - X11): Initialized successfully
INFO: TEXTURE: [ID 1] Texture loaded successfully (1x1 | R8G8B8A8 | 1 mipmaps)
INFO: TEXTURE: [ID 1] Default texture loaded successfully
INFO: SHADER: [ID 1] Vertex shader compiled successfully
INFO: SHADER: [ID 2] Fragment shader compiled successfully
INFO: SHADER: [ID 3] Program shader loaded successfully
INFO: SHADER: [ID 3] Default shader loaded successfully
INFO: RLGL: Render batch vertex buffers loaded successfully in RAM (CPU)
INFO: RLGL: Render batch vertex buffers loaded successfully in VRAM (GPU)
INFO: RLGL: Default OpenGL state initialized successfully
INFO: TEXTURE: [ID 2] Texture loaded successfully (128x128 | GRAY_ALPHA | 1 mipmaps)
INFO: FONT: Default font loaded successfully (224 glyphs)
INFO: SYSTEM: Working Directory: /home/user/wt/heat-pin
INFO: TIMER: Target time per frame: 0.000 milliseconds
FINALE-KIT: Wardens
WAVE: +2 (GRUNT,MEDIC) [rich]
WAVE: +2 (MORTAR,MEDIC) [rich]
WAVE: +2 (MEDIC,MORTAR) [rich]
WAVE: +3 (MORTAR,GRUNT,GRUNT) [rich]
WAVE: +3 (SCREENER,CUSTODIAN,MEDIC) [rich]
WAVE: +3 (MEDIC,MEDIC,MEDIC) [rich]
FINALE-KIT: Wardens
WAVE: +2 (SCOUT,MORTAR) [rich]
WAVE: +2 (GRUNT,MEDIC) [rich]
WAVE: +2 (SCOUT,MORTAR) [rich]
WAVE: +3 (GRUNT,GRUNT,PIKEMAN) [rich]
WAVE: +3 (CUSTODIAN,GRUNT,GRUNT) [rich]
WAVE: +3 (MORTAR,CUSTODIAN,SNIPER) [rich]
FINALE-KIT: Wardens
WAVE: +3 (MORTAR,PIKEMAN,MORTAR) [rich]
WAVE: +3 (GRUNT,MORTAR,SNIPER) [rich]
WAVE: +3 (SCREENER,CUSTODIAN,SNIPER) [rich]
REINFORCEMENTS: +2 (GRUNT,GRUNT)
REINFORCEMENTS: +2 (GRUNT,SCOUT)
FINALE-KIT: Wardens
FINALE-KIT: Legion
WAVE: +2 (LANCER,BERSERKER) [rich]
WAVE: +2 (BERSERKER,GRUNT) [rich]
WAVE: +2 (BERSERKER,STRIKER) [rich]
match 5/20  (W:3 L:2 cap:0)  3.8s
FINALE-KIT: Legion
WAVE: +2 (BRUISER,HOUND) [rich]
WAVE: +2 (GRUNT,GRUNT) [rich]
WAVE: +2 (STRIKER,SCOUT) [rich]
WAVE: +2 (SHIELD,SPOTTER) [rich]
WAVE: +2 (CUSTODIAN,SPOTTER) [rich]
WAVE: +2 (CUSTODIAN,DRONE) [rich]
WAVE: +2 (SHIELD,SAPPER) [rich]
WAVE: +2 (SHIELD,DRONE) [rich]
WAVE: +2 (SPOTTER,SHIELD) [rich]
FINALE-KIT: Wardens
WAVE: +3 (HUNTER,BERSERKER,BERSERKER) [rich]
WAVE: +3 (HUNTER,BERSERKER,BRUISER) [rich]
WAVE: +3 (STRIKER,BERSERKER,HOUND) [rich]
WAVE: +3 (HOUND,BRUISER,STRIKER) [rich]
FINALE-KIT: Wardens
WAVE: +3 (SCOUT,HUNTER,HUNTER) [rich]
WAVE: +3 (BERSERKER,HUNTER,HOUND) [rich]
WAVE: +3 (BRUISER,BERSERKER,BERSERKER) [rich]
REINFORCEMENTS: +2 (GRUNT,GRUNT)
REINFORCEMENTS: +2 (SCOUT,SCOUT)
REINFORCEMENTS: +2 (SCOUT,SCOUT)
FINALE-KIT: Syndicate
WAVE: +2 (HUNTER,BERSERKER) [rich]
WAVE: +2 (BRUISER,BERSERKER) [rich]
FINALE-KIT: Syndicate
WAVE: +2 (HUNTER,LANCER) [rich]
WAVE: +2 (BRUISER,BERSERKER) [rich]
WAVE: +2 (BRUISER,BERSERKER) [rich]
match 10/20  (W:5 L:5 cap:0)  6.9s
FINALE-KIT: Wardens
WAVE: +3 (DRONE,MORTAR,BRUISER) [rich]
WAVE: +3 (HOUND,DRONE,LANCER) [rich]
WAVE: +3 (HUNTER,CUSTODIAN,MEDIC) [rich]
FINALE-KIT: Wardens
WAVE: +3 (SPOTTER,PIKEMAN,MEDIC) [rich]
WAVE: +3 (DRONE,SHIELD,LANCER) [rich]
WAVE: +3 (DRONE,MEDIC,DRONE) [rich]
FINALE-KIT: Syndicate
WAVE: +2 (LANCER,DRONE) [rich]
WAVE: +2 (HOUND,STRIKER) [rich]
WAVE: +2 (LANCER,SNIPER) [rich]
WAVE: +2 (DRONE,WARBRINGER) [rich]
WAVE: +2 (STRIKER,SNIPER) [rich]
WAVE: +2 (MEDIC,SNIPER) [rich]
FINALE-KIT: Syndicate
WAVE: +2 (SCOUT,STRIKER) [rich]
WAVE: +2 (SNIPER,BRUISER) [rich]
WAVE: +2 (HOUND,BRUISER) [rich]
WAVE: +2 (BRUISER,SNIPER) [rich]
WAVE: +2 (BERSERKER,MEDIC) [rich]
WAVE: +2 (HOUND,HOUND) [rich]
FINALE-KIT: Legion
WAVE: +3 (LANCER,SNIPER,HUNTER) [rich]
WAVE: +3 (SCREENER,LANCER,PIKEMAN) [rich]
WAVE: +3 (SNIPER,HOUND,PIKEMAN) [rich]
REINFORCEMENTS: +2 (SCOUT,GRUNT)
REINFORCEMENTS: +2 (SCOUT,SCOUT)
REINFORCEMENTS: +3 (SCOUT,SCOUT,GRUNT)
match 15/20  (W:10 L:5 cap:0)  8.6s
FINALE-KIT: Legion
WAVE: +3 (LANCER,GRUNT,SHIELD) [rich]
WAVE: +3 (MEDIC,SNIPER,HOUND) [rich]
WAVE: +3 (SAPPER,MEDIC,GRUNT) [rich]
WAVE: +3 (SCREENER,BERSERKER,HUNTER) [rich]
WAVE: +3 (HOUND,SNIPER,SNIPER) [rich]
WAVE: +3 (MORTAR,BERSERKER,BERSERKER) [rich]
FINALE-KIT: Syndicate
FINALE-KIT: Syndicate
REINFORCEMENTS: +2 (GRUNT,GRUNT)
WAVE: +3 (STRIKER,SCOUT,BERSERKER) [rich]
WAVE: +3 (LANCER,BERSERKER,WARBRINGER) [rich]
WAVE: +3 (BRUISER,HUNTER,BRUISER) [rich]
FINALE-KIT: Legion
WAVE: +3 (HUNTER,PIKEMAN,SCREENER) [rich]
WAVE: +3 (HUNTER,SCREENER,LANCER) [rich]
WAVE: +3 (HOUND,LANCER,HUNTER) [rich]
REINFORCEMENTS: +2 (SCOUT,SCOUT)
FINALE-KIT: Legion
WAVE: +3 (CUSTODIAN,SHIELD,HOUND) [rich]
WAVE: +3 (DRONE,PIKEMAN,DRONE) [rich]
WAVE: +3 (BRUISER,HUNTER,MEDIC) [rich]
match 20/20  (W:13 L:7 cap:0)  9.8s

══════════════════════ SIGHTLINE BALANCE REPORT ══════════════════════
runs=20  missions=84

RUN OUTCOMES (campaign):  win-rate   65%   avg missions cleared 4.7

POLICY GAP (optimal vs human-error; campaign runs only):
  greedy win-rate   60%  (n=10)
  sloppy win-rate   70%  (n=10)
  GAP  -10 pts  (healthy slack)
  PAIRED (same-seed slots): pairs=10  concordant=5  discordant greedy-only-won=2 / sloppy-only-won=3  paired gap  -10 pts
  PER-SLOT RECORDS (greedy | sloppy: outcome + missions cleared; margin = g−s):
    slot 150 @h0: W 6 | W 6   margin +0
    slot 151 @h0: W 6 | L 0   margin +6
    slot 152 @h0: L 1 | W 6   margin -5
    slot 153 @h0: L 4 | L 5   margin -1
    slot 154 @h0: L 1 | W 6   margin -5
    slot 155 @h0: W 6 | W 6   margin +0
    slot 156 @h0: W 6 | W 6   margin +0
    slot 157 @h0: W 6 | W 6   margin +0
    slot 158 @h0: L 2 | W 6   margin -4
    slot 159 @h0: W 6 | L 3   margin +3
  PAIRED MARGIN (missions cleared, all pairs): -0.60 ±1.10 SE  (n=10 pairs)
  by objective (greedy / sloppy / gap):
    Decapitate :   88% /   90% / gap   -3
    Defend     :   73% /   92% / gap  -19
    Eliminate  :  100% /   91% / gap    9
    Escort     :  100% /  100% / gap    0
    Evac       :  100% /  100% / gap    0
    Hack       :  100% /  100% / gap    0
    Rescue     :  100% /  100% / gap    0
    Sabotage   :  100% /  100% / gap    0

DECISION RICHNESS / SWING:
  meaningful-choices/turn 3.36   lead-swings/match 0.7   avg max-swing 34.2
  [shot-gate] acting-soldiers/turn 3.52   armed-soldiers/turn 1.48   armed-fraction 42%   turns-with-a-shot 59%   choices/ARMED-soldier-turn 2.27
  [choice-split] los-targets/ARMED 2.68   target-choices/ARMED 0.41   position-choices/ARMED 1.86

RUN COMPLETION BY HEAT (full-campaign clears):
  heat 0:   65% ±11  (n=20 runs, avg 4.7 missions)
  HEAT LEAK: pinned=yes  heat-raising picks=0  campaigns raised=0  missions off-rung=0/84

INTEL ECONOMY BY HEAT (campaign runs; heat-bonus = the Heat.IntelBonus share of income):
  heat 0: earned  143.8/run   heat-bonus   0.0 (   0% of income)   spent  126.4   unspent   17.4

MISSION WIN-RATE BY HEAT:
  heat 0:   92%  (n=84, avg 5.6 turns)

MISSION WIN-RATE BY OBJECTIVE:
  Defend     :   83% ±8  (n=23, avg 8.9 turns)
  Eliminate  :   95% ±5  (n=21, avg 5.4 turns)
  Decapitate :   89% ±7  (n=18, avg 3.6 turns)
  Rescue     :  100% ±0  (n=7, avg 5.6 turns)
  Escort     :  100% ±0  (n=6, avg 4.3 turns)
  Hack       :  100% ±0  (n=4, avg 3.0 turns)
  Sabotage   :  100% ±0  (n=3, avg 2.3 turns)
  Evac       :  100% ±0  (n=2, avg 2.5 turns)

MISSION WIN-RATE BY OBJECTIVE x NODE KIND (a capstone must never pool with a mid-run node):
  Defend     : Combat:  73%(n=11)  Supply:  90%(n=10)  Elite: 100%(n=2)
               depth: m2:75%(8) m3:100%(3) m4:80%(5) m5:86%(7)
  Eliminate  : Start:  95%(n=20)  Combat: 100%(n=1)
               depth: m1:95%(20) m5:100%(1)
  Decapitate : Boss:  93%(n=14)  Supply: 100%(n=2)  Elite:  50%(n=2)
               depth: m2:100%(2) m3:50%(2) m6:93%(14)
  Rescue     : Combat: 100%(n=5)  Supply: 100%(n=2)
               depth: m2:100%(4) m4:100%(3)
  Escort     : Combat: 100%(n=4)  Supply: 100%(n=2)
               depth: m3:100%(1) m4:100%(2) m5:100%(3)
  Hack       : Combat: 100%(n=2)  Elite: 100%(n=2)
               depth: m3:100%(2) m4:100%(2)
  Sabotage   : Combat: 100%(n=2)  Elite: 100%(n=1)
               depth: m3:100%(2) m4:100%(1)
  Evac       : Combat: 100%(n=2)
               depth: m2:100%(2)

ENCOUNTER COMPLETION on MID-RUN nodes (Combat+Elite) — clear% is the share of the fight actually fought:
  objective     n   win%   turns   force    +rf  killed  clear%   prs  WONclear%
  Defend        13   77%     8.8    3.85   7.23    5.15    46.5  0.00     51.8 (n=10)
  Rescue         5  100%     6.0    6.20   0.00    0.80    12.9  0.00     12.9 (n=5)
  Escort         4  100%     4.5    7.00   0.00    0.00     0.0  0.00      0.0 (n=4)
  Hack           4  100%     3.0    7.50   0.00    1.25    16.7  0.00     16.7 (n=4)
  Sabotage       3  100%     2.3    5.00   0.00    1.00    20.0  0.00     20.0 (n=3)
  Decapitate     2   50%     6.5    8.00   0.00    2.00    25.0  1.00     50.0 (n=1)
  Evac           2  100%     2.5    5.00   0.00    0.00     0.0  0.00      0.0 (n=2)
  Eliminate      1  100%     4.0    8.00   0.00    8.00   100.0  0.00    100.0 (n=1)
  ---- the two classes ----
  KILL           3   67%     5.7    8.00   0.00    4.00    50.0  0.67     75.0 (n=2)
  NON-KILL      31   90%     6.0    5.29   3.03    2.55    30.6  0.00     31.1 (n=28)

DECAPITATE HVT (buff = +6+1*mission HP, +6 aim; ELITE exempt):
  EXEMPT  :   88% ±8  (n=16, avg 3.8 turns, HVT 22.5 max HP)  [m3:50%(2) m6:93%(14)]
  BUFFED  :  100% ±0  (n=2, avg 2.0 turns, HVT 20.0 max HP)  [m2:100%(2)]

MISSION WIN-RATE BY MISSION #:
  m1:   95% ±5  (n=20)
  m2:   88% ±8  (n=16)
  m3:   90% ±9  (n=10)
  m4:   92% ±7  (n=13)
  m5:   91% ±9  (n=11)
  m6:   93% ±7  (n=14)

LOSS CAUSES (missions):
  RUN OVER              : 7

MISSION WIN-RATE BY ARENA (authored layouts, n>=3; procedural fallback   27% of 84 missions):
  arena  0:  100% ±0  (n=3, avg 9.0 turns)  [m4:100%(1) m5:100%(2)]
  arena  4:   67% ±27  (n=3, avg 7.7 turns)  [m2:50%(2) m5:100%(1)]
  arena  8:  100% ±0  (n=4, avg 6.0 turns)  [m1:100%(2) m4:100%(2)]
  arena 23:   67% ±27  (n=3, avg 6.3 turns)  [m1:50%(2) m6:100%(1)]
  arena 30:   88% ±12  (n=8, avg 5.0 turns)  [m1:100%(2) m2:75%(4) m3:100%(1) m6:100%(1)]
  arena 32:  100% ±0  (n=3, avg 8.0 turns)  [m2:100%(2) m6:100%(1)]
  arena 33:  100% ±0  (n=4, avg 6.0 turns)  [m2:100%(2) m4:100%(2)]
  procedural:   96% ±4  (n=23, avg 5.6 turns)  [m1:100%(8) m2:100%(2) m3:67%(3) m4:100%(4) m5:100%(2) m6:100%(4)]

DEPLOYMENT GEOMETRY (opening shape; choices/ARMED is the wave's real gate):
  FRONTAL   :   91% ±6  (n=22, avg 5.9 turns)  choices/turn 4.32  choices/ARMED 2.29  los-targets/ARMED 3.26
  PINCER    :   89%  (n=36, avg 5.6 turns)  choices/turn 3.72  choices/ARMED 2.32  los-targets/ARMED 2.51
  CROSSFIRE :   89% ±10  (n=9, avg 4.8 turns)  choices/turn 2.25  choices/ARMED 1.96  los-targets/ARMED 2.28
  ENVELOP   :  100% ±0  (n=17, avg 5.6 turns)  choices/turn 1.84  choices/ARMED 2.16  los-targets/ARMED 1.82

ARENA FUNNEL (Mission.Build exits, n=95 builds, all modes):
  authored-applied    :  74.7%  (n=71)
  connectivity-reject :   0.0%  (n=0)
  procedural-roll     :  25.3%  (n=24)

DECK EXPOSURE (campaign runs n=20):
  distinct authored arenas/run : 3.05 mean (all runs)
  ... full-depth runs only     : 3.77 mean over 5.1 fights/run (n=13)
  Defend dealt on the route    :   90% of runs (n=18)

ENEMY DECISION MIX (contested acts=1055; all-downed acts not counted=351):
  shoot           615    58%
  hunker          201    19%
  move            106    10%
  heal             34     3%
  reload           24     2%
  grenade          22     2%
  shove            15     1%
  siege            12     1%
  brace             8     1%
  overwatch         7     1%
  item              6     1%
  staleplan         3     0%
  sap               2     0%

  the shot on the table (acts where the chosen tile HAD a shot = 691):
    hit% band     taken   share   E[dmg]/shot   declined   share   E[dmg]/shot
      0-19           0      0%          0.00          0      0%          0.00
     20-39          11      2%          1.12          7    100%          0.94
     40-59          47      8%          1.89          0      0%          0.00
     60-79         195     32%          2.55          0      0%          0.00
      80+          362     59%          3.45          0      0%          0.00
    TOTAL           615                              7
  taken   89% / DECLINED    1% / preempted by another verb   10%
  enemy lanes held (overwatch+brace) 15; reaction shots fired 2  ->   13% of lanes paid off   [C2: DeclineWatchRatio is a bet on this number]

ACTION MIX (verbs issued, by policy):
  verb                  greedy        sloppy
  MOVE               586   39%     695   43%
  SHOOT              377   25%     392   24%
  HUNKER             153   10%      43    3%
  FOCUS               52    3%      75    5%
  BRACE               65    4%      54    3%
  RELOAD              48    3%      67    4%
  OVERWATCH           48    3%      55    3%
  SLIPSTREAM          29    2%      51    3%
  INTEL               38    3%      39    2%
  STABILIZE           27    2%      28    2%
  MARK                18    1%      24    1%
  ITEM:SMOKE          15    1%      23    1%
  PIN                 16    1%      14    1%
  REARM                8    1%       6    0%
  BEACON               5    0%       7    0%
  GRAPPLE              4    0%       7    0%
  PATCH                2    0%       7    0%
  PLANT                3    0%       6    0%
  HACK                 4    0%       5    0%
  EXTRACT              4    0%       4    0%
  GRENADE              3    0%       4    0%
  BARREL               1    0%       2    0%

PLAYER CLASS PERFORMANCE:
  class        shots   hit%   dmg   kills
  SHARPSHOOTER    194    89%   1258     86
  GUNNER         231    84%   1025     65
  RANGER         176    88%    977     58
  ASSAULT        188    89%    860     42
  CORPSMAN        57    82%    186      9

SOLDIER DEATHS BY ENEMY CLASS (threat ranking):
  BURN       : 10
  CUSTODIAN  : 7
  BERSERKER  : 7
  BRUISER    : 7
  HUNTER     : 7
  GRUNT      : 6
  ELITE      : 5
  SAPPER     : 5
  LANCER     : 4
  HOUND      : 3
  MORTAR     : 2
  SCOUT      : 2
  SNIPER     : 2
  SHIELD     : 2
  WARBRINGER : 2
  SCREENER   : 2
  MEDIC      : 1
  STRIKE     : 1

SOLDIER DOWNS (FUL-7 bleed-out): 183 downs -> revived 3 / recovered 57 / bled out 102 / finished 21  (save-rate   33%)
  corpsman fielded in 32 missions

ENEMY COMPOSITION (spawns; faction-stamped fights n=458 / default-cascade fights n=235):
  class        faction         default
  SCOUT           26    6%       55   23%
  GRUNT           43    9%       37   16%
  ELITE           37    8%        9    4%
  BERSERKER       40    9%        4    2%
  MEDIC           33    7%        8    3%
  SNIPER          23    5%       16    7%
  BRUISER         27    6%       11    5%
  LANCER          23    5%       12    5%
  DRONE           18    4%       17    7%
  MORTAR          26    6%        4    2%
  SCREENER        24    5%        6    3%
  HUNTER          21    5%        9    4%
  STRIKER         22    5%        7    3%
  SHIELD          16    3%       11    5%
  HOUND            8    2%       12    5%
  SAPPER          17    4%        1    0%
  PIKEMAN         12    3%        5    2%
  CUSTODIAN       11    2%        5    2%
  WARBRINGER      14    3%        1    0%
  TURRET           9    2%        2    1%
  SPOTTER          6    1%        3    1%
  BOMBARD          2    0%        0    0%

PERK PICK FREQUENCY:
  FST           : 15
  MOM           : 15
  OUT           : 14
  LCK           : 13
  CQB           : 10
  RFX           : 9
  EXC           : 9
  SKR           : 8
  CLH           : 8
  PLT           : 8
  HRD           : 8
  TNK           : 7
  VNT           : 6
  SGE           : 6
  GUN           : 6
  MRK           : 6
  BND           : 6
  GRD           : 3
  BRK           : 2

SHOP PURCHASE FREQUENCY:
  FIELD MEDKIT      : 58
  WPN: HOLLOW POINT : 34
  WPN: SCOPE        : 34
  WPN: STABILIZER   : 25
  WPN: EXTENDED MAG : 17
  BALLISTIC PLATING : 17
  COMBAT STIMS      : 15
  ARMORY            : 14
  FRAG CACHE        : 11
  COUNTER-PREP      : 8
  WPN: SUPPRESSOR   : 7
  WPN: BIPOD        : 6
  ADV. TRAINING     : 4

BOON PICK FREQUENCY (PROCS = effect fires at instrumented sites; '-' = not instrumented;
                      PYR counts the +2-turn-burn half only — the Burning-immunity half is uninstrumented):
  code                 picks   PROCS
  PYR               :     7       0
  SCV               :     6       -
  FST               :     5      79
  GHO               :     5       -
  RPD               :     5       -
  VNM               :     5       -
  ADR               :     4       -
  FRT               :     4       -
  MRK               :     4       -
  SHK               :     4      17
  TRR               :     4      20
  EXE               :     3       -
  FDR               :     3       0
  FVR               :     2       -
  RCL               :     2       0
  GRN               :     1       -

RUN WIN-RATE BY BOON (campaign runs holding it):
  PYR               :   71% ±17  (in 7 runs)
  SCV               :   67% ±19  (in 6 runs)
  FST               :   80% ±18  (in 5 runs)
  GHO               :  100% ±0  (in 5 runs)
  RPD               :  100% ±0  (in 5 runs)
  VNM               :   80% ±18  (in 5 runs)
  ADR               :  100% ±0  (in 4 runs)
  FRT               :  100% ±0  (in 4 runs)
  MRK               :  100% ±0  (in 4 runs)
  SHK               :   75% ±22  (in 4 runs)
  TRR               :   75% ±22  (in 4 runs)
  EXE               :   67% ±27  (in 3 runs)
  FDR               :   67% ±27  (in 3 runs)
  FVR               :  100% ±0  (in 2 runs)
  RCL               :   50% ±35  (in 2 runs)
  GRN               :  100% ±0  (in 1 runs)

RUN WIN-RATE BY SPEC (campaign runs fielding it):
  SNT               :   67% ±19  (in 6 runs)
  ANC               :  100% ±0  (in 5 runs)
  BRC               :   80% ±18  (in 5 runs)
  PHN               :  100% ±0  (in 4 runs)
  ADN               :  100% ±0  (in 2 runs)
  HHT               :  100% ±0  (in 2 runs)
  JUG               :  100% ±0  (in 1 runs)
  MED               :  100% ±0  (in 1 runs)

RUN WIN-RATE BY PERK (campaign runs holding it):
  OUT               :   75% ±13  (in 12 runs)
  LCK               :   82% ±12  (in 11 runs)
  MOM               :   64% ±15  (in 11 runs)
  FST               :   90% ±9  (in 10 runs)
  CQB               :   56% ±17  (in 9 runs)
  CLH               :  100% ±0  (in 8 runs)
  EXC               :   86% ±13  (in 7 runs)
  RFX               :   57% ±19  (in 7 runs)
  SKR               :  100% ±0  (in 7 runs)
  TNK               :   86% ±13  (in 7 runs)
  HRD               :   67% ±19  (in 6 runs)
  MRK               :   83% ±15  (in 6 runs)
  PLT               :   83% ±15  (in 6 runs)
  VNT               :  100% ±0  (in 6 runs)
  BND               :   60% ±22  (in 5 runs)
  GUN               :  100% ±0  (in 5 runs)
  SGE               :   80% ±18  (in 5 runs)
  GRD               :  100% ±0  (in 3 runs)
  BRK               :  100% ±0  (in 2 runs)

RUN WIN-RATE BY PURCHASE (campaign runs buying it):
  FIELD MEDKIT      :   68% ±11  (in 19 runs)
  WPN: HOLLOW POINT :   79% ±11  (in 14 runs)
  ARMORY            :   77% ±12  (in 13 runs)
  WPN: SCOPE        :   85% ±10  (in 13 runs)
  WPN: STABILIZER   :   77% ±12  (in 13 runs)
  COMBAT STIMS      :  100% ±0  (in 10 runs)
  BALLISTIC PLATING :  100% ±0  (in 9 runs)
  WPN: EXTENDED MAG :   75% ±15  (in 8 runs)
  COUNTER-PREP      :  100% ±0  (in 7 runs)
  FRAG CACHE        :   83% ±15  (in 6 runs)
  WPN: SUPPRESSOR   :   83% ±15  (in 6 runs)
  WPN: BIPOD        :   75% ±22  (in 4 runs)
  ADV. TRAINING     :  100% ±0  (in 3 runs)

RUN WIN-RATE BY EVENT-CHOICE (campaign runs taking id:arm):
  bloodfeud:2       :  100% ±0  (in 2 runs)
  cache:1           :  100% ±0  (in 2 runs)
  grave:1           :   50% ±35  (in 2 runs)
  reservecall:0     :  100% ±0  (in 2 runs)
  warchest:1        :  100% ±0  (in 2 runs)
  warpension:2      :    0% ±0  (in 2 runs)
  defector:1        :    0% ±0  (in 1 runs)
  defector:2        :    0% ±0  (in 1 runs)
  depot:0           :  100% ±0  (in 1 runs)
  informant:0       :  100% ±0  (in 1 runs)
  profiteer:0       :  100% ±0  (in 1 runs)
═══════════════════════════════════════════════════════════════════════

batch wall-time: 9.8s  (20 matches across 10 campaigns × 2 policy, frame-cap hits: 0)
aggregate JSON -> /home/user/wt/heat-pin/docs/measurements/l5/L5-h0-b150.json
INFO: TEXTURE: [ID 2] Unloaded texture data from VRAM (GPU)
INFO: SHADER: [ID 3] Default shader unloaded successfully
INFO: TEXTURE: [ID 1] Default texture unloaded successfully
INFO: Window closed successfully
