BALANCE: heat PINNED for this batch (field-event AddHeat is a no-op; SIGHTLINE_HEATPIN=0 restores the leak)
INFO: Initializing raylib 6.0
INFO: Platform backend: DESKTOP (GLFW)
INFO: Supported raylib modules:
INFO:     > rcore:..... loaded (mandatory)
INFO:     > rlgl:...... loaded (mandatory)
INFO:     > rshapes:... loaded (optional)
INFO:     > rtextures:. loaded (optional)
INFO:     > rtext:..... loaded (optional)
INFO:     > rmodels:... loaded (optional)
INFO:     > raudio:.... loaded (optional)
INFO: DISPLAY: Trying to enable MSAA x4
INFO: DISPLAY: Device initialized successfully 
INFO:     > Display size: 1280 x 800
INFO:     > Screen size:  1280 x 800
INFO:     > Render size:  1280 x 800
INFO:     > Viewport offsets: 0, 0
INFO: GLAD: OpenGL extensions loaded successfully
INFO: GL: Supported extensions count: 229
INFO: GL: OpenGL device information:
INFO:     > Vendor:   Mesa
INFO:     > Renderer: llvmpipe (LLVM 20.1.2, 256 bits)
INFO:     > Version:  4.5 (Core Profile) Mesa 25.2.8-0ubuntu0.24.04.2
INFO:     > GLSL:     4.50
INFO: GL: VAO extension detected, VAO functions loaded successfully
INFO: GL: NPOT textures extension detected, full NPOT textures supported
INFO: GL: DXT compressed textures supported
INFO: GL: ETC2/EAC compressed textures supported
INFO: PLATFORM: DESKTOP (GLFW - X11): Initialized successfully
INFO: TEXTURE: [ID 1] Texture loaded successfully (1x1 | R8G8B8A8 | 1 mipmaps)
INFO: TEXTURE: [ID 1] Default texture loaded successfully
INFO: SHADER: [ID 1] Vertex shader compiled successfully
INFO: SHADER: [ID 2] Fragment shader compiled successfully
INFO: SHADER: [ID 3] Program shader loaded successfully
INFO: SHADER: [ID 3] Default shader loaded successfully
INFO: RLGL: Render batch vertex buffers loaded successfully in RAM (CPU)
INFO: RLGL: Render batch vertex buffers loaded successfully in VRAM (GPU)
INFO: RLGL: Default OpenGL state initialized successfully
INFO: TEXTURE: [ID 2] Texture loaded successfully (128x128 | GRAY_ALPHA | 1 mipmaps)
INFO: FONT: Default font loaded successfully (224 glyphs)
INFO: SYSTEM: Working Directory: /home/user/wt/heat-pin
INFO: TIMER: Target time per frame: 0.000 milliseconds
FINALE-KIT: Wardens
WAVE: +3 (SHIELD,SPOTTER,DRONE) [rich]
WAVE: +3 (SAPPER,DRONE,SAPPER) [rich]
WAVE: +3 (SAPPER,GRUNT,SAPPER) [rich]
REINFORCEMENTS: +2 (GRUNT,GRUNT)
FINALE-KIT: Wardens
WAVE: +3 (SAPPER,SPOTTER,SHIELD) [rich]
WAVE: +3 (SHIELD,SHIELD,SAPPER) [rich]
WAVE: +3 (SPOTTER,DRONE,SAPPER) [rich]
FINALE-KIT: Wardens
REINFORCEMENTS: +2 (GRUNT,SCOUT)
WAVE: +3 (SCREENER,SAPPER,DRONE) [rich]
WAVE: +3 (DRONE,SHIELD,DRONE) [rich]
WAVE: +3 (SAPPER,SAPPER,SHIELD) [rich]
FINALE-KIT: Wardens
REINFORCEMENTS: +2 (GRUNT,SCOUT)
WAVE: +3 (SAPPER,SPOTTER,SAPPER) [rich]
WAVE: +3 (SAPPER,SCREENER,SHIELD) [rich]
WAVE: +3 (SAPPER,SHIELD,SHIELD) [rich]
REINFORCEMENTS: +2 (GRUNT,SCOUT)
REINFORCEMENTS: +2 (SCOUT,SCOUT)
REINFORCEMENTS: +3 (GRUNT,SCOUT,GRUNT)
FINALE-KIT: Syndicate
match 5/20  (W:3 L:2 cap:0)  4.7s
FINALE-KIT: Syndicate
FINALE-KIT: Syndicate
WAVE: +2 (DRONE,SHIELD) [rich]
WAVE: +2 (SHIELD,GRUNT) [rich]
WAVE: +2 (SHIELD,SHIELD) [rich]
FINALE-KIT: Syndicate
WAVE: +2 (SAPPER,SPOTTER) [rich]
WAVE: +2 (SAPPER,GRUNT) [rich]
WAVE: +2 (SHIELD,DRONE) [rich]
FINALE-KIT: Syndicate
WAVE: +3 (LANCER,HOUND,SPOTTER) [rich]
WAVE: +3 (BERSERKER,SNIPER,SNIPER) [rich]
WAVE: +3 (MORTAR,SPOTTER,SAPPER) [rich]
FINALE-KIT: Syndicate
WAVE: +3 (SPOTTER,MORTAR,HUNTER) [rich]
WAVE: +3 (HOUND,HUNTER,BERSERKER) [rich]
WAVE: +3 (SNIPER,SAPPER,HOUND) [rich]
match 10/20  (W:8 L:2 cap:0)  6.2s
FINALE-KIT: Syndicate
WAVE: +3 (SHIELD,SCREENER,SHIELD) [rich]
WAVE: +3 (DRONE,DRONE,SHIELD) [rich]
WAVE: +3 (SCREENER,SPOTTER,DRONE) [rich]
FINALE-KIT: Syndicate
REINFORCEMENTS: +2 (GRUNT,SCOUT)
REINFORCEMENTS: +2 (GRUNT,GRUNT)
FINALE-KIT: Wardens
WAVE: +2 (CUSTODIAN,GRUNT) [rich]
WAVE: +2 (SCOUT,SNIPER) [rich]
WAVE: +2 (MEDIC,GRUNT) [rich]
FINALE-KIT: Wardens
WAVE: +2 (SNIPER,SCOUT) [rich]
WAVE: +2 (MORTAR,SCOUT) [rich]
WAVE: +2 (PIKEMAN,GRUNT) [rich]
FINALE-KIT: Wardens
WAVE: +2 (GRUNT,MEDIC) [rich]
WAVE: +2 (PIKEMAN,SCOUT) [rich]
WAVE: +2 (SCOUT,SNIPER) [rich]
match 15/20  (W:11 L:4 cap:0)  7.7s
FINALE-KIT: Wardens
WAVE: +2 (SCOUT,SNIPER) [rich]
WAVE: +2 (GRUNT,SNIPER) [rich]
WAVE: +2 (SNIPER,MORTAR) [rich]
FINALE-KIT: Legion
WAVE: +2 (SCREENER,SPOTTER) [rich]
WAVE: +2 (DRONE,DRONE) [rich]
WAVE: +2 (SHIELD,DRONE) [rich]
FINALE-KIT: Legion
WAVE: +2 (SCREENER,SPOTTER) [rich]
WAVE: +2 (DRONE,DRONE) [rich]
WAVE: +2 (SHIELD,DRONE) [rich]
REINFORCEMENTS: +2 (SCOUT,SCOUT)
REINFORCEMENTS: +2 (SCOUT,SCOUT)
REINFORCEMENTS: +3 (GRUNT,SCOUT,GRUNT)
REINFORCEMENTS: +2 (GRUNT,SCOUT)
REINFORCEMENTS: +2 (GRUNT,SCOUT)
FINALE-KIT: Wardens
FINALE-KIT: Wardens
match 20/20  (W:15 L:5 cap:0)  9.1s

══════════════════════ SIGHTLINE BALANCE REPORT ══════════════════════
runs=20  missions=93

RUN OUTCOMES (campaign):  win-rate   75%   avg missions cleared 5.5

POLICY GAP (optimal vs human-error; campaign runs only):
  greedy win-rate   80%  (n=10)
  sloppy win-rate   70%  (n=10)
  GAP   10 pts  (healthy slack)
  PAIRED (same-seed slots): pairs=10  concordant=7  discordant greedy-only-won=2 / sloppy-only-won=1  paired gap   10 pts
  PER-SLOT RECORDS (greedy | sloppy: outcome + missions cleared; margin = g−s):
    slot 110 @h-1: W 6 | W 6   margin +0
    slot 111 @h-1: L 4 | L 5   margin -1
    slot 112 @h-1: W 6 | W 6   margin +0
    slot 113 @h-1: W 6 | W 6   margin +0
    slot 114 @h-1: W 6 | W 6   margin +0
    slot 115 @h-1: W 6 | L 2   margin +4
    slot 116 @h-1: L 4 | W 6   margin -2
    slot 117 @h-1: W 6 | W 6   margin +0
    slot 118 @h-1: W 6 | L 5   margin +1
    slot 119 @h-1: W 6 | W 6   margin +0
  PAIRED MARGIN (missions cleared, all pairs): +0.20 ±0.49 SE  (n=10 pairs)
  by objective (greedy / sloppy / gap):
    Decapitate :  100% /   77% / gap   23
    Defend     :  100% /  100% / gap    0
    Eliminate  :   94% /  100% / gap   -6
    Escort     :    0% /  100% / gap -100
    Evac       :  100% /  100% / gap    0
    Rescue     :  100% /  100% / gap    0

DECISION RICHNESS / SWING:
  meaningful-choices/turn 2.85   lead-swings/match 0.7   avg max-swing 33.6
  [shot-gate] acting-soldiers/turn 3.76   armed-soldiers/turn 1.65   armed-fraction 44%   turns-with-a-shot 64%   choices/ARMED-soldier-turn 1.73
  [choice-split] los-targets/ARMED 2.09   target-choices/ARMED 0.19   position-choices/ARMED 1.54

RUN COMPLETION BY HEAT (full-campaign clears):
  heat -1:   75% ±10  (n=20 runs, avg 5.5 missions)
  HEAT LEAK: pinned=yes  heat-raising picks=6  campaigns raised=0  missions off-rung=0/93

INTEL ECONOMY BY HEAT (campaign runs; heat-bonus = the Heat.IntelBonus share of income):
  heat -1: earned  167.0/run   heat-bonus   0.0 (   0% of income)   spent  150.6   unspent   16.4

MISSION WIN-RATE BY HEAT:
  heat -1:   95%  (n=93, avg 5.1 turns)

MISSION WIN-RATE BY OBJECTIVE:
  Eliminate  :   97%  (n=32, avg 3.7 turns)
  Decapitate :   88% ±6  (n=25, avg 3.7 turns)
  Rescue     :  100% ±0  (n=17, avg 4.9 turns)
  Defend     :  100% ±0  (n=15, avg 9.0 turns)
  Evac       :  100% ±0  (n=2, avg 7.5 turns)
  Escort     :   50% ±35  (n=2, avg 15.5 turns)

MISSION WIN-RATE BY OBJECTIVE x NODE KIND (a capstone must never pool with a mid-run node):
  Eliminate  : Start: 100%(n=20)  Combat: 100%(n=6)  Supply:  75%(n=4)  Elite: 100%(n=2)
               depth: m1:100%(20) m2:100%(4) m3:100%(2) m4:100%(4) m5:50%(2)
  Decapitate : Boss:  88%(n=17)  Combat: 100%(n=4)  Supply: 100%(n=2)  Elite:  50%(n=2)
               depth: m3:83%(6) m5:100%(2) m6:88%(17)
  Rescue     : Combat: 100%(n=12)  Supply: 100%(n=3)  Elite: 100%(n=2)
               depth: m2:100%(4) m3:100%(4) m4:100%(4) m5:100%(5)
  Defend     : Combat: 100%(n=11)  Elite: 100%(n=2)  Supply: 100%(n=2)
               depth: m2:100%(4) m3:100%(4) m4:100%(3) m5:100%(4)
  Evac       : Supply: 100%(n=2)
               depth: m4:100%(2)
  Escort     : Elite:  50%(n=2)
               depth: m5:50%(2)

ENCOUNTER COMPLETION on MID-RUN nodes (Combat+Elite) — clear% is the share of the fight actually fought:
  objective     n   win%   turns   force    +rf  killed  clear%   prs  WONclear%
  Rescue        14  100%     5.4    5.86   0.00    0.29     4.9  0.00      4.9 (n=14)
  Defend        13  100%     9.0    3.15   7.15    5.15    50.0  0.00     50.0 (n=13)
  Eliminate      8  100%     5.3    5.25   0.00    5.25   100.0  0.63    100.0 (n=8)
  Decapitate     6   83%     3.0    5.67   0.33    2.33    38.9  0.33     48.1 (n=5)
  Escort         2   50%    15.5    9.00   0.00    3.50    38.9  0.00     33.3 (n=1)
  ---- the two classes ----
  KILL          14   93%     4.3    5.43   0.14    4.00    71.8  0.50     79.7 (n=13)
  NON-KILL      29   97%     7.7    4.86   3.21    2.69    33.3  0.00     32.9 (n=28)

DECAPITATE HVT (buff = +6+1*mission HP, +6 aim; ELITE exempt):
  EXEMPT  :   88% ±6  (n=25, avg 3.7 turns, HVT 22.8 max HP)  [m3:83%(6) m5:100%(2) m6:88%(17)]

MISSION WIN-RATE BY MISSION #:
  m1:  100% ±0  (n=20)
  m2:  100% ±0  (n=12)
  m3:   94% ±6  (n=16)
  m4:  100% ±0  (n=13)
  m5:   87% ±9  (n=15)
  m6:   88% ±8  (n=17)

LOSS CAUSES (missions):
  RUN OVER              : 4
  VIP LOST              : 1

MISSION WIN-RATE BY ARENA (authored layouts, n>=3; procedural fallback   20% of 93 missions):
  arena  3:  100% ±0  (n=3, avg 2.0 turns)  [m1:100%(2) m3:100%(1)]
  arena  5:  100% ±0  (n=4, avg 4.3 turns)  [m1:100%(2) m2:100%(2)]
  arena 10:  100% ±0  (n=4, avg 8.8 turns)  [m1:100%(2) m2:100%(2)]
  arena 11:   75% ±22  (n=4, avg 7.8 turns)  [m4:100%(2) m6:50%(2)]
  arena 14:  100% ±0  (n=4, avg 4.3 turns)  [m1:100%(2) m4:100%(2)]
  arena 15:  100% ±0  (n=3, avg 7.3 turns)  [m3:100%(2) m5:100%(1)]
  arena 22:  100% ±0  (n=5, avg 3.4 turns)  [m5:100%(2) m6:100%(3)]
  arena 26:  100% ±0  (n=3, avg 4.7 turns)  [m4:100%(1) m6:100%(2)]
  arena 28:   83% ±15  (n=6, avg 4.8 turns)  [m1:100%(4) m6:50%(2)]
  arena 29:   67% ±27  (n=3, avg 6.7 turns)  [m3:50%(2) m5:100%(1)]
  arena 30:  100% ±0  (n=3, avg 7.0 turns)  [m3:100%(2) m5:100%(1)]
  arena 31:  100% ±0  (n=4, avg 3.3 turns)  [m1:100%(2) m6:100%(2)]
  arena 32:  100% ±0  (n=8, avg 2.3 turns)  [m1:100%(2) m3:100%(4) m4:100%(2)]
  arena 33:  100% ±0  (n=3, avg 3.7 turns)  [m3:100%(2) m6:100%(1)]
  procedural:   89% ±7  (n=19, avg 5.5 turns)  [m1:100%(4) m2:100%(4) m3:100%(2) m4:100%(2) m5:50%(4) m6:100%(3)]

DEPLOYMENT GEOMETRY (opening shape; choices/ARMED is the wave's real gate):
  FRONTAL   :   93%  (n=41, avg 5.0 turns)  choices/turn 3.10  choices/ARMED 1.87  los-targets/ARMED 1.94
  PINCER    :   94% ±5  (n=18, avg 5.7 turns)  choices/turn 2.31  choices/ARMED 1.15  los-targets/ARMED 2.26
  CROSSFIRE :  100% ±0  (n=9, avg 5.9 turns)  choices/turn 2.56  choices/ARMED 1.94  los-targets/ARMED 2.41
  ENVELOP   :   96% ±4  (n=25, avg 4.4 turns)  choices/turn 3.04  choices/ARMED 2.16  los-targets/ARMED 2.04

ARENA FUNNEL (Mission.Build exits, n=100 builds, all modes):
  authored-applied    :  78.0%  (n=78)
  connectivity-reject :   0.0%  (n=0)
  procedural-roll     :  22.0%  (n=22)

DECK EXPOSURE (campaign runs n=20):
  distinct authored arenas/run : 3.70 mean (all runs)
  ... full-depth runs only     : 3.87 mean over 4.9 fights/run (n=15)
  Defend dealt on the route    :   75% of runs (n=15)

ENEMY DECISION MIX (contested acts=772; all-downed acts not counted=259):
  shoot           450    58%
  hunker          143    19%
  move             90    12%
  grenade          35     5%
  reload           14     2%
  sap               9     1%
  heal              8     1%
  item              8     1%
  siege             7     1%
  brace             3     0%
  overwatch         2     0%
  staleplan         2     0%
  shove             1     0%

  the shot on the table (acts where the chosen tile HAD a shot = 531):
    hit% band     taken   share   E[dmg]/shot   declined   share   E[dmg]/shot
      0-19           0      0%          0.00          0      0%          0.00
     20-39           7      2%          0.80          2    100%          0.58
     40-59          41      9%          1.88          0      0%          0.00
     60-79         159     35%          2.65          0      0%          0.00
      80+          243     54%          3.89          0      0%          0.00
    TOTAL           450                              2
  taken   85% / DECLINED    0% / preempted by another verb   15%
  enemy lanes held (overwatch+brace) 5; reaction shots fired 0  ->    0% of lanes paid off   [C2: DeclineWatchRatio is a bet on this number]

ACTION MIX (verbs issued, by policy):
  verb                  greedy        sloppy
  MOVE               688   46%     608   38%
  SHOOT              351   24%     376   24%
  HUNKER             137    9%     235   15%
  BRACE               57    4%      82    5%
  INTEL               41    3%      41    3%
  RELOAD              36    2%      44    3%
  FOCUS               23    2%      34    2%
  STABILIZE           23    2%      32    2%
  OVERWATCH           35    2%      20    1%
  SLIPSTREAM          25    2%      29    2%
  MARK                22    1%      23    1%
  ITEM:SMOKE          10    1%      22    1%
  PIN                  7    0%      15    1%
  BEACON               9    1%       9    1%
  GRAPPLE              6    0%       4    0%
  REARM                5    0%       3    0%
  EXTRACT              5    0%       2    0%
  GRENADE              1    0%       5    0%
  PATCH                2    0%       4    0%
  DRAG                 2    0%       1    0%
  ITEM:INCENDIARY       1    0%       1    0%
  ITEM:BARRICADE       0    0%       1    0%
  BARREL               0    0%       1    0%

PLAYER CLASS PERFORMANCE:
  class        shots   hit%   dmg   kills
  SHARPSHOOTER    189    92%   1301     75
  GUNNER         202    87%    974     66
  RANGER         144    92%    963     58
  ASSAULT        219    85%    950     65
  CORPSMAN        44    80%    124      3
  VIP              1   100%      3      0

SOLDIER DEATHS BY ENEMY CLASS (threat ranking):
  BURN       : 13
  ELITE      : 10
  SNIPER     : 6
  BRUISER    : 4
  SHIELD     : 3
  HUNTER     : 3
  SAPPER     : 2
  DRONE      : 2
  MORTAR     : 2
  LANCER     : 2
  BERSERKER  : 1
  SCREENER   : 1
  SPOTTER    : 1
  CUSTODIAN  : 1
  STRIKE     : 1

SOLDIER DOWNS (FUL-7 bleed-out): 165 downs -> revived 4 / recovered 80 / bled out 56 / finished 22  (save-rate   53%)
  corpsman fielded in 18 missions

ENEMY COMPOSITION (spawns; faction-stamped fights n=460 / default-cascade fights n=142):
  class        faction         default
  SCOUT           27    6%       38   27%
  GRUNT           36    8%       22   15%
  ELITE           46   10%        9    6%
  DRONE           42    9%        7    5%
  SHIELD          31    7%        2    1%
  SCREENER        27    6%        5    4%
  MORTAR          30    7%        2    1%
  BERSERKER       14    3%       16   11%
  SAPPER          25    5%        4    3%
  SNIPER          22    5%        7    5%
  SPOTTER         17    4%        7    5%
  BRUISER         24    5%        0    0%
  STRIKER         15    3%        5    4%
  TURRET          17    4%        2    1%
  HUNTER          15    3%        4    3%
  MEDIC           16    3%        2    1%
  HOUND           11    2%        6    4%
  LANCER          16    3%        1    1%
  WARBRINGER      11    2%        0    0%
  PIKEMAN          9    2%        2    1%
  BOMBARD          5    1%        1    1%
  CUSTODIAN        4    1%        0    0%

PERK PICK FREQUENCY:
  MOM           : 18
  LCK           : 14
  FST           : 13
  OUT           : 13
  RFX           : 13
  SKR           : 11
  TNK           : 10
  GRD           : 9
  BRK           : 9
  BND           : 9
  GUN           : 8
  PLT           : 8
  CQB           : 7
  CLH           : 6
  SGE           : 6
  EXC           : 6
  VNT           : 5
  MRK           : 5
  HRD           : 4

SHOP PURCHASE FREQUENCY:
  FIELD MEDKIT      : 79
  WPN: STABILIZER   : 39
  WPN: SCOPE        : 32
  WPN: HOLLOW POINT : 32
  WPN: EXTENDED MAG : 21
  WPN: BIPOD        : 16
  COMBAT STIMS      : 15
  WPN: SUPPRESSOR   : 15
  FRAG CACHE        : 13
  BALLISTIC PLATING : 12
  ADV. TRAINING     : 9
  ARMORY            : 8
  COUNTER-PREP      : 8

BOON PICK FREQUENCY (PROCS = effect fires at instrumented sites; '-' = not instrumented;
                      PYR counts the +2-turn-burn half only — the Burning-immunity half is uninstrumented):
  code                 picks   PROCS
  EXE               :     8       -
  FDR               :     7       1
  FVR               :     7       -
  SHK               :     7       9
  FRT               :     6       -
  MRK               :     6       -
  FST               :     5      47
  RPD               :     5       -
  SCV               :     4       -
  VNM               :     4       -
  GRN               :     3       -
  RCL               :     3       1
  TRR               :     3      14
  GHO               :     2       -
  PYR               :     2       1
  ADR               :     1       -

RUN WIN-RATE BY BOON (campaign runs holding it):
  EXE               :   88% ±12  (in 8 runs)
  FDR               :   71% ±17  (in 7 runs)
  FVR               :   71% ±17  (in 7 runs)
  SHK               :   86% ±13  (in 7 runs)
  FRT               :   83% ±15  (in 6 runs)
  MRK               :  100% ±0  (in 6 runs)
  FST               :   60% ±22  (in 5 runs)
  RPD               :  100% ±0  (in 5 runs)
  SCV               :  100% ±0  (in 4 runs)
  VNM               :   75% ±22  (in 4 runs)
  GRN               :   67% ±27  (in 3 runs)
  RCL               :   67% ±27  (in 3 runs)
  TRR               :   67% ±27  (in 3 runs)
  GHO               :    0% ±0  (in 2 runs)
  PYR               :  100% ±0  (in 2 runs)
  ADR               :  100% ±0  (in 1 runs)

RUN WIN-RATE BY SPEC (campaign runs fielding it):
  BRC               :   86% ±13  (in 7 runs)
  SNT               :  100% ±0  (in 6 runs)
  HHT               :   50% ±25  (in 4 runs)
  PHN               :   75% ±22  (in 4 runs)
  ADN               :   67% ±27  (in 3 runs)
  PTH               :   67% ±27  (in 3 runs)
  ANC               :   50% ±35  (in 2 runs)
  JUG               :   50% ±35  (in 2 runs)

RUN WIN-RATE BY PERK (campaign runs holding it):
  MOM               :   92% ±8  (in 12 runs)
  FST               :   64% ±15  (in 11 runs)
  LCK               :   73% ±13  (in 11 runs)
  SKR               :   73% ±13  (in 11 runs)
  BND               :   67% ±16  (in 9 runs)
  BRK               :   78% ±14  (in 9 runs)
  OUT               :   67% ±16  (in 9 runs)
  GRD               :   75% ±15  (in 8 runs)
  RFX               :   75% ±15  (in 8 runs)
  TNK               :   63% ±17  (in 8 runs)
  GUN               :   86% ±13  (in 7 runs)
  CQB               :   83% ±15  (in 6 runs)
  PLT               :   50% ±20  (in 6 runs)
  SGE               :   83% ±15  (in 6 runs)
  CLH               :   80% ±18  (in 5 runs)
  EXC               :   80% ±18  (in 5 runs)
  VNT               :   80% ±18  (in 5 runs)
  HRD               :  100% ±0  (in 4 runs)
  MRK               :   75% ±22  (in 4 runs)

RUN WIN-RATE BY PURCHASE (campaign runs buying it):
  FIELD MEDKIT      :   74% ±10  (in 19 runs)
  WPN: HOLLOW POINT :   64% ±13  (in 14 runs)
  WPN: STABILIZER   :   77% ±12  (in 13 runs)
  COMBAT STIMS      :   67% ±14  (in 12 runs)
  WPN: EXTENDED MAG :   73% ±13  (in 11 runs)
  WPN: SCOPE        :   82% ±12  (in 11 runs)
  WPN: SUPPRESSOR   :   73% ±13  (in 11 runs)
  ADV. TRAINING     :   89% ±10  (in 9 runs)
  ARMORY            :   75% ±15  (in 8 runs)
  FRAG CACHE        :   88% ±12  (in 8 runs)
  COUNTER-PREP      :   71% ±17  (in 7 runs)
  WPN: BIPOD        :   86% ±13  (in 7 runs)
  BALLISTIC PLATING :  100% ±0  (in 6 runs)

RUN WIN-RATE BY EVENT-CHOICE (campaign runs taking id:arm):
  cache:1           :   75% ±22  (in 4 runs)
  informant:1       :  100% ±0  (in 4 runs)
  blackmarket:2     :   50% ±35  (in 2 runs)
  bloodfeud:2       :   50% ±35  (in 2 runs)
  distress:1        :  100% ±0  (in 2 runs)
  drill:1           :  100% ±0  (in 2 runs)
  profiteer:0       :  100% ±0  (in 2 runs)
  relic:0           :  100% ±0  (in 2 runs)
  relic:1           :    0% ±0  (in 2 runs)
═══════════════════════════════════════════════════════════════════════

batch wall-time: 9.1s  (20 matches across 10 campaigns × 2 policy, frame-cap hits: 0)
aggregate JSON -> /home/user/wt/heat-pin/docs/measurements/l5/L5-hR-b110.json
INFO: TEXTURE: [ID 2] Unloaded texture data from VRAM (GPU)
INFO: SHADER: [ID 3] Default shader unloaded successfully
INFO: TEXTURE: [ID 1] Default texture unloaded successfully
INFO: Window closed successfully
