BALANCE: heat PINNED for this batch (field-event AddHeat is a no-op; SIGHTLINE_HEATPIN=0 restores the leak)
INFO: Initializing raylib 6.0
INFO: Platform backend: DESKTOP (GLFW)
INFO: Supported raylib modules:
INFO:     > rcore:..... loaded (mandatory)
INFO:     > rlgl:...... loaded (mandatory)
INFO:     > rshapes:... loaded (optional)
INFO:     > rtextures:. loaded (optional)
INFO:     > rtext:..... loaded (optional)
INFO:     > rmodels:... loaded (optional)
INFO:     > raudio:.... loaded (optional)
INFO: DISPLAY: Trying to enable MSAA x4
INFO: DISPLAY: Device initialized successfully 
INFO:     > Display size: 1280 x 800
INFO:     > Screen size:  1280 x 800
INFO:     > Render size:  1280 x 800
INFO:     > Viewport offsets: 0, 0
INFO: GLAD: OpenGL extensions loaded successfully
INFO: GL: Supported extensions count: 229
INFO: GL: OpenGL device information:
INFO:     > Vendor:   Mesa
INFO:     > Renderer: llvmpipe (LLVM 20.1.2, 256 bits)
INFO:     > Version:  4.5 (Core Profile) Mesa 25.2.8-0ubuntu0.24.04.2
INFO:     > GLSL:     4.50
INFO: GL: VAO extension detected, VAO functions loaded successfully
INFO: GL: NPOT textures extension detected, full NPOT textures supported
INFO: GL: DXT compressed textures supported
INFO: GL: ETC2/EAC compressed textures supported
INFO: PLATFORM: DESKTOP (GLFW - X11): Initialized successfully
INFO: TEXTURE: [ID 1] Texture loaded successfully (1x1 | R8G8B8A8 | 1 mipmaps)
INFO: TEXTURE: [ID 1] Default texture loaded successfully
INFO: SHADER: [ID 1] Vertex shader compiled successfully
INFO: SHADER: [ID 2] Fragment shader compiled successfully
INFO: SHADER: [ID 3] Program shader loaded successfully
INFO: SHADER: [ID 3] Default shader loaded successfully
INFO: RLGL: Render batch vertex buffers loaded successfully in RAM (CPU)
INFO: RLGL: Render batch vertex buffers loaded successfully in VRAM (GPU)
INFO: RLGL: Default OpenGL state initialized successfully
INFO: TEXTURE: [ID 2] Texture loaded successfully (128x128 | GRAY_ALPHA | 1 mipmaps)
INFO: FONT: Default font loaded successfully (224 glyphs)
INFO: SYSTEM: Working Directory: /home/user/wt/heat-pin
INFO: TIMER: Target time per frame: 0.000 milliseconds
FINALE-KIT: Wardens
WAVE: +2 (BRUISER,STRIKER) [rich]
WAVE: +2 (HOUND,HOUND) [rich]
WAVE: +2 (LANCER,HOUND) [rich]
WAVE: +3 (SCREENER,MEDIC,SCREENER) [rich]
WAVE: +1 (GRUNT) [rich]
WAVE: +1 (SCREENER) [rich]
FINALE-KIT: Wardens
WAVE: +2 (BRUISER,HUNTER) [rich]
WAVE: +2 (HOUND,LANCER) [rich]
WAVE: +2 (HUNTER,SCOUT) [rich]
WAVE: +3 (MORTAR,SNIPER,SCOUT) [rich]
WAVE: +1 (SNIPER) [rich]
WAVE: +1 (SNIPER) [rich]
FINALE-KIT: Wardens
FINALE-KIT: Wardens
FINALE-KIT: Syndicate
WAVE: +2 (CUSTODIAN,SHIELD) [rich]
WAVE: +2 (SCREENER,GRUNT) [rich]
WAVE: +2 (SCREENER,SPOTTER) [rich]
REINFORCEMENTS: +2 (GRUNT,GRUNT)
REINFORCEMENTS: +2 (SCOUT,SCOUT)
match 5/20  (W:2 L:3 cap:0)  3.4s
FINALE-KIT: Syndicate
WAVE: +2 (SHIELD,CUSTODIAN) [rich]
WAVE: +2 (DRONE,SHIELD) [rich]
WAVE: +2 (SAPPER,SAPPER) [rich]
FINALE-KIT: Legion
WAVE: +3 (STRIKER,DRONE,SAPPER) [rich]
WAVE: +3 (HOUND,SPOTTER,SPOTTER) [rich]
WAVE: +3 (MORTAR,SNIPER,LANCER) [rich]
WAVE: +3 (SNIPER,SHIELD,SHIELD) [rich]
WAVE: +2 (SAPPER,SNIPER) [rich]
FINALE-KIT: Legion
WAVE: +3 (WARBRINGER,SPOTTER,SAPPER) [rich]
WAVE: +3 (SCREENER,SPOTTER,STRIKER) [rich]
WAVE: +3 (HOUND,DRONE,SCREENER) [rich]
REINFORCEMENTS: +2 (SCOUT,SCOUT)
FINALE-KIT: Legion
FINALE-KIT: Legion
match 10/20  (W:3 L:7 cap:0)  6.0s
FINALE-KIT: Legion
WAVE: +3 (MORTAR,MEDIC,SNIPER) [rich]
WAVE: +3 (PIKEMAN,SNIPER,MORTAR) [rich]
WAVE: +3 (SCOUT,GRUNT,SCREENER) [rich]
WAVE: +3 (GRUNT,SNIPER,MEDIC) [rich]
WAVE: +1 (MORTAR) [rich]
FINALE-KIT: Legion
WAVE: +3 (PIKEMAN,GRUNT,CUSTODIAN) [rich]
WAVE: +3 (SNIPER,GRUNT,CUSTODIAN) [rich]
WAVE: +3 (MORTAR,SCOUT,SNIPER) [rich]
REINFORCEMENTS: +2 (SCOUT,SCOUT)
REINFORCEMENTS: +2 (SCOUT,SCOUT)
REINFORCEMENTS: +2 (SCOUT,SCOUT)
FINALE-KIT: Legion
WAVE: +2 (HUNTER,SCOUT) [rich]
WAVE: +2 (STRIKER,SCOUT) [rich]
WAVE: +2 (LANCER,SNIPER) [rich]
FINALE-KIT: Legion
WAVE: +2 (SCOUT,HUNTER) [rich]
WAVE: +2 (HUNTER,HUNTER) [rich]
WAVE: +2 (HOUND,BRUISER) [rich]
FINALE-KIT: Legion
WAVE: +2 (CUSTODIAN,MORTAR) [rich]
WAVE: +2 (MORTAR,SCOUT) [rich]
WAVE: +2 (GRUNT,MORTAR) [rich]
WAVE: +2 (PIKEMAN,MEDIC) [rich]
WAVE: +2 (PIKEMAN,GRUNT) [rich]
WAVE: +2 (MEDIC,PIKEMAN) [rich]
match 15/20  (W:4 L:11 cap:0)  7.6s
FINALE-KIT: Legion
WAVE: +2 (SCREENER,SNIPER) [rich]
WAVE: +2 (GRUNT,MORTAR) [rich]
WAVE: +2 (MEDIC,GRUNT) [rich]
FINALE-KIT: Wardens
WAVE: +2 (HUNTER,HUNTER) [rich]
WAVE: +2 (LANCER,HUNTER) [rich]
WAVE: +2 (LANCER,BERSERKER) [rich]
WAVE: +2 (BERSERKER,GRUNT) [rich]
WAVE: +2 (HUNTER,BERSERKER) [rich]
FINALE-KIT: Wardens
WAVE: +2 (GRUNT,GRUNT) [rich]
WAVE: +2 (BRUISER,BERSERKER) [rich]
WAVE: +2 (STRIKER,HOUND) [rich]
WAVE: +2 (WARBRINGER,BERSERKER) [rich]
FINALE-KIT: Wardens
WAVE: +2 (BRUISER,SCOUT) [rich]
WAVE: +2 (BERSERKER,STRIKER) [rich]
WAVE: +2 (BRUISER,HUNTER) [rich]
REINFORCEMENTS: +2 (GRUNT,GRUNT)
REINFORCEMENTS: +2 (GRUNT,GRUNT)
FINALE-KIT: Wardens
WAVE: +2 (HOUND,BERSERKER) [rich]
WAVE: +2 (BRUISER,SCOUT) [rich]
WAVE: +2 (HUNTER,LANCER) [rich]
match 20/20  (W:6 L:14 cap:0)  8.9s

══════════════════════ SIGHTLINE BALANCE REPORT ══════════════════════
runs=20  missions=79

RUN OUTCOMES (campaign):  win-rate   30%   avg missions cleared 4.1

POLICY GAP (optimal vs human-error; campaign runs only):
  greedy win-rate   30%  (n=10)
  sloppy win-rate   30%  (n=10)
  GAP    0 pts  (healthy slack)
  PAIRED (same-seed slots): pairs=10  concordant=8  discordant greedy-only-won=1 / sloppy-only-won=1  paired gap    0 pts
  PER-SLOT RECORDS (greedy | sloppy: outcome + missions cleared; margin = g−s):
    slot   0 @h4: W 6 | W 6   margin +0
    slot   1 @h4: L 0 | L 0   margin +0
    slot   2 @h4: L 3 | W 6   margin -3
    slot   3 @h4: L 5 | L 5   margin +0
    slot   4 @h4: L 2 | L 2   margin +0
    slot   5 @h4: L 5 | L 5   margin +0
    slot   6 @h4: W 6 | L 5   margin +1
    slot   7 @h4: L 5 | L 5   margin +0
    slot   8 @h4: L 2 | L 2   margin +0
    slot   9 @h4: W 6 | W 6   margin +0
  PAIRED MARGIN (missions cleared, all pairs): -0.20 ±0.33 SE  (n=10 pairs)
  by objective (greedy / sloppy / gap):
    Decapitate :   63% /   56% / gap    7
    Defend     :   89% /   89% / gap    0
    Eliminate  :   91% /   91% / gap    0
    Escort     :  100% /  100% / gap    0
    Evac       :  100% /  100% / gap    0
    Hack       :   33% /   67% / gap  -33
    Rescue     :  100% /  100% / gap    0
    Sabotage   :  100% /  100% / gap    0

DECISION RICHNESS / SWING:
  meaningful-choices/turn 4.30   lead-swings/match 0.8   avg max-swing 56.7
  [shot-gate] acting-soldiers/turn 3.44   armed-soldiers/turn 1.65   armed-fraction 48%   turns-with-a-shot 65%   choices/ARMED-soldier-turn 2.62
  [choice-split] los-targets/ARMED 3.81   target-choices/ARMED 0.79   position-choices/ARMED 1.83

RUN COMPLETION BY HEAT (full-campaign clears):
  heat 4:   30% ±10  (n=20 runs, avg 4.1 missions)
  HEAT LEAK: pinned=yes  heat-raising picks=2  campaigns raised=0  missions off-rung=0/79

INTEL ECONOMY BY HEAT (campaign runs; heat-bonus = the Heat.IntelBonus share of income):
  heat 4: earned  194.5/run   heat-bonus  59.0 (  30% of income)   spent  178.7   unspent   15.8

MISSION WIN-RATE BY HEAT:
  heat 4:   82%  (n=79, avg 5.2 turns)

MISSION WIN-RATE BY OBJECTIVE:
  Eliminate  :   91% ±6  (n=22, avg 3.6 turns)
  Defend     :   89% ±7  (n=18, avg 8.7 turns)
  Decapitate :   59% ±12  (n=17, avg 4.1 turns)
  Escort     :  100% ±0  (n=8, avg 6.3 turns)
  Hack       :   50% ±20  (n=6, avg 4.7 turns)
  Rescue     :  100% ±0  (n=4, avg 3.3 turns)
  Evac       :  100% ±0  (n=2, avg 2.5 turns)
  Sabotage   :  100% ±0  (n=2, avg 3.0 turns)

MISSION WIN-RATE BY OBJECTIVE x NODE KIND (a capstone must never pool with a mid-run node):
  Eliminate  : Start:  90%(n=20)  Supply: 100%(n=2)
               depth: m1:90%(20) m3:100%(2)
  Defend     : Combat:  83%(n=12)  Supply: 100%(n=6)
               depth: m2:100%(6) m3:67%(6) m4:100%(4) m5:100%(2)
  Decapitate : Boss:  46%(n=13)  Combat: 100%(n=2)  Supply: 100%(n=2)
               depth: m3:100%(2) m5:100%(2) m6:46%(13)
  Escort     : Combat: 100%(n=4)  Elite: 100%(n=4)
               depth: m4:100%(6) m5:100%(2)
  Hack       : Combat:  75%(n=4)  Elite:   0%(n=2)
               depth: m3:0%(2) m4:50%(2) m5:100%(2)
  Rescue     : Elite: 100%(n=4)
               depth: m2:100%(2) m5:100%(2)
  Evac       : Supply: 100%(n=2)
               depth: m3:100%(2)
  Sabotage   : Combat: 100%(n=2)
               depth: m3:100%(2)

ENCOUNTER COMPLETION on MID-RUN nodes (Combat+Elite) — clear% is the share of the fight actually fought:
  objective     n   win%   turns   force    +rf  killed  clear%   prs  WONclear%
  Defend        12   83%     8.6    6.00   5.83    4.00    33.8  0.00     37.7 (n=10)
  Escort         8  100%     6.3   10.25   0.00    0.00     0.0  0.00      0.0 (n=8)
  Hack           6   50%     4.7    9.67   0.00    2.17    22.4  0.33     17.2 (n=3)
  Rescue         4  100%     3.3    9.50   0.00    0.00     0.0  0.00      0.0 (n=4)
  Sabotage       2  100%     3.0    6.00   0.00    3.00    50.0  0.00     50.0 (n=2)
  Decapitate     2  100%     3.0   10.00   0.00    4.00    40.0  0.00     40.0 (n=2)
  ---- the two classes ----
  KILL           2  100%     3.0   10.00   0.00    4.00    40.0  0.00     40.0 (n=2)
  NON-KILL      32   84%     6.3    8.19   2.19    2.09    20.2  0.06     20.1 (n=27)

DECAPITATE HVT (buff = +6+1*mission HP, +6 aim; ELITE exempt):
  EXEMPT  :   59% ±12  (n=17, avg 4.1 turns, HVT 23.4 max HP)  [m3:100%(2) m5:100%(2) m6:46%(13)]

MISSION WIN-RATE BY MISSION #:
  m1:   90% ±7  (n=20)
  m2:  100% ±0  (n=8)
  m3:   75% ±11  (n=16)
  m4:   92% ±8  (n=12)
  m5:  100% ±0  (n=10)
  m6:   46% ±14  (n=13)

LOSS CAUSES (missions):
  RUN OVER              : 14

MISSION WIN-RATE BY ARENA (authored layouts, n>=3; procedural fallback   22% of 79 missions):
  arena  7:  100% ±0  (n=3, avg 8.3 turns)  [m3:100%(1) m4:100%(2)]
  arena 12:    0% ±0  (n=3, avg 7.0 turns)  [m3:0%(1) m6:0%(2)]
  arena 14:  100% ±0  (n=3, avg 4.0 turns)  [m4:100%(1) m5:100%(2)]
  arena 15:  100% ±0  (n=3, avg 5.3 turns)  [m1:100%(2) m4:100%(1)]
  arena 16:  100% ±0  (n=4, avg 5.8 turns)  [m2:100%(2) m3:100%(2)]
  arena 24:  100% ±0  (n=5, avg 6.6 turns)  [m3:100%(4) m4:100%(1)]
  arena 32:   67% ±19  (n=6, avg 5.8 turns)  [m3:0%(2) m4:100%(2) m5:100%(2)]
  arena 33:  100% ±0  (n=6, avg 5.8 turns)  [m1:100%(2) m2:100%(2) m4:100%(2)]
  arena 34:   67% ±19  (n=6, avg 3.5 turns)  [m1:100%(2) m6:50%(4)]
  procedural:   82% ±9  (n=17, avg 5.4 turns)  [m1:100%(4) m2:100%(3) m3:75%(4) m4:67%(3) m6:67%(3)]

DEPLOYMENT GEOMETRY (opening shape; choices/ARMED is the wave's real gate):
  FRONTAL   :   78% ±10  (n=18, avg 4.5 turns)  choices/turn 3.51  choices/ARMED 2.41  los-targets/ARMED 2.69
  PINCER    :   89%  (n=35, avg 5.3 turns)  choices/turn 5.83  choices/ARMED 2.97  los-targets/ARMED 5.06
  CROSSFIRE :   50% ±18  (n=8, avg 4.4 turns)  choices/turn 2.35  choices/ARMED 1.66  los-targets/ARMED 2.23
  ENVELOP   :   89% ±7  (n=18, avg 5.9 turns)  choices/turn 2.79  choices/ARMED 2.17  los-targets/ARMED 1.89

ARENA FUNNEL (Mission.Build exits, n=92 builds, all modes):
  authored-applied    :  77.2%  (n=71)
  connectivity-reject :   0.0%  (n=0)
  procedural-roll     :  22.8%  (n=21)

DECK EXPOSURE (campaign runs n=20):
  distinct authored arenas/run : 3.10 mean (all runs)
  ... full-depth runs only     : 3.83 mean over 5.0 fights/run (n=6)
  Defend dealt on the route    :   80% of runs (n=16)

ENEMY DECISION MIX (contested acts=1159; all-downed acts not counted=561):
  shoot           629    54%
  hunker          277    24%
  move            105     9%
  heal             44     4%
  grenade          38     3%
  reload           18     2%
  siege            17     1%
  item             12     1%
  brace             7     1%
  overwatch         4     0%
  shove             3     0%
  staleplan         3     0%
  relock            1     0%
  sap               1     0%

  the shot on the table (acts where the chosen tile HAD a shot = 713):
    hit% band     taken   share   E[dmg]/shot   declined   share   E[dmg]/shot
      0-19           0      0%          0.00          2     40%          0.31
     20-39          10      2%          1.24          1     20%          1.08
     40-59          50      8%          1.51          2     40%          1.19
     60-79         212     34%          2.41          0      0%          0.00
      80+          357     57%          3.40          0      0%          0.00
    TOTAL           629                              5
  taken   88% / DECLINED    1% / preempted by another verb   11%
  enemy lanes held (overwatch+brace) 11; reaction shots fired 3  ->   27% of lanes paid off   [C2: DeclineWatchRatio is a bet on this number]

ACTION MIX (verbs issued, by policy):
  verb                  greedy        sloppy
  MOVE               462   36%     534   43%
  SHOOT              350   27%     313   25%
  HUNKER              90    7%      93    7%
  BRACE               79    6%      51    4%
  OVERWATCH           57    4%      32    3%
  FOCUS               32    3%      52    4%
  RELOAD              44    3%      31    2%
  INTEL               34    3%      33    3%
  STABILIZE           31    2%      25    2%
  SLIPSTREAM          27    2%      14    1%
  MARK                17    1%      20    2%
  ITEM:SMOKE          11    1%      11    1%
  PIN                 13    1%       7    1%
  HACK                 6    0%       7    1%
  REARM                4    0%       6    0%
  GRAPPLE              3    0%       6    0%
  EXTRACT              6    0%       3    0%
  PATCH                5    0%       1    0%
  PLANT                3    0%       3    0%
  GRENADE              3    0%       2    0%
  BARREL               1    0%       4    0%
  BEACON               1    0%       1    0%
  DRAG                 0    0%       1    0%

PLAYER CLASS PERFORMANCE:
  class        shots   hit%   dmg   kills
  SHARPSHOOTER    169    92%   1073     74
  ASSAULT        215    82%    914     50
  GUNNER         141    87%    640     52
  RANGER          94    85%    506     37
  CORPSMAN        58    81%    181      5

SOLDIER DEATHS BY ENEMY CLASS (threat ranking):
  BURN       : 16
  BRUISER    : 14
  BERSERKER  : 14
  GRUNT      : 12
  ELITE      : 11
  STRIKE     : 10
  LANCER     : 8
  SNIPER     : 4
  MORTAR     : 3
  HUNTER     : 3
  WARBRINGER : 3
  STRIKER    : 2
  SPOTTER    : 2
  SHIELD     : 1
  SCREENER   : 1
  HOUND      : 1
  CUSTODIAN  : 1
  TURRET     : 1

SOLDIER DOWNS (FUL-7 bleed-out): 220 downs -> revived 5 / recovered 48 / bled out 140 / finished 27  (save-rate   24%)
  corpsman fielded in 32 missions

ENEMY COMPOSITION (spawns; faction-stamped fights n=606 / default-cascade fights n=199):
  class        faction         default
  GRUNT           52    9%       30   15%
  SCOUT           24    4%       56   28%
  BRUISER         66   11%        8    4%
  MORTAR          44    7%       13    7%
  SNIPER          43    7%       14    7%
  HUNTER          46    8%       11    6%
  ELITE           43    7%        6    3%
  BERSERKER       43    7%        0    0%
  LANCER          36    6%        4    2%
  MEDIC           32    5%        2    1%
  SCREENER        30    5%        2    1%
  HOUND           13    2%       17    9%
  STRIKER         19    3%        8    4%
  PIKEMAN         24    4%        0    0%
  SAPPER          12    2%        8    4%
  SPOTTER          9    1%       11    6%
  CUSTODIAN       19    3%        0    0%
  WARBRINGER      13    2%        1    1%
  SHIELD          12    2%        2    1%
  DRONE           11    2%        2    1%
  TURRET           9    1%        2    1%
  BOMBARD          6    1%        2    1%

PERK PICK FREQUENCY:
  LCK           : 19
  OUT           : 11
  GUN           : 10
  RFX           : 9
  GRD           : 8
  CQB           : 8
  BND           : 8
  MOM           : 8
  PLT           : 7
  EXC           : 7
  SKR           : 7
  MRK           : 7
  HRD           : 6
  FST           : 6
  BRK           : 6
  CLH           : 6
  TNK           : 5
  VNT           : 4
  SGE           : 4

SHOP PURCHASE FREQUENCY:
  FIELD MEDKIT      : 57
  BALLISTIC PLATING : 47
  WPN: SCOPE        : 44
  WPN: HOLLOW POINT : 38
  WPN: EXTENDED MAG : 30
  WPN: BIPOD        : 27
  WPN: STABILIZER   : 27
  COMBAT STIMS      : 25
  FRAG CACHE        : 21
  COUNTER-PREP      : 17
  ARMORY            : 10
  ADV. TRAINING     : 7
  WPN: SUPPRESSOR   : 5

BOON PICK FREQUENCY (PROCS = effect fires at instrumented sites; '-' = not instrumented;
                      PYR counts the +2-turn-burn half only — the Burning-immunity half is uninstrumented):
  code                 picks   PROCS
  RPD               :     7       -
  FRT               :     6       -
  RCL               :     6       0
  MRK               :     5       -
  SCV               :     5       -
  FST               :     4      47
  SHK               :     4       0
  FDR               :     3       0
  FVR               :     3       -
  GHO               :     3       -
  PYR               :     3       2
  TRR               :     3       6
  ADR               :     2       -
  GRN               :     2       -
  VNM               :     2       -
  EXE               :     1       -

RUN WIN-RATE BY BOON (campaign runs holding it):
  RPD               :   57% ±19  (in 7 runs)
  FRT               :   67% ±19  (in 6 runs)
  RCL               :   33% ±19  (in 6 runs)
  MRK               :    0% ±0  (in 5 runs)
  SCV               :   20% ±18  (in 5 runs)
  FST               :   50% ±25  (in 4 runs)
  SHK               :   50% ±25  (in 4 runs)
  FDR               :   33% ±27  (in 3 runs)
  FVR               :   33% ±27  (in 3 runs)
  GHO               :   33% ±27  (in 3 runs)
  PYR               :   67% ±27  (in 3 runs)
  TRR               :   33% ±27  (in 3 runs)
  ADR               :   50% ±35  (in 2 runs)
  GRN               :   50% ±35  (in 2 runs)
  VNM               :   50% ±35  (in 2 runs)
  EXE               :    0% ±0  (in 1 runs)

RUN WIN-RATE BY SPEC (campaign runs fielding it):
  HHT               :   67% ±19  (in 6 runs)
  ADN               :   75% ±22  (in 4 runs)
  BRC               :   50% ±25  (in 4 runs)
  ANC               :   67% ±27  (in 3 runs)
  PTH               :   33% ±27  (in 3 runs)
  SNT               :  100% ±0  (in 2 runs)
  JUG               :    0% ±0  (in 1 runs)
  PHN               :  100% ±0  (in 1 runs)

RUN WIN-RATE BY PERK (campaign runs holding it):
  LCK               :   36% ±15  (in 11 runs)
  OUT               :   33% ±16  (in 9 runs)
  CQB               :   38% ±17  (in 8 runs)
  GRD               :   25% ±15  (in 8 runs)
  GUN               :   38% ±17  (in 8 runs)
  MOM               :   29% ±17  (in 7 runs)
  MRK               :   14% ±13  (in 7 runs)
  PLT               :   57% ±19  (in 7 runs)
  RFX               :   57% ±19  (in 7 runs)
  BND               :   67% ±19  (in 6 runs)
  EXC               :   33% ±19  (in 6 runs)
  FST               :   33% ±19  (in 6 runs)
  HRD               :   33% ±19  (in 6 runs)
  BRK               :   40% ±22  (in 5 runs)
  CLH               :   40% ±22  (in 5 runs)
  SKR               :   20% ±18  (in 5 runs)
  TNK               :   60% ±22  (in 5 runs)
  VNT               :   75% ±22  (in 4 runs)
  SGE               :   33% ±27  (in 3 runs)

RUN WIN-RATE BY PURCHASE (campaign runs buying it):
  FIELD MEDKIT      :   38% ±12  (in 16 runs)
  COUNTER-PREP      :   36% ±13  (in 14 runs)
  COMBAT STIMS      :   46% ±14  (in 13 runs)
  FRAG CACHE        :   50% ±14  (in 12 runs)
  BALLISTIC PLATING :   55% ±15  (in 11 runs)
  WPN: BIPOD        :   36% ±15  (in 11 runs)
  WPN: SCOPE        :   36% ±15  (in 11 runs)
  WPN: STABILIZER   :   40% ±15  (in 10 runs)
  WPN: EXTENDED MAG :   22% ±14  (in 9 runs)
  WPN: HOLLOW POINT :   38% ±17  (in 8 runs)
  ARMORY            :   57% ±19  (in 7 runs)
  ADV. TRAINING     :   25% ±22  (in 4 runs)
  WPN: SUPPRESSOR   :   75% ±22  (in 4 runs)

RUN WIN-RATE BY EVENT-CHOICE (campaign runs taking id:arm):
  warchest:1        :  100% ±0  (in 3 runs)
  blackmarket:2     :    0% ±0  (in 2 runs)
  defector:0        :    0% ±0  (in 2 runs)
  drill:1           :    0% ±0  (in 2 runs)
  informant:1       :   50% ±35  (in 2 runs)
  medic:1           :    0% ±0  (in 2 runs)
  quartermaster:1   :  100% ±0  (in 2 runs)
  relic:1           :    0% ±0  (in 2 runs)
═══════════════════════════════════════════════════════════════════════

batch wall-time: 8.9s  (20 matches across 10 campaigns × 2 policy, frame-cap hits: 0)
aggregate JSON -> /home/user/wt/heat-pin/docs/measurements/l5/L5-h4-b0.json
INFO: TEXTURE: [ID 2] Unloaded texture data from VRAM (GPU)
INFO: SHADER: [ID 3] Default shader unloaded successfully
INFO: TEXTURE: [ID 1] Default texture unloaded successfully
INFO: Window closed successfully
