BALANCE: heat PINNED for this batch (field-event AddHeat is a no-op; SIGHTLINE_HEATPIN=0 restores the leak)
INFO: Initializing raylib 6.0
INFO: Platform backend: DESKTOP (GLFW)
INFO: Supported raylib modules:
INFO:     > rcore:..... loaded (mandatory)
INFO:     > rlgl:...... loaded (mandatory)
INFO:     > rshapes:... loaded (optional)
INFO:     > rtextures:. loaded (optional)
INFO:     > rtext:..... loaded (optional)
INFO:     > rmodels:... loaded (optional)
INFO:     > raudio:.... loaded (optional)
INFO: DISPLAY: Trying to enable MSAA x4
INFO: DISPLAY: Device initialized successfully 
INFO:     > Display size: 1280 x 800
INFO:     > Screen size:  1280 x 800
INFO:     > Render size:  1280 x 800
INFO:     > Viewport offsets: 0, 0
INFO: GLAD: OpenGL extensions loaded successfully
INFO: GL: Supported extensions count: 229
INFO: GL: OpenGL device information:
INFO:     > Vendor:   Mesa
INFO:     > Renderer: llvmpipe (LLVM 20.1.2, 256 bits)
INFO:     > Version:  4.5 (Core Profile) Mesa 25.2.8-0ubuntu0.24.04.2
INFO:     > GLSL:     4.50
INFO: GL: VAO extension detected, VAO functions loaded successfully
INFO: GL: NPOT textures extension detected, full NPOT textures supported
INFO: GL: DXT compressed textures supported
INFO: GL: ETC2/EAC compressed textures supported
INFO: PLATFORM: DESKTOP (GLFW - X11): Initialized successfully
INFO: TEXTURE: [ID 1] Texture loaded successfully (1x1 | R8G8B8A8 | 1 mipmaps)
INFO: TEXTURE: [ID 1] Default texture loaded successfully
INFO: SHADER: [ID 1] Vertex shader compiled successfully
INFO: SHADER: [ID 2] Fragment shader compiled successfully
INFO: SHADER: [ID 3] Program shader loaded successfully
INFO: SHADER: [ID 3] Default shader loaded successfully
INFO: RLGL: Render batch vertex buffers loaded successfully in RAM (CPU)
INFO: RLGL: Render batch vertex buffers loaded successfully in VRAM (GPU)
INFO: RLGL: Default OpenGL state initialized successfully
INFO: TEXTURE: [ID 2] Texture loaded successfully (128x128 | GRAY_ALPHA | 1 mipmaps)
INFO: FONT: Default font loaded successfully (224 glyphs)
INFO: SYSTEM: Working Directory: /home/user/wt/heat-pin
INFO: TIMER: Target time per frame: 0.000 milliseconds
FINALE-KIT: Wardens
WAVE: +3 (SHIELD,SHIELD,BERSERKER) [rich]
WAVE: +3 (HUNTER,LANCER,CUSTODIAN) [rich]
WAVE: +3 (DRONE,LANCER,SNIPER) [rich]
WAVE: +3 (SAPPER,DRONE,SPOTTER) [rich]
WAVE: +3 (SCREENER,SCREENER,GRUNT) [rich]
WAVE: +3 (SPOTTER,GRUNT,SHIELD) [rich]
FINALE-KIT: Wardens
FINALE-KIT: Wardens
WAVE: +3 (WARBRINGER,STRIKER,BRUISER) [rich]
WAVE: +3 (STRIKER,BRUISER,WARBRINGER) [rich]
WAVE: +1 (HUNTER) [rich]
WAVE: +3 (HUNTER,STRIKER,HUNTER) [rich]
WAVE: +2 (HOUND,BERSERKER) [rich]
FINALE-KIT: Wardens
WAVE: +3 (LANCER,LANCER,BRUISER) [rich]
WAVE: +3 (BERSERKER,HUNTER,BERSERKER) [rich]
WAVE: +3 (BERSERKER,HOUND,SCOUT) [rich]
WAVE: +3 (HOUND,BERSERKER,LANCER) [rich]
WAVE: +3 (BERSERKER,BRUISER,HUNTER) [rich]
FINALE-KIT: Syndicate
WAVE: +2 (BRUISER,LANCER) [rich]
WAVE: +2 (BRUISER,HUNTER) [rich]
WAVE: +2 (BRUISER,BRUISER) [rich]
match 5/20  (W:1 L:4 cap:0)  3.6s
FINALE-KIT: Syndicate
WAVE: +2 (LANCER,LANCER) [rich]
WAVE: +2 (LANCER,SNIPER) [rich]
WAVE: +2 (BRUISER,STRIKER) [rich]
FINALE-KIT: Legion
WAVE: +3 (SNIPER,SNIPER,SNIPER) [rich]
WAVE: +3 (GRUNT,GRUNT,CUSTODIAN) [rich]
WAVE: +3 (GRUNT,GRUNT,SCOUT) [rich]
REINFORCEMENTS: +2 (GRUNT,GRUNT)
REINFORCEMENTS: +2 (GRUNT,SCOUT)
FINALE-KIT: Legion
WAVE: +3 (SCOUT,MORTAR,SCREENER) [rich]
WAVE: +3 (SNIPER,MEDIC,MORTAR) [rich]
WAVE: +3 (SCREENER,MEDIC,GRUNT) [rich]
WAVE: +3 (SNIPER,GRUNT,SCOUT) [rich]
FINALE-KIT: Legion
WAVE: +2 (SPOTTER,SAPPER) [rich]
WAVE: +2 (DRONE,SAPPER) [rich]
WAVE: +2 (SCREENER,CUSTODIAN) [rich]
WAVE: +2 (SHIELD,GRUNT) [rich]
WAVE: +2 (SAPPER,DRONE) [rich]
WAVE: +2 (SPOTTER,SHIELD) [rich]
WAVE: +3 (SNIPER,WARBRINGER,SHIELD) [rich]
WAVE: +3 (SNIPER,HOUND,BRUISER) [rich]
WAVE: +3 (HUNTER,SAPPER,GRUNT) [rich]
FINALE-KIT: Legion
match 10/20  (W:2 L:8 cap:0)  6.1s
FINALE-KIT: Wardens
FINALE-KIT: Wardens
WAVE: +2 (SNIPER,LANCER) [rich]
WAVE: +2 (DRONE,HOUND) [rich]
WAVE: +2 (DRONE,SNIPER) [rich]
REINFORCEMENTS: +2 (GRUNT,SCOUT)
FINALE-KIT: Syndicate
FINALE-KIT: Syndicate
WAVE: +2 (CUSTODIAN,GRUNT) [rich]
WAVE: +2 (SCOUT,SNIPER) [rich]
WAVE: +2 (SNIPER,SCOUT) [rich]
WAVE: +2 (SNIPER,SNIPER) [rich]
WAVE: +2 (GRUNT,MORTAR) [rich]
WAVE: +2 (GRUNT,SNIPER) [rich]
FINALE-KIT: Legion
WAVE: +2 (DRONE,DRONE) [rich]
WAVE: +2 (GRUNT,SNIPER) [rich]
WAVE: +2 (HUNTER,DRONE) [rich]
match 15/20  (W:4 L:11 cap:0)  7.3s
FINALE-KIT: Legion
WAVE: +2 (LANCER,SAPPER) [rich]
WAVE: +2 (DRONE,BERSERKER) [rich]
WAVE: +2 (SPOTTER,LANCER) [rich]
FINALE-KIT: Syndicate
WAVE: +2 (MORTAR,MEDIC) [rich]
WAVE: +2 (SCOUT,MEDIC) [rich]
WAVE: +2 (SCOUT,MEDIC) [rich]
WAVE: +2 (WARBRINGER,STRIKER) [rich]
WAVE: +2 (HUNTER,HUNTER) [rich]
WAVE: +2 (HUNTER,BERSERKER) [rich]
FINALE-KIT: Syndicate
WAVE: +2 (SCOUT,MEDIC) [rich]
WAVE: +2 (SCOUT,GRUNT) [rich]
WAVE: +2 (GRUNT,SCOUT) [rich]
WAVE: +2 (HOUND,HUNTER) [rich]
WAVE: +2 (BERSERKER,HOUND) [rich]
WAVE: +2 (BERSERKER,BERSERKER) [rich]
FINALE-KIT: Syndicate
WAVE: +2 (BERSERKER,BERSERKER) [rich]
WAVE: +2 (STRIKER,STRIKER) [rich]
WAVE: +2 (HUNTER,MEDIC) [rich]
FINALE-KIT: Syndicate
WAVE: +2 (GRUNT,HUNTER) [rich]
WAVE: +2 (GRUNT,SAPPER) [rich]
WAVE: +2 (LANCER,MORTAR) [rich]
match 20/20  (W:7 L:13 cap:0)  9.1s

══════════════════════ SIGHTLINE BALANCE REPORT ══════════════════════
runs=20  missions=71

RUN OUTCOMES (campaign):  win-rate   35%   avg missions cleared 3.7

POLICY GAP (optimal vs human-error; campaign runs only):
  greedy win-rate   30%  (n=10)
  sloppy win-rate   40%  (n=10)
  GAP  -10 pts  (healthy slack)
  PAIRED (same-seed slots): pairs=10  concordant=7  discordant greedy-only-won=1 / sloppy-only-won=2  paired gap  -10 pts
  PER-SLOT RECORDS (greedy | sloppy: outcome + missions cleared; margin = g−s):
    slot  10 @h2: W 6 | L 1   margin +5
    slot  11 @h2: L 3 | L 3   margin +0
    slot  12 @h2: L 1 | W 6   margin -5
    slot  13 @h2: L 5 | L 3   margin +2
    slot  14 @h2: L 4 | L 0   margin +4
    slot  15 @h2: L 0 | W 6   margin -6
    slot  16 @h2: L 1 | L 3   margin -2
    slot  17 @h2: W 6 | W 6   margin +0
    slot  18 @h2: W 6 | W 6   margin +0
    slot  19 @h2: L 4 | L 4   margin +0
  PAIRED MARGIN (missions cleared, all pairs): -0.20 ±1.10 SE  (n=10 pairs)
  by objective (greedy / sloppy / gap):
    Decapitate :   80% /   80% / gap    0
    Defend     :   73% /   78% / gap   -5
    Eliminate  :   79% /   80% / gap   -1
    Escort     :  100% /  100% / gap    0
    Rescue     :  100% /  100% / gap    0
    Sabotage   :  100% /  100% / gap    0

DECISION RICHNESS / SWING:
  meaningful-choices/turn 3.08   lead-swings/match 0.8   avg max-swing 45.5
  [shot-gate] acting-soldiers/turn 3.04   armed-soldiers/turn 1.37   armed-fraction 45%   turns-with-a-shot 63%   choices/ARMED-soldier-turn 2.25
  [choice-split] los-targets/ARMED 2.69   target-choices/ARMED 0.45   position-choices/ARMED 1.80

RUN COMPLETION BY HEAT (full-campaign clears):
  heat 2:   35% ±11  (n=20 runs, avg 3.7 missions)
  HEAT LEAK: pinned=yes  heat-raising picks=2  campaigns raised=0  missions off-rung=0/71

INTEL ECONOMY BY HEAT (campaign runs; heat-bonus = the Heat.IntelBonus share of income):
  heat 2: earned  133.7/run   heat-bonus  20.4 (  15% of income)   spent  120.8   unspent   12.9

MISSION WIN-RATE BY HEAT:
  heat 2:   82%  (n=71, avg 5.8 turns)

MISSION WIN-RATE BY OBJECTIVE:
  Eliminate  :   79% ±8  (n=29, avg 5.2 turns)
  Defend     :   75% ±10  (n=20, avg 8.7 turns)
  Decapitate :   80% ±13  (n=10, avg 3.9 turns)
  Escort     :  100% ±0  (n=6, avg 4.2 turns)
  Sabotage   :  100% ±0  (n=3, avg 4.0 turns)
  Rescue     :  100% ±0  (n=2, avg 2.0 turns)
  Hack       :  100% ±0  (n=1, avg 3.0 turns)

MISSION WIN-RATE BY OBJECTIVE x NODE KIND (a capstone must never pool with a mid-run node):
  Eliminate  : Start:  90%(n=20)  Elite:  25%(n=4)  Supply: 100%(n=3)  Combat:  50%(n=2)
               depth: m1:90%(20) m2:50%(4) m4:100%(3) m5:0%(2)
  Defend     : Supply:  78%(n=9)  Combat: 100%(n=7)  Elite:  25%(n=4)
               depth: m2:80%(5) m3:100%(8) m4:40%(5) m5:50%(2)
  Decapitate : Boss:  88%(n=8)  Elite: 100%(n=1)  Combat:   0%(n=1)
               depth: m4:50%(2) m6:88%(8)
  Escort     : Elite: 100%(n=3)  Combat: 100%(n=2)  Supply: 100%(n=1)
               depth: m3:100%(2) m4:100%(1) m5:100%(3)
  Sabotage   : Combat: 100%(n=3)
               depth: m3:100%(1) m4:100%(2)
  Rescue     : Elite: 100%(n=2)
               depth: m3:100%(2)
  Hack       : Combat: 100%(n=1)
               depth: m5:100%(1)

ENCOUNTER COMPLETION on MID-RUN nodes (Combat+Elite) — clear% is the share of the fight actually fought:
  objective     n   win%   turns   force    +rf  killed  clear%   prs  WONclear%
  Defend        11   73%     8.5    5.09   6.73    4.73    40.0  0.00     48.3 (n=8)
  Eliminate      6   33%     7.3    7.67   0.00    4.33    56.5  1.33    100.0 (n=2)
  Escort         5  100%     4.0    9.40   0.00    0.00     0.0  0.00      0.0 (n=5)
  Sabotage       3  100%     4.0    5.67   0.00    2.00    35.3  0.00     35.3 (n=3)
  Rescue         2  100%     2.0    9.00   0.00    0.00     0.0  0.00      0.0 (n=2)
  Decapitate     2   50%     4.0    9.00   0.00    1.00    11.1  0.50     10.0 (n=1)
  Hack           1  100%     3.0    9.00   0.00    2.00    22.2  0.00     22.2 (n=1)
  ---- the two classes ----
  KILL           8   38%     6.5    8.00   0.00    3.50    43.8  1.13     59.1 (n=3)
  NON-KILL      22   86%     6.0    6.68   3.36    2.73    27.1  0.00     28.3 (n=19)

DECAPITATE HVT (buff = +6+1*mission HP, +6 aim; ELITE exempt):
  EXEMPT  :   88% ±12  (n=8, avg 3.9 turns, HVT 22.3 max HP)  [m6:88%(8)]
  BUFFED  :   50% ±35  (n=2, avg 4.0 turns, HVT 22.5 max HP)  [m4:50%(2)]

MISSION WIN-RATE BY MISSION #:
  m1:   90% ±7  (n=20)
  m2:   67% ±16  (n=9)
  m3:  100% ±0  (n=13)
  m4:   69% ±13  (n=13)
  m5:   63% ±17  (n=8)
  m6:   88% ±12  (n=8)

LOSS CAUSES (missions):
  RUN OVER              : 13

MISSION WIN-RATE BY ARENA (authored layouts, n>=3; procedural fallback   32% of 71 missions):
  arena  0:  100% ±0  (n=3, avg 5.0 turns)  [m1:100%(2) m4:100%(1)]
  arena  1:  100% ±0  (n=3, avg 4.7 turns)  [m2:100%(1) m3:100%(2)]
  arena  3:  100% ±0  (n=3, avg 4.3 turns)  [m2:100%(1) m3:100%(2)]
  arena  6:  100% ±0  (n=3, avg 5.0 turns)  [m1:100%(2) m6:100%(1)]
  arena 10:   67% ±27  (n=3, avg 4.0 turns)  [m1:50%(2) m6:100%(1)]
  arena 13:   50% ±25  (n=4, avg 6.0 turns)  [m3:100%(1) m4:100%(1) m5:0%(2)]
  arena 30:   50% ±25  (n=4, avg 7.0 turns)  [m3:100%(1) m4:0%(2) m5:100%(1)]
  procedural:   74% ±9  (n=23, avg 6.3 turns)  [m1:88%(8) m2:33%(3) m3:100%(2) m4:75%(4) m5:75%(4) m6:50%(2)]

DEPLOYMENT GEOMETRY (opening shape; choices/ARMED is the wave's real gate):
  FRONTAL   :   86% ±7  (n=28, avg 5.5 turns)  choices/turn 2.96  choices/ARMED 2.32  los-targets/ARMED 2.36
  PINCER    :   68% ±11  (n=19, avg 6.7 turns)  choices/turn 3.52  choices/ARMED 2.73  los-targets/ARMED 3.63
  CROSSFIRE :   57% ±19  (n=7, avg 9.1 turns)  choices/turn 2.25  choices/ARMED 1.80  los-targets/ARMED 2.00
  ENVELOP   :  100% ±0  (n=17, avg 3.8 turns)  choices/turn 3.33  choices/ARMED 1.77  los-targets/ARMED 2.40

ARENA FUNNEL (Mission.Build exits, n=79 builds, all modes):
  authored-applied    :  70.9%  (n=56)
  connectivity-reject :   2.5%  (n=2)
  procedural-roll     :  26.6%  (n=21)

DECK EXPOSURE (campaign runs n=20):
  distinct authored arenas/run : 2.40 mean (all runs)
  ... full-depth runs only     : 3.71 mean over 4.9 fights/run (n=7)
  Defend dealt on the route    :   80% of runs (n=16)

ENEMY DECISION MIX (contested acts=1180; all-downed acts not counted=385):
  shoot           688    58%
  hunker          293    25%
  move            106     9%
  reload           21     2%
  heal             17     1%
  grenade          16     1%
  siege            13     1%
  item             12     1%
  overwatch         5     0%
  brace             4     0%
  sap               3     0%
  shove             1     0%
  staleplan         1     0%

  the shot on the table (acts where the chosen tile HAD a shot = 750):
    hit% band     taken   share   E[dmg]/shot   declined   share   E[dmg]/shot
      0-19           0      0%          0.00          0      0%          0.00
     20-39          15      2%          1.18          2    100%          1.05
     40-59          63      9%          1.80          0      0%          0.00
     60-79         252     37%          2.56          0      0%          0.00
      80+          358     52%          3.41          0      0%          0.00
    TOTAL           688                              2
  taken   92% / DECLINED    0% / preempted by another verb    8%
  enemy lanes held (overwatch+brace) 9; reaction shots fired 3  ->   33% of lanes paid off   [C2: DeclineWatchRatio is a bet on this number]

ACTION MIX (verbs issued, by policy):
  verb                  greedy        sloppy
  MOVE               422   38%     462   36%
  SHOOT              306   28%     356   28%
  BRACE               73    7%      66    5%
  RELOAD              45    4%      66    5%
  FOCUS               33    3%      44    3%
  HUNKER              25    2%      46    4%
  INTEL               32    3%      34    3%
  STABILIZE           29    3%      37    3%
  SLIPSTREAM          31    3%      29    2%
  MARK                20    2%      25    2%
  PIN                 13    1%      30    2%
  OVERWATCH           18    2%      23    2%
  ITEM:SMOKE          26    2%      13    1%
  GRENADE              4    0%      13    1%
  PATCH               10    1%       4    0%
  GRAPPLE              6    1%       7    1%
  REARM                6    1%       3    0%
  PLANT                3    0%       6    0%
  BEACON               1    0%       3    0%
  BARREL               3    0%       1    0%
  DRAG                 1    0%       2    0%
  ITEM:BARRICADE       1    0%       1    0%
  EXTRACT              1    0%       1    0%
  ITEM:FLASH           0    0%       2    0%
  HACK                 0    0%       2    0%

PLAYER CLASS PERFORMANCE:
  class        shots   hit%   dmg   kills
  SHARPSHOOTER    187    86%   1145     63
  RANGER         118    90%    734     44
  GUNNER         188    82%    733     60
  ASSAULT        130    83%    561     39
  CORPSMAN        59    88%    176     16

SOLDIER DEATHS BY ENEMY CLASS (threat ranking):
  ELITE      : 15
  SNIPER     : 13
  BERSERKER  : 9
  SHIELD     : 8
  GRUNT      : 8
  SCOUT      : 8
  SPOTTER    : 6
  BRUISER    : 4
  LANCER     : 4
  DRONE      : 3
  BURN       : 3
  MORTAR     : 3
  TURRET     : 3
  HOUND      : 2
  STRIKE     : 2
  SAPPER     : 2
  WARBRINGER : 2
  HUNTER     : 1
  STRIKER    : 1
  PIKEMAN    : 1
  SCREENER   : 1

SOLDIER DOWNS (FUL-7 bleed-out): 185 downs -> revived 6 / recovered 47 / bled out 124 / finished 8  (save-rate   29%)
  corpsman fielded in 24 missions

ENEMY COMPOSITION (spawns; faction-stamped fights n=436 / default-cascade fights n=198):
  class        faction         default
  SCOUT           24    6%       52   26%
  GRUNT           36    8%       34   17%
  SNIPER          25    6%       15    8%
  SCREENER        34    8%        3    2%
  DRONE           24    6%       11    6%
  ELITE           29    7%        5    3%
  BERSERKER       25    6%        6    3%
  TURRET          24    6%        6    3%
  SPOTTER         21    5%        8    4%
  HUNTER          20    5%        8    4%
  LANCER          17    4%       11    6%
  BRUISER         18    4%        8    4%
  SAPPER          22    5%        3    2%
  STRIKER         19    4%        5    3%
  MORTAR          20    5%        3    2%
  MEDIC           21    5%        1    1%
  SHIELD          18    4%        3    2%
  HOUND            9    2%        6    3%
  PIKEMAN          7    2%        6    3%
  CUSTODIAN       12    3%        1    1%
  WARBRINGER       9    2%        1    1%
  BOMBARD          2    0%        2    1%

PERK PICK FREQUENCY:
  LCK           : 18
  GRD           : 12
  EXC           : 11
  HRD           : 9
  TNK           : 9
  MOM           : 9
  RFX           : 8
  CQB           : 8
  MRK           : 8
  PLT           : 8
  CLH           : 7
  FST           : 7
  GUN           : 6
  OUT           : 6
  SKR           : 6
  BRK           : 6
  BND           : 5
  SGE           : 5
  VNT           : 3

SHOP PURCHASE FREQUENCY:
  FIELD MEDKIT      : 61
  WPN: STABILIZER   : 31
  WPN: SCOPE        : 25
  WPN: HOLLOW POINT : 25
  WPN: BIPOD        : 18
  ADV. TRAINING     : 16
  COUNTER-PREP      : 12
  BALLISTIC PLATING : 12
  COMBAT STIMS      : 11
  ARMORY            : 9
  FRAG CACHE        : 8
  WPN: EXTENDED MAG : 5
  WPN: SUPPRESSOR   : 3

BOON PICK FREQUENCY (PROCS = effect fires at instrumented sites; '-' = not instrumented;
                      PYR counts the +2-turn-burn half only — the Burning-immunity half is uninstrumented):
  code                 picks   PROCS
  ADR               :     7       -
  MRK               :     6       -
  FST               :     5      70
  FVR               :     4       -
  GRN               :     4       -
  PYR               :     4       3
  FDR               :     3       0
  FRT               :     3       -
  RCL               :     3       0
  VNM               :     3       -
  EXE               :     2       -
  SCV               :     2       -
  SHK               :     2       0
  GHO               :     1       -
  RPD               :     1       -
  TRR               :     1       4

RUN WIN-RATE BY BOON (campaign runs holding it):
  ADR               :   57% ±19  (in 7 runs)
  MRK               :   50% ±20  (in 6 runs)
  FST               :   60% ±22  (in 5 runs)
  FVR               :   75% ±22  (in 4 runs)
  GRN               :   25% ±22  (in 4 runs)
  PYR               :   25% ±22  (in 4 runs)
  FDR               :   67% ±27  (in 3 runs)
  FRT               :   67% ±27  (in 3 runs)
  RCL               :   33% ±27  (in 3 runs)
  VNM               :   67% ±27  (in 3 runs)
  EXE               :    0% ±0  (in 2 runs)
  SCV               :  100% ±0  (in 2 runs)
  SHK               :   50% ±35  (in 2 runs)
  GHO               :  100% ±0  (in 1 runs)
  RPD               :    0% ±0  (in 1 runs)
  TRR               :  100% ±0  (in 1 runs)

RUN WIN-RATE BY SPEC (campaign runs fielding it):
  BRC               :   60% ±22  (in 5 runs)
  ANC               :   75% ±22  (in 4 runs)
  HHT               :   75% ±22  (in 4 runs)
  PTH               :   25% ±22  (in 4 runs)
  SNT               :  100% ±0  (in 3 runs)
  ADN               :   50% ±35  (in 2 runs)
  MED               :    0% ±0  (in 1 runs)
  PHN               :    0% ±0  (in 1 runs)
  SRG               :  100% ±0  (in 1 runs)

RUN WIN-RATE BY PERK (campaign runs holding it):
  LCK               :   50% ±16  (in 10 runs)
  EXC               :   50% ±18  (in 8 runs)
  GRD               :   63% ±17  (in 8 runs)
  MOM               :   50% ±18  (in 8 runs)
  PLT               :   38% ±17  (in 8 runs)
  CLH               :   57% ±19  (in 7 runs)
  FST               :   43% ±19  (in 7 runs)
  TNK               :   86% ±13  (in 7 runs)
  CQB               :   50% ±20  (in 6 runs)
  HRD               :   50% ±20  (in 6 runs)
  MRK               :   33% ±19  (in 6 runs)
  OUT               :   50% ±20  (in 6 runs)
  RFX               :   50% ±20  (in 6 runs)
  SKR               :   67% ±19  (in 6 runs)
  GUN               :   80% ±18  (in 5 runs)
  SGE               :   60% ±22  (in 5 runs)
  BRK               :   50% ±25  (in 4 runs)
  BND               :   67% ±27  (in 3 runs)
  VNT               :    0% ±0  (in 2 runs)

RUN WIN-RATE BY PURCHASE (campaign runs buying it):
  FIELD MEDKIT      :   44% ±12  (in 16 runs)
  WPN: STABILIZER   :   42% ±14  (in 12 runs)
  ADV. TRAINING     :   60% ±15  (in 10 runs)
  ARMORY            :   44% ±17  (in 9 runs)
  COUNTER-PREP      :   67% ±16  (in 9 runs)
  WPN: BIPOD        :   44% ±17  (in 9 runs)
  WPN: HOLLOW POINT :   33% ±16  (in 9 runs)
  COMBAT STIMS      :   57% ±19  (in 7 runs)
  WPN: SCOPE        :   43% ±19  (in 7 runs)
  BALLISTIC PLATING :   60% ±22  (in 5 runs)
  FRAG CACHE        :   80% ±18  (in 5 runs)
  WPN: EXTENDED MAG :   50% ±25  (in 4 runs)
  WPN: SUPPRESSOR   :   67% ±27  (in 3 runs)

RUN WIN-RATE BY EVENT-CHOICE (campaign runs taking id:arm):
  bloodfeud:2       :  100% ±0  (in 2 runs)
  depot:0           :  100% ±0  (in 2 runs)
  drill:1           :    0% ±0  (in 2 runs)
  fieldhospital:2   :    0% ±0  (in 2 runs)
  grave:1           :    0% ±0  (in 2 runs)
  reservecall:1     :  100% ±0  (in 2 runs)
  bloodfeud:1       :    0% ±0  (in 1 runs)
  medic:0           :  100% ±0  (in 1 runs)
  medic:1           :  100% ±0  (in 1 runs)
  warpension:2      :    0% ±0  (in 1 runs)
═══════════════════════════════════════════════════════════════════════

batch wall-time: 9.1s  (20 matches across 10 campaigns × 2 policy, frame-cap hits: 0)
aggregate JSON -> /home/user/wt/heat-pin/docs/measurements/l5/L5-h2-b10.json
INFO: TEXTURE: [ID 2] Unloaded texture data from VRAM (GPU)
INFO: SHADER: [ID 3] Default shader unloaded successfully
INFO: TEXTURE: [ID 1] Default texture unloaded successfully
INFO: Window closed successfully
