BALANCE: heat PINNED for this batch (field-event AddHeat is a no-op; SIGHTLINE_HEATPIN=0 restores the leak)
INFO: Initializing raylib 6.0
INFO: Platform backend: DESKTOP (GLFW)
INFO: Supported raylib modules:
INFO:     > rcore:..... loaded (mandatory)
INFO:     > rlgl:...... loaded (mandatory)
INFO:     > rshapes:... loaded (optional)
INFO:     > rtextures:. loaded (optional)
INFO:     > rtext:..... loaded (optional)
INFO:     > rmodels:... loaded (optional)
INFO:     > raudio:.... loaded (optional)
INFO: DISPLAY: Trying to enable MSAA x4
INFO: DISPLAY: Device initialized successfully 
INFO:     > Display size: 1280 x 800
INFO:     > Screen size:  1280 x 800
INFO:     > Render size:  1280 x 800
INFO:     > Viewport offsets: 0, 0
INFO: GLAD: OpenGL extensions loaded successfully
INFO: GL: Supported extensions count: 229
INFO: GL: OpenGL device information:
INFO:     > Vendor:   Mesa
INFO:     > Renderer: llvmpipe (LLVM 20.1.2, 256 bits)
INFO:     > Version:  4.5 (Core Profile) Mesa 25.2.8-0ubuntu0.24.04.2
INFO:     > GLSL:     4.50
INFO: GL: VAO extension detected, VAO functions loaded successfully
INFO: GL: NPOT textures extension detected, full NPOT textures supported
INFO: GL: DXT compressed textures supported
INFO: GL: ETC2/EAC compressed textures supported
INFO: PLATFORM: DESKTOP (GLFW - X11): Initialized successfully
INFO: TEXTURE: [ID 1] Texture loaded successfully (1x1 | R8G8B8A8 | 1 mipmaps)
INFO: TEXTURE: [ID 1] Default texture loaded successfully
INFO: SHADER: [ID 1] Vertex shader compiled successfully
INFO: SHADER: [ID 2] Fragment shader compiled successfully
INFO: SHADER: [ID 3] Program shader loaded successfully
INFO: SHADER: [ID 3] Default shader loaded successfully
INFO: RLGL: Render batch vertex buffers loaded successfully in RAM (CPU)
INFO: RLGL: Render batch vertex buffers loaded successfully in VRAM (GPU)
INFO: RLGL: Default OpenGL state initialized successfully
INFO: TEXTURE: [ID 2] Texture loaded successfully (128x128 | GRAY_ALPHA | 1 mipmaps)
INFO: FONT: Default font loaded successfully (224 glyphs)
INFO: SYSTEM: Working Directory: /home/user/wt/heat-pin
INFO: TIMER: Target time per frame: 0.000 milliseconds
FINALE-KIT: Syndicate
FINALE-KIT: Syndicate
FINALE-KIT: Syndicate
WAVE: +2 (STRIKER,LANCER) [rich]
WAVE: +2 (LANCER,HUNTER) [rich]
WAVE: +2 (BRUISER,HUNTER) [rich]
FINALE-KIT: Syndicate
WAVE: +2 (BERSERKER,BRUISER) [rich]
WAVE: +2 (WARBRINGER,BRUISER) [rich]
REINFORCEMENTS: +2 (GRUNT,GRUNT)
REINFORCEMENTS: +2 (SCOUT,SCOUT)
REINFORCEMENTS: +3 (GRUNT,GRUNT,SCOUT)
REINFORCEMENTS: +2 (SCOUT,GRUNT)
REINFORCEMENTS: +2 (GRUNT,GRUNT)
REINFORCEMENTS: +3 (GRUNT,GRUNT,GRUNT)
FINALE-KIT: Legion
WAVE: +2 (SAPPER,SAPPER) [rich]
WAVE: +2 (GRUNT,DRONE) [rich]
match 5/20  (W:1 L:4 cap:0)  3.4s
FINALE-KIT: Legion
WAVE: +2 (SHIELD,SAPPER) [rich]
WAVE: +2 (SAPPER,DRONE) [rich]
WAVE: +2 (SAPPER,DRONE) [rich]
FINALE-KIT: Wardens
FINALE-KIT: Wardens
FINALE-KIT: Legion
FINALE-KIT: Legion
WAVE: +3 (SNIPER,HUNTER,MEDIC) [rich]
WAVE: +1 (GRUNT) [rich]
REINFORCEMENTS: +2 (SCOUT,SCOUT)
match 10/20  (W:1 L:9 cap:0)  5.1s
FINALE-KIT: Syndicate
REINFORCEMENTS: +2 (SCOUT,GRUNT)
FINALE-KIT: Syndicate
FINALE-KIT: Legion
WAVE: +3 (MORTAR,HOUND,GRUNT) [rich]
WAVE: +1 (STRIKER) [rich]
WAVE: +1 (GRUNT) [rich]
FINALE-KIT: Legion
FINALE-KIT: Legion
match 15/20  (W:1 L:14 cap:0)  6.9s
FINALE-KIT: Legion
FINALE-KIT: Wardens
WAVE: +2 (DRONE,SHIELD) [rich]
WAVE: +2 (SAPPER,SHIELD) [rich]
WAVE: +2 (DRONE,DRONE) [rich]
WAVE: +2 (SHIELD,SPOTTER) [rich]
WAVE: +1 (SAPPER) [rich]
FINALE-KIT: Wardens
WAVE: +2 (SHIELD,SHIELD) [rich]
WAVE: +2 (DRONE,SAPPER) [rich]
WAVE: +2 (SCREENER,SHIELD) [rich]
WAVE: +2 (SAPPER,SHIELD) [rich]
WAVE: +2 (SPOTTER,SHIELD) [rich]
FINALE-KIT: Wardens
FINALE-KIT: Wardens
match 20/20  (W:1 L:19 cap:0)  7.5s

══════════════════════ SIGHTLINE BALANCE REPORT ══════════════════════
runs=20  missions=52

RUN OUTCOMES (campaign):  win-rate    5%   avg missions cleared 2.6

POLICY GAP (optimal vs human-error; campaign runs only):
  greedy win-rate   10%  (n=10)
  sloppy win-rate    0%  (n=10)
  GAP   10 pts  (healthy slack)
  PAIRED (same-seed slots): pairs=10  concordant=9  discordant greedy-only-won=1 / sloppy-only-won=0  paired gap   10 pts
  PER-SLOT RECORDS (greedy | sloppy: outcome + missions cleared; margin = g−s):
    slot  50 @h8: L 2 | L 2   margin +0
    slot  51 @h8: W 6 | L 5   margin +1
    slot  52 @h8: L 1 | L 1   margin +0
    slot  53 @h8: L 2 | L 2   margin +0
    slot  54 @h8: L 2 | L 5   margin -3
    slot  55 @h8: L 5 | L 5   margin +0
    slot  56 @h8: L 5 | L 1   margin +4
    slot  57 @h8: L 2 | L 2   margin +0
    slot  58 @h8: L 2 | L 2   margin +0
    slot  59 @h8: L 0 | L 0   margin +0
  PAIRED MARGIN (missions cleared, all pairs): +0.20 ±0.53 SE  (n=10 pairs)
  by objective (greedy / sloppy / gap):
    Decapitate :   50% /   25% / gap   25
    Defend     :   50% /   50% / gap    0
    Eliminate  :   91% /   82% / gap    9
    Evac       :  100% /  100% / gap    0
    Rescue     :   33% /   67% / gap  -33
    Sabotage   :   33% /   33% / gap    0

DECISION RICHNESS / SWING:
  meaningful-choices/turn 1.94   lead-swings/match 0.8   avg max-swing 61.0
  [shot-gate] acting-soldiers/turn 2.75   armed-soldiers/turn 1.00   armed-fraction 36%   turns-with-a-shot 49%   choices/ARMED-soldier-turn 1.95
  [choice-split] los-targets/ARMED 1.78   target-choices/ARMED 0.16   position-choices/ARMED 1.78

RUN COMPLETION BY HEAT (full-campaign clears):
  heat 8:    5% ±5  (n=20 runs, avg 2.6 missions)
  HEAT LEAK: pinned=yes  heat-raising picks=1  campaigns raised=0  missions off-rung=0/52

INTEL ECONOMY BY HEAT (campaign runs; heat-bonus = the Heat.IntelBonus share of income):
  heat 8: earned  162.8/run   heat-bonus  89.6 (  55% of income)   spent  147.6   unspent   15.3

MISSION WIN-RATE BY HEAT:
  heat 8:   63%  (n=52, avg 5.3 turns)

MISSION WIN-RATE BY OBJECTIVE:
  Eliminate  :   86% ±7  (n=22, avg 3.9 turns)
  Decapitate :   38% ±17  (n=8, avg 6.5 turns)
  Defend     :   50% ±18  (n=8, avg 8.4 turns)
  Sabotage   :   33% ±19  (n=6, avg 5.7 turns)
  Rescue     :   50% ±20  (n=6, avg 4.0 turns)
  Evac       :  100% ±0  (n=2, avg 6.0 turns)

MISSION WIN-RATE BY OBJECTIVE x NODE KIND (a capstone must never pool with a mid-run node):
  Eliminate  : Start:  90%(n=20)  Combat:  50%(n=2)
               depth: m1:90%(20) m2:50%(2)
  Decapitate : Boss:  17%(n=6)  Supply: 100%(n=2)
               depth: m2:100%(2) m6:17%(6)
  Defend     : Elite:  33%(n=6)  Supply: 100%(n=2)
               depth: m2:0%(2) m3:0%(2) m4:100%(2) m5:100%(2)
  Sabotage   : Combat:  50%(n=4)  Elite:   0%(n=2)
               depth: m3:0%(4) m5:100%(2)
  Rescue     : Combat:  50%(n=4)  Supply:  50%(n=2)
               depth: m3:25%(4) m4:100%(2)
  Evac       : Supply: 100%(n=2)
               depth: m3:100%(2)

ENCOUNTER COMPLETION on MID-RUN nodes (Combat+Elite) — clear% is the share of the fight actually fought:
  objective     n   win%   turns   force    +rf  killed  clear%   prs  WONclear%
  Sabotage       6   33%     5.7    8.67   0.00    2.17    25.0  0.00     50.0 (n=2)
  Defend         6   33%     8.2    9.00   4.83    3.83    27.7  0.00     23.3 (n=2)
  Rescue         4   50%     4.3   10.50   0.00    1.25    11.9  0.00      0.0 (n=2)
  Eliminate      2   50%     5.0    7.00   0.00    4.50    64.3  0.50    100.0 (n=1)
  ---- the two classes ----
  KILL           2   50%     5.0    7.00   0.00    4.50    64.3  0.50    100.0 (n=1)
  NON-KILL      16   38%     6.3    9.25   1.81    2.56    23.2  0.00     22.9 (n=6)

DECAPITATE HVT (buff = +6+1*mission HP, +6 aim; ELITE exempt):
  EXEMPT  :   17% ±15  (n=6, avg 8.0 turns, HVT 21.7 max HP)  [m6:17%(6)]
  BUFFED  :  100% ±0  (n=2, avg 2.0 turns, HVT 17.5 max HP)  [m2:100%(2)]

MISSION WIN-RATE BY MISSION #:
  m1:   90% ±7  (n=20)
  m2:   50% ±20  (n=6)
  m3:   25% ±13  (n=12)
  m4:  100% ±0  (n=4)
  m5:  100% ±0  (n=4)
  m6:   17% ±15  (n=6)

LOSS CAUSES (missions):
  RUN OVER              : 16
  CAPTIVE LOST          : 3

MISSION WIN-RATE BY ARENA (authored layouts, n>=3; procedural fallback   19% of 52 missions):
  arena 10:   67% ±27  (n=3, avg 4.7 turns)  [m1:100%(2) m6:0%(1)]
  arena 31:  100% ±0  (n=4, avg 4.5 turns)  [m1:100%(2) m5:100%(2)]
  arena 32:   78% ±14  (n=9, avg 3.3 turns)  [m1:100%(4) m2:75%(4) m3:0%(1)]
  arena 34:  100% ±0  (n=5, avg 5.0 turns)  [m1:100%(2) m4:100%(3)]
  procedural:   60% ±15  (n=10, avg 5.5 turns)  [m1:100%(4) m3:40%(5) m6:0%(1)]

DEPLOYMENT GEOMETRY (opening shape; choices/ARMED is the wave's real gate):
  FRONTAL   :   87% ±9  (n=15, avg 5.3 turns)  choices/turn 1.63  choices/ARMED 2.00  los-targets/ARMED 1.64
  PINCER    :   53% ±13  (n=15, avg 4.5 turns)  choices/turn 1.87  choices/ARMED 1.87  los-targets/ARMED 1.90
  CROSSFIRE :   64% ±15  (n=11, avg 6.6 turns)  choices/turn 2.35  choices/ARMED 2.47  los-targets/ARMED 1.56
  ENVELOP   :   45% ±15  (n=11, avg 5.0 turns)  choices/turn 1.96  choices/ARMED 1.48  los-targets/ARMED 2.00

ARENA FUNNEL (Mission.Build exits, n=63 builds, all modes):
  authored-applied    :  82.5%  (n=52)
  connectivity-reject :   0.0%  (n=0)
  procedural-roll     :  17.5%  (n=11)

DECK EXPOSURE (campaign runs n=20):
  distinct authored arenas/run : 2.10 mean (all runs)
  ... full-depth runs only     : 3.00 mean over 4.0 fights/run (n=1)
  Defend dealt on the route    :   40% of runs (n=8)

ENEMY DECISION MIX (contested acts=840; all-downed acts not counted=395):
  shoot           472    56%
  hunker          228    27%
  move             65     8%
  grenade          27     3%
  reload           12     1%
  siege            10     1%
  item              9     1%
  heal              8     1%
  brace             2     0%
  overwatch         2     0%
  sap               2     0%
  relock            1     0%
  shove             1     0%
  staleplan         1     0%

  the shot on the table (acts where the chosen tile HAD a shot = 520):
    hit% band     taken   share   E[dmg]/shot   declined   share   E[dmg]/shot
      0-19           0      0%          0.00          1     50%          0.35
     20-39           8      2%          1.32          1     50%          1.99
     40-59          50     11%          2.00          0      0%          0.00
     60-79         186     39%          3.07          0      0%          0.00
      80+          228     48%          4.06          0      0%          0.00
    TOTAL           472                              2
  taken   91% / DECLINED    0% / preempted by another verb    9%
  enemy lanes held (overwatch+brace) 4; reaction shots fired 2  ->   50% of lanes paid off   [C2: DeclineWatchRatio is a bet on this number]

ACTION MIX (verbs issued, by policy):
  verb                  greedy        sloppy
  MOVE               277   38%     401   48%
  SHOOT              235   32%     230   28%
  OVERWATCH           38    5%      38    5%
  INTEL               27    4%      23    3%
  STABILIZE           17    2%      31    4%
  RELOAD              23    3%      20    2%
  SLIPSTREAM          23    3%      17    2%
  BRACE               17    2%       6    1%
  MARK                11    2%      11    1%
  PLANT               10    1%      11    1%
  ITEM:SMOKE          11    2%      10    1%
  HUNKER              11    2%      10    1%
  PIN                  9    1%       9    1%
  FOCUS               16    2%       0    0%
  GRENADE              2    0%       6    1%
  PATCH                2    0%       3    0%
  GRAPPLE              2    0%       3    0%
  BEACON               1    0%       2    0%
  DRAG                 0    0%       2    0%
  REARM                1    0%       0    0%

PLAYER CLASS PERFORMANCE:
  class        shots   hit%   dmg   kills
  SHARPSHOOTER    114    94%    805     51
  GUNNER         124    84%    544     35
  RANGER          78    83%    420     31
  ASSAULT         91    86%    370     20
  CORPSMAN        23    74%     58      3
  VIP              4    75%      8      2

SOLDIER DEATHS BY ENEMY CLASS (threat ranking):
  DRONE      : 13
  SAPPER     : 12
  SHIELD     : 12
  GRUNT      : 11
  ELITE      : 10
  STRIKE     : 6
  SCREENER   : 5
  STRIKER    : 5
  TURRET     : 5
  SNIPER     : 3
  BURN       : 3
  MORTAR     : 2
  LANCER     : 2
  SPOTTER    : 2
  SCOUT      : 2
  PIKEMAN    : 1
  BERSERKER  : 1
  HUNTER     : 1

SOLDIER DOWNS (FUL-7 bleed-out): 156 downs -> revived 1 / recovered 19 / bled out 123 / finished 10  (save-rate   15%)
  corpsman fielded in 10 missions

ENEMY COMPOSITION (spawns; faction-stamped fights n=372 / default-cascade fights n=155):
  class        faction         default
  GRUNT           39   10%       31   20%
  SCOUT           12    3%       52   34%
  DRONE           41   11%       10    6%
  SHIELD          39   10%        7    5%
  SAPPER          45   12%        0    0%
  SCREENER        35    9%        0    0%
  ELITE           29    8%        4    3%
  SPOTTER         17    5%       12    8%
  TURRET          24    6%        0    0%
  STRIKER         10    3%        8    5%
  LANCER          12    3%        6    4%
  SNIPER           9    2%        7    5%
  BERSERKER       15    4%        0    0%
  MORTAR           5    1%        6    4%
  BRUISER         10    3%        0    0%
  HUNTER           7    2%        3    2%
  HOUND            4    1%        5    3%
  MEDIC            4    1%        4    3%
  CUSTODIAN        6    2%        0    0%
  WARBRINGER       4    1%        0    0%
  BOMBARD          3    1%        0    0%
  PIKEMAN          2    1%        0    0%

PERK PICK FREQUENCY:
  CQB           : 12
  MOM           : 12
  OUT           : 10
  RFX           : 9
  SKR           : 8
  EXC           : 8
  LCK           : 7
  FST           : 7
  MRK           : 6
  GUN           : 6
  TNK           : 6
  SGE           : 6
  GRD           : 5
  HRD           : 4
  BRK           : 3
  VNT           : 3
  CLH           : 3
  BND           : 2
  PLT           : 1

SHOP PURCHASE FREQUENCY:
  FIELD MEDKIT      : 39
  WPN: STABILIZER   : 31
  BALLISTIC PLATING : 30
  WPN: SCOPE        : 30
  WPN: HOLLOW POINT : 30
  ADV. TRAINING     : 27
  COMBAT STIMS      : 18
  COUNTER-PREP      : 17
  WPN: EXTENDED MAG : 16
  WPN: SUPPRESSOR   : 12
  WPN: BIPOD        : 11
  FRAG CACHE        : 8
  ARMORY            : 1

BOON PICK FREQUENCY (PROCS = effect fires at instrumented sites; '-' = not instrumented;
                      PYR counts the +2-turn-burn half only — the Burning-immunity half is uninstrumented):
  code                 picks   PROCS
  VNM               :     5       -
  ADR               :     3       -
  FST               :     3      35
  MRK               :     3       -
  PYR               :     3       0
  RCL               :     3       0
  TRR               :     3       3
  FDR               :     2       0
  GHO               :     2       -
  GRN               :     2       -
  SHK               :     2       0
  FRT               :     1       -

RUN WIN-RATE BY BOON (campaign runs holding it):
  VNM               :   20% ±18  (in 5 runs)
  ADR               :    0% ±0  (in 3 runs)
  FST               :    0% ±0  (in 3 runs)
  MRK               :    0% ±0  (in 3 runs)
  PYR               :   33% ±27  (in 3 runs)
  RCL               :    0% ±0  (in 3 runs)
  TRR               :    0% ±0  (in 3 runs)
  FDR               :    0% ±0  (in 2 runs)
  GHO               :    0% ±0  (in 2 runs)
  GRN               :   50% ±35  (in 2 runs)
  SHK               :    0% ±0  (in 2 runs)
  FRT               :    0% ±0  (in 1 runs)

RUN WIN-RATE BY SPEC (campaign runs fielding it):
  HHT               :   25% ±22  (in 4 runs)
  ANC               :   33% ±27  (in 3 runs)
  SNT               :    0% ±0  (in 3 runs)
  ADN               :    0% ±0  (in 2 runs)
  BRC               :    0% ±0  (in 2 runs)
  PHN               :    0% ±0  (in 2 runs)
  JUG               :  100% ±0  (in 1 runs)
  PTH               :    0% ±0  (in 1 runs)
  SRG               :    0% ±0  (in 1 runs)

RUN WIN-RATE BY PERK (campaign runs holding it):
  CQB               :   13% ±12  (in 8 runs)
  MOM               :    0% ±0  (in 8 runs)
  OUT               :    0% ±0  (in 7 runs)
  RFX               :   14% ±13  (in 7 runs)
  EXC               :   17% ±15  (in 6 runs)
  LCK               :   17% ±15  (in 6 runs)
  MRK               :    0% ±0  (in 6 runs)
  SKR               :    0% ±0  (in 6 runs)
  FST               :    0% ±0  (in 5 runs)
  GUN               :    0% ±0  (in 5 runs)
  TNK               :    0% ±0  (in 5 runs)
  GRD               :   25% ±22  (in 4 runs)
  HRD               :    0% ±0  (in 4 runs)
  SGE               :    0% ±0  (in 4 runs)
  BRK               :    0% ±0  (in 3 runs)
  VNT               :   33% ±27  (in 3 runs)
  BND               :   50% ±35  (in 2 runs)
  CLH               :    0% ±0  (in 2 runs)
  PLT               :    0% ±0  (in 1 runs)

RUN WIN-RATE BY PURCHASE (campaign runs buying it):
  FIELD MEDKIT      :    7% ±6  (in 15 runs)
  COUNTER-PREP      :    8% ±8  (in 12 runs)
  WPN: STABILIZER   :    9% ±9  (in 11 runs)
  WPN: EXTENDED MAG :   10% ±9  (in 10 runs)
  BALLISTIC PLATING :   11% ±10  (in 9 runs)
  WPN: SUPPRESSOR   :   11% ±10  (in 9 runs)
  ADV. TRAINING     :   13% ±12  (in 8 runs)
  WPN: SCOPE        :   13% ±12  (in 8 runs)
  WPN: HOLLOW POINT :    0% ±0  (in 7 runs)
  FRAG CACHE        :   17% ±15  (in 6 runs)
  WPN: BIPOD        :    0% ±0  (in 6 runs)
  COMBAT STIMS      :   20% ±18  (in 5 runs)
  ARMORY            :    0% ±0  (in 1 runs)

RUN WIN-RATE BY EVENT-CHOICE (campaign runs taking id:arm):
  grave:1           :    0% ±0  (in 4 runs)
  warpension:2      :    0% ±0  (in 4 runs)
  depot:0           :    0% ±0  (in 2 runs)
  depot:1           :   50% ±35  (in 2 runs)
  fieldhospital:2   :    0% ±0  (in 2 runs)
  medic:1           :   50% ±35  (in 2 runs)
  quartermaster:2   :    0% ±0  (in 1 runs)
  relic:1           :    0% ±0  (in 1 runs)
  reservecall:1     :    0% ±0  (in 1 runs)
═══════════════════════════════════════════════════════════════════════

batch wall-time: 7.5s  (20 matches across 10 campaigns × 2 policy, frame-cap hits: 0)
aggregate JSON -> /home/user/wt/heat-pin/docs/measurements/l5/L5-h8-b50.json
INFO: TEXTURE: [ID 2] Unloaded texture data from VRAM (GPU)
INFO: SHADER: [ID 3] Default shader unloaded successfully
INFO: TEXTURE: [ID 1] Default texture unloaded successfully
INFO: Window closed successfully
