BALANCE: heat PINNED for this batch (field-event AddHeat is a no-op; SIGHTLINE_HEATPIN=0 restores the leak)
INFO: Initializing raylib 6.0
INFO: Platform backend: DESKTOP (GLFW)
INFO: Supported raylib modules:
INFO:     > rcore:..... loaded (mandatory)
INFO:     > rlgl:...... loaded (mandatory)
INFO:     > rshapes:... loaded (optional)
INFO:     > rtextures:. loaded (optional)
INFO:     > rtext:..... loaded (optional)
INFO:     > rmodels:... loaded (optional)
INFO:     > raudio:.... loaded (optional)
INFO: DISPLAY: Trying to enable MSAA x4
INFO: DISPLAY: Device initialized successfully 
INFO:     > Display size: 1280 x 800
INFO:     > Screen size:  1280 x 800
INFO:     > Render size:  1280 x 800
INFO:     > Viewport offsets: 0, 0
INFO: GLAD: OpenGL extensions loaded successfully
INFO: GL: Supported extensions count: 229
INFO: GL: OpenGL device information:
INFO:     > Vendor:   Mesa
INFO:     > Renderer: llvmpipe (LLVM 20.1.2, 256 bits)
INFO:     > Version:  4.5 (Core Profile) Mesa 25.2.8-0ubuntu0.24.04.2
INFO:     > GLSL:     4.50
INFO: GL: VAO extension detected, VAO functions loaded successfully
INFO: GL: NPOT textures extension detected, full NPOT textures supported
INFO: GL: DXT compressed textures supported
INFO: GL: ETC2/EAC compressed textures supported
INFO: PLATFORM: DESKTOP (GLFW - X11): Initialized successfully
INFO: TEXTURE: [ID 1] Texture loaded successfully (1x1 | R8G8B8A8 | 1 mipmaps)
INFO: TEXTURE: [ID 1] Default texture loaded successfully
INFO: SHADER: [ID 1] Vertex shader compiled successfully
INFO: SHADER: [ID 2] Fragment shader compiled successfully
INFO: SHADER: [ID 3] Program shader loaded successfully
INFO: SHADER: [ID 3] Default shader loaded successfully
INFO: RLGL: Render batch vertex buffers loaded successfully in RAM (CPU)
INFO: RLGL: Render batch vertex buffers loaded successfully in VRAM (GPU)
INFO: RLGL: Default OpenGL state initialized successfully
INFO: TEXTURE: [ID 2] Texture loaded successfully (128x128 | GRAY_ALPHA | 1 mipmaps)
INFO: FONT: Default font loaded successfully (224 glyphs)
INFO: SYSTEM: Working Directory: /home/user/wt/heat-pin
INFO: TIMER: Target time per frame: 0.000 milliseconds
FINALE-KIT: Wardens
WAVE: +3 (LANCER,LANCER,BERSERKER) [rich]
WAVE: +3 (BRUISER,WARBRINGER,SCOUT) [rich]
WAVE: +3 (GRUNT,WARBRINGER,HUNTER) [rich]
FINALE-KIT: Wardens
WAVE: +3 (HOUND,STRIKER,GRUNT) [rich]
WAVE: +3 (HOUND,BERSERKER,HOUND) [rich]
WAVE: +3 (BRUISER,BRUISER,BERSERKER) [rich]
REINFORCEMENTS: +2 (SCOUT,SCOUT)
REINFORCEMENTS: +2 (GRUNT,SCOUT)
REINFORCEMENTS: +2 (SCOUT,SCOUT)
REINFORCEMENTS: +2 (SCOUT,GRUNT)
FINALE-KIT: Syndicate
WAVE: +2 (PIKEMAN,GRUNT) [rich]
WAVE: +2 (MORTAR,SCOUT) [rich]
WAVE: +2 (SNIPER,PIKEMAN) [rich]
REINFORCEMENTS: +2 (GRUNT,GRUNT)
REINFORCEMENTS: +2 (GRUNT,GRUNT)
REINFORCEMENTS: +2 (GRUNT,SCOUT)
FINALE-KIT: Syndicate
WAVE: +2 (PIKEMAN,MORTAR) [rich]
WAVE: +2 (GRUNT,GRUNT) [rich]
WAVE: +2 (MEDIC,PIKEMAN) [rich]
FINALE-KIT: Syndicate
WAVE: +2 (HUNTER,BRUISER) [rich]
WAVE: +2 (WARBRINGER,BRUISER) [rich]
WAVE: +2 (BRUISER,BERSERKER) [rich]
WAVE: +2 (HUNTER,HOUND) [rich]
match 5/20  (W:1 L:4 cap:0)  4.3s
FINALE-KIT: Syndicate
WAVE: +2 (BRUISER,LANCER) [rich]
WAVE: +2 (BRUISER,BERSERKER) [rich]
WAVE: +2 (LANCER,LANCER) [rich]
WAVE: +2 (LANCER,BRUISER) [rich]
WAVE: +2 (BERSERKER,GRUNT) [rich]
WAVE: +2 (BRUISER,HOUND) [rich]
FINALE-KIT: Legion
REINFORCEMENTS: +2 (GRUNT,GRUNT)
FINALE-KIT: Legion
FINALE-KIT: Legion
FINALE-KIT: Legion
match 10/20  (W:5 L:5 cap:0)  6.2s
FINALE-KIT: Syndicate
FINALE-KIT: Syndicate
FINALE-KIT: Legion
REINFORCEMENTS: +2 (SCOUT,GRUNT)
FINALE-KIT: Legion
REINFORCEMENTS: +2 (GRUNT,SCOUT)
REINFORCEMENTS: +2 (SCOUT,SCOUT)
REINFORCEMENTS: +2 (GRUNT,GRUNT)
REINFORCEMENTS: +3 (SCOUT,SCOUT,GRUNT)
FINALE-KIT: Legion
match 15/20  (W:6 L:9 cap:0)  7.1s
FINALE-KIT: Legion
REINFORCEMENTS: +2 (SCOUT,SCOUT)
REINFORCEMENTS: +2 (GRUNT,GRUNT)
FINALE-KIT: Syndicate
FINALE-KIT: Syndicate
FINALE-KIT: Wardens
FINALE-KIT: Wardens
WAVE: +3 (BRUISER,GRUNT,HOUND) [rich]
WAVE: +3 (LANCER,LANCER,BRUISER) [rich]
WAVE: +3 (HOUND,BRUISER,GRUNT) [rich]
match 20/20  (W:7 L:13 cap:0)  8.1s

══════════════════════ SIGHTLINE BALANCE REPORT ══════════════════════
runs=20  missions=66

RUN OUTCOMES (campaign):  win-rate   35%   avg missions cleared 3.5

POLICY GAP (optimal vs human-error; campaign runs only):
  greedy win-rate   40%  (n=10)
  sloppy win-rate   30%  (n=10)
  GAP   10 pts  (healthy slack)
  PAIRED (same-seed slots): pairs=10  concordant=7  discordant greedy-only-won=2 / sloppy-only-won=1  paired gap   10 pts
  PER-SLOT RECORDS (greedy | sloppy: outcome + missions cleared; margin = g−s):
    slot  80 @h0: W 6 | L 5   margin +1
    slot  81 @h0: L 3 | L 3   margin +0
    slot  82 @h0: L 2 | L 2   margin +0
    slot  83 @h0: W 6 | W 6   margin +0
    slot  84 @h0: W 6 | W 6   margin +0
    slot  85 @h0: L 0 | L 0   margin +0
    slot  86 @h0: W 6 | L 5   margin +1
    slot  87 @h0: L 1 | L 1   margin +0
    slot  88 @h0: L 2 | L 2   margin +0
    slot  89 @h0: L 1 | W 6   margin -5
  PAIRED MARGIN (missions cleared, all pairs): -0.30 ±0.54 SE  (n=10 pairs)
  by objective (greedy / sloppy / gap):
    Decapitate :   57% /   50% / gap    7
    Defend     :   67% /   75% / gap   -8
    Eliminate  :   90% /   90% / gap    0
    Escort     :  100% /  100% / gap    0
    Evac       :   67% /  100% / gap  -33
    Hack       :  100% /  100% / gap    0
    Rescue     :  100% /  100% / gap    0

DECISION RICHNESS / SWING:
  meaningful-choices/turn 3.69   lead-swings/match 0.5   avg max-swing 38.1
  [shot-gate] acting-soldiers/turn 3.52   armed-soldiers/turn 1.63   armed-fraction 46%   turns-with-a-shot 60%   choices/ARMED-soldier-turn 2.27
  [choice-split] los-targets/ARMED 2.23   target-choices/ARMED 0.36   position-choices/ARMED 1.91

RUN COMPLETION BY HEAT (full-campaign clears):
  heat 0:   35% ±11  (n=20 runs, avg 3.5 missions)
  HEAT LEAK: pinned=yes  heat-raising picks=0  campaigns raised=0  missions off-rung=0/66
  STALEMATES: mission-cap 1  run-cap 0   [slot 89 g m2 Evac mis rt=53]

INTEL ECONOMY BY HEAT (campaign runs; heat-bonus = the Heat.IntelBonus share of income):
  heat 0: earned  104.5/run   heat-bonus   0.0 (   0% of income)   spent   89.3   unspent   15.2

MISSION WIN-RATE BY HEAT:
  heat 0:   80%  (n=66, avg 5.4 turns)

MISSION WIN-RATE BY OBJECTIVE:
  Eliminate  :   90% ±7  (n=20, avg 3.5 turns)
  Decapitate :   53% ±12  (n=17, avg 5.9 turns)
  Rescue     :  100% ±0  (n=12, avg 3.3 turns)
  Defend     :   71% ±17  (n=7, avg 8.6 turns)
  Evac       :   83% ±15  (n=6, avg 10.5 turns)
  Escort     :  100% ±0  (n=2, avg 8.0 turns)
  Hack       :  100% ±0  (n=2, avg 4.0 turns)

MISSION WIN-RATE BY OBJECTIVE x NODE KIND (a capstone must never pool with a mid-run node):
  Eliminate  : Start:  90%(n=20)
               depth: m1:90%(20)
  Decapitate : Boss:  78%(n=9)  Elite:   0%(n=4)  Combat:  33%(n=3)  Supply: 100%(n=1)
               depth: m2:0%(2) m3:33%(3) m4:0%(2) m5:100%(1) m6:78%(9)
  Rescue     : Supply: 100%(n=4)  Elite: 100%(n=4)  Combat: 100%(n=4)
               depth: m2:100%(2) m3:100%(4) m4:100%(2) m5:100%(4)
  Defend     : Elite:  50%(n=4)  Combat: 100%(n=3)
               depth: m3:50%(4) m4:100%(3)
  Evac       : Combat:  75%(n=4)  Supply: 100%(n=2)
               depth: m2:50%(2) m3:100%(4)
  Escort     : Supply: 100%(n=2)
               depth: m2:100%(2)
  Hack       : Supply: 100%(n=2)
               depth: m4:100%(2)

ENCOUNTER COMPLETION on MID-RUN nodes (Combat+Elite) — clear% is the share of the fight actually fought:
  objective     n   win%   turns   force    +rf  killed  clear%   prs  WONclear%
  Rescue         8  100%     3.1    8.00   0.00    0.00     0.0  0.00      0.0 (n=8)
  Defend         7   71%     8.6    4.57   7.00    4.43    38.3  0.00     47.5 (n=5)
  Decapitate     7   14%     6.4    7.43   0.86    0.57     6.9  1.14     37.5 (n=1)
  Evac           4   75%    14.8    5.50   0.00    1.25    22.7  0.00      0.0 (n=3)
  ---- the two classes ----
  KILL           7   14%     6.4    7.43   0.86    0.57     6.9  1.14     37.5 (n=1)
  NON-KILL      19   84%     7.6    6.21   2.58    1.89    21.6  0.00     20.4 (n=16)

DECAPITATE HVT (buff = +6+1*mission HP, +6 aim; ELITE exempt):
  EXEMPT  :   69% ±13  (n=13, avg 5.2 turns, HVT 23.3 max HP)  [m3:33%(3) m5:100%(1) m6:78%(9)]
  BUFFED  :    0% ±0  (n=4, avg 8.0 turns, HVT 26.3 max HP)  [m2:0%(2) m4:0%(2)]

MISSION WIN-RATE BY MISSION #:
  m1:   90% ±7  (n=20)
  m2:   63% ±17  (n=8)
  m3:   73% ±11  (n=15)
  m4:   78% ±14  (n=9)
  m5:  100% ±0  (n=5)
  m6:   78% ±14  (n=9)

LOSS CAUSES (missions):
  RUN OVER              : 12
  STALEMATE-MISSION     : 1

MISSION WIN-RATE BY ARENA (authored layouts, n>=3; procedural fallback   23% of 66 missions):
  arena  1:  100% ±0  (n=6, avg 2.3 turns)  [m1:100%(6)]
  arena 10:   50% ±25  (n=4, avg 4.3 turns)  [m2:100%(2) m3:0%(2)]
  arena 28:   50% ±25  (n=4, avg 6.3 turns)  [m1:50%(4)]
  arena 32:  100% ±0  (n=6, avg 2.5 turns)  [m1:100%(2) m3:100%(2) m6:100%(2)]
  arena 33:   50% ±25  (n=4, avg 5.5 turns)  [m4:0%(2) m5:100%(2)]
  procedural:   73% ±11  (n=15, avg 8.9 turns)  [m1:100%(4) m2:0%(3) m3:100%(3) m4:100%(2) m5:100%(1) m6:50%(2)]

DEPLOYMENT GEOMETRY (opening shape; choices/ARMED is the wave's real gate):
  FRONTAL   :   90% ±6  (n=29, avg 5.7 turns)  choices/turn 3.56  choices/ARMED 2.00  los-targets/ARMED 2.39
  PINCER    :   67% ±12  (n=15, avg 5.0 turns)  choices/turn 3.65  choices/ARMED 2.25  los-targets/ARMED 2.07
  CROSSFIRE :   75% ±15  (n=8, avg 7.1 turns)  choices/turn 4.06  choices/ARMED 3.00  los-targets/ARMED 2.29
  ENVELOP   :   79% ±11  (n=14, avg 4.2 turns)  choices/turn 3.77  choices/ARMED 2.64  los-targets/ARMED 1.83

ARENA FUNNEL (Mission.Build exits, n=75 builds, all modes):
  authored-applied    :  78.7%  (n=59)
  connectivity-reject :   0.0%  (n=0)
  procedural-roll     :  21.3%  (n=16)

DECK EXPOSURE (campaign runs n=20):
  distinct authored arenas/run : 2.55 mean (all runs)
  ... full-depth runs only     : 3.71 mean over 4.9 fights/run (n=7)
  Defend dealt on the route    :   35% of runs (n=7)

ENEMY DECISION MIX (contested acts=726; all-downed acts not counted=344):
  shoot           395    54%
  hunker          180    25%
  move             54     7%
  siege            20     3%
  grenade          19     3%
  heal             17     2%
  reload           17     2%
  item             12     2%
  shove             4     1%
  brace             3     0%
  staleplan         3     0%
  overwatch         1     0%
  sap               1     0%

  the shot on the table (acts where the chosen tile HAD a shot = 441):
    hit% band     taken   share   E[dmg]/shot   declined   share   E[dmg]/shot
      0-19           3      1%          1.04          0      0%          0.00
     20-39           5      1%          1.29          0      0%          0.00
     40-59          47     12%          2.02          1    100%          1.16
     60-79         133     34%          2.76          0      0%          0.00
      80+          207     52%          3.94          0      0%          0.00
    TOTAL           395                              1
  taken   90% / DECLINED    0% / preempted by another verb   10%
  enemy lanes held (overwatch+brace) 4; reaction shots fired 1  ->   25% of lanes paid off   [C2: DeclineWatchRatio is a bet on this number]

ACTION MIX (verbs issued, by policy):
  verb                  greedy        sloppy
  MOVE               522   46%     563   51%
  SHOOT              221   20%     251   23%
  HUNKER             237   21%      65    6%
  INTEL               24    2%      32    3%
  RELOAD              22    2%      34    3%
  BRACE               14    1%      40    4%
  STABILIZE           17    2%      29    3%
  SLIPSTREAM          16    1%      17    2%
  MARK                 7    1%      13    1%
  PIN                  8    1%      10    1%
  ITEM:SMOKE           5    0%      13    1%
  BEACON               8    1%       8    1%
  PATCH                4    0%       8    1%
  FOCUS                8    1%       3    0%
  EXTRACT              4    0%       6    1%
  GRAPPLE              2    0%       6    1%
  REARM                3    0%       3    0%
  OVERWATCH            3    0%       3    0%
  GRENADE              2    0%       2    0%
  HACK                 2    0%       2    0%
  BARREL               1    0%       0    0%
  ITEM:FLASH           0    0%       1    0%

PLAYER CLASS PERFORMANCE:
  class        shots   hit%   dmg   kills
  SHARPSHOOTER     95    91%    635     44
  RANGER         100    92%    630     45
  ASSAULT        121    88%    569     25
  GUNNER         105    77%    425     29
  CORPSMAN        33    82%     90      3

SOLDIER DEATHS BY ENEMY CLASS (threat ranking):
  BURN       : 18
  DRONE      : 11
  BERSERKER  : 7
  SAPPER     : 6
  STRIKE     : 6
  SCOUT      : 5
  BRUISER    : 5
  ELITE      : 4
  SCREENER   : 3
  SHIELD     : 3
  LANCER     : 2
  MEDIC      : 1
  PIKEMAN    : 1
  GRUNT      : 1
  HUNTER     : 1
  MORTAR     : 1
  SLAM       : 1

SOLDIER DOWNS (FUL-7 bleed-out): 150 downs -> revived 7 / recovered 30 / bled out 87 / finished 26  (save-rate   25%)
  corpsman fielded in 18 missions

ENEMY COMPOSITION (spawns; faction-stamped fights n=372 / default-cascade fights n=135):
  class        faction         default
  GRUNT           36   10%       36   27%
  SCOUT           18    5%       46   34%
  BERSERKER       38   10%        3    2%
  BRUISER         36   10%        0    0%
  ELITE           29    8%        7    5%
  SHIELD          31    8%        3    2%
  DRONE           25    7%        7    5%
  LANCER          26    7%        2    1%
  HUNTER          17    5%        8    6%
  TURRET          23    6%        2    1%
  SAPPER          20    5%        4    3%
  HOUND           14    4%        0    0%
  MEDIC            7    2%        6    4%
  SCREENER        10    3%        2    1%
  WARBRINGER      10    3%        0    0%
  PIKEMAN          8    2%        2    1%
  STRIKER          7    2%        2    1%
  MORTAR           7    2%        0    0%
  SPOTTER          4    1%        3    2%
  SNIPER           4    1%        2    1%
  BOMBARD          2    1%        0    0%

PERK PICK FREQUENCY:
  LCK           : 10
  CQB           : 9
  FST           : 7
  VNT           : 7
  SKR           : 6
  OUT           : 6
  GRD           : 6
  RFX           : 6
  CLH           : 5
  MRK           : 5
  TNK           : 5
  MOM           : 4
  BRK           : 4
  BND           : 4
  HRD           : 4
  GUN           : 3
  SGE           : 3
  PLT           : 2

SHOP PURCHASE FREQUENCY:
  FIELD MEDKIT      : 30
  WPN: SCOPE        : 29
  WPN: STABILIZER   : 29
  WPN: HOLLOW POINT : 20
  FRAG CACHE        : 13
  BALLISTIC PLATING : 9
  ADV. TRAINING     : 7
  ARMORY            : 6
  COUNTER-PREP      : 6
  WPN: BIPOD        : 6
  WPN: EXTENDED MAG : 5
  WPN: SUPPRESSOR   : 3
  COMBAT STIMS      : 3

BOON PICK FREQUENCY (PROCS = effect fires at instrumented sites; '-' = not instrumented;
                      PYR counts the +2-turn-burn half only — the Burning-immunity half is uninstrumented):
  code                 picks   PROCS
  RPD               :     6       -
  FVR               :     5       -
  ADR               :     4       -
  EXE               :     4       -
  FDR               :     3       0
  FRT               :     3       -
  FST               :     3      34
  MRK               :     3       -
  SCV               :     3       -
  SHK               :     3       6
  TRR               :     3       7
  GRN               :     2       -
  PYR               :     2       0
  GHO               :     1       -
  VNM               :     1       -

RUN WIN-RATE BY BOON (campaign runs holding it):
  RPD               :   33% ±19  (in 6 runs)
  FVR               :   40% ±22  (in 5 runs)
  ADR               :   50% ±25  (in 4 runs)
  EXE               :   75% ±22  (in 4 runs)
  FDR               :   33% ±27  (in 3 runs)
  FRT               :   67% ±27  (in 3 runs)
  FST               :   67% ±27  (in 3 runs)
  MRK               :   67% ±27  (in 3 runs)
  SCV               :   67% ±27  (in 3 runs)
  SHK               :   67% ±27  (in 3 runs)
  TRR               :  100% ±0  (in 3 runs)
  GRN               :   50% ±35  (in 2 runs)
  PYR               :   50% ±35  (in 2 runs)
  GHO               :  100% ±0  (in 1 runs)
  VNM               :  100% ±0  (in 1 runs)

RUN WIN-RATE BY SPEC (campaign runs fielding it):
  HHT               :   33% ±27  (in 3 runs)
  PHN               :   50% ±35  (in 2 runs)
  SNT               :   50% ±35  (in 2 runs)
  ADN               :  100% ±0  (in 1 runs)
  ANC               :    0% ±0  (in 1 runs)
  BRC               :    0% ±0  (in 1 runs)

RUN WIN-RATE BY PERK (campaign runs holding it):
  LCK               :   20% ±13  (in 10 runs)
  CQB               :   29% ±17  (in 7 runs)
  VNT               :   14% ±13  (in 7 runs)
  FST               :   33% ±19  (in 6 runs)
  GRD               :   50% ±20  (in 6 runs)
  CLH               :   60% ±22  (in 5 runs)
  OUT               :   40% ±22  (in 5 runs)
  SKR               :   60% ±22  (in 5 runs)
  BND               :   50% ±25  (in 4 runs)
  BRK               :   50% ±25  (in 4 runs)
  HRD               :  100% ±0  (in 4 runs)
  MOM               :   50% ±25  (in 4 runs)
  MRK               :   50% ±25  (in 4 runs)
  RFX               :   50% ±25  (in 4 runs)
  TNK               :   75% ±22  (in 4 runs)
  GUN               :   67% ±27  (in 3 runs)
  SGE               :   67% ±27  (in 3 runs)
  PLT               :   50% ±35  (in 2 runs)

RUN WIN-RATE BY PURCHASE (campaign runs buying it):
  FIELD MEDKIT      :   42% ±14  (in 12 runs)
  WPN: SCOPE        :   55% ±15  (in 11 runs)
  WPN: HOLLOW POINT :   60% ±15  (in 10 runs)
  FRAG CACHE        :   57% ±19  (in 7 runs)
  WPN: STABILIZER   :   86% ±13  (in 7 runs)
  COUNTER-PREP      :   50% ±20  (in 6 runs)
  ADV. TRAINING     :   40% ±22  (in 5 runs)
  ARMORY            :   60% ±22  (in 5 runs)
  BALLISTIC PLATING :   60% ±22  (in 5 runs)
  WPN: BIPOD        :   40% ±22  (in 5 runs)
  WPN: EXTENDED MAG :    0% ±0  (in 3 runs)
  WPN: SUPPRESSOR   :   67% ±27  (in 3 runs)
  COMBAT STIMS      :  100% ±0  (in 2 runs)

RUN WIN-RATE BY EVENT-CHOICE (campaign runs taking id:arm):
  cache:2           :    0% ±0  (in 2 runs)
  distress:1        :  100% ±0  (in 2 runs)
  drill:1           :    0% ±0  (in 2 runs)
  fieldhospital:2   :    0% ±0  (in 2 runs)
  profiteer:0       :  100% ±0  (in 2 runs)
  quartermaster:1   :  100% ±0  (in 2 runs)
  reservecall:0     :   50% ±35  (in 2 runs)
  warchest:0        :   50% ±35  (in 2 runs)
═══════════════════════════════════════════════════════════════════════

batch wall-time: 8.1s  (20 matches across 10 campaigns × 2 policy, frame-cap hits: 0)
aggregate JSON -> /home/user/wt/heat-pin/docs/measurements/l5/L5-h0-b80.json
INFO: TEXTURE: [ID 2] Unloaded texture data from VRAM (GPU)
INFO: SHADER: [ID 3] Default shader unloaded successfully
INFO: TEXTURE: [ID 1] Default texture unloaded successfully
INFO: Window closed successfully
