BALANCE: heat PINNED for this batch (field-event AddHeat is a no-op; SIGHTLINE_HEATPIN=0 restores the leak)
INFO: Initializing raylib 6.0
INFO: Platform backend: DESKTOP (GLFW)
INFO: Supported raylib modules:
INFO:     > rcore:..... loaded (mandatory)
INFO:     > rlgl:...... loaded (mandatory)
INFO:     > rshapes:... loaded (optional)
INFO:     > rtextures:. loaded (optional)
INFO:     > rtext:..... loaded (optional)
INFO:     > rmodels:... loaded (optional)
INFO:     > raudio:.... loaded (optional)
INFO: DISPLAY: Trying to enable MSAA x4
INFO: DISPLAY: Device initialized successfully 
INFO:     > Display size: 1280 x 800
INFO:     > Screen size:  1280 x 800
INFO:     > Render size:  1280 x 800
INFO:     > Viewport offsets: 0, 0
INFO: GLAD: OpenGL extensions loaded successfully
INFO: GL: Supported extensions count: 229
INFO: GL: OpenGL device information:
INFO:     > Vendor:   Mesa
INFO:     > Renderer: llvmpipe (LLVM 20.1.2, 256 bits)
INFO:     > Version:  4.5 (Core Profile) Mesa 25.2.8-0ubuntu0.24.04.2
INFO:     > GLSL:     4.50
INFO: GL: VAO extension detected, VAO functions loaded successfully
INFO: GL: NPOT textures extension detected, full NPOT textures supported
INFO: GL: DXT compressed textures supported
INFO: GL: ETC2/EAC compressed textures supported
INFO: PLATFORM: DESKTOP (GLFW - X11): Initialized successfully
INFO: TEXTURE: [ID 1] Texture loaded successfully (1x1 | R8G8B8A8 | 1 mipmaps)
INFO: TEXTURE: [ID 1] Default texture loaded successfully
INFO: SHADER: [ID 1] Vertex shader compiled successfully
INFO: SHADER: [ID 2] Fragment shader compiled successfully
INFO: SHADER: [ID 3] Program shader loaded successfully
INFO: SHADER: [ID 3] Default shader loaded successfully
INFO: RLGL: Render batch vertex buffers loaded successfully in RAM (CPU)
INFO: RLGL: Render batch vertex buffers loaded successfully in VRAM (GPU)
INFO: RLGL: Default OpenGL state initialized successfully
INFO: TEXTURE: [ID 2] Texture loaded successfully (128x128 | GRAY_ALPHA | 1 mipmaps)
INFO: FONT: Default font loaded successfully (224 glyphs)
INFO: SYSTEM: Working Directory: /home/user/wt/heat-pin
INFO: TIMER: Target time per frame: 0.000 milliseconds
FINALE-KIT: Wardens
WAVE: +2 (SCOUT,MORTAR) [rich]
WAVE: +2 (SNIPER,GRUNT) [rich]
WAVE: +2 (MEDIC,SNIPER) [rich]
WAVE: +3 (MEDIC,MORTAR,CUSTODIAN) [rich]
WAVE: +3 (PIKEMAN,SCOUT,MORTAR) [rich]
WAVE: +3 (SCOUT,SCREENER,SNIPER) [rich]
FINALE-KIT: Wardens
WAVE: +2 (SNIPER,MORTAR) [rich]
WAVE: +2 (MORTAR,SNIPER) [rich]
WAVE: +2 (SCOUT,MORTAR) [rich]
WAVE: +3 (MEDIC,CUSTODIAN,MORTAR) [rich]
WAVE: +3 (SCREENER,GRUNT,GRUNT) [rich]
WAVE: +3 (SNIPER,SNIPER,MORTAR) [rich]
FINALE-KIT: Wardens
WAVE: +3 (MEDIC,SCOUT,SNIPER) [rich]
WAVE: +3 (SCOUT,PIKEMAN,CUSTODIAN) [rich]
WAVE: +3 (SNIPER,MEDIC,CUSTODIAN) [rich]
FINALE-KIT: Wardens
WAVE: +3 (SCREENER,SNIPER,SNIPER) [rich]
WAVE: +3 (GRUNT,SNIPER,PIKEMAN) [rich]
WAVE: +3 (SNIPER,SNIPER,SNIPER) [rich]
FINALE-KIT: Legion
WAVE: +2 (STRIKER,BERSERKER) [rich]
WAVE: +2 (BERSERKER,SCOUT) [rich]
WAVE: +2 (BRUISER,SCOUT) [rich]
WAVE: +2 (DRONE,SAPPER) [rich]
WAVE: +2 (SPOTTER,SHIELD) [rich]
WAVE: +2 (SHIELD,SCREENER) [rich]
match 5/20  (W:5 L:0 cap:0)  3.7s
FINALE-KIT: Legion
WAVE: +2 (LANCER,BERSERKER) [rich]
WAVE: +2 (BERSERKER,BRUISER) [rich]
WAVE: +2 (HOUND,BERSERKER) [rich]
WAVE: +2 (SAPPER,DRONE) [rich]
WAVE: +2 (SHIELD,CUSTODIAN) [rich]
WAVE: +2 (DRONE,DRONE) [rich]
FINALE-KIT: Wardens
WAVE: +3 (WARBRINGER,BERSERKER,BERSERKER) [rich]
WAVE: +3 (BERSERKER,BRUISER,WARBRINGER) [rich]
WAVE: +3 (BRUISER,WARBRINGER,BRUISER) [rich]
REINFORCEMENTS: +2 (SCOUT,GRUNT)
REINFORCEMENTS: +2 (GRUNT,SCOUT)
REINFORCEMENTS: +2 (SCOUT,GRUNT)
FINALE-KIT: Wardens
WAVE: +3 (GRUNT,BRUISER,HUNTER) [rich]
WAVE: +3 (GRUNT,BERSERKER,WARBRINGER) [rich]
WAVE: +3 (LANCER,LANCER,BERSERKER) [rich]
FINALE-KIT: Syndicate
WAVE: +2 (BRUISER,SCOUT) [rich]
WAVE: +2 (GRUNT,BERSERKER) [rich]
WAVE: +2 (HUNTER,HOUND) [rich]
FINALE-KIT: Syndicate
WAVE: +2 (BRUISER,SCOUT) [rich]
WAVE: +2 (GRUNT,BERSERKER) [rich]
WAVE: +2 (HUNTER,HOUND) [rich]
match 10/20  (W:9 L:1 cap:0)  6.7s
FINALE-KIT: Wardens
FINALE-KIT: Wardens
FINALE-KIT: Syndicate
WAVE: +2 (BRUISER,SCOUT) [rich]
WAVE: +2 (HOUND,DRONE) [rich]
WAVE: +2 (SNIPER,DRONE) [rich]
WAVE: +2 (BERSERKER,MEDIC) [rich]
WAVE: +2 (LANCER,LANCER) [rich]
WAVE: +2 (WARBRINGER,SNIPER) [rich]
FINALE-KIT: Syndicate
WAVE: +2 (LANCER,DRONE) [rich]
WAVE: +2 (SNIPER,SCOUT) [rich]
WAVE: +2 (DRONE,HOUND) [rich]
WAVE: +2 (DRONE,BERSERKER) [rich]
WAVE: +2 (MEDIC,STRIKER) [rich]
WAVE: +2 (SNIPER,GRUNT) [rich]
FINALE-KIT: Legion
WAVE: +3 (PIKEMAN,DRONE,CUSTODIAN) [rich]
WAVE: +3 (HUNTER,SNIPER,STRIKER) [rich]
WAVE: +3 (PIKEMAN,HOUND,SCREENER) [rich]
match 15/20  (W:12 L:3 cap:0)  7.7s
FINALE-KIT: Legion
WAVE: +3 (SNIPER,LANCER,PIKEMAN) [rich]
WAVE: +3 (BERSERKER,SPOTTER,BERSERKER) [rich]
WAVE: +3 (SCOUT,HOUND,BERSERKER) [rich]
REINFORCEMENTS: +2 (GRUNT,GRUNT)
REINFORCEMENTS: +2 (SCOUT,GRUNT)
FINALE-KIT: Syndicate
REINFORCEMENTS: +2 (SCOUT,SCOUT)
REINFORCEMENTS: +2 (SCOUT,SCOUT)
REINFORCEMENTS: +2 (SCOUT,SCOUT)
REINFORCEMENTS: +2 (SCOUT,GRUNT)
FINALE-KIT: Syndicate
REINFORCEMENTS: +2 (SCOUT,SCOUT)
REINFORCEMENTS: +2 (SCOUT,GRUNT)
REINFORCEMENTS: +3 (GRUNT,GRUNT,GRUNT)
REINFORCEMENTS: +2 (SCOUT,GRUNT)
REINFORCEMENTS: +2 (GRUNT,GRUNT)
REINFORCEMENTS: +3 (SCOUT,GRUNT,SCOUT)
FINALE-KIT: Legion
WAVE: +3 (LANCER,HOUND,SCREENER) [rich]
WAVE: +3 (SNIPER,HOUND,SAPPER) [rich]
WAVE: +3 (SPOTTER,LANCER,STRIKER) [rich]
FINALE-KIT: Legion
WAVE: +3 (BERSERKER,SPOTTER,CUSTODIAN) [rich]
WAVE: +3 (DRONE,PIKEMAN,LANCER) [rich]
WAVE: +3 (BERSERKER,DRONE,SPOTTER) [rich]
match 20/20  (W:15 L:5 cap:0)  8.8s

══════════════════════ SIGHTLINE BALANCE REPORT ══════════════════════
runs=20  missions=85

RUN OUTCOMES (campaign):  win-rate   75%   avg missions cleared 5.1

POLICY GAP (optimal vs human-error; campaign runs only):
  greedy win-rate   70%  (n=10)
  sloppy win-rate   80%  (n=10)
  GAP  -10 pts  (healthy slack)
  PAIRED (same-seed slots): pairs=10  concordant=9  discordant greedy-only-won=0 / sloppy-only-won=1  paired gap  -10 pts
  PER-SLOT RECORDS (greedy | sloppy: outcome + missions cleared; margin = g−s):
    slot 150 @h-1: W 6 | W 6   margin +0
    slot 151 @h-1: W 6 | W 6   margin +0
    slot 152 @h-1: W 6 | W 6   margin +0
    slot 153 @h-1: L 5 | W 6   margin -1
    slot 154 @h-1: W 6 | W 6   margin +0
    slot 155 @h-1: L 1 | L 2   margin -1
    slot 156 @h-1: W 6 | W 6   margin +0
    slot 157 @h-1: W 6 | W 6   margin +0
    slot 158 @h-1: L 2 | L 2   margin +0
    slot 159 @h-1: W 6 | W 6   margin +0
  PAIRED MARGIN (missions cleared, all pairs): -0.20 ±0.13 SE  (n=10 pairs)
  by objective (greedy / sloppy / gap):
    Decapitate :   80% /   90% / gap  -10
    Defend     :  100% /  100% / gap    0
    Eliminate  :  100% /  100% / gap    0
    Escort     :  100% /  100% / gap    0
    Evac       :  100% /  100% / gap    0
    Hack       :  100% /  100% / gap    0
    Rescue     :   50% /  100% / gap  -50
    Sabotage   :  100% /   50% / gap   50

DECISION RICHNESS / SWING:
  meaningful-choices/turn 3.19   lead-swings/match 0.6   avg max-swing 30.1
  [shot-gate] acting-soldiers/turn 3.68   armed-soldiers/turn 1.45   armed-fraction 39%   turns-with-a-shot 56%   choices/ARMED-soldier-turn 2.20
  [choice-split] los-targets/ARMED 2.47   target-choices/ARMED 0.43   position-choices/ARMED 1.78

RUN COMPLETION BY HEAT (full-campaign clears):
  heat -1:   75% ±10  (n=20 runs, avg 5.1 missions)
  HEAT LEAK: pinned=yes  heat-raising picks=0  campaigns raised=0  missions off-rung=0/85
  STALEMATES: mission-cap 1  run-cap 0   [slot 155 g m2 Rescue mis rt=54]

INTEL ECONOMY BY HEAT (campaign runs; heat-bonus = the Heat.IntelBonus share of income):
  heat -1: earned  144.1/run   heat-bonus   0.0 (   0% of income)   spent  127.3   unspent   16.8

MISSION WIN-RATE BY HEAT:
  heat -1:   94%  (n=85, avg 5.7 turns)

MISSION WIN-RATE BY OBJECTIVE:
  Eliminate  :  100% ±0  (n=22, avg 3.3 turns)
  Defend     :  100% ±0  (n=22, avg 9.0 turns)
  Decapitate :   85% ±8  (n=20, avg 4.1 turns)
  Escort     :  100% ±0  (n=8, avg 5.1 turns)
  Rescue     :   75% ±22  (n=4, avg 15.5 turns)
  Hack       :  100% ±0  (n=4, avg 3.0 turns)
  Sabotage   :   67% ±27  (n=3, avg 5.0 turns)
  Evac       :  100% ±0  (n=2, avg 3.0 turns)

MISSION WIN-RATE BY OBJECTIVE x NODE KIND (a capstone must never pool with a mid-run node):
  Eliminate  : Start: 100%(n=20)  Combat: 100%(n=2)
               depth: m1:100%(20) m5:100%(2)
  Defend     : Combat: 100%(n=12)  Supply: 100%(n=8)  Elite: 100%(n=2)
               depth: m2:100%(8) m3:100%(4) m4:100%(6) m5:100%(4)
  Decapitate : Boss:  94%(n=16)  Supply: 100%(n=2)  Elite:   0%(n=2)
               depth: m2:100%(2) m3:0%(2) m6:94%(16)
  Escort     : Combat: 100%(n=6)  Supply: 100%(n=2)
               depth: m3:100%(2) m4:100%(2) m5:100%(4)
  Rescue     : Supply: 100%(n=2)  Combat:  50%(n=2)
               depth: m2:75%(4)
  Hack       : Combat: 100%(n=2)  Elite: 100%(n=2)
               depth: m3:100%(2) m4:100%(2)
  Sabotage   : Elite: 100%(n=2)  Combat:   0%(n=1)
               depth: m3:0%(1) m4:100%(2)
  Evac       : Combat: 100%(n=2)
               depth: m2:100%(2)

ENCOUNTER COMPLETION on MID-RUN nodes (Combat+Elite) — clear% is the share of the fight actually fought:
  objective     n   win%   turns   force    +rf  killed  clear%   prs  WONclear%
  Defend        14  100%     9.0    3.14   7.29    5.79    55.5  0.00     55.5 (n=14)
  Escort         6  100%     5.7    6.00   0.00    0.67    11.1  0.00     11.1 (n=6)
  Hack           4  100%     3.0    6.50   0.00    4.00    61.5  0.00     61.5 (n=4)
  Sabotage       3   67%     5.0    5.00   0.00    0.33     6.7  0.00      8.3 (n=2)
  Eliminate      2  100%     6.5    7.00   0.00    7.00   100.0  1.00    100.0 (n=2)
  Rescue         2   50%    27.0    4.00   0.00    2.00    50.0  0.00      0.0 (n=1)
  Decapitate     2    0%    11.0    7.00   5.50    0.50     4.0  3.50      0.0 (n=0)
  Evac           2  100%     3.0    4.00   0.00    0.00     0.0  0.00      0.0 (n=2)
  ---- the two classes ----
  KILL           4   50%     8.8    7.00   2.75    3.75    38.5  2.25    100.0 (n=2)
  NON-KILL      31   94%     8.0    4.42   3.29    3.42    44.4  0.00     44.0 (n=29)

DECAPITATE HVT (buff = +6+1*mission HP, +6 aim; ELITE exempt):
  EXEMPT  :   83% ±9  (n=18, avg 4.2 turns, HVT 22.6 max HP)  [m3:0%(2) m6:94%(16)]
  BUFFED  :  100% ±0  (n=2, avg 2.5 turns, HVT 14.0 max HP)  [m2:100%(2)]

MISSION WIN-RATE BY MISSION #:
  m1:  100% ±0  (n=20)
  m2:   94% ±6  (n=16)
  m3:   73% ±13  (n=11)
  m4:  100% ±0  (n=12)
  m5:  100% ±0  (n=10)
  m6:   94% ±6  (n=16)

LOSS CAUSES (missions):
  RUN OVER              : 4
  STALEMATE-MISSION     : 1

MISSION WIN-RATE BY ARENA (authored layouts, n>=3; procedural fallback   21% of 85 missions):
  arena  0:  100% ±0  (n=3, avg 9.0 turns)  [m4:100%(1) m5:100%(2)]
  arena  4:  100% ±0  (n=3, avg 6.0 turns)  [m2:100%(1) m5:100%(2)]
  arena  6:  100% ±0  (n=4, avg 2.3 turns)  [m1:100%(4)]
  arena 23:  100% ±0  (n=4, avg 4.0 turns)  [m1:100%(2) m6:100%(2)]
  arena 27:  100% ±0  (n=3, avg 6.0 turns)  [m4:100%(1) m6:100%(2)]
  arena 28:  100% ±0  (n=4, avg 3.3 turns)  [m2:100%(2) m4:100%(2)]
  arena 29:  100% ±0  (n=3, avg 4.3 turns)  [m1:100%(2) m4:100%(1)]
  arena 30:  100% ±0  (n=8, avg 6.1 turns)  [m1:100%(2) m2:100%(4) m3:100%(2)]
  arena 32:  100% ±0  (n=3, avg 7.7 turns)  [m2:100%(2) m6:100%(1)]
  arena 33:   71% ±17  (n=7, avg 6.9 turns)  [m2:100%(2) m3:0%(2) m4:100%(1) m6:100%(2)]
  arena 34:  100% ±0  (n=6, avg 3.3 turns)  [m1:100%(2) m5:100%(2) m6:100%(2)]
  procedural:   94% ±5  (n=18, avg 8.2 turns)  [m1:100%(4) m2:50%(2) m3:100%(3) m4:100%(5) m5:100%(3) m6:100%(1)]

DEPLOYMENT GEOMETRY (opening shape; choices/ARMED is the wave's real gate):
  FRONTAL   :   91% ±6  (n=22, avg 5.7 turns)  choices/turn 2.37  choices/ARMED 1.85  los-targets/ARMED 2.09
  PINCER    :   92%  (n=37, avg 7.2 turns)  choices/turn 3.78  choices/ARMED 2.34  los-targets/ARMED 2.83
  CROSSFIRE :  100% ±0  (n=10, avg 5.1 turns)  choices/turn 1.81  choices/ARMED 1.89  los-targets/ARMED 1.84
  ENVELOP   :  100% ±0  (n=16, avg 2.9 turns)  choices/turn 3.48  choices/ARMED 2.39  los-targets/ARMED 1.53

ARENA FUNNEL (Mission.Build exits, n=92 builds, all modes):
  authored-applied    :  78.3%  (n=72)
  connectivity-reject :   0.0%  (n=0)
  procedural-roll     :  21.7%  (n=20)

DECK EXPOSURE (campaign runs n=20):
  distinct authored arenas/run : 3.35 mean (all runs)
  ... full-depth runs only     : 3.73 mean over 4.8 fights/run (n=15)
  Defend dealt on the route    :   80% of runs (n=16)

ENEMY DECISION MIX (contested acts=782; all-downed acts not counted=337):
  shoot           435    56%
  hunker          146    19%
  move            111    14%
  grenade          30     4%
  heal             23     3%
  siege            10     1%
  reload            9     1%
  brace             8     1%
  sap               4     1%
  item              3     0%
  overwatch         2     0%
  shove             1     0%

  the shot on the table (acts where the chosen tile HAD a shot = 504):
    hit% band     taken   share   E[dmg]/shot   declined   share   E[dmg]/shot
      0-19           1      0%          0.89          1     50%          0.65
     20-39           8      2%          1.14          0      0%          0.00
     40-59          45     10%          2.02          1     50%          2.16
     60-79         165     38%          2.61          0      0%          0.00
      80+          216     50%          3.78          0      0%          0.00
    TOTAL           435                              2
  taken   86% / DECLINED    0% / preempted by another verb   13%
  enemy lanes held (overwatch+brace) 10; reaction shots fired 0  ->    0% of lanes paid off   [C2: DeclineWatchRatio is a bet on this number]

ACTION MIX (verbs issued, by policy):
  verb                  greedy        sloppy
  MOVE               549   33%     565   42%
  SHOOT              336   20%     320   24%
  HUNKER             203   12%      63    5%
  OVERWATCH          183   11%      34    3%
  BRACE               87    5%      75    6%
  FOCUS               60    4%      54    4%
  RELOAD              52    3%      44    3%
  INTEL               35    2%      38    3%
  STABILIZE           23    1%      29    2%
  SLIPSTREAM          25    2%      26    2%
  MARK                25    2%      16    1%
  ITEM:SMOKE          12    1%      15    1%
  PIN                 10    1%      16    1%
  GRAPPLE             10    1%       7    1%
  BEACON               7    0%       6    0%
  REARM                9    1%       3    0%
  EXTRACT              5    0%       6    0%
  PLANT                3    0%       7    1%
  PATCH                5    0%       4    0%
  HACK                 4    0%       4    0%
  GRENADE              0    0%       3    0%
  BARREL               1    0%       0    0%
  ITEM:BARRICADE       0    0%       1    0%

PLAYER CLASS PERFORMANCE:
  class        shots   hit%   dmg   kills
  SHARPSHOOTER    215    88%   1355     93
  GUNNER         228    86%   1059     63
  RANGER         138    91%    868     51
  ASSAULT        185    91%    848     57
  CORPSMAN        37    84%    124      5

SOLDIER DEATHS BY ENEMY CLASS (threat ranking):
  ELITE      : 8
  SAPPER     : 6
  SNIPER     : 5
  BURN       : 4
  MORTAR     : 4
  BRUISER    : 3
  STRIKER    : 2
  BERSERKER  : 2
  SHIELD     : 2
  MEDIC      : 1
  GRUNT      : 1
  SPOTTER    : 1
  STRIKE     : 1
  PIKEMAN    : 1
  LANCER     : 1

SOLDIER DOWNS (FUL-7 bleed-out): 149 downs -> revived 3 / recovered 75 / bled out 63 / finished 8  (save-rate   52%)
  corpsman fielded in 23 missions

ENEMY COMPOSITION (spawns; faction-stamped fights n=406 / default-cascade fights n=174):
  class        faction         default
  SCOUT           37    9%       48   28%
  GRUNT           33    8%       28   16%
  SNIPER          33    8%        9    5%
  ELITE           36    9%        6    3%
  DRONE           18    4%       15    9%
  LANCER          19    5%       13    7%
  BRUISER         27    7%        3    2%
  BERSERKER       22    5%        7    4%
  HUNTER          15    4%        9    5%
  MEDIC           20    5%        2    1%
  STRIKER         18    4%        4    2%
  HOUND           15    4%        7    4%
  MORTAR          19    5%        2    1%
  PIKEMAN         16    4%        4    2%
  SCREENER        16    4%        2    1%
  SHIELD          18    4%        0    0%
  SAPPER          13    3%        4    2%
  WARBRINGER      12    3%        2    1%
  CUSTODIAN        9    2%        2    1%
  SPOTTER          3    1%        4    2%
  TURRET           4    1%        3    2%
  BOMBARD          3    1%        0    0%

PERK PICK FREQUENCY:
  LCK           : 16
  GRD           : 14
  MOM           : 12
  EXC           : 12
  SKR           : 10
  PLT           : 10
  OUT           : 10
  RFX           : 10
  TNK           : 9
  MRK           : 8
  SGE           : 7
  BND           : 7
  GUN           : 6
  CLH           : 6
  FST           : 6
  CQB           : 5
  HRD           : 5
  VNT           : 4
  BRK           : 1

SHOP PURCHASE FREQUENCY:
  FIELD MEDKIT      : 79
  WPN: SCOPE        : 31
  WPN: HOLLOW POINT : 31
  WPN: STABILIZER   : 23
  WPN: EXTENDED MAG : 19
  WPN: SUPPRESSOR   : 13
  ARMORY            : 12
  COMBAT STIMS      : 11
  COUNTER-PREP      : 11
  BALLISTIC PLATING : 9
  WPN: BIPOD        : 7
  FRAG CACHE        : 6
  ADV. TRAINING     : 4

BOON PICK FREQUENCY (PROCS = effect fires at instrumented sites; '-' = not instrumented;
                      PYR counts the +2-turn-burn half only — the Burning-immunity half is uninstrumented):
  code                 picks   PROCS
  ADR               :     6       -
  FDR               :     5       0
  GRN               :     5       -
  PYR               :     5       0
  RCL               :     5       4
  EXE               :     4       -
  FRT               :     4       -
  RPD               :     4       -
  SCV               :     4       -
  SHK               :     4       2
  TRR               :     4      15
  VNM               :     4       -
  FST               :     3      35
  GHO               :     3       -
  MRK               :     3       -
  FVR               :     2       -

RUN WIN-RATE BY BOON (campaign runs holding it):
  ADR               :  100% ±0  (in 6 runs)
  FDR               :   60% ±22  (in 5 runs)
  GRN               :   80% ±18  (in 5 runs)
  PYR               :  100% ±0  (in 5 runs)
  RCL               :  100% ±0  (in 5 runs)
  EXE               :   75% ±22  (in 4 runs)
  FRT               :   75% ±22  (in 4 runs)
  RPD               :  100% ±0  (in 4 runs)
  SCV               :   75% ±22  (in 4 runs)
  SHK               :  100% ±0  (in 4 runs)
  TRR               :  100% ±0  (in 4 runs)
  VNM               :  100% ±0  (in 4 runs)
  FST               :  100% ±0  (in 3 runs)
  GHO               :   33% ±27  (in 3 runs)
  MRK               :  100% ±0  (in 3 runs)
  FVR               :  100% ±0  (in 2 runs)

RUN WIN-RATE BY SPEC (campaign runs fielding it):
  HHT               :  100% ±0  (in 7 runs)
  SNT               :  100% ±0  (in 7 runs)
  ADN               :  100% ±0  (in 5 runs)
  PHN               :  100% ±0  (in 4 runs)
  ANC               :  100% ±0  (in 3 runs)
  JUG               :  100% ±0  (in 2 runs)
  PTH               :  100% ±0  (in 2 runs)
  BRC               :  100% ±0  (in 1 runs)

RUN WIN-RATE BY PERK (campaign runs holding it):
  LCK               :   92% ±8  (in 12 runs)
  GRD               :   90% ±9  (in 10 runs)
  SKR               :  100% ±0  (in 10 runs)
  EXC               :   89% ±10  (in 9 runs)
  MOM               :   89% ±10  (in 9 runs)
  TNK               :   67% ±16  (in 9 runs)
  OUT               :   63% ±17  (in 8 runs)
  PLT               :   88% ±12  (in 8 runs)
  MRK               :   86% ±13  (in 7 runs)
  RFX               :  100% ±0  (in 7 runs)
  SGE               :  100% ±0  (in 7 runs)
  BND               :   83% ±15  (in 6 runs)
  GUN               :  100% ±0  (in 6 runs)
  CLH               :  100% ±0  (in 5 runs)
  CQB               :  100% ±0  (in 5 runs)
  FST               :  100% ±0  (in 5 runs)
  HRD               :  100% ±0  (in 5 runs)
  VNT               :  100% ±0  (in 4 runs)
  BRK               :  100% ±0  (in 1 runs)

RUN WIN-RATE BY PURCHASE (campaign runs buying it):
  FIELD MEDKIT      :   79% ±9  (in 19 runs)
  WPN: HOLLOW POINT :   92% ±7  (in 13 runs)
  WPN: STABILIZER   :   91% ±9  (in 11 runs)
  COUNTER-PREP      :   80% ±13  (in 10 runs)
  WPN: SCOPE        :   80% ±13  (in 10 runs)
  ARMORY            :   75% ±15  (in 8 runs)
  WPN: EXTENDED MAG :  100% ±0  (in 8 runs)
  WPN: SUPPRESSOR   :   88% ±12  (in 8 runs)
  BALLISTIC PLATING :  100% ±0  (in 7 runs)
  COMBAT STIMS      :   86% ±13  (in 7 runs)
  FRAG CACHE        :   60% ±22  (in 5 runs)
  WPN: BIPOD        :  100% ±0  (in 5 runs)
  ADV. TRAINING     :  100% ±0  (in 3 runs)

RUN WIN-RATE BY EVENT-CHOICE (campaign runs taking id:arm):
  cache:1           :  100% ±0  (in 4 runs)
  bloodfeud:2       :  100% ±0  (in 2 runs)
  depot:0           :  100% ±0  (in 2 runs)
  grave:1           :    0% ±0  (in 2 runs)
  informant:0       :  100% ±0  (in 2 runs)
  profiteer:0       :  100% ±0  (in 2 runs)
  reservecall:0     :  100% ±0  (in 2 runs)
  warchest:1        :  100% ±0  (in 2 runs)
  warpension:2      :   50% ±35  (in 2 runs)
  defector:1        :    0% ±0  (in 1 runs)
  defector:2        :  100% ±0  (in 1 runs)
═══════════════════════════════════════════════════════════════════════

batch wall-time: 8.8s  (20 matches across 10 campaigns × 2 policy, frame-cap hits: 0)
aggregate JSON -> /home/user/wt/heat-pin/docs/measurements/l5/L5-hR-b150.json
INFO: TEXTURE: [ID 2] Unloaded texture data from VRAM (GPU)
INFO: SHADER: [ID 3] Default shader unloaded successfully
INFO: TEXTURE: [ID 1] Default texture unloaded successfully
INFO: Window closed successfully
