BALANCE: heat PINNED for this batch (field-event AddHeat is a no-op; SIGHTLINE_HEATPIN=0 restores the leak)
INFO: Initializing raylib 6.0
INFO: Platform backend: DESKTOP (GLFW)
INFO: Supported raylib modules:
INFO:     > rcore:..... loaded (mandatory)
INFO:     > rlgl:...... loaded (mandatory)
INFO:     > rshapes:... loaded (optional)
INFO:     > rtextures:. loaded (optional)
INFO:     > rtext:..... loaded (optional)
INFO:     > rmodels:... loaded (optional)
INFO:     > raudio:.... loaded (optional)
INFO: DISPLAY: Trying to enable MSAA x4
INFO: DISPLAY: Device initialized successfully 
INFO:     > Display size: 1280 x 800
INFO:     > Screen size:  1280 x 800
INFO:     > Render size:  1280 x 800
INFO:     > Viewport offsets: 0, 0
INFO: GLAD: OpenGL extensions loaded successfully
INFO: GL: Supported extensions count: 229
INFO: GL: OpenGL device information:
INFO:     > Vendor:   Mesa
INFO:     > Renderer: llvmpipe (LLVM 20.1.2, 256 bits)
INFO:     > Version:  4.5 (Core Profile) Mesa 25.2.8-0ubuntu0.24.04.2
INFO:     > GLSL:     4.50
INFO: GL: VAO extension detected, VAO functions loaded successfully
INFO: GL: NPOT textures extension detected, full NPOT textures supported
INFO: GL: DXT compressed textures supported
INFO: GL: ETC2/EAC compressed textures supported
INFO: PLATFORM: DESKTOP (GLFW - X11): Initialized successfully
INFO: TEXTURE: [ID 1] Texture loaded successfully (1x1 | R8G8B8A8 | 1 mipmaps)
INFO: TEXTURE: [ID 1] Default texture loaded successfully
INFO: SHADER: [ID 1] Vertex shader compiled successfully
INFO: SHADER: [ID 2] Fragment shader compiled successfully
INFO: SHADER: [ID 3] Program shader loaded successfully
INFO: SHADER: [ID 3] Default shader loaded successfully
INFO: RLGL: Render batch vertex buffers loaded successfully in RAM (CPU)
INFO: RLGL: Render batch vertex buffers loaded successfully in VRAM (GPU)
INFO: RLGL: Default OpenGL state initialized successfully
INFO: TEXTURE: [ID 2] Texture loaded successfully (128x128 | GRAY_ALPHA | 1 mipmaps)
INFO: FONT: Default font loaded successfully (224 glyphs)
INFO: SYSTEM: Working Directory: /home/user/wt/heat-pin
INFO: TIMER: Target time per frame: 0.000 milliseconds
FINALE-KIT: Syndicate
FINALE-KIT: Syndicate
FINALE-KIT: Wardens
WAVE: +2 (GRUNT,SCOUT) [rich]
WAVE: +2 (SCREENER,SCOUT) [rich]
WAVE: +2 (SNIPER,SCREENER) [rich]
WAVE: +2 (SCOUT,MEDIC) [rich]
WAVE: +2 (MORTAR,MORTAR) [rich]
FINALE-KIT: Wardens
WAVE: +2 (MORTAR,SCREENER) [rich]
WAVE: +2 (SNIPER,SNIPER) [rich]
WAVE: +2 (GRUNT,SNIPER) [rich]
WAVE: +2 (GRUNT,SNIPER) [rich]
WAVE: +2 (GRUNT,GRUNT) [rich]
WAVE: +2 (SNIPER,MORTAR) [rich]
FINALE-KIT: Syndicate
match 5/20  (W:0 L:5 cap:0)  2.0s
FINALE-KIT: Syndicate
WAVE: +3 (MORTAR,HUNTER,SHIELD) [rich]
WAVE: +3 (HUNTER,SAPPER,PIKEMAN) [rich]
WAVE: +3 (LANCER,DRONE,SAPPER) [rich]
FINALE-KIT: Syndicate
WAVE: +3 (STRIKER,GRUNT,HOUND) [rich]
WAVE: +3 (BERSERKER,HOUND,LANCER) [rich]
WAVE: +3 (HUNTER,BERSERKER,BRUISER) [rich]
FINALE-KIT: Syndicate
WAVE: +3 (WARBRINGER,BERSERKER,BERSERKER) [rich]
WAVE: +3 (SCOUT,BERSERKER,BERSERKER) [rich]
WAVE: +3 (HUNTER,BRUISER,BRUISER) [rich]
WAVE: +3 (STRIKER,BRUISER,BRUISER) [rich]
WAVE: +3 (HUNTER,LANCER,BERSERKER) [rich]
FINALE-KIT: Legion
FINALE-KIT: Legion
match 10/20  (W:1 L:9 cap:0)  5.5s
FINALE-KIT: Wardens
WAVE: +3 (SCREENER,CUSTODIAN,HUNTER) [rich]
WAVE: +3 (DRONE,MEDIC,SAPPER) [rich]
WAVE: +3 (DRONE,HUNTER,STRIKER) [rich]
FINALE-KIT: Wardens
FINALE-KIT: Syndicate
WAVE: +2 (SCOUT,MORTAR) [rich]
WAVE: +2 (PIKEMAN,GRUNT) [rich]
WAVE: +2 (GRUNT,SCOUT) [rich]
FINALE-KIT: Syndicate
WAVE: +2 (SCOUT,MORTAR) [rich]
WAVE: +2 (MEDIC,SCOUT) [rich]
WAVE: +2 (SNIPER,MORTAR) [rich]
REINFORCEMENTS: +2 (SCOUT,SCOUT)
REINFORCEMENTS: +2 (GRUNT,GRUNT)
FINALE-KIT: Legion
match 15/20  (W:2 L:13 cap:0)  7.1s
FINALE-KIT: Legion
FINALE-KIT: Syndicate
WAVE: +3 (LANCER,HUNTER,WARBRINGER) [rich]
WAVE: +3 (HUNTER,HUNTER,BERSERKER) [rich]
WAVE: +3 (WARBRINGER,BRUISER,BRUISER) [rich]
WAVE: +3 (STRIKER,BRUISER,GRUNT) [rich]
WAVE: +3 (LANCER,BERSERKER,BERSERKER) [rich]
WAVE: +3 (BERSERKER,HUNTER,BRUISER) [rich]
FINALE-KIT: Syndicate
WAVE: +3 (BERSERKER,GRUNT,BRUISER) [rich]
WAVE: +3 (BERSERKER,WARBRINGER,HUNTER) [rich]
FINALE-KIT: Wardens
REINFORCEMENTS: +2 (SCOUT,SCOUT)
REINFORCEMENTS: +2 (GRUNT,GRUNT)
FINALE-KIT: Wardens
match 20/20  (W:2 L:18 cap:0)  7.8s

══════════════════════ SIGHTLINE BALANCE REPORT ══════════════════════
runs=20  missions=63

RUN OUTCOMES (campaign):  win-rate   10%   avg missions cleared 2.8

POLICY GAP (optimal vs human-error; campaign runs only):
  greedy win-rate   20%  (n=10)
  sloppy win-rate    0%  (n=10)
  GAP   20 pts  (swingy/unforgiving)
  PAIRED (same-seed slots): pairs=10  concordant=8  discordant greedy-only-won=2 / sloppy-only-won=0  paired gap   20 pts
  PER-SLOT RECORDS (greedy | sloppy: outcome + missions cleared; margin = g−s):
    slot  60 @h2: L 0 | L 0   margin +0
    slot  61 @h2: L 2 | L 2   margin +0
    slot  62 @h2: L 1 | L 4   margin -3
    slot  63 @h2: W 6 | L 3   margin +3
    slot  64 @h2: L 3 | L 3   margin +0
    slot  65 @h2: W 6 | L 2   margin +4
    slot  66 @h2: L 5 | L 5   margin +0
    slot  67 @h2: L 0 | L 0   margin +0
    slot  68 @h2: L 3 | L 3   margin +0
    slot  69 @h2: L 5 | L 2   margin +3
  PAIRED MARGIN (missions cleared, all pairs): +0.70 ±0.65 SE  (n=10 pairs)
  by objective (greedy / sloppy / gap):
    Decapitate :   50% /   33% / gap   17
    Defend     :   60% /   40% / gap   20
    Eliminate  :   75% /   83% / gap   -8
    Escort     :  100% /  100% / gap    0
    Evac       :  100% /  100% / gap    0
    Hack       :  100% /    0% / gap  100
    Rescue     :  100% /   67% / gap   33

DECISION RICHNESS / SWING:
  meaningful-choices/turn 3.48   lead-swings/match 0.6   avg max-swing 44.5
  [shot-gate] acting-soldiers/turn 3.23   armed-soldiers/turn 1.43   armed-fraction 44%   turns-with-a-shot 58%   choices/ARMED-soldier-turn 2.43
  [choice-split] los-targets/ARMED 2.79   target-choices/ARMED 0.52   position-choices/ARMED 1.91

RUN COMPLETION BY HEAT (full-campaign clears):
  heat 2:   10% ±7  (n=20 runs, avg 2.8 missions)
  HEAT LEAK: pinned=yes  heat-raising picks=0  campaigns raised=0  missions off-rung=0/63

INTEL ECONOMY BY HEAT (campaign runs; heat-bonus = the Heat.IntelBonus share of income):
  heat 2: earned  115.5/run   heat-bonus  17.2 (  15% of income)   spent   99.3   unspent   16.2

MISSION WIN-RATE BY HEAT:
  heat 2:   71%  (n=63, avg 5.9 turns)

MISSION WIN-RATE BY OBJECTIVE:
  Eliminate  :   79% ±8  (n=24, avg 4.6 turns)
  Defend     :   50% ±16  (n=10, avg 8.3 turns)
  Decapitate :   44% ±17  (n=9, avg 5.7 turns)
  Escort     :  100% ±0  (n=7, avg 8.4 turns)
  Rescue     :   86% ±13  (n=7, avg 6.0 turns)
  Hack       :   67% ±27  (n=3, avg 3.7 turns)
  Evac       :  100% ±0  (n=2, avg 3.0 turns)
  Sabotage   :    0% ±0  (n=1, avg 9.0 turns)

MISSION WIN-RATE BY OBJECTIVE x NODE KIND (a capstone must never pool with a mid-run node):
  Eliminate  : Start:  80%(n=20)  Supply:  50%(n=2)  Combat: 100%(n=2)
               depth: m1:80%(20) m2:75%(4)
  Defend     : Combat:  17%(n=6)  Supply: 100%(n=2)  Elite: 100%(n=2)
               depth: m2:100%(2) m3:0%(2) m4:50%(6)
  Decapitate : Boss:  40%(n=5)  Supply: 100%(n=2)  Combat:   0%(n=2)
               depth: m2:100%(2) m4:0%(2) m6:40%(5)
  Escort     : Combat: 100%(n=3)  Supply: 100%(n=3)  Elite: 100%(n=1)
               depth: m3:100%(3) m4:100%(2) m5:100%(2)
  Rescue     : Combat: 100%(n=5)  Elite:  50%(n=2)
               depth: m2:100%(2) m3:75%(4) m4:100%(1)
  Hack       : Elite:  67%(n=3)
               depth: m3:50%(2) m5:100%(1)
  Evac       : Elite: 100%(n=2)
               depth: m3:100%(2)
  Sabotage   : Combat:   0%(n=1)
               depth: m5:0%(1)

ENCOUNTER COMPLETION on MID-RUN nodes (Combat+Elite) — clear% is the share of the fight actually fought:
  objective     n   win%   turns   force    +rf  killed  clear%   prs  WONclear%
  Defend         8   38%     8.1    4.50   6.50    2.88    26.1  0.00     32.4 (n=3)
  Rescue         7   86%     6.0    7.14   0.00    0.86    12.0  0.00      4.9 (n=6)
  Escort         4  100%     7.5    8.00   0.00    0.00     0.0  0.00      0.0 (n=4)
  Hack           3   67%     3.7    9.67   0.00    0.33     3.4  0.00      5.0 (n=2)
  Decapitate     2    0%     6.0    8.00   0.00    1.00    12.5  1.00      0.0 (n=0)
  Eliminate      2  100%     4.0    5.00   0.00    5.00   100.0  0.00    100.0 (n=2)
  Evac           2  100%     3.0    9.00   0.00    0.00     0.0  0.00      0.0 (n=2)
  Sabotage       1    0%     9.0    7.00   0.00    0.00     0.0  0.00      0.0 (n=0)
  ---- the two classes ----
  KILL           4   50%     5.0    6.50   0.00    3.00    46.2  0.50    100.0 (n=2)
  NON-KILL      25   68%     6.5    6.88   2.08    1.20    13.4  0.00      9.7 (n=17)

DECAPITATE HVT (buff = +6+1*mission HP, +6 aim; ELITE exempt):
  EXEMPT  :   40% ±22  (n=5, avg 6.4 turns, HVT 21.8 max HP)  [m6:40%(5)]
  BUFFED  :   50% ±25  (n=4, avg 4.8 turns, HVT 22.0 max HP)  [m2:100%(2) m4:0%(2)]

MISSION WIN-RATE BY MISSION #:
  m1:   80% ±9  (n=20)
  m2:   90% ±9  (n=10)
  m3:   69% ±13  (n=13)
  m4:   55% ±15  (n=11)
  m5:   75% ±22  (n=4)
  m6:   40% ±22  (n=5)

LOSS CAUSES (missions):
  RUN OVER              : 17
  CAPTIVE LOST          : 1

MISSION WIN-RATE BY ARENA (authored layouts, n>=3; procedural fallback   27% of 63 missions):
  arena  2:   67% ±27  (n=3, avg 10.7 turns)  [m2:100%(1) m3:50%(2)]
  arena 10:  100% ±0  (n=3, avg 2.7 turns)  [m1:100%(2) m6:100%(1)]
  arena 12:  100% ±0  (n=3, avg 3.3 turns)  [m1:100%(2) m4:100%(1)]
  arena 25:   25% ±22  (n=4, avg 7.5 turns)  [m2:0%(1) m3:0%(1) m4:0%(1) m5:100%(1)]
  arena 28:   33% ±27  (n=3, avg 7.0 turns)  [m1:0%(2) m3:100%(1)]
  arena 29:  100% ±0  (n=4, avg 3.3 turns)  [m1:100%(2) m2:100%(2)]
  arena 30:  100% ±0  (n=3, avg 9.3 turns)  [m3:100%(1) m4:100%(2)]
  procedural:   65% ±12  (n=17, avg 7.1 turns)  [m1:50%(4) m2:100%(3) m3:75%(4) m4:67%(3) m5:50%(2) m6:0%(1)]

DEPLOYMENT GEOMETRY (opening shape; choices/ARMED is the wave's real gate):
  FRONTAL   :   84%  (n=38, avg 5.1 turns)  choices/turn 3.49  choices/ARMED 2.50  los-targets/ARMED 2.28
  PINCER    :   67% ±11  (n=18, avg 7.2 turns)  choices/turn 3.83  choices/ARMED 2.42  los-targets/ARMED 3.67
  ENVELOP   :   14% ±13  (n=7, avg 6.9 turns)  choices/turn 2.43  choices/ARMED 2.08  los-targets/ARMED 2.06

ARENA FUNNEL (Mission.Build exits, n=75 builds, all modes):
  authored-applied    :  77.3%  (n=58)
  connectivity-reject :   0.0%  (n=0)
  procedural-roll     :  22.7%  (n=17)

DECK EXPOSURE (campaign runs n=20):
  distinct authored arenas/run : 2.30 mean (all runs)
  ... full-depth runs only     : 4.50 mean over 5.5 fights/run (n=2)
  Defend dealt on the route    :   50% of runs (n=10)

ENEMY DECISION MIX (contested acts=814; all-downed acts not counted=463):
  shoot           499    61%
  hunker          145    18%
  move             72     9%
  grenade          29     4%
  reload           19     2%
  heal             15     2%
  item             15     2%
  siege             6     1%
  shove             5     1%
  overwatch         4     0%
  staleplan         3     0%
  brace             1     0%
  sap               1     0%

  the shot on the table (acts where the chosen tile HAD a shot = 568):
    hit% band     taken   share   E[dmg]/shot   declined   share   E[dmg]/shot
      0-19           2      0%          0.57          2     50%          0.38
     20-39          10      2%          1.38          1     25%          1.08
     40-59          54     11%          1.95          1     25%          1.08
     60-79         149     30%          2.51          0      0%          0.00
      80+          284     57%          3.76          0      0%          0.00
    TOTAL           499                              4
  taken   88% / DECLINED    1% / preempted by another verb   11%
  enemy lanes held (overwatch+brace) 5; reaction shots fired 2  ->   40% of lanes paid off   [C2: DeclineWatchRatio is a bet on this number]

ACTION MIX (verbs issued, by policy):
  verb                  greedy        sloppy
  MOVE               527   47%     508   44%
  SHOOT              238   21%     258   22%
  HUNKER             134   12%     155   13%
  BRACE               20    2%      50    4%
  INTEL               37    3%      28    2%
  RELOAD              23    2%      34    3%
  STABILIZE           22    2%      25    2%
  ITEM:SMOKE          13    1%      17    1%
  SLIPSTREAM          11    1%      18    2%
  OVERWATCH           28    3%       0    0%
  MARK                14    1%      10    1%
  PIN                 16    1%       6    1%
  FOCUS                7    1%       7    1%
  PATCH                4    0%       6    1%
  BEACON               4    0%       6    1%
  EXTRACT              4    0%       5    0%
  GRAPPLE              4    0%       5    0%
  REARM                5    0%       3    0%
  HACK                 5    0%       2    0%
  GRENADE              2    0%       3    0%
  BARREL               1    0%       1    0%
  PLANT                0    0%       2    0%
  DRAG                 0    0%       2    0%
  ITEM:INCENDIARY       0    0%       1    0%
  ITEM:BARRICADE       0    0%       1    0%

PLAYER CLASS PERFORMANCE:
  class        shots   hit%   dmg   kills
  ASSAULT        142    84%    616     40
  SHARPSHOOTER     82    95%    543     38
  GUNNER         115    83%    476     38
  RANGER          77    88%    434     31
  CORPSMAN        36    81%     99      5

SOLDIER DEATHS BY ENEMY CLASS (threat ranking):
  BURN       : 19
  SCOUT      : 16
  BERSERKER  : 14
  GRUNT      : 13
  SNIPER     : 11
  BRUISER    : 8
  SCREENER   : 5
  ELITE      : 4
  STRIKER    : 3
  TURRET     : 3
  SPOTTER    : 3
  DRONE      : 3
  STRIKE     : 2
  WARBRINGER : 2
  MORTAR     : 2
  LANCER     : 1
  MEDIC      : 1

SOLDIER DOWNS (FUL-7 bleed-out): 184 downs -> revived 9 / recovered 19 / bled out 145 / finished 11  (save-rate   15%)
  corpsman fielded in 22 missions

ENEMY COMPOSITION (spawns; faction-stamped fights n=407 / default-cascade fights n=144):
  class        faction         default
  SCOUT           26    6%       62   43%
  BERSERKER       53   13%        4    3%
  GRUNT           35    9%       21   15%
  HUNTER          33    8%        6    4%
  SNIPER          26    6%       11    8%
  ELITE           29    7%        1    1%
  BRUISER         29    7%        0    0%
  DRONE           21    5%        7    5%
  SCREENER        24    6%        1    1%
  MORTAR          21    5%        3    2%
  SPOTTER         23    6%        0    0%
  STRIKER         13    3%        5    3%
  HOUND           10    2%        5    3%
  LANCER           9    2%        5    3%
  CUSTODIAN        9    2%        3    2%
  WARBRINGER      10    2%        1    1%
  MEDIC            6    1%        4    3%
  TURRET          10    2%        0    0%
  SAPPER           6    1%        3    2%
  SHIELD           7    2%        1    1%
  PIKEMAN          5    1%        1    1%
  BOMBARD          2    0%        0    0%

PERK PICK FREQUENCY:
  LCK           : 10
  BND           : 9
  CQB           : 9
  MOM           : 9
  RFX           : 8
  TNK           : 8
  PLT           : 7
  GRD           : 7
  FST           : 7
  EXC           : 7
  BRK           : 6
  MRK           : 5
  HRD           : 5
  SGE           : 5
  GUN           : 4
  SKR           : 4
  OUT           : 4
  CLH           : 3
  VNT           : 2

SHOP PURCHASE FREQUENCY:
  FIELD MEDKIT      : 31
  WPN: SCOPE        : 27
  WPN: HOLLOW POINT : 23
  WPN: STABILIZER   : 17
  WPN: BIPOD        : 14
  WPN: EXTENDED MAG : 14
  BALLISTIC PLATING : 14
  COUNTER-PREP      : 10
  ADV. TRAINING     : 9
  COMBAT STIMS      : 8
  ARMORY            : 8
  FRAG CACHE        : 6
  WPN: SUPPRESSOR   : 6

BOON PICK FREQUENCY (PROCS = effect fires at instrumented sites; '-' = not instrumented;
                      PYR counts the +2-turn-burn half only — the Burning-immunity half is uninstrumented):
  code                 picks   PROCS
  FVR               :     5       -
  PYR               :     5       1
  EXE               :     4       -
  FST               :     4      51
  FDR               :     3       0
  GRN               :     3       -
  MRK               :     3       -
  SCV               :     3       -
  ADR               :     2       -
  FRT               :     2       -
  RCL               :     2       0
  RPD               :     2       -
  SHK               :     2       1
  GHO               :     1       -
  TRR               :     1       2
  VNM               :     1       -

RUN WIN-RATE BY BOON (campaign runs holding it):
  FVR               :   20% ±18  (in 5 runs)
  PYR               :   40% ±22  (in 5 runs)
  EXE               :   50% ±25  (in 4 runs)
  FST               :   25% ±22  (in 4 runs)
  FDR               :   33% ±27  (in 3 runs)
  GRN               :    0% ±0  (in 3 runs)
  MRK               :   33% ±27  (in 3 runs)
  SCV               :    0% ±0  (in 3 runs)
  ADR               :    0% ±0  (in 2 runs)
  FRT               :    0% ±0  (in 2 runs)
  RCL               :    0% ±0  (in 2 runs)
  RPD               :    0% ±0  (in 2 runs)
  SHK               :   50% ±35  (in 2 runs)
  GHO               :    0% ±0  (in 1 runs)
  TRR               :    0% ±0  (in 1 runs)
  VNM               :    0% ±0  (in 1 runs)

RUN WIN-RATE BY SPEC (campaign runs fielding it):
  BRC               :   20% ±18  (in 5 runs)
  ANC               :   67% ±27  (in 3 runs)
  HHT               :    0% ±0  (in 2 runs)
  PTH               :    0% ±0  (in 2 runs)
  ADN               :    0% ±0  (in 1 runs)
  PHN               :    0% ±0  (in 1 runs)
  SNT               :  100% ±0  (in 1 runs)
  SRG               :    0% ±0  (in 1 runs)

RUN WIN-RATE BY PERK (campaign runs holding it):
  CQB               :   13% ±12  (in 8 runs)
  RFX               :   13% ±12  (in 8 runs)
  BND               :   14% ±13  (in 7 runs)
  LCK               :   14% ±13  (in 7 runs)
  MOM               :   29% ±17  (in 7 runs)
  FST               :   17% ±15  (in 6 runs)
  GRD               :   17% ±15  (in 6 runs)
  PLT               :   33% ±19  (in 6 runs)
  TNK               :   33% ±19  (in 6 runs)
  BRK               :   20% ±18  (in 5 runs)
  EXC               :   20% ±18  (in 5 runs)
  SGE               :    0% ±0  (in 5 runs)
  HRD               :    0% ±0  (in 4 runs)
  MRK               :   25% ±22  (in 4 runs)
  CLH               :    0% ±0  (in 3 runs)
  GUN               :   33% ±27  (in 3 runs)
  OUT               :    0% ±0  (in 3 runs)
  SKR               :    0% ±0  (in 3 runs)
  VNT               :   50% ±35  (in 2 runs)

RUN WIN-RATE BY PURCHASE (campaign runs buying it):
  FIELD MEDKIT      :   20% ±13  (in 10 runs)
  WPN: SCOPE        :   20% ±13  (in 10 runs)
  ARMORY            :   13% ±12  (in 8 runs)
  COUNTER-PREP      :   25% ±15  (in 8 runs)
  WPN: BIPOD        :   13% ±12  (in 8 runs)
  BALLISTIC PLATING :   29% ±17  (in 7 runs)
  WPN: EXTENDED MAG :    0% ±0  (in 7 runs)
  WPN: HOLLOW POINT :   29% ±17  (in 7 runs)
  WPN: STABILIZER   :   14% ±13  (in 7 runs)
  ADV. TRAINING     :   20% ±18  (in 5 runs)
  COMBAT STIMS      :   20% ±18  (in 5 runs)
  FRAG CACHE        :   20% ±18  (in 5 runs)
  WPN: SUPPRESSOR   :   20% ±18  (in 5 runs)

RUN WIN-RATE BY EVENT-CHOICE (campaign runs taking id:arm):
  bloodfeud:1       :    0% ±0  (in 2 runs)
  defector:0        :    0% ±0  (in 2 runs)
  distress:1        :    0% ±0  (in 2 runs)
  grave:1           :   50% ±35  (in 2 runs)
  warpension:1      :    0% ±0  (in 2 runs)
═══════════════════════════════════════════════════════════════════════

batch wall-time: 7.8s  (20 matches across 10 campaigns × 2 policy, frame-cap hits: 0)
aggregate JSON -> /home/user/wt/heat-pin/docs/measurements/l5/L5-h2-b60.json
INFO: TEXTURE: [ID 2] Unloaded texture data from VRAM (GPU)
INFO: SHADER: [ID 3] Default shader unloaded successfully
INFO: TEXTURE: [ID 1] Default texture unloaded successfully
INFO: Window closed successfully
