BALANCE: heat PINNED for this batch (field-event AddHeat is a no-op; SIGHTLINE_HEATPIN=0 restores the leak)
INFO: Initializing raylib 6.0
INFO: Platform backend: DESKTOP (GLFW)
INFO: Supported raylib modules:
INFO:     > rcore:..... loaded (mandatory)
INFO:     > rlgl:...... loaded (mandatory)
INFO:     > rshapes:... loaded (optional)
INFO:     > rtextures:. loaded (optional)
INFO:     > rtext:..... loaded (optional)
INFO:     > rmodels:... loaded (optional)
INFO:     > raudio:.... loaded (optional)
INFO: DISPLAY: Trying to enable MSAA x4
INFO: DISPLAY: Device initialized successfully 
INFO:     > Display size: 1280 x 800
INFO:     > Screen size:  1280 x 800
INFO:     > Render size:  1280 x 800
INFO:     > Viewport offsets: 0, 0
INFO: GLAD: OpenGL extensions loaded successfully
INFO: GL: Supported extensions count: 229
INFO: GL: OpenGL device information:
INFO:     > Vendor:   Mesa
INFO:     > Renderer: llvmpipe (LLVM 20.1.2, 256 bits)
INFO:     > Version:  4.5 (Core Profile) Mesa 25.2.8-0ubuntu0.24.04.2
INFO:     > GLSL:     4.50
INFO: GL: VAO extension detected, VAO functions loaded successfully
INFO: GL: NPOT textures extension detected, full NPOT textures supported
INFO: GL: DXT compressed textures supported
INFO: GL: ETC2/EAC compressed textures supported
INFO: PLATFORM: DESKTOP (GLFW - X11): Initialized successfully
INFO: TEXTURE: [ID 1] Texture loaded successfully (1x1 | R8G8B8A8 | 1 mipmaps)
INFO: TEXTURE: [ID 1] Default texture loaded successfully
INFO: SHADER: [ID 1] Vertex shader compiled successfully
INFO: SHADER: [ID 2] Fragment shader compiled successfully
INFO: SHADER: [ID 3] Program shader loaded successfully
INFO: SHADER: [ID 3] Default shader loaded successfully
INFO: RLGL: Render batch vertex buffers loaded successfully in RAM (CPU)
INFO: RLGL: Render batch vertex buffers loaded successfully in VRAM (GPU)
INFO: RLGL: Default OpenGL state initialized successfully
INFO: TEXTURE: [ID 2] Texture loaded successfully (128x128 | GRAY_ALPHA | 1 mipmaps)
INFO: FONT: Default font loaded successfully (224 glyphs)
INFO: SYSTEM: Working Directory: /home/user/wt/heat-pin
INFO: TIMER: Target time per frame: 0.000 milliseconds
FINALE-KIT: Wardens
WAVE: +2 (SCOUT,GRUNT) [rich]
WAVE: +2 (SCOUT,SCOUT) [rich]
WAVE: +2 (MEDIC,PIKEMAN) [rich]
WAVE: +3 (PIKEMAN,MORTAR,MORTAR) [rich]
WAVE: +3 (MEDIC,GRUNT,PIKEMAN) [rich]
WAVE: +3 (SNIPER,SNIPER,MEDIC) [rich]
FINALE-KIT: Wardens
WAVE: +2 (SCOUT,SNIPER) [rich]
WAVE: +2 (MEDIC,SCOUT) [rich]
FINALE-KIT: Wardens
WAVE: +3 (PIKEMAN,MEDIC,MORTAR) [rich]
WAVE: +3 (CUSTODIAN,SNIPER,SCREENER) [rich]
WAVE: +3 (SNIPER,SCREENER,SNIPER) [rich]
FINALE-KIT: Wardens
FINALE-KIT: Legion
WAVE: +2 (HOUND,BRUISER) [rich]
WAVE: +2 (BRUISER,HUNTER) [rich]
WAVE: +2 (HUNTER,HOUND) [rich]
WAVE: +2 (SAPPER,CUSTODIAN) [rich]
WAVE: +2 (SAPPER,CUSTODIAN) [rich]
WAVE: +2 (DRONE,SCREENER) [rich]
WAVE: +2 (GRUNT,DRONE) [rich]
WAVE: +2 (GRUNT,SHIELD) [rich]
match 5/20  (W:2 L:3 cap:0)  4.0s
FINALE-KIT: Legion
WAVE: +2 (BERSERKER,BERSERKER) [rich]
WAVE: +2 (BERSERKER,HUNTER) [rich]
WAVE: +2 (HOUND,SCOUT) [rich]
FINALE-KIT: Wardens
WAVE: +3 (BERSERKER,BERSERKER,HUNTER) [rich]
WAVE: +3 (GRUNT,WARBRINGER,GRUNT) [rich]
WAVE: +2 (LANCER,BERSERKER) [rich]
WAVE: +3 (STRIKER,BRUISER,BRUISER) [rich]
WAVE: +2 (STRIKER,BERSERKER) [rich]
FINALE-KIT: Wardens
WAVE: +3 (HUNTER,BRUISER,BERSERKER) [rich]
WAVE: +3 (STRIKER,GRUNT,HOUND) [rich]
WAVE: +2 (GRUNT,GRUNT) [rich]
WAVE: +3 (BERSERKER,BRUISER,BERSERKER) [rich]
WAVE: +3 (STRIKER,BERSERKER,BERSERKER) [rich]
WAVE: +3 (HUNTER,LANCER,LANCER) [rich]
FINALE-KIT: Syndicate
WAVE: +2 (SCOUT,BRUISER) [rich]
WAVE: +2 (HUNTER,HUNTER) [rich]
WAVE: +2 (GRUNT,HOUND) [rich]
FINALE-KIT: Syndicate
WAVE: +2 (STRIKER,HUNTER) [rich]
WAVE: +2 (BERSERKER,HOUND) [rich]
WAVE: +2 (STRIKER,SCOUT) [rich]
REINFORCEMENTS: +2 (GRUNT,SCOUT)
REINFORCEMENTS: +2 (SCOUT,SCOUT)
REINFORCEMENTS: +2 (SCOUT,SCOUT)
match 10/20  (W:2 L:8 cap:0)  5.9s
FINALE-KIT: Wardens
WAVE: +3 (LANCER,HUNTER,DRONE) [rich]
WAVE: +3 (HUNTER,SNIPER,SPOTTER) [rich]
WAVE: +3 (SNIPER,SHIELD,LANCER) [rich]
FINALE-KIT: Wardens
WAVE: +3 (MEDIC,STRIKER,CUSTODIAN) [rich]
WAVE: +3 (GRUNT,HOUND,MEDIC) [rich]
WAVE: +3 (MORTAR,HUNTER,LANCER) [rich]
FINALE-KIT: Syndicate
WAVE: +2 (SNIPER,SCOUT) [rich]
WAVE: +2 (DRONE,STRIKER) [rich]
WAVE: +2 (SNIPER,BRUISER) [rich]
WAVE: +2 (SHIELD,BRUISER) [rich]
WAVE: +2 (MORTAR,SCREENER) [rich]
WAVE: +2 (STRIKER,SPOTTER) [rich]
FINALE-KIT: Syndicate
WAVE: +2 (HOUND,HUNTER) [rich]
WAVE: +2 (SCOUT,LANCER) [rich]
WAVE: +2 (BRUISER,STRIKER) [rich]
FINALE-KIT: Legion
match 15/20  (W:5 L:10 cap:0)  7.3s
FINALE-KIT: Legion
WAVE: +3 (LANCER,BERSERKER,DRONE) [rich]
WAVE: +3 (STRIKER,BERSERKER,MEDIC) [rich]
WAVE: +3 (SAPPER,SHIELD,DRONE) [rich]
REINFORCEMENTS: +2 (GRUNT,SCOUT)
FINALE-KIT: Syndicate
REINFORCEMENTS: +2 (SCOUT,SCOUT)
REINFORCEMENTS: +2 (SCOUT,SCOUT)
REINFORCEMENTS: +3 (GRUNT,SCOUT,GRUNT)
FINALE-KIT: Syndicate
REINFORCEMENTS: +2 (SCOUT,SCOUT)
WAVE: +3 (BRUISER,STRIKER,HUNTER) [rich]
WAVE: +3 (HUNTER,GRUNT,STRIKER) [rich]
WAVE: +3 (STRIKER,BRUISER,BRUISER) [rich]
FINALE-KIT: Legion
REINFORCEMENTS: +2 (SCOUT,SCOUT)
WAVE: +3 (SAPPER,HUNTER,SHIELD) [rich]
WAVE: +3 (HOUND,BRUISER,WARBRINGER) [rich]
WAVE: +3 (LANCER,HOUND,BERSERKER) [rich]
FINALE-KIT: Legion
WAVE: +3 (DRONE,SNIPER,SHIELD) [rich]
WAVE: +3 (DRONE,HOUND,SPOTTER) [rich]
WAVE: +3 (STRIKER,LANCER,SCREENER) [rich]
REINFORCEMENTS: +2 (SCOUT,GRUNT)
match 20/20  (W:8 L:12 cap:0)  9.4s

══════════════════════ SIGHTLINE BALANCE REPORT ══════════════════════
runs=20  missions=74

RUN OUTCOMES (campaign):  win-rate   40%   avg missions cleared 3.8

POLICY GAP (optimal vs human-error; campaign runs only):
  greedy win-rate   50%  (n=10)
  sloppy win-rate   30%  (n=10)
  GAP   20 pts  (swingy/unforgiving)
  PAIRED (same-seed slots): pairs=10  concordant=6  discordant greedy-only-won=3 / sloppy-only-won=1  paired gap   20 pts
  PER-SLOT RECORDS (greedy | sloppy: outcome + missions cleared; margin = g−s):
    slot 150 @h4: W 6 | L 1   margin +5
    slot 151 @h4: W 6 | L 0   margin +6
    slot 152 @h4: L 2 | L 1   margin +1
    slot 153 @h4: L 4 | L 4   margin +0
    slot 154 @h4: L 1 | L 5   margin -4
    slot 155 @h4: W 6 | W 6   margin +0
    slot 156 @h4: W 6 | L 1   margin +5
    slot 157 @h4: L 1 | L 5   margin -4
    slot 158 @h4: L 2 | W 6   margin -4
    slot 159 @h4: W 6 | W 6   margin +0
  PAIRED MARGIN (missions cleared, all pairs): +0.50 ±1.21 SE  (n=10 pairs)
  by objective (greedy / sloppy / gap):
    Decapitate :   71% /   71% / gap    0
    Defend     :   73% /   56% / gap   17
    Eliminate  :  100% /   91% / gap    9
    Escort     :  100% /  100% / gap    0
    Evac       :  100% /  100% / gap    0
    Hack       :  100% /  100% / gap    0
    Rescue     :  100% /  100% / gap    0
    Sabotage   :  100% /  100% / gap    0

DECISION RICHNESS / SWING:
  meaningful-choices/turn 2.87   lead-swings/match 0.7   avg max-swing 46.7
  [shot-gate] acting-soldiers/turn 3.15   armed-soldiers/turn 1.35   armed-fraction 43%   turns-with-a-shot 59%   choices/ARMED-soldier-turn 2.13
  [choice-split] los-targets/ARMED 2.66   target-choices/ARMED 0.47   position-choices/ARMED 1.66

RUN COMPLETION BY HEAT (full-campaign clears):
  heat 4:   40% ±11  (n=20 runs, avg 3.8 missions)
  HEAT LEAK: pinned=yes  heat-raising picks=0  campaigns raised=0  missions off-rung=0/74

INTEL ECONOMY BY HEAT (campaign runs; heat-bonus = the Heat.IntelBonus share of income):
  heat 4: earned  175.3/run   heat-bonus  54.0 (  31% of income)   spent  156.2   unspent   19.1

MISSION WIN-RATE BY HEAT:
  heat 4:   84%  (n=74, avg 6.1 turns)

MISSION WIN-RATE BY OBJECTIVE:
  Eliminate  :   95% ±5  (n=21, avg 5.4 turns)
  Defend     :   65% ±11  (n=20, avg 8.7 turns)
  Decapitate :   71% ±12  (n=14, avg 4.6 turns)
  Rescue     :  100% ±0  (n=7, avg 5.3 turns)
  Escort     :  100% ±0  (n=4, avg 7.3 turns)
  Sabotage   :  100% ±0  (n=3, avg 2.7 turns)
  Hack       :  100% ±0  (n=3, avg 4.7 turns)
  Evac       :  100% ±0  (n=2, avg 4.0 turns)

MISSION WIN-RATE BY OBJECTIVE x NODE KIND (a capstone must never pool with a mid-run node):
  Eliminate  : Start:  95%(n=20)  Combat: 100%(n=1)
               depth: m1:95%(20) m5:100%(1)
  Defend     : Combat:  50%(n=10)  Supply:  88%(n=8)  Elite:  50%(n=2)
               depth: m2:50%(8) m3:50%(2) m4:100%(4) m5:67%(6)
  Decapitate : Boss:  80%(n=10)  Supply:  50%(n=2)  Elite:  50%(n=2)
               depth: m2:50%(2) m3:50%(2) m6:80%(10)
  Rescue     : Combat: 100%(n=5)  Supply: 100%(n=2)
               depth: m2:100%(4) m4:100%(3)
  Escort     : Combat: 100%(n=3)  Supply: 100%(n=1)
               depth: m3:100%(1) m4:100%(1) m5:100%(2)
  Sabotage   : Combat: 100%(n=2)  Elite: 100%(n=1)
               depth: m3:100%(2) m4:100%(1)
  Hack       : Elite: 100%(n=2)  Combat: 100%(n=1)
               depth: m3:100%(2) m4:100%(1)
  Evac       : Combat: 100%(n=2)
               depth: m2:100%(2)

ENCOUNTER COMPLETION on MID-RUN nodes (Combat+Elite) — clear% is the share of the fight actually fought:
  objective     n   win%   turns   force    +rf  killed  clear%   prs  WONclear%
  Defend        12   50%     8.5    5.50   6.58    5.50    45.5  0.00     62.8 (n=6)
  Rescue         5  100%     3.2    7.80   0.00    0.00     0.0  0.00      0.0 (n=5)
  Escort         3  100%     8.0    9.00   0.00    2.00    22.2  0.00     22.2 (n=3)
  Sabotage       3  100%     2.7    7.00   0.00    1.67    23.8  0.00     23.8 (n=3)
  Hack           3  100%     4.7    9.67   0.00    3.00    31.0  0.33     31.0 (n=3)
  Decapitate     2   50%     7.0   10.00   3.50    4.00    29.6  2.00     30.0 (n=1)
  Evac           2  100%     4.0    6.00   0.00    0.00     0.0  0.00      0.0 (n=2)
  Eliminate      1  100%     9.0   10.00   0.00   10.00   100.0  2.00    100.0 (n=1)
  ---- the two classes ----
  KILL           3   67%     7.7   10.00   2.33    6.00    48.6  2.00     65.0 (n=2)
  NON-KILL      28   79%     6.1    6.93   2.82    3.07    31.5  0.04     33.5 (n=22)

DECAPITATE HVT (buff = +6+1*mission HP, +6 aim; ELITE exempt):
  EXEMPT  :   75% ±13  (n=12, avg 4.8 turns, HVT 22.5 max HP)  [m3:50%(2) m6:80%(10)]
  BUFFED  :   50% ±35  (n=2, avg 4.0 turns, HVT 18.5 max HP)  [m2:50%(2)]

MISSION WIN-RATE BY MISSION #:
  m1:   95% ±5  (n=20)
  m2:   69% ±12  (n=16)
  m3:   78% ±14  (n=9)
  m4:  100% ±0  (n=10)
  m5:   78% ±14  (n=9)
  m6:   80% ±13  (n=10)

LOSS CAUSES (missions):
  RUN OVER              : 12

MISSION WIN-RATE BY ARENA (authored layouts, n>=3; procedural fallback   32% of 74 missions):
  arena  4:   67% ±27  (n=3, avg 7.3 turns)  [m2:50%(2) m5:100%(1)]
  arena  8:  100% ±0  (n=4, avg 2.3 turns)  [m1:100%(2) m4:100%(2)]
  arena 23:   75% ±22  (n=4, avg 6.0 turns)  [m1:50%(2) m6:100%(2)]
  arena 26:  100% ±0  (n=3, avg 2.0 turns)  [m6:100%(3)]
  arena 30:   67% ±19  (n=6, avg 6.2 turns)  [m1:100%(2) m2:50%(2) m3:0%(1) m6:100%(1)]
  arena 32:   33% ±27  (n=3, avg 7.7 turns)  [m2:50%(2) m6:0%(1)]
  arena 33:   50% ±25  (n=4, avg 6.0 turns)  [m2:0%(1) m3:0%(1) m4:100%(1) m6:100%(1)]
  procedural:   96% ±4  (n=24, avg 7.5 turns)  [m1:100%(8) m2:100%(3) m3:100%(3) m4:100%(6) m5:75%(4)]

DEPLOYMENT GEOMETRY (opening shape; choices/ARMED is the wave's real gate):
  FRONTAL   :   75% ±10  (n=20, avg 6.9 turns)  choices/turn 2.43  choices/ARMED 2.12  los-targets/ARMED 2.37
  PINCER    :   87%  (n=31, avg 5.9 turns)  choices/turn 3.33  choices/ARMED 2.23  los-targets/ARMED 3.11
  CROSSFIRE :   75% ±15  (n=8, avg 4.6 turns)  choices/turn 3.38  choices/ARMED 2.05  los-targets/ARMED 2.70
  ENVELOP   :   93% ±6  (n=15, avg 6.0 turns)  choices/turn 2.41  choices/ARMED 1.93  los-targets/ARMED 1.99

ARENA FUNNEL (Mission.Build exits, n=84 builds, all modes):
  authored-applied    :  66.7%  (n=56)
  connectivity-reject :   0.0%  (n=0)
  procedural-roll     :  33.3%  (n=28)

DECK EXPOSURE (campaign runs n=20):
  distinct authored arenas/run : 2.50 mean (all runs)
  ... full-depth runs only     : 3.38 mean over 5.1 fights/run (n=8)
  Defend dealt on the route    :   85% of runs (n=17)

ENEMY DECISION MIX (contested acts=1227; all-downed acts not counted=414):
  shoot           659    54%
  hunker          310    25%
  move            125    10%
  heal             40     3%
  grenade          31     3%
  reload           18     1%
  siege            14     1%
  brace             9     1%
  item              8     1%
  staleplan         6     0%
  overwatch         3     0%
  sap               2     0%
  shove             2     0%

  the shot on the table (acts where the chosen tile HAD a shot = 732):
    hit% band     taken   share   E[dmg]/shot   declined   share   E[dmg]/shot
      0-19           0      0%          0.00          0      0%          0.00
     20-39          12      2%          1.21          0      0%          0.00
     40-59          76     12%          1.56          1    100%          1.16
     60-79         214     32%          2.38          0      0%          0.00
      80+          357     54%          3.23          0      0%          0.00
    TOTAL           659                              1
  taken   90% / DECLINED    0% / preempted by another verb   10%
  enemy lanes held (overwatch+brace) 12; reaction shots fired 0  ->    0% of lanes paid off   [C2: DeclineWatchRatio is a bet on this number]

ACTION MIX (verbs issued, by policy):
  verb                  greedy        sloppy
  MOVE               442   38%     753   48%
  SHOOT              316   27%     393   25%
  HUNKER              68    6%      68    4%
  BRACE               73    6%      58    4%
  RELOAD              44    4%      63    4%
  INTEL               36    3%      36    2%
  STABILIZE           29    3%      26    2%
  SLIPSTREAM          23    2%      30    2%
  OVERWATCH           17    1%      29    2%
  MARK                23    2%      21    1%
  PIN                 18    2%      20    1%
  FOCUS               12    1%      22    1%
  ITEM:SMOKE          12    1%      17    1%
  REARM                7    1%       7    0%
  PATCH                5    0%       9    1%
  GRENADE              6    1%       5    0%
  PLANT                3    0%       6    0%
  BEACON               4    0%       4    0%
  EXTRACT              4    0%       4    0%
  HACK                 6    1%       2    0%
  BARREL               1    0%       3    0%
  GRAPPLE              1    0%       2    0%
  ITEM:INCENDIARY       0    0%       1    0%
  ITEM:FLASH           0    0%       1    0%
  DRAG                 0    0%       1    0%

PLAYER CLASS PERFORMANCE:
  class        shots   hit%   dmg   kills
  SHARPSHOOTER    169    91%   1137     71
  ASSAULT        196    93%   1015     60
  GUNNER         204    87%    920     55
  RANGER         122    90%    733     48
  CORPSMAN        45    82%    134      7

SOLDIER DEATHS BY ENEMY CLASS (threat ranking):
  GRUNT      : 12
  BURN       : 11
  BERSERKER  : 10
  LANCER     : 10
  SNIPER     : 9
  BRUISER    : 9
  SCOUT      : 5
  DRONE      : 5
  HUNTER     : 4
  STRIKE     : 4
  ELITE      : 3
  CUSTODIAN  : 2
  STRIKER    : 2
  HOUND      : 2
  SHIELD     : 2
  MORTAR     : 2
  PIKEMAN    : 1
  SPOTTER    : 1
  SCREENER   : 1

SOLDIER DOWNS (FUL-7 bleed-out): 186 downs -> revived 5 / recovered 44 / bled out 118 / finished 19  (save-rate   26%)
  corpsman fielded in 25 missions

ENEMY COMPOSITION (spawns; faction-stamped fights n=524 / default-cascade fights n=216):
  class        faction         default
  SCOUT           36    7%       53   25%
  GRUNT           39    7%       35   16%
  BERSERKER       43    8%        8    4%
  HUNTER          33    6%       12    6%
  MORTAR          39    7%        4    2%
  BRUISER         31    6%        9    4%
  STRIKER         30    6%       10    5%
  MEDIC           30    6%        8    4%
  LANCER          27    5%       11    5%
  DRONE           29    6%        9    4%
  ELITE           32    6%        5    2%
  SNIPER          21    4%       12    6%
  HOUND           18    3%       14    6%
  SHIELD          18    3%        7    3%
  SPOTTER         18    3%        5    2%
  SCREENER        12    2%        7    3%
  TURRET          16    3%        3    1%
  PIKEMAN         17    3%        0    0%
  SAPPER          12    2%        2    1%
  CUSTODIAN       12    2%        1    0%
  WARBRINGER       9    2%        1    0%
  BOMBARD          2    0%        0    0%

PERK PICK FREQUENCY:
  LCK           : 18
  OUT           : 17
  TNK           : 11
  FST           : 10
  HRD           : 9
  EXC           : 9
  MOM           : 9
  CQB           : 8
  GUN           : 7
  RFX           : 6
  VNT           : 6
  BND           : 6
  PLT           : 5
  SKR           : 5
  MRK           : 5
  CLH           : 4
  GRD           : 3
  BRK           : 3
  SGE           : 3

SHOP PURCHASE FREQUENCY:
  WPN: HOLLOW POINT : 58
  FIELD MEDKIT      : 49
  WPN: SCOPE        : 37
  WPN: STABILIZER   : 29
  COMBAT STIMS      : 25
  BALLISTIC PLATING : 21
  FRAG CACHE        : 18
  ARMORY            : 14
  WPN: EXTENDED MAG : 11
  WPN: SUPPRESSOR   : 11
  COUNTER-PREP      : 9
  WPN: BIPOD        : 8
  ADV. TRAINING     : 7

BOON PICK FREQUENCY (PROCS = effect fires at instrumented sites; '-' = not instrumented;
                      PYR counts the +2-turn-burn half only — the Burning-immunity half is uninstrumented):
  code                 picks   PROCS
  SHK               :     8      19
  FRT               :     5       -
  FST               :     5      73
  GHO               :     5       -
  GRN               :     4       -
  TRR               :     4      24
  EXE               :     3       -
  FVR               :     3       -
  SCV               :     3       -
  VNM               :     3       -
  ADR               :     2       -
  FDR               :     2       0
  PYR               :     2       0
  RCL               :     2       0
  RPD               :     2       -
  MRK               :     1       -

RUN WIN-RATE BY BOON (campaign runs holding it):
  SHK               :   75% ±15  (in 8 runs)
  FRT               :   80% ±18  (in 5 runs)
  FST               :   60% ±22  (in 5 runs)
  GHO               :   40% ±22  (in 5 runs)
  GRN               :   25% ±22  (in 4 runs)
  TRR               :   50% ±25  (in 4 runs)
  EXE               :   67% ±27  (in 3 runs)
  FVR               :  100% ±0  (in 3 runs)
  SCV               :   67% ±27  (in 3 runs)
  VNM               :   33% ±27  (in 3 runs)
  ADR               :   50% ±35  (in 2 runs)
  FDR               :    0% ±0  (in 2 runs)
  PYR               :  100% ±0  (in 2 runs)
  RCL               :  100% ±0  (in 2 runs)
  RPD               :   50% ±35  (in 2 runs)
  MRK               :  100% ±0  (in 1 runs)

RUN WIN-RATE BY SPEC (campaign runs fielding it):
  HHT               :   83% ±15  (in 6 runs)
  JUG               :   50% ±25  (in 4 runs)
  ANC               :   33% ±27  (in 3 runs)
  BRC               :   67% ±27  (in 3 runs)
  SNT               :   33% ±27  (in 3 runs)
  ADN               :  100% ±0  (in 2 runs)
  PTH               :  100% ±0  (in 1 runs)
  SRG               :  100% ±0  (in 1 runs)

RUN WIN-RATE BY PERK (campaign runs holding it):
  OUT               :   42% ±14  (in 12 runs)
  LCK               :   70% ±14  (in 10 runs)
  CQB               :   50% ±18  (in 8 runs)
  FST               :   63% ±17  (in 8 runs)
  TNK               :   63% ±17  (in 8 runs)
  EXC               :   43% ±19  (in 7 runs)
  HRD               :   57% ±19  (in 7 runs)
  MOM               :   67% ±19  (in 6 runs)
  BND               :   80% ±18  (in 5 runs)
  GUN               :   80% ±18  (in 5 runs)
  RFX               :   60% ±22  (in 5 runs)
  SKR               :   40% ±22  (in 5 runs)
  VNT               :   80% ±18  (in 5 runs)
  CLH               :   50% ±25  (in 4 runs)
  MRK               :   50% ±25  (in 4 runs)
  PLT               :   25% ±22  (in 4 runs)
  BRK               :   33% ±27  (in 3 runs)
  GRD               :   67% ±27  (in 3 runs)
  SGE               :   33% ±27  (in 3 runs)

RUN WIN-RATE BY PURCHASE (campaign runs buying it):
  FIELD MEDKIT      :   47% ±12  (in 17 runs)
  WPN: HOLLOW POINT :   50% ±13  (in 14 runs)
  WPN: STABILIZER   :   58% ±14  (in 12 runs)
  WPN: SCOPE        :   70% ±14  (in 10 runs)
  ARMORY            :   67% ±16  (in 9 runs)
  BALLISTIC PLATING :   67% ±16  (in 9 runs)
  COMBAT STIMS      :   63% ±17  (in 8 runs)
  FRAG CACHE        :   75% ±15  (in 8 runs)
  WPN: SUPPRESSOR   :   63% ±17  (in 8 runs)
  ADV. TRAINING     :   86% ±13  (in 7 runs)
  WPN: EXTENDED MAG :   29% ±17  (in 7 runs)
  COUNTER-PREP      :   67% ±19  (in 6 runs)
  WPN: BIPOD        :   40% ±22  (in 5 runs)

RUN WIN-RATE BY EVENT-CHOICE (campaign runs taking id:arm):
  cache:1           :  100% ±0  (in 2 runs)
  defector:1        :    0% ±0  (in 2 runs)
  grave:1           :   50% ±35  (in 2 runs)
  warpension:2      :    0% ±0  (in 2 runs)
  bloodfeud:2       :  100% ±0  (in 1 runs)
  depot:0           :  100% ±0  (in 1 runs)
  profiteer:0       :  100% ±0  (in 1 runs)
  reservecall:0     :    0% ±0  (in 1 runs)
  warchest:1        :  100% ±0  (in 1 runs)
═══════════════════════════════════════════════════════════════════════

batch wall-time: 9.4s  (20 matches across 10 campaigns × 2 policy, frame-cap hits: 0)
aggregate JSON -> /home/user/wt/heat-pin/docs/measurements/l5/L5-h4-b150.json
INFO: TEXTURE: [ID 2] Unloaded texture data from VRAM (GPU)
INFO: SHADER: [ID 3] Default shader unloaded successfully
INFO: TEXTURE: [ID 1] Default texture unloaded successfully
INFO: Window closed successfully
