BALANCE: heat PINNED for this batch (field-event AddHeat is a no-op; SIGHTLINE_HEATPIN=0 restores the leak)
INFO: Initializing raylib 6.0
INFO: Platform backend: DESKTOP (GLFW)
INFO: Supported raylib modules:
INFO:     > rcore:..... loaded (mandatory)
INFO:     > rlgl:...... loaded (mandatory)
INFO:     > rshapes:... loaded (optional)
INFO:     > rtextures:. loaded (optional)
INFO:     > rtext:..... loaded (optional)
INFO:     > rmodels:... loaded (optional)
INFO:     > raudio:.... loaded (optional)
INFO: DISPLAY: Trying to enable MSAA x4
INFO: DISPLAY: Device initialized successfully 
INFO:     > Display size: 1280 x 800
INFO:     > Screen size:  1280 x 800
INFO:     > Render size:  1280 x 800
INFO:     > Viewport offsets: 0, 0
INFO: GLAD: OpenGL extensions loaded successfully
INFO: GL: Supported extensions count: 229
INFO: GL: OpenGL device information:
INFO:     > Vendor:   Mesa
INFO:     > Renderer: llvmpipe (LLVM 20.1.2, 256 bits)
INFO:     > Version:  4.5 (Core Profile) Mesa 25.2.8-0ubuntu0.24.04.2
INFO:     > GLSL:     4.50
INFO: GL: VAO extension detected, VAO functions loaded successfully
INFO: GL: NPOT textures extension detected, full NPOT textures supported
INFO: GL: DXT compressed textures supported
INFO: GL: ETC2/EAC compressed textures supported
INFO: PLATFORM: DESKTOP (GLFW - X11): Initialized successfully
INFO: TEXTURE: [ID 1] Texture loaded successfully (1x1 | R8G8B8A8 | 1 mipmaps)
INFO: TEXTURE: [ID 1] Default texture loaded successfully
INFO: SHADER: [ID 1] Vertex shader compiled successfully
INFO: SHADER: [ID 2] Fragment shader compiled successfully
INFO: SHADER: [ID 3] Program shader loaded successfully
INFO: SHADER: [ID 3] Default shader loaded successfully
INFO: RLGL: Render batch vertex buffers loaded successfully in RAM (CPU)
INFO: RLGL: Render batch vertex buffers loaded successfully in VRAM (GPU)
INFO: RLGL: Default OpenGL state initialized successfully
INFO: TEXTURE: [ID 2] Texture loaded successfully (128x128 | GRAY_ALPHA | 1 mipmaps)
INFO: FONT: Default font loaded successfully (224 glyphs)
INFO: SYSTEM: Working Directory: /home/user/wt/heat-pin
INFO: TIMER: Target time per frame: 0.000 milliseconds
FINALE-KIT: Legion
WAVE: +3 (BERSERKER,BRUISER,HUNTER) [rich]
WAVE: +3 (WARBRINGER,BRUISER,HOUND) [rich]
WAVE: +3 (STRIKER,HOUND,STRIKER) [rich]
WAVE: +3 (BERSERKER,LANCER,HOUND) [rich]
FINALE-KIT: Legion
WAVE: +3 (HUNTER,BRUISER,BRUISER) [rich]
WAVE: +2 (SCOUT,WARBRINGER) [rich]
WAVE: +3 (BERSERKER,HUNTER,WARBRINGER) [rich]
WAVE: +1 (BERSERKER) [rich]
FINALE-KIT: Syndicate
FINALE-KIT: Syndicate
FINALE-KIT: Syndicate
match 5/20  (W:0 L:5 cap:0)  2.7s
FINALE-KIT: Syndicate
FINALE-KIT: Wardens
WAVE: +2 (LANCER,SCREENER) [rich]
WAVE: +2 (SAPPER,STRIKER) [rich]
WAVE: +2 (HUNTER,SAPPER) [rich]
WAVE: +2 (BRUISER,SNIPER) [rich]
WAVE: +2 (SAPPER,HOUND) [rich]
FINALE-KIT: Wardens
WAVE: +2 (DRONE,CUSTODIAN) [rich]
WAVE: +2 (PIKEMAN,GRUNT) [rich]
WAVE: +2 (BRUISER,WARBRINGER) [rich]
WAVE: +2 (PIKEMAN,SHIELD) [rich]
WAVE: +2 (SHIELD,MORTAR) [rich]
WAVE: +3 (SPOTTER,SHIELD,SHIELD) [rich]
WAVE: +3 (SHIELD,SHIELD,SCREENER) [rich]
WAVE: +2 (SCREENER,SAPPER) [rich]
REINFORCEMENTS: +2 (GRUNT,GRUNT)
FINALE-KIT: Syndicate
FINALE-KIT: Syndicate
match 10/20  (W:0 L:10 cap:0)  5.4s
FINALE-KIT: Syndicate
FINALE-KIT: Syndicate
FINALE-KIT: Wardens
WAVE: +2 (SCOUT,BRUISER) [rich]
WAVE: +2 (STRIKER,BRUISER) [rich]
WAVE: +2 (STRIKER,BRUISER) [rich]
REINFORCEMENTS: +2 (GRUNT,SCOUT)
FINALE-KIT: Wardens
WAVE: +2 (BERSERKER,HUNTER) [rich]
WAVE: +2 (BRUISER,LANCER) [rich]
WAVE: +2 (BRUISER,HUNTER) [rich]
FINALE-KIT: Legion
WAVE: +3 (HUNTER,SPOTTER,STRIKER) [rich]
WAVE: +3 (BERSERKER,GRUNT,HOUND) [rich]
WAVE: +3 (MEDIC,BRUISER,PIKEMAN) [rich]
match 15/20  (W:0 L:15 cap:0)  7.2s
FINALE-KIT: Legion
WAVE: +3 (BERSERKER,SHIELD,LANCER) [rich]
WAVE: +3 (SNIPER,HUNTER,LANCER) [rich]
WAVE: +3 (SAPPER,MORTAR,SNIPER) [rich]
FINALE-KIT: Wardens
FINALE-KIT: Wardens
FINALE-KIT: Wardens
FINALE-KIT: Wardens
match 20/20  (W:1 L:19 cap:0)  9.2s

══════════════════════ SIGHTLINE BALANCE REPORT ══════════════════════
runs=20  missions=60

RUN OUTCOMES (campaign):  win-rate    5%   avg missions cleared 3.1

POLICY GAP (optimal vs human-error; campaign runs only):
  greedy win-rate    0%  (n=10)
  sloppy win-rate   10%  (n=10)
  GAP  -10 pts  (healthy slack)
  PAIRED (same-seed slots): pairs=10  concordant=9  discordant greedy-only-won=0 / sloppy-only-won=1  paired gap  -10 pts
  PER-SLOT RECORDS (greedy | sloppy: outcome + missions cleared; margin = g−s):
    slot 100 @h4: L 4 | L 4   margin +0
    slot 101 @h4: L 0 | L 0   margin +0
    slot 102 @h4: L 4 | L 0   margin +4
    slot 103 @h4: L 2 | L 5   margin -3
    slot 104 @h4: L 3 | L 3   margin +0
    slot 105 @h4: L 4 | L 0   margin +4
    slot 106 @h4: L 5 | L 1   margin +4
    slot 107 @h4: L 5 | W 6   margin -1
    slot 108 @h4: L 3 | L 3   margin +0
    slot 109 @h4: L 5 | L 5   margin +0
  PAIRED MARGIN (missions cleared, all pairs): +0.80 ±0.76 SE  (n=10 pairs)
  by objective (greedy / sloppy / gap):
    Decapitate :    0% /   33% / gap  -33
    Defend     :   50% /   60% / gap  -10
    Eliminate  :   73% /   62% / gap   12
    Escort     :  100% /  100% / gap    0
    Rescue     :  100% /  100% / gap    0
    Sabotage   :   50% /  100% / gap  -50

DECISION RICHNESS / SWING:
  meaningful-choices/turn 4.12   lead-swings/match 0.6   avg max-swing 45.1
  [shot-gate] acting-soldiers/turn 3.10   armed-soldiers/turn 1.51   armed-fraction 49%   turns-with-a-shot 62%   choices/ARMED-soldier-turn 2.72
  [choice-split] los-targets/ARMED 2.75   target-choices/ARMED 0.46   position-choices/ARMED 2.27

RUN COMPLETION BY HEAT (full-campaign clears):
  heat 4:    5% ±5  (n=20 runs, avg 3.1 missions)
  HEAT LEAK: pinned=yes  heat-raising picks=0  campaigns raised=0  missions off-rung=0/60

INTEL ECONOMY BY HEAT (campaign runs; heat-bonus = the Heat.IntelBonus share of income):
  heat 4: earned  136.9/run   heat-bonus  40.0 (  29% of income)   spent  119.1   unspent   17.8

MISSION WIN-RATE BY HEAT:
  heat 4:   68%  (n=60, avg 5.0 turns)

MISSION WIN-RATE BY OBJECTIVE:
  Eliminate  :   68% ±9  (n=28, avg 4.5 turns)
  Rescue     :  100% ±0  (n=10, avg 3.6 turns)
  Defend     :   56% ±17  (n=9, avg 8.1 turns)
  Decapitate :   17% ±15  (n=6, avg 5.8 turns)
  Sabotage   :   67% ±27  (n=3, avg 4.0 turns)
  Escort     :  100% ±0  (n=3, avg 4.0 turns)
  Hack       :  100% ±0  (n=1, avg 4.0 turns)

MISSION WIN-RATE BY OBJECTIVE x NODE KIND (a capstone must never pool with a mid-run node):
  Eliminate  : Start:  80%(n=20)  Combat:  75%(n=4)  Elite:   0%(n=4)
               depth: m1:80%(20) m3:100%(2) m4:20%(5) m5:0%(1)
  Rescue     : Supply: 100%(n=7)  Combat: 100%(n=3)
               depth: m2:100%(1) m3:100%(4) m4:100%(3) m5:100%(2)
  Defend     : Supply:  75%(n=4)  Elite:  67%(n=3)  Combat:   0%(n=2)
               depth: m2:50%(2) m3:50%(2) m4:100%(3) m5:0%(2)
  Decapitate : Boss:  17%(n=6)
               depth: m6:17%(6)
  Sabotage   : Supply: 100%(n=2)  Combat:   0%(n=1)
               depth: m2:100%(2) m5:0%(1)
  Escort     : Supply: 100%(n=3)
               depth: m2:100%(3)
  Hack       : Supply: 100%(n=1)
               depth: m4:100%(1)

ENCOUNTER COMPLETION on MID-RUN nodes (Combat+Elite) — clear% is the share of the fight actually fought:
  objective     n   win%   turns   force    +rf  killed  clear%   prs  WONclear%
  Eliminate      8   38%     6.3    9.88   0.00    4.13    41.8  1.00    100.0 (n=3)
  Defend         5   40%     7.6    7.00   5.40    3.60    29.0  0.00     42.9 (n=2)
  Rescue         3  100%     5.0    9.67   0.00    0.00     0.0  0.00      0.0 (n=3)
  Sabotage       1    0%     7.0    8.00   0.00    2.00    25.0  0.00      0.0 (n=0)
  ---- the two classes ----
  KILL           8   38%     6.3    9.88   0.00    4.13    41.8  1.00    100.0 (n=3)
  NON-KILL       9   56%     6.7    8.00   3.00    2.22    20.2  0.00     21.1 (n=5)

DECAPITATE HVT (buff = +6+1*mission HP, +6 aim; ELITE exempt):
  EXEMPT  :   17% ±15  (n=6, avg 5.8 turns, HVT 23.0 max HP)  [m6:17%(6)]

MISSION WIN-RATE BY MISSION #:
  m1:   80% ±9  (n=20)
  m2:   88% ±12  (n=8)
  m3:   88% ±12  (n=8)
  m4:   67% ±14  (n=12)
  m5:   33% ±19  (n=6)
  m6:   17% ±15  (n=6)

LOSS CAUSES (missions):
  RUN OVER              : 19

MISSION WIN-RATE BY ARENA (authored layouts, n>=3; procedural fallback    7% of 60 missions):
  arena  8:    0% ±0  (n=3, avg 5.7 turns)  [m5:0%(2) m6:0%(1)]
  arena 10:   33% ±27  (n=3, avg 6.7 turns)  [m1:50%(2) m6:0%(1)]
  arena 11:   67% ±27  (n=3, avg 7.0 turns)  [m2:100%(1) m4:100%(1) m5:0%(1)]
  arena 15:   67% ±27  (n=3, avg 5.7 turns)  [m1:50%(2) m4:100%(1)]
  arena 28:   67% ±27  (n=3, avg 8.3 turns)  [m4:100%(2) m5:0%(1)]
  arena 32:  100% ±0  (n=6, avg 2.8 turns)  [m1:100%(2) m3:100%(4)]
  procedural:  100% ±0  (n=4, avg 6.3 turns)  [m2:100%(1) m3:100%(1) m4:100%(2)]

DEPLOYMENT GEOMETRY (opening shape; choices/ARMED is the wave's real gate):
  FRONTAL   :   64% ±10  (n=22, avg 4.4 turns)  choices/turn 3.23  choices/ARMED 2.35  los-targets/ARMED 2.06
  PINCER    :   65% ±12  (n=17, avg 5.1 turns)  choices/turn 4.58  choices/ARMED 2.98  los-targets/ARMED 3.22
  CROSSFIRE :   67% ±16  (n=9, avg 5.9 turns)  choices/turn 5.06  choices/ARMED 2.79  los-targets/ARMED 3.30
  ENVELOP   :   83% ±11  (n=12, avg 5.1 turns)  choices/turn 4.04  choices/ARMED 2.83  los-targets/ARMED 2.46

ARENA FUNNEL (Mission.Build exits, n=74 builds, all modes):
  authored-applied    :  87.8%  (n=65)
  connectivity-reject :   0.0%  (n=0)
  procedural-roll     :  12.2%  (n=9)

DECK EXPOSURE (campaign runs n=20):
  distinct authored arenas/run : 2.80 mean (all runs)
  ... full-depth runs only     : 4.00 mean over 4.0 fights/run (n=1)
  Defend dealt on the route    :   40% of runs (n=8)

ENEMY DECISION MIX (contested acts=921; all-downed acts not counted=562):
  shoot           544    59%
  hunker          203    22%
  move             85     9%
  grenade          21     2%
  heal             15     2%
  brace            14     2%
  reload           12     1%
  item             10     1%
  siege             6     1%
  sap               4     0%
  shove             3     0%
  overwatch         2     0%
  staleplan         2     0%

  the shot on the table (acts where the chosen tile HAD a shot = 601):
    hit% band     taken   share   E[dmg]/shot   declined   share   E[dmg]/shot
      0-19           0      0%          0.00          0      0%          0.00
     20-39          12      2%          1.22          2    100%          1.41
     40-59          58     11%          1.84          0      0%          0.00
     60-79         190     35%          2.62          0      0%          0.00
      80+          284     52%          3.82          0      0%          0.00
    TOTAL           544                              2
  taken   91% / DECLINED    0% / preempted by another verb    9%
  enemy lanes held (overwatch+brace) 16; reaction shots fired 12  ->   75% of lanes paid off   [C2: DeclineWatchRatio is a bet on this number]

ACTION MIX (verbs issued, by policy):
  verb                  greedy        sloppy
  MOVE               534   46%     378   43%
  SHOOT              320   28%     201   23%
  HUNKER              51    4%      96   11%
  BRACE               28    2%      41    5%
  INTEL               30    3%      26    3%
  RELOAD              35    3%      20    2%
  STABILIZE           28    2%      25    3%
  SLIPSTREAM          22    2%      18    2%
  MARK                17    1%      17    2%
  PIN                 17    1%      13    1%
  OVERWATCH            9    1%      11    1%
  ITEM:SMOKE          12    1%       7    1%
  FOCUS                6    1%       9    1%
  REARM                8    1%       5    1%
  EXTRACT              7    1%       4    0%
  PATCH                9    1%       1    0%
  PLANT                5    0%       3    0%
  GRENADE              5    0%       2    0%
  GRAPPLE              2    0%       4    0%
  BARREL               3    0%       2    0%
  BEACON               2    0%       2    0%
  HACK                 3    0%       0    0%
  ITEM:FLASH           0    0%       2    0%
  ITEM:INCENDIARY       1    0%       0    0%
  ITEM:BARRICADE       0    0%       1    0%

PLAYER CLASS PERFORMANCE:
  class        shots   hit%   dmg   kills
  RANGER          91    93%    609     52
  SHARPSHOOTER     84    92%    606     40
  ASSAULT        102    91%    478     29
  GUNNER          78    88%    356     25
  CORPSMAN        47    81%    132      3

SOLDIER DEATHS BY ENEMY CLASS (threat ranking):
  GRUNT      : 12
  ELITE      : 11
  BERSERKER  : 11
  LANCER     : 10
  BURN       : 9
  WARBRINGER : 8
  SAPPER     : 7
  SCOUT      : 6
  BRUISER    : 4
  SNIPER     : 4
  MORTAR     : 4
  HUNTER     : 3
  SPOTTER    : 3
  SHIELD     : 3
  STRIKE     : 3
  SCREENER   : 3
  DRONE      : 2
  MEDIC      : 1
  HOUND      : 1
  PIKEMAN    : 1
  CUSTODIAN  : 1

SOLDIER DOWNS (FUL-7 bleed-out): 193 downs -> revived 8 / recovered 15 / bled out 157 / finished 13  (save-rate   12%)
  corpsman fielded in 17 missions

ENEMY COMPOSITION (spawns; faction-stamped fights n=352 / default-cascade fights n=238):
  class        faction         default
  GRUNT           24    7%       42   18%
  SCOUT           13    4%       50   21%
  SNIPER          25    7%       14    6%
  MORTAR          30    9%        5    2%
  HUNTER          26    7%        7    3%
  STRIKER         11    3%       22    9%
  LANCER          19    5%       14    6%
  ELITE           21    6%        8    3%
  SCREENER        25    7%        4    2%
  BRUISER         22    6%        6    3%
  BERSERKER       21    6%        6    3%
  HOUND           15    4%        9    4%
  DRONE           17    5%        7    3%
  SAPPER          11    3%       12    5%
  SHIELD          12    3%        9    4%
  MEDIC           16    5%        4    2%
  SPOTTER          7    2%        9    4%
  WARBRINGER      14    4%        1    0%
  PIKEMAN         12    3%        3    1%
  CUSTODIAN        9    3%        1    0%
  TURRET           0    0%        4    2%
  BOMBARD          2    1%        1    0%

PERK PICK FREQUENCY:
  LCK           : 13
  MOM           : 13
  GUN           : 12
  SKR           : 10
  BRK           : 8
  OUT           : 8
  CQB           : 6
  TNK           : 5
  BND           : 5
  CLH           : 5
  EXC           : 5
  FST           : 5
  MRK           : 4
  GRD           : 4
  VNT           : 3
  PLT           : 3
  HRD           : 2
  RFX           : 2
  SGE           : 2

SHOP PURCHASE FREQUENCY:
  WPN: HOLLOW POINT : 39
  WPN: SCOPE        : 36
  BALLISTIC PLATING : 32
  FIELD MEDKIT      : 17
  WPN: BIPOD        : 16
  WPN: STABILIZER   : 15
  WPN: EXTENDED MAG : 15
  ARMORY            : 13
  COMBAT STIMS      : 12
  FRAG CACHE        : 10
  COUNTER-PREP      : 9
  ADV. TRAINING     : 6
  WPN: SUPPRESSOR   : 1

BOON PICK FREQUENCY (PROCS = effect fires at instrumented sites; '-' = not instrumented;
                      PYR counts the +2-turn-burn half only — the Burning-immunity half is uninstrumented):
  code                 picks   PROCS
  FVR               :     4       -
  GHO               :     4       -
  MRK               :     4       -
  RCL               :     4       0
  SCV               :     4       -
  FDR               :     3       0
  VNM               :     3       -
  GRN               :     2       -
  PYR               :     2       0
  RPD               :     2       -
  SHK               :     2       2
  TRR               :     2       9
  ADR               :     1       -
  EXE               :     1       -
  FRT               :     1       -
  FST               :     1      17

RUN WIN-RATE BY BOON (campaign runs holding it):
  FVR               :    0% ±0  (in 4 runs)
  GHO               :    0% ±0  (in 4 runs)
  MRK               :    0% ±0  (in 4 runs)
  RCL               :    0% ±0  (in 4 runs)
  SCV               :   25% ±22  (in 4 runs)
  FDR               :    0% ±0  (in 3 runs)
  VNM               :    0% ±0  (in 3 runs)
  GRN               :    0% ±0  (in 2 runs)
  PYR               :    0% ±0  (in 2 runs)
  RPD               :    0% ±0  (in 2 runs)
  SHK               :   50% ±35  (in 2 runs)
  TRR               :    0% ±0  (in 2 runs)
  ADR               :    0% ±0  (in 1 runs)
  EXE               :    0% ±0  (in 1 runs)
  FRT               :  100% ±0  (in 1 runs)
  FST               :    0% ±0  (in 1 runs)

RUN WIN-RATE BY SPEC (campaign runs fielding it):
  PTH               :    0% ±0  (in 4 runs)
  ADN               :   50% ±35  (in 2 runs)
  HHT               :    0% ±0  (in 2 runs)
  PHN               :    0% ±0  (in 2 runs)
  SNT               :    0% ±0  (in 2 runs)
  BRC               :    0% ±0  (in 1 runs)

RUN WIN-RATE BY PERK (campaign runs holding it):
  LCK               :   10% ±9  (in 10 runs)
  GUN               :    0% ±0  (in 9 runs)
  BRK               :    0% ±0  (in 7 runs)
  MOM               :    0% ±0  (in 7 runs)
  SKR               :   14% ±13  (in 7 runs)
  OUT               :    0% ±0  (in 6 runs)
  BND               :    0% ±0  (in 5 runs)
  EXC               :    0% ±0  (in 5 runs)
  CLH               :    0% ±0  (in 4 runs)
  CQB               :   25% ±22  (in 4 runs)
  FST               :   25% ±22  (in 4 runs)
  GRD               :    0% ±0  (in 4 runs)
  TNK               :   25% ±22  (in 4 runs)
  PLT               :    0% ±0  (in 3 runs)
  VNT               :    0% ±0  (in 3 runs)
  HRD               :    0% ±0  (in 2 runs)
  MRK               :    0% ±0  (in 2 runs)
  RFX               :   50% ±35  (in 2 runs)
  SGE               :    0% ±0  (in 2 runs)

RUN WIN-RATE BY PURCHASE (campaign runs buying it):
  BALLISTIC PLATING :    8% ±8  (in 12 runs)
  FIELD MEDKIT      :    8% ±8  (in 12 runs)
  WPN: HOLLOW POINT :    8% ±8  (in 12 runs)
  ARMORY            :    0% ±0  (in 10 runs)
  WPN: SCOPE        :    0% ±0  (in 10 runs)
  COUNTER-PREP      :   11% ±10  (in 9 runs)
  WPN: BIPOD        :   11% ±10  (in 9 runs)
  COMBAT STIMS      :    0% ±0  (in 7 runs)
  WPN: EXTENDED MAG :   17% ±15  (in 6 runs)
  WPN: STABILIZER   :    0% ±0  (in 6 runs)
  FRAG CACHE        :   20% ±18  (in 5 runs)
  ADV. TRAINING     :    0% ±0  (in 4 runs)
  WPN: SUPPRESSOR   :    0% ±0  (in 1 runs)

RUN WIN-RATE BY EVENT-CHOICE (campaign runs taking id:arm):
  quartermaster:1   :    0% ±0  (in 4 runs)
  bloodfeud:2       :    0% ±0  (in 3 runs)
  reservecall:0     :    0% ±0  (in 3 runs)
  defector:1        :   50% ±35  (in 2 runs)
  drill:0           :    0% ±0  (in 2 runs)
  warchest:0        :   50% ±35  (in 2 runs)
  warchest:1        :    0% ±0  (in 2 runs)
  bloodfeud:0       :    0% ±0  (in 1 runs)
  cache:1           :    0% ±0  (in 1 runs)
  medic:1           :    0% ±0  (in 1 runs)
═══════════════════════════════════════════════════════════════════════

batch wall-time: 9.2s  (20 matches across 10 campaigns × 2 policy, frame-cap hits: 0)
aggregate JSON -> /home/user/wt/heat-pin/docs/measurements/l5/L5-h4-b100.json
INFO: TEXTURE: [ID 2] Unloaded texture data from VRAM (GPU)
INFO: SHADER: [ID 3] Default shader unloaded successfully
INFO: TEXTURE: [ID 1] Default texture unloaded successfully
INFO: Window closed successfully
