BALANCE: heat PINNED for this batch (field-event AddHeat is a no-op; SIGHTLINE_HEATPIN=0 restores the leak)
INFO: Initializing raylib 6.0
INFO: Platform backend: DESKTOP (GLFW)
INFO: Supported raylib modules:
INFO:     > rcore:..... loaded (mandatory)
INFO:     > rlgl:...... loaded (mandatory)
INFO:     > rshapes:... loaded (optional)
INFO:     > rtextures:. loaded (optional)
INFO:     > rtext:..... loaded (optional)
INFO:     > rmodels:... loaded (optional)
INFO:     > raudio:.... loaded (optional)
INFO: DISPLAY: Trying to enable MSAA x4
INFO: DISPLAY: Device initialized successfully 
INFO:     > Display size: 1280 x 800
INFO:     > Screen size:  1280 x 800
INFO:     > Render size:  1280 x 800
INFO:     > Viewport offsets: 0, 0
INFO: GLAD: OpenGL extensions loaded successfully
INFO: GL: Supported extensions count: 229
INFO: GL: OpenGL device information:
INFO:     > Vendor:   Mesa
INFO:     > Renderer: llvmpipe (LLVM 20.1.2, 256 bits)
INFO:     > Version:  4.5 (Core Profile) Mesa 25.2.8-0ubuntu0.24.04.2
INFO:     > GLSL:     4.50
INFO: GL: VAO extension detected, VAO functions loaded successfully
INFO: GL: NPOT textures extension detected, full NPOT textures supported
INFO: GL: DXT compressed textures supported
INFO: GL: ETC2/EAC compressed textures supported
INFO: PLATFORM: DESKTOP (GLFW - X11): Initialized successfully
INFO: TEXTURE: [ID 1] Texture loaded successfully (1x1 | R8G8B8A8 | 1 mipmaps)
INFO: TEXTURE: [ID 1] Default texture loaded successfully
INFO: SHADER: [ID 1] Vertex shader compiled successfully
INFO: SHADER: [ID 2] Fragment shader compiled successfully
INFO: SHADER: [ID 3] Program shader loaded successfully
INFO: SHADER: [ID 3] Default shader loaded successfully
INFO: RLGL: Render batch vertex buffers loaded successfully in RAM (CPU)
INFO: RLGL: Render batch vertex buffers loaded successfully in VRAM (GPU)
INFO: RLGL: Default OpenGL state initialized successfully
INFO: TEXTURE: [ID 2] Texture loaded successfully (128x128 | GRAY_ALPHA | 1 mipmaps)
INFO: FONT: Default font loaded successfully (224 glyphs)
INFO: SYSTEM: Working Directory: /home/user/wt/heat-pin
INFO: TIMER: Target time per frame: 0.000 milliseconds
FINALE-KIT: Syndicate
WAVE: +2 (SHIELD,DRONE) [rich]
WAVE: +2 (GRUNT,SHIELD) [rich]
WAVE: +2 (DRONE,GRUNT) [rich]
REINFORCEMENTS: +2 (GRUNT,SCOUT)
REINFORCEMENTS: +2 (SCOUT,GRUNT)
FINALE-KIT: Syndicate
WAVE: +2 (SPOTTER,SHIELD) [rich]
WAVE: +2 (SHIELD,SHIELD) [rich]
WAVE: +2 (DRONE,DRONE) [rich]
FINALE-KIT: Wardens
WAVE: +3 (SHIELD,SCREENER,SAPPER) [rich]
WAVE: +3 (SHIELD,SAPPER,DRONE) [rich]
WAVE: +3 (DRONE,DRONE,SAPPER) [rich]
WAVE: +3 (DRONE,DRONE,DRONE) [rich]
WAVE: +3 (SPOTTER,CUSTODIAN,DRONE) [rich]
FINALE-KIT: Wardens
WAVE: +3 (SPOTTER,DRONE,CUSTODIAN) [rich]
WAVE: +3 (SHIELD,GRUNT,SAPPER) [rich]
WAVE: +2 (DRONE,DRONE) [rich]
FINALE-KIT: Wardens
WAVE: +2 (SAPPER,SPOTTER) [rich]
WAVE: +2 (HOUND,STRIKER) [rich]
WAVE: +2 (SHIELD,SAPPER) [rich]
match 5/20  (W:3 L:2 cap:0)  5.5s
FINALE-KIT: Wardens
WAVE: +2 (HOUND,DRONE) [rich]
WAVE: +2 (STRIKER,CUSTODIAN) [rich]
WAVE: +2 (SNIPER,STRIKER) [rich]
REINFORCEMENTS: +2 (SCOUT,SCOUT)
FINALE-KIT: Legion
WAVE: +2 (SHIELD,SHIELD) [rich]
WAVE: +2 (DRONE,DRONE) [rich]
WAVE: +2 (SAPPER,SHIELD) [rich]
WAVE: +2 (DRONE,SHIELD) [rich]
WAVE: +2 (SHIELD,SHIELD) [rich]
WAVE: +2 (DRONE,SAPPER) [rich]
FINALE-KIT: Legion
WAVE: +2 (DRONE,SAPPER) [rich]
WAVE: +2 (DRONE,DRONE) [rich]
WAVE: +2 (SPOTTER,SHIELD) [rich]
WAVE: +3 (BRUISER,BERSERKER,BERSERKER) [rich]
WAVE: +3 (HUNTER,BERSERKER,BRUISER) [rich]
WAVE: +3 (HOUND,HUNTER,LANCER) [rich]
FINALE-KIT: Syndicate
FINALE-KIT: Syndicate
match 10/20  (W:3 L:7 cap:0)  7.2s
FINALE-KIT: Wardens
WAVE: +2 (HUNTER,BRUISER) [rich]
WAVE: +2 (HOUND,HOUND) [rich]
WAVE: +2 (STRIKER,BERSERKER) [rich]
FINALE-KIT: Wardens
WAVE: +2 (BRUISER,GRUNT) [rich]
WAVE: +2 (BERSERKER,STRIKER) [rich]
WAVE: +2 (BRUISER,HOUND) [rich]
REINFORCEMENTS: +2 (SCOUT,SCOUT)
FINALE-KIT: Wardens
FINALE-KIT: Wardens
FINALE-KIT: Wardens
WAVE: +2 (STRIKER,STRIKER) [rich]
WAVE: +2 (HUNTER,DRONE) [rich]
WAVE: +2 (SCOUT,LANCER) [rich]
REINFORCEMENTS: +2 (SCOUT,GRUNT)
REINFORCEMENTS: +2 (GRUNT,GRUNT)
WAVE: +3 (BRUISER,BERSERKER,LANCER) [rich]
WAVE: +3 (LANCER,BRUISER,BERSERKER) [rich]
WAVE: +3 (BERSERKER,LANCER,BERSERKER) [rich]
REINFORCEMENTS: +2 (SCOUT,GRUNT)
match 15/20  (W:4 L:11 cap:0)  8.3s
FINALE-KIT: Wardens
WAVE: +2 (LANCER,SCOUT) [rich]
WAVE: +2 (HOUND,SNIPER) [rich]
WAVE: +2 (SCOUT,HUNTER) [rich]
WAVE: +3 (BRUISER,BRUISER,WARBRINGER) [rich]
WAVE: +3 (HUNTER,HUNTER,BRUISER) [rich]
WAVE: +3 (HUNTER,HOUND,BERSERKER) [rich]
FINALE-KIT: Legion
WAVE: +3 (GRUNT,MORTAR,BERSERKER) [rich]
WAVE: +3 (LANCER,CUSTODIAN,SPOTTER) [rich]
WAVE: +3 (SPOTTER,SAPPER,SNIPER) [rich]
WAVE: +3 (HUNTER,LANCER,HUNTER) [rich]
WAVE: +3 (GRUNT,HOUND,DRONE) [rich]
WAVE: +3 (BERSERKER,BERSERKER,SNIPER) [rich]
REINFORCEMENTS: +2 (SCOUT,SCOUT)
REINFORCEMENTS: +2 (GRUNT,GRUNT)
REINFORCEMENTS: +3 (SCOUT,GRUNT,GRUNT)
FINALE-KIT: Legion
WAVE: +3 (HUNTER,SHIELD,SAPPER) [rich]
WAVE: +3 (LANCER,GRUNT,LANCER) [rich]
WAVE: +3 (GRUNT,MORTAR,SNIPER) [rich]
FINALE-KIT: Legion
FINALE-KIT: Legion
match 20/20  (W:8 L:12 cap:0)  9.9s

══════════════════════ SIGHTLINE BALANCE REPORT ══════════════════════
runs=20  missions=73

RUN OUTCOMES (campaign):  win-rate   40%   avg missions cleared 4.3

POLICY GAP (optimal vs human-error; campaign runs only):
  greedy win-rate   40%  (n=10)
  sloppy win-rate   40%  (n=10)
  GAP    0 pts  (healthy slack)
  PAIRED (same-seed slots): pairs=10  concordant=6  discordant greedy-only-won=2 / sloppy-only-won=2  paired gap    0 pts
  PER-SLOT RECORDS (greedy | sloppy: outcome + missions cleared; margin = g−s):
    slot  70 @h2: L 4 | L 4   margin +0
    slot  71 @h2: W 6 | W 6   margin +0
    slot  72 @h2: W 6 | L 4   margin +2
    slot  73 @h2: L 2 | L 5   margin -3
    slot  74 @h2: L 2 | L 2   margin +0
    slot  75 @h2: W 6 | L 5   margin +1
    slot  76 @h2: L 0 | L 0   margin +0
    slot  77 @h2: L 5 | W 6   margin -1
    slot  78 @h2: L 5 | W 6   margin -1
    slot  79 @h2: W 6 | W 6   margin +0
  PAIRED MARGIN (missions cleared, all pairs): -0.20 ±0.42 SE  (n=10 pairs)
  by objective (greedy / sloppy / gap):
    Decapitate :   63% /   50% / gap   13
    Defend     :   88% /  100% / gap  -13
    Eliminate  :   82% /   82% / gap    0
    Escort     :  100% /  100% / gap    0
    Evac       :  100% /  100% / gap    0
    Hack       :  100% /  100% / gap    0
    Rescue     :  100% /  100% / gap    0
    Sabotage   :  100% /  100% / gap    0

DECISION RICHNESS / SWING:
  meaningful-choices/turn 2.38   lead-swings/match 0.8   avg max-swing 48.9
  [shot-gate] acting-soldiers/turn 3.10   armed-soldiers/turn 1.20   armed-fraction 39%   turns-with-a-shot 51%   choices/ARMED-soldier-turn 1.98
  [choice-split] los-targets/ARMED 2.63   target-choices/ARMED 0.53   position-choices/ARMED 1.45

RUN COMPLETION BY HEAT (full-campaign clears):
  heat 2:   40% ±11  (n=20 runs, avg 4.3 missions)
  HEAT LEAK: pinned=yes  heat-raising picks=4  campaigns raised=0  missions off-rung=0/73
  STALEMATES: mission-cap 1  run-cap 0   [slot 74 g m3 Eliminate mis rt=52]

INTEL ECONOMY BY HEAT (campaign runs; heat-bonus = the Heat.IntelBonus share of income):
  heat 2: earned  138.7/run   heat-bonus  21.2 (  15% of income)   spent  124.9   unspent   13.8

MISSION WIN-RATE BY HEAT:
  heat 2:   84%  (n=73, avg 6.4 turns)

MISSION WIN-RATE BY OBJECTIVE:
  Eliminate  :   82% ±8  (n=22, avg 5.9 turns)
  Defend     :   94% ±6  (n=17, avg 8.9 turns)
  Decapitate :   56% ±12  (n=16, avg 5.4 turns)
  Escort     :  100% ±0  (n=8, avg 8.4 turns)
  Hack       :  100% ±0  (n=4, avg 3.0 turns)
  Sabotage   :  100% ±0  (n=2, avg 2.0 turns)
  Evac       :  100% ±0  (n=2, avg 3.5 turns)
  Rescue     :  100% ±0  (n=2, avg 3.0 turns)

MISSION WIN-RATE BY OBJECTIVE x NODE KIND (a capstone must never pool with a mid-run node):
  Eliminate  : Start:  90%(n=20)  Elite:   0%(n=2)
               depth: m1:90%(20) m3:0%(2)
  Defend     : Combat:  89%(n=9)  Supply: 100%(n=6)  Elite: 100%(n=2)
               depth: m2:100%(6) m3:75%(4) m4:100%(1) m5:100%(6)
  Decapitate : Boss:  67%(n=12)  Elite:  25%(n=4)
               depth: m5:25%(4) m6:67%(12)
  Escort     : Combat: 100%(n=4)  Elite: 100%(n=2)  Supply: 100%(n=2)
               depth: m3:100%(4) m4:100%(4)
  Hack       : Elite: 100%(n=2)  Combat: 100%(n=2)
               depth: m3:100%(2) m4:100%(2)
  Sabotage   : Combat: 100%(n=2)
               depth: m3:100%(2)
  Evac       : Combat: 100%(n=2)
               depth: m4:100%(2)
  Rescue     : Elite: 100%(n=2)
               depth: m3:100%(2)

ENCOUNTER COMPLETION on MID-RUN nodes (Combat+Elite) — clear% is the share of the fight actually fought:
  objective     n   win%   turns   force    +rf  killed  clear%   prs  WONclear%
  Defend        11   91%     8.9    4.82   7.27    5.91    48.9  0.00     51.2 (n=10)
  Escort         6  100%     8.3    8.00   0.00    1.00    12.5  0.00     12.5 (n=6)
  Decapitate     4   25%     6.8   11.00   1.00    0.75     6.3  1.25     18.2 (n=1)
  Hack           4  100%     3.0    8.50   0.00    0.75     8.8  0.00      8.8 (n=4)
  Eliminate      2    0%    30.5    9.00   0.00    1.50    16.7  3.50      0.0 (n=0)
  Sabotage       2  100%     2.0    5.00   0.00    1.00    20.0  0.00     20.0 (n=2)
  Evac           2  100%     3.5    8.00   0.00    0.00     0.0  0.00      0.0 (n=2)
  Rescue         2  100%     3.0    9.00   0.00    0.00     0.0  0.00      0.0 (n=2)
  ---- the two classes ----
  KILL           6   17%    14.7   10.33   0.67    1.00     9.1  2.00     18.2 (n=1)
  NON-KILL      27   96%     6.6    6.63   2.96    2.81    29.3  0.00     29.7 (n=26)

DECAPITATE HVT (buff = +6+1*mission HP, +6 aim; ELITE exempt):
  EXEMPT  :   56% ±12  (n=16, avg 5.4 turns, HVT 24.0 max HP)  [m5:25%(4) m6:67%(12)]

MISSION WIN-RATE BY MISSION #:
  m1:   90% ±7  (n=20)
  m2:  100% ±0  (n=6)
  m3:   81% ±10  (n=16)
  m4:  100% ±0  (n=9)
  m5:   70% ±14  (n=10)
  m6:   67% ±14  (n=12)

LOSS CAUSES (missions):
  RUN OVER              : 11
  STALEMATE-MISSION     : 1

MISSION WIN-RATE BY ARENA (authored layouts, n>=3; procedural fallback   21% of 73 missions):
  arena 10:   75% ±22  (n=4, avg 8.3 turns)  [m2:100%(1) m3:100%(2) m6:0%(1)]
  arena 13:  100% ±0  (n=4, avg 2.8 turns)  [m1:100%(2) m3:100%(2)]
  arena 15:  100% ±0  (n=4, avg 3.5 turns)  [m4:100%(3) m6:100%(1)]
  arena 19:   67% ±27  (n=3, avg 8.0 turns)  [m2:100%(2) m5:0%(1)]
  arena 27:  100% ±0  (n=4, avg 3.3 turns)  [m1:100%(2) m6:100%(2)]
  arena 28:  100% ±0  (n=5, avg 6.8 turns)  [m1:100%(2) m5:100%(3)]
  arena 33:  100% ±0  (n=5, avg 5.2 turns)  [m1:100%(2) m2:100%(2) m3:100%(1)]
  arena 34:   40% ±22  (n=5, avg 15.2 turns)  [m3:0%(2) m6:67%(3)]
  procedural:   73% ±11  (n=15, avg 8.5 turns)  [m1:50%(4) m2:100%(1) m3:75%(4) m4:100%(3) m5:50%(2) m6:100%(1)]

DEPLOYMENT GEOMETRY (opening shape; choices/ARMED is the wave's real gate):
  FRONTAL   :   84% ±7  (n=25, avg 5.9 turns)  choices/turn 3.20  choices/ARMED 2.12  los-targets/ARMED 3.31
  PINCER    :   85% ±7  (n=27, avg 7.6 turns)  choices/turn 1.89  choices/ARMED 2.05  los-targets/ARMED 2.06
  CROSSFIRE :  100% ±0  (n=6, avg 5.3 turns)  choices/turn 3.27  choices/ARMED 1.96  los-targets/ARMED 3.08
  ENVELOP   :   73% ±11  (n=15, avg 5.3 turns)  choices/turn 1.73  choices/ARMED 1.52  los-targets/ARMED 1.83

ARENA FUNNEL (Mission.Build exits, n=85 builds, all modes):
  authored-applied    :  81.2%  (n=69)
  connectivity-reject :   0.0%  (n=0)
  procedural-roll     :  18.8%  (n=16)

DECK EXPOSURE (campaign runs n=20):
  distinct authored arenas/run : 2.90 mean (all runs)
  ... full-depth runs only     : 3.50 mean over 4.6 fights/run (n=8)
  Defend dealt on the route    :   70% of runs (n=14)

ENEMY DECISION MIX (contested acts=1582; all-downed acts not counted=429):
  hunker          746    47%
  shoot           605    38%
  move            111     7%
  grenade          25     2%
  reload           25     2%
  heal             22     1%
  siege            20     1%
  item             13     1%
  brace             5     0%
  overwatch         4     0%
  sap               3     0%
  shove             3     0%

  the shot on the table (acts where the chosen tile HAD a shot = 675):
    hit% band     taken   share   E[dmg]/shot   declined   share   E[dmg]/shot
      0-19           0      0%          0.00          0      0%          0.00
     20-39          23      4%          1.03          3     75%          1.17
     40-59          60     10%          1.96          1     25%          1.24
     60-79         189     31%          2.46          0      0%          0.00
      80+          333     55%          3.53          0      0%          0.00
    TOTAL           605                              4
  taken   90% / DECLINED    1% / preempted by another verb   10%
  enemy lanes held (overwatch+brace) 9; reaction shots fired 3  ->   33% of lanes paid off   [C2: DeclineWatchRatio is a bet on this number]

ACTION MIX (verbs issued, by policy):
  verb                  greedy        sloppy
  MOVE               486   40%     555   40%
  SHOOT              302   25%     306   22%
  HUNKER              49    4%     156   11%
  BRACE               75    6%      73    5%
  OVERWATCH           67    5%      45    3%
  RELOAD              42    3%      44    3%
  FOCUS               43    4%      40    3%
  INTEL               34    3%      35    3%
  STABILIZE           27    2%      20    1%
  SLIPSTREAM          18    1%      22    2%
  MARK                19    2%      17    1%
  PIN                 11    1%      17    1%
  ITEM:SMOKE          14    1%       9    1%
  REARM                6    0%       6    0%
  GRAPPLE              4    0%       7    1%
  HACK                 5    0%       5    0%
  PLANT                5    0%       5    0%
  EXTRACT              4    0%       5    0%
  GRENADE              6    0%       2    0%
  BEACON               4    0%       4    0%
  PATCH                3    0%       2    0%
  DRAG                 0    0%       3    0%
  BARREL               1    0%       1    0%
  ITEM:BARRICADE       1    0%       0    0%
  ITEM:FLASH           0    0%       1    0%

PLAYER CLASS PERFORMANCE:
  class        shots   hit%   dmg   kills
  SHARPSHOOTER    204    91%   1354     87
  GUNNER         173    84%    753     48
  ASSAULT        154    85%    651     39
  RANGER          96    84%    591     40
  CORPSMAN        37    86%    111      2

SOLDIER DEATHS BY ENEMY CLASS (threat ranking):
  STRIKE     : 17
  BURN       : 12
  DRONE      : 10
  SHIELD     : 7
  HUNTER     : 7
  MORTAR     : 6
  LANCER     : 6
  GRUNT      : 5
  ELITE      : 5
  SCOUT      : 5
  SNIPER     : 5
  SAPPER     : 4
  BERSERKER  : 4
  TURRET     : 3
  SCREENER   : 2
  BRUISER    : 2
  HOUND      : 1
  SLAM       : 1
  WARBRINGER : 1

SOLDIER DOWNS (FUL-7 bleed-out): 194 downs -> revived 2 / recovered 33 / bled out 127 / finished 32  (save-rate   18%)
  corpsman fielded in 22 missions

ENEMY COMPOSITION (spawns; faction-stamped fights n=526 / default-cascade fights n=172):
  class        faction         default
  GRUNT           41    8%       40   23%
  SCOUT           23    4%       48   28%
  BERSERKER       51   10%        3    2%
  DRONE           45    9%        7    4%
  ELITE           44    8%        5    3%
  LANCER          32    6%        9    5%
  SAPPER          35    7%        4    2%
  SHIELD          36    7%        2    1%
  BRUISER         33    6%        5    3%
  TURRET          31    6%        4    2%
  HUNTER          24    5%       11    6%
  SPOTTER         18    3%        7    4%
  SNIPER          12    2%       10    6%
  MORTAR          17    3%        4    2%
  HOUND           16    3%        4    2%
  SCREENER        14    3%        0    0%
  WARBRINGER      14    3%        0    0%
  MEDIC           14    3%        0    0%
  CUSTODIAN       11    2%        2    1%
  STRIKER          6    1%        5    3%
  PIKEMAN          4    1%        2    1%
  BOMBARD          5    1%        0    0%

PERK PICK FREQUENCY:
  RFX           : 14
  LCK           : 13
  MRK           : 13
  GRD           : 13
  SKR           : 11
  MOM           : 11
  BND           : 11
  OUT           : 10
  TNK           : 10
  EXC           : 9
  GUN           : 8
  CLH           : 8
  PLT           : 8
  VNT           : 7
  HRD           : 7
  FST           : 6
  CQB           : 6
  SGE           : 5
  BRK           : 5

SHOP PURCHASE FREQUENCY:
  FIELD MEDKIT      : 47
  WPN: SCOPE        : 46
  WPN: HOLLOW POINT : 34
  BALLISTIC PLATING : 26
  ARMORY            : 12
  ADV. TRAINING     : 12
  WPN: EXTENDED MAG : 10
  WPN: BIPOD        : 10
  COUNTER-PREP      : 9
  WPN: SUPPRESSOR   : 9
  COMBAT STIMS      : 9
  WPN: STABILIZER   : 7
  FRAG CACHE        : 5

BOON PICK FREQUENCY (PROCS = effect fires at instrumented sites; '-' = not instrumented;
                      PYR counts the +2-turn-burn half only — the Burning-immunity half is uninstrumented):
  code                 picks   PROCS
  RCL               :     6       4
  EXE               :     5       -
  FRT               :     5       -
  MRK               :     5       -
  SCV               :     5       -
  TRR               :     5      19
  FST               :     4      75
  PYR               :     4       0
  VNM               :     4       -
  GHO               :     3       -
  FVR               :     2       -
  SHK               :     2       5
  ADR               :     1       -
  FDR               :     1       0
  RPD               :     1       -

RUN WIN-RATE BY BOON (campaign runs holding it):
  RCL               :   33% ±19  (in 6 runs)
  EXE               :  100% ±0  (in 5 runs)
  FRT               :   40% ±22  (in 5 runs)
  MRK               :   60% ±22  (in 5 runs)
  SCV               :   80% ±18  (in 5 runs)
  TRR               :   20% ±18  (in 5 runs)
  FST               :   50% ±25  (in 4 runs)
  PYR               :   50% ±25  (in 4 runs)
  VNM               :   75% ±22  (in 4 runs)
  GHO               :   67% ±27  (in 3 runs)
  FVR               :    0% ±0  (in 2 runs)
  SHK               :  100% ±0  (in 2 runs)
  ADR               :    0% ±0  (in 1 runs)
  FDR               :    0% ±0  (in 1 runs)
  RPD               :  100% ±0  (in 1 runs)

RUN WIN-RATE BY SPEC (campaign runs fielding it):
  HHT               :   50% ±18  (in 8 runs)
  SNT               :   75% ±22  (in 4 runs)
  ADN               :   67% ±27  (in 3 runs)
  BRC               :   33% ±27  (in 3 runs)
  ANC               :   50% ±35  (in 2 runs)
  PHN               :   50% ±35  (in 2 runs)
  JUG               :    0% ±0  (in 1 runs)
  PTH               :    0% ±0  (in 1 runs)

RUN WIN-RATE BY PERK (campaign runs holding it):
  GRD               :   45% ±15  (in 11 runs)
  RFX               :   45% ±15  (in 11 runs)
  MOM               :   50% ±16  (in 10 runs)
  MRK               :   50% ±16  (in 10 runs)
  LCK               :   44% ±17  (in 9 runs)
  OUT               :   56% ±17  (in 9 runs)
  BND               :   63% ±17  (in 8 runs)
  CLH               :   50% ±18  (in 8 runs)
  SKR               :   38% ±17  (in 8 runs)
  TNK               :   38% ±17  (in 8 runs)
  GUN               :   57% ±19  (in 7 runs)
  HRD               :   71% ±17  (in 7 runs)
  VNT               :   71% ±17  (in 7 runs)
  CQB               :   67% ±19  (in 6 runs)
  EXC               :   83% ±15  (in 6 runs)
  PLT               :   50% ±20  (in 6 runs)
  BRK               :   80% ±18  (in 5 runs)
  FST               :   40% ±22  (in 5 runs)
  SGE               :   20% ±18  (in 5 runs)

RUN WIN-RATE BY PURCHASE (campaign runs buying it):
  FIELD MEDKIT      :   54% ±14  (in 13 runs)
  WPN: SCOPE        :   54% ±14  (in 13 runs)
  BALLISTIC PLATING :   58% ±14  (in 12 runs)
  WPN: HOLLOW POINT :   50% ±16  (in 10 runs)
  ARMORY            :   33% ±16  (in 9 runs)
  COMBAT STIMS      :   43% ±19  (in 7 runs)
  WPN: SUPPRESSOR   :   57% ±19  (in 7 runs)
  ADV. TRAINING     :   67% ±19  (in 6 runs)
  COUNTER-PREP      :   50% ±20  (in 6 runs)
  WPN: BIPOD        :   50% ±20  (in 6 runs)
  WPN: EXTENDED MAG :   50% ±20  (in 6 runs)
  WPN: STABILIZER   :   50% ±20  (in 6 runs)
  FRAG CACHE        :   33% ±27  (in 3 runs)

RUN WIN-RATE BY EVENT-CHOICE (campaign runs taking id:arm):
  informant:2       :   25% ±22  (in 4 runs)
  quartermaster:1   :   25% ±22  (in 4 runs)
  bloodfeud:2       :    0% ±0  (in 2 runs)
  depot:0           :   50% ±35  (in 2 runs)
  drill:1           :   50% ±35  (in 2 runs)
  informant:1       :  100% ±0  (in 2 runs)
  reservecall:1     :   50% ±35  (in 2 runs)
  warchest:0        :    0% ±0  (in 2 runs)
  warpension:1      :  100% ±0  (in 2 runs)
  warpension:2      :  100% ±0  (in 2 runs)
  profiteer:1       :    0% ±0  (in 1 runs)
═══════════════════════════════════════════════════════════════════════

batch wall-time: 9.9s  (20 matches across 10 campaigns × 2 policy, frame-cap hits: 0)
aggregate JSON -> /home/user/wt/heat-pin/docs/measurements/l5/L5-h2-b70.json
INFO: TEXTURE: [ID 2] Unloaded texture data from VRAM (GPU)
INFO: SHADER: [ID 3] Default shader unloaded successfully
INFO: TEXTURE: [ID 1] Default texture unloaded successfully
INFO: Window closed successfully
