BALANCE: heat PINNED for this batch (field-event AddHeat is a no-op; SIGHTLINE_HEATPIN=0 restores the leak)
INFO: Initializing raylib 6.0
INFO: Platform backend: DESKTOP (GLFW)
INFO: Supported raylib modules:
INFO:     > rcore:..... loaded (mandatory)
INFO:     > rlgl:...... loaded (mandatory)
INFO:     > rshapes:... loaded (optional)
INFO:     > rtextures:. loaded (optional)
INFO:     > rtext:..... loaded (optional)
INFO:     > rmodels:... loaded (optional)
INFO:     > raudio:.... loaded (optional)
INFO: DISPLAY: Trying to enable MSAA x4
INFO: DISPLAY: Device initialized successfully 
INFO:     > Display size: 1280 x 800
INFO:     > Screen size:  1280 x 800
INFO:     > Render size:  1280 x 800
INFO:     > Viewport offsets: 0, 0
INFO: GLAD: OpenGL extensions loaded successfully
INFO: GL: Supported extensions count: 229
INFO: GL: OpenGL device information:
INFO:     > Vendor:   Mesa
INFO:     > Renderer: llvmpipe (LLVM 20.1.2, 256 bits)
INFO:     > Version:  4.5 (Core Profile) Mesa 25.2.8-0ubuntu0.24.04.2
INFO:     > GLSL:     4.50
INFO: GL: VAO extension detected, VAO functions loaded successfully
INFO: GL: NPOT textures extension detected, full NPOT textures supported
INFO: GL: DXT compressed textures supported
INFO: GL: ETC2/EAC compressed textures supported
INFO: PLATFORM: DESKTOP (GLFW - X11): Initialized successfully
INFO: TEXTURE: [ID 1] Texture loaded successfully (1x1 | R8G8B8A8 | 1 mipmaps)
INFO: TEXTURE: [ID 1] Default texture loaded successfully
INFO: SHADER: [ID 1] Vertex shader compiled successfully
INFO: SHADER: [ID 2] Fragment shader compiled successfully
INFO: SHADER: [ID 3] Program shader loaded successfully
INFO: SHADER: [ID 3] Default shader loaded successfully
INFO: RLGL: Render batch vertex buffers loaded successfully in RAM (CPU)
INFO: RLGL: Render batch vertex buffers loaded successfully in VRAM (GPU)
INFO: RLGL: Default OpenGL state initialized successfully
INFO: TEXTURE: [ID 2] Texture loaded successfully (128x128 | GRAY_ALPHA | 1 mipmaps)
INFO: FONT: Default font loaded successfully (224 glyphs)
INFO: SYSTEM: Working Directory: /home/user/wt/heat-pin
INFO: TIMER: Target time per frame: 0.000 milliseconds
FINALE-KIT: Legion
WAVE: +2 (GRUNT,LANCER) [rich]
WAVE: +2 (BRUISER,HUNTER) [rich]
WAVE: +2 (GRUNT,BRUISER) [rich]
FINALE-KIT: Legion
WAVE: +2 (HUNTER,BRUISER) [rich]
WAVE: +2 (HOUND,HUNTER) [rich]
WAVE: +2 (HUNTER,STRIKER) [rich]
FINALE-KIT: Syndicate
WAVE: +2 (HOUND,BRUISER) [rich]
WAVE: +2 (HUNTER,HUNTER) [rich]
WAVE: +2 (SNIPER,SCOUT) [rich]
FINALE-KIT: Syndicate
WAVE: +2 (HUNTER,BRUISER) [rich]
WAVE: +2 (DRONE,BRUISER) [rich]
WAVE: +2 (SNIPER,LANCER) [rich]
FINALE-KIT: Wardens
WAVE: +3 (DRONE,DRONE,DRONE) [rich]
WAVE: +3 (SAPPER,SAPPER,SHIELD) [rich]
WAVE: +3 (SAPPER,CUSTODIAN,SHIELD) [rich]
match 5/20  (W:5 L:0 cap:0)  2.8s
FINALE-KIT: Wardens
WAVE: +3 (SAPPER,SAPPER,SAPPER) [rich]
WAVE: +3 (SPOTTER,SHIELD,SAPPER) [rich]
WAVE: +3 (DRONE,SHIELD,SCREENER) [rich]
FINALE-KIT: Legion
FINALE-KIT: Legion
FINALE-KIT: Wardens
WAVE: +2 (SCOUT,DRONE) [rich]
WAVE: +2 (SNIPER,DRONE) [rich]
WAVE: +2 (LANCER,SNIPER) [rich]
REINFORCEMENTS: +2 (GRUNT,SCOUT)
REINFORCEMENTS: +2 (SCOUT,GRUNT)
REINFORCEMENTS: +3 (GRUNT,SCOUT,GRUNT)
FINALE-KIT: Wardens
WAVE: +2 (BRUISER,HUNTER) [rich]
WAVE: +2 (SCOUT,DRONE) [rich]
WAVE: +2 (HOUND,HOUND) [rich]
WAVE: +2 (LANCER,SCOUT) [rich]
WAVE: +2 (LANCER,SNIPER) [rich]
WAVE: +2 (LANCER,LANCER) [rich]
REINFORCEMENTS: +2 (SCOUT,SCOUT)
REINFORCEMENTS: +2 (SCOUT,GRUNT)
REINFORCEMENTS: +3 (SCOUT,GRUNT,GRUNT)
match 10/20  (W:9 L:1 cap:0)  4.4s
FINALE-KIT: Wardens
WAVE: +3 (HOUND,BERSERKER,SPOTTER) [rich]
WAVE: +3 (HUNTER,SCREENER,DRONE) [rich]
WAVE: +3 (HOUND,BERSERKER,BRUISER) [rich]
REINFORCEMENTS: +2 (GRUNT,SCOUT)
REINFORCEMENTS: +2 (GRUNT,SCOUT)
FINALE-KIT: Wardens
WAVE: +3 (PIKEMAN,STRIKER,SNIPER) [rich]
WAVE: +3 (BERSERKER,BERSERKER,SNIPER) [rich]
WAVE: +3 (PIKEMAN,SAPPER,SHIELD) [rich]
REINFORCEMENTS: +2 (GRUNT,GRUNT)
REINFORCEMENTS: +2 (SCOUT,GRUNT)
REINFORCEMENTS: +3 (GRUNT,SCOUT,SCOUT)
REINFORCEMENTS: +2 (SCOUT,SCOUT)
REINFORCEMENTS: +2 (GRUNT,GRUNT)
REINFORCEMENTS: +3 (SCOUT,GRUNT,GRUNT)
FINALE-KIT: Wardens
REINFORCEMENTS: +2 (SCOUT,SCOUT)
REINFORCEMENTS: +2 (GRUNT,GRUNT)
REINFORCEMENTS: +3 (GRUNT,GRUNT,GRUNT)
REINFORCEMENTS: +2 (SCOUT,GRUNT)
WAVE: +3 (WARBRINGER,HUNTER,BRUISER) [rich]
WAVE: +3 (GRUNT,HOUND,BERSERKER) [rich]
WAVE: +3 (BERSERKER,HUNTER,BERSERKER) [rich]
FINALE-KIT: Wardens
REINFORCEMENTS: +2 (SCOUT,GRUNT)
REINFORCEMENTS: +2 (SCOUT,GRUNT)
WAVE: +3 (GRUNT,LANCER,STRIKER) [rich]
WAVE: +3 (BERSERKER,BRUISER,BERSERKER) [rich]
WAVE: +3 (HUNTER,HUNTER,GRUNT) [rich]
FINALE-KIT: Legion
WAVE: +2 (HUNTER,DRONE) [rich]
WAVE: +2 (HUNTER,LANCER) [rich]
WAVE: +2 (SNIPER,SCOUT) [rich]
match 15/20  (W:13 L:2 cap:0)  6.4s
FINALE-KIT: Legion
WAVE: +2 (SNIPER,DRONE) [rich]
WAVE: +2 (SNIPER,DRONE) [rich]
WAVE: +2 (STRIKER,HUNTER) [rich]
FINALE-KIT: Wardens
WAVE: +3 (BERSERKER,BERSERKER,BERSERKER) [rich]
WAVE: +3 (WARBRINGER,BERSERKER,HUNTER) [rich]
WAVE: +3 (BRUISER,BERSERKER,HOUND) [rich]
FINALE-KIT: Wardens
WAVE: +3 (BRUISER,HUNTER,BRUISER) [rich]
WAVE: +3 (HUNTER,BERSERKER,HUNTER) [rich]
WAVE: +3 (STRIKER,LANCER,BRUISER) [rich]
FINALE-KIT: Wardens
FINALE-KIT: Wardens
match 20/20  (W:16 L:4 cap:0)  7.7s

══════════════════════ SIGHTLINE BALANCE REPORT ══════════════════════
runs=20  missions=85

RUN OUTCOMES (campaign):  win-rate   80%   avg missions cleared 5.5

POLICY GAP (optimal vs human-error; campaign runs only):
  greedy win-rate   90%  (n=10)
  sloppy win-rate   70%  (n=10)
  GAP   20 pts  (swingy/unforgiving)
  PAIRED (same-seed slots): pairs=10  concordant=8  discordant greedy-only-won=2 / sloppy-only-won=0  paired gap   20 pts
  PER-SLOT RECORDS (greedy | sloppy: outcome + missions cleared; margin = g−s):
    slot  20 @h-1: W 6 | W 6   margin +0
    slot  21 @h-1: W 6 | W 6   margin +0
    slot  22 @h-1: W 6 | W 6   margin +0
    slot  23 @h-1: W 6 | W 6   margin +0
    slot  24 @h-1: W 6 | L 5   margin +1
    slot  25 @h-1: W 6 | L 5   margin +1
    slot  26 @h-1: W 6 | W 6   margin +0
    slot  27 @h-1: W 6 | W 6   margin +0
    slot  28 @h-1: W 6 | W 6   margin +0
    slot  29 @h-1: L 3 | L 1   margin +2
  PAIRED MARGIN (missions cleared, all pairs): +0.40 ±0.22 SE  (n=10 pairs)
  by objective (greedy / sloppy / gap):
    Decapitate :  100% /   80% / gap   20
    Defend     :  100% /  100% / gap    0
    Eliminate  :   92% /  100% / gap   -8
    Escort     :  100% /  100% / gap    0
    Evac       :  100% /  100% / gap    0
    Hack       :  100% /  100% / gap    0
    Rescue     :  100% /  100% / gap    0
    Sabotage   :  100% /   67% / gap   33

DECISION RICHNESS / SWING:
  meaningful-choices/turn 3.52   lead-swings/match 0.6   avg max-swing 31.0
  [shot-gate] acting-soldiers/turn 3.74   armed-soldiers/turn 1.42   armed-fraction 38%   turns-with-a-shot 58%   choices/ARMED-soldier-turn 2.47
  [choice-split] los-targets/ARMED 2.42   target-choices/ARMED 0.51   position-choices/ARMED 1.96

RUN COMPLETION BY HEAT (full-campaign clears):
  heat -1:   80% ±9  (n=20 runs, avg 5.5 missions)
  HEAT LEAK: pinned=yes  heat-raising picks=1  campaigns raised=0  missions off-rung=0/85

INTEL ECONOMY BY HEAT (campaign runs; heat-bonus = the Heat.IntelBonus share of income):
  heat -1: earned  152.5/run   heat-bonus   0.0 (   0% of income)   spent  135.9   unspent   16.6

MISSION WIN-RATE BY HEAT:
  heat -1:   95%  (n=85, avg 5.4 turns)

MISSION WIN-RATE BY OBJECTIVE:
  Eliminate  :   96% ±4  (n=23, avg 3.5 turns)
  Decapitate :   90% ±7  (n=20, avg 4.5 turns)
  Defend     :  100% ±0  (n=16, avg 9.0 turns)
  Rescue     :  100% ±0  (n=10, avg 5.1 turns)
  Sabotage   :   83% ±15  (n=6, avg 9.2 turns)
  Evac       :  100% ±0  (n=6, avg 2.8 turns)
  Hack       :  100% ±0  (n=2, avg 3.0 turns)
  Escort     :  100% ±0  (n=2, avg 8.0 turns)

MISSION WIN-RATE BY OBJECTIVE x NODE KIND (a capstone must never pool with a mid-run node):
  Eliminate  : Start: 100%(n=20)  Combat:  67%(n=3)
               depth: m1:100%(20) m4:0%(1) m5:100%(2)
  Decapitate : Boss:  89%(n=18)  Combat: 100%(n=2)
               depth: m3:100%(2) m6:89%(18)
  Defend     : Supply: 100%(n=8)  Combat: 100%(n=6)  Elite: 100%(n=2)
               depth: m2:100%(6) m3:100%(2) m4:100%(4) m5:100%(4)
  Rescue     : Combat: 100%(n=8)  Elite: 100%(n=2)
               depth: m2:100%(2) m4:100%(6) m5:100%(2)
  Sabotage   : Elite:  75%(n=4)  Combat: 100%(n=2)
               depth: m2:50%(2) m3:100%(4)
  Evac       : Combat: 100%(n=4)  Supply: 100%(n=2)
               depth: m2:100%(2) m3:100%(2) m5:100%(2)
  Hack       : Combat: 100%(n=2)
               depth: m5:100%(2)
  Escort     : Supply: 100%(n=2)
               depth: m4:100%(2)

ENCOUNTER COMPLETION on MID-RUN nodes (Combat+Elite) — clear% is the share of the fight actually fought:
  objective     n   win%   turns   force    +rf  killed  clear%   prs  WONclear%
  Rescue        10  100%     5.1    6.20   0.00    0.30     4.8  0.00      4.8 (n=10)
  Defend         8  100%     9.0    4.00   8.25    8.25    67.3  0.00     67.3 (n=8)
  Sabotage       6   83%     9.2    4.00   0.00    1.00    25.0  0.00     15.0 (n=5)
  Evac           4  100%     2.0    4.50   0.00    0.00     0.0  0.00      0.0 (n=4)
  Eliminate      3   67%     7.7    6.67   0.00    5.33    80.0  1.67    100.0 (n=2)
  Hack           2  100%     3.0    7.00   0.00    1.00    14.3  0.00     14.3 (n=2)
  Decapitate     2  100%     5.5    5.00   1.00    1.50    25.0  1.00     25.0 (n=2)
  ---- the two classes ----
  KILL           5   80%     6.8    6.00   0.40    3.80    59.4  1.40     65.4 (n=4)
  NON-KILL      30   97%     6.4    5.00   2.20    2.57    35.6  0.00     34.9 (n=29)

DECAPITATE HVT (buff = +6+1*mission HP, +6 aim; ELITE exempt):
  EXEMPT  :   90% ±7  (n=20, avg 4.5 turns, HVT 22.8 max HP)  [m3:100%(2) m6:89%(18)]

MISSION WIN-RATE BY MISSION #:
  m1:  100% ±0  (n=20)
  m2:   92% ±8  (n=12)
  m3:  100% ±0  (n=10)
  m4:   92% ±7  (n=13)
  m5:  100% ±0  (n=12)
  m6:   89% ±7  (n=18)

LOSS CAUSES (missions):
  RUN OVER              : 4

MISSION WIN-RATE BY ARENA (authored layouts, n>=3; procedural fallback   21% of 85 missions):
  arena  3:  100% ±0  (n=4, avg 5.5 turns)  [m1:100%(2) m5:100%(2)]
  arena  7:  100% ±0  (n=4, avg 3.5 turns)  [m1:100%(2) m4:100%(2)]
  arena 10:  100% ±0  (n=3, avg 3.0 turns)  [m2:100%(1) m6:100%(2)]
  arena 12:  100% ±0  (n=3, avg 2.3 turns)  [m6:100%(3)]
  arena 15:   67% ±27  (n=3, avg 11.0 turns)  [m2:100%(2) m6:0%(1)]
  arena 16:  100% ±0  (n=4, avg 5.5 turns)  [m3:100%(2) m4:100%(2)]
  arena 19:  100% ±0  (n=4, avg 2.0 turns)  [m1:100%(4)]
  arena 20:   67% ±27  (n=3, avg 7.3 turns)  [m3:100%(2) m4:0%(1)]
  arena 28:  100% ±0  (n=4, avg 6.5 turns)  [m4:100%(2) m5:100%(2)]
  arena 30:   80% ±18  (n=5, avg 5.2 turns)  [m1:100%(2) m5:100%(2) m6:0%(1)]
  arena 31:  100% ±0  (n=4, avg 7.5 turns)  [m2:100%(2) m5:100%(2)]
  arena 32:  100% ±0  (n=3, avg 1.7 turns)  [m5:100%(1) m6:100%(2)]
  arena 33:  100% ±0  (n=3, avg 5.3 turns)  [m1:100%(2) m3:100%(1)]
  procedural:   94% ±5  (n=18, avg 6.7 turns)  [m1:100%(4) m2:0%(1) m3:100%(3) m4:100%(2) m5:100%(2) m6:100%(6)]

DEPLOYMENT GEOMETRY (opening shape; choices/ARMED is the wave's real gate):
  FRONTAL   :   94%  (n=32, avg 5.6 turns)  choices/turn 2.34  choices/ARMED 2.24  los-targets/ARMED 2.23
  PINCER    :   93% ±5  (n=29, avg 5.5 turns)  choices/turn 4.66  choices/ARMED 2.76  los-targets/ARMED 2.96
  CROSSFIRE :  100% ±0  (n=6, avg 2.3 turns)  choices/turn 4.07  choices/ARMED 3.56  los-targets/ARMED 4.00
  ENVELOP   :  100% ±0  (n=18, avg 5.9 turns)  choices/turn 3.71  choices/ARMED 2.17  los-targets/ARMED 1.63

ARENA FUNNEL (Mission.Build exits, n=95 builds, all modes):
  authored-applied    :  78.9%  (n=75)
  connectivity-reject :   0.0%  (n=0)
  procedural-roll     :  21.1%  (n=20)

DECK EXPOSURE (campaign runs n=20):
  distinct authored arenas/run : 3.35 mean (all runs)
  ... full-depth runs only     : 3.50 mean over 4.5 fights/run (n=16)
  Defend dealt on the route    :   80% of runs (n=16)

ENEMY DECISION MIX (contested acts=869; all-downed acts not counted=385):
  shoot           483    56%
  hunker          173    20%
  move             84    10%
  heal             42     5%
  siege            21     2%
  grenade          18     2%
  reload           17     2%
  item             13     1%
  brace             5     1%
  sap               5     1%
  overwatch         4     0%
  staleplan         3     0%
  shove             1     0%

  the shot on the table (acts where the chosen tile HAD a shot = 558):
    hit% band     taken   share   E[dmg]/shot   declined   share   E[dmg]/shot
      0-19           0      0%          0.00          1     17%          0.94
     20-39           7      1%          1.45          5     83%          1.28
     40-59          47     10%          1.77          0      0%          0.00
     60-79         154     32%          2.77          0      0%          0.00
      80+          275     57%          3.93          0      0%          0.00
    TOTAL           483                              6
  taken   87% / DECLINED    1% / preempted by another verb   12%
  enemy lanes held (overwatch+brace) 9; reaction shots fired 4  ->   44% of lanes paid off   [C2: DeclineWatchRatio is a bet on this number]

ACTION MIX (verbs issued, by policy):
  verb                  greedy        sloppy
  MOVE               615   43%     704   45%
  SHOOT              332   23%     315   20%
  HUNKER              91    6%     189   12%
  BRACE               73    5%      73    5%
  OVERWATCH           72    5%      43    3%
  RELOAD              45    3%      43    3%
  INTEL               37    3%      35    2%
  STABILIZE           25    2%      41    3%
  SLIPSTREAM          22    2%      23    1%
  ITEM:SMOKE          22    2%      22    1%
  FOCUS               24    2%      15    1%
  MARK                14    1%      13    1%
  PIN                  9    1%      18    1%
  PLANT               13    1%      12    1%
  PATCH               10    1%       7    0%
  BEACON               6    0%       7    0%
  REARM                7    0%       4    0%
  EXTRACT              3    0%       6    0%
  GRAPPLE              4    0%       4    0%
  GRENADE              2    0%       4    0%
  HACK                 2    0%       2    0%
  BARREL               0    0%       1    0%
  DRAG                 0    0%       1    0%

PLAYER CLASS PERFORMANCE:
  class        shots   hit%   dmg   kills
  SHARPSHOOTER    144    96%   1024     72
  GUNNER         204    86%    898     55
  ASSAULT        210    84%    857     44
  RANGER         141    88%    838     56
  CORPSMAN        45    82%    119      7

SOLDIER DEATHS BY ENEMY CLASS (threat ranking):
  ELITE      : 7
  HUNTER     : 5
  SNIPER     : 3
  BURN       : 3
  WARBRINGER : 2
  STRIKE     : 2
  PIKEMAN    : 2
  GRUNT      : 1
  SLAM       : 1
  HOUND      : 1
  LANCER     : 1
  SCREENER   : 1
  MEDIC      : 1
  SCOUT      : 1
  SAPPER     : 1
  BRUISER    : 1
  DRONE      : 1

SOLDIER DOWNS (FUL-7 bleed-out): 155 downs -> revived 8 / recovered 73 / bled out 67 / finished 7  (save-rate   52%)
  corpsman fielded in 27 missions

ENEMY COMPOSITION (spawns; faction-stamped fights n=426 / default-cascade fights n=169):
  class        faction         default
  SCOUT           28    7%       48   28%
  GRUNT           48   11%       22   13%
  ELITE           45   11%        2    1%
  DRONE           32    8%       10    6%
  BRUISER         33    8%        6    4%
  HUNTER          28    7%       10    6%
  SNIPER          18    4%       17   10%
  BERSERKER       28    7%        6    4%
  LANCER          21    5%        7    4%
  SAPPER          22    5%        4    2%
  SHIELD          20    5%        1    1%
  HOUND            5    1%       15    9%
  MEDIC           18    4%        0    0%
  WARBRINGER      16    4%        1    1%
  STRIKER         11    3%        6    4%
  SCREENER        12    3%        4    2%
  MORTAR          12    3%        2    1%
  SPOTTER          6    1%        6    4%
  PIKEMAN          6    1%        2    1%
  TURRET           8    2%        0    0%
  BOMBARD          5    1%        0    0%
  CUSTODIAN        4    1%        0    0%

PERK PICK FREQUENCY:
  LCK           : 14
  OUT           : 12
  MOM           : 11
  GUN           : 11
  CQB           : 11
  EXC           : 10
  GRD           : 10
  RFX           : 9
  SKR           : 9
  FST           : 6
  MRK           : 6
  VNT           : 6
  TNK           : 5
  SGE           : 5
  PLT           : 5
  BRK           : 4
  HRD           : 4
  CLH           : 3
  BND           : 3

SHOP PURCHASE FREQUENCY:
  FIELD MEDKIT      : 75
  WPN: SCOPE        : 33
  WPN: STABILIZER   : 32
  WPN: EXTENDED MAG : 23
  WPN: HOLLOW POINT : 21
  WPN: BIPOD        : 20
  BALLISTIC PLATING : 15
  COMBAT STIMS      : 14
  COUNTER-PREP      : 13
  WPN: SUPPRESSOR   : 12
  ARMORY            : 11
  FRAG CACHE        : 6
  ADV. TRAINING     : 1

BOON PICK FREQUENCY (PROCS = effect fires at instrumented sites; '-' = not instrumented;
                      PYR counts the +2-turn-burn half only — the Burning-immunity half is uninstrumented):
  code                 picks   PROCS
  ADR               :     8       -
  FDR               :     6       0
  SCV               :     6       -
  EXE               :     5       -
  FRT               :     5       -
  RCL               :     5       1
  VNM               :     5       -
  FST               :     4      46
  PYR               :     4       5
  RPD               :     4       -
  MRK               :     3       -
  FVR               :     2       -
  GHO               :     2       -
  GRN               :     2       -
  SHK               :     2       4
  TRR               :     2       4

RUN WIN-RATE BY BOON (campaign runs holding it):
  ADR               :   75% ±15  (in 8 runs)
  FDR               :   83% ±15  (in 6 runs)
  SCV               :  100% ±0  (in 6 runs)
  EXE               :  100% ±0  (in 5 runs)
  FRT               :  100% ±0  (in 5 runs)
  RCL               :   80% ±18  (in 5 runs)
  VNM               :  100% ±0  (in 5 runs)
  FST               :   75% ±22  (in 4 runs)
  PYR               :   50% ±25  (in 4 runs)
  RPD               :  100% ±0  (in 4 runs)
  MRK               :  100% ±0  (in 3 runs)
  FVR               :  100% ±0  (in 2 runs)
  GHO               :  100% ±0  (in 2 runs)
  GRN               :   50% ±35  (in 2 runs)
  SHK               :  100% ±0  (in 2 runs)
  TRR               :   50% ±35  (in 2 runs)

RUN WIN-RATE BY SPEC (campaign runs fielding it):
  SNT               :  100% ±0  (in 6 runs)
  ANC               :  100% ±0  (in 4 runs)
  HHT               :  100% ±0  (in 4 runs)
  ADN               :  100% ±0  (in 3 runs)
  PHN               :  100% ±0  (in 3 runs)
  JUG               :  100% ±0  (in 2 runs)
  BRC               :  100% ±0  (in 1 runs)
  PTH               :  100% ±0  (in 1 runs)

RUN WIN-RATE BY PERK (campaign runs holding it):
  EXC               :   90% ±9  (in 10 runs)
  GRD               :   90% ±9  (in 10 runs)
  LCK               :   80% ±13  (in 10 runs)
  CQB               :   89% ±10  (in 9 runs)
  MOM               :  100% ±0  (in 9 runs)
  GUN               :   88% ±12  (in 8 runs)
  OUT               :   88% ±12  (in 8 runs)
  RFX               :  100% ±0  (in 7 runs)
  SKR               :   86% ±13  (in 7 runs)
  FST               :  100% ±0  (in 6 runs)
  MRK               :   83% ±15  (in 6 runs)
  PLT               :   80% ±18  (in 5 runs)
  TNK               :  100% ±0  (in 5 runs)
  VNT               :  100% ±0  (in 5 runs)
  BRK               :   75% ±22  (in 4 runs)
  HRD               :  100% ±0  (in 4 runs)
  SGE               :   75% ±22  (in 4 runs)
  BND               :  100% ±0  (in 2 runs)
  CLH               :   50% ±35  (in 2 runs)

RUN WIN-RATE BY PURCHASE (campaign runs buying it):
  FIELD MEDKIT      :   80% ±9  (in 20 runs)
  WPN: SCOPE        :   79% ±11  (in 14 runs)
  COUNTER-PREP      :   83% ±11  (in 12 runs)
  WPN: HOLLOW POINT :   92% ±8  (in 12 runs)
  WPN: STABILIZER   :   83% ±11  (in 12 runs)
  WPN: EXTENDED MAG :   91% ±9  (in 11 runs)
  COMBAT STIMS      :   80% ±13  (in 10 runs)
  WPN: BIPOD        :   80% ±13  (in 10 runs)
  BALLISTIC PLATING :   89% ±10  (in 9 runs)
  ARMORY            :   75% ±15  (in 8 runs)
  WPN: SUPPRESSOR   :   88% ±12  (in 8 runs)
  FRAG CACHE        :   50% ±25  (in 4 runs)
  ADV. TRAINING     :  100% ±0  (in 1 runs)

RUN WIN-RATE BY EVENT-CHOICE (campaign runs taking id:arm):
  distress:1        :   75% ±22  (in 4 runs)
  drill:1           :  100% ±0  (in 4 runs)
  blackmarket:0     :  100% ±0  (in 2 runs)
  bloodfeud:1       :  100% ±0  (in 2 runs)
  bloodfeud:2       :   50% ±35  (in 2 runs)
  cache:1           :  100% ±0  (in 2 runs)
  drill:0           :   50% ±35  (in 2 runs)
  grave:0           :  100% ±0  (in 2 runs)
  grave:1           :  100% ±0  (in 2 runs)
  quartermaster:2   :  100% ±0  (in 2 runs)
  relic:1           :   50% ±35  (in 2 runs)
  reservecall:0     :  100% ±0  (in 2 runs)
  informant:1       :    0% ±0  (in 1 runs)
═══════════════════════════════════════════════════════════════════════

batch wall-time: 7.7s  (20 matches across 10 campaigns × 2 policy, frame-cap hits: 0)
aggregate JSON -> /home/user/wt/heat-pin/docs/measurements/l5/L5-hR-b20.json
INFO: TEXTURE: [ID 2] Unloaded texture data from VRAM (GPU)
INFO: SHADER: [ID 3] Default shader unloaded successfully
INFO: TEXTURE: [ID 1] Default texture unloaded successfully
INFO: Window closed successfully
