BALANCE: heat PINNED for this batch (field-event AddHeat is a no-op; SIGHTLINE_HEATPIN=0 restores the leak)
INFO: Initializing raylib 6.0
INFO: Platform backend: DESKTOP (GLFW)
INFO: Supported raylib modules:
INFO:     > rcore:..... loaded (mandatory)
INFO:     > rlgl:...... loaded (mandatory)
INFO:     > rshapes:... loaded (optional)
INFO:     > rtextures:. loaded (optional)
INFO:     > rtext:..... loaded (optional)
INFO:     > rmodels:... loaded (optional)
INFO:     > raudio:.... loaded (optional)
INFO: DISPLAY: Trying to enable MSAA x4
INFO: DISPLAY: Device initialized successfully 
INFO:     > Display size: 1280 x 800
INFO:     > Screen size:  1280 x 800
INFO:     > Render size:  1280 x 800
INFO:     > Viewport offsets: 0, 0
INFO: GLAD: OpenGL extensions loaded successfully
INFO: GL: Supported extensions count: 229
INFO: GL: OpenGL device information:
INFO:     > Vendor:   Mesa
INFO:     > Renderer: llvmpipe (LLVM 20.1.2, 256 bits)
INFO:     > Version:  4.5 (Core Profile) Mesa 25.2.8-0ubuntu0.24.04.2
INFO:     > GLSL:     4.50
INFO: GL: VAO extension detected, VAO functions loaded successfully
INFO: GL: NPOT textures extension detected, full NPOT textures supported
INFO: GL: DXT compressed textures supported
INFO: GL: ETC2/EAC compressed textures supported
INFO: PLATFORM: DESKTOP (GLFW - X11): Initialized successfully
INFO: TEXTURE: [ID 1] Texture loaded successfully (1x1 | R8G8B8A8 | 1 mipmaps)
INFO: TEXTURE: [ID 1] Default texture loaded successfully
INFO: SHADER: [ID 1] Vertex shader compiled successfully
INFO: SHADER: [ID 2] Fragment shader compiled successfully
INFO: SHADER: [ID 3] Program shader loaded successfully
INFO: SHADER: [ID 3] Default shader loaded successfully
INFO: RLGL: Render batch vertex buffers loaded successfully in RAM (CPU)
INFO: RLGL: Render batch vertex buffers loaded successfully in VRAM (GPU)
INFO: RLGL: Default OpenGL state initialized successfully
INFO: TEXTURE: [ID 2] Texture loaded successfully (128x128 | GRAY_ALPHA | 1 mipmaps)
INFO: FONT: Default font loaded successfully (224 glyphs)
INFO: SYSTEM: Working Directory: /home/user/wt/heat-pin
INFO: TIMER: Target time per frame: 0.000 milliseconds
FINALE-KIT: Wardens
FINALE-KIT: Wardens
FINALE-KIT: Wardens
REINFORCEMENTS: +2 (SCOUT,GRUNT)
FINALE-KIT: Wardens
WAVE: +3 (SHIELD,CUSTODIAN,SHIELD) [rich]
WAVE: +3 (DRONE,SHIELD,DRONE) [rich]
WAVE: +3 (DRONE,SHIELD,SHIELD) [rich]
FINALE-KIT: Syndicate
match 5/20  (W:1 L:4 cap:0)  4.1s
FINALE-KIT: Syndicate
FINALE-KIT: Syndicate
WAVE: +2 (SPOTTER,SHIELD) [rich]
WAVE: +2 (SAPPER,DRONE) [rich]
WAVE: +2 (SPOTTER,DRONE) [rich]
FINALE-KIT: Syndicate
WAVE: +2 (SHIELD,SAPPER) [rich]
WAVE: +2 (SHIELD,SAPPER) [rich]
WAVE: +2 (SHIELD,GRUNT) [rich]
FINALE-KIT: Syndicate
WAVE: +3 (SHIELD,HOUND,SCREENER) [rich]
WAVE: +3 (SPOTTER,DRONE,HOUND) [rich]
WAVE: +3 (LANCER,CUSTODIAN,SPOTTER) [rich]
FINALE-KIT: Syndicate
WAVE: +3 (SHIELD,SNIPER,HUNTER) [rich]
WAVE: +3 (LANCER,SNIPER,MEDIC) [rich]
WAVE: +3 (SPOTTER,STRIKER,MEDIC) [rich]
match 10/20  (W:3 L:7 cap:0)  4.8s
FINALE-KIT: Syndicate
FINALE-KIT: Syndicate
FINALE-KIT: Wardens
FINALE-KIT: Wardens
FINALE-KIT: Wardens
WAVE: +2 (SNIPER,SNIPER) [rich]
WAVE: +2 (MEDIC,SCOUT) [rich]
WAVE: +2 (SCOUT,MEDIC) [rich]
match 15/20  (W:3 L:12 cap:0)  5.5s
FINALE-KIT: Wardens
WAVE: +2 (SNIPER,SNIPER) [rich]
WAVE: +2 (MEDIC,SCOUT) [rich]
WAVE: +2 (SCOUT,MEDIC) [rich]
FINALE-KIT: Legion
WAVE: +2 (CUSTODIAN,SHIELD) [rich]
WAVE: +2 (SAPPER,CUSTODIAN) [rich]
WAVE: +2 (DRONE,SAPPER) [rich]
FINALE-KIT: Legion
WAVE: +2 (DRONE,SAPPER) [rich]
WAVE: +2 (SPOTTER,CUSTODIAN) [rich]
WAVE: +2 (DRONE,DRONE) [rich]
WAVE: +2 (SCREENER,DRONE) [rich]
WAVE: +2 (SHIELD,SAPPER) [rich]
WAVE: +2 (SHIELD,SPOTTER) [rich]
FINALE-KIT: Wardens
FINALE-KIT: Wardens
REINFORCEMENTS: +2 (SCOUT,SCOUT)
REINFORCEMENTS: +2 (GRUNT,GRUNT)
REINFORCEMENTS: +3 (SCOUT,GRUNT,GRUNT)
REINFORCEMENTS: +2 (SCOUT,SCOUT)
REINFORCEMENTS: +2 (GRUNT,GRUNT)
REINFORCEMENTS: +3 (SCOUT,GRUNT,SCOUT)
match 20/20  (W:5 L:15 cap:0)  7.5s

══════════════════════ SIGHTLINE BALANCE REPORT ══════════════════════
runs=20  missions=61

RUN OUTCOMES (campaign):  win-rate   25%   avg missions cleared 3.0

POLICY GAP (optimal vs human-error; campaign runs only):
  greedy win-rate   40%  (n=10)
  sloppy win-rate   10%  (n=10)
  GAP   30 pts  (swingy/unforgiving)
  PAIRED (same-seed slots): pairs=10  concordant=7  discordant greedy-only-won=3 / sloppy-only-won=0  paired gap   30 pts
  PER-SLOT RECORDS (greedy | sloppy: outcome + missions cleared; margin = g−s):
    slot 110 @h0: L 3 | L 0   margin +3
    slot 111 @h0: L 2 | L 4   margin -2
    slot 112 @h0: W 6 | L 0   margin +6
    slot 113 @h0: L 1 | L 1   margin +0
    slot 114 @h0: W 6 | W 6   margin +0
    slot 115 @h0: L 2 | L 2   margin +0
    slot 116 @h0: L 1 | L 1   margin +0
    slot 117 @h0: L 1 | L 1   margin +0
    slot 118 @h0: W 6 | L 5   margin +1
    slot 119 @h0: W 6 | L 5   margin +1
  PAIRED MARGIN (missions cleared, all pairs): +0.90 ±0.69 SE  (n=10 pairs)
  by objective (greedy / sloppy / gap):
    Decapitate :   71% /   50% / gap   21
    Defend     :   50% /   60% / gap  -10
    Eliminate  :   86% /   69% / gap   16
    Rescue     :  100% /  100% / gap    0

DECISION RICHNESS / SWING:
  meaningful-choices/turn 2.80   lead-swings/match 0.6   avg max-swing 41.6
  [shot-gate] acting-soldiers/turn 3.40   armed-soldiers/turn 1.22   armed-fraction 36%   turns-with-a-shot 60%   choices/ARMED-soldier-turn 2.29
  [choice-split] los-targets/ARMED 2.09   target-choices/ARMED 0.31   position-choices/ARMED 1.98

RUN COMPLETION BY HEAT (full-campaign clears):
  heat 0:   25% ±10  (n=20 runs, avg 3.0 missions)
  HEAT LEAK: pinned=yes  heat-raising picks=3  campaigns raised=0  missions off-rung=0/61

INTEL ECONOMY BY HEAT (campaign runs; heat-bonus = the Heat.IntelBonus share of income):
  heat 0: earned   91.7/run   heat-bonus   0.0 (   0% of income)   spent   76.0   unspent   15.8

MISSION WIN-RATE BY HEAT:
  heat 0:   75%  (n=61, avg 5.6 turns)

MISSION WIN-RATE BY OBJECTIVE:
  Eliminate  :   78% ±8  (n=27, avg 4.7 turns)
  Decapitate :   62% ±13  (n=13, avg 4.6 turns)
  Rescue     :  100% ±0  (n=11, avg 6.6 turns)
  Defend     :   56% ±17  (n=9, avg 8.8 turns)
  Evac       :  100% ±0  (n=1, avg 3.0 turns)

MISSION WIN-RATE BY OBJECTIVE x NODE KIND (a capstone must never pool with a mid-run node):
  Eliminate  : Start:  90%(n=20)  Supply:  67%(n=3)  Combat:  50%(n=2)  Elite:   0%(n=2)
               depth: m1:90%(20) m2:33%(3) m4:67%(3) m5:0%(1)
  Decapitate : Boss:  71%(n=7)  Combat:  75%(n=4)  Elite:   0%(n=2)
               depth: m3:50%(6) m6:71%(7)
  Rescue     : Combat: 100%(n=9)  Supply: 100%(n=1)  Elite: 100%(n=1)
               depth: m2:100%(3) m3:100%(3) m4:100%(2) m5:100%(3)
  Defend     : Combat:  60%(n=5)  Elite:   0%(n=2)  Supply: 100%(n=2)
               depth: m2:0%(4) m3:100%(2) m4:100%(1) m5:100%(2)
  Evac       : Supply: 100%(n=1)
               depth: m4:100%(1)

ENCOUNTER COMPLETION on MID-RUN nodes (Combat+Elite) — clear% is the share of the fight actually fought:
  objective     n   win%   turns   force    +rf  killed  clear%   prs  WONclear%
  Rescue        10  100%     7.0    6.70   0.00    1.30    19.4  0.00     19.4 (n=10)
  Defend         7   43%     8.7    3.43   6.43    2.86    29.0  0.00     25.8 (n=3)
  Decapitate     6   50%     4.3    6.67   0.00    1.50    22.5  0.33     50.0 (n=3)
  Eliminate      4   25%     6.5    6.50   0.00    2.00    30.8  1.00    100.0 (n=1)
  ---- the two classes ----
  KILL          10   40%     5.2    6.60   0.00    1.70    25.8  0.60     60.9 (n=4)
  NON-KILL      17   76%     7.7    5.35   2.65    1.94    24.3  0.00     21.4 (n=13)

DECAPITATE HVT (buff = +6+1*mission HP, +6 aim; ELITE exempt):
  EXEMPT  :   62% ±13  (n=13, avg 4.6 turns, HVT 22.5 max HP)  [m3:50%(6) m6:71%(7)]

MISSION WIN-RATE BY MISSION #:
  m1:   90% ±7  (n=20)
  m2:   40% ±15  (n=10)
  m3:   73% ±13  (n=11)
  m4:   86% ±13  (n=7)
  m5:   83% ±15  (n=6)
  m6:   71% ±17  (n=7)

LOSS CAUSES (missions):
  RUN OVER              : 15

MISSION WIN-RATE BY ARENA (authored layouts, n>=3; procedural fallback   18% of 61 missions):
  arena  3:   50% ±20  (n=6, avg 5.0 turns)  [m1:100%(2) m2:0%(2) m3:50%(2)]
  arena  5:   67% ±27  (n=3, avg 3.3 turns)  [m1:100%(2) m2:0%(1)]
  arena 10:  100% ±0  (n=3, avg 4.0 turns)  [m1:100%(2) m2:100%(1)]
  arena 11:   67% ±27  (n=3, avg 6.0 turns)  [m4:100%(1) m6:50%(2)]
  arena 13:    0% ±0  (n=3, avg 7.7 turns)  [m2:0%(2) m5:0%(1)]
  arena 14:   67% ±27  (n=3, avg 4.7 turns)  [m1:100%(2) m4:0%(1)]
  arena 28:   80% ±18  (n=5, avg 4.2 turns)  [m1:75%(4) m6:100%(1)]
  arena 29:   67% ±27  (n=3, avg 7.7 turns)  [m3:0%(1) m5:100%(2)]
  arena 32:  100% ±0  (n=6, avg 3.3 turns)  [m1:100%(2) m3:100%(2) m4:100%(2)]
  procedural:   64% ±15  (n=11, avg 6.2 turns)  [m1:75%(4) m2:50%(2) m3:67%(3) m4:100%(1) m6:0%(1)]

DEPLOYMENT GEOMETRY (opening shape; choices/ARMED is the wave's real gate):
  FRONTAL   :   78% ±8  (n=27, avg 6.4 turns)  choices/turn 3.30  choices/ARMED 2.47  los-targets/ARMED 2.23
  PINCER    :   62% ±13  (n=13, avg 4.8 turns)  choices/turn 1.45  choices/ARMED 1.58  los-targets/ARMED 2.00
  CROSSFIRE :   67% ±19  (n=6, avg 5.5 turns)  choices/turn 2.61  choices/ARMED 2.70  los-targets/ARMED 2.53
  ENVELOP   :   87% ±9  (n=15, avg 4.9 turns)  choices/turn 2.82  choices/ARMED 2.11  los-targets/ARMED 1.66

ARENA FUNNEL (Mission.Build exits, n=68 builds, all modes):
  authored-applied    :  82.4%  (n=56)
  connectivity-reject :   0.0%  (n=0)
  procedural-roll     :  17.6%  (n=12)

DECK EXPOSURE (campaign runs n=20):
  distinct authored arenas/run : 2.50 mean (all runs)
  ... full-depth runs only     : 4.00 mean over 4.6 fights/run (n=5)
  Defend dealt on the route    :   45% of runs (n=9)

ENEMY DECISION MIX (contested acts=708; all-downed acts not counted=349):
  shoot           452    64%
  hunker          115    16%
  move             46     6%
  heal             25     4%
  grenade          20     3%
  reload           15     2%
  sap               8     1%
  siege             7     1%
  staleplan         6     1%
  item              5     1%
  overwatch         4     1%
  brace             3     0%
  shove             2     0%

  the shot on the table (acts where the chosen tile HAD a shot = 498):
    hit% band     taken   share   E[dmg]/shot   declined   share   E[dmg]/shot
      0-19           0      0%          0.00          1     25%          0.27
     20-39           6      1%          1.10          2     50%          1.21
     40-59          47     10%          1.81          1     25%          2.03
     60-79         129     29%          2.57          0      0%          0.00
      80+          270     60%          3.72          0      0%          0.00
    TOTAL           452                              4
  taken   91% / DECLINED    1% / preempted by another verb    8%
  enemy lanes held (overwatch+brace) 7; reaction shots fired 3  ->   43% of lanes paid off   [C2: DeclineWatchRatio is a bet on this number]

ACTION MIX (verbs issued, by policy):
  verb                  greedy        sloppy
  MOVE               563   51%     431   42%
  SHOOT              247   22%     247   24%
  HUNKER              77    7%      77    7%
  RELOAD              27    2%      40    4%
  BRACE               20    2%      43    4%
  INTEL               34    3%      28    3%
  OVERWATCH           23    2%      33    3%
  STABILIZE           23    2%      29    3%
  SLIPSTREAM          19    2%      25    2%
  MARK                18    2%      19    2%
  FOCUS               17    2%      16    2%
  ITEM:SMOKE           8    1%      17    2%
  PIN                 11    1%       8    1%
  GRAPPLE              4    0%       5    0%
  BEACON               5    0%       3    0%
  EXTRACT              5    0%       2    0%
  GRENADE              2    0%       5    0%
  DRAG                 4    0%       2    0%
  REARM                4    0%       1    0%
  PATCH                1    0%       1    0%
  ITEM:INCENDIARY       0    0%       1    0%

PLAYER CLASS PERFORMANCE:
  class        shots   hit%   dmg   kills
  RANGER         122    82%    685     49
  SHARPSHOOTER    117    87%    667     40
  GUNNER         135    87%    555     42
  ASSAULT        109    90%    487     32
  CORPSMAN        25    88%     58      1

SOLDIER DEATHS BY ENEMY CLASS (threat ranking):
  GRUNT      : 10
  BRUISER    : 9
  ELITE      : 8
  SCOUT      : 7
  SHIELD     : 6
  BERSERKER  : 6
  SNIPER     : 6
  BURN       : 5
  SAPPER     : 4
  LANCER     : 4
  SPOTTER    : 3
  HUNTER     : 2
  DRONE      : 2
  HOUND      : 2
  STRIKER    : 2
  SCREENER   : 2
  TURRET     : 1
  MEDIC      : 1
  WARBRINGER : 1

SOLDIER DOWNS (FUL-7 bleed-out): 147 downs -> revived 2 / recovered 35 / bled out 104 / finished 6  (save-rate   25%)
  corpsman fielded in 15 missions

ENEMY COMPOSITION (spawns; faction-stamped fights n=304 / default-cascade fights n=143):
  class        faction         default
  SCOUT           21    7%       52   36%
  GRUNT           26    9%       29   20%
  DRONE           22    7%       11    8%
  SHIELD          27    9%        4    3%
  ELITE           25    8%        5    3%
  SAPPER          24    8%        3    2%
  BRUISER         23    8%        0    0%
  BERSERKER       14    5%        5    3%
  MORTAR          19    6%        0    0%
  SPOTTER         12    4%        5    3%
  LANCER          13    4%        4    3%
  SCREENER        14    5%        1    1%
  MEDIC            9    3%        4    3%
  HUNTER           8    3%        4    3%
  HOUND            3    1%        8    6%
  CUSTODIAN       10    3%        1    1%
  SNIPER           6    2%        5    3%
  TURRET           9    3%        0    0%
  STRIKER          8    3%        1    1%
  PIKEMAN          6    2%        0    0%
  WARBRINGER       5    2%        0    0%
  BOMBARD          0    0%        1    1%

PERK PICK FREQUENCY:
  LCK           : 11
  VNT           : 10
  OUT           : 9
  GRD           : 8
  HRD           : 7
  TNK           : 7
  EXC           : 6
  CQB           : 6
  BND           : 6
  RFX           : 6
  GUN           : 5
  MRK           : 5
  MOM           : 5
  CLH           : 4
  SGE           : 3
  FST           : 3
  SKR           : 1

SHOP PURCHASE FREQUENCY:
  FIELD MEDKIT      : 42
  WPN: SCOPE        : 19
  WPN: STABILIZER   : 17
  WPN: HOLLOW POINT : 13
  COMBAT STIMS      : 12
  COUNTER-PREP      : 10
  ADV. TRAINING     : 8
  WPN: EXTENDED MAG : 7
  BALLISTIC PLATING : 7
  FRAG CACHE        : 5
  WPN: SUPPRESSOR   : 5
  ARMORY            : 5
  WPN: BIPOD        : 1

BOON PICK FREQUENCY (PROCS = effect fires at instrumented sites; '-' = not instrumented;
                      PYR counts the +2-turn-burn half only — the Burning-immunity half is uninstrumented):
  code                 picks   PROCS
  FRT               :     5       -
  RPD               :     5       -
  FDR               :     4       6
  ADR               :     3       -
  EXE               :     3       -
  GHO               :     3       -
  MRK               :     3       -
  RCL               :     3       0
  SCV               :     3       -
  PYR               :     2       0
  TRR               :     2       3
  VNM               :     2       -
  FST               :     1       5
  GRN               :     1       -
  SHK               :     1       0

RUN WIN-RATE BY BOON (campaign runs holding it):
  FRT               :   20% ±18  (in 5 runs)
  RPD               :   40% ±22  (in 5 runs)
  FDR               :   50% ±25  (in 4 runs)
  ADR               :   33% ±27  (in 3 runs)
  EXE               :   33% ±27  (in 3 runs)
  GHO               :   33% ±27  (in 3 runs)
  MRK               :   67% ±27  (in 3 runs)
  RCL               :   33% ±27  (in 3 runs)
  SCV               :   33% ±27  (in 3 runs)
  PYR               :   50% ±35  (in 2 runs)
  TRR               :   50% ±35  (in 2 runs)
  VNM               :  100% ±0  (in 2 runs)
  FST               :  100% ±0  (in 1 runs)
  GRN               :    0% ±0  (in 1 runs)
  SHK               :  100% ±0  (in 1 runs)

RUN WIN-RATE BY SPEC (campaign runs fielding it):
  ADN               :   40% ±22  (in 5 runs)
  PTH               :   25% ±22  (in 4 runs)
  HHT               :   67% ±27  (in 3 runs)
  PHN               :   67% ±27  (in 3 runs)
  BRC               :   50% ±35  (in 2 runs)
  JUG               :   50% ±35  (in 2 runs)
  SNT               :  100% ±0  (in 1 runs)

RUN WIN-RATE BY PERK (campaign runs holding it):
  LCK               :   63% ±17  (in 8 runs)
  VNT               :   13% ±12  (in 8 runs)
  OUT               :   29% ±17  (in 7 runs)
  GRD               :   33% ±19  (in 6 runs)
  RFX               :   33% ±19  (in 6 runs)
  TNK               :   67% ±19  (in 6 runs)
  BND               :   40% ±22  (in 5 runs)
  CQB               :   60% ±22  (in 5 runs)
  EXC               :   40% ±22  (in 5 runs)
  GUN               :   40% ±22  (in 5 runs)
  HRD               :   60% ±22  (in 5 runs)
  MOM               :   40% ±22  (in 5 runs)
  MRK               :   75% ±22  (in 4 runs)
  CLH               :   67% ±27  (in 3 runs)
  FST               :    0% ±0  (in 3 runs)
  SGE               :   33% ±27  (in 3 runs)
  SKR               :    0% ±0  (in 1 runs)

RUN WIN-RATE BY PURCHASE (campaign runs buying it):
  FIELD MEDKIT      :   45% ±15  (in 11 runs)
  COMBAT STIMS      :   50% ±18  (in 8 runs)
  COUNTER-PREP      :   50% ±18  (in 8 runs)
  WPN: STABILIZER   :   13% ±12  (in 8 runs)
  WPN: SCOPE        :   71% ±17  (in 7 runs)
  WPN: HOLLOW POINT :   50% ±20  (in 6 runs)
  ADV. TRAINING     :   60% ±22  (in 5 runs)
  FRAG CACHE        :   40% ±22  (in 5 runs)
  WPN: SUPPRESSOR   :    0% ±0  (in 5 runs)
  ARMORY            :   75% ±22  (in 4 runs)
  BALLISTIC PLATING :   75% ±22  (in 4 runs)
  WPN: EXTENDED MAG :   33% ±27  (in 3 runs)
  WPN: BIPOD        :    0% ±0  (in 1 runs)

RUN WIN-RATE BY EVENT-CHOICE (campaign runs taking id:arm):
  blackmarket:2     :   50% ±35  (in 2 runs)
  bloodfeud:2       :   50% ±35  (in 2 runs)
  cache:1           :    0% ±0  (in 2 runs)
  distress:1        :  100% ±0  (in 2 runs)
  relic:0           :  100% ±0  (in 2 runs)
  relic:1           :    0% ±0  (in 2 runs)
  informant:1       :  100% ±0  (in 1 runs)
═══════════════════════════════════════════════════════════════════════

batch wall-time: 7.5s  (20 matches across 10 campaigns × 2 policy, frame-cap hits: 0)
aggregate JSON -> /home/user/wt/heat-pin/docs/measurements/l5/L5-h0-b110.json
INFO: TEXTURE: [ID 2] Unloaded texture data from VRAM (GPU)
INFO: SHADER: [ID 3] Default shader unloaded successfully
INFO: TEXTURE: [ID 1] Default texture unloaded successfully
INFO: Window closed successfully
