BALANCE: heat PINNED for this batch (field-event AddHeat is a no-op; SIGHTLINE_HEATPIN=0 restores the leak)
INFO: Initializing raylib 6.0
INFO: Platform backend: DESKTOP (GLFW)
INFO: Supported raylib modules:
INFO:     > rcore:..... loaded (mandatory)
INFO:     > rlgl:...... loaded (mandatory)
INFO:     > rshapes:... loaded (optional)
INFO:     > rtextures:. loaded (optional)
INFO:     > rtext:..... loaded (optional)
INFO:     > rmodels:... loaded (optional)
INFO:     > raudio:.... loaded (optional)
INFO: DISPLAY: Trying to enable MSAA x4
INFO: DISPLAY: Device initialized successfully 
INFO:     > Display size: 1280 x 800
INFO:     > Screen size:  1280 x 800
INFO:     > Render size:  1280 x 800
INFO:     > Viewport offsets: 0, 0
INFO: GLAD: OpenGL extensions loaded successfully
INFO: GL: Supported extensions count: 229
INFO: GL: OpenGL device information:
INFO:     > Vendor:   Mesa
INFO:     > Renderer: llvmpipe (LLVM 20.1.2, 256 bits)
INFO:     > Version:  4.5 (Core Profile) Mesa 25.2.8-0ubuntu0.24.04.2
INFO:     > GLSL:     4.50
INFO: GL: VAO extension detected, VAO functions loaded successfully
INFO: GL: NPOT textures extension detected, full NPOT textures supported
INFO: GL: DXT compressed textures supported
INFO: GL: ETC2/EAC compressed textures supported
INFO: PLATFORM: DESKTOP (GLFW - X11): Initialized successfully
INFO: TEXTURE: [ID 1] Texture loaded successfully (1x1 | R8G8B8A8 | 1 mipmaps)
INFO: TEXTURE: [ID 1] Default texture loaded successfully
INFO: SHADER: [ID 1] Vertex shader compiled successfully
INFO: SHADER: [ID 2] Fragment shader compiled successfully
INFO: SHADER: [ID 3] Program shader loaded successfully
INFO: SHADER: [ID 3] Default shader loaded successfully
INFO: RLGL: Render batch vertex buffers loaded successfully in RAM (CPU)
INFO: RLGL: Render batch vertex buffers loaded successfully in VRAM (GPU)
INFO: RLGL: Default OpenGL state initialized successfully
INFO: TEXTURE: [ID 2] Texture loaded successfully (128x128 | GRAY_ALPHA | 1 mipmaps)
INFO: FONT: Default font loaded successfully (224 glyphs)
INFO: SYSTEM: Working Directory: /home/user/wt/heat-pin
INFO: TIMER: Target time per frame: 0.000 milliseconds
FINALE-KIT: Wardens
WAVE: +3 (STRIKER,BRUISER,HOUND) [rich]
WAVE: +3 (GRUNT,BERSERKER,HUNTER) [rich]
WAVE: +1 (SCOUT) [rich]
REINFORCEMENTS: +2 (GRUNT,SCOUT)
REINFORCEMENTS: +2 (GRUNT,SCOUT)
FINALE-KIT: Wardens
WAVE: +3 (HUNTER,BRUISER,WARBRINGER) [rich]
WAVE: +3 (HUNTER,BERSERKER,WARBRINGER) [rich]
WAVE: +3 (HOUND,HUNTER,BERSERKER) [rich]
REINFORCEMENTS: +2 (SCOUT,GRUNT)
REINFORCEMENTS: +2 (GRUNT,SCOUT)
REINFORCEMENTS: +2 (SCOUT,GRUNT)
FINALE-KIT: Syndicate
WAVE: +2 (SNIPER,MORTAR) [rich]
WAVE: +2 (MEDIC,SCREENER) [rich]
WAVE: +2 (GRUNT,GRUNT) [rich]
REINFORCEMENTS: +2 (SCOUT,SCOUT)
REINFORCEMENTS: +2 (GRUNT,GRUNT)
REINFORCEMENTS: +2 (GRUNT,SCOUT)
FINALE-KIT: Syndicate
WAVE: +2 (SNIPER,GRUNT) [rich]
WAVE: +2 (SNIPER,MEDIC) [rich]
WAVE: +2 (MEDIC,GRUNT) [rich]
REINFORCEMENTS: +2 (GRUNT,GRUNT)
REINFORCEMENTS: +2 (SCOUT,GRUNT)
FINALE-KIT: Syndicate
WAVE: +2 (BRUISER,HUNTER) [rich]
WAVE: +2 (SCOUT,HUNTER) [rich]
WAVE: +2 (BERSERKER,HOUND) [rich]
WAVE: +2 (HOUND,WARBRINGER) [rich]
WAVE: +2 (HUNTER,STRIKER) [rich]
match 5/20  (W:0 L:5 cap:0)  5.5s
FINALE-KIT: Syndicate
WAVE: +2 (GRUNT,GRUNT) [rich]
WAVE: +2 (BERSERKER,BRUISER) [rich]
WAVE: +2 (BRUISER,BRUISER) [rich]
WAVE: +2 (BRUISER,BERSERKER) [rich]
FINALE-KIT: Legion
FINALE-KIT: Legion
REINFORCEMENTS: +2 (GRUNT,SCOUT)
REINFORCEMENTS: +2 (SCOUT,GRUNT)
FINALE-KIT: Legion
REINFORCEMENTS: +2 (GRUNT,SCOUT)
REINFORCEMENTS: +2 (SCOUT,GRUNT)
FINALE-KIT: Legion
match 10/20  (W:2 L:8 cap:0)  6.8s
FINALE-KIT: Syndicate
FINALE-KIT: Syndicate
FINALE-KIT: Legion
REINFORCEMENTS: +2 (GRUNT,GRUNT)
FINALE-KIT: Legion
REINFORCEMENTS: +2 (GRUNT,SCOUT)
FINALE-KIT: Legion
match 15/20  (W:3 L:12 cap:0)  7.4s
FINALE-KIT: Legion
REINFORCEMENTS: +2 (GRUNT,SCOUT)
FINALE-KIT: Syndicate
FINALE-KIT: Syndicate
FINALE-KIT: Wardens
WAVE: +3 (BRUISER,WARBRINGER,BERSERKER) [rich]
WAVE: +3 (HOUND,HUNTER,BERSERKER) [rich]
WAVE: +3 (HOUND,BERSERKER,HOUND) [rich]
REINFORCEMENTS: +2 (SCOUT,SCOUT)
FINALE-KIT: Wardens
WAVE: +3 (BRUISER,WARBRINGER,HUNTER) [rich]
WAVE: +3 (LANCER,STRIKER,GRUNT) [rich]
WAVE: +3 (WARBRINGER,BRUISER,HOUND) [rich]
WAVE: +3 (HUNTER,BRUISER,HUNTER) [rich]
WAVE: +3 (LANCER,BERSERKER,WARBRINGER) [rich]
match 20/20  (W:3 L:17 cap:0)  8.4s

══════════════════════ SIGHTLINE BALANCE REPORT ══════════════════════
runs=20  missions=68

RUN OUTCOMES (campaign):  win-rate   15%   avg missions cleared 3.4

POLICY GAP (optimal vs human-error; campaign runs only):
  greedy win-rate   20%  (n=10)
  sloppy win-rate   10%  (n=10)
  GAP   10 pts  (healthy slack)
  PAIRED (same-seed slots): pairs=10  concordant=7  discordant greedy-only-won=2 / sloppy-only-won=1  paired gap   10 pts
  PER-SLOT RECORDS (greedy | sloppy: outcome + missions cleared; margin = g−s):
    slot  80 @h2: L 5 | L 5   margin +0
    slot  81 @h2: L 3 | L 3   margin +0
    slot  82 @h2: L 3 | L 2   margin +1
    slot  83 @h2: W 6 | L 5   margin +1
    slot  84 @h2: L 5 | W 6   margin -1
    slot  85 @h2: L 0 | L 0   margin +0
    slot  86 @h2: W 6 | L 5   margin +1
    slot  87 @h2: L 1 | L 1   margin +0
    slot  88 @h2: L 2 | L 2   margin +0
    slot  89 @h2: L 4 | L 3   margin +1
  PAIRED MARGIN (missions cleared, all pairs): +0.30 ±0.21 SE  (n=10 pairs)
  by objective (greedy / sloppy / gap):
    Decapitate :   30% /   25% / gap    5
    Defend     :  100% /   50% / gap   50
    Eliminate  :   90% /   90% / gap    0
    Escort     :  100% /  100% / gap    0
    Evac       :  100% /  100% / gap    0
    Hack       :  100% /  100% / gap    0
    Rescue     :  100% /  100% / gap    0

DECISION RICHNESS / SWING:
  meaningful-choices/turn 4.38   lead-swings/match 0.5   avg max-swing 46.1
  [shot-gate] acting-soldiers/turn 3.52   armed-soldiers/turn 1.74   armed-fraction 49%   turns-with-a-shot 63%   choices/ARMED-soldier-turn 2.52
  [choice-split] los-targets/ARMED 2.74   target-choices/ARMED 0.53   position-choices/ARMED 1.99

RUN COMPLETION BY HEAT (full-campaign clears):
  heat 2:   15% ±8  (n=20 runs, avg 3.4 missions)
  HEAT LEAK: pinned=yes  heat-raising picks=0  campaigns raised=0  missions off-rung=0/68

INTEL ECONOMY BY HEAT (campaign runs; heat-bonus = the Heat.IntelBonus share of income):
  heat 2: earned  127.4/run   heat-bonus  19.2 (  15% of income)   spent  111.5   unspent   15.9

MISSION WIN-RATE BY HEAT:
  heat 2:   75%  (n=68, avg 5.4 turns)

MISSION WIN-RATE BY OBJECTIVE:
  Eliminate  :   90% ±7  (n=20, avg 3.5 turns)
  Decapitate :   28% ±11  (n=18, avg 5.6 turns)
  Rescue     :  100% ±0  (n=12, avg 6.8 turns)
  Defend     :   75% ±15  (n=8, avg 8.5 turns)
  Evac       :  100% ±0  (n=6, avg 4.5 turns)
  Escort     :  100% ±0  (n=2, avg 8.5 turns)
  Hack       :  100% ±0  (n=2, avg 3.0 turns)

MISSION WIN-RATE BY OBJECTIVE x NODE KIND (a capstone must never pool with a mid-run node):
  Eliminate  : Start:  90%(n=20)
               depth: m1:90%(20)
  Decapitate : Boss:  38%(n=8)  Combat:   0%(n=4)  Elite:   0%(n=4)  Supply: 100%(n=2)
               depth: m2:0%(2) m3:50%(4) m4:0%(3) m5:0%(1) m6:38%(8)
  Rescue     : Supply: 100%(n=4)  Elite: 100%(n=4)  Combat: 100%(n=4)
               depth: m2:100%(2) m3:100%(4) m4:100%(2) m5:100%(4)
  Defend     : Elite:  75%(n=4)  Combat:  75%(n=4)
               depth: m3:75%(4) m4:75%(4)
  Evac       : Combat: 100%(n=4)  Supply: 100%(n=2)
               depth: m2:100%(2) m3:100%(4)
  Escort     : Supply: 100%(n=2)
               depth: m2:100%(2)
  Hack       : Supply: 100%(n=2)
               depth: m4:100%(2)

ENCOUNTER COMPLETION on MID-RUN nodes (Combat+Elite) — clear% is the share of the fight actually fought:
  objective     n   win%   turns   force    +rf  killed  clear%   prs  WONclear%
  Defend         8   75%     8.5    5.50   6.63    4.38    36.1  0.00     39.5 (n=6)
  Decapitate     8    0%     6.5    8.13   0.50    0.25     2.9  0.88      0.0 (n=0)
  Rescue         8  100%     6.6    8.75   0.00    0.88    10.0  0.00     10.0 (n=8)
  Evac           4  100%     5.8    6.00   0.00    0.00     0.0  0.00      0.0 (n=4)
  ---- the two classes ----
  KILL           8    0%     6.5    8.13   0.50    0.25     2.9  0.88      0.0 (n=0)
  NON-KILL      20   90%     7.2    6.90   2.65    2.10    22.0  0.00     21.8 (n=18)

DECAPITATE HVT (buff = +6+1*mission HP, +6 aim; ELITE exempt):
  EXEMPT  :   38% ±13  (n=13, avg 4.9 turns, HVT 23.3 max HP)  [m3:50%(4) m5:0%(1) m6:38%(8)]
  BUFFED  :    0% ±0  (n=5, avg 7.4 turns, HVT 25.2 max HP)  [m2:0%(2) m4:0%(3)]

MISSION WIN-RATE BY MISSION #:
  m1:   90% ±7  (n=20)
  m2:   75% ±15  (n=8)
  m3:   81% ±10  (n=16)
  m4:   64% ±15  (n=11)
  m5:   80% ±18  (n=5)
  m6:   38% ±17  (n=8)

LOSS CAUSES (missions):
  RUN OVER              : 17

MISSION WIN-RATE BY ARENA (authored layouts, n>=3; procedural fallback   19% of 68 missions):
  arena  1:  100% ±0  (n=6, avg 2.3 turns)  [m1:100%(6)]
  arena 10:   50% ±25  (n=4, avg 4.0 turns)  [m2:100%(2) m3:0%(2)]
  arena 28:   67% ±19  (n=6, avg 7.8 turns)  [m1:50%(4) m3:100%(2)]
  arena 32:  100% ±0  (n=5, avg 2.2 turns)  [m1:100%(2) m3:100%(2) m6:100%(1)]
  arena 33:   20% ±18  (n=5, avg 9.4 turns)  [m4:0%(2) m5:100%(1) m6:0%(2)]
  procedural:   69% ±13  (n=13, avg 5.8 turns)  [m1:100%(4) m2:0%(1) m3:100%(3) m4:0%(1) m5:100%(1) m6:33%(3)]

DEPLOYMENT GEOMETRY (opening shape; choices/ARMED is the wave's real gate):
  FRONTAL   :   86% ±7  (n=28, avg 5.5 turns)  choices/turn 5.61  choices/ARMED 2.82  los-targets/ARMED 3.18
  PINCER    :   53% ±12  (n=17, avg 5.3 turns)  choices/turn 3.67  choices/ARMED 2.32  los-targets/ARMED 2.12
  CROSSFIRE :   88% ±12  (n=8, avg 9.1 turns)  choices/turn 3.69  choices/ARMED 2.35  los-targets/ARMED 2.61
  ENVELOP   :   73% ±11  (n=15, avg 3.6 turns)  choices/turn 2.82  choices/ARMED 1.88  los-targets/ARMED 2.24

ARENA FUNNEL (Mission.Build exits, n=82 builds, all modes):
  authored-applied    :  81.7%  (n=67)
  connectivity-reject :   0.0%  (n=0)
  procedural-roll     :  18.3%  (n=15)

DECK EXPOSURE (campaign runs n=20):
  distinct authored arenas/run : 2.75 mean (all runs)
  ... full-depth runs only     : 2.67 mean over 4.7 fights/run (n=3)
  Defend dealt on the route    :   40% of runs (n=8)

ENEMY DECISION MIX (contested acts=922; all-downed acts not counted=507):
  shoot           535    58%
  hunker          208    23%
  move             80     9%
  grenade          27     3%
  siege            19     2%
  reload           17     2%
  heal             14     2%
  item              8     1%
  brace             5     1%
  staleplan         4     0%
  overwatch         3     0%
  shove             2     0%

  the shot on the table (acts where the chosen tile HAD a shot = 592):
    hit% band     taken   share   E[dmg]/shot   declined   share   E[dmg]/shot
      0-19           0      0%          0.00          0      0%          0.00
     20-39          12      2%          1.22          1     33%          0.85
     40-59          51     10%          2.06          2     67%          1.07
     60-79         189     35%          2.67          0      0%          0.00
      80+          283     53%          3.67          0      0%          0.00
    TOTAL           535                              3
  taken   90% / DECLINED    1% / preempted by another verb    9%
  enemy lanes held (overwatch+brace) 8; reaction shots fired 3  ->   38% of lanes paid off   [C2: DeclineWatchRatio is a bet on this number]

ACTION MIX (verbs issued, by policy):
  verb                  greedy        sloppy
  MOVE               597   48%     530   45%
  SHOOT              253   20%     261   22%
  HUNKER             168   14%     181   15%
  BRACE               38    3%      31    3%
  INTEL               33    3%      31    3%
  RELOAD              25    2%      27    2%
  STABILIZE           23    2%      23    2%
  SLIPSTREAM          22    2%      16    1%
  OVERWATCH           11    1%      20    2%
  ITEM:SMOKE          18    1%      11    1%
  PIN                 11    1%       9    1%
  MARK                10    1%       8    1%
  EXTRACT              8    1%       6    1%
  BEACON               5    0%       5    0%
  GRENADE              5    0%       4    0%
  FOCUS                4    0%       4    0%
  PATCH                4    0%       3    0%
  REARM                2    0%       3    0%
  BARREL               3    0%       1    0%
  HACK                 2    0%       2    0%
  GRAPPLE              1    0%       3    0%
  DRAG                 1    0%       0    0%
  ITEM:FLASH           0    0%       1    0%

PLAYER CLASS PERFORMANCE:
  class        shots   hit%   dmg   kills
  SHARPSHOOTER    102    85%    610     47
  RANGER         102    84%    602     42
  GUNNER         110    78%    464     32
  ASSAULT        112    86%    463     22
  CORPSMAN        38    79%    108      3

SOLDIER DEATHS BY ENEMY CLASS (threat ranking):
  BURN       : 17
  BRUISER    : 13
  DRONE      : 11
  BERSERKER  : 9
  ELITE      : 8
  STRIKE     : 7
  HUNTER     : 7
  SAPPER     : 6
  SNIPER     : 4
  LANCER     : 4
  SHIELD     : 3
  GRUNT      : 3
  WARBRINGER : 2
  MEDIC      : 2
  MORTAR     : 2
  SCREENER   : 2
  SCOUT      : 2
  TURRET     : 1
  SPOTTER    : 1
  HOUND      : 1
  CUSTODIAN  : 1

SOLDIER DOWNS (FUL-7 bleed-out): 190 downs -> revived 3 / recovered 17 / bled out 144 / finished 26  (save-rate   11%)
  corpsman fielded in 24 missions

ENEMY COMPOSITION (spawns; faction-stamped fights n=467 / default-cascade fights n=150):
  class        faction         default
  GRUNT           42    9%       38   25%
  SCOUT           27    6%       46   31%
  BERSERKER       51   11%        2    1%
  HUNTER          38    8%        5    3%
  ELITE           32    7%        8    5%
  BRUISER         38    8%        0    0%
  LANCER          33    7%        5    3%
  SHIELD          29    6%        6    4%
  DRONE           34    7%        0    0%
  SAPPER          22    5%        3    2%
  SCREENER        18    4%        6    4%
  SNIPER          11    2%        9    6%
  STRIKER         13    3%        6    4%
  TURRET          17    4%        0    0%
  MEDIC           10    2%        5    3%
  HOUND           14    3%        0    0%
  SPOTTER         11    2%        3    2%
  WARBRINGER      12    3%        0    0%
  MORTAR           7    1%        5    3%
  PIKEMAN          3    1%        2    1%
  BOMBARD          2    0%        1    1%
  CUSTODIAN        3    1%        0    0%

PERK PICK FREQUENCY:
  LCK           : 11
  FST           : 10
  OUT           : 7
  MRK           : 7
  MOM           : 6
  GRD           : 6
  HRD           : 6
  CQB           : 6
  TNK           : 6
  SKR           : 5
  BRK           : 5
  PLT           : 5
  GUN           : 5
  VNT           : 5
  RFX           : 5
  CLH           : 4
  SGE           : 4
  BND           : 4
  EXC           : 3

SHOP PURCHASE FREQUENCY:
  WPN: STABILIZER   : 33
  WPN: HOLLOW POINT : 32
  WPN: SCOPE        : 32
  FIELD MEDKIT      : 24
  FRAG CACHE        : 20
  BALLISTIC PLATING : 14
  COUNTER-PREP      : 10
  ADV. TRAINING     : 10
  COMBAT STIMS      : 10
  ARMORY            : 5
  WPN: EXTENDED MAG : 5
  WPN: BIPOD        : 4
  WPN: SUPPRESSOR   : 3

BOON PICK FREQUENCY (PROCS = effect fires at instrumented sites; '-' = not instrumented;
                      PYR counts the +2-turn-burn half only — the Burning-immunity half is uninstrumented):
  code                 picks   PROCS
  RPD               :     7       -
  ADR               :     6       -
  FVR               :     5       -
  SCV               :     4       -
  EXE               :     3       -
  FDR               :     3       0
  FST               :     3      47
  GHO               :     3       -
  TRR               :     3      10
  FRT               :     2       -
  MRK               :     2       -
  PYR               :     2       0
  SHK               :     2       1
  GRN               :     1       -
  RCL               :     1       0
  VNM               :     1       -

RUN WIN-RATE BY BOON (campaign runs holding it):
  RPD               :   43% ±19  (in 7 runs)
  ADR               :   17% ±15  (in 6 runs)
  FVR               :    0% ±0  (in 5 runs)
  SCV               :   75% ±22  (in 4 runs)
  EXE               :   33% ±27  (in 3 runs)
  FDR               :    0% ±0  (in 3 runs)
  FST               :    0% ±0  (in 3 runs)
  GHO               :   33% ±27  (in 3 runs)
  TRR               :   33% ±27  (in 3 runs)
  FRT               :    0% ±0  (in 2 runs)
  MRK               :    0% ±0  (in 2 runs)
  PYR               :    0% ±0  (in 2 runs)
  SHK               :    0% ±0  (in 2 runs)
  GRN               :  100% ±0  (in 1 runs)
  RCL               :    0% ±0  (in 1 runs)
  VNM               :    0% ±0  (in 1 runs)

RUN WIN-RATE BY SPEC (campaign runs fielding it):
  HHT               :    0% ±0  (in 3 runs)
  PHN               :    0% ±0  (in 2 runs)
  SNT               :    0% ±0  (in 2 runs)
  ADN               :    0% ±0  (in 1 runs)
  PTH               :    0% ±0  (in 1 runs)

RUN WIN-RATE BY PERK (campaign runs holding it):
  LCK               :   10% ±9  (in 10 runs)
  FST               :   25% ±15  (in 8 runs)
  MOM               :   17% ±15  (in 6 runs)
  OUT               :    0% ±0  (in 6 runs)
  CQB               :    0% ±0  (in 5 runs)
  GRD               :   20% ±18  (in 5 runs)
  HRD               :   20% ±18  (in 5 runs)
  MRK               :   40% ±22  (in 5 runs)
  PLT               :    0% ±0  (in 5 runs)
  SKR               :    0% ±0  (in 5 runs)
  TNK               :   40% ±22  (in 5 runs)
  BRK               :    0% ±0  (in 4 runs)
  CLH               :   25% ±22  (in 4 runs)
  RFX               :    0% ±0  (in 4 runs)
  SGE               :   50% ±25  (in 4 runs)
  VNT               :    0% ±0  (in 4 runs)
  BND               :   33% ±27  (in 3 runs)
  EXC               :    0% ±0  (in 3 runs)
  GUN               :   33% ±27  (in 3 runs)

RUN WIN-RATE BY PURCHASE (campaign runs buying it):
  FIELD MEDKIT      :   15% ±10  (in 13 runs)
  WPN: HOLLOW POINT :   17% ±11  (in 12 runs)
  WPN: SCOPE        :   25% ±13  (in 12 runs)
  FRAG CACHE        :   27% ±13  (in 11 runs)
  COUNTER-PREP      :   11% ±10  (in 9 runs)
  WPN: STABILIZER   :   38% ±17  (in 8 runs)
  COMBAT STIMS      :   29% ±17  (in 7 runs)
  ADV. TRAINING     :   33% ±19  (in 6 runs)
  BALLISTIC PLATING :   33% ±19  (in 6 runs)
  ARMORY            :   20% ±18  (in 5 runs)
  WPN: BIPOD        :    0% ±0  (in 4 runs)
  WPN: EXTENDED MAG :    0% ±0  (in 3 runs)
  WPN: SUPPRESSOR   :    0% ±0  (in 2 runs)

RUN WIN-RATE BY EVENT-CHOICE (campaign runs taking id:arm):
  cache:2           :    0% ±0  (in 2 runs)
  distress:1        :   50% ±35  (in 2 runs)
  drill:1           :    0% ±0  (in 2 runs)
  fieldhospital:2   :    0% ±0  (in 2 runs)
  profiteer:0       :   50% ±35  (in 2 runs)
  quartermaster:1   :   50% ±35  (in 2 runs)
  reservecall:0     :   50% ±35  (in 2 runs)
  warchest:0        :    0% ±0  (in 2 runs)
═══════════════════════════════════════════════════════════════════════

batch wall-time: 8.4s  (20 matches across 10 campaigns × 2 policy, frame-cap hits: 0)
aggregate JSON -> /home/user/wt/heat-pin/docs/measurements/l5/L5-h2-b80.json
INFO: TEXTURE: [ID 2] Unloaded texture data from VRAM (GPU)
INFO: SHADER: [ID 3] Default shader unloaded successfully
INFO: TEXTURE: [ID 1] Default texture unloaded successfully
INFO: Window closed successfully
