BALANCE: heat PINNED for this batch (field-event AddHeat is a no-op; SIGHTLINE_HEATPIN=0 restores the leak)
INFO: Initializing raylib 6.0
INFO: Platform backend: DESKTOP (GLFW)
INFO: Supported raylib modules:
INFO:     > rcore:..... loaded (mandatory)
INFO:     > rlgl:...... loaded (mandatory)
INFO:     > rshapes:... loaded (optional)
INFO:     > rtextures:. loaded (optional)
INFO:     > rtext:..... loaded (optional)
INFO:     > rmodels:... loaded (optional)
INFO:     > raudio:.... loaded (optional)
INFO: DISPLAY: Trying to enable MSAA x4
INFO: DISPLAY: Device initialized successfully 
INFO:     > Display size: 1280 x 800
INFO:     > Screen size:  1280 x 800
INFO:     > Render size:  1280 x 800
INFO:     > Viewport offsets: 0, 0
INFO: GLAD: OpenGL extensions loaded successfully
INFO: GL: Supported extensions count: 229
INFO: GL: OpenGL device information:
INFO:     > Vendor:   Mesa
INFO:     > Renderer: llvmpipe (LLVM 20.1.2, 256 bits)
INFO:     > Version:  4.5 (Core Profile) Mesa 25.2.8-0ubuntu0.24.04.2
INFO:     > GLSL:     4.50
INFO: GL: VAO extension detected, VAO functions loaded successfully
INFO: GL: NPOT textures extension detected, full NPOT textures supported
INFO: GL: DXT compressed textures supported
INFO: GL: ETC2/EAC compressed textures supported
INFO: PLATFORM: DESKTOP (GLFW - X11): Initialized successfully
INFO: TEXTURE: [ID 1] Texture loaded successfully (1x1 | R8G8B8A8 | 1 mipmaps)
INFO: TEXTURE: [ID 1] Default texture loaded successfully
INFO: SHADER: [ID 1] Vertex shader compiled successfully
INFO: SHADER: [ID 2] Fragment shader compiled successfully
INFO: SHADER: [ID 3] Program shader loaded successfully
INFO: SHADER: [ID 3] Default shader loaded successfully
INFO: RLGL: Render batch vertex buffers loaded successfully in RAM (CPU)
INFO: RLGL: Render batch vertex buffers loaded successfully in VRAM (GPU)
INFO: RLGL: Default OpenGL state initialized successfully
INFO: TEXTURE: [ID 2] Texture loaded successfully (128x128 | GRAY_ALPHA | 1 mipmaps)
INFO: FONT: Default font loaded successfully (224 glyphs)
INFO: SYSTEM: Working Directory: /home/user/wt/heat-pin
INFO: TIMER: Target time per frame: 0.000 milliseconds
FINALE-KIT: Syndicate
FINALE-KIT: Syndicate
FINALE-KIT: Wardens
WAVE: +2 (MORTAR,SNIPER) [rich]
WAVE: +2 (PIKEMAN,MORTAR) [rich]
WAVE: +2 (SNIPER,SNIPER) [rich]
FINALE-KIT: Wardens
WAVE: +2 (SCREENER,SNIPER) [rich]
WAVE: +2 (CUSTODIAN,SCREENER) [rich]
WAVE: +2 (CUSTODIAN,SNIPER) [rich]
WAVE: +2 (CUSTODIAN,MEDIC) [rich]
WAVE: +2 (SCREENER,SCREENER) [rich]
WAVE: +2 (PIKEMAN,MORTAR) [rich]
REINFORCEMENTS: +2 (SCOUT,GRUNT)
REINFORCEMENTS: +2 (SCOUT,GRUNT)
REINFORCEMENTS: +3 (SCOUT,SCOUT,GRUNT)
FINALE-KIT: Syndicate
match 5/20  (W:2 L:3 cap:0)  4.0s
FINALE-KIT: Syndicate
WAVE: +3 (SAPPER,BERSERKER,SNIPER) [rich]
WAVE: +3 (SPOTTER,SHIELD,SHIELD) [rich]
WAVE: +3 (MORTAR,PIKEMAN,SAPPER) [rich]
FINALE-KIT: Syndicate
WAVE: +3 (BRUISER,BRUISER,HUNTER) [rich]
WAVE: +3 (BERSERKER,BRUISER,BRUISER) [rich]
WAVE: +3 (HUNTER,HOUND,HUNTER) [rich]
WAVE: +3 (STRIKER,BRUISER,HUNTER) [rich]
WAVE: +3 (HUNTER,BERSERKER,HUNTER) [rich]
WAVE: +3 (BERSERKER,HUNTER,BERSERKER) [rich]
FINALE-KIT: Syndicate
WAVE: +3 (HUNTER,BERSERKER,BERSERKER) [rich]
WAVE: +3 (HOUND,HUNTER,HOUND) [rich]
WAVE: +3 (BERSERKER,STRIKER,BERSERKER) [rich]
FINALE-KIT: Legion
REINFORCEMENTS: +2 (GRUNT,SCOUT)
REINFORCEMENTS: +2 (GRUNT,GRUNT)
REINFORCEMENTS: +3 (SCOUT,GRUNT,SCOUT)
REINFORCEMENTS: +2 (GRUNT,SCOUT)
REINFORCEMENTS: +2 (GRUNT,GRUNT)
FINALE-KIT: Legion
REINFORCEMENTS: +2 (GRUNT,SCOUT)
REINFORCEMENTS: +2 (GRUNT,SCOUT)
REINFORCEMENTS: +2 (GRUNT,SCOUT)
REINFORCEMENTS: +2 (SCOUT,SCOUT)
match 10/20  (W:5 L:5 cap:0)  6.6s
FINALE-KIT: Wardens
WAVE: +3 (STRIKER,BRUISER,SHIELD) [rich]
WAVE: +3 (SHIELD,MEDIC,BERSERKER) [rich]
WAVE: +3 (DRONE,GRUNT,GRUNT) [rich]
FINALE-KIT: Wardens
WAVE: +3 (STRIKER,SAPPER,GRUNT) [rich]
WAVE: +3 (STRIKER,SCREENER,SHIELD) [rich]
WAVE: +3 (SAPPER,SAPPER,SHIELD) [rich]
FINALE-KIT: Syndicate
WAVE: +2 (PIKEMAN,MORTAR) [rich]
WAVE: +2 (SCOUT,SNIPER) [rich]
WAVE: +2 (SCOUT,SCOUT) [rich]
FINALE-KIT: Syndicate
WAVE: +2 (SCOUT,SNIPER) [rich]
WAVE: +2 (SNIPER,SNIPER) [rich]
WAVE: +2 (SCOUT,SNIPER) [rich]
FINALE-KIT: Legion
match 15/20  (W:8 L:7 cap:0)  8.1s
FINALE-KIT: Legion
FINALE-KIT: Syndicate
WAVE: +3 (BERSERKER,BERSERKER,BRUISER) [rich]
WAVE: +3 (BERSERKER,LANCER,BRUISER) [rich]
WAVE: +3 (GRUNT,HOUND,STRIKER) [rich]
FINALE-KIT: Syndicate
WAVE: +3 (BRUISER,BRUISER,WARBRINGER) [rich]
WAVE: +3 (BRUISER,BERSERKER,BERSERKER) [rich]
WAVE: +3 (STRIKER,GRUNT,HUNTER) [rich]
WAVE: +3 (HUNTER,LANCER,LANCER) [rich]
WAVE: +3 (LANCER,BRUISER,STRIKER) [rich]
WAVE: +3 (BRUISER,BERSERKER,HOUND) [rich]
FINALE-KIT: Wardens
REINFORCEMENTS: +2 (GRUNT,SCOUT)
REINFORCEMENTS: +2 (GRUNT,GRUNT)
FINALE-KIT: Wardens
match 20/20  (W:12 L:8 cap:0)  9.1s

══════════════════════ SIGHTLINE BALANCE REPORT ══════════════════════
runs=20  missions=90

RUN OUTCOMES (campaign):  win-rate   60%   avg missions cleared 4.9

POLICY GAP (optimal vs human-error; campaign runs only):
  greedy win-rate   60%  (n=10)
  sloppy win-rate   60%  (n=10)
  GAP    0 pts  (healthy slack)
  PAIRED (same-seed slots): pairs=10  concordant=4  discordant greedy-only-won=3 / sloppy-only-won=3  paired gap    0 pts
  PER-SLOT RECORDS (greedy | sloppy: outcome + missions cleared; margin = g−s):
    slot  60 @h-1: W 6 | L 2   margin +4
    slot  61 @h-1: W 6 | L 5   margin +1
    slot  62 @h-1: L 2 | W 6   margin -4
    slot  63 @h-1: W 6 | W 6   margin +0
    slot  64 @h-1: L 3 | L 3   margin +0
    slot  65 @h-1: L 4 | W 6   margin -2
    slot  66 @h-1: W 6 | L 3   margin +3
    slot  67 @h-1: W 6 | W 6   margin +0
    slot  68 @h-1: W 6 | W 6   margin +0
    slot  69 @h-1: L 4 | W 6   margin -2
  PAIRED MARGIN (missions cleared, all pairs): +0.00 ±0.75 SE  (n=10 pairs)
  by objective (greedy / sloppy / gap):
    Decapitate :   88% /   78% / gap   10
    Defend     :  100% /  100% / gap    0
    Eliminate  :  100% /  100% / gap    0
    Escort     :   71% /   86% / gap  -14
    Evac       :  100% /   50% / gap   50
    Hack       :   50% /  100% / gap  -50
    Rescue     :  100% /  100% / gap    0

DECISION RICHNESS / SWING:
  meaningful-choices/turn 3.83   lead-swings/match 0.6   avg max-swing 36.4
  [shot-gate] acting-soldiers/turn 4.21   armed-soldiers/turn 1.64   armed-fraction 39%   turns-with-a-shot 55%   choices/ARMED-soldier-turn 2.33
  [choice-split] los-targets/ARMED 2.78   target-choices/ARMED 0.51   position-choices/ARMED 1.82

RUN COMPLETION BY HEAT (full-campaign clears):
  heat -1:   60% ±11  (n=20 runs, avg 4.9 missions)
  HEAT LEAK: pinned=yes  heat-raising picks=0  campaigns raised=0  missions off-rung=0/90
  STALEMATES: mission-cap 4  run-cap 0   [slot 60 s m3 Evac mis rt=60]  [slot 62 g m3 Escort mis rt=59]  [slot 65 g m5 Escort mis rt=68]  [slot 66 s m4 Escort mis rt=64]

INTEL ECONOMY BY HEAT (campaign runs; heat-bonus = the Heat.IntelBonus share of income):
  heat -1: earned  160.8/run   heat-bonus   0.0 (   0% of income)   spent  147.7   unspent   13.2

MISSION WIN-RATE BY HEAT:
  heat -1:   91%  (n=90, avg 7.5 turns)

MISSION WIN-RATE BY OBJECTIVE:
  Eliminate  :  100% ±0  (n=26, avg 3.6 turns)
  Decapitate :   82% ±9  (n=17, avg 4.6 turns)
  Escort     :   79% ±11  (n=14, avg 20.6 turns)
  Rescue     :  100% ±0  (n=13, avg 3.0 turns)
  Defend     :  100% ±0  (n=11, avg 9.0 turns)
  Evac       :   75% ±22  (n=4, avg 14.3 turns)
  Hack       :   75% ±22  (n=4, avg 4.5 turns)
  Sabotage   :  100% ±0  (n=1, avg 4.0 turns)

MISSION WIN-RATE BY OBJECTIVE x NODE KIND (a capstone must never pool with a mid-run node):
  Eliminate  : Start: 100%(n=20)  Combat: 100%(n=4)  Supply: 100%(n=2)
               depth: m1:100%(20) m2:100%(4) m5:100%(2)
  Decapitate : Boss:  92%(n=13)  Supply: 100%(n=2)  Combat:   0%(n=2)
               depth: m2:100%(2) m4:0%(2) m6:92%(13)
  Escort     : Combat: 100%(n=8)  Supply:  50%(n=4)  Elite:  50%(n=2)
               depth: m2:100%(2) m3:75%(4) m4:50%(2) m5:83%(6)
  Rescue     : Combat: 100%(n=6)  Elite: 100%(n=5)  Supply: 100%(n=2)
               depth: m2:100%(4) m3:100%(6) m4:100%(3)
  Defend     : Combat: 100%(n=6)  Supply: 100%(n=3)  Elite: 100%(n=2)
               depth: m2:100%(2) m3:100%(2) m4:100%(7)
  Evac       : Combat:  50%(n=2)  Elite: 100%(n=2)
               depth: m3:75%(4)
  Hack       : Elite:  75%(n=4)
               depth: m3:100%(2) m5:50%(2)
  Sabotage   : Combat: 100%(n=1)
               depth: m5:100%(1)

ENCOUNTER COMPLETION on MID-RUN nodes (Combat+Elite) — clear% is the share of the fight actually fought:
  objective     n   win%   turns   force    +rf  killed  clear%   prs  WONclear%
  Rescue        11  100%     3.1    5.82   0.00    0.00     0.0  0.00      0.0 (n=11)
  Escort        10   90%    17.5    6.00   0.00    2.90    48.3  0.00     41.5 (n=9)
  Defend         8  100%     9.0    3.00   7.50    4.38    41.7  0.00     41.7 (n=8)
  Evac           4   75%    14.3    6.00   0.00    1.25    20.8  0.00      0.0 (n=3)
  Eliminate      4  100%     6.5    5.50   0.00    5.50   100.0  1.25    100.0 (n=4)
  Hack           4   75%     4.5    8.00   0.50    1.25    14.7  0.50     17.4 (n=3)
  Decapitate     2    0%    11.0    6.00   4.00    1.00    10.0  3.00      0.0 (n=0)
  Sabotage       1  100%     4.0    5.00   0.00    2.00    40.0  0.00     40.0 (n=1)
  ---- the two classes ----
  KILL           6   67%     8.0    5.67   1.33    4.00    57.1  1.83    100.0 (n=4)
  NON-KILL      38   92%     9.5    5.50   1.63    2.00    28.0  0.05     25.4 (n=35)

DECAPITATE HVT (buff = +6+1*mission HP, +6 aim; ELITE exempt):
  EXEMPT  :   92% ±7  (n=13, avg 3.9 turns, HVT 21.9 max HP)  [m6:92%(13)]
  BUFFED  :   50% ±25  (n=4, avg 7.0 turns, HVT 19.3 max HP)  [m2:100%(2) m4:0%(2)]

MISSION WIN-RATE BY MISSION #:
  m1:  100% ±0  (n=20)
  m2:  100% ±0  (n=14)
  m3:   89% ±7  (n=18)
  m4:   79% ±11  (n=14)
  m5:   82% ±12  (n=11)
  m6:   92% ±7  (n=13)

LOSS CAUSES (missions):
  STALEMATE-MISSION     : 4
  RUN OVER              : 4

MISSION WIN-RATE BY ARENA (authored layouts, n>=3; procedural fallback   16% of 90 missions):
  arena  2:  100% ±0  (n=4, avg 3.3 turns)  [m2:100%(2) m3:100%(2)]
  arena 10:  100% ±0  (n=5, avg 3.0 turns)  [m1:100%(2) m3:100%(1) m6:100%(2)]
  arena 11:  100% ±0  (n=3, avg 5.3 turns)  [m2:100%(2) m4:100%(1)]
  arena 18:  100% ±0  (n=3, avg 9.7 turns)  [m2:100%(1) m5:100%(2)]
  arena 21:  100% ±0  (n=4, avg 5.8 turns)  [m1:100%(2) m4:100%(2)]
  arena 23:  100% ±0  (n=4, avg 3.8 turns)  [m1:100%(2) m6:100%(2)]
  arena 25:   86% ±13  (n=7, avg 13.0 turns)  [m2:100%(2) m3:100%(2) m4:100%(1) m5:50%(2)]
  arena 28:  100% ±0  (n=4, avg 8.8 turns)  [m1:100%(2) m3:100%(2)]
  arena 29:  100% ±0  (n=4, avg 3.0 turns)  [m1:100%(2) m2:100%(1) m6:100%(1)]
  arena 30:   75% ±22  (n=4, avg 15.8 turns)  [m3:100%(2) m4:50%(2)]
  arena 32:  100% ±0  (n=3, avg 2.0 turns)  [m1:100%(2) m4:100%(1)]
  procedural:   86% ±9  (n=14, avg 8.4 turns)  [m1:100%(3) m2:100%(3) m3:75%(4) m4:100%(2) m6:50%(2)]

DEPLOYMENT GEOMETRY (opening shape; choices/ARMED is the wave's real gate):
  FRONTAL   :   93%  (n=55, avg 7.8 turns)  choices/turn 4.26  choices/ARMED 2.57  los-targets/ARMED 2.71
  PINCER    :   88% ±7  (n=24, avg 8.1 turns)  choices/turn 3.31  choices/ARMED 1.97  los-targets/ARMED 3.14
  ENVELOP   :   91% ±9  (n=11, avg 5.0 turns)  choices/turn 2.15  choices/ARMED 1.58  los-targets/ARMED 1.90

ARENA FUNNEL (Mission.Build exits, n=98 builds, all modes):
  authored-applied    :  83.7%  (n=82)
  connectivity-reject :   0.0%  (n=0)
  procedural-roll     :  16.3%  (n=16)

DECK EXPOSURE (campaign runs n=20):
  distinct authored arenas/run : 3.80 mean (all runs)
  ... full-depth runs only     : 4.33 mean over 4.9 fights/run (n=12)
  Defend dealt on the route    :   55% of runs (n=11)

ENEMY DECISION MIX (contested acts=704; all-downed acts not counted=375):
  shoot           421    60%
  hunker           97    14%
  move             73    10%
  grenade          31     4%
  siege            29     4%
  reload           16     2%
  heal             12     2%
  item             12     2%
  brace             5     1%
  shove             4     1%
  overwatch         3     0%
  staleplan         1     0%

  the shot on the table (acts where the chosen tile HAD a shot = 492):
    hit% band     taken   share   E[dmg]/shot   declined   share   E[dmg]/shot
      0-19           1      0%          1.59          1     33%          1.59
     20-39           9      2%          1.03          1     33%          0.71
     40-59          38      9%          2.18          1     33%          1.81
     60-79         156     37%          2.75          0      0%          0.00
      80+          217     52%          3.90          0      0%          0.00
    TOTAL           421                              3
  taken   86% / DECLINED    1% / preempted by another verb   14%
  enemy lanes held (overwatch+brace) 8; reaction shots fired 2  ->   25% of lanes paid off   [C2: DeclineWatchRatio is a bet on this number]

ACTION MIX (verbs issued, by policy):
  verb                  greedy        sloppy
  MOVE               614   30%     755   33%
  HUNKER             472   23%     624   27%
  SHOOT              303   15%     362   16%
  OVERWATCH          364   18%     208    9%
  BRACE               52    3%      52    2%
  RELOAD              48    2%      45    2%
  INTEL               40    2%      38    2%
  FOCUS               19    1%      49    2%
  STABILIZE           21    1%      30    1%
  MARK                16    1%      16    1%
  ITEM:SMOKE          14    1%      16    1%
  SLIPSTREAM          17    1%      13    1%
  BEACON              13    1%      11    0%
  PATCH                9    0%       9    0%
  PIN                  6    0%      12    1%
  EXTRACT              7    0%       8    0%
  REARM                4    0%       7    0%
  HACK                 4    0%       4    0%
  GRAPPLE              3    0%       4    0%
  GRENADE              2    0%       4    0%
  PLANT                0    0%       3    0%
  DRAG                 2    0%       0    0%
  ITEM:FLASH           0    0%       2    0%
  BARREL               0    0%       1    0%

PLAYER CLASS PERFORMANCE:
  class        shots   hit%   dmg   kills
  SHARPSHOOTER    199    88%   1339     90
  GUNNER         172    84%    759     48
  RANGER         119    83%    655     41
  ASSAULT        148    82%    605     35
  CORPSMAN        65    82%    205      8

SOLDIER DEATHS BY ENEMY CLASS (threat ranking):
  LANCER     : 9
  BURN       : 8
  HUNTER     : 6
  STRIKE     : 5
  BERSERKER  : 5
  BRUISER    : 5
  ELITE      : 4
  MORTAR     : 3
  SNIPER     : 3
  GRUNT      : 2
  SCREENER   : 2
  TURRET     : 1
  SCOUT      : 1
  DRONE      : 1

SOLDIER DOWNS (FUL-7 bleed-out): 158 downs -> revived 10 / recovered 60 / bled out 70 / finished 16  (save-rate   46%)
  corpsman fielded in 37 missions

ENEMY COMPOSITION (spawns; faction-stamped fights n=446 / default-cascade fights n=151):
  class        faction         default
  SCOUT           25    6%       49   32%
  GRUNT           33    7%       27   18%
  ELITE           41    9%        4    3%
  BERSERKER       43   10%        2    1%
  HUNTER          34    8%        8    5%
  BRUISER         37    8%        3    2%
  SAPPER          20    4%       15   10%
  SNIPER          27    6%        7    5%
  HOUND           20    4%        5    3%
  STRIKER         16    4%        6    4%
  SHIELD          13    3%        8    5%
  SCREENER        18    4%        3    2%
  LANCER          19    4%        2    1%
  DRONE           17    4%        3    2%
  TURRET          16    4%        0    0%
  MORTAR          15    3%        1    1%
  CUSTODIAN       12    3%        0    0%
  PIKEMAN         11    2%        1    1%
  SPOTTER          7    2%        4    3%
  MEDIC            8    2%        2    1%
  BOMBARD          9    2%        1    1%
  WARBRINGER       5    1%        0    0%

PERK PICK FREQUENCY:
  FST           : 14
  MRK           : 14
  RFX           : 14
  MOM           : 12
  EXC           : 11
  LCK           : 9
  GUN           : 9
  CLH           : 8
  GRD           : 8
  SKR           : 8
  CQB           : 8
  VNT           : 6
  BRK           : 6
  HRD           : 6
  PLT           : 6
  OUT           : 6
  SGE           : 5
  TNK           : 5
  BND           : 3

SHOP PURCHASE FREQUENCY:
  FIELD MEDKIT      : 67
  WPN: HOLLOW POINT : 40
  WPN: SCOPE        : 34
  WPN: STABILIZER   : 24
  WPN: BIPOD        : 21
  BALLISTIC PLATING : 17
  WPN: SUPPRESSOR   : 15
  COMBAT STIMS      : 14
  FRAG CACHE        : 14
  WPN: EXTENDED MAG : 14
  ARMORY            : 11
  ADV. TRAINING     : 11
  COUNTER-PREP      : 7

BOON PICK FREQUENCY (PROCS = effect fires at instrumented sites; '-' = not instrumented;
                      PYR counts the +2-turn-burn half only — the Burning-immunity half is uninstrumented):
  code                 picks   PROCS
  RPD               :     8       -
  ADR               :     7       -
  FDR               :     7       0
  PYR               :     6       0
  GRN               :     5       -
  SHK               :     5       6
  FST               :     4      59
  RCL               :     4       0
  VNM               :     4       -
  EXE               :     3       -
  FRT               :     3       -
  FVR               :     3       -
  MRK               :     3       -
  SCV               :     3       -
  TRR               :     3      14
  GHO               :     2       -

RUN WIN-RATE BY BOON (campaign runs holding it):
  RPD               :   63% ±17  (in 8 runs)
  ADR               :   86% ±13  (in 7 runs)
  FDR               :   71% ±17  (in 7 runs)
  PYR               :   67% ±19  (in 6 runs)
  GRN               :   20% ±18  (in 5 runs)
  SHK               :   80% ±18  (in 5 runs)
  FST               :  100% ±0  (in 4 runs)
  RCL               :   75% ±22  (in 4 runs)
  VNM               :   75% ±22  (in 4 runs)
  EXE               :   33% ±27  (in 3 runs)
  FRT               :   67% ±27  (in 3 runs)
  FVR               :   67% ±27  (in 3 runs)
  MRK               :   33% ±27  (in 3 runs)
  SCV               :   67% ±27  (in 3 runs)
  TRR               :  100% ±0  (in 3 runs)
  GHO               :   50% ±35  (in 2 runs)

RUN WIN-RATE BY SPEC (campaign runs fielding it):
  SNT               :   63% ±17  (in 8 runs)
  HHT               :   40% ±22  (in 5 runs)
  ANC               :  100% ±0  (in 4 runs)
  ADN               :   67% ±27  (in 3 runs)
  BRC               :  100% ±0  (in 2 runs)
  JUG               :    0% ±0  (in 1 runs)
  MED               :    0% ±0  (in 1 runs)
  PTH               :  100% ±0  (in 1 runs)

RUN WIN-RATE BY PERK (campaign runs holding it):
  MRK               :   50% ±14  (in 12 runs)
  FST               :   55% ±15  (in 11 runs)
  EXC               :   67% ±16  (in 9 runs)
  GUN               :   67% ±16  (in 9 runs)
  RFX               :   67% ±16  (in 9 runs)
  MOM               :   75% ±15  (in 8 runs)
  CLH               :   71% ±17  (in 7 runs)
  CQB               :   57% ±19  (in 7 runs)
  LCK               :   71% ±17  (in 7 runs)
  SKR               :   50% ±20  (in 6 runs)
  VNT               :   67% ±19  (in 6 runs)
  GRD               :   80% ±18  (in 5 runs)
  HRD               :   80% ±18  (in 5 runs)
  OUT               :   80% ±18  (in 5 runs)
  PLT               :   60% ±22  (in 5 runs)
  SGE               :  100% ±0  (in 5 runs)
  TNK               :   40% ±22  (in 5 runs)
  BRK               :   50% ±25  (in 4 runs)
  BND               :   67% ±27  (in 3 runs)

RUN WIN-RATE BY PURCHASE (campaign runs buying it):
  FIELD MEDKIT      :   60% ±11  (in 20 runs)
  WPN: HOLLOW POINT :   65% ±12  (in 17 runs)
  WPN: SCOPE        :   79% ±11  (in 14 runs)
  BALLISTIC PLATING :   64% ±15  (in 11 runs)
  FRAG CACHE        :   64% ±15  (in 11 runs)
  ARMORY            :   50% ±16  (in 10 runs)
  WPN: BIPOD        :   80% ±13  (in 10 runs)
  WPN: STABILIZER   :   70% ±14  (in 10 runs)
  WPN: SUPPRESSOR   :   80% ±13  (in 10 runs)
  COMBAT STIMS      :   75% ±15  (in 8 runs)
  ADV. TRAINING     :   67% ±19  (in 6 runs)
  WPN: EXTENDED MAG :   67% ±19  (in 6 runs)
  COUNTER-PREP      :   80% ±18  (in 5 runs)

RUN WIN-RATE BY EVENT-CHOICE (campaign runs taking id:arm):
  grave:1           :   75% ±22  (in 4 runs)
  bloodfeud:1       :  100% ±0  (in 2 runs)
  defector:0        :   50% ±35  (in 2 runs)
  distress:1        :   50% ±35  (in 2 runs)
  drill:1           :  100% ±0  (in 2 runs)
  profiteer:0       :  100% ±0  (in 2 runs)
  reservecall:0     :  100% ±0  (in 1 runs)
  warpension:1      :  100% ±0  (in 1 runs)
═══════════════════════════════════════════════════════════════════════

batch wall-time: 9.1s  (20 matches across 10 campaigns × 2 policy, frame-cap hits: 0)
aggregate JSON -> /home/user/wt/heat-pin/docs/measurements/l5/L5-hR-b60.json
INFO: TEXTURE: [ID 2] Unloaded texture data from VRAM (GPU)
INFO: SHADER: [ID 3] Default shader unloaded successfully
INFO: TEXTURE: [ID 1] Default texture unloaded successfully
INFO: Window closed successfully
