BALANCE: heat PINNED for this batch (field-event AddHeat is a no-op; SIGHTLINE_HEATPIN=0 restores the leak)
INFO: Initializing raylib 6.0
INFO: Platform backend: DESKTOP (GLFW)
INFO: Supported raylib modules:
INFO:     > rcore:..... loaded (mandatory)
INFO:     > rlgl:...... loaded (mandatory)
INFO:     > rshapes:... loaded (optional)
INFO:     > rtextures:. loaded (optional)
INFO:     > rtext:..... loaded (optional)
INFO:     > rmodels:... loaded (optional)
INFO:     > raudio:.... loaded (optional)
INFO: DISPLAY: Trying to enable MSAA x4
INFO: DISPLAY: Device initialized successfully 
INFO:     > Display size: 1280 x 800
INFO:     > Screen size:  1280 x 800
INFO:     > Render size:  1280 x 800
INFO:     > Viewport offsets: 0, 0
INFO: GLAD: OpenGL extensions loaded successfully
INFO: GL: Supported extensions count: 229
INFO: GL: OpenGL device information:
INFO:     > Vendor:   Mesa
INFO:     > Renderer: llvmpipe (LLVM 20.1.2, 256 bits)
INFO:     > Version:  4.5 (Core Profile) Mesa 25.2.8-0ubuntu0.24.04.2
INFO:     > GLSL:     4.50
INFO: GL: VAO extension detected, VAO functions loaded successfully
INFO: GL: NPOT textures extension detected, full NPOT textures supported
INFO: GL: DXT compressed textures supported
INFO: GL: ETC2/EAC compressed textures supported
INFO: PLATFORM: DESKTOP (GLFW - X11): Initialized successfully
INFO: TEXTURE: [ID 1] Texture loaded successfully (1x1 | R8G8B8A8 | 1 mipmaps)
INFO: TEXTURE: [ID 1] Default texture loaded successfully
INFO: SHADER: [ID 1] Vertex shader compiled successfully
INFO: SHADER: [ID 2] Fragment shader compiled successfully
INFO: SHADER: [ID 3] Program shader loaded successfully
INFO: SHADER: [ID 3] Default shader loaded successfully
INFO: RLGL: Render batch vertex buffers loaded successfully in RAM (CPU)
INFO: RLGL: Render batch vertex buffers loaded successfully in VRAM (GPU)
INFO: RLGL: Default OpenGL state initialized successfully
INFO: TEXTURE: [ID 2] Texture loaded successfully (128x128 | GRAY_ALPHA | 1 mipmaps)
INFO: FONT: Default font loaded successfully (224 glyphs)
INFO: SYSTEM: Working Directory: /home/user/wt/heat-pin
INFO: TIMER: Target time per frame: 0.000 milliseconds
FINALE-KIT: Legion
WAVE: +2 (STRIKER,SNIPER) [rich]
WAVE: +2 (SCOUT,DRONE) [rich]
WAVE: +2 (DRONE,HOUND) [rich]
REINFORCEMENTS: +2 (GRUNT,SCOUT)
FINALE-KIT: Legion
WAVE: +2 (HOUND,HOUND) [rich]
WAVE: +2 (HUNTER,SNIPER) [rich]
FINALE-KIT: Syndicate
FINALE-KIT: Syndicate
FINALE-KIT: Syndicate
WAVE: +2 (SNIPER,GRUNT) [rich]
WAVE: +2 (BERSERKER,SPOTTER) [rich]
WAVE: +2 (HUNTER,SPOTTER) [rich]
REINFORCEMENTS: +2 (GRUNT,SCOUT)
REINFORCEMENTS: +2 (SCOUT,GRUNT)
match 5/20  (W:0 L:5 cap:0)  3.3s
FINALE-KIT: Syndicate
WAVE: +2 (DRONE,BERSERKER) [rich]
WAVE: +2 (SHIELD,PIKEMAN) [rich]
WAVE: +2 (SCREENER,BERSERKER) [rich]
REINFORCEMENTS: +2 (SCOUT,SCOUT)
FINALE-KIT: Syndicate
WAVE: +2 (GRUNT,DRONE) [rich]
WAVE: +2 (SHIELD,GRUNT) [rich]
WAVE: +2 (DRONE,SAPPER) [rich]
FINALE-KIT: Syndicate
WAVE: +2 (DRONE,GRUNT) [rich]
WAVE: +2 (SHIELD,GRUNT) [rich]
FINALE-KIT: Syndicate
FINALE-KIT: Syndicate
WAVE: +2 (GRUNT,DRONE) [rich]
WAVE: +2 (DRONE,SHIELD) [rich]
WAVE: +2 (GRUNT,SAPPER) [rich]
REINFORCEMENTS: +2 (SCOUT,GRUNT)
match 10/20  (W:3 L:7 cap:0)  6.0s
FINALE-KIT: Syndicate
WAVE: +2 (BERSERKER,BRUISER) [rich]
WAVE: +2 (HOUND,STRIKER) [rich]
WAVE: +2 (BERSERKER,BERSERKER) [rich]
WAVE: +3 (HUNTER,HUNTER,WARBRINGER) [rich]
WAVE: +3 (STRIKER,BRUISER,GRUNT) [rich]
WAVE: +3 (BERSERKER,HUNTER,BRUISER) [rich]
REINFORCEMENTS: +2 (GRUNT,SCOUT)
REINFORCEMENTS: +2 (SCOUT,GRUNT)
FINALE-KIT: Syndicate
WAVE: +2 (LANCER,BERSERKER) [rich]
WAVE: +2 (HOUND,HOUND) [rich]
WAVE: +2 (HUNTER,BERSERKER) [rich]
WAVE: +3 (HUNTER,HUNTER,BRUISER) [rich]
WAVE: +3 (BERSERKER,HUNTER,STRIKER) [rich]
WAVE: +2 (BERSERKER,LANCER) [rich]
WAVE: +3 (GRUNT,WARBRINGER,HUNTER) [rich]
WAVE: +3 (BRUISER,BRUISER,BERSERKER) [rich]
WAVE: +3 (GRUNT,LANCER,HUNTER) [rich]
FINALE-KIT: Syndicate
WAVE: +3 (SPOTTER,GRUNT,SAPPER) [rich]
WAVE: +3 (SHIELD,SPOTTER,SHIELD) [rich]
WAVE: +3 (SPOTTER,DRONE,DRONE) [rich]
WAVE: +3 (SHIELD,DRONE,SPOTTER) [rich]
WAVE: +2 (SPOTTER,SHIELD) [rich]
WAVE: +3 (DRONE,DRONE,DRONE) [rich]
WAVE: +3 (SPOTTER,SHIELD,DRONE) [rich]
FINALE-KIT: Syndicate
WAVE: +3 (SAPPER,SHIELD,DRONE) [rich]
WAVE: +2 (DRONE,GRUNT) [rich]
WAVE: +3 (SCREENER,CUSTODIAN,DRONE) [rich]
WAVE: +3 (DRONE,SHIELD,DRONE) [rich]
WAVE: +3 (DRONE,SAPPER,DRONE) [rich]
FINALE-KIT: Legion
WAVE: +2 (GRUNT,HUNTER) [rich]
WAVE: +2 (BERSERKER,HOUND) [rich]
match 15/20  (W:4 L:11 cap:0)  7.8s
FINALE-KIT: Legion
WAVE: +2 (LANCER,LANCER) [rich]
WAVE: +2 (BERSERKER,BERSERKER) [rich]
WAVE: +2 (HUNTER,STRIKER) [rich]
FINALE-KIT: Syndicate
WAVE: +2 (GRUNT,HUNTER) [rich]
WAVE: +2 (STRIKER,HUNTER) [rich]
WAVE: +2 (GRUNT,MORTAR) [rich]
WAVE: +2 (STRIKER,HUNTER) [rich]
WAVE: +2 (SHIELD,SNIPER) [rich]
WAVE: +2 (PIKEMAN,SPOTTER) [rich]
REINFORCEMENTS: +2 (GRUNT,SCOUT)
FINALE-KIT: Syndicate
WAVE: +2 (MORTAR,BERSERKER) [rich]
WAVE: +2 (SAPPER,WARBRINGER) [rich]
WAVE: +2 (MORTAR,SAPPER) [rich]
WAVE: +2 (CUSTODIAN,SCREENER) [rich]
WAVE: +2 (SNIPER,SCREENER) [rich]
WAVE: +2 (BERSERKER,SAPPER) [rich]
FINALE-KIT: Legion
WAVE: +3 (HUNTER,SAPPER,STRIKER) [rich]
WAVE: +3 (SNIPER,SAPPER,GRUNT) [rich]
WAVE: +2 (HOUND,MORTAR) [rich]
FINALE-KIT: Legion
WAVE: +3 (DRONE,HOUND,DRONE) [rich]
WAVE: +3 (MORTAR,BERSERKER,MEDIC) [rich]
WAVE: +3 (HUNTER,HOUND,DRONE) [rich]
REINFORCEMENTS: +2 (GRUNT,GRUNT)
match 20/20  (W:7 L:13 cap:0)  9.4s

══════════════════════ SIGHTLINE BALANCE REPORT ══════════════════════
runs=20  missions=80

RUN OUTCOMES (campaign):  win-rate   35%   avg missions cleared 3.9

POLICY GAP (optimal vs human-error; campaign runs only):
  greedy win-rate   30%  (n=10)
  sloppy win-rate   40%  (n=10)
  GAP  -10 pts  (healthy slack)
  PAIRED (same-seed slots): pairs=10  concordant=5  discordant greedy-only-won=2 / sloppy-only-won=3  paired gap  -10 pts
  PER-SLOT RECORDS (greedy | sloppy: outcome + missions cleared; margin = g−s):
    slot 140 @h4: L 5 | L 1   margin +4
    slot 141 @h4: L 2 | L 2   margin +0
    slot 142 @h4: L 3 | W 6   margin -3
    slot 143 @h4: W 6 | L 1   margin +5
    slot 144 @h4: L 0 | W 6   margin -6
    slot 145 @h4: W 6 | L 3   margin +3
    slot 146 @h4: L 4 | L 3   margin +1
    slot 147 @h4: L 1 | L 5   margin -4
    slot 148 @h4: L 5 | W 6   margin -1
    slot 149 @h4: W 6 | W 6   margin +0
  PAIRED MARGIN (missions cleared, all pairs): -0.10 ±1.12 SE  (n=10 pairs)
  by objective (greedy / sloppy / gap):
    Decapitate :   63% /   88% / gap  -25
    Defend     :   80% /   60% / gap   20
    Eliminate  :   82% /   91% / gap   -9
    Escort     :  100% /  100% / gap    0
    Hack       :  100% /  100% / gap    0
    Rescue     :  100% /  100% / gap    0
    Sabotage   :  100% /  100% / gap    0

DECISION RICHNESS / SWING:
  meaningful-choices/turn 3.37   lead-swings/match 0.6   avg max-swing 46.5
  [shot-gate] acting-soldiers/turn 3.24   armed-soldiers/turn 1.38   armed-fraction 43%   turns-with-a-shot 56%   choices/ARMED-soldier-turn 2.44
  [choice-split] los-targets/ARMED 2.75   target-choices/ARMED 0.49   position-choices/ARMED 1.94

RUN COMPLETION BY HEAT (full-campaign clears):
  heat 4:   35% ±11  (n=20 runs, avg 3.9 missions)
  HEAT LEAK: pinned=yes  heat-raising picks=0  campaigns raised=0  missions off-rung=0/80
  STALEMATES: mission-cap 1  run-cap 0   [slot 141 s m3 Eliminate mis rt=53]

INTEL ECONOMY BY HEAT (campaign runs; heat-bonus = the Heat.IntelBonus share of income):
  heat 4: earned  190.0/run   heat-bonus  60.0 (  32% of income)   spent  176.3   unspent   13.7

MISSION WIN-RATE BY HEAT:
  heat 4:   84%  (n=80, avg 5.6 turns)

MISSION WIN-RATE BY OBJECTIVE:
  Eliminate  :   86% ±7  (n=22, avg 5.7 turns)
  Defend     :   70% ±10  (n=20, avg 8.4 turns)
  Decapitate :   75% ±11  (n=16, avg 5.1 turns)
  Rescue     :  100% ±0  (n=9, avg 3.3 turns)
  Hack       :  100% ±0  (n=6, avg 3.3 turns)
  Escort     :  100% ±0  (n=4, avg 4.8 turns)
  Sabotage   :  100% ±0  (n=2, avg 2.0 turns)
  Evac       :  100% ±0  (n=1, avg 2.0 turns)

MISSION WIN-RATE BY OBJECTIVE x NODE KIND (a capstone must never pool with a mid-run node):
  Eliminate  : Start:  95%(n=20)  Combat:   0%(n=2)
               depth: m1:95%(20) m3:0%(2)
  Defend     : Supply:  88%(n=8)  Combat:  71%(n=7)  Elite:  40%(n=5)
               depth: m2:67%(9) m3:100%(4) m4:50%(4) m5:67%(3)
  Decapitate : Boss:  70%(n=10)  Combat:  75%(n=4)  Elite: 100%(n=2)
               depth: m2:100%(2) m3:100%(1) m4:50%(2) m5:100%(1) m6:70%(10)
  Rescue     : Combat: 100%(n=9)
               depth: m2:100%(2) m3:100%(2) m4:100%(2) m5:100%(3)
  Hack       : Combat: 100%(n=5)  Supply: 100%(n=1)
               depth: m2:100%(2) m4:100%(3) m5:100%(1)
  Escort     : Supply: 100%(n=2)  Combat: 100%(n=1)  Elite: 100%(n=1)
               depth: m3:100%(2) m4:100%(1) m5:100%(1)
  Sabotage   : Combat: 100%(n=2)
               depth: m3:100%(2)
  Evac       : Elite: 100%(n=1)
               depth: m4:100%(1)

ENCOUNTER COMPLETION on MID-RUN nodes (Combat+Elite) — clear% is the share of the fight actually fought:
  objective     n   win%   turns   force    +rf  killed  clear%   prs  WONclear%
  Defend        12   58%     8.2    5.50   6.67    5.42    44.5  0.00     56.8 (n=7)
  Rescue         9  100%     3.3    8.44   0.00    0.00     0.0  0.00      0.0 (n=9)
  Decapitate     6   83%     5.0    8.67   0.67    1.83    19.6  0.83     17.8 (n=5)
  Hack           5  100%     3.4    7.80   0.00    1.40    17.9  0.00     17.9 (n=5)
  Eliminate      2    0%    31.0    8.00   0.00    1.50    18.8  3.50      0.0 (n=0)
  Escort         2  100%     4.0   10.00   0.00    0.00     0.0  0.00      0.0 (n=2)
  Sabotage       2  100%     2.0    6.00   0.00    2.00    33.3  0.00     33.3 (n=2)
  Evac           1  100%     2.0   11.00   0.00    0.00     0.0  0.00      0.0 (n=1)
  ---- the two classes ----
  KILL           8   63%    11.5    8.50   0.50    1.75    19.4  1.50     17.8 (n=5)
  NON-KILL      31   84%     5.1    7.23   2.58    2.45    25.0  0.00     23.8 (n=26)

DECAPITATE HVT (buff = +6+1*mission HP, +6 aim; ELITE exempt):
  EXEMPT  :   75% ±13  (n=12, avg 5.3 turns, HVT 22.3 max HP)  [m3:100%(1) m5:100%(1) m6:70%(10)]
  BUFFED  :   75% ±22  (n=4, avg 4.5 turns, HVT 21.0 max HP)  [m2:100%(2) m4:50%(2)]

MISSION WIN-RATE BY MISSION #:
  m1:   95% ±5  (n=20)
  m2:   80% ±10  (n=15)
  m3:   85% ±10  (n=13)
  m4:   77% ±12  (n=13)
  m5:   89% ±10  (n=9)
  m6:   70% ±14  (n=10)

LOSS CAUSES (missions):
  RUN OVER              : 12
  STALEMATE-MISSION     : 1

MISSION WIN-RATE BY ARENA (authored layouts, n>=3; procedural fallback   16% of 80 missions):
  arena  5:  100% ±0  (n=6, avg 5.0 turns)  [m1:100%(2) m2:100%(4)]
  arena  6:   75% ±22  (n=4, avg 5.8 turns)  [m4:75%(4)]
  arena 12:   67% ±27  (n=3, avg 6.3 turns)  [m2:50%(2) m4:100%(1)]
  arena 13:  100% ±0  (n=3, avg 4.3 turns)  [m3:100%(1) m4:100%(1) m6:100%(1)]
  arena 14:   75% ±22  (n=4, avg 5.0 turns)  [m3:100%(1) m6:67%(3)]
  arena 15:   67% ±27  (n=3, avg 6.7 turns)  [m1:100%(2) m3:0%(1)]
  arena 19:  100% ±0  (n=3, avg 1.7 turns)  [m1:100%(2) m6:100%(1)]
  arena 28:   67% ±19  (n=6, avg 5.0 turns)  [m1:50%(2) m4:75%(4)]
  arena 30:  100% ±0  (n=3, avg 6.0 turns)  [m5:100%(1) m6:100%(2)]
  arena 31:  100% ±0  (n=5, avg 3.0 turns)  [m1:100%(2) m2:100%(1) m5:100%(2)]
  arena 32:   89% ±10  (n=9, avg 4.4 turns)  [m1:100%(2) m2:50%(2) m3:100%(3) m4:100%(1) m5:100%(1)]
  procedural:   77% ±12  (n=13, avg 8.4 turns)  [m1:100%(4) m2:100%(2) m3:75%(4) m6:33%(3)]

DEPLOYMENT GEOMETRY (opening shape; choices/ARMED is the wave's real gate):
  FRONTAL   :   79% ±8  (n=29, avg 6.9 turns)  choices/turn 2.32  choices/ARMED 2.24  los-targets/ARMED 2.26
  PINCER    :   84% ±7  (n=25, avg 5.4 turns)  choices/turn 4.87  choices/ARMED 2.82  los-targets/ARMED 3.54
  CROSSFIRE :   90% ±9  (n=10, avg 5.4 turns)  choices/turn 3.31  choices/ARMED 2.53  los-targets/ARMED 2.42
  ENVELOP   :   88% ±8  (n=16, avg 3.8 turns)  choices/turn 3.60  choices/ARMED 1.95  los-targets/ARMED 2.25

ARENA FUNNEL (Mission.Build exits, n=90 builds, all modes):
  authored-applied    :  82.2%  (n=74)
  connectivity-reject :   0.0%  (n=0)
  procedural-roll     :  17.8%  (n=16)

DECK EXPOSURE (campaign runs n=20):
  distinct authored arenas/run : 3.35 mean (all runs)
  ... full-depth runs only     : 4.86 mean over 5.6 fights/run (n=7)
  Defend dealt on the route    :   85% of runs (n=17)

ENEMY DECISION MIX (contested acts=1538; all-downed acts not counted=430):
  hunker          671    44%
  shoot           648    42%
  move            111     7%
  reload           29     2%
  grenade          17     1%
  item             15     1%
  siege            12     1%
  sap              11     1%
  brace            10     1%
  overwatch         6     0%
  shove             3     0%
  staleplan         3     0%
  heal              2     0%

  the shot on the table (acts where the chosen tile HAD a shot = 733):
    hit% band     taken   share   E[dmg]/shot   declined   share   E[dmg]/shot
      0-19           0      0%          0.00          2     33%          0.84
     20-39           9      1%          1.15          1     17%          0.81
     40-59          71     11%          1.92          3     50%          1.15
     60-79         210     32%          2.54          0      0%          0.00
      80+          358     55%          3.75          0      0%          0.00
    TOTAL           648                              6
  taken   88% / DECLINED    1% / preempted by another verb   11%
  enemy lanes held (overwatch+brace) 16; reaction shots fired 2  ->   13% of lanes paid off   [C2: DeclineWatchRatio is a bet on this number]

ACTION MIX (verbs issued, by policy):
  verb                  greedy        sloppy
  MOVE               552   44%     705   50%
  SHOOT              323   26%     319   23%
  BRACE               77    6%      65    5%
  HUNKER              51    4%      56    4%
  INTEL               36    3%      38    3%
  RELOAD              32    3%      38    3%
  STABILIZE           28    2%      30    2%
  FOCUS               36    3%      19    1%
  SLIPSTREAM          17    1%      24    2%
  MARK                23    2%      18    1%
  OVERWATCH           25    2%      11    1%
  ITEM:SMOKE          10    1%      19    1%
  PIN                 14    1%       8    1%
  GRAPPLE              9    1%      10    1%
  HACK                 6    0%       7    0%
  GRENADE              1    0%       8    1%
  BEACON               3    0%       5    0%
  EXTRACT              4    0%       4    0%
  REARM                2    0%       6    0%
  PATCH                3    0%       4    0%
  PLANT                3    0%       3    0%
  BARREL               2    0%       3    0%
  ITEM:INCENDIARY       0    0%       1    0%
  ITEM:FLASH           0    0%       1    0%

PLAYER CLASS PERFORMANCE:
  class        shots   hit%   dmg   kills
  SHARPSHOOTER    170    91%   1142     62
  GUNNER         201    88%   1001     64
  ASSAULT        179    89%    776     40
  RANGER         109    91%    645     42
  CORPSMAN        35    71%    115      7

SOLDIER DEATHS BY ENEMY CLASS (threat ranking):
  ELITE      : 12
  STRIKE     : 9
  SAPPER     : 9
  BERSERKER  : 9
  LANCER     : 8
  TURRET     : 7
  GRUNT      : 6
  SHIELD     : 6
  SNIPER     : 4
  BRUISER    : 3
  SCOUT      : 3
  BURN       : 3
  DRONE      : 3
  HOUND      : 2
  SPOTTER    : 2
  WARBRINGER : 2
  CUSTODIAN  : 2
  SCREENER   : 2
  HUNTER     : 2
  MORTAR     : 1
  PIKEMAN    : 1

SOLDIER DOWNS (FUL-7 bleed-out): 194 downs -> revived 4 / recovered 49 / bled out 123 / finished 17  (save-rate   28%)
  corpsman fielded in 19 missions

ENEMY COMPOSITION (spawns; faction-stamped fights n=565 / default-cascade fights n=216):
  class        faction         default
  GRUNT           54   10%       32   15%
  SCOUT           16    3%       59   27%
  BERSERKER       54   10%       10    5%
  DRONE           44    8%       10    5%
  STRIKER         48    8%        4    2%
  HUNTER          35    6%       10    5%
  SAPPER          34    6%       11    5%
  SCREENER        36    6%        5    2%
  SHIELD          35    6%        6    3%
  ELITE           27    5%       11    5%
  LANCER          29    5%        6    3%
  HOUND           20    4%       13    6%
  TURRET          26    5%        6    3%
  SPOTTER         24    4%        7    3%
  SNIPER          17    3%        9    4%
  BRUISER         23    4%        0    0%
  CUSTODIAN       18    3%        1    0%
  PIKEMAN          9    2%        4    2%
  MEDIC            6    1%        4    2%
  MORTAR           3    1%        5    2%
  WARBRINGER       4    1%        2    1%
  BOMBARD          3    1%        1    0%

PERK PICK FREQUENCY:
  RFX           : 12
  LCK           : 12
  MOM           : 12
  HRD           : 11
  TNK           : 11
  GUN           : 11
  CQB           : 11
  BND           : 10
  SKR           : 10
  OUT           : 9
  EXC           : 7
  BRK           : 7
  FST           : 7
  GRD           : 5
  PLT           : 4
  CLH           : 4
  SGE           : 4
  MRK           : 3
  VNT           : 3

SHOP PURCHASE FREQUENCY:
  WPN: HOLLOW POINT : 55
  FIELD MEDKIT      : 50
  WPN: SCOPE        : 48
  WPN: STABILIZER   : 30
  ADV. TRAINING     : 28
  WPN: EXTENDED MAG : 26
  WPN: BIPOD        : 18
  COMBAT STIMS      : 14
  BALLISTIC PLATING : 13
  COUNTER-PREP      : 11
  ARMORY            : 8
  FRAG CACHE        : 7
  WPN: SUPPRESSOR   : 6

BOON PICK FREQUENCY (PROCS = effect fires at instrumented sites; '-' = not instrumented;
                      PYR counts the +2-turn-burn half only — the Burning-immunity half is uninstrumented):
  code                 picks   PROCS
  FDR               :     7       0
  EXE               :     6       -
  PYR               :     6       3
  ADR               :     5       -
  FRT               :     5       -
  FST               :     5      69
  SCV               :     5       -
  VNM               :     4       -
  FVR               :     3       -
  GHO               :     3       -
  MRK               :     3       -
  TRR               :     3       8
  RPD               :     2       -
  GRN               :     1       -
  RCL               :     1       0
  SHK               :     1       0

RUN WIN-RATE BY BOON (campaign runs holding it):
  FDR               :   57% ±19  (in 7 runs)
  EXE               :   50% ±20  (in 6 runs)
  PYR               :   67% ±19  (in 6 runs)
  ADR               :   40% ±22  (in 5 runs)
  FRT               :   80% ±18  (in 5 runs)
  FST               :   80% ±18  (in 5 runs)
  SCV               :   60% ±22  (in 5 runs)
  VNM               :   75% ±22  (in 4 runs)
  FVR               :    0% ±0  (in 3 runs)
  GHO               :    0% ±0  (in 3 runs)
  MRK               :   33% ±27  (in 3 runs)
  TRR               :   33% ±27  (in 3 runs)
  RPD               :  100% ±0  (in 2 runs)
  GRN               :    0% ±0  (in 1 runs)
  RCL               :  100% ±0  (in 1 runs)
  SHK               :    0% ±0  (in 1 runs)

RUN WIN-RATE BY SPEC (campaign runs fielding it):
  ADN               :   50% ±20  (in 6 runs)
  HHT               :   20% ±18  (in 5 runs)
  JUG               :  100% ±0  (in 2 runs)
  PHN               :  100% ±0  (in 2 runs)
  ANC               :  100% ±0  (in 1 runs)
  BRC               :  100% ±0  (in 1 runs)

RUN WIN-RATE BY PERK (campaign runs holding it):
  BND               :   60% ±15  (in 10 runs)
  CQB               :   60% ±15  (in 10 runs)
  LCK               :   60% ±15  (in 10 runs)
  MOM               :   56% ±17  (in 9 runs)
  OUT               :   44% ±17  (in 9 runs)
  RFX               :   33% ±16  (in 9 runs)
  SKR               :   78% ±14  (in 9 runs)
  HRD               :   50% ±18  (in 8 runs)
  TNK               :   50% ±18  (in 8 runs)
  GUN               :   29% ±17  (in 7 runs)
  BRK               :   67% ±19  (in 6 runs)
  EXC               :   50% ±20  (in 6 runs)
  FST               :   80% ±18  (in 5 runs)
  GRD               :   25% ±22  (in 4 runs)
  PLT               :   25% ±22  (in 4 runs)
  SGE               :   50% ±25  (in 4 runs)
  CLH               :  100% ±0  (in 3 runs)
  MRK               :   67% ±27  (in 3 runs)
  VNT               :   67% ±27  (in 3 runs)

RUN WIN-RATE BY PURCHASE (campaign runs buying it):
  FIELD MEDKIT      :   44% ±12  (in 16 runs)
  WPN: HOLLOW POINT :   43% ±13  (in 14 runs)
  WPN: EXTENDED MAG :   46% ±14  (in 13 runs)
  WPN: BIPOD        :   42% ±14  (in 12 runs)
  ADV. TRAINING     :   64% ±15  (in 11 runs)
  WPN: SCOPE        :   45% ±15  (in 11 runs)
  COMBAT STIMS      :   50% ±16  (in 10 runs)
  WPN: STABILIZER   :   56% ±17  (in 9 runs)
  BALLISTIC PLATING :   63% ±17  (in 8 runs)
  COUNTER-PREP      :   57% ±19  (in 7 runs)
  ARMORY            :   33% ±19  (in 6 runs)
  FRAG CACHE        :   60% ±22  (in 5 runs)
  WPN: SUPPRESSOR   :   75% ±22  (in 4 runs)

RUN WIN-RATE BY EVENT-CHOICE (campaign runs taking id:arm):
  profiteer:0       :   33% ±27  (in 3 runs)
  depot:1           :    0% ±0  (in 2 runs)
  distress:1        :    0% ±0  (in 2 runs)
  blackmarket:2     :  100% ±0  (in 1 runs)
  grave:1           :    0% ±0  (in 1 runs)
  warchest:2        :  100% ±0  (in 1 runs)
═══════════════════════════════════════════════════════════════════════

batch wall-time: 9.4s  (20 matches across 10 campaigns × 2 policy, frame-cap hits: 0)
aggregate JSON -> /home/user/wt/heat-pin/docs/measurements/l5/L5-h4-b140.json
INFO: TEXTURE: [ID 2] Unloaded texture data from VRAM (GPU)
INFO: SHADER: [ID 3] Default shader unloaded successfully
INFO: TEXTURE: [ID 1] Default texture unloaded successfully
INFO: Window closed successfully
