BALANCE: heat PINNED for this batch (field-event AddHeat is a no-op; SIGHTLINE_HEATPIN=0 restores the leak)
INFO: Initializing raylib 6.0
INFO: Platform backend: DESKTOP (GLFW)
INFO: Supported raylib modules:
INFO:     > rcore:..... loaded (mandatory)
INFO:     > rlgl:...... loaded (mandatory)
INFO:     > rshapes:... loaded (optional)
INFO:     > rtextures:. loaded (optional)
INFO:     > rtext:..... loaded (optional)
INFO:     > rmodels:... loaded (optional)
INFO:     > raudio:.... loaded (optional)
INFO: DISPLAY: Trying to enable MSAA x4
INFO: DISPLAY: Device initialized successfully 
INFO:     > Display size: 1280 x 800
INFO:     > Screen size:  1280 x 800
INFO:     > Render size:  1280 x 800
INFO:     > Viewport offsets: 0, 0
INFO: GLAD: OpenGL extensions loaded successfully
INFO: GL: Supported extensions count: 229
INFO: GL: OpenGL device information:
INFO:     > Vendor:   Mesa
INFO:     > Renderer: llvmpipe (LLVM 20.1.2, 256 bits)
INFO:     > Version:  4.5 (Core Profile) Mesa 25.2.8-0ubuntu0.24.04.2
INFO:     > GLSL:     4.50
INFO: GL: VAO extension detected, VAO functions loaded successfully
INFO: GL: NPOT textures extension detected, full NPOT textures supported
INFO: GL: DXT compressed textures supported
INFO: GL: ETC2/EAC compressed textures supported
INFO: PLATFORM: DESKTOP (GLFW - X11): Initialized successfully
INFO: TEXTURE: [ID 1] Texture loaded successfully (1x1 | R8G8B8A8 | 1 mipmaps)
INFO: TEXTURE: [ID 1] Default texture loaded successfully
INFO: SHADER: [ID 1] Vertex shader compiled successfully
INFO: SHADER: [ID 2] Fragment shader compiled successfully
INFO: SHADER: [ID 3] Program shader loaded successfully
INFO: SHADER: [ID 3] Default shader loaded successfully
INFO: RLGL: Render batch vertex buffers loaded successfully in RAM (CPU)
INFO: RLGL: Render batch vertex buffers loaded successfully in VRAM (GPU)
INFO: RLGL: Default OpenGL state initialized successfully
INFO: TEXTURE: [ID 2] Texture loaded successfully (128x128 | GRAY_ALPHA | 1 mipmaps)
INFO: FONT: Default font loaded successfully (224 glyphs)
INFO: SYSTEM: Working Directory: /home/user/wt/heat-pin
INFO: TIMER: Target time per frame: 0.000 milliseconds
FINALE-KIT: Wardens
FINALE-KIT: Wardens
FINALE-KIT: Legion
WAVE: +2 (SCOUT,MORTAR) [rich]
WAVE: +2 (SNIPER,SCOUT) [rich]
WAVE: +2 (MEDIC,SCOUT) [rich]
WAVE: +3 (DRONE,MORTAR,HOUND) [rich]
WAVE: +3 (MEDIC,SAPPER,LANCER) [rich]
WAVE: +3 (HOUND,STRIKER,HOUND) [rich]
WAVE: +3 (HUNTER,SHIELD,SNIPER) [rich]
WAVE: +3 (SHIELD,SNIPER,BERSERKER) [rich]
WAVE: +3 (MEDIC,SNIPER,MORTAR) [rich]
FINALE-KIT: Legion
WAVE: +2 (SNIPER,GRUNT) [rich]
WAVE: +2 (MORTAR,SCOUT) [rich]
WAVE: +2 (SCOUT,SNIPER) [rich]
WAVE: +3 (HUNTER,SCREENER,SNIPER) [rich]
WAVE: +3 (DRONE,SHIELD,GRUNT) [rich]
WAVE: +3 (SAPPER,MORTAR,MORTAR) [rich]
WAVE: +3 (HOUND,SAPPER,SNIPER) [rich]
WAVE: +3 (PIKEMAN,HUNTER,SHIELD) [rich]
WAVE: +2 (MORTAR,BERSERKER) [rich]
FINALE-KIT: Legion
WAVE: +2 (SHIELD,GRUNT) [rich]
WAVE: +2 (GRUNT,GRUNT) [rich]
WAVE: +2 (GRUNT,SHIELD) [rich]
match 5/20  (W:0 L:5 cap:0)  4.0s
FINALE-KIT: Legion
WAVE: +2 (GRUNT,DRONE) [rich]
WAVE: +2 (SAPPER,GRUNT) [rich]
WAVE: +2 (DRONE,SAPPER) [rich]
FINALE-KIT: Wardens
REINFORCEMENTS: +2 (SCOUT,SCOUT)
FINALE-KIT: Wardens
FINALE-KIT: Legion
WAVE: +2 (SPOTTER,SHIELD) [rich]
WAVE: +2 (DRONE,DRONE) [rich]
WAVE: +2 (SAPPER,CUSTODIAN) [rich]
FINALE-KIT: Legion
WAVE: +2 (DRONE,CUSTODIAN) [rich]
WAVE: +2 (DRONE,SAPPER) [rich]
WAVE: +2 (SHIELD,SCREENER) [rich]
WAVE: +2 (SAPPER,DRONE) [rich]
match 10/20  (W:1 L:9 cap:0)  5.6s
FINALE-KIT: Legion
REINFORCEMENTS: +2 (SCOUT,GRUNT)
REINFORCEMENTS: +2 (GRUNT,SCOUT)
FINALE-KIT: Legion
FINALE-KIT: Legion
WAVE: +3 (SCREENER,CUSTODIAN,SAPPER) [rich]
WAVE: +1 (SHIELD) [rich]
WAVE: +1 (DRONE) [rich]
FINALE-KIT: Legion
WAVE: +3 (SPOTTER,SHIELD,CUSTODIAN) [rich]
WAVE: +3 (SCREENER,SPOTTER,CUSTODIAN) [rich]
WAVE: +1 (SPOTTER) [rich]
FINALE-KIT: Wardens
WAVE: +2 (SPOTTER,SAPPER) [rich]
WAVE: +2 (CUSTODIAN,SPOTTER) [rich]
WAVE: +2 (SAPPER,SHIELD) [rich]
WAVE: +2 (CUSTODIAN,CUSTODIAN) [rich]
WAVE: +2 (CUSTODIAN,DRONE) [rich]
WAVE: +2 (DRONE,SPOTTER) [rich]
match 15/20  (W:2 L:13 cap:0)  7.4s
FINALE-KIT: Wardens
WAVE: +2 (CUSTODIAN,SPOTTER) [rich]
WAVE: +2 (SHIELD,DRONE) [rich]
WAVE: +2 (SHIELD,SAPPER) [rich]
REINFORCEMENTS: +2 (SCOUT,SCOUT)
FINALE-KIT: Legion
WAVE: +3 (SHIELD,SHIELD,DRONE) [rich]
WAVE: +3 (DRONE,SHIELD,DRONE) [rich]
WAVE: +3 (SPOTTER,SAPPER,DRONE) [rich]
WAVE: +3 (SHIELD,DRONE,SCREENER) [rich]
WAVE: +3 (SHIELD,SAPPER,SCREENER) [rich]
FINALE-KIT: Legion
WAVE: +3 (SHIELD,SHIELD,SHIELD) [rich]
WAVE: +3 (DRONE,CUSTODIAN,CUSTODIAN) [rich]
WAVE: +1 (SCREENER) [rich]
WAVE: +3 (DRONE,SHIELD,SPOTTER) [rich]
WAVE: +3 (DRONE,SPOTTER,SHIELD) [rich]
WAVE: +2 (SCREENER,SHIELD) [rich]
REINFORCEMENTS: +2 (GRUNT,SCOUT)
REINFORCEMENTS: +2 (SCOUT,GRUNT)
FINALE-KIT: Legion
FINALE-KIT: Legion
match 20/20  (W:2 L:18 cap:0)  9.3s

══════════════════════ SIGHTLINE BALANCE REPORT ══════════════════════
runs=20  missions=69

RUN OUTCOMES (campaign):  win-rate   10%   avg missions cleared 3.6

POLICY GAP (optimal vs human-error; campaign runs only):
  greedy win-rate   10%  (n=10)
  sloppy win-rate   10%  (n=10)
  GAP    0 pts  (healthy slack)
  PAIRED (same-seed slots): pairs=10  concordant=8  discordant greedy-only-won=1 / sloppy-only-won=1  paired gap    0 pts
  PER-SLOT RECORDS (greedy | sloppy: outcome + missions cleared; margin = g−s):
    slot 130 @h4: L 2 | L 2   margin +0
    slot 131 @h4: L 3 | L 3   margin +0
    slot 132 @h4: L 3 | L 1   margin +2
    slot 133 @h4: L 5 | W 6   margin -1
    slot 134 @h4: L 3 | L 2   margin +1
    slot 135 @h4: L 5 | L 4   margin +1
    slot 136 @h4: W 6 | L 5   margin +1
    slot 137 @h4: L 3 | L 5   margin -2
    slot 138 @h4: L 4 | L 5   margin -1
    slot 139 @h4: L 2 | L 2   margin +0
  PAIRED MARGIN (missions cleared, all pairs): +0.10 ±0.38 SE  (n=10 pairs)
  by objective (greedy / sloppy / gap):
    Decapitate :   50% /   40% / gap   10
    Defend     :   86% /   57% / gap   29
    Eliminate  :   85% /   92% / gap   -8
    Evac       :   75% /  100% / gap  -25
    Hack       :    0% /    0% / gap    0
    Rescue     :   75% /  100% / gap  -25
    Sabotage   :  100% /    0% / gap  100

DECISION RICHNESS / SWING:
  meaningful-choices/turn 3.34   lead-swings/match 0.7   avg max-swing 51.8
  [shot-gate] acting-soldiers/turn 3.17   armed-soldiers/turn 1.33   armed-fraction 42%   turns-with-a-shot 62%   choices/ARMED-soldier-turn 2.52
  [choice-split] los-targets/ARMED 2.60   target-choices/ARMED 0.48   position-choices/ARMED 2.04

RUN COMPLETION BY HEAT (full-campaign clears):
  heat 4:   10% ±7  (n=20 runs, avg 3.6 missions)
  HEAT LEAK: pinned=yes  heat-raising picks=2  campaigns raised=0  missions off-rung=0/69

INTEL ECONOMY BY HEAT (campaign runs; heat-bonus = the Heat.IntelBonus share of income):
  heat 4: earned  153.5/run   heat-bonus  49.0 (  32% of income)   spent  134.9   unspent   18.7

MISSION WIN-RATE BY HEAT:
  heat 4:   74%  (n=69, avg 6.1 turns)

MISSION WIN-RATE BY OBJECTIVE:
  Eliminate  :   88% ±6  (n=26, avg 4.8 turns)
  Defend     :   71% ±12  (n=14, avg 8.7 turns)
  Decapitate :   44% ±17  (n=9, avg 6.0 turns)
  Evac       :   88% ±12  (n=8, avg 6.6 turns)
  Rescue     :   86% ±13  (n=7, avg 5.9 turns)
  Hack       :    0% ±0  (n=3, avg 5.0 turns)
  Sabotage   :   50% ±35  (n=2, avg 5.5 turns)

MISSION WIN-RATE BY OBJECTIVE x NODE KIND (a capstone must never pool with a mid-run node):
  Eliminate  : Start: 100%(n=20)  Combat:  50%(n=6)
               depth: m1:100%(20) m3:0%(2) m4:100%(2) m5:50%(2)
  Defend     : Combat:  90%(n=10)  Supply:   0%(n=2)  Elite:  50%(n=2)
               depth: m2:75%(4) m3:75%(4) m4:50%(4) m5:100%(2)
  Decapitate : Boss:  29%(n=7)  Supply: 100%(n=2)
               depth: m2:100%(2) m6:29%(7)
  Evac       : Supply:  83%(n=6)  Combat: 100%(n=2)
               depth: m3:100%(4) m4:75%(4)
  Rescue     : Supply: 100%(n=6)  Combat:   0%(n=1)
               depth: m2:100%(6) m4:0%(1)
  Hack       : Elite:   0%(n=2)  Combat:   0%(n=1)
               depth: m3:0%(2) m4:0%(1)
  Sabotage   : Combat:  50%(n=2)
               depth: m5:50%(2)

ENCOUNTER COMPLETION on MID-RUN nodes (Combat+Elite) — clear% is the share of the fight actually fought:
  objective     n   win%   turns   force    +rf  killed  clear%   prs  WONclear%
  Defend        12   83%     8.8    5.83   6.00    3.50    29.6  0.00     30.6 (n=10)
  Eliminate      6   50%     9.7    9.00   0.00    5.17    57.4  2.00    100.0 (n=3)
  Hack           3    0%     5.0    9.67   0.00    2.00    20.7  0.33      0.0 (n=0)
  Sabotage       2   50%     5.5    8.00   0.00    1.50    18.8  0.00     37.5 (n=1)
  Evac           2  100%     3.5    9.00   0.00    0.00     0.0  0.00      0.0 (n=2)
  Rescue         1    0%    20.0    9.00   0.00    2.00    22.2  0.00      0.0 (n=0)
  ---- the two classes ----
  KILL           6   50%     9.7    9.00   0.00    5.17    57.4  2.00    100.0 (n=3)
  NON-KILL      20   65%     7.9    7.10   3.60    2.65    24.8  0.05     27.2 (n=13)

DECAPITATE HVT (buff = +6+1*mission HP, +6 aim; ELITE exempt):
  EXEMPT  :   29% ±17  (n=7, avg 6.6 turns, HVT 23.0 max HP)  [m6:29%(7)]
  BUFFED  :  100% ±0  (n=2, avg 4.0 turns, HVT 20.0 max HP)  [m2:100%(2)]

MISSION WIN-RATE BY MISSION #:
  m1:  100% ±0  (n=20)
  m2:   92% ±8  (n=12)
  m3:   58% ±14  (n=12)
  m4:   58% ±14  (n=12)
  m5:   67% ±19  (n=6)
  m6:   29% ±17  (n=7)

LOSS CAUSES (missions):
  RUN OVER              : 17
  CAPTIVE LOST          : 1

MISSION WIN-RATE BY ARENA (authored layouts, n>=3; procedural fallback   28% of 69 missions):
  arena  3:  100% ±0  (n=3, avg 3.0 turns)  [m1:100%(2) m2:100%(1)]
  arena 10:   25% ±22  (n=4, avg 5.5 turns)  [m3:0%(2) m5:50%(2)]
  arena 11:  100% ±0  (n=3, avg 3.3 turns)  [m3:100%(1) m4:100%(2)]
  arena 20:  100% ±0  (n=3, avg 6.0 turns)  [m2:100%(3)]
  arena 26:  100% ±0  (n=3, avg 2.0 turns)  [m1:100%(2) m4:100%(1)]
  arena 33:   80% ±18  (n=5, avg 5.2 turns)  [m1:100%(2) m2:100%(2) m6:0%(1)]
  procedural:   68% ±11  (n=19, avg 8.8 turns)  [m1:100%(6) m2:100%(2) m3:100%(3) m4:33%(3) m5:50%(2) m6:0%(3)]

DEPLOYMENT GEOMETRY (opening shape; choices/ARMED is the wave's real gate):
  FRONTAL   :   85% ±7  (n=26, avg 6.7 turns)  choices/turn 3.82  choices/ARMED 2.81  los-targets/ARMED 2.76
  PINCER    :   52% ±10  (n=27, avg 6.7 turns)  choices/turn 3.10  choices/ARMED 2.20  los-targets/ARMED 2.61
  CROSSFIRE :   88% ±12  (n=8, avg 3.9 turns)  choices/turn 2.70  choices/ARMED 2.45  los-targets/ARMED 2.61
  ENVELOP   :  100% ±0  (n=8, avg 4.4 turns)  choices/turn 2.85  choices/ARMED 3.03  los-targets/ARMED 1.32

ARENA FUNNEL (Mission.Build exits, n=86 builds, all modes):
  authored-applied    :  75.6%  (n=65)
  connectivity-reject :   0.0%  (n=0)
  procedural-roll     :  24.4%  (n=21)

DECK EXPOSURE (campaign runs n=20):
  distinct authored arenas/run : 2.50 mean (all runs)
  ... full-depth runs only     : 4.50 mean over 4.5 fights/run (n=2)
  Defend dealt on the route    :   60% of runs (n=12)

ENEMY DECISION MIX (contested acts=1479; all-downed acts not counted=645):
  shoot           714    48%
  hunker          481    33%
  move            109     7%
  heal             45     3%
  reload           38     3%
  grenade          28     2%
  siege            28     2%
  item              8     1%
  overwatch         7     0%
  brace             6     0%
  sap               6     0%
  shove             6     0%
  staleplan         3     0%

  the shot on the table (acts where the chosen tile HAD a shot = 783):
    hit% band     taken   share   E[dmg]/shot   declined   share   E[dmg]/shot
      0-19           4      1%          1.20          2     22%          0.66
     20-39          20      3%          1.13          5     56%          1.03
     40-59         116     16%          1.80          2     22%          1.75
     60-79         267     37%          2.48          0      0%          0.00
      80+          307     43%          3.84          0      0%          0.00
    TOTAL           714                              9
  taken   91% / DECLINED    1% / preempted by another verb    8%
  enemy lanes held (overwatch+brace) 13; reaction shots fired 1  ->    8% of lanes paid off   [C2: DeclineWatchRatio is a bet on this number]

ACTION MIX (verbs issued, by policy):
  verb                  greedy        sloppy
  MOVE               630   46%     588   46%
  SHOOT              333   25%     332   26%
  HUNKER             102    8%      61    5%
  BRACE               40    3%      47    4%
  RELOAD              39    3%      35    3%
  INTEL               33    2%      32    2%
  FOCUS               38    3%      25    2%
  STABILIZE           26    2%      34    3%
  SLIPSTREAM          19    1%      26    2%
  PIN                 17    1%      21    2%
  ITEM:SMOKE          15    1%      20    2%
  OVERWATCH           15    1%      12    1%
  MARK                13    1%      13    1%
  REARM                7    1%       4    0%
  PATCH                5    0%       6    0%
  BEACON               5    0%       6    0%
  GRAPPLE              4    0%       5    0%
  GRENADE              3    0%       5    0%
  HACK                 4    0%       2    0%
  EXTRACT              2    0%       4    0%
  PLANT                3    0%       3    0%
  DRAG                 1    0%       2    0%
  BARREL               1    0%       0    0%
  ITEM:FLASH           0    0%       1    0%

PLAYER CLASS PERFORMANCE:
  class        shots   hit%   dmg   kills
  SHARPSHOOTER    138    90%    919     61
  GUNNER         188    83%    790     53
  RANGER         102    83%    555     37
  ASSAULT        121    79%    484     27
  CORPSMAN        57    84%    163      8

SOLDIER DEATHS BY ENEMY CLASS (threat ranking):
  STRIKE     : 18
  SHIELD     : 12
  GRUNT      : 10
  BERSERKER  : 10
  ELITE      : 8
  BURN       : 7
  SAPPER     : 6
  LANCER     : 5
  MORTAR     : 5
  SNIPER     : 4
  TURRET     : 4
  SCREENER   : 4
  HUNTER     : 4
  PIKEMAN    : 3
  MEDIC      : 3
  DRONE      : 3
  BRUISER    : 3
  HOUND      : 3
  STRIKER    : 3
  SPOTTER    : 2
  SCOUT      : 2
  WARBRINGER : 1

SOLDIER DOWNS (FUL-7 bleed-out): 230 downs -> revived 3 / recovered 31 / bled out 163 / finished 32  (save-rate   15%)
  corpsman fielded in 24 missions

ENEMY COMPOSITION (spawns; faction-stamped fights n=493 / default-cascade fights n=223):
  class        faction         default
  SCOUT           25    5%       57   26%
  GRUNT           42    9%       30   13%
  SNIPER          40    8%       16    7%
  SHIELD          41    8%        6    3%
  SAPPER          36    7%        9    4%
  DRONE           30    6%        7    3%
  BRUISER         28    6%        9    4%
  ELITE           31    6%        4    2%
  LANCER          20    4%       15    7%
  MEDIC           23    5%       10    4%
  SCREENER        31    6%        1    0%
  MORTAR          18    4%       10    4%
  HUNTER          17    3%        8    4%
  BERSERKER       19    4%        5    2%
  CUSTODIAN       23    5%        0    0%
  SPOTTER         20    4%        2    1%
  STRIKER         11    2%       10    4%
  HOUND            6    1%       12    5%
  TURRET          10    2%        5    2%
  PIKEMAN          9    2%        4    2%
  BOMBARD          6    1%        2    1%
  WARBRINGER       7    1%        1    0%

PERK PICK FREQUENCY:
  MRK           : 11
  GUN           : 11
  MOM           : 10
  EXC           : 10
  LCK           : 10
  SKR           : 9
  GRD           : 9
  TNK           : 8
  HRD           : 6
  OUT           : 6
  BRK           : 5
  CQB           : 5
  PLT           : 5
  RFX           : 4
  SGE           : 4
  FST           : 3
  CLH           : 3
  VNT           : 3
  BND           : 1

SHOP PURCHASE FREQUENCY:
  FIELD MEDKIT      : 44
  WPN: HOLLOW POINT : 43
  WPN: STABILIZER   : 32
  WPN: SCOPE        : 30
  COMBAT STIMS      : 21
  WPN: BIPOD        : 15
  COUNTER-PREP      : 13
  BALLISTIC PLATING : 12
  ARMORY            : 11
  WPN: EXTENDED MAG : 10
  FRAG CACHE        : 9
  WPN: SUPPRESSOR   : 8
  ADV. TRAINING     : 7

BOON PICK FREQUENCY (PROCS = effect fires at instrumented sites; '-' = not instrumented;
                      PYR counts the +2-turn-burn half only — the Burning-immunity half is uninstrumented):
  code                 picks   PROCS
  EXE               :     9       -
  SHK               :     7      10
  RPD               :     5       -
  MRK               :     4       -
  PYR               :     4       1
  RCL               :     4       0
  FVR               :     3       -
  VNM               :     3       -
  FDR               :     2       0
  GRN               :     2       -
  SCV               :     2       -
  TRR               :     2       7
  ADR               :     1       -
  GHO               :     1       -

RUN WIN-RATE BY BOON (campaign runs holding it):
  EXE               :   22% ±14  (in 9 runs)
  SHK               :   14% ±13  (in 7 runs)
  RPD               :    0% ±0  (in 5 runs)
  MRK               :    0% ±0  (in 4 runs)
  PYR               :    0% ±0  (in 4 runs)
  RCL               :   50% ±25  (in 4 runs)
  FVR               :    0% ±0  (in 3 runs)
  VNM               :   33% ±27  (in 3 runs)
  FDR               :    0% ±0  (in 2 runs)
  GRN               :   50% ±35  (in 2 runs)
  SCV               :    0% ±0  (in 2 runs)
  TRR               :    0% ±0  (in 2 runs)
  ADR               :    0% ±0  (in 1 runs)
  GHO               :    0% ±0  (in 1 runs)

RUN WIN-RATE BY SPEC (campaign runs fielding it):
  HHT               :   14% ±13  (in 7 runs)
  ANC               :    0% ±0  (in 3 runs)
  ADN               :    0% ±0  (in 2 runs)
  SNT               :  100% ±0  (in 2 runs)
  BRC               :    0% ±0  (in 1 runs)
  JUG               :  100% ±0  (in 1 runs)
  MED               :    0% ±0  (in 1 runs)
  PHN               :    0% ±0  (in 1 runs)
  SRG               :    0% ±0  (in 1 runs)

RUN WIN-RATE BY PERK (campaign runs holding it):
  MRK               :   10% ±9  (in 10 runs)
  GUN               :   11% ±10  (in 9 runs)
  GRD               :   25% ±15  (in 8 runs)
  MOM               :   25% ±15  (in 8 runs)
  SKR               :    0% ±0  (in 8 runs)
  EXC               :   14% ±13  (in 7 runs)
  LCK               :    0% ±0  (in 7 runs)
  HRD               :   33% ±19  (in 6 runs)
  OUT               :   17% ±15  (in 6 runs)
  TNK               :    0% ±0  (in 6 runs)
  BRK               :   40% ±22  (in 5 runs)
  CQB               :   40% ±22  (in 5 runs)
  PLT               :    0% ±0  (in 4 runs)
  RFX               :   25% ±22  (in 4 runs)
  SGE               :    0% ±0  (in 4 runs)
  CLH               :    0% ±0  (in 3 runs)
  FST               :    0% ±0  (in 3 runs)
  VNT               :    0% ±0  (in 3 runs)
  BND               :    0% ±0  (in 1 runs)

RUN WIN-RATE BY PURCHASE (campaign runs buying it):
  FIELD MEDKIT      :    7% ±7  (in 14 runs)
  WPN: HOLLOW POINT :    7% ±7  (in 14 runs)
  COUNTER-PREP      :   18% ±12  (in 11 runs)
  COMBAT STIMS      :   20% ±13  (in 10 runs)
  BALLISTIC PLATING :   11% ±10  (in 9 runs)
  WPN: STABILIZER   :   22% ±14  (in 9 runs)
  ARMORY            :   13% ±12  (in 8 runs)
  FRAG CACHE        :   25% ±15  (in 8 runs)
  WPN: BIPOD        :    0% ±0  (in 8 runs)
  WPN: SUPPRESSOR   :   13% ±12  (in 8 runs)
  WPN: EXTENDED MAG :   14% ±13  (in 7 runs)
  WPN: SCOPE        :   29% ±17  (in 7 runs)
  ADV. TRAINING     :   20% ±18  (in 5 runs)

RUN WIN-RATE BY EVENT-CHOICE (campaign runs taking id:arm):
  blackmarket:2     :    0% ±0  (in 2 runs)
  bloodfeud:0       :    0% ±0  (in 2 runs)
  defector:1        :   50% ±35  (in 2 runs)
  fieldhospital:1   :    0% ±0  (in 2 runs)
  informant:1       :    0% ±0  (in 2 runs)
  informant:2       :    0% ±0  (in 2 runs)
  reservecall:0     :   50% ±35  (in 2 runs)
  warchest:1        :    0% ±0  (in 2 runs)
  warpension:2      :   50% ±35  (in 2 runs)
  relic:1           :    0% ±0  (in 1 runs)
  warpension:1      :    0% ±0  (in 1 runs)
═══════════════════════════════════════════════════════════════════════

batch wall-time: 9.3s  (20 matches across 10 campaigns × 2 policy, frame-cap hits: 0)
aggregate JSON -> /home/user/wt/heat-pin/docs/measurements/l5/L5-h4-b130.json
INFO: TEXTURE: [ID 2] Unloaded texture data from VRAM (GPU)
INFO: SHADER: [ID 3] Default shader unloaded successfully
INFO: TEXTURE: [ID 1] Default texture unloaded successfully
INFO: Window closed successfully
