BALANCE: heat PINNED for this batch (field-event AddHeat is a no-op; SIGHTLINE_HEATPIN=0 restores the leak)
INFO: Initializing raylib 6.0
INFO: Platform backend: DESKTOP (GLFW)
INFO: Supported raylib modules:
INFO:     > rcore:..... loaded (mandatory)
INFO:     > rlgl:...... loaded (mandatory)
INFO:     > rshapes:... loaded (optional)
INFO:     > rtextures:. loaded (optional)
INFO:     > rtext:..... loaded (optional)
INFO:     > rmodels:... loaded (optional)
INFO:     > raudio:.... loaded (optional)
INFO: DISPLAY: Trying to enable MSAA x4
INFO: DISPLAY: Device initialized successfully 
INFO:     > Display size: 1280 x 800
INFO:     > Screen size:  1280 x 800
INFO:     > Render size:  1280 x 800
INFO:     > Viewport offsets: 0, 0
INFO: GLAD: OpenGL extensions loaded successfully
INFO: GL: Supported extensions count: 229
INFO: GL: OpenGL device information:
INFO:     > Vendor:   Mesa
INFO:     > Renderer: llvmpipe (LLVM 20.1.2, 256 bits)
INFO:     > Version:  4.5 (Core Profile) Mesa 25.2.8-0ubuntu0.24.04.2
INFO:     > GLSL:     4.50
INFO: GL: VAO extension detected, VAO functions loaded successfully
INFO: GL: NPOT textures extension detected, full NPOT textures supported
INFO: GL: DXT compressed textures supported
INFO: GL: ETC2/EAC compressed textures supported
INFO: PLATFORM: DESKTOP (GLFW - X11): Initialized successfully
INFO: TEXTURE: [ID 1] Texture loaded successfully (1x1 | R8G8B8A8 | 1 mipmaps)
INFO: TEXTURE: [ID 1] Default texture loaded successfully
INFO: SHADER: [ID 1] Vertex shader compiled successfully
INFO: SHADER: [ID 2] Fragment shader compiled successfully
INFO: SHADER: [ID 3] Program shader loaded successfully
INFO: SHADER: [ID 3] Default shader loaded successfully
INFO: RLGL: Render batch vertex buffers loaded successfully in RAM (CPU)
INFO: RLGL: Render batch vertex buffers loaded successfully in VRAM (GPU)
INFO: RLGL: Default OpenGL state initialized successfully
INFO: TEXTURE: [ID 2] Texture loaded successfully (128x128 | GRAY_ALPHA | 1 mipmaps)
INFO: FONT: Default font loaded successfully (224 glyphs)
INFO: SYSTEM: Working Directory: /home/user/wt/heat-pin
INFO: TIMER: Target time per frame: 0.000 milliseconds
FINALE-KIT: Wardens
WAVE: +3 (SAPPER,SPOTTER,SAPPER) [rich]
WAVE: +3 (SPOTTER,DRONE,DRONE) [rich]
WAVE: +3 (SAPPER,CUSTODIAN,SPOTTER) [rich]
WAVE: +3 (SAPPER,SAPPER,DRONE) [rich]
WAVE: +3 (DRONE,SPOTTER,DRONE) [rich]
FINALE-KIT: Wardens
FINALE-KIT: Wardens
FINALE-KIT: Wardens
FINALE-KIT: Syndicate
match 5/20  (W:0 L:5 cap:0)  4.4s
FINALE-KIT: Syndicate
FINALE-KIT: Syndicate
WAVE: +2 (SAPPER,SAPPER) [rich]
WAVE: +2 (SAPPER,DRONE) [rich]
WAVE: +2 (SAPPER,SPOTTER) [rich]
FINALE-KIT: Syndicate
WAVE: +2 (SHIELD,SHIELD) [rich]
WAVE: +2 (GRUNT,SHIELD) [rich]
WAVE: +2 (SPOTTER,GRUNT) [rich]
FINALE-KIT: Syndicate
WAVE: +3 (MEDIC,SNIPER,MORTAR) [rich]
WAVE: +3 (HOUND,PIKEMAN,LANCER) [rich]
WAVE: +3 (SAPPER,DRONE,BERSERKER) [rich]
REINFORCEMENTS: +2 (SCOUT,GRUNT)
REINFORCEMENTS: +2 (SCOUT,GRUNT)
FINALE-KIT: Syndicate
WAVE: +3 (SNIPER,CUSTODIAN,SNIPER) [rich]
WAVE: +3 (HOUND,STRIKER,HUNTER) [rich]
WAVE: +3 (MORTAR,SNIPER,DRONE) [rich]
match 10/20  (W:1 L:9 cap:0)  6.2s
FINALE-KIT: Syndicate
FINALE-KIT: Syndicate
WAVE: +3 (SHIELD,SCREENER,DRONE) [rich]
WAVE: +3 (SAPPER,DRONE,SHIELD) [rich]
WAVE: +3 (SHIELD,CUSTODIAN,CUSTODIAN) [rich]
FINALE-KIT: Wardens
FINALE-KIT: Wardens
FINALE-KIT: Wardens
WAVE: +2 (SNIPER,SNIPER) [rich]
WAVE: +2 (MEDIC,SCOUT) [rich]
WAVE: +2 (SCOUT,MEDIC) [rich]
match 15/20  (W:2 L:13 cap:0)  7.2s
FINALE-KIT: Wardens
WAVE: +2 (SNIPER,SNIPER) [rich]
WAVE: +2 (MEDIC,SCOUT) [rich]
WAVE: +2 (SCOUT,MEDIC) [rich]
FINALE-KIT: Legion
WAVE: +2 (SHIELD,CUSTODIAN) [rich]
WAVE: +2 (CUSTODIAN,SAPPER) [rich]
WAVE: +2 (SPOTTER,DRONE) [rich]
FINALE-KIT: Legion
WAVE: +2 (DRONE,SAPPER) [rich]
WAVE: +2 (SCREENER,SHIELD) [rich]
WAVE: +2 (SAPPER,DRONE) [rich]
WAVE: +2 (SAPPER,SAPPER) [rich]
WAVE: +2 (SPOTTER,DRONE) [rich]
FINALE-KIT: Wardens
FINALE-KIT: Wardens
match 20/20  (W:5 L:15 cap:0)  7.9s

══════════════════════ SIGHTLINE BALANCE REPORT ══════════════════════
runs=20  missions=60

RUN OUTCOMES (campaign):  win-rate   25%   avg missions cleared 2.9

POLICY GAP (optimal vs human-error; campaign runs only):
  greedy win-rate   20%  (n=10)
  sloppy win-rate   30%  (n=10)
  GAP  -10 pts  (healthy slack)
  PAIRED (same-seed slots): pairs=10  concordant=7  discordant greedy-only-won=1 / sloppy-only-won=2  paired gap  -10 pts
  PER-SLOT RECORDS (greedy | sloppy: outcome + missions cleared; margin = g−s):
    slot 110 @h2: L 4 | L 0   margin +4
    slot 111 @h2: L 2 | L 2   margin +0
    slot 112 @h2: L 4 | L 0   margin +4
    slot 113 @h2: L 1 | L 1   margin +0
    slot 114 @h2: L 5 | W 6   margin -1
    slot 115 @h2: L 2 | W 6   margin -4
    slot 116 @h2: L 1 | L 1   margin +0
    slot 117 @h2: L 1 | L 1   margin +0
    slot 118 @h2: W 6 | L 2   margin +4
    slot 119 @h2: W 6 | W 6   margin +0
  PAIRED MARGIN (missions cleared, all pairs): +0.70 ±0.82 SE  (n=10 pairs)
  by objective (greedy / sloppy / gap):
    Decapitate :   50% /   83% / gap  -33
    Defend     :   40% /   40% / gap    0
    Eliminate  :   93% /   75% / gap   18
    Rescue     :   86% /  100% / gap  -14

DECISION RICHNESS / SWING:
  meaningful-choices/turn 3.01   lead-swings/match 0.6   avg max-swing 42.7
  [shot-gate] acting-soldiers/turn 3.17   armed-soldiers/turn 1.37   armed-fraction 43%   turns-with-a-shot 61%   choices/ARMED-soldier-turn 2.20
  [choice-split] los-targets/ARMED 2.22   target-choices/ARMED 0.32   position-choices/ARMED 1.87

RUN COMPLETION BY HEAT (full-campaign clears):
  heat 2:   25% ±10  (n=20 runs, avg 2.9 missions)
  HEAT LEAK: pinned=yes  heat-raising picks=3  campaigns raised=0  missions off-rung=0/60

INTEL ECONOMY BY HEAT (campaign runs; heat-bonus = the Heat.IntelBonus share of income):
  heat 2: earned  105.4/run   heat-bonus  16.0 (  15% of income)   spent   88.7   unspent   16.7

MISSION WIN-RATE BY HEAT:
  heat 2:   75%  (n=60, avg 5.2 turns)

MISSION WIN-RATE BY OBJECTIVE:
  Eliminate  :   85% ±7  (n=26, avg 5.0 turns)
  Decapitate :   67% ±14  (n=12, avg 3.8 turns)
  Rescue     :   91% ±9  (n=11, avg 4.7 turns)
  Defend     :   40% ±15  (n=10, avg 8.3 turns)
  Evac       :  100% ±0  (n=1, avg 5.0 turns)

MISSION WIN-RATE BY OBJECTIVE x NODE KIND (a capstone must never pool with a mid-run node):
  Eliminate  : Start:  90%(n=20)  Combat: 100%(n=2)  Elite:   0%(n=2)  Supply: 100%(n=2)
               depth: m1:90%(20) m2:33%(3) m4:100%(3)
  Decapitate : Boss:  83%(n=6)  Combat:  50%(n=4)  Elite:  50%(n=2)
               depth: m3:50%(6) m6:83%(6)
  Rescue     : Combat: 100%(n=8)  Supply: 100%(n=2)  Elite:   0%(n=1)
               depth: m2:100%(3) m3:100%(3) m4:100%(1) m5:75%(4)
  Defend     : Combat:  33%(n=6)  Elite:   0%(n=2)  Supply: 100%(n=2)
               depth: m2:0%(4) m3:50%(2) m4:100%(1) m5:67%(3)
  Evac       : Supply: 100%(n=1)
               depth: m4:100%(1)

ENCOUNTER COMPLETION on MID-RUN nodes (Combat+Elite) — clear% is the share of the fight actually fought:
  objective     n   win%   turns   force    +rf  killed  clear%   prs  WONclear%
  Rescue         9   89%     5.2    7.33   0.00    0.44     6.1  0.00      0.0 (n=8)
  Defend         8   25%     8.1    4.13   6.13    3.25    31.7  0.00     58.3 (n=2)
  Decapitate     6   50%     3.8    7.67   0.00    1.33    17.4  0.17     34.8 (n=3)
  Eliminate      4   50%     8.0    6.75   0.00    3.50    51.9  1.75    100.0 (n=2)
  ---- the two classes ----
  KILL          10   50%     5.5    7.30   0.00    2.20    30.1  0.80     58.3 (n=5)
  NON-KILL      17   59%     6.6    5.82   2.88    1.76    20.3  0.00     17.7 (n=10)

DECAPITATE HVT (buff = +6+1*mission HP, +6 aim; ELITE exempt):
  EXEMPT  :   67% ±14  (n=12, avg 3.8 turns, HVT 22.5 max HP)  [m3:50%(6) m6:83%(6)]

MISSION WIN-RATE BY MISSION #:
  m1:   90% ±7  (n=20)
  m2:   40% ±15  (n=10)
  m3:   64% ±15  (n=11)
  m4:  100% ±0  (n=6)
  m5:   71% ±17  (n=7)
  m6:   83% ±15  (n=6)

LOSS CAUSES (missions):
  RUN OVER              : 14
  CAPTIVE LOST          : 1

MISSION WIN-RATE BY ARENA (authored layouts, n>=3; procedural fallback   23% of 60 missions):
  arena  3:   40% ±22  (n=5, avg 5.4 turns)  [m1:100%(2) m2:0%(2) m3:0%(1)]
  arena  5:   50% ±25  (n=4, avg 4.3 turns)  [m1:100%(2) m2:0%(2)]
  arena 10:  100% ±0  (n=3, avg 4.3 turns)  [m1:100%(2) m2:100%(1)]
  arena 28:   80% ±18  (n=5, avg 4.6 turns)  [m1:75%(4) m6:100%(1)]
  arena 29:  100% ±0  (n=3, avg 7.0 turns)  [m3:100%(1) m5:100%(2)]
  arena 30:   67% ±27  (n=3, avg 6.3 turns)  [m3:50%(2) m5:100%(1)]
  arena 32:  100% ±0  (n=5, avg 3.0 turns)  [m1:100%(2) m3:100%(2) m4:100%(1)]
  procedural:   79% ±11  (n=14, avg 5.7 turns)  [m1:75%(4) m2:100%(2) m3:33%(3) m4:100%(3) m6:100%(2)]

DEPLOYMENT GEOMETRY (opening shape; choices/ARMED is the wave's real gate):
  FRONTAL   :   76% ±9  (n=25, avg 5.2 turns)  choices/turn 3.65  choices/ARMED 2.45  los-targets/ARMED 2.38
  PINCER    :   75% ±13  (n=12, avg 4.7 turns)  choices/turn 1.68  choices/ARMED 1.59  los-targets/ARMED 2.38
  CROSSFIRE :   71% ±17  (n=7, avg 6.9 turns)  choices/turn 2.57  choices/ARMED 2.46  los-targets/ARMED 2.15
  ENVELOP   :   75% ±11  (n=16, avg 4.9 turns)  choices/turn 3.17  choices/ARMED 1.98  los-targets/ARMED 1.91

ARENA FUNNEL (Mission.Build exits, n=67 builds, all modes):
  authored-applied    :  77.6%  (n=52)
  connectivity-reject :   0.0%  (n=0)
  procedural-roll     :  22.4%  (n=15)

DECK EXPOSURE (campaign runs n=20):
  distinct authored arenas/run : 2.30 mean (all runs)
  ... full-depth runs only     : 3.80 mean over 5.0 fights/run (n=5)
  Defend dealt on the route    :   50% of runs (n=10)

ENEMY DECISION MIX (contested acts=661; all-downed acts not counted=333):
  shoot           471    71%
  hunker           65    10%
  move             53     8%
  grenade          31     5%
  reload           16     2%
  sap               9     1%
  heal              5     1%
  overwatch         5     1%
  siege             2     0%
  staleplan         2     0%
  brace             1     0%
  shove             1     0%

  the shot on the table (acts where the chosen tile HAD a shot = 527):
    hit% band     taken   share   E[dmg]/shot   declined   share   E[dmg]/shot
      0-19           0      0%          0.00          1     14%          0.92
     20-39           5      1%          1.02          4     57%          1.02
     40-59          57     12%          1.68          2     29%          1.18
     60-79         145     31%          2.43          0      0%          0.00
      80+          264     56%          3.71          0      0%          0.00
    TOTAL           471                              7
  taken   89% / DECLINED    1% / preempted by another verb    9%
  enemy lanes held (overwatch+brace) 6; reaction shots fired 1  ->   17% of lanes paid off   [C2: DeclineWatchRatio is a bet on this number]

ACTION MIX (verbs issued, by policy):
  verb                  greedy        sloppy
  MOVE               525   47%     297   39%
  SHOOT              272   24%     223   29%
  HUNKER              74    7%      23    3%
  RELOAD              42    4%      31    4%
  INTEL               32    3%      23    3%
  STABILIZE           24    2%      28    4%
  BRACE               32    3%      18    2%
  MARK                15    1%      24    3%
  SLIPSTREAM          21    2%      17    2%
  OVERWATCH           21    2%      14    2%
  ITEM:SMOKE          11    1%      18    2%
  FOCUS                9    1%      19    2%
  PIN                 13    1%       7    1%
  BEACON               7    1%       4    1%
  GRAPPLE              6    1%       4    1%
  REARM                4    0%       6    1%
  GRENADE              4    0%       5    1%
  PATCH                3    0%       2    0%
  EXTRACT              3    0%       1    0%
  DRAG                 3    0%       0    0%
  ITEM:INCENDIARY       0    0%       1    0%

PLAYER CLASS PERFORMANCE:
  class        shots   hit%   dmg   kills
  GUNNER         177    88%    778     57
  SHARPSHOOTER    116    88%    714     36
  RANGER         106    82%    637     47
  ASSAULT         91    82%    387     25
  CORPSMAN        28    71%     73      2

SOLDIER DEATHS BY ENEMY CLASS (threat ranking):
  GRUNT      : 9
  BERSERKER  : 8
  BURN       : 8
  ELITE      : 8
  SAPPER     : 7
  SHIELD     : 7
  SCOUT      : 6
  SNIPER     : 6
  LANCER     : 4
  DRONE      : 4
  CUSTODIAN  : 3
  STRIKER    : 3
  TURRET     : 2
  SPOTTER    : 2
  SCREENER   : 2
  BRUISER    : 2
  HOUND      : 1
  MORTAR     : 1
  HUNTER     : 1

SOLDIER DOWNS (FUL-7 bleed-out): 151 downs -> revived 3 / recovered 38 / bled out 99 / finished 11  (save-rate   27%)
  corpsman fielded in 11 missions

ENEMY COMPOSITION (spawns; faction-stamped fights n=331 / default-cascade fights n=143):
  class        faction         default
  SCOUT           16    5%       52   36%
  GRUNT           24    7%       29   20%
  SAPPER          30    9%        6    4%
  DRONE           27    8%        6    4%
  ELITE           27    8%        4    3%
  SHIELD          23    7%        3    2%
  STRIKER         17    5%        7    5%
  BERSERKER       22    7%        1    1%
  TURRET          18    5%        4    3%
  LANCER          12    4%        6    4%
  SPOTTER         18    5%        0    0%
  BRUISER         12    4%        5    3%
  SNIPER          13    4%        4    3%
  MORTAR          10    3%        5    3%
  CUSTODIAN       11    3%        3    2%
  HUNTER          12    4%        1    1%
  SCREENER        13    4%        0    0%
  MEDIC           11    3%        1    1%
  PIKEMAN          7    2%        1    1%
  HOUND            2    1%        4    3%
  WARBRINGER       4    1%        1    1%
  BOMBARD          2    1%        0    0%

PERK PICK FREQUENCY:
  LCK           : 12
  OUT           : 12
  HRD           : 8
  MOM           : 7
  BND           : 6
  TNK           : 6
  RFX           : 6
  VNT           : 6
  GUN           : 6
  FST           : 5
  GRD           : 5
  EXC           : 4
  MRK           : 4
  CQB           : 4
  BRK           : 4
  PLT           : 2
  SGE           : 1
  CLH           : 1

SHOP PURCHASE FREQUENCY:
  FIELD MEDKIT      : 44
  WPN: STABILIZER   : 25
  WPN: SCOPE        : 20
  WPN: HOLLOW POINT : 18
  FRAG CACHE        : 15
  COMBAT STIMS      : 13
  ARMORY            : 10
  COUNTER-PREP      : 9
  WPN: EXTENDED MAG : 6
  WPN: SUPPRESSOR   : 6
  ADV. TRAINING     : 5
  WPN: BIPOD        : 4
  BALLISTIC PLATING : 3

BOON PICK FREQUENCY (PROCS = effect fires at instrumented sites; '-' = not instrumented;
                      PYR counts the +2-turn-burn half only — the Burning-immunity half is uninstrumented):
  code                 picks   PROCS
  FRT               :     6       -
  EXE               :     4       -
  FDR               :     4       3
  GHO               :     3       -
  RPD               :     3       -
  TRR               :     3       7
  FVR               :     2       -
  GRN               :     2       -
  MRK               :     2       -
  RCL               :     2       0
  SCV               :     2       -
  SHK               :     2       3
  VNM               :     2       -
  ADR               :     1       -
  FST               :     1      34
  PYR               :     1       0

RUN WIN-RATE BY BOON (campaign runs holding it):
  FRT               :   50% ±20  (in 6 runs)
  EXE               :   50% ±25  (in 4 runs)
  FDR               :   50% ±25  (in 4 runs)
  GHO               :    0% ±0  (in 3 runs)
  RPD               :   67% ±27  (in 3 runs)
  TRR               :   67% ±27  (in 3 runs)
  FVR               :  100% ±0  (in 2 runs)
  GRN               :   50% ±35  (in 2 runs)
  MRK               :   50% ±35  (in 2 runs)
  RCL               :    0% ±0  (in 2 runs)
  SCV               :   50% ±35  (in 2 runs)
  SHK               :    0% ±0  (in 2 runs)
  VNM               :  100% ±0  (in 2 runs)
  ADR               :  100% ±0  (in 1 runs)
  FST               :  100% ±0  (in 1 runs)
  PYR               :    0% ±0  (in 1 runs)

RUN WIN-RATE BY SPEC (campaign runs fielding it):
  PTH               :   17% ±15  (in 6 runs)
  ANC               :   75% ±22  (in 4 runs)
  BRC               :  100% ±0  (in 3 runs)
  ADN               :   50% ±35  (in 2 runs)
  HHT               :   50% ±35  (in 2 runs)
  SNT               :  100% ±0  (in 1 runs)

RUN WIN-RATE BY PERK (campaign runs holding it):
  OUT               :   40% ±15  (in 10 runs)
  LCK               :   29% ±17  (in 7 runs)
  MOM               :   43% ±19  (in 7 runs)
  BND               :   50% ±20  (in 6 runs)
  HRD               :   50% ±20  (in 6 runs)
  RFX               :   50% ±20  (in 6 runs)
  VNT               :   17% ±15  (in 6 runs)
  FST               :   40% ±22  (in 5 runs)
  GUN               :   80% ±18  (in 5 runs)
  CQB               :   50% ±25  (in 4 runs)
  EXC               :   25% ±22  (in 4 runs)
  TNK               :   75% ±22  (in 4 runs)
  BRK               :   67% ±27  (in 3 runs)
  GRD               :   33% ±27  (in 3 runs)
  MRK               :   33% ±27  (in 3 runs)
  CLH               :  100% ±0  (in 1 runs)
  PLT               :  100% ±0  (in 1 runs)
  SGE               :  100% ±0  (in 1 runs)

RUN WIN-RATE BY PURCHASE (campaign runs buying it):
  FIELD MEDKIT      :   45% ±15  (in 11 runs)
  FRAG CACHE        :   36% ±15  (in 11 runs)
  WPN: STABILIZER   :   44% ±17  (in 9 runs)
  ARMORY            :   71% ±17  (in 7 runs)
  COMBAT STIMS      :   57% ±19  (in 7 runs)
  COUNTER-PREP      :   43% ±19  (in 7 runs)
  WPN: HOLLOW POINT :   67% ±19  (in 6 runs)
  WPN: SCOPE        :   67% ±19  (in 6 runs)
  WPN: SUPPRESSOR   :   33% ±19  (in 6 runs)
  ADV. TRAINING     :   25% ±22  (in 4 runs)
  BALLISTIC PLATING :   67% ±27  (in 3 runs)
  WPN: BIPOD        :   33% ±27  (in 3 runs)
  WPN: EXTENDED MAG :   50% ±35  (in 2 runs)

RUN WIN-RATE BY EVENT-CHOICE (campaign runs taking id:arm):
  blackmarket:2     :   50% ±35  (in 2 runs)
  cache:1           :   50% ±35  (in 2 runs)
  distress:1        :   50% ±35  (in 2 runs)
  relic:0           :   50% ±35  (in 2 runs)
  relic:1           :    0% ±0  (in 2 runs)
  bloodfeud:2       :  100% ±0  (in 1 runs)
  informant:1       :    0% ±0  (in 1 runs)
═══════════════════════════════════════════════════════════════════════

batch wall-time: 7.9s  (20 matches across 10 campaigns × 2 policy, frame-cap hits: 0)
aggregate JSON -> /home/user/wt/heat-pin/docs/measurements/l5/L5-h2-b110.json
INFO: TEXTURE: [ID 2] Unloaded texture data from VRAM (GPU)
INFO: SHADER: [ID 3] Default shader unloaded successfully
INFO: TEXTURE: [ID 1] Default texture unloaded successfully
INFO: Window closed successfully
