BALANCE: heat PINNED for this batch (field-event AddHeat is a no-op; SIGHTLINE_HEATPIN=0 restores the leak)
INFO: Initializing raylib 6.0
INFO: Platform backend: DESKTOP (GLFW)
INFO: Supported raylib modules:
INFO:     > rcore:..... loaded (mandatory)
INFO:     > rlgl:...... loaded (mandatory)
INFO:     > rshapes:... loaded (optional)
INFO:     > rtextures:. loaded (optional)
INFO:     > rtext:..... loaded (optional)
INFO:     > rmodels:... loaded (optional)
INFO:     > raudio:.... loaded (optional)
INFO: DISPLAY: Trying to enable MSAA x4
INFO: DISPLAY: Device initialized successfully 
INFO:     > Display size: 1280 x 800
INFO:     > Screen size:  1280 x 800
INFO:     > Render size:  1280 x 800
INFO:     > Viewport offsets: 0, 0
INFO: GLAD: OpenGL extensions loaded successfully
INFO: GL: Supported extensions count: 229
INFO: GL: OpenGL device information:
INFO:     > Vendor:   Mesa
INFO:     > Renderer: llvmpipe (LLVM 20.1.2, 256 bits)
INFO:     > Version:  4.5 (Core Profile) Mesa 25.2.8-0ubuntu0.24.04.2
INFO:     > GLSL:     4.50
INFO: GL: VAO extension detected, VAO functions loaded successfully
INFO: GL: NPOT textures extension detected, full NPOT textures supported
INFO: GL: DXT compressed textures supported
INFO: GL: ETC2/EAC compressed textures supported
INFO: PLATFORM: DESKTOP (GLFW - X11): Initialized successfully
INFO: TEXTURE: [ID 1] Texture loaded successfully (1x1 | R8G8B8A8 | 1 mipmaps)
INFO: TEXTURE: [ID 1] Default texture loaded successfully
INFO: SHADER: [ID 1] Vertex shader compiled successfully
INFO: SHADER: [ID 2] Fragment shader compiled successfully
INFO: SHADER: [ID 3] Program shader loaded successfully
INFO: SHADER: [ID 3] Default shader loaded successfully
INFO: RLGL: Render batch vertex buffers loaded successfully in RAM (CPU)
INFO: RLGL: Render batch vertex buffers loaded successfully in VRAM (GPU)
INFO: RLGL: Default OpenGL state initialized successfully
INFO: TEXTURE: [ID 2] Texture loaded successfully (128x128 | GRAY_ALPHA | 1 mipmaps)
INFO: FONT: Default font loaded successfully (224 glyphs)
INFO: SYSTEM: Working Directory: /home/user/wt/heat-pin
INFO: TIMER: Target time per frame: 0.000 milliseconds
FINALE-KIT: Legion
WAVE: +3 (STRIKER,BRUISER,BERSERKER) [rich]
WAVE: +3 (HUNTER,HUNTER,BRUISER) [rich]
WAVE: +3 (HUNTER,HUNTER,BERSERKER) [rich]
REINFORCEMENTS: +2 (SCOUT,GRUNT)
REINFORCEMENTS: +2 (GRUNT,SCOUT)
REINFORCEMENTS: +3 (GRUNT,GRUNT,SCOUT)
FINALE-KIT: Legion
WAVE: +3 (HOUND,LANCER,GRUNT) [rich]
WAVE: +3 (HUNTER,HOUND,WARBRINGER) [rich]
WAVE: +3 (BERSERKER,BERSERKER,WARBRINGER) [rich]
FINALE-KIT: Syndicate
FINALE-KIT: Syndicate
FINALE-KIT: Syndicate
match 5/20  (W:4 L:1 cap:0)  3.3s
FINALE-KIT: Syndicate
FINALE-KIT: Wardens
WAVE: +2 (HUNTER,BRUISER) [rich]
WAVE: +2 (STRIKER,MEDIC) [rich]
WAVE: +2 (BERSERKER,BERSERKER) [rich]
WAVE: +3 (SPOTTER,SHIELD,SCREENER) [rich]
WAVE: +3 (SPOTTER,SAPPER,DRONE) [rich]
WAVE: +3 (SAPPER,DRONE,SAPPER) [rich]
FINALE-KIT: Wardens
WAVE: +2 (STRIKER,DRONE) [rich]
WAVE: +2 (BRUISER,SAPPER) [rich]
WAVE: +2 (BERSERKER,MEDIC) [rich]
WAVE: +3 (SCREENER,DRONE,SHIELD) [rich]
WAVE: +3 (DRONE,DRONE,DRONE) [rich]
WAVE: +3 (SAPPER,SCREENER,SHIELD) [rich]
FINALE-KIT: Syndicate
FINALE-KIT: Syndicate
WAVE: +3 (HUNTER,GRUNT,BERSERKER) [rich]
WAVE: +3 (HUNTER,LANCER,BRUISER) [rich]
WAVE: +3 (HUNTER,BERSERKER,BERSERKER) [rich]
match 10/20  (W:7 L:3 cap:0)  5.6s
FINALE-KIT: Syndicate
FINALE-KIT: Syndicate
FINALE-KIT: Wardens
WAVE: +2 (BRUISER,LANCER) [rich]
WAVE: +2 (HUNTER,GRUNT) [rich]
WAVE: +2 (BERSERKER,BERSERKER) [rich]
FINALE-KIT: Wardens
WAVE: +2 (STRIKER,STRIKER) [rich]
WAVE: +2 (BRUISER,HUNTER) [rich]
WAVE: +2 (BERSERKER,LANCER) [rich]
FINALE-KIT: Legion
WAVE: +3 (PIKEMAN,SAPPER,HOUND) [rich]
WAVE: +3 (SAPPER,HUNTER,HUNTER) [rich]
WAVE: +3 (BERSERKER,SCREENER,DRONE) [rich]
REINFORCEMENTS: +2 (GRUNT,SCOUT)
REINFORCEMENTS: +2 (GRUNT,GRUNT)
match 15/20  (W:11 L:4 cap:0)  6.9s
FINALE-KIT: Legion
WAVE: +3 (MEDIC,GRUNT,DRONE) [rich]
WAVE: +3 (HOUND,HUNTER,SNIPER) [rich]
WAVE: +3 (DRONE,HOUND,LANCER) [rich]
FINALE-KIT: Wardens
FINALE-KIT: Wardens
FINALE-KIT: Wardens
FINALE-KIT: Wardens
match 20/20  (W:14 L:6 cap:0)  8.0s

══════════════════════ SIGHTLINE BALANCE REPORT ══════════════════════
runs=20  missions=81

RUN OUTCOMES (campaign):  win-rate   70%   avg missions cleared 5.3

POLICY GAP (optimal vs human-error; campaign runs only):
  greedy win-rate   60%  (n=10)
  sloppy win-rate   80%  (n=10)
  GAP  -20 pts  (noisy (need more runs))
  PAIRED (same-seed slots): pairs=10  concordant=8  discordant greedy-only-won=0 / sloppy-only-won=2  paired gap  -20 pts
  PER-SLOT RECORDS (greedy | sloppy: outcome + missions cleared; margin = g−s):
    slot 100 @h-1: W 6 | W 6   margin +0
    slot 101 @h-1: W 6 | W 6   margin +0
    slot 102 @h-1: L 4 | L 4   margin +0
    slot 103 @h-1: W 6 | W 6   margin +0
    slot 104 @h-1: L 3 | W 6   margin -3
    slot 105 @h-1: W 6 | W 6   margin +0
    slot 106 @h-1: W 6 | W 6   margin +0
    slot 107 @h-1: L 5 | W 6   margin -1
    slot 108 @h-1: L 3 | L 2   margin +1
    slot 109 @h-1: W 6 | W 6   margin +0
  PAIRED MARGIN (missions cleared, all pairs): -0.30 ±0.33 SE  (n=10 pairs)
  by objective (greedy / sloppy / gap):
    Decapitate :   88% /  100% / gap  -13
    Defend     :  100% /  100% / gap    0
    Eliminate  :   80% /   86% / gap   -6
    Escort     :  100% /  100% / gap    0
    Hack       :  100% /  100% / gap    0
    Rescue     :  100% /  100% / gap    0
    Sabotage   :  100% /  100% / gap    0

DECISION RICHNESS / SWING:
  meaningful-choices/turn 4.13   lead-swings/match 0.4   avg max-swing 28.7
  [shot-gate] acting-soldiers/turn 3.60   armed-soldiers/turn 1.69   armed-fraction 47%   turns-with-a-shot 66%   choices/ARMED-soldier-turn 2.45
  [choice-split] los-targets/ARMED 2.09   target-choices/ARMED 0.41   position-choices/ARMED 2.04

RUN COMPLETION BY HEAT (full-campaign clears):
  heat -1:   70% ±10  (n=20 runs, avg 5.3 missions)
  HEAT LEAK: pinned=yes  heat-raising picks=0  campaigns raised=0  missions off-rung=0/81

INTEL ECONOMY BY HEAT (campaign runs; heat-bonus = the Heat.IntelBonus share of income):
  heat -1: earned  147.4/run   heat-bonus   0.0 (   0% of income)   spent  129.9   unspent   17.6

MISSION WIN-RATE BY HEAT:
  heat -1:   93%  (n=81, avg 4.3 turns)

MISSION WIN-RATE BY OBJECTIVE:
  Eliminate  :   83% ±7  (n=29, avg 4.3 turns)
  Decapitate :   94% ±6  (n=17, avg 2.8 turns)
  Rescue     :  100% ±0  (n=14, avg 3.1 turns)
  Defend     :  100% ±0  (n=11, avg 9.0 turns)
  Sabotage   :  100% ±0  (n=4, avg 3.3 turns)
  Escort     :  100% ±0  (n=4, avg 3.5 turns)
  Hack       :  100% ±0  (n=2, avg 3.5 turns)

MISSION WIN-RATE BY OBJECTIVE x NODE KIND (a capstone must never pool with a mid-run node):
  Eliminate  : Start: 100%(n=20)  Combat:  50%(n=6)  Elite:  33%(n=3)
               depth: m1:100%(20) m3:50%(2) m4:60%(5) m5:0%(2)
  Decapitate : Boss:  93%(n=15)  Combat: 100%(n=2)
               depth: m5:100%(2) m6:93%(15)
  Rescue     : Supply: 100%(n=8)  Combat: 100%(n=4)  Elite: 100%(n=2)
               depth: m2:100%(2) m3:100%(4) m4:100%(6) m5:100%(2)
  Defend     : Supply: 100%(n=4)  Elite: 100%(n=4)  Combat: 100%(n=3)
               depth: m2:100%(2) m3:100%(2) m4:100%(4) m5:100%(3)
  Sabotage   : Supply: 100%(n=2)  Combat: 100%(n=2)
               depth: m2:100%(2) m5:100%(2)
  Escort     : Supply: 100%(n=4)
               depth: m2:100%(4)
  Hack       : Supply: 100%(n=2)
               depth: m4:100%(2)

ENCOUNTER COMPLETION on MID-RUN nodes (Combat+Elite) — clear% is the share of the fight actually fought:
  objective     n   win%   turns   force    +rf  killed  clear%   prs  WONclear%
  Eliminate      9   44%     7.9    6.67   0.00    3.67    55.0  1.67    100.0 (n=4)
  Defend         7  100%     9.0    4.00   8.14    6.43    52.9  0.00     52.9 (n=7)
  Rescue         6  100%     4.2    7.00   0.00    0.00     0.0  0.00      0.0 (n=6)
  Decapitate     2  100%     2.0    7.00   0.00    2.00    28.6  0.00     28.6 (n=2)
  Sabotage       2  100%     3.0    5.00   0.00    3.00    60.0  0.00     60.0 (n=2)
  ---- the two classes ----
  KILL          11   55%     6.8    6.73   0.00    3.36    50.0  1.36     74.4 (n=6)
  NON-KILL      15  100%     6.3    5.33   3.80    3.40    37.2  0.00     37.2 (n=15)

DECAPITATE HVT (buff = +6+1*mission HP, +6 aim; ELITE exempt):
  EXEMPT  :   94% ±6  (n=17, avg 2.8 turns, HVT 22.9 max HP)  [m5:100%(2) m6:93%(15)]

MISSION WIN-RATE BY MISSION #:
  m1:  100% ±0  (n=20)
  m2:  100% ±0  (n=10)
  m3:   88% ±12  (n=8)
  m4:   88% ±8  (n=17)
  m5:   82% ±12  (n=11)
  m6:   93% ±6  (n=15)

LOSS CAUSES (missions):
  RUN OVER              : 6

MISSION WIN-RATE BY ARENA (authored layouts, n>=3; procedural fallback   19% of 81 missions):
  arena  8:  100% ±0  (n=7, avg 5.0 turns)  [m4:100%(2) m5:100%(3) m6:100%(2)]
  arena  9:  100% ±0  (n=4, avg 1.5 turns)  [m1:100%(2) m6:100%(2)]
  arena 10:  100% ±0  (n=6, avg 3.0 turns)  [m4:100%(2) m5:100%(2) m6:100%(2)]
  arena 11:  100% ±0  (n=5, avg 4.6 turns)  [m2:100%(2) m4:100%(1) m5:100%(2)]
  arena 28:   33% ±27  (n=3, avg 9.7 turns)  [m4:100%(1) m5:0%(2)]
  arena 32:   80% ±18  (n=5, avg 4.0 turns)  [m1:100%(2) m3:67%(3)]
  procedural:   93% ±6  (n=15, avg 4.6 turns)  [m1:100%(6) m3:100%(1) m4:75%(4) m5:100%(1) m6:100%(3)]

DEPLOYMENT GEOMETRY (opening shape; choices/ARMED is the wave's real gate):
  FRONTAL   :   84% ±7  (n=25, avg 4.6 turns)  choices/turn 2.61  choices/ARMED 2.29  los-targets/ARMED 1.79
  PINCER    :  100% ±0  (n=24, avg 3.5 turns)  choices/turn 5.98  choices/ARMED 2.77  los-targets/ARMED 2.25
  CROSSFIRE :  100% ±0  (n=12, avg 5.9 turns)  choices/turn 4.40  choices/ARMED 2.34  los-targets/ARMED 2.30
  ENVELOP   :   90% ±7  (n=20, avg 4.0 turns)  choices/turn 4.08  choices/ARMED 2.27  los-targets/ARMED 1.95

ARENA FUNNEL (Mission.Build exits, n=88 builds, all modes):
  authored-applied    :  80.7%  (n=71)
  connectivity-reject :   0.0%  (n=0)
  procedural-roll     :  19.3%  (n=17)

DECK EXPOSURE (campaign runs n=20):
  distinct authored arenas/run : 3.30 mean (all runs)
  ... full-depth runs only     : 3.50 mean over 4.4 fights/run (n=14)
  Defend dealt on the route    :   45% of runs (n=9)

ENEMY DECISION MIX (contested acts=674; all-downed acts not counted=312):
  shoot           369    55%
  hunker          140    21%
  move             72    11%
  heal             18     3%
  reload           17     3%
  siege            16     2%
  grenade          14     2%
  overwatch        13     2%
  item              7     1%
  staleplan         4     1%
  brace             3     0%
  sap               1     0%

  the shot on the table (acts where the chosen tile HAD a shot = 409):
    hit% band     taken   share   E[dmg]/shot   declined   share   E[dmg]/shot
      0-19           0      0%          0.00          0      0%          0.00
     20-39          11      3%          1.40          1     20%          0.66
     40-59          37     10%          2.23          4     80%          1.49
     60-79         116     31%          2.64          0      0%          0.00
      80+          205     56%          3.86          0      0%          0.00
    TOTAL           369                              5
  taken   90% / DECLINED    1% / preempted by another verb    9%
  enemy lanes held (overwatch+brace) 16; reaction shots fired 0  ->    0% of lanes paid off   [C2: DeclineWatchRatio is a bet on this number]

ACTION MIX (verbs issued, by policy):
  verb                  greedy        sloppy
  MOVE               483   43%     520   44%
  SHOOT              321   29%     281   24%
  HUNKER              53    5%      58    5%
  RELOAD              33    3%      40    3%
  INTEL               32    3%      37    3%
  BRACE               34    3%      33    3%
  SLIPSTREAM          18    2%      34    3%
  OVERWATCH            4    0%      46    4%
  FOCUS               18    2%      22    2%
  PIN                 19    2%      20    2%
  STABILIZE           20    2%      16    1%
  MARK                12    1%      17    1%
  ITEM:SMOKE          13    1%      14    1%
  REARM               13    1%       6    1%
  BEACON               8    1%       8    1%
  PATCH               14    1%       0    0%
  PLANT                6    1%       6    1%
  GRAPPLE              6    1%       2    0%
  GRENADE              1    0%       7    1%
  EXTRACT              2    0%       2    0%
  HACK                 2    0%       2    0%
  ITEM:BARRICADE       1    0%       0    0%

PLAYER CLASS PERFORMANCE:
  class        shots   hit%   dmg   kills
  RANGER         148    91%    868     48
  GUNNER         183    87%    855     52
  SHARPSHOOTER    137    88%    852     62
  ASSAULT        114    89%    530     33
  CORPSMAN        56    86%    218     11

SOLDIER DEATHS BY ENEMY CLASS (threat ranking):
  BURN       : 8
  BERSERKER  : 7
  SNIPER     : 5
  ELITE      : 5
  SHIELD     : 5
  GRUNT      : 4
  SPOTTER    : 4
  WARBRINGER : 3
  BRUISER    : 2
  HUNTER     : 2
  SCREENER   : 2
  STRIKER    : 1
  SCOUT      : 1
  LANCER     : 1

SOLDIER DOWNS (FUL-7 bleed-out): 129 downs -> revived 7 / recovered 43 / bled out 67 / finished 12  (save-rate   39%)
  corpsman fielded in 30 missions

ENEMY COMPOSITION (spawns; faction-stamped fights n=342 / default-cascade fights n=162):
  class        faction         default
  GRUNT           25    7%       29   18%
  SCOUT           13    4%       37   23%
  ELITE           33   10%        6    4%
  BERSERKER       31    9%        8    5%
  DRONE           20    6%       16   10%
  HUNTER          22    6%        8    5%
  SNIPER          19    6%        7    4%
  LANCER          16    5%        6    4%
  SAPPER          19    6%        3    2%
  STRIKER         13    4%        8    5%
  SCREENER        15    4%        4    2%
  MEDIC           16    5%        3    2%
  SHIELD          13    4%        4    2%
  MORTAR          15    4%        1    1%
  BRUISER         11    3%        4    2%
  HOUND            8    2%        6    4%
  PIKEMAN         10    3%        3    2%
  TURRET           9    3%        4    2%
  CUSTODIAN       10    3%        2    1%
  WARBRINGER      11    3%        0    0%
  SPOTTER          8    2%        0    0%
  BOMBARD          5    1%        3    2%

PERK PICK FREQUENCY:
  OUT           : 14
  EXC           : 12
  GUN           : 10
  MOM           : 10
  CQB           : 9
  TNK           : 9
  LCK           : 9
  GRD           : 8
  HRD           : 6
  SKR           : 6
  PLT           : 6
  MRK           : 6
  CLH           : 4
  BRK           : 4
  BND           : 4
  VNT           : 4
  SGE           : 4
  FST           : 3
  RFX           : 3

SHOP PURCHASE FREQUENCY:
  FIELD MEDKIT      : 50
  WPN: SCOPE        : 36
  WPN: STABILIZER   : 35
  WPN: HOLLOW POINT : 23
  WPN: EXTENDED MAG : 20
  ARMORY            : 19
  BALLISTIC PLATING : 19
  FRAG CACHE        : 15
  COUNTER-PREP      : 12
  ADV. TRAINING     : 8
  WPN: BIPOD        : 7
  COMBAT STIMS      : 5
  WPN: SUPPRESSOR   : 4

BOON PICK FREQUENCY (PROCS = effect fires at instrumented sites; '-' = not instrumented;
                      PYR counts the +2-turn-burn half only — the Burning-immunity half is uninstrumented):
  code                 picks   PROCS
  RCL               :     8       4
  ADR               :     6       -
  FRT               :     6       -
  FST               :     5      52
  EXE               :     4       -
  RPD               :     4       -
  SHK               :     4       0
  FDR               :     3       0
  FVR               :     3       -
  GHO               :     3       -
  GRN               :     3       -
  MRK               :     3       -
  VNM               :     3       -
  PYR               :     2       0
  SCV               :     2       -
  TRR               :     2       5

RUN WIN-RATE BY BOON (campaign runs holding it):
  RCL               :  100% ±0  (in 8 runs)
  ADR               :   83% ±15  (in 6 runs)
  FRT               :   83% ±15  (in 6 runs)
  FST               :   80% ±18  (in 5 runs)
  EXE               :   50% ±25  (in 4 runs)
  RPD               :   75% ±22  (in 4 runs)
  SHK               :   75% ±22  (in 4 runs)
  FDR               :   33% ±27  (in 3 runs)
  FVR               :   67% ±27  (in 3 runs)
  GHO               :  100% ±0  (in 3 runs)
  GRN               :   33% ±27  (in 3 runs)
  MRK               :   67% ±27  (in 3 runs)
  VNM               :  100% ±0  (in 3 runs)
  PYR               :  100% ±0  (in 2 runs)
  SCV               :  100% ±0  (in 2 runs)
  TRR               :   50% ±35  (in 2 runs)

RUN WIN-RATE BY SPEC (campaign runs fielding it):
  ANC               :  100% ±0  (in 4 runs)
  HHT               :   75% ±22  (in 4 runs)
  BRC               :  100% ±0  (in 3 runs)
  PHN               :   50% ±35  (in 2 runs)
  PTH               :  100% ±0  (in 2 runs)
  SNT               :  100% ±0  (in 2 runs)
  ADN               :  100% ±0  (in 1 runs)
  JUG               :  100% ±0  (in 1 runs)

RUN WIN-RATE BY PERK (campaign runs holding it):
  EXC               :   90% ±9  (in 10 runs)
  MOM               :   89% ±10  (in 9 runs)
  OUT               :   56% ±17  (in 9 runs)
  GUN               :   75% ±15  (in 8 runs)
  CQB               :   86% ±13  (in 7 runs)
  GRD               :   71% ±17  (in 7 runs)
  LCK               :   86% ±13  (in 7 runs)
  TNK               :   83% ±15  (in 6 runs)
  HRD               :   80% ±18  (in 5 runs)
  PLT               :   60% ±22  (in 5 runs)
  SKR               :   80% ±18  (in 5 runs)
  BRK               :   75% ±22  (in 4 runs)
  CLH               :  100% ±0  (in 4 runs)
  MRK               :   75% ±22  (in 4 runs)
  SGE               :   75% ±22  (in 4 runs)
  VNT               :  100% ±0  (in 4 runs)
  BND               :  100% ±0  (in 3 runs)
  FST               :  100% ±0  (in 3 runs)
  RFX               :   50% ±35  (in 2 runs)

RUN WIN-RATE BY PURCHASE (campaign runs buying it):
  FIELD MEDKIT      :   87% ±9  (in 15 runs)
  ARMORY            :   79% ±11  (in 14 runs)
  WPN: HOLLOW POINT :   64% ±13  (in 14 runs)
  BALLISTIC PLATING :   69% ±13  (in 13 runs)
  WPN: STABILIZER   :  100% ±0  (in 13 runs)
  WPN: SCOPE        :   75% ±13  (in 12 runs)
  FRAG CACHE        :   70% ±14  (in 10 runs)
  COUNTER-PREP      :   63% ±17  (in 8 runs)
  WPN: BIPOD        :   71% ±17  (in 7 runs)
  WPN: EXTENDED MAG :   83% ±15  (in 6 runs)
  ADV. TRAINING     :   40% ±22  (in 5 runs)
  COMBAT STIMS      :   50% ±25  (in 4 runs)
  WPN: SUPPRESSOR   :   75% ±22  (in 4 runs)

RUN WIN-RATE BY EVENT-CHOICE (campaign runs taking id:arm):
  bloodfeud:2       :  100% ±0  (in 4 runs)
  quartermaster:1   :   50% ±25  (in 4 runs)
  reservecall:0     :   50% ±25  (in 4 runs)
  blackmarket:1     :  100% ±0  (in 2 runs)
  bloodfeud:0       :  100% ±0  (in 2 runs)
  cache:1           :  100% ±0  (in 2 runs)
  defector:1        :   50% ±35  (in 2 runs)
  drill:0           :   50% ±35  (in 2 runs)
  grave:1           :  100% ±0  (in 2 runs)
  medic:1           :  100% ±0  (in 2 runs)
  warchest:0        :   50% ±35  (in 2 runs)
  warchest:1        :  100% ±0  (in 2 runs)
═══════════════════════════════════════════════════════════════════════

batch wall-time: 8.0s  (20 matches across 10 campaigns × 2 policy, frame-cap hits: 0)
aggregate JSON -> /home/user/wt/heat-pin/docs/measurements/l5/L5-hR-b100.json
INFO: TEXTURE: [ID 2] Unloaded texture data from VRAM (GPU)
INFO: SHADER: [ID 3] Default shader unloaded successfully
INFO: TEXTURE: [ID 1] Default texture unloaded successfully
INFO: Window closed successfully
