BALANCE: heat PINNED for this batch (field-event AddHeat is a no-op; SIGHTLINE_HEATPIN=0 restores the leak)
INFO: Initializing raylib 6.0
INFO: Platform backend: DESKTOP (GLFW)
INFO: Supported raylib modules:
INFO:     > rcore:..... loaded (mandatory)
INFO:     > rlgl:...... loaded (mandatory)
INFO:     > rshapes:... loaded (optional)
INFO:     > rtextures:. loaded (optional)
INFO:     > rtext:..... loaded (optional)
INFO:     > rmodels:... loaded (optional)
INFO:     > raudio:.... loaded (optional)
INFO: DISPLAY: Trying to enable MSAA x4
INFO: DISPLAY: Device initialized successfully 
INFO:     > Display size: 1280 x 800
INFO:     > Screen size:  1280 x 800
INFO:     > Render size:  1280 x 800
INFO:     > Viewport offsets: 0, 0
INFO: GLAD: OpenGL extensions loaded successfully
INFO: GL: Supported extensions count: 229
INFO: GL: OpenGL device information:
INFO:     > Vendor:   Mesa
INFO:     > Renderer: llvmpipe (LLVM 20.1.2, 256 bits)
INFO:     > Version:  4.5 (Core Profile) Mesa 25.2.8-0ubuntu0.24.04.2
INFO:     > GLSL:     4.50
INFO: GL: VAO extension detected, VAO functions loaded successfully
INFO: GL: NPOT textures extension detected, full NPOT textures supported
INFO: GL: DXT compressed textures supported
INFO: GL: ETC2/EAC compressed textures supported
INFO: PLATFORM: DESKTOP (GLFW - X11): Initialized successfully
INFO: TEXTURE: [ID 1] Texture loaded successfully (1x1 | R8G8B8A8 | 1 mipmaps)
INFO: TEXTURE: [ID 1] Default texture loaded successfully
INFO: SHADER: [ID 1] Vertex shader compiled successfully
INFO: SHADER: [ID 2] Fragment shader compiled successfully
INFO: SHADER: [ID 3] Program shader loaded successfully
INFO: SHADER: [ID 3] Default shader loaded successfully
INFO: RLGL: Render batch vertex buffers loaded successfully in RAM (CPU)
INFO: RLGL: Render batch vertex buffers loaded successfully in VRAM (GPU)
INFO: RLGL: Default OpenGL state initialized successfully
INFO: TEXTURE: [ID 2] Texture loaded successfully (128x128 | GRAY_ALPHA | 1 mipmaps)
INFO: FONT: Default font loaded successfully (224 glyphs)
INFO: SYSTEM: Working Directory: /home/user/wt/heat-pin
INFO: TIMER: Target time per frame: 0.000 milliseconds
FINALE-KIT: Wardens
WAVE: +2 (GRUNT,MEDIC) [rich]
WAVE: +2 (MORTAR,MEDIC) [rich]
WAVE: +2 (PIKEMAN,SCOUT) [rich]
WAVE: +3 (PIKEMAN,SNIPER,MORTAR) [rich]
WAVE: +3 (PIKEMAN,MORTAR,GRUNT) [rich]
WAVE: +3 (MEDIC,SCOUT,SNIPER) [rich]
FINALE-KIT: Wardens
WAVE: +2 (SCOUT,MORTAR) [rich]
WAVE: +2 (MEDIC,MEDIC) [rich]
WAVE: +2 (SNIPER,SNIPER) [rich]
WAVE: +3 (SCOUT,CUSTODIAN,GRUNT) [rich]
WAVE: +3 (SNIPER,MORTAR,GRUNT) [rich]
WAVE: +3 (GRUNT,MEDIC,SCOUT) [rich]
FINALE-KIT: Wardens
WAVE: +3 (SCREENER,GRUNT,CUSTODIAN) [rich]
WAVE: +3 (PIKEMAN,MEDIC,GRUNT) [rich]
WAVE: +3 (PIKEMAN,MORTAR,SCOUT) [rich]
WAVE: +3 (MEDIC,MORTAR,MORTAR) [rich]
WAVE: +3 (SNIPER,SCREENER,MEDIC) [rich]
WAVE: +3 (CUSTODIAN,SNIPER,PIKEMAN) [rich]
FINALE-KIT: Wardens
FINALE-KIT: Legion
WAVE: +2 (LANCER,BERSERKER) [rich]
WAVE: +2 (BERSERKER,GRUNT) [rich]
WAVE: +2 (HUNTER,SCOUT) [rich]
match 5/20  (W:2 L:3 cap:0)  3.6s
FINALE-KIT: Legion
WAVE: +2 (SCOUT,BERSERKER) [rich]
WAVE: +2 (SCOUT,BRUISER) [rich]
WAVE: +2 (BRUISER,HUNTER) [rich]
WAVE: +2 (SAPPER,SAPPER) [rich]
WAVE: +2 (DRONE,SHIELD) [rich]
WAVE: +2 (DRONE,SHIELD) [rich]
FINALE-KIT: Wardens
WAVE: +3 (BRUISER,HUNTER,HUNTER) [rich]
WAVE: +3 (BERSERKER,BRUISER,BRUISER) [rich]
WAVE: +3 (BRUISER,HUNTER,BRUISER) [rich]
WAVE: +3 (STRIKER,HUNTER,BRUISER) [rich]
WAVE: +3 (BERSERKER,HOUND,WARBRINGER) [rich]
FINALE-KIT: Wardens
WAVE: +3 (BERSERKER,STRIKER,HUNTER) [rich]
WAVE: +3 (BERSERKER,HUNTER,LANCER) [rich]
WAVE: +3 (SCOUT,BERSERKER,STRIKER) [rich]
WAVE: +3 (BRUISER,HUNTER,HUNTER) [rich]
WAVE: +3 (GRUNT,BRUISER,BRUISER) [rich]
FINALE-KIT: Syndicate
WAVE: +2 (HUNTER,HOUND) [rich]
WAVE: +2 (BRUISER,LANCER) [rich]
FINALE-KIT: Syndicate
WAVE: +2 (BERSERKER,STRIKER) [rich]
WAVE: +2 (HUNTER,HUNTER) [rich]
WAVE: +2 (BERSERKER,BRUISER) [rich]
match 10/20  (W:3 L:7 cap:0)  6.9s
FINALE-KIT: Wardens
WAVE: +3 (GRUNT,WARBRINGER,SPOTTER) [rich]
WAVE: +3 (STRIKER,STRIKER,CUSTODIAN) [rich]
WAVE: +3 (BERSERKER,BERSERKER,HUNTER) [rich]
FINALE-KIT: Wardens
WAVE: +3 (GRUNT,HOUND,HOUND) [rich]
WAVE: +3 (SPOTTER,SNIPER,LANCER) [rich]
WAVE: +3 (STRIKER,DRONE,STRIKER) [rich]
FINALE-KIT: Syndicate
WAVE: +2 (SNIPER,LANCER) [rich]
WAVE: +2 (HOUND,STRIKER) [rich]
WAVE: +2 (BRUISER,HOUND) [rich]
WAVE: +2 (STRIKER,GRUNT) [rich]
WAVE: +2 (DRONE,MORTAR) [rich]
WAVE: +2 (SCREENER,BERSERKER) [rich]
FINALE-KIT: Syndicate
WAVE: +2 (STRIKER,SCOUT) [rich]
WAVE: +2 (SNIPER,BRUISER) [rich]
WAVE: +2 (SCOUT,STRIKER) [rich]
WAVE: +2 (LANCER,SAPPER) [rich]
WAVE: +2 (DRONE,SCREENER) [rich]
WAVE: +2 (MEDIC,WARBRINGER) [rich]
FINALE-KIT: Legion
WAVE: +3 (MEDIC,SHIELD,PIKEMAN) [rich]
WAVE: +3 (STRIKER,SHIELD,HOUND) [rich]
WAVE: +3 (MEDIC,SAPPER,BERSERKER) [rich]
match 15/20  (W:8 L:7 cap:0)  8.7s
FINALE-KIT: Legion
WAVE: +3 (GRUNT,SNIPER,HUNTER) [rich]
WAVE: +3 (STRIKER,SCREENER,SCREENER) [rich]
WAVE: +3 (STRIKER,PIKEMAN,MORTAR) [rich]
FINALE-KIT: Syndicate
REINFORCEMENTS: +2 (SCOUT,SCOUT)
FINALE-KIT: Syndicate
FINALE-KIT: Legion
WAVE: +3 (DRONE,PIKEMAN,LANCER) [rich]
WAVE: +3 (HOUND,SAPPER,HUNTER) [rich]
WAVE: +3 (LANCER,HUNTER,DRONE) [rich]
REINFORCEMENTS: +2 (SCOUT,GRUNT)
REINFORCEMENTS: +2 (SCOUT,GRUNT)
REINFORCEMENTS: +3 (GRUNT,GRUNT,SCOUT)
FINALE-KIT: Legion
match 20/20  (W:8 L:12 cap:0)  10.2s

══════════════════════ SIGHTLINE BALANCE REPORT ══════════════════════
runs=20  missions=75

RUN OUTCOMES (campaign):  win-rate   40%   avg missions cleared 4.0

POLICY GAP (optimal vs human-error; campaign runs only):
  greedy win-rate   40%  (n=10)
  sloppy win-rate   40%  (n=10)
  GAP    0 pts  (healthy slack)
  PAIRED (same-seed slots): pairs=10  concordant=8  discordant greedy-only-won=1 / sloppy-only-won=1  paired gap    0 pts
  PER-SLOT RECORDS (greedy | sloppy: outcome + missions cleared; margin = g−s):
    slot 150 @h2: W 6 | W 6   margin +0
    slot 151 @h2: L 3 | L 0   margin +3
    slot 152 @h2: L 1 | W 6   margin -5
    slot 153 @h2: L 4 | L 4   margin +0
    slot 154 @h2: L 1 | L 3   margin -2
    slot 155 @h2: W 6 | W 6   margin +0
    slot 156 @h2: W 6 | W 6   margin +0
    slot 157 @h2: W 6 | L 5   margin +1
    slot 158 @h2: L 2 | L 2   margin +0
    slot 159 @h2: L 5 | L 2   margin +3
  PAIRED MARGIN (missions cleared, all pairs): +0.00 ±0.73 SE  (n=10 pairs)
  by objective (greedy / sloppy / gap):
    Decapitate :   71% /   71% / gap    0
    Defend     :   64% /   90% / gap  -26
    Eliminate  :  100% /   90% / gap   10
    Escort     :  100% /  100% / gap    0
    Evac       :  100% /  100% / gap    0
    Hack       :  100% /   50% / gap   50
    Rescue     :  100% /  100% / gap    0
    Sabotage   :  100% /   50% / gap   50

DECISION RICHNESS / SWING:
  meaningful-choices/turn 4.44   lead-swings/match 0.8   avg max-swing 42.7
  [shot-gate] acting-soldiers/turn 3.49   armed-soldiers/turn 1.63   armed-fraction 47%   turns-with-a-shot 61%   choices/ARMED-soldier-turn 2.73
  [choice-split] los-targets/ARMED 3.28   target-choices/ARMED 0.94   position-choices/ARMED 1.79

RUN COMPLETION BY HEAT (full-campaign clears):
  heat 2:   40% ±11  (n=20 runs, avg 4.0 missions)
  HEAT LEAK: pinned=yes  heat-raising picks=0  campaigns raised=0  missions off-rung=0/75

INTEL ECONOMY BY HEAT (campaign runs; heat-bonus = the Heat.IntelBonus share of income):
  heat 2: earned  146.7/run   heat-bonus  22.0 (  15% of income)   spent  128.1   unspent   18.6

MISSION WIN-RATE BY HEAT:
  heat 2:   84%  (n=75, avg 6.3 turns)

MISSION WIN-RATE BY OBJECTIVE:
  Defend     :   76% ±9  (n=21, avg 8.8 turns)
  Eliminate  :   95% ±5  (n=20, avg 5.5 turns)
  Decapitate :   71% ±12  (n=14, avg 3.9 turns)
  Rescue     :  100% ±0  (n=6, avg 7.7 turns)
  Escort     :  100% ±0  (n=5, avg 9.4 turns)
  Hack       :   75% ±22  (n=4, avg 3.8 turns)
  Sabotage   :   67% ±27  (n=3, avg 4.0 turns)
  Evac       :  100% ±0  (n=2, avg 2.5 turns)

MISSION WIN-RATE BY OBJECTIVE x NODE KIND (a capstone must never pool with a mid-run node):
  Defend     : Combat:  50%(n=10)  Supply: 100%(n=9)  Elite: 100%(n=2)
               depth: m2:75%(8) m3:100%(3) m4:75%(4) m5:67%(6)
  Eliminate  : Start:  95%(n=20)
               depth: m1:95%(20)
  Decapitate : Boss:  80%(n=10)  Supply: 100%(n=2)  Elite:   0%(n=2)
               depth: m2:100%(2) m3:0%(2) m6:80%(10)
  Rescue     : Combat: 100%(n=4)  Supply: 100%(n=2)
               depth: m2:100%(4) m4:100%(2)
  Escort     : Combat: 100%(n=3)  Supply: 100%(n=2)
               depth: m3:100%(1) m4:100%(2) m5:100%(2)
  Hack       : Combat: 100%(n=2)  Elite:  50%(n=2)
               depth: m3:50%(2) m4:100%(2)
  Sabotage   : Combat: 100%(n=2)  Elite:   0%(n=1)
               depth: m3:100%(2) m4:0%(1)
  Evac       : Combat: 100%(n=2)
               depth: m2:100%(2)

ENCOUNTER COMPLETION on MID-RUN nodes (Combat+Elite) — clear% is the share of the fight actually fought:
  objective     n   win%   turns   force    +rf  killed  clear%   prs  WONclear%
  Defend        12   58%     8.7    4.25   7.08    5.33    47.1  0.00     63.2 (n=7)
  Rescue         4  100%     6.3    6.50   0.00    0.50     7.7  0.00      7.7 (n=4)
  Hack           4   75%     3.8    8.50   0.00    1.75    20.6  0.25     20.0 (n=3)
  Escort         3  100%     7.7    7.67   0.00    1.33    17.4  0.00     17.4 (n=3)
  Sabotage       3   67%     4.0    6.00   0.00    0.33     5.6  0.00     10.0 (n=2)
  Decapitate     2    0%     7.5    9.00   1.00    0.50     5.0  1.50      0.0 (n=0)
  Evac           2  100%     2.5    5.00   0.00    0.00     0.0  0.00      0.0 (n=2)
  ---- the two classes ----
  KILL           2    0%     7.5    9.00   1.00    0.50     5.0  1.50      0.0 (n=0)
  NON-KILL      28   75%     6.6    5.79   3.04    2.79    31.6  0.04     35.3 (n=21)

DECAPITATE HVT (buff = +6+1*mission HP, +6 aim; ELITE exempt):
  EXEMPT  :   67% ±14  (n=12, avg 4.3 turns, HVT 22.7 max HP)  [m3:0%(2) m6:80%(10)]
  BUFFED  :  100% ±0  (n=2, avg 2.0 turns, HVT 16.0 max HP)  [m2:100%(2)]

MISSION WIN-RATE BY MISSION #:
  m1:   95% ±5  (n=20)
  m2:   88% ±8  (n=16)
  m3:   70% ±14  (n=10)
  m4:   82% ±12  (n=11)
  m5:   75% ±15  (n=8)
  m6:   80% ±13  (n=10)

LOSS CAUSES (missions):
  RUN OVER              : 12

MISSION WIN-RATE BY ARENA (authored layouts, n>=3; procedural fallback   24% of 75 missions):
  arena  8:  100% ±0  (n=4, avg 6.0 turns)  [m1:100%(2) m4:100%(2)]
  arena 23:   33% ±27  (n=3, avg 7.3 turns)  [m1:50%(2) m6:0%(1)]
  arena 26:  100% ±0  (n=4, avg 2.8 turns)  [m6:100%(4)]
  arena 30:   80% ±18  (n=5, avg 5.2 turns)  [m1:100%(2) m2:67%(3)]
  arena 32:   75% ±22  (n=4, avg 6.8 turns)  [m2:100%(2) m6:50%(2)]
  arena 33:   60% ±22  (n=5, avg 7.2 turns)  [m2:100%(2) m3:0%(2) m4:100%(1)]
  arena 34:  100% ±0  (n=3, avg 9.0 turns)  [m5:100%(2) m6:100%(1)]
  procedural:   94% ±5  (n=18, avg 6.9 turns)  [m1:100%(8) m2:100%(2) m3:100%(2) m4:100%(3) m5:67%(3)]

DEPLOYMENT GEOMETRY (opening shape; choices/ARMED is the wave's real gate):
  FRONTAL   :   75% ±10  (n=20, avg 7.7 turns)  choices/turn 4.42  choices/ARMED 2.33  los-targets/ARMED 3.64
  PINCER    :   84%  (n=32, avg 5.8 turns)  choices/turn 5.98  choices/ARMED 3.38  los-targets/ARMED 3.43
  CROSSFIRE :   78% ±14  (n=9, avg 5.4 turns)  choices/turn 2.69  choices/ARMED 1.86  los-targets/ARMED 2.89
  ENVELOP   :  100% ±0  (n=14, avg 6.1 turns)  choices/turn 2.23  choices/ARMED 2.31  los-targets/ARMED 1.83

ARENA FUNNEL (Mission.Build exits, n=87 builds, all modes):
  authored-applied    :  74.7%  (n=65)
  connectivity-reject :   0.0%  (n=0)
  procedural-roll     :  25.3%  (n=22)

DECK EXPOSURE (campaign runs n=20):
  distinct authored arenas/run : 2.85 mean (all runs)
  ... full-depth runs only     : 4.00 mean over 5.1 fights/run (n=8)
  Defend dealt on the route    :   80% of runs (n=16)

ENEMY DECISION MIX (contested acts=1070; all-downed acts not counted=413):
  shoot           634    59%
  hunker          187    17%
  move            114    11%
  heal             36     3%
  grenade          23     2%
  reload           22     2%
  siege            22     2%
  brace             9     1%
  item              7     1%
  overwatch         7     1%
  sap               3     0%
  shove             3     0%
  staleplan         3     0%

  the shot on the table (acts where the chosen tile HAD a shot = 710):
    hit% band     taken   share   E[dmg]/shot   declined   share   E[dmg]/shot
      0-19           2      0%          0.29          0      0%          0.00
     20-39           5      1%          1.45          3     60%          0.75
     40-59          37      6%          1.71          2     40%          1.63
     60-79         209     33%          2.44          0      0%          0.00
      80+          381     60%          3.49          0      0%          0.00
    TOTAL           634                              5
  taken   89% / DECLINED    1% / preempted by another verb   10%
  enemy lanes held (overwatch+brace) 16; reaction shots fired 3  ->   19% of lanes paid off   [C2: DeclineWatchRatio is a bet on this number]

ACTION MIX (verbs issued, by policy):
  verb                  greedy        sloppy
  MOVE               593   41%     638   41%
  SHOOT              370   26%     347   23%
  HUNKER              96    7%     208   13%
  BRACE               74    5%      62    4%
  OVERWATCH           64    4%      20    1%
  RELOAD              41    3%      42    3%
  INTEL               34    2%      35    2%
  SLIPSTREAM          29    2%      33    2%
  FOCUS               29    2%      31    2%
  STABILIZE           27    2%      30    2%
  ITEM:SMOKE          20    1%      17    1%
  PIN                 13    1%      16    1%
  MARK                12    1%      15    1%
  REARM                7    0%       5    0%
  PATCH                6    0%       6    0%
  GRENADE              5    0%       6    0%
  PLANT                3    0%       8    1%
  EXTRACT              4    0%       5    0%
  BEACON               3    0%       5    0%
  BARREL               2    0%       6    0%
  HACK                 4    0%       4    0%
  GRAPPLE              3    0%       2    0%
  DRAG                 1    0%       0    0%

PLAYER CLASS PERFORMANCE:
  class        shots   hit%   dmg   kills
  GUNNER         209    89%    986     63
  ASSAULT        205    91%    954     59
  SHARPSHOOTER    145    88%    897     59
  RANGER         139    84%    711     45
  CORPSMAN        59    81%    157      9

SOLDIER DEATHS BY ENEMY CLASS (threat ranking):
  STRIKE     : 11
  BURN       : 10
  BRUISER    : 10
  LANCER     : 9
  MORTAR     : 7
  GRUNT      : 7
  BERSERKER  : 6
  SAPPER     : 4
  ELITE      : 4
  HOUND      : 4
  STRIKER    : 3
  SCREENER   : 3
  SHIELD     : 3
  SCOUT      : 2
  DRONE      : 2
  MEDIC      : 1
  HUNTER     : 1
  TURRET     : 1

SOLDIER DOWNS (FUL-7 bleed-out): 189 downs -> revived 4 / recovered 43 / bled out 124 / finished 18  (save-rate   25%)
  corpsman fielded in 31 missions

ENEMY COMPOSITION (spawns; faction-stamped fights n=450 / default-cascade fights n=217):
  class        faction         default
  GRUNT           45   10%       36   17%
  SCOUT           29    6%       52   24%
  MEDIC           39    9%        5    2%
  BRUISER         37    8%        5    2%
  SNIPER          29    6%       10    5%
  ELITE           30    7%        8    4%
  LANCER          23    5%       14    6%
  BERSERKER       27    6%       10    5%
  HUNTER          25    6%        8    4%
  STRIKER         18    4%       15    7%
  SCREENER        19    4%        7    3%
  MORTAR          23    5%        2    1%
  DRONE           17    4%        8    4%
  PIKEMAN         19    4%        3    1%
  SHIELD          11    2%        8    4%
  HOUND            8    2%       10    5%
  CUSTODIAN       11    2%        3    1%
  SAPPER           9    2%        5    2%
  TURRET          10    2%        2    1%
  SPOTTER          6    1%        4    2%
  WARBRINGER       7    2%        2    1%
  BOMBARD          8    2%        0    0%

PERK PICK FREQUENCY:
  LCK           : 14
  OUT           : 13
  MOM           : 10
  BND           : 9
  HRD           : 8
  CLH           : 8
  GUN           : 8
  EXC           : 8
  MRK           : 7
  GRD           : 7
  FST           : 6
  SGE           : 6
  TNK           : 6
  CQB           : 6
  SKR           : 5
  PLT           : 5
  RFX           : 3
  VNT           : 3
  BRK           : 3

SHOP PURCHASE FREQUENCY:
  FIELD MEDKIT      : 50
  WPN: HOLLOW POINT : 42
  WPN: SCOPE        : 28
  WPN: STABILIZER   : 22
  WPN: EXTENDED MAG : 17
  COMBAT STIMS      : 15
  COUNTER-PREP      : 15
  BALLISTIC PLATING : 14
  ARMORY            : 12
  WPN: BIPOD        : 10
  FRAG CACHE        : 7
  ADV. TRAINING     : 7
  WPN: SUPPRESSOR   : 6

BOON PICK FREQUENCY (PROCS = effect fires at instrumented sites; '-' = not instrumented;
                      PYR counts the +2-turn-burn half only — the Burning-immunity half is uninstrumented):
  code                 picks   PROCS
  PYR               :     8       2
  SCV               :     7       -
  FRT               :     5       -
  FVR               :     5       -
  SHK               :     5      15
  TRR               :     5      31
  FDR               :     4       0
  VNM               :     4       -
  FST               :     3      49
  RCL               :     3       0
  RPD               :     3       -
  MRK               :     2       -
  GRN               :     1       -

RUN WIN-RATE BY BOON (campaign runs holding it):
  PYR               :   50% ±18  (in 8 runs)
  SCV               :   57% ±19  (in 7 runs)
  FRT               :   40% ±22  (in 5 runs)
  FVR               :   80% ±18  (in 5 runs)
  SHK               :   80% ±18  (in 5 runs)
  TRR               :   60% ±22  (in 5 runs)
  FDR               :   50% ±25  (in 4 runs)
  VNM               :   25% ±22  (in 4 runs)
  FST               :   67% ±27  (in 3 runs)
  RCL               :  100% ±0  (in 3 runs)
  RPD               :   33% ±27  (in 3 runs)
  MRK               :  100% ±0  (in 2 runs)
  GRN               :  100% ±0  (in 1 runs)

RUN WIN-RATE BY SPEC (campaign runs fielding it):
  SNT               :   57% ±19  (in 7 runs)
  ADN               :   80% ±18  (in 5 runs)
  ANC               :   50% ±25  (in 4 runs)
  BRC               :    0% ±0  (in 2 runs)
  HHT               :   50% ±35  (in 2 runs)
  JUG               :  100% ±0  (in 2 runs)
  PTH               :  100% ±0  (in 2 runs)
  PHN               :  100% ±0  (in 1 runs)

RUN WIN-RATE BY PERK (campaign runs holding it):
  LCK               :   55% ±15  (in 11 runs)
  OUT               :   60% ±15  (in 10 runs)
  MOM               :   56% ±17  (in 9 runs)
  BND               :   57% ±19  (in 7 runs)
  HRD               :   57% ±19  (in 7 runs)
  MRK               :   71% ±17  (in 7 runs)
  CLH               :   67% ±19  (in 6 runs)
  CQB               :   50% ±20  (in 6 runs)
  EXC               :   83% ±15  (in 6 runs)
  FST               :   67% ±19  (in 6 runs)
  GRD               :   67% ±19  (in 6 runs)
  GUN               :   67% ±19  (in 6 runs)
  SGE               :   33% ±19  (in 6 runs)
  PLT               :   40% ±22  (in 5 runs)
  SKR               :   60% ±22  (in 5 runs)
  TNK               :   60% ±22  (in 5 runs)
  RFX               :   33% ±27  (in 3 runs)
  VNT               :  100% ±0  (in 3 runs)
  BRK               :  100% ±0  (in 2 runs)

RUN WIN-RATE BY PURCHASE (campaign runs buying it):
  FIELD MEDKIT      :   44% ±12  (in 18 runs)
  WPN: HOLLOW POINT :   47% ±13  (in 15 runs)
  COUNTER-PREP      :   50% ±16  (in 10 runs)
  WPN: SCOPE        :   80% ±13  (in 10 runs)
  WPN: STABILIZER   :   50% ±16  (in 10 runs)
  ARMORY            :   67% ±16  (in 9 runs)
  BALLISTIC PLATING :   78% ±14  (in 9 runs)
  COMBAT STIMS      :   75% ±15  (in 8 runs)
  WPN: EXTENDED MAG :   63% ±17  (in 8 runs)
  WPN: BIPOD        :   50% ±20  (in 6 runs)
  ADV. TRAINING     :   40% ±22  (in 5 runs)
  FRAG CACHE        :  100% ±0  (in 5 runs)
  WPN: SUPPRESSOR   :   50% ±25  (in 4 runs)

RUN WIN-RATE BY EVENT-CHOICE (campaign runs taking id:arm):
  bloodfeud:2       :  100% ±0  (in 2 runs)
  cache:1           :   50% ±35  (in 2 runs)
  grave:1           :    0% ±0  (in 2 runs)
  reservecall:0     :   50% ±35  (in 2 runs)
  warchest:1        :  100% ±0  (in 2 runs)
  warpension:2      :    0% ±0  (in 2 runs)
  defector:1        :    0% ±0  (in 1 runs)
  defector:2        :    0% ±0  (in 1 runs)
  depot:0           :    0% ±0  (in 1 runs)
  informant:0       :  100% ±0  (in 1 runs)
  profiteer:0       :    0% ±0  (in 1 runs)
═══════════════════════════════════════════════════════════════════════

batch wall-time: 10.2s  (20 matches across 10 campaigns × 2 policy, frame-cap hits: 0)
aggregate JSON -> /home/user/wt/heat-pin/docs/measurements/l5/L5-h2-b150.json
INFO: TEXTURE: [ID 2] Unloaded texture data from VRAM (GPU)
INFO: SHADER: [ID 3] Default shader unloaded successfully
INFO: TEXTURE: [ID 1] Default texture unloaded successfully
INFO: Window closed successfully
