BALANCE: heat PINNED for this batch (field-event AddHeat is a no-op; SIGHTLINE_HEATPIN=0 restores the leak)
INFO: Initializing raylib 6.0
INFO: Platform backend: DESKTOP (GLFW)
INFO: Supported raylib modules:
INFO:     > rcore:..... loaded (mandatory)
INFO:     > rlgl:...... loaded (mandatory)
INFO:     > rshapes:... loaded (optional)
INFO:     > rtextures:. loaded (optional)
INFO:     > rtext:..... loaded (optional)
INFO:     > rmodels:... loaded (optional)
INFO:     > raudio:.... loaded (optional)
INFO: DISPLAY: Trying to enable MSAA x4
INFO: DISPLAY: Device initialized successfully 
INFO:     > Display size: 1280 x 800
INFO:     > Screen size:  1280 x 800
INFO:     > Render size:  1280 x 800
INFO:     > Viewport offsets: 0, 0
INFO: GLAD: OpenGL extensions loaded successfully
INFO: GL: Supported extensions count: 229
INFO: GL: OpenGL device information:
INFO:     > Vendor:   Mesa
INFO:     > Renderer: llvmpipe (LLVM 20.1.2, 256 bits)
INFO:     > Version:  4.5 (Core Profile) Mesa 25.2.8-0ubuntu0.24.04.2
INFO:     > GLSL:     4.50
INFO: GL: VAO extension detected, VAO functions loaded successfully
INFO: GL: NPOT textures extension detected, full NPOT textures supported
INFO: GL: DXT compressed textures supported
INFO: GL: ETC2/EAC compressed textures supported
INFO: PLATFORM: DESKTOP (GLFW - X11): Initialized successfully
INFO: TEXTURE: [ID 1] Texture loaded successfully (1x1 | R8G8B8A8 | 1 mipmaps)
INFO: TEXTURE: [ID 1] Default texture loaded successfully
INFO: SHADER: [ID 1] Vertex shader compiled successfully
INFO: SHADER: [ID 2] Fragment shader compiled successfully
INFO: SHADER: [ID 3] Program shader loaded successfully
INFO: SHADER: [ID 3] Default shader loaded successfully
INFO: RLGL: Render batch vertex buffers loaded successfully in RAM (CPU)
INFO: RLGL: Render batch vertex buffers loaded successfully in VRAM (GPU)
INFO: RLGL: Default OpenGL state initialized successfully
INFO: TEXTURE: [ID 2] Texture loaded successfully (128x128 | GRAY_ALPHA | 1 mipmaps)
INFO: FONT: Default font loaded successfully (224 glyphs)
INFO: SYSTEM: Working Directory: /home/user/wt/heat-pin
INFO: TIMER: Target time per frame: 0.000 milliseconds
FINALE-KIT: Syndicate
FINALE-KIT: Syndicate
FINALE-KIT: Legion
WAVE: +3 (SAPPER,SHIELD,SAPPER) [rich]
WAVE: +3 (DRONE,SAPPER,SHIELD) [rich]
WAVE: +3 (SAPPER,SAPPER,SCREENER) [rich]
WAVE: +3 (SHIELD,SAPPER,SAPPER) [rich]
WAVE: +3 (DRONE,SHIELD,SHIELD) [rich]
WAVE: +3 (SAPPER,SAPPER,DRONE) [rich]
REINFORCEMENTS: +2 (SCOUT,SCOUT)
REINFORCEMENTS: +2 (SCOUT,SCOUT)
FINALE-KIT: Legion
WAVE: +3 (SHIELD,CUSTODIAN,DRONE) [rich]
WAVE: +3 (SHIELD,DRONE,SAPPER) [rich]
WAVE: +3 (SHIELD,SAPPER,SCREENER) [rich]
FINALE-KIT: Wardens
REINFORCEMENTS: +2 (SCOUT,GRUNT)
match 5/20  (W:4 L:1 cap:0)  4.6s
FINALE-KIT: Wardens
REINFORCEMENTS: +2 (SCOUT,GRUNT)
REINFORCEMENTS: +2 (SCOUT,GRUNT)
REINFORCEMENTS: +3 (SCOUT,GRUNT,SCOUT)
REINFORCEMENTS: +2 (SCOUT,SCOUT)
REINFORCEMENTS: +2 (GRUNT,SCOUT)
REINFORCEMENTS: +3 (GRUNT,GRUNT,SCOUT)
FINALE-KIT: Wardens
WAVE: +2 (SCOUT,LANCER) [rich]
WAVE: +2 (SCOUT,GRUNT) [rich]
WAVE: +2 (HUNTER,HUNTER) [rich]
WAVE: +3 (GRUNT,PIKEMAN,GRUNT) [rich]
WAVE: +3 (MORTAR,PIKEMAN,PIKEMAN) [rich]
WAVE: +3 (MEDIC,PIKEMAN,MEDIC) [rich]
FINALE-KIT: Wardens
WAVE: +2 (SCOUT,BRUISER) [rich]
WAVE: +2 (BERSERKER,BERSERKER) [rich]
WAVE: +2 (SCOUT,HOUND) [rich]
WAVE: +3 (SCREENER,GRUNT,MORTAR) [rich]
WAVE: +3 (MORTAR,MORTAR,PIKEMAN) [rich]
WAVE: +3 (SNIPER,MEDIC,MEDIC) [rich]
FINALE-KIT: Syndicate
FINALE-KIT: Syndicate
WAVE: +3 (HUNTER,BRUISER,HOUND) [rich]
WAVE: +3 (HOUND,BRUISER,BERSERKER) [rich]
WAVE: +3 (HUNTER,HUNTER,HUNTER) [rich]
match 10/20  (W:7 L:3 cap:0)  6.5s
FINALE-KIT: Legion
FINALE-KIT: Legion
FINALE-KIT: Wardens
WAVE: +2 (GRUNT,SHIELD) [rich]
WAVE: +2 (SAPPER,DRONE) [rich]
WAVE: +2 (DRONE,GRUNT) [rich]
FINALE-KIT: Wardens
WAVE: +2 (SPOTTER,DRONE) [rich]
WAVE: +2 (DRONE,DRONE) [rich]
WAVE: +2 (GRUNT,SAPPER) [rich]
FINALE-KIT: Syndicate
WAVE: +3 (PIKEMAN,PIKEMAN,SNIPER) [rich]
WAVE: +3 (SCREENER,SCOUT,SNIPER) [rich]
WAVE: +3 (SNIPER,SNIPER,SCOUT) [rich]
match 15/20  (W:11 L:4 cap:0)  7.8s
FINALE-KIT: Syndicate
WAVE: +3 (MORTAR,CUSTODIAN,GRUNT) [rich]
WAVE: +3 (SNIPER,MORTAR,GRUNT) [rich]
WAVE: +3 (MORTAR,PIKEMAN,MORTAR) [rich]
FINALE-KIT: Syndicate
WAVE: +2 (HOUND,STRIKER) [rich]
WAVE: +2 (SNIPER,MORTAR) [rich]
WAVE: +2 (GRUNT,STRIKER) [rich]
REINFORCEMENTS: +2 (SCOUT,GRUNT)
REINFORCEMENTS: +2 (SCOUT,SCOUT)
FINALE-KIT: Syndicate
WAVE: +2 (CUSTODIAN,SPOTTER) [rich]
WAVE: +2 (DRONE,MEDIC) [rich]
WAVE: +2 (SHIELD,HUNTER) [rich]
FINALE-KIT: Wardens
WAVE: +2 (MORTAR,MEDIC) [rich]
WAVE: +2 (MEDIC,CUSTODIAN) [rich]
WAVE: +2 (SCREENER,MORTAR) [rich]
FINALE-KIT: Wardens
WAVE: +2 (GRUNT,GRUNT) [rich]
WAVE: +2 (MORTAR,SNIPER) [rich]
WAVE: +2 (SNIPER,CUSTODIAN) [rich]
match 20/20  (W:15 L:5 cap:0)  8.8s

══════════════════════ SIGHTLINE BALANCE REPORT ══════════════════════
runs=20  missions=86

RUN OUTCOMES (campaign):  win-rate   75%   avg missions cleared 5.4

POLICY GAP (optimal vs human-error; campaign runs only):
  greedy win-rate   70%  (n=10)
  sloppy win-rate   80%  (n=10)
  GAP  -10 pts  (healthy slack)
  PAIRED (same-seed slots): pairs=10  concordant=5  discordant greedy-only-won=2 / sloppy-only-won=3  paired gap  -10 pts
  PER-SLOT RECORDS (greedy | sloppy: outcome + missions cleared; margin = g−s):
    slot 120 @h-1: W 6 | W 6   margin +0
    slot 121 @h-1: L 5 | W 6   margin -1
    slot 122 @h-1: W 6 | L 5   margin +1
    slot 123 @h-1: W 6 | W 6   margin +0
    slot 124 @h-1: L 2 | W 6   margin -4
    slot 125 @h-1: W 6 | W 6   margin +0
    slot 126 @h-1: W 6 | L 2   margin +4
    slot 127 @h-1: W 6 | W 6   margin +0
    slot 128 @h-1: L 3 | W 6   margin -3
    slot 129 @h-1: W 6 | W 6   margin +0
  PAIRED MARGIN (missions cleared, all pairs): -0.30 ±0.68 SE  (n=10 pairs)
  by objective (greedy / sloppy / gap):
    Decapitate :   78% /   90% / gap  -12
    Defend     :  100% /  100% / gap    0
    Eliminate  :  100% /  100% / gap    0
    Escort     :  100% /  100% / gap    0
    Evac       :  100% /  100% / gap    0
    Hack       :  100% /  100% / gap    0
    Rescue     :  100% /  100% / gap    0
    Sabotage   :   75% /   75% / gap    0

DECISION RICHNESS / SWING:
  meaningful-choices/turn 3.64   lead-swings/match 0.6   avg max-swing 27.4
  [shot-gate] acting-soldiers/turn 3.61   armed-soldiers/turn 1.50   armed-fraction 42%   turns-with-a-shot 59%   choices/ARMED-soldier-turn 2.43
  [choice-split] los-targets/ARMED 2.39   target-choices/ARMED 0.55   position-choices/ARMED 1.88

RUN COMPLETION BY HEAT (full-campaign clears):
  heat -1:   75% ±10  (n=20 runs, avg 5.4 missions)
  HEAT LEAK: pinned=yes  heat-raising picks=0  campaigns raised=0  missions off-rung=0/86
  STALEMATES: mission-cap 1  run-cap 0   [slot 126 s m3 Sabotage mis rt=63]

INTEL ECONOMY BY HEAT (campaign runs; heat-bonus = the Heat.IntelBonus share of income):
  heat -1: earned  157.2/run   heat-bonus   0.0 (   0% of income)   spent  138.1   unspent   19.1

MISSION WIN-RATE BY HEAT:
  heat -1:   94%  (n=86, avg 5.3 turns)

MISSION WIN-RATE BY OBJECTIVE:
  Eliminate  :  100% ±0  (n=23, avg 3.3 turns)
  Decapitate :   84% ±8  (n=19, avg 4.7 turns)
  Defend     :  100% ±0  (n=15, avg 9.0 turns)
  Rescue     :  100% ±0  (n=10, avg 4.5 turns)
  Sabotage   :   75% ±15  (n=8, avg 9.3 turns)
  Escort     :  100% ±0  (n=5, avg 3.6 turns)
  Hack       :  100% ±0  (n=4, avg 3.0 turns)
  Evac       :  100% ±0  (n=2, avg 5.5 turns)

MISSION WIN-RATE BY OBJECTIVE x NODE KIND (a capstone must never pool with a mid-run node):
  Eliminate  : Start: 100%(n=20)  Combat: 100%(n=3)
               depth: m1:100%(20) m2:100%(2) m5:100%(1)
  Decapitate : Boss:  88%(n=17)  Combat:  50%(n=2)
               depth: m4:50%(2) m6:88%(17)
  Defend     : Combat: 100%(n=7)  Elite: 100%(n=6)  Supply: 100%(n=2)
               depth: m2:100%(4) m3:100%(4) m4:100%(2) m5:100%(5)
  Rescue     : Elite: 100%(n=4)  Combat: 100%(n=4)  Supply: 100%(n=2)
               depth: m3:100%(2) m4:100%(6) m5:100%(2)
  Sabotage   : Supply: 100%(n=4)  Elite:  50%(n=2)  Combat:  50%(n=2)
               depth: m2:100%(2) m3:50%(4) m4:100%(2)
  Escort     : Combat: 100%(n=3)  Supply: 100%(n=2)
               depth: m2:100%(2) m4:100%(1) m5:100%(2)
  Hack       : Combat: 100%(n=4)
               depth: m3:100%(2) m4:100%(2)
  Evac       : Supply: 100%(n=2)
               depth: m3:100%(2)

ENCOUNTER COMPLETION on MID-RUN nodes (Combat+Elite) — clear% is the share of the fight actually fought:
  objective     n   win%   turns   force    +rf  killed  clear%   prs  WONclear%
  Defend        13  100%     9.0    4.00   7.62    5.62    48.3  0.00     48.3 (n=13)
  Rescue         8  100%     4.9    6.75   0.00    0.63     9.3  0.00      9.3 (n=8)
  Hack           4  100%     3.0    5.50   0.00    0.75    13.6  0.00     13.6 (n=4)
  Sabotage       4   50%    15.8    4.00   0.00    1.00    25.0  0.00     25.0 (n=2)
  Escort         3  100%     3.3    4.67   0.00    0.00     0.0  0.00      0.0 (n=3)
  Eliminate      3  100%     8.0    5.00   0.00    5.00   100.0  1.67    100.0 (n=3)
  Decapitate     2   50%     6.5    6.00   1.00    3.00    42.9  1.00     83.3 (n=1)
  ---- the two classes ----
  KILL           5   80%     7.4    5.40   0.40    4.20    72.4  1.40     95.2 (n=4)
  NON-KILL      32   94%     7.5    4.94   3.09    2.66    33.1  0.00     33.3 (n=30)

DECAPITATE HVT (buff = +6+1*mission HP, +6 aim; ELITE exempt):
  EXEMPT  :   88% ±8  (n=17, avg 4.5 turns, HVT 22.3 max HP)  [m6:88%(17)]
  BUFFED  :   50% ±35  (n=2, avg 6.5 turns, HVT 27.0 max HP)  [m4:50%(2)]

MISSION WIN-RATE BY MISSION #:
  m1:  100% ±0  (n=20)
  m2:  100% ±0  (n=10)
  m3:   86% ±9  (n=14)
  m4:   93% ±6  (n=15)
  m5:  100% ±0  (n=10)
  m6:   88% ±8  (n=17)

LOSS CAUSES (missions):
  RUN OVER              : 4
  STALEMATE-MISSION     : 1

MISSION WIN-RATE BY ARENA (authored layouts, n>=3; procedural fallback   29% of 86 missions):
  arena  1:  100% ±0  (n=3, avg 9.3 turns)  [m5:100%(3)]
  arena  4:   67% ±27  (n=3, avg 5.0 turns)  [m2:100%(1) m4:50%(2)]
  arena 10:  100% ±0  (n=3, avg 6.7 turns)  [m3:100%(2) m6:100%(1)]
  arena 13:  100% ±0  (n=3, avg 2.3 turns)  [m1:100%(2) m2:100%(1)]
  arena 14:  100% ±0  (n=3, avg 1.7 turns)  [m1:100%(2) m3:100%(1)]
  arena 15:   86% ±13  (n=7, avg 6.9 turns)  [m1:100%(2) m2:100%(2) m3:100%(2) m6:0%(1)]
  arena 18:  100% ±0  (n=4, avg 3.5 turns)  [m1:100%(2) m4:100%(2)]
  arena 28:  100% ±0  (n=3, avg 3.0 turns)  [m1:100%(2) m4:100%(1)]
  arena 30:  100% ±0  (n=3, avg 3.7 turns)  [m4:100%(2) m6:100%(1)]
  arena 32:  100% ±0  (n=5, avg 7.8 turns)  [m3:100%(1) m5:100%(2) m6:100%(2)]
  arena 33:  100% ±0  (n=4, avg 6.0 turns)  [m1:100%(2) m3:100%(2)]
  arena 34:  100% ±0  (n=4, avg 5.8 turns)  [m2:100%(2) m6:100%(2)]
  procedural:   92% ±5  (n=25, avg 5.9 turns)  [m1:100%(4) m2:100%(2) m3:60%(5) m4:100%(7) m6:100%(7)]

DEPLOYMENT GEOMETRY (opening shape; choices/ARMED is the wave's real gate):
  FRONTAL   :   96% ±4  (n=27, avg 5.0 turns)  choices/turn 3.38  choices/ARMED 2.65  los-targets/ARMED 2.37
  PINCER    :   92%  (n=39, avg 5.6 turns)  choices/turn 3.93  choices/ARMED 2.73  los-targets/ARMED 2.78
  CROSSFIRE :   83% ±15  (n=6, avg 7.7 turns)  choices/turn 2.51  choices/ARMED 1.44  los-targets/ARMED 1.71
  ENVELOP   :  100% ±0  (n=14, avg 4.4 turns)  choices/turn 3.96  choices/ARMED 1.97  los-targets/ARMED 1.81

ARENA FUNNEL (Mission.Build exits, n=91 builds, all modes):
  authored-applied    :  72.5%  (n=66)
  connectivity-reject :   0.0%  (n=0)
  procedural-roll     :  27.5%  (n=25)

DECK EXPOSURE (campaign runs n=20):
  distinct authored arenas/run : 3.05 mean (all runs)
  ... full-depth runs only     : 3.27 mean over 4.5 fights/run (n=15)
  Defend dealt on the route    :   65% of runs (n=13)

ENEMY DECISION MIX (contested acts=755; all-downed acts not counted=294):
  shoot           438    58%
  hunker          128    17%
  move             76    10%
  siege            24     3%
  grenade          23     3%
  reload           18     2%
  heal             17     2%
  brace            14     2%
  item             10     1%
  overwatch         2     0%
  relock            2     0%
  sap               1     0%
  shove             1     0%
  staleplan         1     0%

  the shot on the table (acts where the chosen tile HAD a shot = 489):
    hit% band     taken   share   E[dmg]/shot   declined   share   E[dmg]/shot
      0-19           1      0%          0.65          0      0%          0.00
     20-39           6      1%          1.25          1     50%          1.65
     40-59          22      5%          1.99          1     50%          1.81
     60-79         146     33%          2.44          0      0%          0.00
      80+          263     60%          3.57          0      0%          0.00
    TOTAL           438                              2
  taken   90% / DECLINED    0% / preempted by another verb   10%
  enemy lanes held (overwatch+brace) 16; reaction shots fired 2  ->   13% of lanes paid off   [C2: DeclineWatchRatio is a bet on this number]

ACTION MIX (verbs issued, by policy):
  verb                  greedy        sloppy
  MOVE               550   43%     746   48%
  SHOOT              281   22%     337   22%
  HUNKER              62    5%     112    7%
  FOCUS               60    5%      48    3%
  RELOAD              44    3%      43    3%
  OVERWATCH           41    3%      42    3%
  BRACE               44    3%      38    2%
  INTEL               38    3%      38    2%
  SLIPSTREAM          31    2%      21    1%
  STABILIZE           21    2%      23    1%
  ITEM:SMOKE          17    1%      23    1%
  PIN                 14    1%      13    1%
  PLANT               12    1%      11    1%
  MARK                 6    0%      15    1%
  REARM               10    1%       8    1%
  EXTRACT              7    1%       7    0%
  BEACON               5    0%       7    0%
  PATCH               10    1%       2    0%
  HACK                 6    0%       4    0%
  GRENADE              3    0%       6    0%
  GRAPPLE              6    0%       2    0%
  BARREL               2    0%       0    0%
  ITEM:FLASH           0    0%       1    0%

PLAYER CLASS PERFORMANCE:
  class        shots   hit%   dmg   kills
  SHARPSHOOTER    147    91%    987     62
  GUNNER         200    84%    897     59
  RANGER         145    86%    842     51
  ASSAULT        172    84%    760     49
  CORPSMAN        45    76%    133      4

SOLDIER DEATHS BY ENEMY CLASS (threat ranking):
  BURN       : 7
  STRIKE     : 7
  ELITE      : 5
  GRUNT      : 4
  LANCER     : 3
  STRIKER    : 3
  SAPPER     : 2
  SNIPER     : 2
  MORTAR     : 2
  BRUISER    : 2
  PIKEMAN    : 2
  BERSERKER  : 2
  HUNTER     : 1
  SHIELD     : 1
  DRONE      : 1

SOLDIER DOWNS (FUL-7 bleed-out): 131 downs -> revived 5 / recovered 60 / bled out 50 / finished 15  (save-rate   50%)
  corpsman fielded in 27 missions

ENEMY COMPOSITION (spawns; faction-stamped fights n=429 / default-cascade fights n=122):
  class        faction         default
  GRUNT           37    9%       37   30%
  SCOUT           28    7%       26   21%
  ELITE           37    9%        8    7%
  DRONE           38    9%        3    2%
  BERSERKER       31    7%        0    0%
  SNIPER          22    5%        9    7%
  STRIKER         19    4%        8    7%
  SCREENER        25    6%        0    0%
  SHIELD          21    5%        3    2%
  HUNTER          19    4%        4    3%
  SAPPER          18    4%        5    4%
  MORTAR          22    5%        1    1%
  LANCER          20    5%        2    2%
  MEDIC           21    5%        1    1%
  BRUISER         10    2%        6    5%
  PIKEMAN         14    3%        2    2%
  CUSTODIAN       13    3%        1    1%
  WARBRINGER      12    3%        0    0%
  HOUND            7    2%        3    2%
  TURRET           8    2%        0    0%
  SPOTTER          5    1%        2    2%
  BOMBARD          2    0%        1    1%

PERK PICK FREQUENCY:
  GUN           : 17
  LCK           : 14
  OUT           : 12
  CQB           : 11
  MOM           : 9
  RFX           : 9
  EXC           : 8
  HRD           : 8
  FST           : 7
  GRD           : 7
  BRK           : 7
  MRK           : 7
  SGE           : 6
  CLH           : 5
  TNK           : 5
  PLT           : 4
  VNT           : 4
  BND           : 3
  SKR           : 3

SHOP PURCHASE FREQUENCY:
  FIELD MEDKIT      : 49
  WPN: HOLLOW POINT : 28
  COMBAT STIMS      : 26
  BALLISTIC PLATING : 23
  WPN: SCOPE        : 23
  COUNTER-PREP      : 19
  ARMORY            : 18
  WPN: SUPPRESSOR   : 18
  WPN: STABILIZER   : 17
  WPN: EXTENDED MAG : 16
  WPN: BIPOD        : 14
  ADV. TRAINING     : 13
  FRAG CACHE        : 10

BOON PICK FREQUENCY (PROCS = effect fires at instrumented sites; '-' = not instrumented;
                      PYR counts the +2-turn-burn half only — the Burning-immunity half is uninstrumented):
  code                 picks   PROCS
  ADR               :     9       -
  FST               :     7      76
  FRT               :     6       -
  GRN               :     5       -
  FDR               :     4       0
  FVR               :     4       -
  GHO               :     4       -
  PYR               :     4       0
  SHK               :     4       4
  TRR               :     4       7
  EXE               :     3       -
  MRK               :     3       -
  RPD               :     3       -
  SCV               :     3       -
  RCL               :     2       1
  VNM               :     1       -

RUN WIN-RATE BY BOON (campaign runs holding it):
  ADR               :   89% ±10  (in 9 runs)
  FST               :   71% ±17  (in 7 runs)
  FRT               :  100% ±0  (in 6 runs)
  GRN               :   80% ±18  (in 5 runs)
  FDR               :   75% ±22  (in 4 runs)
  FVR               :  100% ±0  (in 4 runs)
  GHO               :   75% ±22  (in 4 runs)
  PYR               :  100% ±0  (in 4 runs)
  SHK               :   75% ±22  (in 4 runs)
  TRR               :   75% ±22  (in 4 runs)
  EXE               :   67% ±27  (in 3 runs)
  MRK               :   67% ±27  (in 3 runs)
  RPD               :  100% ±0  (in 3 runs)
  SCV               :   67% ±27  (in 3 runs)
  RCL               :   50% ±35  (in 2 runs)
  VNM               :    0% ±0  (in 1 runs)

RUN WIN-RATE BY SPEC (campaign runs fielding it):
  ADN               :  100% ±0  (in 5 runs)
  HHT               :   60% ±22  (in 5 runs)
  BRC               :  100% ±0  (in 3 runs)
  JUG               :  100% ±0  (in 3 runs)
  PHN               :   33% ±27  (in 3 runs)
  ANC               :   50% ±35  (in 2 runs)
  SNT               :  100% ±0  (in 2 runs)
  PTH               :  100% ±0  (in 1 runs)

RUN WIN-RATE BY PERK (campaign runs holding it):
  GUN               :   79% ±11  (in 14 runs)
  CQB               :   91% ±9  (in 11 runs)
  OUT               :  100% ±0  (in 11 runs)
  LCK               :   67% ±16  (in 9 runs)
  EXC               :   71% ±17  (in 7 runs)
  MOM               :   57% ±19  (in 7 runs)
  BRK               :   67% ±19  (in 6 runs)
  GRD               :   83% ±15  (in 6 runs)
  HRD               :   67% ±19  (in 6 runs)
  RFX               :   67% ±19  (in 6 runs)
  CLH               :   80% ±18  (in 5 runs)
  FST               :   40% ±22  (in 5 runs)
  MRK               :   80% ±18  (in 5 runs)
  SGE               :   60% ±22  (in 5 runs)
  TNK               :   75% ±22  (in 4 runs)
  VNT               :   75% ±22  (in 4 runs)
  BND               :   67% ±27  (in 3 runs)
  PLT               :  100% ±0  (in 3 runs)
  SKR               :  100% ±0  (in 3 runs)

RUN WIN-RATE BY PURCHASE (campaign runs buying it):
  FIELD MEDKIT      :   81% ±10  (in 16 runs)
  COUNTER-PREP      :   80% ±10  (in 15 runs)
  ARMORY            :   77% ±12  (in 13 runs)
  WPN: HOLLOW POINT :   92% ±8  (in 12 runs)
  BALLISTIC PLATING :   80% ±13  (in 10 runs)
  COMBAT STIMS      :   80% ±13  (in 10 runs)
  WPN: SCOPE        :   70% ±14  (in 10 runs)
  WPN: BIPOD        :   89% ±10  (in 9 runs)
  WPN: EXTENDED MAG :  100% ±0  (in 9 runs)
  WPN: STABILIZER   :   88% ±12  (in 8 runs)
  WPN: SUPPRESSOR   :   75% ±15  (in 8 runs)
  ADV. TRAINING     :   43% ±19  (in 7 runs)
  FRAG CACHE        :   50% ±25  (in 4 runs)

RUN WIN-RATE BY EVENT-CHOICE (campaign runs taking id:arm):
  blackmarket:2     :   75% ±22  (in 4 runs)
  cache:1           :  100% ±0  (in 4 runs)
  warchest:1        :  100% ±0  (in 3 runs)
  defector:1        :  100% ±0  (in 2 runs)
  drill:1           :   50% ±35  (in 2 runs)
  fieldhospital:2   :   50% ±35  (in 2 runs)
  informant:2       :   50% ±35  (in 2 runs)
  medic:0           :  100% ±0  (in 2 runs)
  medic:1           :  100% ±0  (in 2 runs)
  relic:1           :  100% ±0  (in 2 runs)
  reservecall:0     :  100% ±0  (in 1 runs)
═══════════════════════════════════════════════════════════════════════

batch wall-time: 8.8s  (20 matches across 10 campaigns × 2 policy, frame-cap hits: 0)
aggregate JSON -> /home/user/wt/heat-pin/docs/measurements/l5/L5-hR-b120.json
INFO: TEXTURE: [ID 2] Unloaded texture data from VRAM (GPU)
INFO: SHADER: [ID 3] Default shader unloaded successfully
INFO: TEXTURE: [ID 1] Default texture unloaded successfully
INFO: Window closed successfully
