BALANCE: heat PINNED for this batch (field-event AddHeat is a no-op; SIGHTLINE_HEATPIN=0 restores the leak)
INFO: Initializing raylib 6.0
INFO: Platform backend: DESKTOP (GLFW)
INFO: Supported raylib modules:
INFO:     > rcore:..... loaded (mandatory)
INFO:     > rlgl:...... loaded (mandatory)
INFO:     > rshapes:... loaded (optional)
INFO:     > rtextures:. loaded (optional)
INFO:     > rtext:..... loaded (optional)
INFO:     > rmodels:... loaded (optional)
INFO:     > raudio:.... loaded (optional)
INFO: DISPLAY: Trying to enable MSAA x4
INFO: DISPLAY: Device initialized successfully 
INFO:     > Display size: 1280 x 800
INFO:     > Screen size:  1280 x 800
INFO:     > Render size:  1280 x 800
INFO:     > Viewport offsets: 0, 0
INFO: GLAD: OpenGL extensions loaded successfully
INFO: GL: Supported extensions count: 229
INFO: GL: OpenGL device information:
INFO:     > Vendor:   Mesa
INFO:     > Renderer: llvmpipe (LLVM 20.1.2, 256 bits)
INFO:     > Version:  4.5 (Core Profile) Mesa 25.2.8-0ubuntu0.24.04.2
INFO:     > GLSL:     4.50
INFO: GL: VAO extension detected, VAO functions loaded successfully
INFO: GL: NPOT textures extension detected, full NPOT textures supported
INFO: GL: DXT compressed textures supported
INFO: GL: ETC2/EAC compressed textures supported
INFO: PLATFORM: DESKTOP (GLFW - X11): Initialized successfully
INFO: TEXTURE: [ID 1] Texture loaded successfully (1x1 | R8G8B8A8 | 1 mipmaps)
INFO: TEXTURE: [ID 1] Default texture loaded successfully
INFO: SHADER: [ID 1] Vertex shader compiled successfully
INFO: SHADER: [ID 2] Fragment shader compiled successfully
INFO: SHADER: [ID 3] Program shader loaded successfully
INFO: SHADER: [ID 3] Default shader loaded successfully
INFO: RLGL: Render batch vertex buffers loaded successfully in RAM (CPU)
INFO: RLGL: Render batch vertex buffers loaded successfully in VRAM (GPU)
INFO: RLGL: Default OpenGL state initialized successfully
INFO: TEXTURE: [ID 2] Texture loaded successfully (128x128 | GRAY_ALPHA | 1 mipmaps)
INFO: FONT: Default font loaded successfully (224 glyphs)
INFO: SYSTEM: Working Directory: /home/user/wt/heat-pin
INFO: TIMER: Target time per frame: 0.000 milliseconds
FINALE-KIT: Wardens
WAVE: +3 (SAPPER,SCREENER,GRUNT) [rich]
WAVE: +3 (MORTAR,DRONE,HOUND) [rich]
WAVE: +3 (MEDIC,STRIKER,SCOUT) [rich]
WAVE: +3 (SHIELD,SAPPER,SAPPER) [rich]
WAVE: +3 (SHIELD,SAPPER,SHIELD) [rich]
WAVE: +3 (SCREENER,SAPPER,DRONE) [rich]
FINALE-KIT: Wardens
WAVE: +3 (SHIELD,DRONE,LANCER) [rich]
WAVE: +3 (HUNTER,DRONE,WARBRINGER) [rich]
WAVE: +3 (SNIPER,LANCER,SNIPER) [rich]
WAVE: +3 (SHIELD,SAPPER,SPOTTER) [rich]
WAVE: +3 (SAPPER,SHIELD,SAPPER) [rich]
WAVE: +3 (SHIELD,SHIELD,SHIELD) [rich]
FINALE-KIT: Wardens
WAVE: +3 (STRIKER,BERSERKER,BRUISER) [rich]
WAVE: +3 (BRUISER,LANCER,BRUISER) [rich]
WAVE: +3 (LANCER,LANCER,HUNTER) [rich]
FINALE-KIT: Wardens
WAVE: +3 (BRUISER,LANCER,STRIKER) [rich]
WAVE: +3 (STRIKER,WARBRINGER,HOUND) [rich]
WAVE: +3 (HUNTER,BERSERKER,STRIKER) [rich]
FINALE-KIT: Syndicate
WAVE: +2 (HOUND,HUNTER) [rich]
WAVE: +2 (DRONE,BRUISER) [rich]
WAVE: +2 (BRUISER,SNIPER) [rich]
match 5/20  (W:5 L:0 cap:0)  2.9s
FINALE-KIT: Syndicate
WAVE: +2 (HOUND,DRONE) [rich]
WAVE: +2 (STRIKER,LANCER) [rich]
WAVE: +2 (SNIPER,SCOUT) [rich]
FINALE-KIT: Legion
WAVE: +3 (MORTAR,SCREENER,GRUNT) [rich]
WAVE: +3 (GRUNT,GRUNT,MEDIC) [rich]
WAVE: +3 (MEDIC,SCREENER,GRUNT) [rich]
FINALE-KIT: Legion
WAVE: +3 (MORTAR,MORTAR,GRUNT) [rich]
WAVE: +3 (MORTAR,CUSTODIAN,MORTAR) [rich]
WAVE: +3 (MORTAR,MORTAR,GRUNT) [rich]
FINALE-KIT: Legion
WAVE: +2 (SPOTTER,DRONE) [rich]
WAVE: +2 (SAPPER,SHIELD) [rich]
WAVE: +2 (SAPPER,SCREENER) [rich]
WAVE: +3 (PIKEMAN,SPOTTER,HOUND) [rich]
WAVE: +3 (MORTAR,GRUNT,MORTAR) [rich]
WAVE: +3 (HOUND,HUNTER,SHIELD) [rich]
FINALE-KIT: Legion
WAVE: +2 (DRONE,SPOTTER) [rich]
WAVE: +2 (SHIELD,SAPPER) [rich]
WAVE: +2 (SPOTTER,DRONE) [rich]
WAVE: +3 (STRIKER,DRONE,MEDIC) [rich]
WAVE: +3 (DRONE,DRONE,SHIELD) [rich]
WAVE: +3 (MEDIC,DRONE,SCOUT) [rich]
match 10/20  (W:10 L:0 cap:0)  5.4s
FINALE-KIT: Wardens
WAVE: +2 (DRONE,SNIPER) [rich]
WAVE: +2 (SNIPER,HOUND) [rich]
WAVE: +2 (HUNTER,SCOUT) [rich]
FINALE-KIT: Wardens
WAVE: +2 (SNIPER,HUNTER) [rich]
WAVE: +2 (STRIKER,STRIKER) [rich]
WAVE: +2 (HOUND,SNIPER) [rich]
FINALE-KIT: Syndicate
WAVE: +2 (MORTAR,SNIPER) [rich]
WAVE: +2 (GRUNT,GRUNT) [rich]
WAVE: +2 (MORTAR,MEDIC) [rich]
REINFORCEMENTS: +2 (GRUNT,GRUNT)
FINALE-KIT: Syndicate
WAVE: +2 (CUSTODIAN,SNIPER) [rich]
WAVE: +2 (MEDIC,MORTAR) [rich]
WAVE: +2 (GRUNT,CUSTODIAN) [rich]
REINFORCEMENTS: +2 (GRUNT,SCOUT)
REINFORCEMENTS: +2 (GRUNT,SCOUT)
REINFORCEMENTS: +3 (GRUNT,SCOUT,GRUNT)
REINFORCEMENTS: +2 (SCOUT,SCOUT)
REINFORCEMENTS: +2 (GRUNT,SCOUT)
FINALE-KIT: Legion
WAVE: +2 (HUNTER,HUNTER) [rich]
WAVE: +2 (HUNTER,HUNTER) [rich]
WAVE: +2 (STRIKER,SNIPER) [rich]
match 15/20  (W:13 L:2 cap:0)  7.0s
FINALE-KIT: Legion
WAVE: +2 (WARBRINGER,WARBRINGER) [rich]
WAVE: +2 (BERSERKER,DRONE) [rich]
WAVE: +2 (MEDIC,MEDIC) [rich]
WAVE: +2 (MORTAR,SCREENER) [rich]
WAVE: +2 (SNIPER,DRONE) [rich]
WAVE: +2 (SNIPER,SAPPER) [rich]
FINALE-KIT: Syndicate
WAVE: +2 (SNIPER,GRUNT) [rich]
WAVE: +2 (MEDIC,SCOUT) [rich]
WAVE: +2 (PIKEMAN,MEDIC) [rich]
WAVE: +2 (WARBRINGER,HOUND) [rich]
WAVE: +2 (BRUISER,GRUNT) [rich]
WAVE: +2 (HOUND,BRUISER) [rich]
FINALE-KIT: Syndicate
WAVE: +2 (GRUNT,SCOUT) [rich]
WAVE: +2 (SCOUT,SNIPER) [rich]
WAVE: +2 (SNIPER,SCOUT) [rich]
WAVE: +2 (BERSERKER,HUNTER) [rich]
WAVE: +2 (LANCER,LANCER) [rich]
WAVE: +2 (GRUNT,LANCER) [rich]
FINALE-KIT: Syndicate
WAVE: +2 (MORTAR,MEDIC) [rich]
WAVE: +2 (MEDIC,SNIPER) [rich]
WAVE: +2 (MORTAR,LANCER) [rich]
FINALE-KIT: Syndicate
WAVE: +2 (STRIKER,HOUND) [rich]
WAVE: +2 (CUSTODIAN,SHIELD) [rich]
WAVE: +2 (PIKEMAN,LANCER) [rich]
match 20/20  (W:16 L:4 cap:0)  8.6s

══════════════════════ SIGHTLINE BALANCE REPORT ══════════════════════
runs=20  missions=91

RUN OUTCOMES (campaign):  win-rate   80%   avg missions cleared 5.5

POLICY GAP (optimal vs human-error; campaign runs only):
  greedy win-rate  100%  (n=10)
  sloppy win-rate   60%  (n=10)
  GAP   40 pts  (swingy/unforgiving)
  PAIRED (same-seed slots): pairs=10  concordant=6  discordant greedy-only-won=4 / sloppy-only-won=0  paired gap   40 pts
  PER-SLOT RECORDS (greedy | sloppy: outcome + missions cleared; margin = g−s):
    slot  10 @h-1: W 6 | W 6   margin +0
    slot  11 @h-1: W 6 | W 6   margin +0
    slot  12 @h-1: W 6 | W 6   margin +0
    slot  13 @h-1: W 6 | W 6   margin +0
    slot  14 @h-1: W 6 | W 6   margin +0
    slot  15 @h-1: W 6 | L 3   margin +3
    slot  16 @h-1: W 6 | L 3   margin +3
    slot  17 @h-1: W 6 | W 6   margin +0
    slot  18 @h-1: W 6 | L 3   margin +3
    slot  19 @h-1: W 6 | L 4   margin +2
  PAIRED MARGIN (missions cleared, all pairs): +1.10 ±0.46 SE  (n=10 pairs)
  by objective (greedy / sloppy / gap):
    Decapitate :  100% /   88% / gap   13
    Defend     :  100% /  100% / gap    0
    Eliminate  :  100% /   93% / gap    7
    Escort     :  100% /   75% / gap   25
    Rescue     :  100% /  100% / gap    0
    Sabotage   :  100% /   50% / gap   50

DECISION RICHNESS / SWING:
  meaningful-choices/turn 3.84   lead-swings/match 0.7   avg max-swing 35.4
  [shot-gate] acting-soldiers/turn 3.73   armed-soldiers/turn 1.69   armed-fraction 45%   turns-with-a-shot 61%   choices/ARMED-soldier-turn 2.27
  [choice-split] los-targets/ARMED 2.63   target-choices/ARMED 0.69   position-choices/ARMED 1.58

RUN COMPLETION BY HEAT (full-campaign clears):
  heat -1:   80% ±9  (n=20 runs, avg 5.5 missions)
  HEAT LEAK: pinned=yes  heat-raising picks=1  campaigns raised=0  missions off-rung=0/91
  STALEMATES: mission-cap 1  run-cap 0   [slot 15 s m4 Escort mis rt=64]

INTEL ECONOMY BY HEAT (campaign runs; heat-bonus = the Heat.IntelBonus share of income):
  heat -1: earned  162.4/run   heat-bonus   0.0 (   0% of income)   spent  148.7   unspent   13.7

MISSION WIN-RATE BY HEAT:
  heat -1:   96%  (n=91, avg 6.2 turns)

MISSION WIN-RATE BY OBJECTIVE:
  Eliminate  :   97%  (n=30, avg 3.4 turns)
  Defend     :  100% ±0  (n=26, avg 9.0 turns)
  Decapitate :   95% ±5  (n=20, avg 3.2 turns)
  Escort     :   88% ±12  (n=8, avg 17.1 turns)
  Sabotage   :   75% ±22  (n=4, avg 5.0 turns)
  Rescue     :  100% ±0  (n=2, avg 2.5 turns)
  Hack       :  100% ±0  (n=1, avg 3.0 turns)

MISSION WIN-RATE BY OBJECTIVE x NODE KIND (a capstone must never pool with a mid-run node):
  Eliminate  : Start: 100%(n=20)  Elite:  75%(n=4)  Supply: 100%(n=4)  Combat: 100%(n=2)
               depth: m1:100%(20) m2:100%(4) m4:100%(4) m5:50%(2)
  Defend     : Supply: 100%(n=12)  Combat: 100%(n=10)  Elite: 100%(n=4)
               depth: m2:100%(6) m3:100%(10) m4:100%(6) m5:100%(4)
  Decapitate : Boss: 100%(n=16)  Elite: 100%(n=2)  Combat:  50%(n=2)
               depth: m4:75%(4) m6:100%(16)
  Escort     : Elite: 100%(n=4)  Combat: 100%(n=2)  Supply:  50%(n=2)
               depth: m3:100%(2) m4:50%(2) m5:100%(4)
  Sabotage   : Combat:  75%(n=4)
               depth: m3:100%(2) m4:50%(2)
  Rescue     : Elite: 100%(n=2)
               depth: m3:100%(2)
  Hack       : Combat: 100%(n=1)
               depth: m5:100%(1)

ENCOUNTER COMPLETION on MID-RUN nodes (Combat+Elite) — clear% is the share of the fight actually fought:
  objective     n   win%   turns   force    +rf  killed  clear%   prs  WONclear%
  Defend        14  100%     9.0    3.71   7.29    5.50    50.0  0.00     50.0 (n=14)
  Eliminate      6   83%     5.5    6.33   0.00    5.50    86.8  0.83    100.0 (n=5)
  Escort         6  100%    11.8    7.67   0.00    2.33    30.4  0.00     30.4 (n=6)
  Sabotage       4   75%     5.0    3.50   0.00    1.25    35.7  0.00     30.0 (n=3)
  Decapitate     4   75%     4.5    7.00   1.00    2.50    31.3  0.75     40.9 (n=3)
  Rescue         2  100%     2.5    7.00   0.00    0.00     0.0  0.00      0.0 (n=2)
  Hack           1  100%     3.0    7.00   0.00    5.00    71.4  0.00     71.4 (n=1)
  ---- the two classes ----
  KILL          10   80%     5.1    6.60   0.40    4.30    61.4  0.80     74.5 (n=8)
  NON-KILL      27   96%     8.3    4.93   3.78    3.74    43.0  0.00     42.9 (n=26)

DECAPITATE HVT (buff = +6+1*mission HP, +6 aim; ELITE exempt):
  EXEMPT  :  100% ±0  (n=16, avg 2.9 turns, HVT 22.4 max HP)  [m6:100%(16)]
  BUFFED  :   75% ±22  (n=4, avg 4.5 turns, HVT 23.0 max HP)  [m4:75%(4)]

MISSION WIN-RATE BY MISSION #:
  m1:  100% ±0  (n=20)
  m2:  100% ±0  (n=10)
  m3:  100% ±0  (n=16)
  m4:   83% ±9  (n=18)
  m5:   91% ±9  (n=11)
  m6:  100% ±0  (n=16)

LOSS CAUSES (missions):
  RUN OVER              : 3
  STALEMATE-MISSION     : 1

MISSION WIN-RATE BY ARENA (authored layouts, n>=3; procedural fallback   23% of 91 missions):
  arena  0:  100% ±0  (n=4, avg 2.3 turns)  [m1:100%(2) m4:100%(2)]
  arena  1:  100% ±0  (n=3, avg 12.7 turns)  [m2:100%(1) m3:100%(2)]
  arena  3:  100% ±0  (n=4, avg 5.8 turns)  [m2:100%(2) m3:100%(2)]
  arena  4:   75% ±22  (n=4, avg 5.3 turns)  [m4:50%(2) m6:100%(2)]
  arena  6:  100% ±0  (n=3, avg 2.0 turns)  [m1:100%(2) m6:100%(1)]
  arena  7:  100% ±0  (n=3, avg 11.0 turns)  [m3:100%(2) m4:100%(1)]
  arena 10:  100% ±0  (n=7, avg 4.4 turns)  [m1:100%(4) m5:100%(2) m6:100%(1)]
  arena 12:  100% ±0  (n=4, avg 4.0 turns)  [m5:100%(2) m6:100%(2)]
  arena 13:  100% ±0  (n=4, avg 4.8 turns)  [m3:100%(1) m4:100%(2) m5:100%(1)]
  arena 25:  100% ±0  (n=3, avg 3.7 turns)  [m3:100%(1) m6:100%(2)]
  arena 28:  100% ±0  (n=3, avg 4.3 turns)  [m6:100%(3)]
  arena 30:  100% ±0  (n=4, avg 9.0 turns)  [m3:100%(2) m4:100%(2)]
  arena 31:  100% ±0  (n=3, avg 7.7 turns)  [m1:100%(2) m5:100%(1)]
  arena 32:  100% ±0  (n=3, avg 4.0 turns)  [m1:100%(2) m4:100%(1)]
  arena 33:  100% ±0  (n=3, avg 7.7 turns)  [m2:100%(2) m6:100%(1)]
  arena 34:  100% ±0  (n=4, avg 5.5 turns)  [m3:100%(4)]
  procedural:   86% ±8  (n=21, avg 8.2 turns)  [m1:100%(6) m2:100%(2) m3:100%(2) m4:67%(6) m5:75%(4) m6:100%(1)]

DEPLOYMENT GEOMETRY (opening shape; choices/ARMED is the wave's real gate):
  FRONTAL   :   94%  (n=34, avg 8.4 turns)  choices/turn 4.18  choices/ARMED 2.09  los-targets/ARMED 2.82
  PINCER    :   92% ±5  (n=26, avg 5.5 turns)  choices/turn 4.01  choices/ARMED 2.93  los-targets/ARMED 2.94
  CROSSFIRE :  100% ±0  (n=10, avg 6.7 turns)  choices/turn 2.20  choices/ARMED 2.06  los-targets/ARMED 1.70
  ENVELOP   :  100% ±0  (n=21, avg 3.4 turns)  choices/turn 3.58  choices/ARMED 2.16  los-targets/ARMED 1.70

ARENA FUNNEL (Mission.Build exits, n=96 builds, all modes):
  authored-applied    :  75.0%  (n=72)
  connectivity-reject :   2.1%  (n=2)
  procedural-roll     :  22.9%  (n=22)

DECK EXPOSURE (campaign runs n=20):
  distinct authored arenas/run : 3.50 mean (all runs)
  ... full-depth runs only     : 3.81 mean over 4.8 fights/run (n=16)
  Defend dealt on the route    :  100% of runs (n=20)

ENEMY DECISION MIX (contested acts=959; all-downed acts not counted=327):
  shoot           538    56%
  hunker          198    21%
  move            109    11%
  grenade          28     3%
  reload           28     3%
  heal             24     3%
  item             12     1%
  siege            11     1%
  brace             4     0%
  overwatch         3     0%
  staleplan         3     0%
  shove             1     0%

  the shot on the table (acts where the chosen tile HAD a shot = 608):
    hit% band     taken   share   E[dmg]/shot   declined   share   E[dmg]/shot
      0-19           0      0%          0.00          0      0%          0.00
     20-39          20      4%          1.24          2     67%          0.78
     40-59          50      9%          1.87          1     33%          2.20
     60-79         234     43%          2.25          0      0%          0.00
      80+          234     43%          3.26          0      0%          0.00
    TOTAL           538                              3
  taken   88% / DECLINED    0% / preempted by another verb   11%
  enemy lanes held (overwatch+brace) 7; reaction shots fired 0  ->    0% of lanes paid off   [C2: DeclineWatchRatio is a bet on this number]

ACTION MIX (verbs issued, by policy):
  verb                  greedy        sloppy
  MOVE               533   32%     566   32%
  SHOOT              436   26%     384   22%
  HUNKER             237   14%     293   16%
  BRACE               99    6%     110    6%
  OVERWATCH           41    2%     108    6%
  FOCUS               62    4%      83    5%
  RELOAD              66    4%      58    3%
  INTEL               42    3%      39    2%
  SLIPSTREAM          35    2%      28    2%
  STABILIZE           22    1%      32    2%
  MARK                22    1%      13    1%
  PIN                 10    1%      20    1%
  ITEM:SMOKE          16    1%      14    1%
  PLANT                6    0%       7    0%
  REARM                5    0%       5    0%
  PATCH                4    0%       5    0%
  BEACON               5    0%       3    0%
  EXTRACT              4    0%       4    0%
  GRAPPLE              3    0%       3    0%
  GRENADE              0    0%       4    0%
  BARREL               1    0%       2    0%
  HACK                 2    0%       0    0%
  ITEM:FLASH           1    0%       0    0%
  ITEM:INCENDIARY       0    0%       1    0%

PLAYER CLASS PERFORMANCE:
  class        shots   hit%   dmg   kills
  SHARPSHOOTER    235    94%   1663    113
  GUNNER         254    85%   1080     72
  ASSAULT        247    84%   1046     55
  RANGER         162    91%    977     69
  CORPSMAN        78    87%    279     14

SOLDIER DEATHS BY ENEMY CLASS (threat ranking):
  BURN       : 13
  BERSERKER  : 6
  GRUNT      : 5
  LANCER     : 3
  MORTAR     : 3
  SCREENER   : 3
  ELITE      : 3
  SHIELD     : 3
  SAPPER     : 3
  HOUND      : 2
  HUNTER     : 2
  WARBRINGER : 1
  DRONE      : 1
  STRIKE     : 1
  CUSTODIAN  : 1

SOLDIER DOWNS (FUL-7 bleed-out): 149 downs -> revived 5 / recovered 70 / bled out 54 / finished 18  (save-rate   52%)
  corpsman fielded in 35 missions

ENEMY COMPOSITION (spawns; faction-stamped fights n=419 / default-cascade fights n=219):
  class        faction         default
  GRUNT           46   11%       25   11%
  SCOUT           23    5%       43   20%
  ELITE           38    9%        7    3%
  DRONE           24    6%       17    8%
  SAPPER          30    7%        7    3%
  SHIELD          27    6%        7    3%
  MORTAR          28    7%        6    3%
  LANCER          22    5%       11    5%
  SNIPER          17    4%       16    7%
  HUNTER          12    3%       16    7%
  TURRET          24    6%        3    1%
  STRIKER         16    4%       11    5%
  HOUND            9    2%       17    8%
  SCREENER        23    5%        2    1%
  MEDIC           15    4%        7    3%
  SPOTTER         11    3%        5    2%
  BERSERKER        8    2%        8    4%
  BRUISER         11    3%        4    2%
  CUSTODIAN       14    3%        1    0%
  WARBRINGER       8    2%        4    2%
  PIKEMAN          9    2%        2    1%
  BOMBARD          4    1%        0    0%

PERK PICK FREQUENCY:
  MRK           : 18
  LCK           : 17
  RFX           : 16
  TNK           : 15
  BND           : 14
  HRD           : 14
  MOM           : 13
  OUT           : 12
  GUN           : 12
  FST           : 11
  SKR           : 11
  GRD           : 10
  PLT           : 9
  EXC           : 8
  CQB           : 7
  VNT           : 6
  SGE           : 6
  BRK           : 6
  CLH           : 5

SHOP PURCHASE FREQUENCY:
  FIELD MEDKIT      : 82
  WPN: HOLLOW POINT : 35
  WPN: STABILIZER   : 32
  WPN: SCOPE        : 32
  BALLISTIC PLATING : 19
  WPN: BIPOD        : 16
  FRAG CACHE        : 14
  COMBAT STIMS      : 14
  COUNTER-PREP      : 14
  ADV. TRAINING     : 12
  WPN: EXTENDED MAG : 11
  ARMORY            : 10
  WPN: SUPPRESSOR   : 7

BOON PICK FREQUENCY (PROCS = effect fires at instrumented sites; '-' = not instrumented;
                      PYR counts the +2-turn-burn half only — the Burning-immunity half is uninstrumented):
  code                 picks   PROCS
  FVR               :     9       -
  SHK               :     7      11
  ADR               :     6       -
  GHO               :     6       -
  FDR               :     5       0
  GRN               :     5       -
  MRK               :     5       -
  EXE               :     4       -
  FRT               :     4       -
  FST               :     4      49
  RCL               :     4       0
  VNM               :     4       -
  RPD               :     3       -
  SCV               :     2       -
  TRR               :     2      11
  PYR               :     1       0

RUN WIN-RATE BY BOON (campaign runs holding it):
  FVR               :   89% ±10  (in 9 runs)
  SHK               :   86% ±13  (in 7 runs)
  ADR               :   50% ±20  (in 6 runs)
  GHO               :   67% ±19  (in 6 runs)
  FDR               :   80% ±18  (in 5 runs)
  GRN               :   80% ±18  (in 5 runs)
  MRK               :  100% ±0  (in 5 runs)
  EXE               :  100% ±0  (in 4 runs)
  FRT               :   75% ±22  (in 4 runs)
  FST               :   75% ±22  (in 4 runs)
  RCL               :  100% ±0  (in 4 runs)
  VNM               :  100% ±0  (in 4 runs)
  RPD               :  100% ±0  (in 3 runs)
  SCV               :  100% ±0  (in 2 runs)
  TRR               :  100% ±0  (in 2 runs)
  PYR               :  100% ±0  (in 1 runs)

RUN WIN-RATE BY SPEC (campaign runs fielding it):
  SNT               :   70% ±14  (in 10 runs)
  ANC               :   88% ±12  (in 8 runs)
  HHT               :  100% ±0  (in 6 runs)
  PHN               :   80% ±18  (in 5 runs)
  PTH               :   80% ±18  (in 5 runs)
  BRC               :  100% ±0  (in 3 runs)
  JUG               :  100% ±0  (in 3 runs)
  ADN               :  100% ±0  (in 2 runs)
  SRG               :  100% ±0  (in 1 runs)

RUN WIN-RATE BY PERK (campaign runs holding it):
  HRD               :   83% ±11  (in 12 runs)
  LCK               :   67% ±14  (in 12 runs)
  RFX               :   83% ±11  (in 12 runs)
  BND               :   73% ±13  (in 11 runs)
  MRK               :   82% ±12  (in 11 runs)
  GRD               :   67% ±16  (in 9 runs)
  GUN               :   78% ±14  (in 9 runs)
  MOM               :  100% ±0  (in 9 runs)
  OUT               :   89% ±10  (in 9 runs)
  TNK               :  100% ±0  (in 9 runs)
  PLT               :   88% ±12  (in 8 runs)
  SKR               :  100% ±0  (in 8 runs)
  EXC               :   86% ±13  (in 7 runs)
  CQB               :   67% ±19  (in 6 runs)
  FST               :   83% ±15  (in 6 runs)
  SGE               :   50% ±20  (in 6 runs)
  BRK               :  100% ±0  (in 5 runs)
  CLH               :   80% ±18  (in 5 runs)
  VNT               :  100% ±0  (in 5 runs)

RUN WIN-RATE BY PURCHASE (campaign runs buying it):
  FIELD MEDKIT      :   80% ±9  (in 20 runs)
  WPN: STABILIZER   :   73% ±11  (in 15 runs)
  WPN: SCOPE        :   86% ±9  (in 14 runs)
  BALLISTIC PLATING :   82% ±12  (in 11 runs)
  COUNTER-PREP      :   73% ±13  (in 11 runs)
  FRAG CACHE        :   91% ±9  (in 11 runs)
  WPN: BIPOD        :   91% ±9  (in 11 runs)
  WPN: HOLLOW POINT :   82% ±12  (in 11 runs)
  ADV. TRAINING     :   75% ±15  (in 8 runs)
  ARMORY            :   88% ±12  (in 8 runs)
  COMBAT STIMS      :   71% ±17  (in 7 runs)
  WPN: EXTENDED MAG :  100% ±0  (in 7 runs)
  WPN: SUPPRESSOR   :  100% ±0  (in 5 runs)

RUN WIN-RATE BY EVENT-CHOICE (campaign runs taking id:arm):
  bloodfeud:1       :  100% ±0  (in 2 runs)
  bloodfeud:2       :  100% ±0  (in 2 runs)
  depot:0           :  100% ±0  (in 2 runs)
  drill:1           :  100% ±0  (in 2 runs)
  fieldhospital:2   :  100% ±0  (in 2 runs)
  grave:1           :   50% ±35  (in 2 runs)
  medic:0           :  100% ±0  (in 2 runs)
  medic:1           :   50% ±35  (in 2 runs)
  quartermaster:1   :  100% ±0  (in 2 runs)
  warpension:2      :  100% ±0  (in 2 runs)
  blackmarket:2     :  100% ±0  (in 1 runs)
  reservecall:1     :  100% ±0  (in 1 runs)
═══════════════════════════════════════════════════════════════════════

batch wall-time: 8.6s  (20 matches across 10 campaigns × 2 policy, frame-cap hits: 0)
aggregate JSON -> /home/user/wt/heat-pin/docs/measurements/l5/L5-hR-b10.json
INFO: TEXTURE: [ID 2] Unloaded texture data from VRAM (GPU)
INFO: SHADER: [ID 3] Default shader unloaded successfully
INFO: TEXTURE: [ID 1] Default texture unloaded successfully
INFO: Window closed successfully
