BALANCE: heat PINNED for this batch (field-event AddHeat is a no-op; SIGHTLINE_HEATPIN=0 restores the leak)
INFO: Initializing raylib 6.0
INFO: Platform backend: DESKTOP (GLFW)
INFO: Supported raylib modules:
INFO:     > rcore:..... loaded (mandatory)
INFO:     > rlgl:...... loaded (mandatory)
INFO:     > rshapes:... loaded (optional)
INFO:     > rtextures:. loaded (optional)
INFO:     > rtext:..... loaded (optional)
INFO:     > rmodels:... loaded (optional)
INFO:     > raudio:.... loaded (optional)
INFO: DISPLAY: Trying to enable MSAA x4
INFO: DISPLAY: Device initialized successfully 
INFO:     > Display size: 1280 x 800
INFO:     > Screen size:  1280 x 800
INFO:     > Render size:  1280 x 800
INFO:     > Viewport offsets: 0, 0
INFO: GLAD: OpenGL extensions loaded successfully
INFO: GL: Supported extensions count: 229
INFO: GL: OpenGL device information:
INFO:     > Vendor:   Mesa
INFO:     > Renderer: llvmpipe (LLVM 20.1.2, 256 bits)
INFO:     > Version:  4.5 (Core Profile) Mesa 25.2.8-0ubuntu0.24.04.2
INFO:     > GLSL:     4.50
INFO: GL: VAO extension detected, VAO functions loaded successfully
INFO: GL: NPOT textures extension detected, full NPOT textures supported
INFO: GL: DXT compressed textures supported
INFO: GL: ETC2/EAC compressed textures supported
INFO: PLATFORM: DESKTOP (GLFW - X11): Initialized successfully
INFO: TEXTURE: [ID 1] Texture loaded successfully (1x1 | R8G8B8A8 | 1 mipmaps)
INFO: TEXTURE: [ID 1] Default texture loaded successfully
INFO: SHADER: [ID 1] Vertex shader compiled successfully
INFO: SHADER: [ID 2] Fragment shader compiled successfully
INFO: SHADER: [ID 3] Program shader loaded successfully
INFO: SHADER: [ID 3] Default shader loaded successfully
INFO: RLGL: Render batch vertex buffers loaded successfully in RAM (CPU)
INFO: RLGL: Render batch vertex buffers loaded successfully in VRAM (GPU)
INFO: RLGL: Default OpenGL state initialized successfully
INFO: TEXTURE: [ID 2] Texture loaded successfully (128x128 | GRAY_ALPHA | 1 mipmaps)
INFO: FONT: Default font loaded successfully (224 glyphs)
INFO: SYSTEM: Working Directory: /home/user/wt/heat-pin
INFO: TIMER: Target time per frame: 0.000 milliseconds
FINALE-KIT: Syndicate
FINALE-KIT: Syndicate
FINALE-KIT: Legion
FINALE-KIT: Legion
FINALE-KIT: Wardens
match 5/20  (W:1 L:4 cap:0)  3.3s
FINALE-KIT: Wardens
FINALE-KIT: Wardens
WAVE: +2 (HOUND,BRUISER) [rich]
WAVE: +2 (HOUND,BRUISER) [rich]
WAVE: +2 (HUNTER,BRUISER) [rich]
FINALE-KIT: Wardens
WAVE: +2 (BRUISER,SCOUT) [rich]
WAVE: +2 (BRUISER,BRUISER) [rich]
WAVE: +2 (BERSERKER,STRIKER) [rich]
WAVE: +3 (MEDIC,SNIPER,MEDIC) [rich]
FINALE-KIT: Syndicate
FINALE-KIT: Syndicate
match 10/20  (W:3 L:7 cap:0)  6.0s
FINALE-KIT: Legion
FINALE-KIT: Legion
FINALE-KIT: Wardens
WAVE: +2 (DRONE,GRUNT) [rich]
WAVE: +2 (GRUNT,SHIELD) [rich]
WAVE: +2 (DRONE,DRONE) [rich]
FINALE-KIT: Wardens
WAVE: +2 (SAPPER,SHIELD) [rich]
WAVE: +2 (GRUNT,DRONE) [rich]
WAVE: +2 (SPOTTER,SPOTTER) [rich]
FINALE-KIT: Syndicate
WAVE: +3 (MORTAR,MORTAR,MORTAR) [rich]
WAVE: +1 (SNIPER) [rich]
match 15/20  (W:4 L:11 cap:0)  7.0s
FINALE-KIT: Syndicate
WAVE: +3 (SCREENER,SNIPER,PIKEMAN) [rich]
WAVE: +3 (SNIPER,PIKEMAN,PIKEMAN) [rich]
WAVE: +1 (MORTAR) [rich]
FINALE-KIT: Syndicate
WAVE: +2 (SCOUT,CUSTODIAN) [rich]
WAVE: +2 (SPOTTER,MEDIC) [rich]
WAVE: +2 (SAPPER,SHIELD) [rich]
FINALE-KIT: Syndicate
WAVE: +2 (BERSERKER,MEDIC) [rich]
WAVE: +2 (SHIELD,SHIELD) [rich]
WAVE: +2 (MORTAR,MORTAR) [rich]
FINALE-KIT: Wardens
WAVE: +2 (SNIPER,GRUNT) [rich]
WAVE: +2 (GRUNT,SNIPER) [rich]
WAVE: +1 (SCREENER) [rich]
FINALE-KIT: Wardens
WAVE: +2 (GRUNT,GRUNT) [rich]
WAVE: +2 (SNIPER,SCREENER) [rich]
WAVE: +1 (GRUNT) [rich]
REINFORCEMENTS: +2 (SCOUT,GRUNT)
REINFORCEMENTS: +2 (GRUNT,SCOUT)
match 20/20  (W:4 L:16 cap:0)  8.2s

══════════════════════ SIGHTLINE BALANCE REPORT ══════════════════════
runs=20  missions=61

RUN OUTCOMES (campaign):  win-rate   20%   avg missions cleared 3.4

POLICY GAP (optimal vs human-error; campaign runs only):
  greedy win-rate   20%  (n=10)
  sloppy win-rate   20%  (n=10)
  GAP    0 pts  (healthy slack)
  PAIRED (same-seed slots): pairs=10  concordant=8  discordant greedy-only-won=1 / sloppy-only-won=1  paired gap    0 pts
  PER-SLOT RECORDS (greedy | sloppy: outcome + missions cleared; margin = g−s):
    slot 120 @h6: L 3 | L 3   margin +0
    slot 121 @h6: L 3 | L 2   margin +1
    slot 122 @h6: W 6 | W 6   margin +0
    slot 123 @h6: L 1 | W 6   margin -5
    slot 124 @h6: L 2 | L 2   margin +0
    slot 125 @h6: L 1 | L 1   margin +0
    slot 126 @h6: L 4 | L 2   margin +2
    slot 127 @h6: W 6 | L 4   margin +2
    slot 128 @h6: L 3 | L 3   margin +0
    slot 129 @h6: L 5 | L 5   margin +0
  PAIRED MARGIN (missions cleared, all pairs): +0.00 ±0.61 SE  (n=10 pairs)
  by objective (greedy / sloppy / gap):
    Decapitate :   50% /   50% / gap    0
    Defend     :   80% /   83% / gap   -3
    Eliminate  :   83% /   91% / gap   -8
    Escort     :  100% /  100% / gap    0
    Hack       :  100% /  100% / gap    0
    Rescue     :   50% /   33% / gap   17
    Sabotage   :   75% /   50% / gap   25

DECISION RICHNESS / SWING:
  meaningful-choices/turn 1.98   lead-swings/match 0.7   avg max-swing 56.0
  [shot-gate] acting-soldiers/turn 3.02   armed-soldiers/turn 0.88   armed-fraction 29%   turns-with-a-shot 46%   choices/ARMED-soldier-turn 2.25
  [choice-split] los-targets/ARMED 1.95   target-choices/ARMED 0.23   position-choices/ARMED 2.03

RUN COMPLETION BY HEAT (full-campaign clears):
  heat 6:   20% ±9  (n=20 runs, avg 3.4 missions)
  HEAT LEAK: pinned=yes  heat-raising picks=0  campaigns raised=0  missions off-rung=0/61

INTEL ECONOMY BY HEAT (campaign runs; heat-bonus = the Heat.IntelBonus share of income):
  heat 6: earned  166.0/run   heat-bonus  73.8 (  44% of income)   spent  147.3   unspent   18.7

MISSION WIN-RATE BY HEAT:
  heat 6:   74%  (n=61, avg 5.4 turns)

MISSION WIN-RATE BY OBJECTIVE:
  Eliminate  :   87% ±7  (n=23, avg 3.7 turns)
  Defend     :   82% ±12  (n=11, avg 8.9 turns)
  Sabotage   :   63% ±17  (n=8, avg 4.3 turns)
  Decapitate :   50% ±18  (n=8, avg 4.1 turns)
  Rescue     :   43% ±19  (n=7, avg 9.0 turns)
  Hack       :  100% ±0  (n=2, avg 3.0 turns)
  Escort     :  100% ±0  (n=2, avg 5.5 turns)

MISSION WIN-RATE BY OBJECTIVE x NODE KIND (a capstone must never pool with a mid-run node):
  Eliminate  : Start: 100%(n=20)  Combat:   0%(n=3)
               depth: m1:100%(20) m2:0%(2) m5:0%(1)
  Defend     : Combat:  67%(n=6)  Elite: 100%(n=3)  Supply: 100%(n=2)
               depth: m2:75%(4) m3:100%(4) m4:100%(1) m5:50%(2)
  Sabotage   : Supply: 100%(n=4)  Elite:   0%(n=2)  Combat:  50%(n=2)
               depth: m2:100%(2) m3:25%(4) m4:100%(2)
  Decapitate : Boss:  67%(n=6)  Combat:   0%(n=2)
               depth: m4:0%(2) m6:67%(6)
  Rescue     : Elite:  50%(n=4)  Combat:  33%(n=3)
               depth: m3:50%(2) m4:40%(5)
  Hack       : Combat: 100%(n=2)
               depth: m3:100%(2)
  Escort     : Combat: 100%(n=2)
               depth: m2:100%(2)

ENCOUNTER COMPLETION on MID-RUN nodes (Combat+Elite) — clear% is the share of the fight actually fought:
  objective     n   win%   turns   force    +rf  killed  clear%   prs  WONclear%
  Defend         9   78%     8.9    6.33   5.33    1.56    13.3  0.00      8.8 (n=7)
  Rescue         7   43%     9.0   10.29   0.00    2.29    22.2  0.00     29.0 (n=3)
  Sabotage       4   25%     5.5    8.00   0.00    2.25    28.1  0.00     28.6 (n=1)
  Eliminate      3    0%     6.7    7.67   0.00    2.00    26.1  1.00      0.0 (n=0)
  Hack           2  100%     3.0    9.00   0.00    0.50     5.6  0.00      5.6 (n=2)
  Decapitate     2    0%     6.0   10.00   0.00    1.00    10.0  0.50      0.0 (n=0)
  Escort         2  100%     5.5    6.00   0.00    3.00    50.0  0.00     50.0 (n=2)
  ---- the two classes ----
  KILL           5    0%     6.4    8.60   0.00    1.60    18.6  0.80      0.0 (n=0)
  NON-KILL      24   63%     7.6    7.96   2.00    1.92    19.2  0.00     16.9 (n=15)

DECAPITATE HVT (buff = +6+1*mission HP, +6 aim; ELITE exempt):
  EXEMPT  :   67% ±19  (n=6, avg 3.5 turns, HVT 22.7 max HP)  [m6:67%(6)]
  BUFFED  :    0% ±0  (n=2, avg 6.0 turns, HVT 27.0 max HP)  [m4:0%(2)]

MISSION WIN-RATE BY MISSION #:
  m1:  100% ±0  (n=20)
  m2:   70% ±14  (n=10)
  m3:   67% ±14  (n=12)
  m4:   50% ±16  (n=10)
  m5:   33% ±27  (n=3)
  m6:   67% ±19  (n=6)

LOSS CAUSES (missions):
  RUN OVER              : 12
  CAPTIVE LOST          : 4

MISSION WIN-RATE BY ARENA (authored layouts, n>=3; procedural fallback   21% of 61 missions):
  arena  4:   50% ±25  (n=4, avg 4.3 turns)  [m2:100%(2) m4:0%(2)]
  arena 13:  100% ±0  (n=6, avg 3.8 turns)  [m1:100%(2) m2:100%(2) m4:100%(2)]
  arena 14:   67% ±27  (n=3, avg 4.7 turns)  [m1:100%(2) m3:0%(1)]
  arena 15:  100% ±0  (n=3, avg 5.3 turns)  [m1:100%(2) m2:100%(1)]
  arena 18:   67% ±27  (n=3, avg 5.7 turns)  [m1:100%(2) m4:0%(1)]
  arena 21:  100% ±0  (n=4, avg 2.5 turns)  [m1:100%(4)]
  arena 28:   80% ±18  (n=5, avg 10.8 turns)  [m1:100%(2) m4:100%(2) m6:0%(1)]
  arena 34:  100% ±0  (n=3, avg 7.0 turns)  [m2:100%(2) m6:100%(1)]
  procedural:   69% ±13  (n=13, avg 4.7 turns)  [m1:100%(4) m2:0%(1) m3:50%(4) m5:100%(1) m6:67%(3)]

DEPLOYMENT GEOMETRY (opening shape; choices/ARMED is the wave's real gate):
  FRONTAL   :   78% ±9  (n=23, avg 6.9 turns)  choices/turn 1.09  choices/ARMED 1.76  los-targets/ARMED 1.73
  PINCER    :   68% ±9  (n=25, avg 4.3 turns)  choices/turn 2.90  choices/ARMED 2.37  los-targets/ARMED 1.78
  CROSSFIRE :   75% ±22  (n=4, avg 6.0 turns)  choices/turn 1.41  choices/ARMED 1.82  los-targets/ARMED 2.53
  ENVELOP   :   78% ±14  (n=9, avg 4.4 turns)  choices/turn 3.36  choices/ARMED 3.27  los-targets/ARMED 2.81

ARENA FUNNEL (Mission.Build exits, n=70 builds, all modes):
  authored-applied    :  78.6%  (n=55)
  connectivity-reject :   0.0%  (n=0)
  procedural-roll     :  21.4%  (n=15)

DECK EXPOSURE (campaign runs n=20):
  distinct authored arenas/run : 2.40 mean (all runs)
  ... full-depth runs only     : 3.00 mean over 4.0 fights/run (n=4)
  Defend dealt on the route    :   50% of runs (n=10)

ENEMY DECISION MIX (contested acts=1107; all-downed acts not counted=365):
  shoot           548    50%
  hunker          378    34%
  move             73     7%
  siege            24     2%
  reload           23     2%
  grenade          20     2%
  heal             19     2%
  brace            10     1%
  item              6     1%
  sap               3     0%
  overwatch         2     0%
  staleplan         1     0%

  the shot on the table (acts where the chosen tile HAD a shot = 588):
    hit% band     taken   share   E[dmg]/shot   declined   share   E[dmg]/shot
      0-19           2      0%          0.90          5     83%          0.53
     20-39          31      6%          0.98          1     17%          0.63
     40-59          73     13%          1.88          0      0%          0.00
     60-79         182     33%          3.03          0      0%          0.00
      80+          260     47%          4.49          0      0%          0.00
    TOTAL           548                              6
  taken   93% / DECLINED    1% / preempted by another verb    6%
  enemy lanes held (overwatch+brace) 12; reaction shots fired 5  ->   42% of lanes paid off   [C2: DeclineWatchRatio is a bet on this number]

ACTION MIX (verbs issued, by policy):
  verb                  greedy        sloppy
  MOVE               374   41%     388   40%
  SHOOT              205   22%     231   24%
  OVERWATCH           73    8%      59    6%
  HUNKER              29    3%      61    6%
  FOCUS               51    6%      30    3%
  BRACE               24    3%      38    4%
  INTEL               31    3%      27    3%
  SLIPSTREAM          29    3%      28    3%
  STABILIZE           27    3%      21    2%
  RELOAD              16    2%      17    2%
  ITEM:SMOKE          12    1%      11    1%
  PLANT               11    1%      11    1%
  MARK                10    1%      11    1%
  DRAG                 6    1%       9    1%
  PIN                  7    1%       4    0%
  REARM                5    1%       5    1%
  GRENADE              3    0%       5    1%
  PATCH                2    0%       5    1%
  HACK                 2    0%       2    0%
  BARREL               1    0%       2    0%
  BEACON               2    0%       0    0%
  GRAPPLE              1    0%       0    0%
  ITEM:INCENDIARY       0    0%       1    0%

PLAYER CLASS PERFORMANCE:
  class        shots   hit%   dmg   kills
  SHARPSHOOTER    103    95%    720     44
  GUNNER         131    80%    567     42
  RANGER          73    90%    449     39
  ASSAULT         90    88%    405     20
  CORPSMAN        27    85%    109      7

SOLDIER DEATHS BY ENEMY CLASS (threat ranking):
  GRUNT      : 10
  STRIKE     : 10
  BRUISER    : 7
  SNIPER     : 7
  SAPPER     : 5
  ELITE      : 5
  TURRET     : 5
  WARBRINGER : 4
  HUNTER     : 4
  SCOUT      : 4
  LANCER     : 3
  BERSERKER  : 3
  MORTAR     : 3
  HOUND      : 2
  SCREENER   : 2
  DRONE      : 2
  PIKEMAN    : 2
  BURN       : 2
  STRIKER    : 1
  MEDIC      : 1
  SHIELD     : 1

SOLDIER DOWNS (FUL-7 bleed-out): 166 downs -> revived 5 / recovered 37 / bled out 106 / finished 12  (save-rate   29%)
  corpsman fielded in 21 missions

ENEMY COMPOSITION (spawns; faction-stamped fights n=414 / default-cascade fights n=131):
  class        faction         default
  GRUNT           43   10%       52   40%
  SCOUT           14    3%       35   27%
  SNIPER          44   11%        2    2%
  MORTAR          35    8%        6    5%
  ELITE           25    6%        2    2%
  BERSERKER       24    6%        1    1%
  SHIELD          22    5%        3    2%
  MEDIC           21    5%        4    3%
  BRUISER         23    6%        0    0%
  TURRET          22    5%        0    0%
  SPOTTER         17    4%        3    2%
  HUNTER          19    5%        0    0%
  SCREENER        17    4%        2    2%
  PIKEMAN         17    4%        2    2%
  HOUND           12    3%        4    3%
  SAPPER          11    3%        4    3%
  CUSTODIAN       12    3%        1    1%
  LANCER           9    2%        3    2%
  DRONE            7    2%        3    2%
  WARBRINGER       9    2%        0    0%
  BOMBARD          7    2%        1    1%
  STRIKER          4    1%        3    2%

PERK PICK FREQUENCY:
  LCK           : 13
  SKR           : 10
  RFX           : 9
  MOM           : 8
  FST           : 7
  OUT           : 7
  SGE           : 6
  CQB           : 6
  BRK           : 6
  BND           : 5
  GUN           : 5
  HRD           : 5
  TNK           : 5
  CLH           : 4
  GRD           : 4
  MRK           : 4
  EXC           : 3
  VNT           : 3
  PLT           : 2

SHOP PURCHASE FREQUENCY:
  FIELD MEDKIT      : 59
  WPN: HOLLOW POINT : 46
  WPN: SCOPE        : 30
  WPN: STABILIZER   : 28
  ADV. TRAINING     : 17
  WPN: EXTENDED MAG : 17
  WPN: BIPOD        : 14
  COUNTER-PREP      : 13
  FRAG CACHE        : 12
  BALLISTIC PLATING : 11
  ARMORY            : 10
  WPN: SUPPRESSOR   : 10
  COMBAT STIMS      : 10

BOON PICK FREQUENCY (PROCS = effect fires at instrumented sites; '-' = not instrumented;
                      PYR counts the +2-turn-burn half only — the Burning-immunity half is uninstrumented):
  code                 picks   PROCS
  MRK               :     5       -
  SHK               :     5       0
  FDR               :     4       0
  FRT               :     4       -
  GHO               :     4       -
  FST               :     3      49
  FVR               :     3       -
  SCV               :     3       -
  ADR               :     2       -
  EXE               :     2       -
  GRN               :     2       -
  RPD               :     2       -
  PYR               :     1       0
  VNM               :     1       -

RUN WIN-RATE BY BOON (campaign runs holding it):
  MRK               :   40% ±22  (in 5 runs)
  SHK               :   20% ±18  (in 5 runs)
  FDR               :   50% ±25  (in 4 runs)
  FRT               :   25% ±22  (in 4 runs)
  GHO               :   25% ±22  (in 4 runs)
  FST               :    0% ±0  (in 3 runs)
  FVR               :   67% ±27  (in 3 runs)
  SCV               :   33% ±27  (in 3 runs)
  ADR               :    0% ±0  (in 2 runs)
  EXE               :  100% ±0  (in 2 runs)
  GRN               :    0% ±0  (in 2 runs)
  RPD               :    0% ±0  (in 2 runs)
  PYR               :    0% ±0  (in 1 runs)
  VNM               :    0% ±0  (in 1 runs)

RUN WIN-RATE BY SPEC (campaign runs fielding it):
  ADN               :   33% ±27  (in 3 runs)
  ANC               :    0% ±0  (in 2 runs)
  PHN               :   50% ±35  (in 2 runs)
  PTH               :   50% ±35  (in 2 runs)
  HHT               :    0% ±0  (in 1 runs)
  SNT               :    0% ±0  (in 1 runs)

RUN WIN-RATE BY PERK (campaign runs holding it):
  LCK               :   22% ±14  (in 9 runs)
  RFX               :   22% ±14  (in 9 runs)
  MOM               :   29% ±17  (in 7 runs)
  CQB               :   33% ±19  (in 6 runs)
  FST               :   33% ±19  (in 6 runs)
  OUT               :   17% ±15  (in 6 runs)
  SGE               :   50% ±20  (in 6 runs)
  SKR               :   50% ±20  (in 6 runs)
  GUN               :   60% ±22  (in 5 runs)
  HRD               :   20% ±18  (in 5 runs)
  BND               :   25% ±22  (in 4 runs)
  CLH               :    0% ±0  (in 4 runs)
  TNK               :   75% ±22  (in 4 runs)
  BRK               :    0% ±0  (in 3 runs)
  EXC               :    0% ±0  (in 3 runs)
  GRD               :   67% ±27  (in 3 runs)
  MRK               :    0% ±0  (in 3 runs)
  VNT               :   33% ±27  (in 3 runs)
  PLT               :   50% ±35  (in 2 runs)

RUN WIN-RATE BY PURCHASE (campaign runs buying it):
  FIELD MEDKIT      :   22% ±10  (in 18 runs)
  WPN: HOLLOW POINT :   29% ±12  (in 14 runs)
  COUNTER-PREP      :   25% ±13  (in 12 runs)
  WPN: SCOPE        :   27% ±13  (in 11 runs)
  ADV. TRAINING     :   40% ±15  (in 10 runs)
  ARMORY            :   33% ±16  (in 9 runs)
  WPN: STABILIZER   :   33% ±16  (in 9 runs)
  BALLISTIC PLATING :   38% ±17  (in 8 runs)
  WPN: EXTENDED MAG :   25% ±15  (in 8 runs)
  COMBAT STIMS      :   14% ±13  (in 7 runs)
  WPN: BIPOD        :   14% ±13  (in 7 runs)
  FRAG CACHE        :   17% ±15  (in 6 runs)
  WPN: SUPPRESSOR   :   17% ±15  (in 6 runs)

RUN WIN-RATE BY EVENT-CHOICE (campaign runs taking id:arm):
  blackmarket:2     :   50% ±25  (in 4 runs)
  cache:1           :   67% ±27  (in 3 runs)
  drill:1           :  100% ±0  (in 2 runs)
  fieldhospital:2   :    0% ±0  (in 2 runs)
  informant:2       :    0% ±0  (in 2 runs)
  medic:0           :    0% ±0  (in 2 runs)
  medic:1           :   50% ±35  (in 2 runs)
  warchest:1        :    0% ±0  (in 2 runs)
  defector:0        :    0% ±0  (in 1 runs)
  defector:1        :    0% ±0  (in 1 runs)
  relic:1           :  100% ±0  (in 1 runs)
  reservecall:0     :    0% ±0  (in 1 runs)
═══════════════════════════════════════════════════════════════════════

batch wall-time: 8.2s  (20 matches across 10 campaigns × 2 policy, frame-cap hits: 0)
aggregate JSON -> /home/user/wt/heat-pin/docs/measurements/l5/L5-h6-b120.json
INFO: TEXTURE: [ID 2] Unloaded texture data from VRAM (GPU)
INFO: SHADER: [ID 3] Default shader unloaded successfully
INFO: TEXTURE: [ID 1] Default texture unloaded successfully
INFO: Window closed successfully
