BALANCE: heat PINNED for this batch (field-event AddHeat is a no-op; SIGHTLINE_HEATPIN=0 restores the leak)
INFO: Initializing raylib 6.0
INFO: Platform backend: DESKTOP (GLFW)
INFO: Supported raylib modules:
INFO:     > rcore:..... loaded (mandatory)
INFO:     > rlgl:...... loaded (mandatory)
INFO:     > rshapes:... loaded (optional)
INFO:     > rtextures:. loaded (optional)
INFO:     > rtext:..... loaded (optional)
INFO:     > rmodels:... loaded (optional)
INFO:     > raudio:.... loaded (optional)
INFO: DISPLAY: Trying to enable MSAA x4
INFO: DISPLAY: Device initialized successfully 
INFO:     > Display size: 1280 x 800
INFO:     > Screen size:  1280 x 800
INFO:     > Render size:  1280 x 800
INFO:     > Viewport offsets: 0, 0
INFO: GLAD: OpenGL extensions loaded successfully
INFO: GL: Supported extensions count: 229
INFO: GL: OpenGL device information:
INFO:     > Vendor:   Mesa
INFO:     > Renderer: llvmpipe (LLVM 20.1.2, 256 bits)
INFO:     > Version:  4.5 (Core Profile) Mesa 25.2.8-0ubuntu0.24.04.2
INFO:     > GLSL:     4.50
INFO: GL: VAO extension detected, VAO functions loaded successfully
INFO: GL: NPOT textures extension detected, full NPOT textures supported
INFO: GL: DXT compressed textures supported
INFO: GL: ETC2/EAC compressed textures supported
INFO: PLATFORM: DESKTOP (GLFW - X11): Initialized successfully
INFO: TEXTURE: [ID 1] Texture loaded successfully (1x1 | R8G8B8A8 | 1 mipmaps)
INFO: TEXTURE: [ID 1] Default texture loaded successfully
INFO: SHADER: [ID 1] Vertex shader compiled successfully
INFO: SHADER: [ID 2] Fragment shader compiled successfully
INFO: SHADER: [ID 3] Program shader loaded successfully
INFO: SHADER: [ID 3] Default shader loaded successfully
INFO: RLGL: Render batch vertex buffers loaded successfully in RAM (CPU)
INFO: RLGL: Render batch vertex buffers loaded successfully in VRAM (GPU)
INFO: RLGL: Default OpenGL state initialized successfully
INFO: TEXTURE: [ID 2] Texture loaded successfully (128x128 | GRAY_ALPHA | 1 mipmaps)
INFO: FONT: Default font loaded successfully (224 glyphs)
INFO: SYSTEM: Working Directory: /home/user/wt/heat-pin
INFO: TIMER: Target time per frame: 0.000 milliseconds
FINALE-KIT: Legion
WAVE: +2 (HOUND,HUNTER) [rich]
WAVE: +2 (BERSERKER,HUNTER) [rich]
WAVE: +2 (GRUNT,GRUNT) [rich]
FINALE-KIT: Legion
WAVE: +2 (SCOUT,BERSERKER) [rich]
WAVE: +2 (LANCER,STRIKER) [rich]
WAVE: +2 (HOUND,BERSERKER) [rich]
FINALE-KIT: Syndicate
WAVE: +2 (DRONE,LANCER) [rich]
WAVE: +2 (STRIKER,HUNTER) [rich]
WAVE: +2 (STRIKER,BRUISER) [rich]
FINALE-KIT: Syndicate
WAVE: +2 (HUNTER,BRUISER) [rich]
WAVE: +2 (SNIPER,HUNTER) [rich]
WAVE: +2 (LANCER,STRIKER) [rich]
FINALE-KIT: Wardens
WAVE: +3 (SCREENER,SAPPER,SCREENER) [rich]
WAVE: +3 (CUSTODIAN,DRONE,SPOTTER) [rich]
WAVE: +3 (DRONE,DRONE,DRONE) [rich]
WAVE: +3 (DRONE,SHIELD,SPOTTER) [rich]
match 5/20  (W:3 L:2 cap:0)  3.6s
FINALE-KIT: Wardens
WAVE: +3 (SHIELD,GRUNT,SAPPER) [rich]
WAVE: +3 (DRONE,SHIELD,GRUNT) [rich]
WAVE: +3 (DRONE,SAPPER,SCREENER) [rich]
FINALE-KIT: Legion
REINFORCEMENTS: +2 (SCOUT,SCOUT)
FINALE-KIT: Legion
FINALE-KIT: Wardens
WAVE: +2 (BRUISER,LANCER) [rich]
WAVE: +2 (DRONE,SNIPER) [rich]
WAVE: +2 (BRUISER,STRIKER) [rich]
REINFORCEMENTS: +2 (SCOUT,GRUNT)
REINFORCEMENTS: +2 (GRUNT,GRUNT)
REINFORCEMENTS: +2 (SCOUT,GRUNT)
FINALE-KIT: Wardens
WAVE: +2 (SCOUT,SNIPER) [rich]
WAVE: +2 (SCOUT,LANCER) [rich]
WAVE: +2 (SNIPER,DRONE) [rich]
match 10/20  (W:4 L:6 cap:0)  6.8s
FINALE-KIT: Wardens
WAVE: +3 (SPOTTER,LANCER,MEDIC) [rich]
WAVE: +3 (PIKEMAN,BERSERKER,HOUND) [rich]
WAVE: +3 (STRIKER,GRUNT,MORTAR) [rich]
REINFORCEMENTS: +2 (GRUNT,SCOUT)
REINFORCEMENTS: +2 (GRUNT,SCOUT)
FINALE-KIT: Wardens
WAVE: +3 (SPOTTER,LANCER,SNIPER) [rich]
WAVE: +3 (MEDIC,LANCER,STRIKER) [rich]
WAVE: +3 (SAPPER,CUSTODIAN,STRIKER) [rich]
REINFORCEMENTS: +2 (SCOUT,SCOUT)
FINALE-KIT: Wardens
REINFORCEMENTS: +2 (GRUNT,GRUNT)
REINFORCEMENTS: +2 (SCOUT,SCOUT)
FINALE-KIT: Wardens
FINALE-KIT: Legion
WAVE: +2 (STRIKER,BRUISER) [rich]
WAVE: +2 (HUNTER,HUNTER) [rich]
WAVE: +2 (STRIKER,HUNTER) [rich]
match 15/20  (W:6 L:9 cap:0)  8.3s
FINALE-KIT: Legion
WAVE: +2 (STRIKER,SCOUT) [rich]
WAVE: +2 (DRONE,LANCER) [rich]
WAVE: +2 (SNIPER,BRUISER) [rich]
FINALE-KIT: Wardens
WAVE: +3 (BRUISER,HUNTER,BRUISER) [rich]
WAVE: +3 (BRUISER,GRUNT,GRUNT) [rich]
WAVE: +3 (STRIKER,HOUND,HUNTER) [rich]
WAVE: +1 (BRUISER) [rich]
FINALE-KIT: Wardens
WAVE: +3 (LANCER,BRUISER,HUNTER) [rich]
WAVE: +3 (HUNTER,BRUISER,BRUISER) [rich]
WAVE: +3 (HUNTER,LANCER,HUNTER) [rich]
REINFORCEMENTS: +2 (SCOUT,GRUNT)
FINALE-KIT: Wardens
WAVE: +3 (HOUND,SNIPER,STRIKER) [rich]
WAVE: +3 (SNIPER,HUNTER,SCREENER) [rich]
WAVE: +3 (MEDIC,GRUNT,LANCER) [rich]
FINALE-KIT: Wardens
match 20/20  (W:9 L:11 cap:0)  9.8s

══════════════════════ SIGHTLINE BALANCE REPORT ══════════════════════
runs=20  missions=78

RUN OUTCOMES (campaign):  win-rate   45%   avg missions cleared 4.9

POLICY GAP (optimal vs human-error; campaign runs only):
  greedy win-rate   50%  (n=10)
  sloppy win-rate   40%  (n=10)
  GAP   10 pts  (healthy slack)
  PAIRED (same-seed slots): pairs=10  concordant=5  discordant greedy-only-won=3 / sloppy-only-won=2  paired gap   10 pts
  PER-SLOT RECORDS (greedy | sloppy: outcome + missions cleared; margin = g−s):
    slot  20 @h2: W 6 | W 6   margin +0
    slot  21 @h2: W 6 | L 4   margin +2
    slot  22 @h2: L 3 | L 5   margin -2
    slot  23 @h2: L 5 | L 5   margin +0
    slot  24 @h2: L 5 | W 6   margin -1
    slot  25 @h2: W 6 | L 5   margin +1
    slot  26 @h2: L 2 | L 2   margin +0
    slot  27 @h2: W 6 | W 6   margin +0
    slot  28 @h2: L 4 | W 6   margin -2
    slot  29 @h2: W 6 | L 3   margin +3
  PAIRED MARGIN (missions cleared, all pairs): +0.10 ±0.50 SE  (n=10 pairs)
  by objective (greedy / sloppy / gap):
    Decapitate :   63% /   50% / gap   13
    Defend     :   75% /  100% / gap  -25
    Eliminate  :  100% /   83% / gap   17
    Evac       :  100% /  100% / gap    0
    Hack       :  100% /  100% / gap    0
    Rescue     :  100% /  100% / gap    0
    Sabotage   :  100% /  100% / gap    0

DECISION RICHNESS / SWING:
  meaningful-choices/turn 3.35   lead-swings/match 0.8   avg max-swing 50.8
  [shot-gate] acting-soldiers/turn 3.41   armed-soldiers/turn 1.43   armed-fraction 42%   turns-with-a-shot 61%   choices/ARMED-soldier-turn 2.34
  [choice-split] los-targets/ARMED 2.59   target-choices/ARMED 0.54   position-choices/ARMED 1.80

RUN COMPLETION BY HEAT (full-campaign clears):
  heat 2:   45% ±11  (n=20 runs, avg 4.9 missions)
  HEAT LEAK: pinned=yes  heat-raising picks=2  campaigns raised=0  missions off-rung=0/78

INTEL ECONOMY BY HEAT (campaign runs; heat-bonus = the Heat.IntelBonus share of income):
  heat 2: earned  158.4/run   heat-bonus  23.2 (  15% of income)   spent  134.9   unspent   23.5

MISSION WIN-RATE BY HEAT:
  heat 2:   86%  (n=78, avg 5.9 turns)

MISSION WIN-RATE BY OBJECTIVE:
  Eliminate  :   92% ±6  (n=24, avg 4.8 turns)
  Decapitate :   56% ±12  (n=16, avg 4.8 turns)
  Defend     :   87% ±9  (n=15, avg 8.7 turns)
  Rescue     :  100% ±0  (n=10, avg 5.4 turns)
  Sabotage   :  100% ±0  (n=6, avg 3.8 turns)
  Evac       :  100% ±0  (n=5, avg 9.4 turns)
  Hack       :  100% ±0  (n=2, avg 5.0 turns)

MISSION WIN-RATE BY OBJECTIVE x NODE KIND (a capstone must never pool with a mid-run node):
  Eliminate  : Start: 100%(n=20)  Combat:  50%(n=4)
               depth: m1:100%(20) m4:50%(2) m5:50%(2)
  Decapitate : Boss:  64%(n=14)  Combat:   0%(n=2)
               depth: m3:0%(2) m6:64%(14)
  Defend     : Supply: 100%(n=9)  Combat:  75%(n=4)  Elite:  50%(n=2)
               depth: m2:100%(6) m3:100%(2) m4:75%(4) m5:67%(3)
  Rescue     : Combat: 100%(n=8)  Elite: 100%(n=2)
               depth: m2:100%(2) m4:100%(6) m5:100%(2)
  Sabotage   : Elite: 100%(n=4)  Combat: 100%(n=2)
               depth: m2:100%(2) m3:100%(4)
  Evac       : Combat: 100%(n=4)  Supply: 100%(n=1)
               depth: m2:100%(2) m3:100%(2) m5:100%(1)
  Hack       : Combat: 100%(n=2)
               depth: m5:100%(2)

ENCOUNTER COMPLETION on MID-RUN nodes (Combat+Elite) — clear% is the share of the fight actually fought:
  objective     n   win%   turns   force    +rf  killed  clear%   prs  WONclear%
  Rescue        10  100%     5.4    8.00   0.00    0.00     0.0  0.00      0.0 (n=10)
  Defend         6   67%     8.3    5.67   7.17    5.17    40.3  0.00     51.0 (n=4)
  Sabotage       6  100%     3.8    5.67   0.00    1.50    26.5  0.00     26.5 (n=6)
  Eliminate      4   50%     8.0    8.50   0.00    4.50    52.9  2.00    100.0 (n=2)
  Evac           4  100%     6.3    6.00   0.00    0.00     0.0  0.00      0.0 (n=4)
  Hack           2  100%     5.0    9.00   0.00    3.50    38.9  0.50     38.9 (n=2)
  Decapitate     2    0%     7.0    7.00   0.00    0.50     7.1  1.00      0.0 (n=0)
  ---- the two classes ----
  KILL           6   33%     7.7    8.00   0.00    3.17    39.6  1.67    100.0 (n=2)
  NON-KILL      28   93%     5.8    6.79   1.54    1.68    20.2  0.04     20.3 (n=26)

DECAPITATE HVT (buff = +6+1*mission HP, +6 aim; ELITE exempt):
  EXEMPT  :   56% ±12  (n=16, avg 4.8 turns, HVT 22.9 max HP)  [m3:0%(2) m6:64%(14)]

MISSION WIN-RATE BY MISSION #:
  m1:  100% ±0  (n=20)
  m2:  100% ±0  (n=12)
  m3:   80% ±13  (n=10)
  m4:   83% ±11  (n=12)
  m5:   80% ±13  (n=10)
  m6:   64% ±13  (n=14)

LOSS CAUSES (missions):
  RUN OVER              : 11

MISSION WIN-RATE BY ARENA (authored layouts, n>=3; procedural fallback   18% of 78 missions):
  arena  3:   75% ±22  (n=4, avg 6.0 turns)  [m1:100%(2) m5:50%(2)]
  arena 10:  100% ±0  (n=4, avg 3.5 turns)  [m2:100%(1) m6:100%(3)]
  arena 15:   67% ±27  (n=3, avg 7.7 turns)  [m2:100%(1) m6:50%(2)]
  arena 16:   67% ±27  (n=3, avg 5.7 turns)  [m3:100%(1) m4:50%(2)]
  arena 19:  100% ±0  (n=4, avg 3.8 turns)  [m1:100%(4)]
  arena 20:   25% ±22  (n=4, avg 8.5 turns)  [m3:0%(2) m4:50%(2)]
  arena 28:  100% ±0  (n=4, avg 10.3 turns)  [m4:100%(2) m5:100%(2)]
  arena 30:   80% ±18  (n=5, avg 7.8 turns)  [m1:100%(2) m5:100%(1) m6:50%(2)]
  arena 31:   75% ±22  (n=4, avg 7.5 turns)  [m2:100%(2) m5:50%(2)]
  arena 32:  100% ±0  (n=3, avg 3.7 turns)  [m5:100%(2) m6:100%(1)]
  arena 33:  100% ±0  (n=4, avg 6.0 turns)  [m1:100%(2) m3:100%(2)]
  procedural:  100% ±0  (n=14, avg 5.9 turns)  [m1:100%(6) m2:100%(3) m3:100%(2) m6:100%(3)]

DEPLOYMENT GEOMETRY (opening shape; choices/ARMED is the wave's real gate):
  FRONTAL   :   94%  (n=31, avg 5.4 turns)  choices/turn 3.23  choices/ARMED 2.26  los-targets/ARMED 2.31
  PINCER    :   72% ±9  (n=25, avg 7.0 turns)  choices/turn 3.81  choices/ARMED 2.63  los-targets/ARMED 3.07
  CROSSFIRE :  100% ±0  (n=6, avg 3.2 turns)  choices/turn 4.11  choices/ARMED 2.44  los-targets/ARMED 2.56
  ENVELOP   :   88% ±8  (n=16, avg 6.0 turns)  choices/turn 2.52  choices/ARMED 1.86  los-targets/ARMED 2.14

ARENA FUNNEL (Mission.Build exits, n=93 builds, all modes):
  authored-applied    :  78.5%  (n=73)
  connectivity-reject :   0.0%  (n=0)
  procedural-roll     :  21.5%  (n=20)

DECK EXPOSURE (campaign runs n=20):
  distinct authored arenas/run : 3.20 mean (all runs)
  ... full-depth runs only     : 3.56 mean over 4.3 fights/run (n=9)
  Defend dealt on the route    :   75% of runs (n=15)

ENEMY DECISION MIX (contested acts=1188; all-downed acts not counted=431):
  shoot           686    58%
  hunker          272    23%
  move             86     7%
  grenade          39     3%
  siege            29     2%
  heal             28     2%
  brace            13     1%
  reload           13     1%
  item              8     1%
  overwatch         8     1%
  sap               3     0%
  shove             2     0%
  staleplan         1     0%

  the shot on the table (acts where the chosen tile HAD a shot = 763):
    hit% band     taken   share   E[dmg]/shot   declined   share   E[dmg]/shot
      0-19           2      0%          0.92          4     50%          0.53
     20-39           7      1%          1.37          2     25%          0.83
     40-59          60      9%          1.91          2     25%          1.60
     60-79         243     35%          2.55          0      0%          0.00
      80+          374     55%          3.59          0      0%          0.00
    TOTAL           686                              8
  taken   90% / DECLINED    1% / preempted by another verb    9%
  enemy lanes held (overwatch+brace) 21; reaction shots fired 9  ->   43% of lanes paid off   [C2: DeclineWatchRatio is a bet on this number]

ACTION MIX (verbs issued, by policy):
  verb                  greedy        sloppy
  MOVE               567   41%     704   48%
  SHOOT              344   25%     312   21%
  HUNKER             131    9%     125    8%
  BRACE               49    4%      54    4%
  INTEL               38    3%      38    3%
  RELOAD              36    3%      28    2%
  STABILIZE           32    2%      31    2%
  FOCUS               35    3%      27    2%
  OVERWATCH           29    2%      32    2%
  PIN                 21    2%      25    2%
  ITEM:SMOKE          18    1%      17    1%
  SLIPSTREAM          19    1%      16    1%
  MARK                19    1%      14    1%
  PLANT                9    1%      10    1%
  REARM                9    1%       7    0%
  EXTRACT              8    1%       5    0%
  BARREL               5    0%       4    0%
  PATCH                4    0%       5    0%
  BEACON               4    0%       5    0%
  GRENADE              1    0%       4    0%
  HACK                 2    0%       2    0%
  GRAPPLE              1    0%       2    0%
  DRAG                 0    0%       3    0%
  ITEM:FLASH           0    0%       1    0%

PLAYER CLASS PERFORMANCE:
  class        shots   hit%   dmg   kills
  GUNNER         223    84%   1069     62
  SHARPSHOOTER    134    89%    866     53
  ASSAULT        171    87%    765     46
  RANGER          81    89%    446     36
  CORPSMAN        60    78%    167      6

SOLDIER DEATHS BY ENEMY CLASS (threat ranking):
  STRIKE     : 17
  LANCER     : 11
  BURN       : 10
  SHIELD     : 9
  DRONE      : 8
  BRUISER    : 8
  ELITE      : 7
  WARBRINGER : 6
  HUNTER     : 5
  SNIPER     : 5
  HOUND      : 4
  BERSERKER  : 3
  SPOTTER    : 3
  SAPPER     : 3
  GRUNT      : 3
  TURRET     : 2
  SCREENER   : 2
  STRIKER    : 2
  SCOUT      : 2
  MORTAR     : 1

SOLDIER DOWNS (FUL-7 bleed-out): 239 downs -> revived 5 / recovered 54 / bled out 149 / finished 31  (save-rate   25%)
  corpsman fielded in 21 missions

ENEMY COMPOSITION (spawns; faction-stamped fights n=515 / default-cascade fights n=182):
  class        faction         default
  SCOUT           42    8%       61   34%
  GRUNT           34    7%       26   14%
  LANCER          43    8%       13    7%
  ELITE           45    9%        2    1%
  HUNTER          35    7%       12    7%
  DRONE           35    7%       12    7%
  BRUISER         32    6%        8    4%
  SHIELD          29    6%        7    4%
  BERSERKER       29    6%        1    1%
  SNIPER          17    3%       11    6%
  SAPPER          25    5%        3    2%
  STRIKER         12    2%       14    8%
  SCREENER        21    4%        1    1%
  MEDIC           18    3%        3    2%
  WARBRINGER      18    3%        0    0%
  PIKEMAN         15    3%        1    1%
  HOUND           12    2%        3    2%
  SPOTTER         13    3%        2    1%
  MORTAR          14    3%        1    1%
  TURRET          12    2%        0    0%
  CUSTODIAN        9    2%        1    1%
  BOMBARD          5    1%        0    0%

PERK PICK FREQUENCY:
  SKR           : 14
  TNK           : 14
  LCK           : 12
  MOM           : 10
  OUT           : 10
  PLT           : 10
  EXC           : 9
  FST           : 8
  CQB           : 8
  HRD           : 7
  GUN           : 7
  VNT           : 6
  SGE           : 6
  GRD           : 5
  MRK           : 5
  RFX           : 5
  BRK           : 3
  BND           : 2
  CLH           : 2

SHOP PURCHASE FREQUENCY:
  FIELD MEDKIT      : 66
  WPN: STABILIZER   : 40
  WPN: SCOPE        : 35
  WPN: EXTENDED MAG : 23
  WPN: HOLLOW POINT : 22
  ARMORY            : 16
  FRAG CACHE        : 16
  WPN: BIPOD        : 15
  BALLISTIC PLATING : 11
  COUNTER-PREP      : 9
  COMBAT STIMS      : 6
  WPN: SUPPRESSOR   : 6
  ADV. TRAINING     : 4

BOON PICK FREQUENCY (PROCS = effect fires at instrumented sites; '-' = not instrumented;
                      PYR counts the +2-turn-burn half only — the Burning-immunity half is uninstrumented):
  code                 picks   PROCS
  RPD               :     7       -
  FVR               :     6       -
  ADR               :     5       -
  FRT               :     5       -
  RCL               :     5       0
  SHK               :     5      10
  FST               :     4      46
  GRN               :     4       -
  MRK               :     4       -
  FDR               :     3       0
  TRR               :     3       2
  SCV               :     2       -
  VNM               :     2       -
  EXE               :     1       -
  GHO               :     1       -
  PYR               :     1       3

RUN WIN-RATE BY BOON (campaign runs holding it):
  RPD               :   43% ±19  (in 7 runs)
  FVR               :   50% ±20  (in 6 runs)
  ADR               :   80% ±18  (in 5 runs)
  FRT               :   40% ±22  (in 5 runs)
  RCL               :   20% ±18  (in 5 runs)
  SHK               :   60% ±22  (in 5 runs)
  FST               :   75% ±22  (in 4 runs)
  GRN               :    0% ±0  (in 4 runs)
  MRK               :   75% ±22  (in 4 runs)
  FDR               :   33% ±27  (in 3 runs)
  TRR               :   67% ±27  (in 3 runs)
  SCV               :  100% ±0  (in 2 runs)
  VNM               :   50% ±35  (in 2 runs)
  EXE               :  100% ±0  (in 1 runs)
  GHO               :    0% ±0  (in 1 runs)
  PYR               :  100% ±0  (in 1 runs)

RUN WIN-RATE BY SPEC (campaign runs fielding it):
  HHT               :   80% ±18  (in 5 runs)
  BRC               :   50% ±25  (in 4 runs)
  ANC               :   67% ±27  (in 3 runs)
  SNT               :   67% ±27  (in 3 runs)
  ADN               :  100% ±0  (in 2 runs)
  JUG               :   50% ±35  (in 2 runs)
  PHN               :   50% ±35  (in 2 runs)
  MED               :    0% ±0  (in 1 runs)
  PTH               :    0% ±0  (in 1 runs)

RUN WIN-RATE BY PERK (campaign runs holding it):
  SKR               :   45% ±15  (in 11 runs)
  TNK               :   60% ±15  (in 10 runs)
  LCK               :   56% ±17  (in 9 runs)
  CQB               :   63% ±17  (in 8 runs)
  OUT               :   38% ±17  (in 8 runs)
  GUN               :   57% ±19  (in 7 runs)
  MOM               :   43% ±19  (in 7 runs)
  PLT               :   43% ±19  (in 7 runs)
  EXC               :   67% ±19  (in 6 runs)
  HRD               :   67% ±19  (in 6 runs)
  SGE               :   17% ±15  (in 6 runs)
  VNT               :   67% ±19  (in 6 runs)
  FST               :   60% ±22  (in 5 runs)
  MRK               :   20% ±18  (in 5 runs)
  GRD               :   25% ±22  (in 4 runs)
  BRK               :   67% ±27  (in 3 runs)
  RFX               :   67% ±27  (in 3 runs)
  BND               :   50% ±35  (in 2 runs)
  CLH               :  100% ±0  (in 2 runs)

RUN WIN-RATE BY PURCHASE (campaign runs buying it):
  FIELD MEDKIT      :   45% ±11  (in 20 runs)
  WPN: STABILIZER   :   53% ±13  (in 15 runs)
  ARMORY            :   46% ±14  (in 13 runs)
  WPN: SCOPE        :   67% ±14  (in 12 runs)
  WPN: EXTENDED MAG :   50% ±16  (in 10 runs)
  COUNTER-PREP      :   56% ±17  (in 9 runs)
  FRAG CACHE        :   13% ±12  (in 8 runs)
  WPN: BIPOD        :   63% ±17  (in 8 runs)
  WPN: HOLLOW POINT :   75% ±15  (in 8 runs)
  BALLISTIC PLATING :   29% ±17  (in 7 runs)
  COMBAT STIMS      :   60% ±22  (in 5 runs)
  WPN: SUPPRESSOR   :   40% ±22  (in 5 runs)
  ADV. TRAINING     :   50% ±25  (in 4 runs)

RUN WIN-RATE BY EVENT-CHOICE (campaign runs taking id:arm):
  distress:1        :   75% ±22  (in 4 runs)
  drill:1           :   50% ±25  (in 4 runs)
  blackmarket:0     :  100% ±0  (in 2 runs)
  bloodfeud:1       :   50% ±35  (in 2 runs)
  bloodfeud:2       :   50% ±35  (in 2 runs)
  cache:1           :    0% ±0  (in 2 runs)
  drill:0           :   50% ±35  (in 2 runs)
  grave:0           :  100% ±0  (in 2 runs)
  grave:1           :   50% ±35  (in 2 runs)
  informant:1       :   50% ±35  (in 2 runs)
  quartermaster:2   :    0% ±0  (in 2 runs)
  relic:1           :   50% ±35  (in 2 runs)
  reservecall:0     :    0% ±0  (in 2 runs)
═══════════════════════════════════════════════════════════════════════

batch wall-time: 9.8s  (20 matches across 10 campaigns × 2 policy, frame-cap hits: 0)
aggregate JSON -> /home/user/wt/heat-pin/docs/measurements/l5/L5-h2-b20.json
INFO: TEXTURE: [ID 2] Unloaded texture data from VRAM (GPU)
INFO: SHADER: [ID 3] Default shader unloaded successfully
INFO: TEXTURE: [ID 1] Default texture unloaded successfully
INFO: Window closed successfully
