BALANCE: heat PINNED for this batch (field-event AddHeat is a no-op; SIGHTLINE_HEATPIN=0 restores the leak)
INFO: Initializing raylib 6.0
INFO: Platform backend: DESKTOP (GLFW)
INFO: Supported raylib modules:
INFO:     > rcore:..... loaded (mandatory)
INFO:     > rlgl:...... loaded (mandatory)
INFO:     > rshapes:... loaded (optional)
INFO:     > rtextures:. loaded (optional)
INFO:     > rtext:..... loaded (optional)
INFO:     > rmodels:... loaded (optional)
INFO:     > raudio:.... loaded (optional)
INFO: DISPLAY: Trying to enable MSAA x4
INFO: DISPLAY: Device initialized successfully 
INFO:     > Display size: 1280 x 800
INFO:     > Screen size:  1280 x 800
INFO:     > Render size:  1280 x 800
INFO:     > Viewport offsets: 0, 0
INFO: GLAD: OpenGL extensions loaded successfully
INFO: GL: Supported extensions count: 229
INFO: GL: OpenGL device information:
INFO:     > Vendor:   Mesa
INFO:     > Renderer: llvmpipe (LLVM 20.1.2, 256 bits)
INFO:     > Version:  4.5 (Core Profile) Mesa 25.2.8-0ubuntu0.24.04.2
INFO:     > GLSL:     4.50
INFO: GL: VAO extension detected, VAO functions loaded successfully
INFO: GL: NPOT textures extension detected, full NPOT textures supported
INFO: GL: DXT compressed textures supported
INFO: GL: ETC2/EAC compressed textures supported
INFO: PLATFORM: DESKTOP (GLFW - X11): Initialized successfully
INFO: TEXTURE: [ID 1] Texture loaded successfully (1x1 | R8G8B8A8 | 1 mipmaps)
INFO: TEXTURE: [ID 1] Default texture loaded successfully
INFO: SHADER: [ID 1] Vertex shader compiled successfully
INFO: SHADER: [ID 2] Fragment shader compiled successfully
INFO: SHADER: [ID 3] Program shader loaded successfully
INFO: SHADER: [ID 3] Default shader loaded successfully
INFO: RLGL: Render batch vertex buffers loaded successfully in RAM (CPU)
INFO: RLGL: Render batch vertex buffers loaded successfully in VRAM (GPU)
INFO: RLGL: Default OpenGL state initialized successfully
INFO: TEXTURE: [ID 2] Texture loaded successfully (128x128 | GRAY_ALPHA | 1 mipmaps)
INFO: FONT: Default font loaded successfully (224 glyphs)
INFO: SYSTEM: Working Directory: /home/user/wt/heat-pin
INFO: TIMER: Target time per frame: 0.000 milliseconds
FINALE-KIT: Wardens
WAVE: +2 (DRONE,DRONE) [rich]
WAVE: +2 (BRUISER,LANCER) [rich]
WAVE: +2 (LANCER,SNIPER) [rich]
FINALE-KIT: Wardens
WAVE: +2 (SNIPER,BRUISER) [rich]
WAVE: +2 (SCOUT,STRIKER) [rich]
WAVE: +2 (STRIKER,HUNTER) [rich]
FINALE-KIT: Wardens
FINALE-KIT: Wardens
FINALE-KIT: Syndicate
WAVE: +2 (SAPPER,SPOTTER) [rich]
WAVE: +2 (SHIELD,DRONE) [rich]
WAVE: +2 (SAPPER,SHIELD) [rich]
match 5/20  (W:1 L:4 cap:0)  3.8s
FINALE-KIT: Syndicate
WAVE: +2 (SHIELD,SPOTTER) [rich]
WAVE: +2 (CUSTODIAN,CUSTODIAN) [rich]
WAVE: +2 (DRONE,SHIELD) [rich]
WAVE: +2 (SHIELD,SCREENER) [rich]
WAVE: +2 (SCREENER,SHIELD) [rich]
FINALE-KIT: Legion
WAVE: +3 (MEDIC,SPOTTER,SPOTTER) [rich]
WAVE: +3 (DRONE,STRIKER,GRUNT) [rich]
WAVE: +3 (MORTAR,WARBRINGER,BERSERKER) [rich]
FINALE-KIT: Legion
WAVE: +3 (SAPPER,WARBRINGER,MEDIC) [rich]
WAVE: +2 (MEDIC,PIKEMAN) [rich]
FINALE-KIT: Legion
FINALE-KIT: Legion
match 10/20  (W:1 L:9 cap:0)  5.6s
FINALE-KIT: Legion
WAVE: +3 (PIKEMAN,MORTAR,SNIPER) [rich]
WAVE: +3 (PIKEMAN,CUSTODIAN,PIKEMAN) [rich]
FINALE-KIT: Legion
FINALE-KIT: Legion
WAVE: +2 (STRIKER,STRIKER) [rich]
WAVE: +2 (STRIKER,DRONE) [rich]
WAVE: +2 (HOUND,STRIKER) [rich]
FINALE-KIT: Legion
WAVE: +2 (BRUISER,HOUND) [rich]
WAVE: +2 (STRIKER,STRIKER) [rich]
WAVE: +2 (LANCER,HUNTER) [rich]
FINALE-KIT: Legion
WAVE: +2 (GRUNT,SCOUT) [rich]
WAVE: +2 (CUSTODIAN,MORTAR) [rich]
WAVE: +2 (MEDIC,MORTAR) [rich]
WAVE: +2 (SCREENER,PIKEMAN) [rich]
WAVE: +2 (MEDIC,SNIPER) [rich]
WAVE: +2 (PIKEMAN,GRUNT) [rich]
match 15/20  (W:1 L:14 cap:0)  7.4s
FINALE-KIT: Legion
WAVE: +2 (SNIPER,PIKEMAN) [rich]
WAVE: +2 (MEDIC,SCREENER) [rich]
WAVE: +2 (PIKEMAN,MORTAR) [rich]
WAVE: +2 (SNIPER,SNIPER) [rich]
WAVE: +2 (MEDIC,MEDIC) [rich]
FINALE-KIT: Wardens
WAVE: +2 (HUNTER,BRUISER) [rich]
WAVE: +2 (WARBRINGER,LANCER) [rich]
WAVE: +2 (BRUISER,HUNTER) [rich]
FINALE-KIT: Wardens
WAVE: +2 (HUNTER,BRUISER) [rich]
WAVE: +2 (WARBRINGER,LANCER) [rich]
WAVE: +2 (BRUISER,HUNTER) [rich]
FINALE-KIT: Wardens
WAVE: +2 (BRUISER,GRUNT) [rich]
WAVE: +2 (HUNTER,HUNTER) [rich]
WAVE: +2 (LANCER,HUNTER) [rich]
REINFORCEMENTS: +2 (SCOUT,SCOUT)
REINFORCEMENTS: +2 (SCOUT,GRUNT)
REINFORCEMENTS: +2 (SCOUT,GRUNT)
REINFORCEMENTS: +2 (GRUNT,GRUNT)
REINFORCEMENTS: +3 (GRUNT,GRUNT,GRUNT)
FINALE-KIT: Wardens
WAVE: +2 (BERSERKER,SCOUT) [rich]
WAVE: +2 (SCOUT,BERSERKER) [rich]
WAVE: +2 (BERSERKER,BERSERKER) [rich]
match 20/20  (W:1 L:19 cap:0)  9.5s

══════════════════════ SIGHTLINE BALANCE REPORT ══════════════════════
runs=20  missions=65

RUN OUTCOMES (campaign):  win-rate    5%   avg missions cleared 3.1

POLICY GAP (optimal vs human-error; campaign runs only):
  greedy win-rate   10%  (n=10)
  sloppy win-rate    0%  (n=10)
  GAP   10 pts  (healthy slack)
  PAIRED (same-seed slots): pairs=10  concordant=9  discordant greedy-only-won=1 / sloppy-only-won=0  paired gap   10 pts
  PER-SLOT RECORDS (greedy | sloppy: outcome + missions cleared; margin = g−s):
    slot   0 @h6: L 2 | L 2   margin +0
    slot   1 @h6: L 0 | L 2   margin -2
    slot   2 @h6: W 6 | L 2   margin +4
    slot   3 @h6: L 4 | L 4   margin +0
    slot   4 @h6: L 3 | L 3   margin +0
    slot   5 @h6: L 5 | L 1   margin +4
    slot   6 @h6: L 2 | L 3   margin -1
    slot   7 @h6: L 4 | L 3   margin +1
    slot   8 @h6: L 3 | L 3   margin +0
    slot   9 @h6: L 5 | L 5   margin +0
  PAIRED MARGIN (missions cleared, all pairs): +0.60 ±0.62 SE  (n=10 pairs)
  by objective (greedy / sloppy / gap):
    Decapitate :   40% /   33% / gap    7
    Defend     :  100% /   86% / gap   14
    Eliminate  :   75% /   83% / gap   -8
    Escort     :   67% /   25% / gap   42
    Hack       :  100% /   50% / gap   50
    Rescue     :   50% /    0% / gap   50
    Sabotage   :    0% /  100% / gap -100

DECISION RICHNESS / SWING:
  meaningful-choices/turn 2.28   lead-swings/match 0.7   avg max-swing 55.6
  [shot-gate] acting-soldiers/turn 2.98   armed-soldiers/turn 1.14   armed-fraction 38%   turns-with-a-shot 49%   choices/ARMED-soldier-turn 2.01
  [choice-split] los-targets/ARMED 1.94   target-choices/ARMED 0.19   position-choices/ARMED 1.81

RUN COMPLETION BY HEAT (full-campaign clears):
  heat 6:    5% ±5  (n=20 runs, avg 3.1 missions)
  HEAT LEAK: pinned=yes  heat-raising picks=2  campaigns raised=0  missions off-rung=0/65

INTEL ECONOMY BY HEAT (campaign runs; heat-bonus = the Heat.IntelBonus share of income):
  heat 6: earned  180.4/run   heat-bonus  81.0 (  45% of income)   spent  163.6   unspent   16.8

MISSION WIN-RATE BY HEAT:
  heat 6:   71%  (n=65, avg 5.9 turns)

MISSION WIN-RATE BY OBJECTIVE:
  Eliminate  :   79% ±8  (n=24, avg 4.0 turns)
  Defend     :   93% ±6  (n=15, avg 9.0 turns)
  Decapitate :   38% ±17  (n=8, avg 5.9 turns)
  Escort     :   43% ±19  (n=7, avg 8.1 turns)
  Hack       :   80% ±18  (n=5, avg 4.2 turns)
  Rescue     :   33% ±27  (n=3, avg 4.7 turns)
  Sabotage   :   50% ±35  (n=2, avg 4.0 turns)
  Evac       :  100% ±0  (n=1, avg 4.0 turns)

MISSION WIN-RATE BY OBJECTIVE x NODE KIND (a capstone must never pool with a mid-run node):
  Eliminate  : Start:  95%(n=20)  Supply:   0%(n=4)
               depth: m1:95%(20) m3:0%(2) m4:0%(2)
  Defend     : Combat:  89%(n=9)  Supply: 100%(n=6)
               depth: m2:100%(6) m3:83%(6) m4:100%(3)
  Decapitate : Boss:  25%(n=4)  Combat:   0%(n=2)  Supply: 100%(n=2)
               depth: m3:100%(2) m4:0%(2) m6:25%(4)
  Escort     : Combat:  25%(n=4)  Elite:  67%(n=3)
               depth: m4:60%(5) m5:0%(2)
  Hack       : Combat:  67%(n=3)  Elite: 100%(n=2)
               depth: m3:67%(3) m4:100%(1) m5:100%(1)
  Rescue     : Elite:  33%(n=3)
               depth: m2:50%(2) m5:0%(1)
  Sabotage   : Combat:  50%(n=2)
               depth: m3:50%(2)
  Evac       : Supply: 100%(n=1)
               depth: m3:100%(1)

ENCOUNTER COMPLETION on MID-RUN nodes (Combat+Elite) — clear% is the share of the fight actually fought:
  objective     n   win%   turns   force    +rf  killed  clear%   prs  WONclear%
  Defend         9   89%     9.0    6.22   6.00    4.89    40.0  0.00     41.2 (n=8)
  Escort         7   43%     8.1   10.71   0.00    3.00    28.0  0.00     34.4 (n=3)
  Hack           5   80%     4.2   10.40   0.00    0.80     7.7  0.20      9.3 (n=4)
  Rescue         3   33%     4.7    9.00   0.00    2.00    22.2  0.00     50.0 (n=1)
  Sabotage       2   50%     4.0    7.00   0.00    1.00    14.3  0.00     28.6 (n=1)
  Decapitate     2    0%     6.0   10.00   0.00    0.00     0.0  1.00      0.0 (n=0)
  ---- the two classes ----
  KILL           2    0%     6.0   10.00   0.00    0.00     0.0  1.00      0.0 (n=0)
  NON-KILL      26   65%     7.0    8.62   2.08    2.96    27.7  0.04     32.6 (n=17)

DECAPITATE HVT (buff = +6+1*mission HP, +6 aim; ELITE exempt):
  EXEMPT  :   50% ±20  (n=6, avg 5.8 turns, HVT 22.7 max HP)  [m3:100%(2) m6:25%(4)]
  BUFFED  :    0% ±0  (n=2, avg 6.0 turns, HVT 27.0 max HP)  [m4:0%(2)]

MISSION WIN-RATE BY MISSION #:
  m1:   95% ±5  (n=20)
  m2:   88% ±12  (n=8)
  m3:   69% ±12  (n=16)
  m4:   54% ±14  (n=13)
  m5:   25% ±22  (n=4)
  m6:   25% ±22  (n=4)

LOSS CAUSES (missions):
  RUN OVER              : 14
  VIP LOST              : 3
  CAPTIVE LOST          : 2

MISSION WIN-RATE BY ARENA (authored layouts, n>=3; procedural fallback   26% of 65 missions):
  arena 12:   67% ±27  (n=3, avg 9.3 turns)  [m3:100%(2) m4:0%(1)]
  arena 14:   20% ±18  (n=5, avg 5.4 turns)  [m4:33%(3) m5:0%(2)]
  arena 15:  100% ±0  (n=4, avg 6.0 turns)  [m1:100%(2) m4:100%(2)]
  arena 24:   80% ±18  (n=5, avg 7.0 turns)  [m3:75%(4) m4:100%(1)]
  arena 32:   86% ±13  (n=7, avg 5.0 turns)  [m2:100%(2) m3:100%(4) m5:0%(1)]
  arena 33:  100% ±0  (n=4, avg 6.0 turns)  [m1:100%(2) m2:100%(2)]
  procedural:   59% ±12  (n=17, avg 6.9 turns)  [m1:100%(4) m2:67%(3) m3:33%(3) m4:40%(5) m5:100%(1) m6:0%(1)]

DEPLOYMENT GEOMETRY (opening shape; choices/ARMED is the wave's real gate):
  FRONTAL   :   72% ±11  (n=18, avg 5.7 turns)  choices/turn 2.49  choices/ARMED 2.42  los-targets/ARMED 1.49
  PINCER    :   58% ±10  (n=24, avg 6.3 turns)  choices/turn 1.43  choices/ARMED 1.45  los-targets/ARMED 2.27
  CROSSFIRE :   86% ±13  (n=7, avg 3.9 turns)  choices/turn 2.15  choices/ARMED 1.65  los-targets/ARMED 1.41
  ENVELOP   :   81% ±10  (n=16, avg 6.3 turns)  choices/turn 3.46  choices/ARMED 2.41  los-targets/ARMED 2.06

ARENA FUNNEL (Mission.Build exits, n=80 builds, all modes):
  authored-applied    :  72.5%  (n=58)
  connectivity-reject :   0.0%  (n=0)
  procedural-roll     :  27.5%  (n=22)

DECK EXPOSURE (campaign runs n=20):
  distinct authored arenas/run : 2.40 mean (all runs)
  ... full-depth runs only     : 3.00 mean over 4.0 fights/run (n=1)
  Defend dealt on the route    :   75% of runs (n=15)

ENEMY DECISION MIX (contested acts=1235; all-downed acts not counted=403):
  shoot           709    57%
  hunker          242    20%
  move            107     9%
  grenade          43     3%
  heal             43     3%
  reload           36     3%
  brace            19     2%
  item             15     1%
  siege             8     1%
  overwatch         4     0%
  shove             3     0%
  relock            2     0%
  sap               2     0%
  staleplan         2     0%

  the shot on the table (acts where the chosen tile HAD a shot = 788):
    hit% band     taken   share   E[dmg]/shot   declined   share   E[dmg]/shot
      0-19           1      0%          0.42          0      0%          0.00
     20-39          21      3%          1.29          1    100%          1.74
     40-59          91     13%          1.86          0      0%          0.00
     60-79         235     33%          2.61          0      0%          0.00
      80+          361     51%          4.38          0      0%          0.00
    TOTAL           709                              1
  taken   90% / DECLINED    0% / preempted by another verb   10%
  enemy lanes held (overwatch+brace) 23; reaction shots fired 4  ->   17% of lanes paid off   [C2: DeclineWatchRatio is a bet on this number]

ACTION MIX (verbs issued, by policy):
  verb                  greedy        sloppy
  MOVE               429   37%     388   34%
  SHOOT              333   28%     310   27%
  OVERWATCH           78    7%      97    8%
  BRACE               51    4%      45    4%
  FOCUS               43    4%      44    4%
  RELOAD              40    3%      43    4%
  HUNKER              28    2%      41    4%
  INTEL               34    3%      27    2%
  SLIPSTREAM          23    2%      35    3%
  STABILIZE           27    2%      19    2%
  MARK                12    1%      15    1%
  ITEM:SMOKE          17    1%       9    1%
  DRAG                10    1%      14    1%
  PATCH               12    1%       9    1%
  PIN                  5    0%      16    1%
  GRENADE              5    0%      10    1%
  REARM               10    1%       5    0%
  HACK                 6    1%       4    0%
  GRAPPLE              3    0%       5    0%
  PLANT                3    0%       5    0%
  BARREL               3    0%       1    0%
  ITEM:FLASH           0    0%       2    0%
  BEACON               1    0%       0    0%
  ITEM:INCENDIARY       0    0%       1    0%

PLAYER CLASS PERFORMANCE:
  class        shots   hit%   dmg   kills
  ASSAULT        231    84%    968     48
  SHARPSHOOTER    145    92%    921     65
  GUNNER         167    82%    687     43
  RANGER          80    80%    404     30
  CORPSMAN        54    87%    178      6

SOLDIER DEATHS BY ENEMY CLASS (threat ranking):
  BURN       : 18
  GRUNT      : 17
  BRUISER    : 15
  HUNTER     : 11
  LANCER     : 8
  MORTAR     : 7
  BERSERKER  : 6
  HOUND      : 5
  ELITE      : 5
  DRONE      : 4
  SCOUT      : 4
  STRIKE     : 4
  SCREENER   : 3
  CUSTODIAN  : 3
  STRIKER    : 2
  SAPPER     : 2
  WARBRINGER : 2
  PIKEMAN    : 2
  TURRET     : 1
  SHIELD     : 1
  SPOTTER    : 1
  SNIPER     : 1

SOLDIER DOWNS (FUL-7 bleed-out): 230 downs -> revived 9 / recovered 33 / bled out 155 / finished 22  (save-rate   23%)
  corpsman fielded in 32 missions

ENEMY COMPOSITION (spawns; faction-stamped fights n=450 / default-cascade fights n=236):
  class        faction         default
  GRUNT           46   10%       35   15%
  SCOUT           18    4%       59   25%
  BRUISER         54   12%        4    2%
  HUNTER          41    9%       16    7%
  BERSERKER       35    8%        6    3%
  LANCER          27    6%        9    4%
  ELITE           28    6%        7    3%
  MEDIC           22    5%       12    5%
  SNIPER          21    5%       11    5%
  SAPPER          11    2%       15    6%
  HOUND           14    3%       12    5%
  SCREENER        25    6%        0    0%
  PIKEMAN         19    4%        3    1%
  STRIKER          7    2%       14    6%
  MORTAR          14    3%        6    3%
  TURRET          12    3%        5    2%
  SHIELD          12    3%        5    2%
  DRONE            9    2%        7    3%
  CUSTODIAN       16    4%        0    0%
  SPOTTER          6    1%        8    3%
  WARBRINGER       8    2%        2    1%
  BOMBARD          5    1%        0    0%

PERK PICK FREQUENCY:
  GUN           : 15
  LCK           : 13
  OUT           : 13
  MOM           : 13
  RFX           : 10
  SKR           : 8
  VNT           : 8
  BND           : 8
  BRK           : 6
  CLH           : 6
  HRD           : 6
  SGE           : 6
  EXC           : 6
  FST           : 6
  CQB           : 4
  TNK           : 4
  MRK           : 4
  GRD           : 3
  PLT           : 1

SHOP PURCHASE FREQUENCY:
  FIELD MEDKIT      : 51
  WPN: SCOPE        : 34
  WPN: HOLLOW POINT : 34
  WPN: BIPOD        : 31
  BALLISTIC PLATING : 31
  WPN: EXTENDED MAG : 29
  COMBAT STIMS      : 27
  WPN: STABILIZER   : 22
  COUNTER-PREP      : 17
  ARMORY            : 15
  FRAG CACHE        : 15
  ADV. TRAINING     : 10
  WPN: SUPPRESSOR   : 8

BOON PICK FREQUENCY (PROCS = effect fires at instrumented sites; '-' = not instrumented;
                      PYR counts the +2-turn-burn half only — the Burning-immunity half is uninstrumented):
  code                 picks   PROCS
  GHO               :     7       -
  FST               :     6      86
  FVR               :     4       -
  SCV               :     4       -
  FRT               :     3       -
  MRK               :     3       -
  RPD               :     3       -
  ADR               :     2       -
  EXE               :     2       -
  FDR               :     2       2
  GRN               :     2       -
  PYR               :     2       0
  TRR               :     2       1
  VNM               :     2       -
  RCL               :     1       0

RUN WIN-RATE BY BOON (campaign runs holding it):
  GHO               :    0% ±0  (in 7 runs)
  FST               :    0% ±0  (in 6 runs)
  FVR               :   25% ±22  (in 4 runs)
  SCV               :   25% ±22  (in 4 runs)
  FRT               :   33% ±27  (in 3 runs)
  MRK               :    0% ±0  (in 3 runs)
  RPD               :    0% ±0  (in 3 runs)
  ADR               :    0% ±0  (in 2 runs)
  EXE               :    0% ±0  (in 2 runs)
  FDR               :    0% ±0  (in 2 runs)
  GRN               :    0% ±0  (in 2 runs)
  PYR               :    0% ±0  (in 2 runs)
  TRR               :    0% ±0  (in 2 runs)
  VNM               :    0% ±0  (in 2 runs)
  RCL               :    0% ±0  (in 1 runs)

RUN WIN-RATE BY SPEC (campaign runs fielding it):
  BRC               :    0% ±0  (in 6 runs)
  HHT               :   25% ±22  (in 4 runs)
  SNT               :    0% ±0  (in 4 runs)
  ANC               :    0% ±0  (in 3 runs)
  PTH               :    0% ±0  (in 3 runs)
  JUG               :    0% ±0  (in 2 runs)
  ADN               :    0% ±0  (in 1 runs)

RUN WIN-RATE BY PERK (campaign runs holding it):
  MOM               :    0% ±0  (in 11 runs)
  LCK               :   10% ±9  (in 10 runs)
  OUT               :    0% ±0  (in 10 runs)
  GUN               :   11% ±10  (in 9 runs)
  RFX               :   11% ±10  (in 9 runs)
  VNT               :    0% ±0  (in 7 runs)
  BND               :    0% ±0  (in 6 runs)
  BRK               :   17% ±15  (in 6 runs)
  CLH               :    0% ±0  (in 6 runs)
  EXC               :    0% ±0  (in 6 runs)
  HRD               :    0% ±0  (in 6 runs)
  SGE               :    0% ±0  (in 6 runs)
  SKR               :    0% ±0  (in 6 runs)
  CQB               :   25% ±22  (in 4 runs)
  MRK               :    0% ±0  (in 4 runs)
  TNK               :    0% ±0  (in 4 runs)
  FST               :    0% ±0  (in 3 runs)
  GRD               :    0% ±0  (in 3 runs)
  PLT               :    0% ±0  (in 1 runs)

RUN WIN-RATE BY PURCHASE (campaign runs buying it):
  FIELD MEDKIT      :    6% ±6  (in 17 runs)
  COMBAT STIMS      :    7% ±7  (in 14 runs)
  COUNTER-PREP      :    8% ±8  (in 12 runs)
  ARMORY            :    9% ±9  (in 11 runs)
  WPN: BIPOD        :   10% ±9  (in 10 runs)
  WPN: SCOPE        :   10% ±9  (in 10 runs)
  FRAG CACHE        :   11% ±10  (in 9 runs)
  BALLISTIC PLATING :    0% ±0  (in 8 runs)
  WPN: EXTENDED MAG :    0% ±0  (in 8 runs)
  WPN: STABILIZER   :   13% ±12  (in 8 runs)
  ADV. TRAINING     :    0% ±0  (in 7 runs)
  WPN: HOLLOW POINT :    0% ±0  (in 7 runs)
  WPN: SUPPRESSOR   :   17% ±15  (in 6 runs)

RUN WIN-RATE BY EVENT-CHOICE (campaign runs taking id:arm):
  warchest:1        :   33% ±27  (in 3 runs)
  blackmarket:2     :    0% ±0  (in 2 runs)
  defector:0        :    0% ±0  (in 2 runs)
  drill:1           :    0% ±0  (in 2 runs)
  informant:1       :   50% ±35  (in 2 runs)
  medic:1           :    0% ±0  (in 2 runs)
  relic:1           :    0% ±0  (in 2 runs)
  warchest:2        :    0% ±0  (in 1 runs)
═══════════════════════════════════════════════════════════════════════

batch wall-time: 9.5s  (20 matches across 10 campaigns × 2 policy, frame-cap hits: 0)
aggregate JSON -> /home/user/wt/heat-pin/docs/measurements/l5/L5-h6-b0.json
INFO: TEXTURE: [ID 2] Unloaded texture data from VRAM (GPU)
INFO: SHADER: [ID 3] Default shader unloaded successfully
INFO: TEXTURE: [ID 1] Default texture unloaded successfully
INFO: Window closed successfully
