BALANCE: heat PINNED for this batch (field-event AddHeat is a no-op; SIGHTLINE_HEATPIN=0 restores the leak)
INFO: Initializing raylib 6.0
INFO: Platform backend: DESKTOP (GLFW)
INFO: Supported raylib modules:
INFO:     > rcore:..... loaded (mandatory)
INFO:     > rlgl:...... loaded (mandatory)
INFO:     > rshapes:... loaded (optional)
INFO:     > rtextures:. loaded (optional)
INFO:     > rtext:..... loaded (optional)
INFO:     > rmodels:... loaded (optional)
INFO:     > raudio:.... loaded (optional)
INFO: DISPLAY: Trying to enable MSAA x4
INFO: DISPLAY: Device initialized successfully 
INFO:     > Display size: 1280 x 800
INFO:     > Screen size:  1280 x 800
INFO:     > Render size:  1280 x 800
INFO:     > Viewport offsets: 0, 0
INFO: GLAD: OpenGL extensions loaded successfully
INFO: GL: Supported extensions count: 229
INFO: GL: OpenGL device information:
INFO:     > Vendor:   Mesa
INFO:     > Renderer: llvmpipe (LLVM 20.1.2, 256 bits)
INFO:     > Version:  4.5 (Core Profile) Mesa 25.2.8-0ubuntu0.24.04.2
INFO:     > GLSL:     4.50
INFO: GL: VAO extension detected, VAO functions loaded successfully
INFO: GL: NPOT textures extension detected, full NPOT textures supported
INFO: GL: DXT compressed textures supported
INFO: GL: ETC2/EAC compressed textures supported
INFO: PLATFORM: DESKTOP (GLFW - X11): Initialized successfully
INFO: TEXTURE: [ID 1] Texture loaded successfully (1x1 | R8G8B8A8 | 1 mipmaps)
INFO: TEXTURE: [ID 1] Default texture loaded successfully
INFO: SHADER: [ID 1] Vertex shader compiled successfully
INFO: SHADER: [ID 2] Fragment shader compiled successfully
INFO: SHADER: [ID 3] Program shader loaded successfully
INFO: SHADER: [ID 3] Default shader loaded successfully
INFO: RLGL: Render batch vertex buffers loaded successfully in RAM (CPU)
INFO: RLGL: Render batch vertex buffers loaded successfully in VRAM (GPU)
INFO: RLGL: Default OpenGL state initialized successfully
INFO: TEXTURE: [ID 2] Texture loaded successfully (128x128 | GRAY_ALPHA | 1 mipmaps)
INFO: FONT: Default font loaded successfully (224 glyphs)
INFO: SYSTEM: Working Directory: /home/user/wt/heat-pin
INFO: TIMER: Target time per frame: 0.000 milliseconds
FINALE-KIT: Syndicate
WAVE: +2 (SHIELD,CUSTODIAN) [rich]
WAVE: +2 (DRONE,SPOTTER) [rich]
WAVE: +2 (SPOTTER,SPOTTER) [rich]
WAVE: +2 (DRONE,GRUNT) [rich]
WAVE: +2 (SCREENER,SHIELD) [rich]
FINALE-KIT: Syndicate
WAVE: +2 (DRONE,SHIELD) [rich]
WAVE: +2 (DRONE,SHIELD) [rich]
WAVE: +2 (DRONE,CUSTODIAN) [rich]
REINFORCEMENTS: +2 (SCOUT,SCOUT)
REINFORCEMENTS: +2 (SCOUT,SCOUT)
REINFORCEMENTS: +2 (GRUNT,GRUNT)
FINALE-KIT: Wardens
WAVE: +2 (GRUNT,STRIKER) [rich]
WAVE: +2 (PIKEMAN,DRONE) [rich]
WAVE: +2 (SHIELD,SNIPER) [rich]
WAVE: +2 (MORTAR,MEDIC) [rich]
WAVE: +2 (BERSERKER,WARBRINGER) [rich]
WAVE: +2 (STRIKER,SPOTTER) [rich]
REINFORCEMENTS: +2 (GRUNT,SCOUT)
FINALE-KIT: Wardens
WAVE: +2 (SNIPER,SNIPER) [rich]
WAVE: +2 (SPOTTER,HUNTER) [rich]
WAVE: +2 (GRUNT,SNIPER) [rich]
REINFORCEMENTS: +2 (GRUNT,GRUNT)
FINALE-KIT: Syndicate
match 5/20  (W:0 L:5 cap:0)  4.3s
FINALE-KIT: Syndicate
FINALE-KIT: Legion
WAVE: +2 (CUSTODIAN,DRONE) [rich]
WAVE: +2 (SPOTTER,SHIELD) [rich]
WAVE: +2 (SHIELD,SAPPER) [rich]
WAVE: +2 (SPOTTER,SAPPER) [rich]
WAVE: +2 (SAPPER,SHIELD) [rich]
FINALE-KIT: Legion
WAVE: +2 (SAPPER,SAPPER) [rich]
WAVE: +2 (SPOTTER,SCREENER) [rich]
WAVE: +2 (SCREENER,SAPPER) [rich]
WAVE: +2 (SHIELD,SHIELD) [rich]
WAVE: +2 (SPOTTER,SAPPER) [rich]
WAVE: +2 (DRONE,GRUNT) [rich]
FINALE-KIT: Wardens
FINALE-KIT: Wardens
match 10/20  (W:1 L:9 cap:0)  5.7s
FINALE-KIT: Wardens
FINALE-KIT: Wardens
REINFORCEMENTS: +2 (GRUNT,GRUNT)
FINALE-KIT: Legion
REINFORCEMENTS: +2 (GRUNT,SCOUT)
FINALE-KIT: Legion
FINALE-KIT: Syndicate
WAVE: +2 (BERSERKER,SPOTTER) [rich]
WAVE: +2 (HOUND,PIKEMAN) [rich]
WAVE: +2 (HOUND,WARBRINGER) [rich]
REINFORCEMENTS: +2 (SCOUT,SCOUT)
REINFORCEMENTS: +2 (SCOUT,SCOUT)
REINFORCEMENTS: +2 (SCOUT,GRUNT)
match 15/20  (W:1 L:14 cap:0)  6.9s
FINALE-KIT: Syndicate
WAVE: +2 (MEDIC,HOUND) [rich]
WAVE: +2 (HOUND,DRONE) [rich]
WAVE: +2 (LANCER,DRONE) [rich]
FINALE-KIT: Syndicate
REINFORCEMENTS: +2 (SCOUT,GRUNT)
FINALE-KIT: Syndicate
REINFORCEMENTS: +2 (SCOUT,SCOUT)
FINALE-KIT: Syndicate
WAVE: +2 (BRUISER,SCOUT) [rich]
WAVE: +2 (SNIPER,SCOUT) [rich]
WAVE: +2 (DRONE,SNIPER) [rich]
FINALE-KIT: Syndicate
WAVE: +2 (SCOUT,SCOUT) [rich]
WAVE: +2 (HUNTER,BRUISER) [rich]
WAVE: +2 (HUNTER,HOUND) [rich]
WAVE: +2 (SCREENER,BERSERKER) [rich]
WAVE: +2 (WARBRINGER,SAPPER) [rich]
WAVE: +2 (SCREENER,STRIKER) [rich]
match 20/20  (W:3 L:17 cap:0)  7.7s

══════════════════════ SIGHTLINE BALANCE REPORT ══════════════════════
runs=20  missions=61

RUN OUTCOMES (campaign):  win-rate   15%   avg missions cleared 3.3

POLICY GAP (optimal vs human-error; campaign runs only):
  greedy win-rate   10%  (n=10)
  sloppy win-rate   20%  (n=10)
  GAP  -10 pts  (healthy slack)
  PAIRED (same-seed slots): pairs=10  concordant=7  discordant greedy-only-won=1 / sloppy-only-won=2  paired gap  -10 pts
  PER-SLOT RECORDS (greedy | sloppy: outcome + missions cleared; margin = g−s):
    slot  40 @h2: L 2 | L 5   margin -3
    slot  41 @h2: L 5 | L 5   margin +0
    slot  42 @h2: L 0 | L 0   margin +0
    slot  43 @h2: L 3 | L 2   margin +1
    slot  44 @h2: W 6 | L 3   margin +3
    slot  45 @h2: L 4 | L 4   margin +0
    slot  46 @h2: L 5 | L 0   margin +5
    slot  47 @h2: L 5 | W 6   margin -1
    slot  48 @h2: L 2 | L 2   margin +0
    slot  49 @h2: L 1 | W 6   margin -5
  PAIRED MARGIN (missions cleared, all pairs): +0.00 ±0.88 SE  (n=10 pairs)
  by objective (greedy / sloppy / gap):
    Decapitate :   17% /   33% / gap  -17
    Defend     :   60% /   83% / gap  -23
    Eliminate  :   83% /   73% / gap   11
    Escort     :  100% /  100% / gap    0
    Rescue     :  100% /  100% / gap    0
    Sabotage   :  100% /  100% / gap    0

DECISION RICHNESS / SWING:
  meaningful-choices/turn 3.45   lead-swings/match 0.7   avg max-swing 44.9
  [shot-gate] acting-soldiers/turn 3.14   armed-soldiers/turn 1.48   armed-fraction 47%   turns-with-a-shot 57%   choices/ARMED-soldier-turn 2.33
  [choice-split] los-targets/ARMED 2.63   target-choices/ARMED 0.69   position-choices/ARMED 1.63

RUN COMPLETION BY HEAT (full-campaign clears):
  heat 2:   15% ±8  (n=20 runs, avg 3.3 missions)
  HEAT LEAK: pinned=yes  heat-raising picks=2  campaigns raised=0  missions off-rung=0/61
  STALEMATES: mission-cap 1  run-cap 0   [slot 46 s m1 Eliminate mis rt=51]

INTEL ECONOMY BY HEAT (campaign runs; heat-bonus = the Heat.IntelBonus share of income):
  heat 2: earned  119.0/run   heat-bonus  16.4 (  14% of income)   spent   96.1   unspent   22.9

MISSION WIN-RATE BY HEAT:
  heat 2:   72%  (n=61, avg 6.6 turns)

MISSION WIN-RATE BY OBJECTIVE:
  Eliminate  :   78% ±9  (n=23, avg 6.3 turns)
  Decapitate :   25% ±13  (n=12, avg 6.4 turns)
  Defend     :   73% ±13  (n=11, avg 8.6 turns)
  Escort     :  100% ±0  (n=7, avg 8.7 turns)
  Rescue     :  100% ±0  (n=6, avg 3.0 turns)
  Sabotage   :  100% ±0  (n=2, avg 4.0 turns)

MISSION WIN-RATE BY OBJECTIVE x NODE KIND (a capstone must never pool with a mid-run node):
  Eliminate  : Start:  85%(n=20)  Combat:  50%(n=2)  Supply:   0%(n=1)
               depth: m1:85%(20) m4:33%(3)
  Decapitate : Boss:  38%(n=8)  Combat:   0%(n=2)  Supply:   0%(n=2)
               depth: m3:0%(2) m5:0%(2) m6:38%(8)
  Defend     : Supply:  86%(n=7)  Combat:  50%(n=2)  Elite:  50%(n=2)
               depth: m2:50%(2) m3:78%(9)
  Escort     : Combat: 100%(n=5)  Elite: 100%(n=1)  Supply: 100%(n=1)
               depth: m3:100%(1) m4:100%(5) m5:100%(1)
  Rescue     : Supply: 100%(n=6)
               depth: m3:100%(2) m4:100%(3) m5:100%(1)
  Sabotage   : Combat: 100%(n=2)
               depth: m2:100%(2)

ENCOUNTER COMPLETION on MID-RUN nodes (Combat+Elite) — clear% is the share of the fight actually fought:
  objective     n   win%   turns   force    +rf  killed  clear%   prs  WONclear%
  Escort         6  100%     8.0    8.50   0.00    1.83    21.6  0.00     21.6 (n=6)
  Defend         4   50%     8.3    5.00   5.50    3.75    35.7  0.00     50.0 (n=2)
  Eliminate      2   50%     5.0    8.00   0.00    4.50    56.3  0.00    100.0 (n=1)
  Sabotage       2  100%     4.0    3.00   0.00    2.00    66.7  0.00     66.7 (n=2)
  Decapitate     2    0%     6.5    9.00   0.00    0.50     5.6  1.00      0.0 (n=0)
  ---- the two classes ----
  KILL           4   25%     5.8    8.50   0.00    2.50    29.4  0.50    100.0 (n=1)
  NON-KILL      12   83%     7.4    6.42   1.83    2.50    30.3  0.00     32.9 (n=10)

DECAPITATE HVT (buff = +6+1*mission HP, +6 aim; ELITE exempt):
  EXEMPT  :   25% ±13  (n=12, avg 6.4 turns, HVT 23.0 max HP)  [m3:0%(2) m5:0%(2) m6:38%(8)]

MISSION WIN-RATE BY MISSION #:
  m1:   85% ±8  (n=20)
  m2:   75% ±22  (n=4)
  m3:   71% ±12  (n=14)
  m4:   82% ±12  (n=11)
  m5:   50% ±25  (n=4)
  m6:   38% ±17  (n=8)

LOSS CAUSES (missions):
  RUN OVER              : 16
  STALEMATE-MISSION     : 1

MISSION WIN-RATE BY ARENA (authored layouts, n>=3; procedural fallback   21% of 61 missions):
  arena  8:   67% ±27  (n=3, avg 7.7 turns)  [m4:67%(3)]
  arena 16:  100% ±0  (n=4, avg 3.0 turns)  [m1:100%(2) m4:100%(2)]
  arena 24:   67% ±27  (n=3, avg 6.3 turns)  [m3:100%(1) m4:50%(2)]
  arena 27:   50% ±20  (n=6, avg 5.8 turns)  [m1:100%(2) m3:50%(2) m5:0%(2)]
  arena 28:    0% ±0  (n=4, avg 7.0 turns)  [m1:0%(2) m3:0%(2)]
  arena 33:   67% ±27  (n=3, avg 6.3 turns)  [m1:100%(2) m6:0%(1)]
  arena 34:  100% ±0  (n=4, avg 4.0 turns)  [m1:100%(4)]
  procedural:   85% ±10  (n=13, avg 10.0 turns)  [m1:75%(4) m2:100%(1) m3:75%(4) m5:100%(2) m6:100%(2)]

DEPLOYMENT GEOMETRY (opening shape; choices/ARMED is the wave's real gate):
  FRONTAL   :   65% ±11  (n=20, avg 9.1 turns)  choices/turn 3.76  choices/ARMED 2.40  los-targets/ARMED 3.08
  PINCER    :   71% ±10  (n=21, avg 5.0 turns)  choices/turn 3.59  choices/ARMED 2.41  los-targets/ARMED 2.45
  CROSSFIRE :   67% ±16  (n=9, avg 5.4 turns)  choices/turn 1.96  choices/ARMED 1.91  los-targets/ARMED 2.63
  ENVELOP   :   91% ±9  (n=11, avg 6.3 turns)  choices/turn 3.46  choices/ARMED 2.20  los-targets/ARMED 1.65

ARENA FUNNEL (Mission.Build exits, n=74 builds, all modes):
  authored-applied    :  81.1%  (n=60)
  connectivity-reject :   0.0%  (n=0)
  procedural-roll     :  18.9%  (n=14)

DECK EXPOSURE (campaign runs n=20):
  distinct authored arenas/run : 2.40 mean (all runs)
  ... full-depth runs only     : 3.33 mean over 4.7 fights/run (n=3)
  Defend dealt on the route    :   50% of runs (n=10)

ENEMY DECISION MIX (contested acts=870; all-downed acts not counted=424):
  shoot           570    66%
  hunker          135    16%
  move             75     9%
  grenade          23     3%
  heal             14     2%
  item             12     1%
  reload           12     1%
  siege            12     1%
  shove             6     1%
  sap               4     0%
  overwatch         3     0%
  brace             2     0%
  staleplan         2     0%

  the shot on the table (acts where the chosen tile HAD a shot = 633):
    hit% band     taken   share   E[dmg]/shot   declined   share   E[dmg]/shot
      0-19           2      0%          0.75          1     25%          0.82
     20-39          15      3%          1.23          2     50%          0.87
     40-59          53      9%          1.99          1     25%          1.33
     60-79         206     36%          2.50          0      0%          0.00
      80+          294     52%          3.62          0      0%          0.00
    TOTAL           570                              4
  taken   90% / DECLINED    1% / preempted by another verb    9%
  enemy lanes held (overwatch+brace) 5; reaction shots fired 0  ->    0% of lanes paid off   [C2: DeclineWatchRatio is a bet on this number]

ACTION MIX (verbs issued, by policy):
  verb                  greedy        sloppy
  MOVE               508   42%     615   49%
  SHOOT              299   25%     269   22%
  HUNKER             173   14%     109    9%
  RELOAD              37    3%      31    2%
  BRACE               16    1%      46    4%
  INTEL               27    2%      32    3%
  STABILIZE           28    2%      20    2%
  FOCUS               18    1%      30    2%
  SLIPSTREAM          16    1%      21    2%
  MARK                23    2%      13    1%
  PIN                 14    1%      12    1%
  OVERWATCH           18    1%       8    1%
  ITEM:SMOKE          11    1%       9    1%
  BEACON               6    0%       5    0%
  PATCH                6    0%       5    0%
  EXTRACT              8    1%       1    0%
  REARM                3    0%       5    0%
  GRAPPLE              1    0%       7    1%
  GRENADE              4    0%       3    0%
  PLANT                3    0%       3    0%
  BARREL               1    0%       2    0%
  ITEM:FLASH           0    0%       3    0%
  DRAG                 0    0%       1    0%
  ITEM:INCENDIARY       0    0%       1    0%

PLAYER CLASS PERFORMANCE:
  class        shots   hit%   dmg   kills
  SHARPSHOOTER    134    92%    893     53
  GUNNER         149    82%    679     43
  RANGER          88    84%    524     36
  ASSAULT        108    82%    438     27
  CORPSMAN        36    75%     97      3

SOLDIER DEATHS BY ENEMY CLASS (threat ranking):
  ELITE      : 23
  BURN       : 12
  BERSERKER  : 10
  SHIELD     : 8
  HUNTER     : 7
  SCOUT      : 6
  LANCER     : 6
  DRONE      : 5
  STRIKE     : 5
  GRUNT      : 5
  SNIPER     : 4
  SAPPER     : 3
  TURRET     : 3
  SCREENER   : 2
  CUSTODIAN  : 2
  BRUISER    : 2
  SPOTTER    : 1
  HOUND      : 1

SOLDIER DOWNS (FUL-7 bleed-out): 193 downs -> revived 9 / recovered 24 / bled out 132 / finished 27  (save-rate   18%)
  corpsman fielded in 26 missions

ENEMY COMPOSITION (spawns; faction-stamped fights n=295 / default-cascade fights n=234):
  class        faction         default
  GRUNT           33   11%       43   18%
  SCOUT           17    6%       57   24%
  ELITE           24    8%       14    6%
  DRONE           25    8%        7    3%
  SPOTTER         13    4%       17    7%
  HUNTER          18    6%       11    5%
  BERSERKER       17    6%       10    4%
  STRIKER         17    6%        9    4%
  SCREENER        20    7%        2    1%
  SAPPER          19    6%        3    1%
  HOUND           13    4%        9    4%
  SHIELD          14    5%        5    2%
  SNIPER           4    1%       14    6%
  BRUISER         14    5%        2    1%
  LANCER           7    2%        8    3%
  TURRET           6    2%        7    3%
  MEDIC            6    2%        7    3%
  WARBRINGER       7    2%        3    1%
  CUSTODIAN        9    3%        0    0%
  MORTAR           5    2%        3    1%
  PIKEMAN          4    1%        2    1%
  BOMBARD          3    1%        1    0%

PERK PICK FREQUENCY:
  LCK           : 13
  MOM           : 12
  TNK           : 10
  SKR           : 10
  CQB           : 7
  BND           : 7
  GUN           : 7
  PLT           : 7
  OUT           : 6
  FST           : 5
  GRD           : 4
  EXC           : 4
  MRK           : 4
  VNT           : 4
  HRD           : 4
  RFX           : 3
  CLH           : 2
  SGE           : 1

SHOP PURCHASE FREQUENCY:
  FIELD MEDKIT      : 32
  WPN: SCOPE        : 27
  WPN: EXTENDED MAG : 22
  WPN: HOLLOW POINT : 19
  WPN: STABILIZER   : 15
  COUNTER-PREP      : 13
  WPN: BIPOD        : 11
  COMBAT STIMS      : 11
  ARMORY            : 8
  BALLISTIC PLATING : 8
  ADV. TRAINING     : 7
  WPN: SUPPRESSOR   : 5
  FRAG CACHE        : 5

BOON PICK FREQUENCY (PROCS = effect fires at instrumented sites; '-' = not instrumented;
                      PYR counts the +2-turn-burn half only — the Burning-immunity half is uninstrumented):
  code                 picks   PROCS
  ADR               :     5       -
  TRR               :     5      14
  GRN               :     4       -
  SHK               :     4       0
  FDR               :     3       0
  FST               :     3      45
  FVR               :     3       -
  GHO               :     3       -
  FRT               :     2       -
  PYR               :     2       0
  RPD               :     2       -
  SCV               :     2       -
  EXE               :     1       -
  RCL               :     1       0
  VNM               :     1       -

RUN WIN-RATE BY BOON (campaign runs holding it):
  ADR               :   20% ±18  (in 5 runs)
  TRR               :   20% ±18  (in 5 runs)
  GRN               :   50% ±25  (in 4 runs)
  SHK               :   25% ±22  (in 4 runs)
  FDR               :   33% ±27  (in 3 runs)
  FST               :   33% ±27  (in 3 runs)
  FVR               :   33% ±27  (in 3 runs)
  GHO               :    0% ±0  (in 3 runs)
  FRT               :    0% ±0  (in 2 runs)
  PYR               :   50% ±35  (in 2 runs)
  RPD               :    0% ±0  (in 2 runs)
  SCV               :    0% ±0  (in 2 runs)
  EXE               :    0% ±0  (in 1 runs)
  RCL               :  100% ±0  (in 1 runs)
  VNM               :  100% ±0  (in 1 runs)

RUN WIN-RATE BY SPEC (campaign runs fielding it):
  HHT               :   60% ±22  (in 5 runs)
  ADN               :   67% ±27  (in 3 runs)
  SNT               :   33% ±27  (in 3 runs)
  ANC               :   50% ±35  (in 2 runs)
  BRC               :  100% ±0  (in 1 runs)
  PHN               :    0% ±0  (in 1 runs)

RUN WIN-RATE BY PERK (campaign runs holding it):
  LCK               :   20% ±13  (in 10 runs)
  MOM               :   33% ±16  (in 9 runs)
  SKR               :   33% ±16  (in 9 runs)
  TNK               :   14% ±13  (in 7 runs)
  BND               :   17% ±15  (in 6 runs)
  CQB               :   17% ±15  (in 6 runs)
  GUN               :   33% ±19  (in 6 runs)
  FST               :    0% ±0  (in 5 runs)
  OUT               :   40% ±22  (in 5 runs)
  PLT               :   60% ±22  (in 5 runs)
  EXC               :   25% ±22  (in 4 runs)
  GRD               :   50% ±25  (in 4 runs)
  MRK               :   50% ±25  (in 4 runs)
  HRD               :   33% ±27  (in 3 runs)
  RFX               :   33% ±27  (in 3 runs)
  VNT               :    0% ±0  (in 3 runs)
  CLH               :   50% ±35  (in 2 runs)
  SGE               :    0% ±0  (in 1 runs)

RUN WIN-RATE BY PURCHASE (campaign runs buying it):
  FIELD MEDKIT      :   21% ±11  (in 14 runs)
  WPN: HOLLOW POINT :   22% ±14  (in 9 runs)
  WPN: EXTENDED MAG :   25% ±15  (in 8 runs)
  WPN: SCOPE        :   25% ±15  (in 8 runs)
  ARMORY            :   14% ±13  (in 7 runs)
  WPN: STABILIZER   :   29% ±17  (in 7 runs)
  BALLISTIC PLATING :   17% ±15  (in 6 runs)
  COMBAT STIMS      :   33% ±19  (in 6 runs)
  COUNTER-PREP      :   33% ±19  (in 6 runs)
  ADV. TRAINING     :   40% ±22  (in 5 runs)
  WPN: BIPOD        :    0% ±0  (in 5 runs)
  FRAG CACHE        :   25% ±22  (in 4 runs)
  WPN: SUPPRESSOR   :   33% ±27  (in 3 runs)

RUN WIN-RATE BY EVENT-CHOICE (campaign runs taking id:arm):
  quartermaster:1   :    0% ±0  (in 4 runs)
  cache:1           :   33% ±27  (in 3 runs)
  warchest:1        :    0% ±0  (in 3 runs)
  blackmarket:2     :    0% ±0  (in 2 runs)
  defector:0        :   50% ±35  (in 2 runs)
  drill:0           :    0% ±0  (in 2 runs)
  informant:1       :    0% ±0  (in 2 runs)
  reservecall:0     :   50% ±35  (in 2 runs)
  bloodfeud:1       :    0% ±0  (in 1 runs)
  bloodfeud:2       :  100% ±0  (in 1 runs)
═══════════════════════════════════════════════════════════════════════

batch wall-time: 7.7s  (20 matches across 10 campaigns × 2 policy, frame-cap hits: 0)
aggregate JSON -> /home/user/wt/heat-pin/docs/measurements/l5/L5-h2-b40.json
INFO: TEXTURE: [ID 2] Unloaded texture data from VRAM (GPU)
INFO: SHADER: [ID 3] Default shader unloaded successfully
INFO: TEXTURE: [ID 1] Default texture unloaded successfully
INFO: Window closed successfully
