BALANCE: heat NOT pinned (SIGHTLINE_HEATPIN=0) - a heat-N rung may contain heat-N+1 missions
INFO: Initializing raylib 6.0
INFO: Platform backend: DESKTOP (GLFW)
INFO: Supported raylib modules:
INFO:     > rcore:..... loaded (mandatory)
INFO:     > rlgl:...... loaded (mandatory)
INFO:     > rshapes:... loaded (optional)
INFO:     > rtextures:. loaded (optional)
INFO:     > rtext:..... loaded (optional)
INFO:     > rmodels:... loaded (optional)
INFO:     > raudio:.... loaded (optional)
INFO: DISPLAY: Trying to enable MSAA x4
INFO: DISPLAY: Device initialized successfully 
INFO:     > Display size: 1280 x 800
INFO:     > Screen size:  1280 x 800
INFO:     > Render size:  1280 x 800
INFO:     > Viewport offsets: 0, 0
INFO: GLAD: OpenGL extensions loaded successfully
INFO: GL: Supported extensions count: 229
INFO: GL: OpenGL device information:
INFO:     > Vendor:   Mesa
INFO:     > Renderer: llvmpipe (LLVM 20.1.2, 256 bits)
INFO:     > Version:  4.5 (Core Profile) Mesa 25.2.8-0ubuntu0.24.04.2
INFO:     > GLSL:     4.50
INFO: GL: VAO extension detected, VAO functions loaded successfully
INFO: GL: NPOT textures extension detected, full NPOT textures supported
INFO: GL: DXT compressed textures supported
INFO: GL: ETC2/EAC compressed textures supported
INFO: PLATFORM: DESKTOP (GLFW - X11): Initialized successfully
INFO: TEXTURE: [ID 1] Texture loaded successfully (1x1 | R8G8B8A8 | 1 mipmaps)
INFO: TEXTURE: [ID 1] Default texture loaded successfully
INFO: SHADER: [ID 1] Vertex shader compiled successfully
INFO: SHADER: [ID 2] Fragment shader compiled successfully
INFO: SHADER: [ID 3] Program shader loaded successfully
INFO: SHADER: [ID 3] Default shader loaded successfully
INFO: RLGL: Render batch vertex buffers loaded successfully in RAM (CPU)
INFO: RLGL: Render batch vertex buffers loaded successfully in VRAM (GPU)
INFO: RLGL: Default OpenGL state initialized successfully
INFO: TEXTURE: [ID 2] Texture loaded successfully (128x128 | GRAY_ALPHA | 1 mipmaps)
INFO: FONT: Default font loaded successfully (224 glyphs)
INFO: SYSTEM: Working Directory: /home/user/wt/heat-pin
INFO: TIMER: Target time per frame: 0.000 milliseconds
FINALE-KIT: Wardens
WAVE: +2 (STRIKER,BRUISER) [rich]
WAVE: +2 (LANCER,DRONE) [rich]
WAVE: +2 (DRONE,LANCER) [rich]
WAVE: +3 (MORTAR,MEDIC,CUSTODIAN) [rich]
WAVE: +3 (SCREENER,PIKEMAN,SNIPER) [rich]
REINFORCEMENTS: +2 (GRUNT,GRUNT)
FINALE-KIT: Wardens
WAVE: +2 (SNIPER,HOUND) [rich]
WAVE: +2 (SCOUT,LANCER) [rich]
WAVE: +2 (HOUND,BRUISER) [rich]
WAVE: +3 (SCOUT,GRUNT,MORTAR) [rich]
WAVE: +3 (GRUNT,MORTAR,SNIPER) [rich]
WAVE: +2 (MEDIC,MEDIC) [rich]
FINALE-KIT: Wardens
FINALE-KIT: Wardens
FINALE-KIT: Syndicate
WAVE: +2 (SHIELD,SAPPER) [rich]
WAVE: +2 (SCREENER,SHIELD) [rich]
WAVE: +2 (DRONE,SAPPER) [rich]
REINFORCEMENTS: +2 (SCOUT,SCOUT)
match 5/20  (W:3 L:2 cap:0)  4.1s
FINALE-KIT: Syndicate
WAVE: +2 (SAPPER,SCREENER) [rich]
WAVE: +2 (SPOTTER,SAPPER) [rich]
WAVE: +2 (SCREENER,DRONE) [rich]
WAVE: +2 (SAPPER,DRONE) [rich]
FINALE-KIT: Legion
WAVE: +3 (LANCER,SPOTTER,MORTAR) [rich]
WAVE: +3 (BERSERKER,GRUNT,SPOTTER) [rich]
WAVE: +3 (MORTAR,HUNTER,SAPPER) [rich]
REINFORCEMENTS: +2 (GRUNT,SCOUT)
REINFORCEMENTS: +2 (GRUNT,SCOUT)
REINFORCEMENTS: +3 (GRUNT,GRUNT,SCOUT)
FINALE-KIT: Legion
WAVE: +3 (LANCER,PIKEMAN,SAPPER) [rich]
WAVE: +3 (LANCER,STRIKER,GRUNT) [rich]
WAVE: +3 (DRONE,BERSERKER,SNIPER) [rich]
REINFORCEMENTS: +2 (GRUNT,SCOUT)
FINALE-KIT: Legion
FINALE-KIT: Legion
match 10/20  (W:3 L:7 cap:0)  5.8s
FINALE-KIT: Legion
WAVE: +3 (SNIPER,GRUNT,GRUNT) [rich]
WAVE: +3 (MORTAR,MORTAR,SNIPER) [rich]
WAVE: +3 (GRUNT,MORTAR,SCREENER) [rich]
FINALE-KIT: Legion
WAVE: +3 (SNIPER,GRUNT,MORTAR) [rich]
WAVE: +3 (PIKEMAN,MEDIC,SNIPER) [rich]
WAVE: +3 (MORTAR,MORTAR,SCOUT) [rich]
FINALE-KIT: Legion
WAVE: +2 (LANCER,SNIPER) [rich]
WAVE: +2 (HUNTER,DRONE) [rich]
WAVE: +2 (SCOUT,HUNTER) [rich]
FINALE-KIT: Legion
WAVE: +2 (STRIKER,SCOUT) [rich]
WAVE: +2 (DRONE,LANCER) [rich]
WAVE: +2 (DRONE,HUNTER) [rich]
FINALE-KIT: Legion
WAVE: +2 (CUSTODIAN,MORTAR) [rich]
WAVE: +2 (MEDIC,CUSTODIAN) [rich]
WAVE: +2 (SNIPER,PIKEMAN) [rich]
match 15/20  (W:7 L:8 cap:0)  7.2s
FINALE-KIT: Legion
WAVE: +2 (MORTAR,MEDIC) [rich]
WAVE: +2 (SNIPER,MEDIC) [rich]
WAVE: +2 (SNIPER,SCREENER) [rich]
FINALE-KIT: Wardens
WAVE: +2 (STRIKER,HUNTER) [rich]
WAVE: +2 (STRIKER,HOUND) [rich]
WAVE: +2 (BERSERKER,BRUISER) [rich]
WAVE: +2 (BERSERKER,HUNTER) [rich]
FINALE-KIT: Wardens
WAVE: +2 (BERSERKER,BRUISER) [rich]
WAVE: +2 (BRUISER,BERSERKER) [rich]
WAVE: +2 (BRUISER,STRIKER) [rich]
WAVE: +2 (BERSERKER,BRUISER) [rich]
WAVE: +2 (HUNTER,HUNTER) [rich]
WAVE: +2 (BERSERKER,HOUND) [rich]
FINALE-KIT: Wardens
WAVE: +2 (BRUISER,BERSERKER) [rich]
WAVE: +2 (BRUISER,SCOUT) [rich]
WAVE: +2 (HOUND,BRUISER) [rich]
FINALE-KIT: Wardens
WAVE: +2 (HOUND,BERSERKER) [rich]
WAVE: +2 (STRIKER,BERSERKER) [rich]
WAVE: +2 (BRUISER,BERSERKER) [rich]
match 20/20  (W:10 L:10 cap:0)  8.8s

══════════════════════ SIGHTLINE BALANCE REPORT ══════════════════════
runs=20  missions=76

RUN OUTCOMES (campaign):  win-rate   50%   avg missions cleared 4.2

POLICY GAP (optimal vs human-error; campaign runs only):
  greedy win-rate   60%  (n=10)
  sloppy win-rate   40%  (n=10)
  GAP   20 pts  (swingy/unforgiving)
  PAIRED (same-seed slots): pairs=10  concordant=8  discordant greedy-only-won=2 / sloppy-only-won=0  paired gap   20 pts
  PER-SLOT RECORDS (greedy | sloppy: outcome + missions cleared; margin = g−s):
    slot   0 @h2: W 6 | W 6   margin +0
    slot   1 @h2: L 0 | L 0   margin +0
    slot   2 @h2: W 6 | L 2   margin +4
    slot   3 @h2: L 5 | L 5   margin +0
    slot   4 @h2: L 2 | L 3   margin -1
    slot   5 @h2: W 6 | W 6   margin +0
    slot   6 @h2: W 6 | L 2   margin +4
    slot   7 @h2: W 6 | W 6   margin +0
    slot   8 @h2: L 2 | L 2   margin +0
    slot   9 @h2: W 6 | W 6   margin +0
  PAIRED MARGIN (missions cleared, all pairs): +0.70 ±0.56 SE  (n=10 pairs)
  by objective (greedy / sloppy / gap):
    Decapitate :   89% /   83% / gap    6
    Defend     :   89% /   78% / gap   11
    Eliminate  :   91% /   83% / gap    8
    Escort     :  100% /  100% / gap    0
    Evac       :  100% /  100% / gap    0
    Hack       :   67% /  100% / gap  -33
    Rescue     :  100% /  100% / gap    0
    Sabotage   :  100% /    0% / gap  100

DECISION RICHNESS / SWING:
  meaningful-choices/turn 4.78   lead-swings/match 0.7   avg max-swing 45.3
  [shot-gate] acting-soldiers/turn 3.54   armed-soldiers/turn 1.64   armed-fraction 46%   turns-with-a-shot 64%   choices/ARMED-soldier-turn 2.92
  [choice-split] los-targets/ARMED 3.68   target-choices/ARMED 1.12   position-choices/ARMED 1.80

RUN COMPLETION BY HEAT (full-campaign clears):
  heat 2:   50% ±11  (n=20 runs, avg 4.2 missions)
  HEAT LEAK: pinned=NO  heat-raising picks=2  campaigns raised=2  missions off-rung=4/76

INTEL ECONOMY BY HEAT (campaign runs; heat-bonus = the Heat.IntelBonus share of income):
  heat 2: earned  153.6/run   heat-bonus  22.9 (  15% of income)   spent  135.9   unspent   17.8

MISSION WIN-RATE BY HEAT:
  heat 2:   88%  (n=72, avg 5.5 turns)
  heat 3:   75% ±22  (n=4, avg 6.5 turns)

MISSION WIN-RATE BY OBJECTIVE:
  Eliminate  :   87% ±7  (n=23, avg 4.3 turns)
  Defend     :   83% ±9  (n=18, avg 8.7 turns)
  Decapitate :   87% ±9  (n=15, avg 4.0 turns)
  Escort     :  100% ±0  (n=7, avg 6.3 turns)
  Hack       :   80% ±18  (n=5, avg 3.4 turns)
  Rescue     :  100% ±0  (n=4, avg 7.0 turns)
  Evac       :  100% ±0  (n=2, avg 2.5 turns)
  Sabotage   :   50% ±35  (n=2, avg 6.0 turns)

MISSION WIN-RATE BY OBJECTIVE x NODE KIND (a capstone must never pool with a mid-run node):
  Eliminate  : Start:  90%(n=20)  Supply:  67%(n=3)
               depth: m1:90%(20) m3:100%(2) m4:0%(1)
  Defend     : Combat:  75%(n=12)  Supply: 100%(n=6)
               depth: m2:100%(6) m3:50%(6) m4:100%(4) m5:100%(2)
  Decapitate : Boss:  83%(n=12)  Supply: 100%(n=2)  Combat: 100%(n=1)
               depth: m3:100%(2) m5:100%(1) m6:83%(12)
  Escort     : Combat: 100%(n=4)  Elite: 100%(n=3)
               depth: m4:100%(5) m5:100%(2)
  Hack       : Combat: 100%(n=3)  Elite:  50%(n=2)
               depth: m3:50%(2) m4:100%(1) m5:100%(2)
  Rescue     : Elite: 100%(n=4)
               depth: m2:100%(2) m5:100%(2)
  Evac       : Supply: 100%(n=2)
               depth: m3:100%(2)
  Sabotage   : Combat:  50%(n=2)
               depth: m3:50%(2)

ENCOUNTER COMPLETION on MID-RUN nodes (Combat+Elite) — clear% is the share of the fight actually fought:
  objective     n   win%   turns   force    +rf  killed  clear%   prs  WONclear%
  Defend        12   75%     8.5    4.67   6.33    3.50    31.8  0.00     36.5 (n=9)
  Escort         7  100%     6.3    9.14   0.00    0.00     0.0  0.00      0.0 (n=7)
  Hack           5   80%     3.4    9.00   0.00    2.60    28.9  0.20     30.6 (n=4)
  Rescue         4  100%     7.0    9.00   0.00    0.50     5.6  0.00      5.6 (n=4)
  Sabotage       2   50%     6.0    5.00   0.00    3.00    60.0  0.00     60.0 (n=1)
  Decapitate     1  100%     2.0    9.00   0.00    3.00    33.3  0.00     33.3 (n=1)
  ---- the two classes ----
  KILL           1  100%     2.0    9.00   0.00    3.00    33.3  0.00     33.3 (n=1)
  NON-KILL      30   83%     6.8    7.03   2.53    2.10    22.0  0.03     22.0 (n=25)

DECAPITATE HVT (buff = +6+1*mission HP, +6 aim; ELITE exempt):
  EXEMPT  :   87% ±9  (n=15, avg 4.0 turns, HVT 23.1 max HP)  [m3:100%(2) m5:100%(1) m6:83%(12)]

MISSION WIN-RATE BY MISSION #:
  m1:   90% ±7  (n=20)
  m2:  100% ±0  (n=8)
  m3:   69% ±12  (n=16)
  m4:   91% ±9  (n=11)
  m5:  100% ±0  (n=9)
  m6:   83% ±11  (n=12)

LOSS CAUSES (missions):
  RUN OVER              : 10

MISSION WIN-RATE BY ARENA (authored layouts, n>=3; procedural fallback   18% of 76 missions):
  arena 12:    0% ±0  (n=4, avg 6.8 turns)  [m3:0%(2) m6:0%(2)]
  arena 14:  100% ±0  (n=3, avg 4.0 turns)  [m4:100%(1) m5:100%(2)]
  arena 15:  100% ±0  (n=4, avg 6.0 turns)  [m1:100%(2) m4:100%(2)]
  arena 16:  100% ±0  (n=4, avg 5.8 turns)  [m2:100%(2) m3:100%(2)]
  arena 24:   75% ±22  (n=4, avg 8.5 turns)  [m3:67%(3) m4:100%(1)]
  arena 32:   90% ±9  (n=10, avg 5.7 turns)  [m2:100%(2) m3:75%(4) m4:100%(2) m5:100%(2)]
  arena 33:  100% ±0  (n=5, avg 5.8 turns)  [m1:100%(2) m2:100%(2) m4:100%(1)]
  arena 34:  100% ±0  (n=6, avg 4.2 turns)  [m1:100%(2) m6:100%(4)]
  procedural:   93% ±7  (n=14, avg 5.9 turns)  [m1:100%(4) m2:100%(1) m3:100%(2) m4:75%(4) m5:100%(1) m6:100%(2)]

DEPLOYMENT GEOMETRY (opening shape; choices/ARMED is the wave's real gate):
  FRONTAL   :   68% ±11  (n=19, avg 5.7 turns)  choices/turn 2.45  choices/ARMED 2.01  los-targets/ARMED 2.20
  PINCER    :   94%  (n=31, avg 5.8 turns)  choices/turn 7.50  choices/ARMED 3.53  los-targets/ARMED 4.94
  CROSSFIRE :   88% ±12  (n=8, avg 3.1 turns)  choices/turn 4.17  choices/ARMED 2.56  los-targets/ARMED 1.69
  ENVELOP   :   94% ±5  (n=18, avg 5.8 turns)  choices/turn 2.53  choices/ARMED 2.09  los-targets/ARMED 1.93

ARENA FUNNEL (Mission.Build exits, n=85 builds, all modes):
  authored-applied    :  80.0%  (n=68)
  connectivity-reject :   0.0%  (n=0)
  procedural-roll     :  20.0%  (n=17)

DECK EXPOSURE (campaign runs n=20):
  distinct authored arenas/run : 3.10 mean (all runs)
  ... full-depth runs only     : 4.00 mean over 5.2 fights/run (n=10)
  Defend dealt on the route    :   80% of runs (n=16)

ENEMY DECISION MIX (contested acts=1014; all-downed acts not counted=297):
  shoot           528    52%
  hunker          244    24%
  move            109    11%
  grenade          32     3%
  reload           27     3%
  item             23     2%
  heal             21     2%
  siege            17     2%
  brace             5     0%
  overwatch         4     0%
  sap               2     0%
  shove             2     0%

  the shot on the table (acts where the chosen tile HAD a shot = 612):
    hit% band     taken   share   E[dmg]/shot   declined   share   E[dmg]/shot
      0-19           0      0%          0.00          0      0%          0.00
     20-39           5      1%          1.36          2     50%          1.13
     40-59          42      8%          1.91          2     50%          2.08
     60-79         173     33%          2.69          0      0%          0.00
      80+          308     58%          3.68          0      0%          0.00
    TOTAL           528                              4
  taken   86% / DECLINED    1% / preempted by another verb   13%
  enemy lanes held (overwatch+brace) 9; reaction shots fired 3  ->   33% of lanes paid off   [C2: DeclineWatchRatio is a bet on this number]

ACTION MIX (verbs issued, by policy):
  verb                  greedy        sloppy
  MOVE               561   41%     492   39%
  SHOOT              340   25%     343   27%
  HUNKER             110    8%      92    7%
  BRACE               90    7%      70    6%
  OVERWATCH           58    4%      54    4%
  RELOAD              40    3%      37    3%
  STABILIZE           32    2%      33    3%
  INTEL               31    2%      33    3%
  FOCUS               23    2%      23    2%
  SLIPSTREAM          28    2%      16    1%
  MARK                15    1%      12    1%
  ITEM:SMOKE          13    1%       8    1%
  PIN                  7    1%       5    0%
  GRAPPLE              4    0%       7    1%
  HACK                 6    0%       5    0%
  GRENADE              4    0%       5    0%
  REARM                6    0%       3    0%
  PATCH                5    0%       4    0%
  EXTRACT              5    0%       4    0%
  PLANT                3    0%       4    0%
  BARREL               1    0%       1    0%
  BEACON               1    0%       1    0%

PLAYER CLASS PERFORMANCE:
  class        shots   hit%   dmg   kills
  SHARPSHOOTER    180    91%   1178     83
  GUNNER         195    81%    829     52
  ASSAULT        198    81%    817     50
  RANGER         105    88%    579     36
  CORPSMAN        39    77%    109      7

SOLDIER DEATHS BY ENEMY CLASS (threat ranking):
  BERSERKER  : 12
  GRUNT      : 10
  SNIPER     : 8
  BURN       : 8
  BRUISER    : 8
  ELITE      : 7
  STRIKE     : 4
  TURRET     : 3
  MORTAR     : 3
  STRIKER    : 3
  LANCER     : 3
  HUNTER     : 3
  DRONE      : 3
  WARBRINGER : 2
  SCOUT      : 2
  SAPPER     : 2
  HOUND      : 1

SOLDIER DOWNS (FUL-7 bleed-out): 182 downs -> revived 6 / recovered 58 / bled out 107 / finished 11  (save-rate   35%)
  corpsman fielded in 21 missions

ENEMY COMPOSITION (spawns; faction-stamped fights n=459 / default-cascade fights n=191):
  class        faction         default
  SCOUT           21    5%       56   29%
  GRUNT           39    8%       31   16%
  BERSERKER       54   12%        8    4%
  SNIPER          35    8%       16    8%
  ELITE           39    8%        7    4%
  BRUISER         32    7%        6    3%
  LANCER          27    6%       11    6%
  MORTAR          25    5%        8    4%
  DRONE           23    5%        9    5%
  STRIKER         27    6%        5    3%
  HUNTER          22    5%        5    3%
  MEDIC           19    4%        6    3%
  SCREENER        18    4%        3    2%
  SAPPER          14    3%        7    4%
  HOUND           13    3%        5    3%
  TURRET          12    3%        0    0%
  CUSTODIAN        9    2%        2    1%
  PIKEMAN          9    2%        1    1%
  SPOTTER          5    1%        4    2%
  WARBRINGER       7    2%        0    0%
  BOMBARD          6    1%        1    1%
  SHIELD           3    1%        0    0%

PERK PICK FREQUENCY:
  MOM           : 16
  GUN           : 12
  LCK           : 10
  BND           : 10
  OUT           : 9
  MRK           : 9
  CQB           : 8
  TNK           : 8
  HRD           : 7
  SKR           : 7
  PLT           : 7
  EXC           : 7
  RFX           : 6
  BRK           : 5
  GRD           : 5
  VNT           : 5
  SGE           : 4
  FST           : 4
  CLH           : 3

SHOP PURCHASE FREQUENCY:
  FIELD MEDKIT      : 61
  WPN: HOLLOW POINT : 37
  WPN: SCOPE        : 25
  WPN: EXTENDED MAG : 25
  BALLISTIC PLATING : 24
  WPN: STABILIZER   : 19
  COMBAT STIMS      : 18
  COUNTER-PREP      : 15
  WPN: BIPOD        : 13
  WPN: SUPPRESSOR   : 10
  ARMORY            : 9
  ADV. TRAINING     : 8
  FRAG CACHE        : 6

BOON PICK FREQUENCY (PROCS = effect fires at instrumented sites; '-' = not instrumented;
                      PYR counts the +2-turn-burn half only — the Burning-immunity half is uninstrumented):
  code                 picks   PROCS
  RPD               :     8       -
  FDR               :     6       0
  MRK               :     6       -
  FVR               :     5       -
  SCV               :     5       -
  PYR               :     4       0
  FRT               :     3       -
  FST               :     3      36
  RCL               :     3       0
  SHK               :     3      10
  TRR               :     3       4
  ADR               :     2       -
  EXE               :     2       -
  VNM               :     2       -
  GHO               :     1       -

RUN WIN-RATE BY BOON (campaign runs holding it):
  RPD               :   75% ±15  (in 8 runs)
  FDR               :   67% ±19  (in 6 runs)
  MRK               :   67% ±19  (in 6 runs)
  FVR               :   60% ±22  (in 5 runs)
  SCV               :   60% ±22  (in 5 runs)
  PYR               :  100% ±0  (in 4 runs)
  FRT               :  100% ±0  (in 3 runs)
  FST               :   67% ±27  (in 3 runs)
  RCL               :   67% ±27  (in 3 runs)
  SHK               :  100% ±0  (in 3 runs)
  TRR               :   67% ±27  (in 3 runs)
  ADR               :  100% ±0  (in 2 runs)
  EXE               :   50% ±35  (in 2 runs)
  VNM               :  100% ±0  (in 2 runs)
  GHO               :  100% ±0  (in 1 runs)

RUN WIN-RATE BY SPEC (campaign runs fielding it):
  SNT               :   83% ±15  (in 6 runs)
  HHT               :   50% ±25  (in 4 runs)
  JUG               :   50% ±25  (in 4 runs)
  ADN               :   67% ±27  (in 3 runs)
  BRC               :  100% ±0  (in 3 runs)
  ANC               :  100% ±0  (in 1 runs)
  MED               :    0% ±0  (in 1 runs)
  PTH               :  100% ±0  (in 1 runs)

RUN WIN-RATE BY PERK (campaign runs holding it):
  MOM               :   73% ±13  (in 11 runs)
  GUN               :   88% ±12  (in 8 runs)
  LCK               :   50% ±18  (in 8 runs)
  OUT               :   63% ±17  (in 8 runs)
  CQB               :   71% ±17  (in 7 runs)
  SKR               :  100% ±0  (in 7 runs)
  TNK               :   71% ±17  (in 7 runs)
  BND               :   83% ±15  (in 6 runs)
  HRD               :   83% ±15  (in 6 runs)
  MRK               :   33% ±19  (in 6 runs)
  PLT               :   67% ±19  (in 6 runs)
  EXC               :   60% ±22  (in 5 runs)
  GRD               :   40% ±22  (in 5 runs)
  RFX               :   80% ±18  (in 5 runs)
  VNT               :   80% ±18  (in 5 runs)
  FST               :   50% ±25  (in 4 runs)
  SGE               :   50% ±25  (in 4 runs)
  BRK               :  100% ±0  (in 3 runs)
  CLH               :   33% ±27  (in 3 runs)

RUN WIN-RATE BY PURCHASE (campaign runs buying it):
  FIELD MEDKIT      :   63% ±12  (in 16 runs)
  COUNTER-PREP      :   67% ±14  (in 12 runs)
  COMBAT STIMS      :   80% ±13  (in 10 runs)
  WPN: HOLLOW POINT :   70% ±14  (in 10 runs)
  BALLISTIC PLATING :   78% ±14  (in 9 runs)
  WPN: SCOPE        :   67% ±16  (in 9 runs)
  ARMORY            :   75% ±15  (in 8 runs)
  WPN: BIPOD        :   63% ±17  (in 8 runs)
  WPN: STABILIZER   :   50% ±18  (in 8 runs)
  WPN: EXTENDED MAG :  100% ±0  (in 7 runs)
  WPN: SUPPRESSOR   :   86% ±13  (in 7 runs)
  ADV. TRAINING     :   83% ±15  (in 6 runs)
  FRAG CACHE        :   80% ±18  (in 5 runs)

RUN WIN-RATE BY EVENT-CHOICE (campaign runs taking id:arm):
  warchest:1        :  100% ±0  (in 3 runs)
  blackmarket:2     :    0% ±0  (in 2 runs)
  defector:0        :    0% ±0  (in 2 runs)
  drill:1           :    0% ±0  (in 2 runs)
  informant:1       :   50% ±35  (in 2 runs)
  medic:1           :  100% ±0  (in 2 runs)
  quartermaster:1   :  100% ±0  (in 2 runs)
  relic:1           :    0% ±0  (in 2 runs)
═══════════════════════════════════════════════════════════════════════

batch wall-time: 8.8s  (20 matches across 10 campaigns × 2 policy, frame-cap hits: 0)
aggregate JSON -> /home/user/wt/heat-pin/docs/measurements/l5/L5bridge-h2-b0.json
INFO: TEXTURE: [ID 2] Unloaded texture data from VRAM (GPU)
INFO: SHADER: [ID 3] Default shader unloaded successfully
INFO: TEXTURE: [ID 1] Default texture unloaded successfully
INFO: Window closed successfully
