BALANCE: heat NOT pinned (SIGHTLINE_HEATPIN=0) - a heat-N rung may contain heat-N+1 missions
INFO: Initializing raylib 6.0
INFO: Platform backend: DESKTOP (GLFW)
INFO: Supported raylib modules:
INFO:     > rcore:..... loaded (mandatory)
INFO:     > rlgl:...... loaded (mandatory)
INFO:     > rshapes:... loaded (optional)
INFO:     > rtextures:. loaded (optional)
INFO:     > rtext:..... loaded (optional)
INFO:     > rmodels:... loaded (optional)
INFO:     > raudio:.... loaded (optional)
INFO: DISPLAY: Trying to enable MSAA x4
INFO: DISPLAY: Device initialized successfully 
INFO:     > Display size: 1280 x 800
INFO:     > Screen size:  1280 x 800
INFO:     > Render size:  1280 x 800
INFO:     > Viewport offsets: 0, 0
INFO: GLAD: OpenGL extensions loaded successfully
INFO: GL: Supported extensions count: 229
INFO: GL: OpenGL device information:
INFO:     > Vendor:   Mesa
INFO:     > Renderer: llvmpipe (LLVM 20.1.2, 256 bits)
INFO:     > Version:  4.5 (Core Profile) Mesa 25.2.8-0ubuntu0.24.04.2
INFO:     > GLSL:     4.50
INFO: GL: VAO extension detected, VAO functions loaded successfully
INFO: GL: NPOT textures extension detected, full NPOT textures supported
INFO: GL: DXT compressed textures supported
INFO: GL: ETC2/EAC compressed textures supported
INFO: PLATFORM: DESKTOP (GLFW - X11): Initialized successfully
INFO: TEXTURE: [ID 1] Texture loaded successfully (1x1 | R8G8B8A8 | 1 mipmaps)
INFO: TEXTURE: [ID 1] Default texture loaded successfully
INFO: SHADER: [ID 1] Vertex shader compiled successfully
INFO: SHADER: [ID 2] Fragment shader compiled successfully
INFO: SHADER: [ID 3] Program shader loaded successfully
INFO: SHADER: [ID 3] Default shader loaded successfully
INFO: RLGL: Render batch vertex buffers loaded successfully in RAM (CPU)
INFO: RLGL: Render batch vertex buffers loaded successfully in VRAM (GPU)
INFO: RLGL: Default OpenGL state initialized successfully
INFO: TEXTURE: [ID 2] Texture loaded successfully (128x128 | GRAY_ALPHA | 1 mipmaps)
INFO: FONT: Default font loaded successfully (224 glyphs)
INFO: SYSTEM: Working Directory: /home/user/wt/heat-pin
INFO: TIMER: Target time per frame: 0.000 milliseconds
FINALE-KIT: Legion
FINALE-KIT: Legion
FINALE-KIT: Wardens
WAVE: +2 (BRUISER,SCOUT) [rich]
WAVE: +2 (BRUISER,HUNTER) [rich]
WAVE: +2 (BERSERKER,HOUND) [rich]
FINALE-KIT: Wardens
WAVE: +2 (BRUISER,HUNTER) [rich]
WAVE: +2 (BRUISER,HUNTER) [rich]
WAVE: +2 (HOUND,BERSERKER) [rich]
FINALE-KIT: Wardens
match 5/20  (W:0 L:5 cap:0)  3.4s
FINALE-KIT: Wardens
WAVE: +3 (BERSERKER,HUNTER,SCOUT) [rich]
WAVE: +3 (LANCER,LANCER,BERSERKER) [rich]
FINALE-KIT: Wardens
WAVE: +2 (SPOTTER,LANCER) [rich]
WAVE: +2 (SAPPER,MEDIC) [rich]
WAVE: +2 (DRONE,SAPPER) [rich]
FINALE-KIT: Wardens
WAVE: +2 (HUNTER,SHIELD) [rich]
WAVE: +2 (MEDIC,HUNTER) [rich]
WAVE: +2 (BERSERKER,SNIPER) [rich]
REINFORCEMENTS: +2 (GRUNT,SCOUT)
FINALE-KIT: Syndicate
WAVE: +2 (SAPPER,HOUND) [rich]
WAVE: +2 (SCREENER,LANCER) [rich]
WAVE: +2 (HOUND,LANCER) [rich]
WAVE: +2 (SPOTTER,BERSERKER) [rich]
WAVE: +2 (STRIKER,LANCER) [rich]
FINALE-KIT: Syndicate
WAVE: +2 (BRUISER,GRUNT) [rich]
WAVE: +2 (BERSERKER,DRONE) [rich]
WAVE: +2 (SNIPER,HOUND) [rich]
REINFORCEMENTS: +2 (GRUNT,SCOUT)
REINFORCEMENTS: +2 (SCOUT,GRUNT)
REINFORCEMENTS: +3 (GRUNT,SCOUT,GRUNT)
REINFORCEMENTS: +2 (SCOUT,GRUNT)
match 10/20  (W:1 L:9 cap:0)  5.1s
FINALE-KIT: Legion
FINALE-KIT: Legion
FINALE-KIT: Legion
FINALE-KIT: Legion
FINALE-KIT: Syndicate
WAVE: +3 (MEDIC,CUSTODIAN,GRUNT) [rich]
WAVE: +2 (MORTAR,GRUNT) [rich]
WAVE: +2 (SCREENER,MEDIC) [rich]
REINFORCEMENTS: +2 (SCOUT,GRUNT)
REINFORCEMENTS: +2 (GRUNT,SCOUT)
match 15/20  (W:1 L:14 cap:0)  5.7s
FINALE-KIT: Syndicate
WAVE: +3 (PIKEMAN,SCOUT,SNIPER) [rich]
WAVE: +3 (SCREENER,PIKEMAN,GRUNT) [rich]
WAVE: +3 (MORTAR,SCREENER,SNIPER) [rich]
FINALE-KIT: Syndicate
WAVE: +3 (MEDIC,GRUNT,SNIPER) [rich]
WAVE: +1 (SCREENER) [rich]
WAVE: +2 (GRUNT,MORTAR) [rich]
FINALE-KIT: Syndicate
FINALE-KIT: Wardens
FINALE-KIT: Wardens
match 20/20  (W:2 L:18 cap:0)  6.4s

══════════════════════ SIGHTLINE BALANCE REPORT ══════════════════════
runs=20  missions=61

RUN OUTCOMES (campaign):  win-rate   10%   avg missions cleared 3.5

POLICY GAP (optimal vs human-error; campaign runs only):
  greedy win-rate    0%  (n=10)
  sloppy win-rate   20%  (n=10)
  GAP  -20 pts  (noisy (need more runs))
  PAIRED (same-seed slots): pairs=10  concordant=8  discordant greedy-only-won=0 / sloppy-only-won=2  paired gap  -20 pts
  PER-SLOT RECORDS (greedy | sloppy: outcome + missions cleared; margin = g−s):
    slot  30 @h6: L 4 | L 4   margin +0
    slot  31 @h6: L 3 | L 3   margin +0
    slot  32 @h6: L 3 | L 5   margin -2
    slot  33 @h6: L 4 | W 6   margin -2
    slot  34 @h6: L 4 | L 4   margin +0
    slot  35 @h6: L 2 | L 2   margin +0
    slot  36 @h6: L 2 | L 2   margin +0
    slot  37 @h6: L 5 | W 6   margin -1
    slot  38 @h6: L 4 | L 2   margin +2
    slot  39 @h6: L 2 | L 2   margin +0
  PAIRED MARGIN (missions cleared, all pairs): -0.30 ±0.37 SE  (n=10 pairs)
  by objective (greedy / sloppy / gap):
    Decapitate :    0% /   50% / gap  -50
    Defend     :  100% /  100% / gap    0
    Eliminate  :   91% /   91% / gap    0
    Escort     :   67% /   67% / gap    0
    Evac       :  100% /   50% / gap   50
    Rescue     :    0% /    0% / gap    0
    Sabotage   :   33% /  100% / gap  -67

DECISION RICHNESS / SWING:
  meaningful-choices/turn 1.83   lead-swings/match 0.7   avg max-swing 69.6
  [shot-gate] acting-soldiers/turn 2.97   armed-soldiers/turn 0.86   armed-fraction 29%   turns-with-a-shot 43%   choices/ARMED-soldier-turn 2.14
  [choice-split] los-targets/ARMED 2.15   target-choices/ARMED 0.39   position-choices/ARMED 1.74

RUN COMPLETION BY HEAT (full-campaign clears):
  heat 6:   10% ±7  (n=20 runs, avg 3.5 missions)
  HEAT LEAK: pinned=NO  heat-raising picks=4  campaigns raised=4  missions off-rung=6/61

INTEL ECONOMY BY HEAT (campaign runs; heat-bonus = the Heat.IntelBonus share of income):
  heat 6: earned  165.8/run   heat-bonus  74.7 (  45% of income)   spent  143.2   unspent   22.6

MISSION WIN-RATE BY HEAT:
  heat 6:   75%  (n=55, avg 5.3 turns)
  heat 7:   33% ±19  (n=6, avg 5.3 turns)

MISSION WIN-RATE BY OBJECTIVE:
  Eliminate  :   91% ±6  (n=22, avg 3.7 turns)
  Defend     :  100% ±0  (n=10, avg 9.0 turns)
  Decapitate :   30% ±14  (n=10, avg 4.9 turns)
  Escort     :   67% ±19  (n=6, avg 4.3 turns)
  Sabotage   :   60% ±22  (n=5, avg 4.2 turns)
  Rescue     :    0% ±0  (n=4, avg 9.8 turns)
  Evac       :   75% ±22  (n=4, avg 4.0 turns)

MISSION WIN-RATE BY OBJECTIVE x NODE KIND (a capstone must never pool with a mid-run node):
  Eliminate  : Start: 100%(n=20)  Combat:   0%(n=2)
               depth: m1:100%(20) m3:0%(2)
  Defend     : Combat: 100%(n=5)  Supply: 100%(n=4)  Elite: 100%(n=1)
               depth: m2:100%(2) m3:100%(4) m4:100%(1) m5:100%(3)
  Decapitate : Boss:  50%(n=4)  Combat:   0%(n=4)  Supply:  50%(n=2)
               depth: m3:0%(2) m5:25%(4) m6:50%(4)
  Escort     : Combat: 100%(n=4)  Elite:   0%(n=2)
               depth: m2:100%(4) m4:0%(2)
  Sabotage   : Combat:  67%(n=3)  Supply:  50%(n=2)
               depth: m2:100%(2) m4:50%(2) m5:0%(1)
  Rescue     : Supply:   0%(n=2)  Combat:   0%(n=2)
               depth: m3:0%(2) m5:0%(2)
  Evac       : Elite:  75%(n=4)
               depth: m3:50%(2) m4:100%(2)

ENCOUNTER COMPLETION on MID-RUN nodes (Combat+Elite) — clear% is the share of the fight actually fought:
  objective     n   win%   turns   force    +rf  killed  clear%   prs  WONclear%
  Escort         6   67%     4.3    7.67   0.00    1.83    23.9  0.00     41.7 (n=4)
  Defend         6  100%     9.0    6.83   6.67    4.00    29.6  0.00     29.6 (n=6)
  Evac           4   75%     4.0   11.00   0.00    0.00     0.0  0.00      0.0 (n=3)
  Decapitate     4    0%     5.8   10.00   0.50    0.75     7.1  0.50      0.0 (n=0)
  Sabotage       3   67%     4.3    5.67   0.00    1.33    23.5  0.00     50.0 (n=2)
  Eliminate      2    0%    10.0    9.00   0.00    1.50    16.7  2.50      0.0 (n=0)
  Rescue         2    0%    14.0    9.00   0.00    2.00    22.2  0.00      0.0 (n=0)
  ---- the two classes ----
  KILL           6    0%     7.2    9.67   0.33    1.00    10.0  1.17      0.0 (n=0)
  NON-KILL      21   71%     6.5    7.90   1.90    2.05    20.9  0.00     26.0 (n=15)

DECAPITATE HVT (buff = +6+1*mission HP, +6 aim; ELITE exempt):
  EXEMPT  :   30% ±14  (n=10, avg 4.9 turns, HVT 24.2 max HP)  [m3:0%(2) m5:25%(4) m6:50%(4)]

MISSION WIN-RATE BY MISSION #:
  m1:  100% ±0  (n=20)
  m2:  100% ±0  (n=8)
  m3:   42% ±14  (n=12)
  m4:   57% ±19  (n=7)
  m5:   40% ±15  (n=10)
  m6:   50% ±25  (n=4)

LOSS CAUSES (missions):
  RUN OVER              : 13
  CAPTIVE LOST          : 3
  VIP LOST              : 2

MISSION WIN-RATE BY ARENA (authored layouts, n>=3; procedural fallback   20% of 61 missions):
  arena  8:   75% ±22  (n=4, avg 3.5 turns)  [m1:100%(2) m3:50%(2)]
  arena 12:  100% ±0  (n=3, avg 3.0 turns)  [m1:100%(2) m2:100%(1)]
  arena 16:  100% ±0  (n=3, avg 2.0 turns)  [m1:100%(2) m6:100%(1)]
  arena 27:   40% ±22  (n=5, avg 4.4 turns)  [m1:100%(2) m5:0%(3)]
  arena 29:   33% ±27  (n=3, avg 3.0 turns)  [m4:0%(2) m6:100%(1)]
  arena 32:  100% ±0  (n=3, avg 9.0 turns)  [m2:100%(1) m3:100%(2)]
  procedural:   58% ±14  (n=12, avg 6.3 turns)  [m1:100%(2) m2:100%(2) m3:50%(2) m4:67%(3) m5:0%(2) m6:0%(1)]

DEPLOYMENT GEOMETRY (opening shape; choices/ARMED is the wave's real gate):
  FRONTAL   :   72% ±8  (n=29, avg 5.2 turns)  choices/turn 1.67  choices/ARMED 2.07  los-targets/ARMED 2.22
  PINCER    :   61% ±11  (n=18, avg 5.9 turns)  choices/turn 1.75  choices/ARMED 2.31  los-targets/ARMED 2.20
  CROSSFIRE :   67% ±19  (n=6, avg 3.7 turns)  choices/turn 2.60  choices/ARMED 2.26  los-targets/ARMED 1.57
  ENVELOP   :   88% ±12  (n=8, avg 5.3 turns)  choices/turn 2.21  choices/ARMED 1.95  los-targets/ARMED 2.21

ARENA FUNNEL (Mission.Build exits, n=75 builds, all modes):
  authored-applied    :  81.3%  (n=61)
  connectivity-reject :   0.0%  (n=0)
  procedural-roll     :  18.7%  (n=14)

DECK EXPOSURE (campaign runs n=20):
  distinct authored arenas/run : 2.45 mean (all runs)
  ... full-depth runs only     : 4.50 mean over 4.5 fights/run (n=2)
  Defend dealt on the route    :   50% of runs (n=10)

ENEMY DECISION MIX (contested acts=1237; all-downed acts not counted=496):
  shoot           620    50%
  hunker          364    29%
  move            103     8%
  heal             60     5%
  siege            24     2%
  grenade          23     2%
  reload           18     1%
  item             11     1%
  brace             7     1%
  overwatch         4     0%
  sap               3     0%

  the shot on the table (acts where the chosen tile HAD a shot = 669):
    hit% band     taken   share   E[dmg]/shot   declined   share   E[dmg]/shot
      0-19           0      0%          0.00          1     25%          0.27
     20-39          16      3%          1.25          1     25%          1.02
     40-59          68     11%          2.12          2     50%          2.68
     60-79         244     39%          2.91          0      0%          0.00
      80+          292     47%          4.55          0      0%          0.00
    TOTAL           620                              4
  taken   93% / DECLINED    1% / preempted by another verb    7%
  enemy lanes held (overwatch+brace) 11; reaction shots fired 1  ->    9% of lanes paid off   [C2: DeclineWatchRatio is a bet on this number]

ACTION MIX (verbs issued, by policy):
  verb                  greedy        sloppy
  MOVE               399   41%     397   41%
  SHOOT              201   21%     242   25%
  OVERWATCH           73    8%      50    5%
  BRACE               36    4%      52    5%
  HUNKER              44    5%      28    3%
  FOCUS               41    4%      23    2%
  SLIPSTREAM          29    3%      27    3%
  INTEL               28    3%      27    3%
  STABILIZE           28    3%      21    2%
  RELOAD              24    2%      24    2%
  MARK                11    1%      16    2%
  ITEM:SMOKE          10    1%      11    1%
  PIN                  8    1%      12    1%
  PLANT                9    1%       6    1%
  DRAG                 7    1%       7    1%
  GRENADE              4    0%       8    1%
  PATCH                6    1%       5    1%
  GRAPPLE              5    1%       5    1%
  BARREL               4    0%       3    0%
  REARM                3    0%       3    0%
  BEACON               2    0%       2    0%
  ITEM:FLASH           0    0%       1    0%

PLAYER CLASS PERFORMANCE:
  class        shots   hit%   dmg   kills
  SHARPSHOOTER    111    97%    798     45
  GUNNER         113    84%    508     36
  ASSAULT        121    87%    484     27
  RANGER          71    92%    453     32
  CORPSMAN        15    93%     48      2

SOLDIER DEATHS BY ENEMY CLASS (threat ranking):
  DRONE      : 11
  SHIELD     : 10
  BERSERKER  : 10
  ELITE      : 9
  SNIPER     : 7
  HUNTER     : 7
  SCREENER   : 6
  STRIKE     : 6
  HOUND      : 5
  STRIKER    : 4
  GRUNT      : 4
  LANCER     : 4
  TURRET     : 3
  SAPPER     : 3
  BRUISER    : 3
  MEDIC      : 2
  BURN       : 2
  WARBRINGER : 2
  SPOTTER    : 2
  CUSTODIAN  : 2
  PIKEMAN    : 1
  MORTAR     : 1
  SCOUT      : 1

SOLDIER DOWNS (FUL-7 bleed-out): 207 downs -> revived 5 / recovered 32 / bled out 141 / finished 17  (save-rate   24%)
  corpsman fielded in 21 missions

ENEMY COMPOSITION (spawns; faction-stamped fights n=418 / default-cascade fights n=209):
  class        faction         default
  GRUNT           33    8%       48   23%
  SCOUT           17    4%       44   21%
  HUNTER          38    9%        4    2%
  DRONE           35    8%        6    3%
  BERSERKER       33    8%        8    4%
  MEDIC           33    8%        7    3%
  ELITE           29    7%       10    5%
  SNIPER          24    6%        8    4%
  SAPPER          19    5%        5    2%
  STRIKER         15    4%        9    4%
  HOUND           11    3%       12    6%
  SCREENER        20    5%        3    1%
  CUSTODIAN       21    5%        2    1%
  SHIELD          15    4%        5    2%
  TURRET          13    3%        5    2%
  LANCER           4    1%       14    7%
  PIKEMAN         15    4%        3    1%
  SPOTTER          8    2%        9    4%
  BRUISER         13    3%        3    1%
  MORTAR          11    3%        0    0%
  BOMBARD          6    1%        2    1%
  WARBRINGER       5    1%        2    1%

PERK PICK FREQUENCY:
  MOM           : 13
  LCK           : 11
  OUT           : 10
  FST           : 8
  GUN           : 8
  MRK           : 7
  CLH           : 7
  BND           : 6
  CQB           : 6
  HRD           : 6
  EXC           : 6
  BRK           : 5
  PLT           : 5
  SKR           : 4
  GRD           : 4
  VNT           : 4
  SGE           : 2
  TNK           : 2
  RFX           : 2

SHOP PURCHASE FREQUENCY:
  WPN: HOLLOW POINT : 48
  FIELD MEDKIT      : 45
  WPN: SCOPE        : 42
  WPN: EXTENDED MAG : 22
  WPN: STABILIZER   : 21
  BALLISTIC PLATING : 20
  ADV. TRAINING     : 13
  COUNTER-PREP      : 13
  FRAG CACHE        : 12
  COMBAT STIMS      : 8
  WPN: BIPOD        : 8
  ARMORY            : 6
  WPN: SUPPRESSOR   : 4

BOON PICK FREQUENCY (PROCS = effect fires at instrumented sites; '-' = not instrumented;
                      PYR counts the +2-turn-burn half only — the Burning-immunity half is uninstrumented):
  code                 picks   PROCS
  ADR               :     5       -
  FVR               :     4       -
  PYR               :     4       1
  SCV               :     4       -
  FDR               :     3       0
  GRN               :     3       -
  MRK               :     3       -
  RCL               :     3       0
  VNM               :     3       -
  EXE               :     2       -
  GHO               :     2       -
  FRT               :     1       -
  FST               :     1       5
  RPD               :     1       -
  SHK               :     1       0
  TRR               :     1       0

RUN WIN-RATE BY BOON (campaign runs holding it):
  ADR               :   20% ±18  (in 5 runs)
  FVR               :   25% ±22  (in 4 runs)
  PYR               :    0% ±0  (in 4 runs)
  SCV               :   25% ±22  (in 4 runs)
  FDR               :   33% ±27  (in 3 runs)
  GRN               :    0% ±0  (in 3 runs)
  MRK               :   33% ±27  (in 3 runs)
  RCL               :   33% ±27  (in 3 runs)
  VNM               :   33% ±27  (in 3 runs)
  EXE               :    0% ±0  (in 2 runs)
  GHO               :    0% ±0  (in 2 runs)
  FRT               :    0% ±0  (in 1 runs)
  FST               :    0% ±0  (in 1 runs)
  RPD               :    0% ±0  (in 1 runs)
  SHK               :    0% ±0  (in 1 runs)
  TRR               :    0% ±0  (in 1 runs)

RUN WIN-RATE BY SPEC (campaign runs fielding it):
  BRC               :   50% ±25  (in 4 runs)
  ANC               :   50% ±35  (in 2 runs)
  HHT               :    0% ±0  (in 2 runs)
  PHN               :    0% ±0  (in 2 runs)
  PTH               :    0% ±0  (in 2 runs)
  SNT               :    0% ±0  (in 2 runs)
  ADN               :  100% ±0  (in 1 runs)

RUN WIN-RATE BY PERK (campaign runs holding it):
  MOM               :   20% ±13  (in 10 runs)
  LCK               :    0% ±0  (in 9 runs)
  OUT               :   29% ±17  (in 7 runs)
  BND               :   17% ±15  (in 6 runs)
  CLH               :   17% ±15  (in 6 runs)
  CQB               :   33% ±19  (in 6 runs)
  FST               :   33% ±19  (in 6 runs)
  GUN               :   17% ±15  (in 6 runs)
  MRK               :   17% ±15  (in 6 runs)
  EXC               :    0% ±0  (in 5 runs)
  HRD               :   20% ±18  (in 5 runs)
  PLT               :    0% ±0  (in 5 runs)
  GRD               :   50% ±25  (in 4 runs)
  SKR               :   25% ±22  (in 4 runs)
  BRK               :    0% ±0  (in 3 runs)
  VNT               :   33% ±27  (in 3 runs)
  RFX               :    0% ±0  (in 2 runs)
  SGE               :    0% ±0  (in 2 runs)
  TNK               :    0% ±0  (in 2 runs)

RUN WIN-RATE BY PURCHASE (campaign runs buying it):
  FIELD MEDKIT      :   13% ±8  (in 16 runs)
  WPN: HOLLOW POINT :   14% ±9  (in 14 runs)
  WPN: SCOPE        :   15% ±10  (in 13 runs)
  COUNTER-PREP      :    9% ±9  (in 11 runs)
  BALLISTIC PLATING :   20% ±13  (in 10 runs)
  WPN: EXTENDED MAG :   22% ±14  (in 9 runs)
  WPN: STABILIZER   :   13% ±12  (in 8 runs)
  ADV. TRAINING     :   14% ±13  (in 7 runs)
  FRAG CACHE        :   17% ±15  (in 6 runs)
  COMBAT STIMS      :   20% ±18  (in 5 runs)
  WPN: BIPOD        :   20% ±18  (in 5 runs)
  ARMORY            :    0% ±0  (in 4 runs)
  WPN: SUPPRESSOR   :   33% ±27  (in 3 runs)

RUN WIN-RATE BY EVENT-CHOICE (campaign runs taking id:arm):
  blackmarket:2     :   20% ±18  (in 5 runs)
  informant:1       :    0% ±0  (in 4 runs)
  quartermaster:1   :    0% ±0  (in 4 runs)
  defector:1        :    0% ±0  (in 2 runs)
  drill:0           :    0% ±0  (in 2 runs)
  fieldhospital:2   :   50% ±35  (in 2 runs)
  grave:0           :   50% ±35  (in 2 runs)
  informant:2       :    0% ±0  (in 2 runs)
  warchest:1        :    0% ±0  (in 2 runs)
  blackmarket:1     :    0% ±0  (in 1 runs)
═══════════════════════════════════════════════════════════════════════

batch wall-time: 6.4s  (20 matches across 10 campaigns × 2 policy, frame-cap hits: 0)
aggregate JSON -> /home/user/wt/heat-pin/docs/measurements/l5/L5bridge-h6-b30.json
INFO: TEXTURE: [ID 2] Unloaded texture data from VRAM (GPU)
INFO: SHADER: [ID 3] Default shader unloaded successfully
INFO: TEXTURE: [ID 1] Default texture unloaded successfully
INFO: Window closed successfully
