BALANCE: heat NOT pinned (SIGHTLINE_HEATPIN=0) - a heat-N rung may contain heat-N+1 missions
INFO: Initializing raylib 6.0
INFO: Platform backend: DESKTOP (GLFW)
INFO: Supported raylib modules:
INFO:     > rcore:..... loaded (mandatory)
INFO:     > rlgl:...... loaded (mandatory)
INFO:     > rshapes:... loaded (optional)
INFO:     > rtextures:. loaded (optional)
INFO:     > rtext:..... loaded (optional)
INFO:     > rmodels:... loaded (optional)
INFO:     > raudio:.... loaded (optional)
INFO: DISPLAY: Trying to enable MSAA x4
INFO: DISPLAY: Device initialized successfully 
INFO:     > Display size: 1280 x 800
INFO:     > Screen size:  1280 x 800
INFO:     > Render size:  1280 x 800
INFO:     > Viewport offsets: 0, 0
INFO: GLAD: OpenGL extensions loaded successfully
INFO: GL: Supported extensions count: 229
INFO: GL: OpenGL device information:
INFO:     > Vendor:   Mesa
INFO:     > Renderer: llvmpipe (LLVM 20.1.2, 256 bits)
INFO:     > Version:  4.5 (Core Profile) Mesa 25.2.8-0ubuntu0.24.04.2
INFO:     > GLSL:     4.50
INFO: GL: VAO extension detected, VAO functions loaded successfully
INFO: GL: NPOT textures extension detected, full NPOT textures supported
INFO: GL: DXT compressed textures supported
INFO: GL: ETC2/EAC compressed textures supported
INFO: PLATFORM: DESKTOP (GLFW - X11): Initialized successfully
INFO: TEXTURE: [ID 1] Texture loaded successfully (1x1 | R8G8B8A8 | 1 mipmaps)
INFO: TEXTURE: [ID 1] Default texture loaded successfully
INFO: SHADER: [ID 1] Vertex shader compiled successfully
INFO: SHADER: [ID 2] Fragment shader compiled successfully
INFO: SHADER: [ID 3] Program shader loaded successfully
INFO: SHADER: [ID 3] Default shader loaded successfully
INFO: RLGL: Render batch vertex buffers loaded successfully in RAM (CPU)
INFO: RLGL: Render batch vertex buffers loaded successfully in VRAM (GPU)
INFO: RLGL: Default OpenGL state initialized successfully
INFO: TEXTURE: [ID 2] Texture loaded successfully (128x128 | GRAY_ALPHA | 1 mipmaps)
INFO: FONT: Default font loaded successfully (224 glyphs)
INFO: SYSTEM: Working Directory: /home/user/wt/heat-pin
INFO: TIMER: Target time per frame: 0.000 milliseconds
FINALE-KIT: Syndicate
WAVE: +2 (SHIELD,DRONE) [rich]
WAVE: +2 (GRUNT,SHIELD) [rich]
WAVE: +2 (DRONE,GRUNT) [rich]
FINALE-KIT: Syndicate
WAVE: +2 (SPOTTER,SHIELD) [rich]
WAVE: +2 (SHIELD,SHIELD) [rich]
WAVE: +2 (DRONE,DRONE) [rich]
REINFORCEMENTS: +2 (GRUNT,GRUNT)
FINALE-KIT: Wardens
WAVE: +3 (SCREENER,DRONE,SHIELD) [rich]
WAVE: +3 (SCREENER,SHIELD,CUSTODIAN) [rich]
WAVE: +2 (DRONE,DRONE) [rich]
WAVE: +3 (CUSTODIAN,DRONE,DRONE) [rich]
WAVE: +3 (SAPPER,DRONE,SAPPER) [rich]
FINALE-KIT: Wardens
WAVE: +3 (SAPPER,SAPPER,SHIELD) [rich]
WAVE: +3 (DRONE,SPOTTER,CUSTODIAN) [rich]
WAVE: +1 (SHIELD) [rich]
FINALE-KIT: Wardens
WAVE: +2 (SAPPER,SPOTTER) [rich]
WAVE: +2 (HOUND,STRIKER) [rich]
WAVE: +2 (SHIELD,SAPPER) [rich]
match 5/20  (W:2 L:3 cap:0)  4.3s
FINALE-KIT: Wardens
WAVE: +2 (HOUND,DRONE) [rich]
WAVE: +2 (HUNTER,DRONE) [rich]
WAVE: +2 (GRUNT,LANCER) [rich]
REINFORCEMENTS: +2 (GRUNT,SCOUT)
REINFORCEMENTS: +2 (SCOUT,GRUNT)
FINALE-KIT: Legion
WAVE: +2 (SAPPER,SPOTTER) [rich]
WAVE: +2 (SAPPER,SPOTTER) [rich]
WAVE: +2 (SAPPER,SHIELD) [rich]
WAVE: +2 (CUSTODIAN,DRONE) [rich]
WAVE: +2 (DRONE,DRONE) [rich]
WAVE: +3 (LANCER,BRUISER,HUNTER) [rich]
WAVE: +3 (GRUNT,LANCER,LANCER) [rich]
WAVE: +3 (HOUND,BERSERKER,HOUND) [rich]
FINALE-KIT: Legion
WAVE: +2 (SPOTTER,SPOTTER) [rich]
WAVE: +2 (SCREENER,DRONE) [rich]
WAVE: +2 (SHIELD,SHIELD) [rich]
WAVE: +2 (SHIELD,DRONE) [rich]
WAVE: +2 (SAPPER,DRONE) [rich]
WAVE: +2 (DRONE,DRONE) [rich]
WAVE: +3 (BERSERKER,HOUND,LANCER) [rich]
WAVE: +3 (LANCER,GRUNT,STRIKER) [rich]
WAVE: +3 (BERSERKER,HUNTER,BERSERKER) [rich]
FINALE-KIT: Syndicate
WAVE: +3 (SHIELD,SHIELD,SHIELD) [rich]
WAVE: +3 (CUSTODIAN,GRUNT,SCREENER) [rich]
WAVE: +3 (SAPPER,SAPPER,DRONE) [rich]
FINALE-KIT: Syndicate
WAVE: +3 (SHIELD,SAPPER,SPOTTER) [rich]
WAVE: +3 (CUSTODIAN,GRUNT,DRONE) [rich]
WAVE: +3 (SHIELD,SPOTTER,DRONE) [rich]
WAVE: +3 (GRUNT,SPOTTER,SHIELD) [rich]
WAVE: +3 (SAPPER,SCREENER,SCREENER) [rich]
match 10/20  (W:6 L:4 cap:0)  6.8s
FINALE-KIT: Wardens
WAVE: +2 (SCOUT,BERSERKER) [rich]
WAVE: +2 (HUNTER,BERSERKER) [rich]
WAVE: +2 (BERSERKER,STRIKER) [rich]
FINALE-KIT: Wardens
WAVE: +2 (STRIKER,HOUND) [rich]
WAVE: +2 (BERSERKER,HUNTER) [rich]
WAVE: +2 (STRIKER,STRIKER) [rich]
FINALE-KIT: Wardens
FINALE-KIT: Wardens
FINALE-KIT: Wardens
WAVE: +2 (HOUND,DRONE) [rich]
WAVE: +2 (STRIKER,LANCER) [rich]
WAVE: +2 (HOUND,DRONE) [rich]
WAVE: +3 (BERSERKER,BERSERKER,BRUISER) [rich]
WAVE: +3 (HOUND,HOUND,BERSERKER) [rich]
WAVE: +3 (WARBRINGER,BRUISER,STRIKER) [rich]
match 15/20  (W:9 L:6 cap:0)  8.0s
FINALE-KIT: Wardens
WAVE: +2 (HUNTER,STRIKER) [rich]
WAVE: +2 (DRONE,HOUND) [rich]
WAVE: +2 (DRONE,HOUND) [rich]
WAVE: +3 (HOUND,BRUISER,BRUISER) [rich]
WAVE: +3 (HOUND,GRUNT,HUNTER) [rich]
WAVE: +3 (GRUNT,GRUNT,BRUISER) [rich]
FINALE-KIT: Legion
WAVE: +3 (HOUND,LANCER,MEDIC) [rich]
WAVE: +3 (SPOTTER,SNIPER,SHIELD) [rich]
WAVE: +3 (HUNTER,SAPPER,DRONE) [rich]
FINALE-KIT: Legion
WAVE: +3 (LANCER,HUNTER,PIKEMAN) [rich]
WAVE: +3 (HOUND,PIKEMAN,MEDIC) [rich]
WAVE: +2 (HOUND,SPOTTER) [rich]
REINFORCEMENTS: +2 (GRUNT,SCOUT)
FINALE-KIT: Legion
FINALE-KIT: Legion
match 20/20  (W:14 L:6 cap:0)  9.3s

══════════════════════ SIGHTLINE BALANCE REPORT ══════════════════════
runs=20  missions=79

RUN OUTCOMES (campaign):  win-rate   70%   avg missions cleared 5.0

POLICY GAP (optimal vs human-error; campaign runs only):
  greedy win-rate   80%  (n=10)
  sloppy win-rate   60%  (n=10)
  GAP   20 pts  (swingy/unforgiving)
  PAIRED (same-seed slots): pairs=10  concordant=8  discordant greedy-only-won=2 / sloppy-only-won=0  paired gap   20 pts
  PER-SLOT RECORDS (greedy | sloppy: outcome + missions cleared; margin = g−s):
    slot  70 @h0: W 6 | L 4   margin +2
    slot  71 @h0: L 4 | L 4   margin +0
    slot  72 @h0: W 6 | W 6   margin +0
    slot  73 @h0: W 6 | W 6   margin +0
    slot  74 @h0: W 6 | L 3   margin +3
    slot  75 @h0: W 6 | W 6   margin +0
    slot  76 @h0: L 0 | L 0   margin +0
    slot  77 @h0: W 6 | W 6   margin +0
    slot  78 @h0: W 6 | W 6   margin +0
    slot  79 @h0: W 6 | W 6   margin +0
  PAIRED MARGIN (missions cleared, all pairs): +0.50 ±0.34 SE  (n=10 pairs)
  by objective (greedy / sloppy / gap):
    Decapitate :  100% /   88% / gap   13
    Defend     :   90% /   80% / gap   10
    Eliminate  :   91% /   91% / gap    0
    Escort     :  100% /  100% / gap    0
    Evac       :  100% /  100% / gap    0
    Hack       :  100% /  100% / gap    0
    Rescue     :  100% /  100% / gap    0
    Sabotage   :  100% /  100% / gap    0

DECISION RICHNESS / SWING:
  meaningful-choices/turn 2.93   lead-swings/match 0.6   avg max-swing 44.8
  [shot-gate] acting-soldiers/turn 3.46   armed-soldiers/turn 1.29   armed-fraction 37%   turns-with-a-shot 57%   choices/ARMED-soldier-turn 2.27
  [choice-split] los-targets/ARMED 2.58   target-choices/ARMED 0.54   position-choices/ARMED 1.73

RUN COMPLETION BY HEAT (full-campaign clears):
  heat 0:   70% ±10  (n=20 runs, avg 5.0 missions)
  HEAT LEAK: pinned=NO  heat-raising picks=4  campaigns raised=4  missions off-rung=8/79

INTEL ECONOMY BY HEAT (campaign runs; heat-bonus = the Heat.IntelBonus share of income):
  heat 0: earned  134.6/run   heat-bonus   0.6 (   0% of income)   spent  122.7   unspent   12.0

MISSION WIN-RATE BY HEAT:
  heat 0:   92%  (n=71, avg 5.4 turns)
  heat 1:  100% ±0  (n=8, avg 3.6 turns)

MISSION WIN-RATE BY OBJECTIVE:
  Eliminate  :   91% ±6  (n=22, avg 4.2 turns)
  Defend     :   85% ±8  (n=20, avg 8.8 turns)
  Decapitate :   94% ±5  (n=18, avg 3.9 turns)
  Escort     :  100% ±0  (n=8, avg 5.1 turns)
  Hack       :  100% ±0  (n=5, avg 3.0 turns)
  Sabotage   :  100% ±0  (n=2, avg 3.5 turns)
  Evac       :  100% ±0  (n=2, avg 3.0 turns)
  Rescue     :  100% ±0  (n=2, avg 3.5 turns)

MISSION WIN-RATE BY OBJECTIVE x NODE KIND (a capstone must never pool with a mid-run node):
  Eliminate  : Start:  90%(n=20)  Elite: 100%(n=2)
               depth: m1:90%(20) m3:100%(2)
  Defend     : Combat:  92%(n=12)  Supply: 100%(n=6)  Elite:   0%(n=2)
               depth: m2:100%(6) m3:100%(4) m4:75%(4) m5:67%(6)
  Decapitate : Boss: 100%(n=14)  Elite:  75%(n=4)
               depth: m5:75%(4) m6:100%(14)
  Escort     : Combat: 100%(n=4)  Elite: 100%(n=2)  Supply: 100%(n=2)
               depth: m3:100%(4) m4:100%(4)
  Hack       : Elite: 100%(n=2)  Combat: 100%(n=2)  Supply: 100%(n=1)
               depth: m3:100%(2) m4:100%(2) m5:100%(1)
  Sabotage   : Combat: 100%(n=2)
               depth: m3:100%(2)
  Evac       : Combat: 100%(n=2)
               depth: m4:100%(2)
  Rescue     : Elite: 100%(n=2)
               depth: m3:100%(2)

ENCOUNTER COMPLETION on MID-RUN nodes (Combat+Elite) — clear% is the share of the fight actually fought:
  objective     n   win%   turns   force    +rf  killed  clear%   prs  WONclear%
  Defend        14   79%     8.6    4.14   7.14    5.43    48.1  0.00     59.5 (n=11)
  Escort         6  100%     5.7    7.00   0.00    0.00     0.0  0.00      0.0 (n=6)
  Decapitate     4   75%     4.0   10.00   0.50    1.50    14.3  0.50     16.7 (n=3)
  Hack           4  100%     3.0    7.50   0.00    0.50     6.7  0.00      6.7 (n=4)
  Eliminate      2  100%    12.5    8.00   0.00    8.00   100.0  2.50    100.0 (n=2)
  Sabotage       2  100%     3.5    4.00   0.00    2.00    50.0  0.00     50.0 (n=2)
  Evac           2  100%     3.0    7.00   0.00    0.00     0.0  0.00      0.0 (n=2)
  Rescue         2  100%     3.5    9.00   0.00    0.00     0.0  0.00      0.0 (n=2)
  ---- the two classes ----
  KILL           6   83%     6.8    9.33   0.33    3.67    37.9  1.17     45.7 (n=5)
  NON-KILL      30   90%     6.2    5.67   3.33    2.73    30.4  0.00     33.5 (n=27)

DECAPITATE HVT (buff = +6+1*mission HP, +6 aim; ELITE exempt):
  EXEMPT  :   94% ±5  (n=18, avg 3.9 turns, HVT 23.7 max HP)  [m5:75%(4) m6:100%(14)]

MISSION WIN-RATE BY MISSION #:
  m1:   90% ±7  (n=20)
  m2:  100% ±0  (n=6)
  m3:  100% ±0  (n=16)
  m4:   92% ±8  (n=12)
  m5:   73% ±13  (n=11)
  m6:  100% ±0  (n=14)

LOSS CAUSES (missions):
  RUN OVER              : 6

MISSION WIN-RATE BY ARENA (authored layouts, n>=3; procedural fallback   23% of 79 missions):
  arena 10:   83% ±15  (n=6, avg 6.8 turns)  [m2:100%(1) m3:100%(2) m4:0%(1) m6:100%(2)]
  arena 13:  100% ±0  (n=3, avg 2.7 turns)  [m1:100%(2) m3:100%(1)]
  arena 15:  100% ±0  (n=5, avg 5.4 turns)  [m4:100%(4) m6:100%(1)]
  arena 20:  100% ±0  (n=4, avg 6.0 turns)  [m3:100%(2) m4:100%(2)]
  arena 28:  100% ±0  (n=8, avg 7.6 turns)  [m1:100%(2) m3:100%(2) m5:100%(4)]
  arena 33:  100% ±0  (n=5, avg 5.4 turns)  [m1:100%(2) m2:100%(2) m3:100%(1)]
  arena 34:  100% ±0  (n=6, avg 6.5 turns)  [m3:100%(2) m6:100%(4)]
  procedural:   83% ±9  (n=18, avg 5.7 turns)  [m1:50%(4) m2:100%(2) m3:100%(3) m4:100%(2) m5:67%(3) m6:100%(4)]

DEPLOYMENT GEOMETRY (opening shape; choices/ARMED is the wave's real gate):
  FRONTAL   :   93% ±5  (n=29, avg 4.4 turns)  choices/turn 3.70  choices/ARMED 2.42  los-targets/ARMED 2.95
  PINCER    :   92% ±5  (n=26, avg 6.5 turns)  choices/turn 2.52  choices/ARMED 2.59  los-targets/ARMED 2.43
  CROSSFIRE :  100% ±0  (n=7, avg 5.6 turns)  choices/turn 3.65  choices/ARMED 2.05  los-targets/ARMED 3.03
  ENVELOP   :   88% ±8  (n=17, avg 4.7 turns)  choices/turn 2.18  choices/ARMED 1.64  los-targets/ARMED 1.84

ARENA FUNNEL (Mission.Build exits, n=91 builds, all modes):
  authored-applied    :  78.0%  (n=71)
  connectivity-reject :   0.0%  (n=0)
  procedural-roll     :  22.0%  (n=20)

DECK EXPOSURE (campaign runs n=20):
  distinct authored arenas/run : 3.05 mean (all runs)
  ... full-depth runs only     : 3.64 mean over 4.5 fights/run (n=14)
  Defend dealt on the route    :   80% of runs (n=16)

ENEMY DECISION MIX (contested acts=1191; all-downed acts not counted=326):
  shoot           566    48%
  hunker          392    33%
  move             99     8%
  grenade          29     2%
  item             22     2%
  heal             18     2%
  siege            18     2%
  reload           15     1%
  brace             9     1%
  overwatch         8     1%
  shove             7     1%
  sap               4     0%
  staleplan         4     0%

  the shot on the table (acts where the chosen tile HAD a shot = 661):
    hit% band     taken   share   E[dmg]/shot   declined   share   E[dmg]/shot
      0-19           1      0%          0.84          4     40%          0.59
     20-39          13      2%          1.34          4     40%          0.94
     40-59          66     12%          1.65          2     20%          1.39
     60-79         213     38%          2.40          0      0%          0.00
      80+          273     48%          3.62          0      0%          0.00
    TOTAL           566                             10
  taken   86% / DECLINED    2% / preempted by another verb   13%
  enemy lanes held (overwatch+brace) 17; reaction shots fired 4  ->   24% of lanes paid off   [C2: DeclineWatchRatio is a bet on this number]

ACTION MIX (verbs issued, by policy):
  verb                  greedy        sloppy
  MOVE               475   39%     572   42%
  SHOOT              305   25%     353   26%
  BRACE               78    6%      84    6%
  HUNKER              87    7%      62    5%
  RELOAD              32    3%      52    4%
  FOCUS               38    3%      36    3%
  INTEL               34    3%      36    3%
  OVERWATCH           40    3%      24    2%
  STABILIZE           19    2%      28    2%
  SLIPSTREAM          22    2%      23    2%
  ITEM:SMOKE          14    1%      20    1%
  PIN                 14    1%      17    1%
  MARK                16    1%      10    1%
  GRAPPLE              5    0%      12    1%
  HACK                 7    1%       5    0%
  GRENADE              8    1%       2    0%
  REARM                6    0%       3    0%
  BEACON               5    0%       4    0%
  PATCH                6    0%       2    0%
  PLANT                5    0%       3    0%
  EXTRACT              4    0%       3    0%
  BARREL               2    0%       0    0%
  ITEM:BARRICADE       1    0%       0    0%

PLAYER CLASS PERFORMANCE:
  class        shots   hit%   dmg   kills
  SHARPSHOOTER    181    97%   1192     80
  ASSAULT        177    88%    825     39
  RANGER         131    85%    762     47
  GUNNER         170    83%    759     45
  CORPSMAN        38    76%    128      6

SOLDIER DEATHS BY ENEMY CLASS (threat ranking):
  BURN       : 15
  ELITE      : 11
  SHIELD     : 8
  HOUND      : 6
  LANCER     : 5
  SAPPER     : 4
  GRUNT      : 4
  BRUISER    : 4
  SCREENER   : 3
  SCOUT      : 3
  BERSERKER  : 3
  TURRET     : 2
  DRONE      : 2
  WARBRINGER : 1
  CUSTODIAN  : 1
  SPOTTER    : 1
  STRIKE     : 1
  HUNTER     : 1

SOLDIER DOWNS (FUL-7 bleed-out): 183 downs -> revived 3 / recovered 51 / bled out 112 / finished 17  (save-rate   30%)
  corpsman fielded in 28 missions

ENEMY COMPOSITION (spawns; faction-stamped fights n=529 / default-cascade fights n=162):
  class        faction         default
  GRUNT           38    7%       38   23%
  SCOUT           17    3%       45   28%
  ELITE           46    9%        5    3%
  DRONE           38    7%       12    7%
  SHIELD          41    8%        7    4%
  SAPPER          37    7%        4    2%
  LANCER          32    6%        7    4%
  BRUISER         33    6%        5    3%
  BERSERKER       38    7%        0    0%
  TURRET          34    6%        2    1%
  SCREENER        32    6%        0    0%
  HOUND           17    3%        9    6%
  SPOTTER         20    4%        5    3%
  HUNTER          18    3%        6    4%
  SNIPER          14    3%        5    3%
  STRIKER         15    3%        3    2%
  MEDIC           10    2%        6    4%
  WARBRINGER      13    2%        1    1%
  CUSTODIAN       12    2%        0    0%
  MORTAR          12    2%        0    0%
  PIKEMAN          8    2%        2    1%
  BOMBARD          4    1%        0    0%

PERK PICK FREQUENCY:
  HRD           : 16
  CQB           : 13
  EXC           : 12
  LCK           : 12
  GUN           : 12
  TNK           : 11
  SKR           : 11
  SGE           : 10
  OUT           : 10
  GRD           : 10
  BRK           : 9
  RFX           : 8
  FST           : 8
  MOM           : 8
  VNT           : 6
  BND           : 6
  CLH           : 5
  PLT           : 5
  MRK           : 4

SHOP PURCHASE FREQUENCY:
  FIELD MEDKIT      : 48
  WPN: SCOPE        : 43
  WPN: HOLLOW POINT : 35
  BALLISTIC PLATING : 19
  WPN: BIPOD        : 14
  WPN: STABILIZER   : 14
  WPN: SUPPRESSOR   : 10
  ARMORY            : 9
  ADV. TRAINING     : 9
  FRAG CACHE        : 9
  WPN: EXTENDED MAG : 9
  COMBAT STIMS      : 8
  COUNTER-PREP      : 5

BOON PICK FREQUENCY (PROCS = effect fires at instrumented sites; '-' = not instrumented;
                      PYR counts the +2-turn-burn half only — the Burning-immunity half is uninstrumented):
  code                 picks   PROCS
  FDR               :     6       0
  FRT               :     6       -
  VNM               :     6       -
  RPD               :     5       -
  SHK               :     5       9
  EXE               :     4       -
  MRK               :     4       -
  TRR               :     4      20
  FVR               :     3       -
  GRN               :     3       -
  PYR               :     3       0
  RCL               :     3       0
  FST               :     2      31
  GHO               :     2       -
  SCV               :     2       -
  ADR               :     1       -

RUN WIN-RATE BY BOON (campaign runs holding it):
  FDR               :   50% ±20  (in 6 runs)
  FRT               :   83% ±15  (in 6 runs)
  VNM               :   83% ±15  (in 6 runs)
  RPD               :  100% ±0  (in 5 runs)
  SHK               :   80% ±18  (in 5 runs)
  EXE               :  100% ±0  (in 4 runs)
  MRK               :   75% ±22  (in 4 runs)
  TRR               :  100% ±0  (in 4 runs)
  FVR               :  100% ±0  (in 3 runs)
  GRN               :  100% ±0  (in 3 runs)
  PYR               :   67% ±27  (in 3 runs)
  RCL               :  100% ±0  (in 3 runs)
  FST               :    0% ±0  (in 2 runs)
  GHO               :  100% ±0  (in 2 runs)
  SCV               :  100% ±0  (in 2 runs)
  ADR               :  100% ±0  (in 1 runs)

RUN WIN-RATE BY SPEC (campaign runs fielding it):
  HHT               :   67% ±16  (in 9 runs)
  BRC               :   67% ±27  (in 3 runs)
  PTH               :  100% ±0  (in 3 runs)
  ADN               :  100% ±0  (in 2 runs)
  PHN               :  100% ±0  (in 2 runs)
  SNT               :   50% ±35  (in 2 runs)
  ANC               :  100% ±0  (in 1 runs)
  JUG               :  100% ±0  (in 1 runs)

RUN WIN-RATE BY PERK (campaign runs holding it):
  HRD               :   73% ±13  (in 11 runs)
  GRD               :   80% ±13  (in 10 runs)
  EXC               :   67% ±16  (in 9 runs)
  GUN               :   67% ±16  (in 9 runs)
  LCK               :   89% ±10  (in 9 runs)
  OUT               :  100% ±0  (in 9 runs)
  CQB               :   75% ±15  (in 8 runs)
  FST               :   88% ±12  (in 8 runs)
  SGE               :   88% ±12  (in 8 runs)
  BRK               :   71% ±17  (in 7 runs)
  TNK               :   71% ±17  (in 7 runs)
  MOM               :   67% ±19  (in 6 runs)
  RFX               :   83% ±15  (in 6 runs)
  SKR               :   83% ±15  (in 6 runs)
  CLH               :  100% ±0  (in 5 runs)
  PLT               :  100% ±0  (in 5 runs)
  BND               :  100% ±0  (in 4 runs)
  MRK               :   75% ±22  (in 4 runs)
  VNT               :   75% ±22  (in 4 runs)

RUN WIN-RATE BY PURCHASE (campaign runs buying it):
  FIELD MEDKIT      :   81% ±10  (in 16 runs)
  BALLISTIC PLATING :   86% ±9  (in 14 runs)
  WPN: SCOPE        :   69% ±13  (in 13 runs)
  WPN: BIPOD        :   83% ±11  (in 12 runs)
  WPN: HOLLOW POINT :  100% ±0  (in 11 runs)
  WPN: STABILIZER   :   78% ±14  (in 9 runs)
  WPN: SUPPRESSOR   :   78% ±14  (in 9 runs)
  COMBAT STIMS      :   86% ±13  (in 7 runs)
  FRAG CACHE        :   86% ±13  (in 7 runs)
  ARMORY            :  100% ±0  (in 6 runs)
  ADV. TRAINING     :   80% ±18  (in 5 runs)
  WPN: EXTENDED MAG :  100% ±0  (in 5 runs)
  COUNTER-PREP      :  100% ±0  (in 4 runs)

RUN WIN-RATE BY EVENT-CHOICE (campaign runs taking id:arm):
  informant:2       :   75% ±22  (in 4 runs)
  quartermaster:1   :  100% ±0  (in 4 runs)
  bloodfeud:2       :   50% ±35  (in 2 runs)
  depot:0           :  100% ±0  (in 2 runs)
  drill:1           :  100% ±0  (in 2 runs)
  informant:1       :  100% ±0  (in 2 runs)
  profiteer:1       :  100% ±0  (in 2 runs)
  reservecall:1     :  100% ±0  (in 2 runs)
  warchest:0        :   50% ±35  (in 2 runs)
  warpension:1      :    0% ±0  (in 2 runs)
  warpension:2      :  100% ±0  (in 2 runs)
═══════════════════════════════════════════════════════════════════════

batch wall-time: 9.3s  (20 matches across 10 campaigns × 2 policy, frame-cap hits: 0)
aggregate JSON -> /home/user/wt/heat-pin/docs/measurements/l5/L5bridge-h0-b70.json
INFO: TEXTURE: [ID 2] Unloaded texture data from VRAM (GPU)
INFO: SHADER: [ID 3] Default shader unloaded successfully
INFO: TEXTURE: [ID 1] Default texture unloaded successfully
INFO: Window closed successfully
