BALANCE: heat NOT pinned (SIGHTLINE_HEATPIN=0) - a heat-N rung may contain heat-N+1 missions
INFO: Initializing raylib 6.0
INFO: Platform backend: DESKTOP (GLFW)
INFO: Supported raylib modules:
INFO:     > rcore:..... loaded (mandatory)
INFO:     > rlgl:...... loaded (mandatory)
INFO:     > rshapes:... loaded (optional)
INFO:     > rtextures:. loaded (optional)
INFO:     > rtext:..... loaded (optional)
INFO:     > rmodels:... loaded (optional)
INFO:     > raudio:.... loaded (optional)
INFO: DISPLAY: Trying to enable MSAA x4
INFO: DISPLAY: Device initialized successfully 
INFO:     > Display size: 1280 x 800
INFO:     > Screen size:  1280 x 800
INFO:     > Render size:  1280 x 800
INFO:     > Viewport offsets: 0, 0
INFO: GLAD: OpenGL extensions loaded successfully
INFO: GL: Supported extensions count: 229
INFO: GL: OpenGL device information:
INFO:     > Vendor:   Mesa
INFO:     > Renderer: llvmpipe (LLVM 20.1.2, 256 bits)
INFO:     > Version:  4.5 (Core Profile) Mesa 25.2.8-0ubuntu0.24.04.2
INFO:     > GLSL:     4.50
INFO: GL: VAO extension detected, VAO functions loaded successfully
INFO: GL: NPOT textures extension detected, full NPOT textures supported
INFO: GL: DXT compressed textures supported
INFO: GL: ETC2/EAC compressed textures supported
INFO: PLATFORM: DESKTOP (GLFW - X11): Initialized successfully
INFO: TEXTURE: [ID 1] Texture loaded successfully (1x1 | R8G8B8A8 | 1 mipmaps)
INFO: TEXTURE: [ID 1] Default texture loaded successfully
INFO: SHADER: [ID 1] Vertex shader compiled successfully
INFO: SHADER: [ID 2] Fragment shader compiled successfully
INFO: SHADER: [ID 3] Program shader loaded successfully
INFO: SHADER: [ID 3] Default shader loaded successfully
INFO: RLGL: Render batch vertex buffers loaded successfully in RAM (CPU)
INFO: RLGL: Render batch vertex buffers loaded successfully in VRAM (GPU)
INFO: RLGL: Default OpenGL state initialized successfully
INFO: TEXTURE: [ID 2] Texture loaded successfully (128x128 | GRAY_ALPHA | 1 mipmaps)
INFO: FONT: Default font loaded successfully (224 glyphs)
INFO: SYSTEM: Working Directory: /home/user/wt/heat-pin
INFO: TIMER: Target time per frame: 0.000 milliseconds
FINALE-KIT: Syndicate
WAVE: +2 (SHIELD,DRONE) [rich]
WAVE: +2 (GRUNT,SHIELD) [rich]
WAVE: +2 (DRONE,GRUNT) [rich]
REINFORCEMENTS: +2 (GRUNT,SCOUT)
REINFORCEMENTS: +2 (SCOUT,GRUNT)
FINALE-KIT: Syndicate
WAVE: +2 (SPOTTER,SHIELD) [rich]
WAVE: +2 (SHIELD,SHIELD) [rich]
WAVE: +2 (DRONE,DRONE) [rich]
FINALE-KIT: Wardens
WAVE: +3 (SHIELD,SCREENER,SAPPER) [rich]
WAVE: +3 (SHIELD,SAPPER,DRONE) [rich]
WAVE: +3 (DRONE,DRONE,SAPPER) [rich]
WAVE: +3 (DRONE,DRONE,DRONE) [rich]
WAVE: +3 (SPOTTER,CUSTODIAN,DRONE) [rich]
FINALE-KIT: Wardens
WAVE: +3 (SPOTTER,DRONE,CUSTODIAN) [rich]
WAVE: +3 (SHIELD,GRUNT,SAPPER) [rich]
WAVE: +2 (DRONE,DRONE) [rich]
FINALE-KIT: Wardens
WAVE: +2 (SAPPER,SPOTTER) [rich]
WAVE: +2 (HOUND,STRIKER) [rich]
WAVE: +2 (SHIELD,SAPPER) [rich]
match 5/20  (W:3 L:2 cap:0)  4.6s
FINALE-KIT: Wardens
WAVE: +2 (HOUND,DRONE) [rich]
WAVE: +2 (STRIKER,CUSTODIAN) [rich]
WAVE: +2 (SNIPER,STRIKER) [rich]
REINFORCEMENTS: +2 (SCOUT,SCOUT)
FINALE-KIT: Legion
WAVE: +2 (SHIELD,SHIELD) [rich]
WAVE: +2 (DRONE,DRONE) [rich]
WAVE: +2 (SAPPER,SHIELD) [rich]
WAVE: +2 (DRONE,SHIELD) [rich]
WAVE: +2 (SHIELD,SHIELD) [rich]
WAVE: +2 (DRONE,SAPPER) [rich]
FINALE-KIT: Legion
WAVE: +2 (DRONE,SAPPER) [rich]
WAVE: +2 (DRONE,DRONE) [rich]
WAVE: +2 (SPOTTER,SHIELD) [rich]
WAVE: +3 (BRUISER,BERSERKER,BERSERKER) [rich]
WAVE: +3 (HUNTER,BERSERKER,BRUISER) [rich]
WAVE: +3 (HOUND,HUNTER,LANCER) [rich]
FINALE-KIT: Syndicate
FINALE-KIT: Syndicate
match 10/20  (W:3 L:7 cap:0)  6.4s
FINALE-KIT: Wardens
WAVE: +2 (HUNTER,BRUISER) [rich]
WAVE: +2 (HOUND,HOUND) [rich]
WAVE: +2 (STRIKER,BERSERKER) [rich]
REINFORCEMENTS: +2 (SCOUT,SCOUT)
FINALE-KIT: Wardens
WAVE: +2 (BRUISER,GRUNT) [rich]
WAVE: +2 (BERSERKER,STRIKER) [rich]
WAVE: +2 (BRUISER,HOUND) [rich]
REINFORCEMENTS: +2 (GRUNT,SCOUT)
FINALE-KIT: Wardens
FINALE-KIT: Wardens
FINALE-KIT: Wardens
WAVE: +2 (STRIKER,STRIKER) [rich]
WAVE: +2 (HUNTER,DRONE) [rich]
WAVE: +2 (SCOUT,LANCER) [rich]
REINFORCEMENTS: +2 (SCOUT,GRUNT)
REINFORCEMENTS: +2 (GRUNT,GRUNT)
WAVE: +3 (BRUISER,BERSERKER,LANCER) [rich]
WAVE: +3 (LANCER,BRUISER,BERSERKER) [rich]
WAVE: +3 (BERSERKER,LANCER,BERSERKER) [rich]
REINFORCEMENTS: +2 (SCOUT,GRUNT)
match 15/20  (W:3 L:12 cap:0)  7.3s
FINALE-KIT: Wardens
WAVE: +2 (LANCER,SCOUT) [rich]
WAVE: +2 (HOUND,SNIPER) [rich]
WAVE: +2 (SCOUT,HUNTER) [rich]
WAVE: +3 (BRUISER,BRUISER,WARBRINGER) [rich]
WAVE: +3 (HUNTER,HUNTER,BRUISER) [rich]
WAVE: +3 (HUNTER,HOUND,BERSERKER) [rich]
FINALE-KIT: Legion
WAVE: +3 (GRUNT,MORTAR,BERSERKER) [rich]
WAVE: +3 (LANCER,CUSTODIAN,SPOTTER) [rich]
WAVE: +3 (SPOTTER,SAPPER,SNIPER) [rich]
WAVE: +3 (HUNTER,LANCER,HUNTER) [rich]
WAVE: +3 (GRUNT,HOUND,DRONE) [rich]
WAVE: +3 (BERSERKER,BERSERKER,SNIPER) [rich]
REINFORCEMENTS: +2 (SCOUT,SCOUT)
REINFORCEMENTS: +2 (GRUNT,GRUNT)
REINFORCEMENTS: +3 (SCOUT,GRUNT,GRUNT)
FINALE-KIT: Legion
WAVE: +3 (HUNTER,SHIELD,SAPPER) [rich]
WAVE: +3 (LANCER,GRUNT,LANCER) [rich]
WAVE: +3 (GRUNT,MORTAR,SNIPER) [rich]
FINALE-KIT: Legion
FINALE-KIT: Legion
match 20/20  (W:6 L:14 cap:0)  8.7s

══════════════════════ SIGHTLINE BALANCE REPORT ══════════════════════
runs=20  missions=72

RUN OUTCOMES (campaign):  win-rate   30%   avg missions cleared 4.1

POLICY GAP (optimal vs human-error; campaign runs only):
  greedy win-rate   30%  (n=10)
  sloppy win-rate   30%  (n=10)
  GAP    0 pts  (healthy slack)
  PAIRED (same-seed slots): pairs=10  concordant=6  discordant greedy-only-won=2 / sloppy-only-won=2  paired gap    0 pts
  PER-SLOT RECORDS (greedy | sloppy: outcome + missions cleared; margin = g−s):
    slot  70 @h2: L 4 | L 4   margin +0
    slot  71 @h2: W 6 | W 6   margin +0
    slot  72 @h2: W 6 | L 4   margin +2
    slot  73 @h2: L 2 | L 5   margin -3
    slot  74 @h2: L 2 | L 2   margin +0
    slot  75 @h2: L 5 | L 5   margin +0
    slot  76 @h2: L 0 | L 0   margin +0
    slot  77 @h2: L 5 | W 6   margin -1
    slot  78 @h2: L 5 | W 6   margin -1
    slot  79 @h2: W 6 | L 3   margin +3
  PAIRED MARGIN (missions cleared, all pairs): +0.00 ±0.52 SE  (n=10 pairs)
  by objective (greedy / sloppy / gap):
    Decapitate :   50% /   43% / gap    7
    Defend     :   88% /  100% / gap  -13
    Eliminate  :   82% /   82% / gap    0
    Escort     :  100% /   75% / gap   25
    Evac       :  100% /  100% / gap    0
    Hack       :  100% /  100% / gap    0
    Rescue     :  100% /  100% / gap    0
    Sabotage   :  100% /  100% / gap    0

DECISION RICHNESS / SWING:
  meaningful-choices/turn 3.26   lead-swings/match 0.8   avg max-swing 49.3
  [shot-gate] acting-soldiers/turn 3.21   armed-soldiers/turn 1.15   armed-fraction 36%   turns-with-a-shot 49%   choices/ARMED-soldier-turn 2.83
  [choice-split] los-targets/ARMED 2.98   target-choices/ARMED 1.01   position-choices/ARMED 1.82

RUN COMPLETION BY HEAT (full-campaign clears):
  heat 2:   30% ±10  (n=20 runs, avg 4.1 missions)
  HEAT LEAK: pinned=NO  heat-raising picks=4  campaigns raised=4  missions off-rung=7/72
  STALEMATES: mission-cap 2  run-cap 0   [slot 74 g m3 Eliminate mis rt=52]  [slot 79 s m4 Escort mis rt=58]

INTEL ECONOMY BY HEAT (campaign runs; heat-bonus = the Heat.IntelBonus share of income):
  heat 2: earned  137.5/run   heat-bonus  21.6 (  16% of income)   spent  122.7   unspent   14.9

MISSION WIN-RATE BY HEAT:
  heat 2:   83%  (n=65, avg 6.5 turns)
  heat 3:   57% ±19  (n=7, avg 12.0 turns)

MISSION WIN-RATE BY OBJECTIVE:
  Eliminate  :   82% ±8  (n=22, avg 5.9 turns)
  Defend     :   94% ±6  (n=17, avg 8.9 turns)
  Decapitate :   47% ±13  (n=15, avg 6.0 turns)
  Escort     :   88% ±12  (n=8, avg 13.3 turns)
  Hack       :  100% ±0  (n=4, avg 3.0 turns)
  Sabotage   :  100% ±0  (n=2, avg 2.0 turns)
  Evac       :  100% ±0  (n=2, avg 3.5 turns)
  Rescue     :  100% ±0  (n=2, avg 3.0 turns)

MISSION WIN-RATE BY OBJECTIVE x NODE KIND (a capstone must never pool with a mid-run node):
  Eliminate  : Start:  90%(n=20)  Elite:   0%(n=2)
               depth: m1:90%(20) m3:0%(2)
  Defend     : Combat:  89%(n=9)  Supply: 100%(n=6)  Elite: 100%(n=2)
               depth: m2:100%(6) m3:75%(4) m4:100%(1) m5:100%(6)
  Decapitate : Boss:  55%(n=11)  Elite:  25%(n=4)
               depth: m5:25%(4) m6:55%(11)
  Escort     : Combat: 100%(n=4)  Elite: 100%(n=2)  Supply:  50%(n=2)
               depth: m3:100%(4) m4:75%(4)
  Hack       : Elite: 100%(n=2)  Combat: 100%(n=2)
               depth: m3:100%(2) m4:100%(2)
  Sabotage   : Combat: 100%(n=2)
               depth: m3:100%(2)
  Evac       : Combat: 100%(n=2)
               depth: m4:100%(2)
  Rescue     : Elite: 100%(n=2)
               depth: m3:100%(2)

ENCOUNTER COMPLETION on MID-RUN nodes (Combat+Elite) — clear% is the share of the fight actually fought:
  objective     n   win%   turns   force    +rf  killed  clear%   prs  WONclear%
  Defend        11   91%     8.9    4.82   7.27    5.91    48.9  0.00     51.2 (n=10)
  Escort         6  100%     8.3    8.00   0.00    1.00    12.5  0.00     12.5 (n=6)
  Decapitate     4   25%     6.8   11.00   1.00    0.75     6.3  1.25     18.2 (n=1)
  Hack           4  100%     3.0    8.50   0.00    0.75     8.8  0.00      8.8 (n=4)
  Eliminate      2    0%    30.5    9.00   0.00    1.50    16.7  3.50      0.0 (n=0)
  Sabotage       2  100%     2.0    5.00   0.00    1.00    20.0  0.00     20.0 (n=2)
  Evac           2  100%     3.5    8.00   0.00    0.00     0.0  0.00      0.0 (n=2)
  Rescue         2  100%     3.0   10.00   0.00    0.00     0.0  0.00      0.0 (n=2)
  ---- the two classes ----
  KILL           6   17%    14.7   10.33   0.67    1.00     9.1  2.00     18.2 (n=1)
  NON-KILL      27   96%     6.6    6.70   2.96    2.81    29.1  0.00     29.5 (n=26)

DECAPITATE HVT (buff = +6+1*mission HP, +6 aim; ELITE exempt):
  EXEMPT  :   47% ±13  (n=15, avg 6.0 turns, HVT 24.1 max HP)  [m5:25%(4) m6:55%(11)]

MISSION WIN-RATE BY MISSION #:
  m1:   90% ±7  (n=20)
  m2:  100% ±0  (n=6)
  m3:   81% ±10  (n=16)
  m4:   89% ±10  (n=9)
  m5:   70% ±14  (n=10)
  m6:   55% ±15  (n=11)

LOSS CAUSES (missions):
  RUN OVER              : 12
  STALEMATE-MISSION     : 2

MISSION WIN-RATE BY ARENA (authored layouts, n>=3; procedural fallback   17% of 72 missions):
  arena 10:   75% ±22  (n=4, avg 8.3 turns)  [m2:100%(1) m3:100%(2) m6:0%(1)]
  arena 13:  100% ±0  (n=4, avg 2.8 turns)  [m1:100%(2) m3:100%(2)]
  arena 15:  100% ±0  (n=4, avg 3.5 turns)  [m4:100%(3) m6:100%(1)]
  arena 17:   50% ±25  (n=4, avg 18.5 turns)  [m4:50%(2) m6:50%(2)]
  arena 19:   67% ±27  (n=3, avg 8.0 turns)  [m2:100%(2) m5:0%(1)]
  arena 27:  100% ±0  (n=4, avg 3.3 turns)  [m1:100%(2) m6:100%(2)]
  arena 28:  100% ±0  (n=5, avg 6.8 turns)  [m1:100%(2) m5:100%(3)]
  arena 33:  100% ±0  (n=6, avg 5.0 turns)  [m1:100%(2) m2:100%(2) m3:100%(2)]
  arena 34:   25% ±22  (n=4, avg 18.5 turns)  [m3:0%(2) m6:50%(2)]
  procedural:   67% ±14  (n=12, avg 8.8 turns)  [m1:50%(4) m2:100%(1) m3:67%(3) m4:100%(1) m5:50%(2) m6:100%(1)]

DEPLOYMENT GEOMETRY (opening shape; choices/ARMED is the wave's real gate):
  FRONTAL   :   76% ±9  (n=25, avg 7.6 turns)  choices/turn 5.26  choices/ARMED 4.03  los-targets/ARMED 4.10
  PINCER    :   85% ±7  (n=27, avg 7.6 turns)  choices/turn 1.89  choices/ARMED 2.05  los-targets/ARMED 2.06
  CROSSFIRE :  100% ±0  (n=5, avg 6.0 turns)  choices/turn 3.64  choices/ARMED 2.08  los-targets/ARMED 2.76
  ENVELOP   :   73% ±11  (n=15, avg 5.3 turns)  choices/turn 1.73  choices/ARMED 1.52  los-targets/ARMED 1.83

ARENA FUNNEL (Mission.Build exits, n=84 builds, all modes):
  authored-applied    :  84.5%  (n=71)
  connectivity-reject :   0.0%  (n=0)
  procedural-roll     :  15.5%  (n=13)

DECK EXPOSURE (campaign runs n=20):
  distinct authored arenas/run : 3.00 mean (all runs)
  ... full-depth runs only     : 3.83 mean over 4.8 fights/run (n=6)
  Defend dealt on the route    :   70% of runs (n=14)

ENEMY DECISION MIX (contested acts=1595; all-downed acts not counted=450):
  hunker          744    47%
  shoot           612    38%
  move            113     7%
  reload           26     2%
  grenade          25     2%
  siege            24     2%
  heal             22     1%
  item             12     1%
  brace             7     0%
  overwatch         4     0%
  sap               3     0%
  shove             3     0%

  the shot on the table (acts where the chosen tile HAD a shot = 681):
    hit% band     taken   share   E[dmg]/shot   declined   share   E[dmg]/shot
      0-19           0      0%          0.00          0      0%          0.00
     20-39          23      4%          1.03          3     75%          1.17
     40-59          61     10%          1.98          1     25%          1.24
     60-79         184     30%          2.43          0      0%          0.00
      80+          344     56%          3.47          0      0%          0.00
    TOTAL           612                              4
  taken   90% / DECLINED    1% / preempted by another verb   10%
  enemy lanes held (overwatch+brace) 11; reaction shots fired 3  ->   27% of lanes paid off   [C2: DeclineWatchRatio is a bet on this number]

ACTION MIX (verbs issued, by policy):
  verb                  greedy        sloppy
  MOVE               503   40%     554   35%
  SHOOT              301   24%     310   19%
  HUNKER              45    4%     222   14%
  OVERWATCH           67    5%     186   12%
  BRACE               75    6%      75    5%
  RELOAD              43    3%      47    3%
  FOCUS               43    3%      40    2%
  INTEL               36    3%      34    2%
  STABILIZE           27    2%      21    1%
  SLIPSTREAM          18    1%      22    1%
  MARK                18    1%      17    1%
  PIN                 12    1%      17    1%
  ITEM:SMOKE          15    1%      11    1%
  PATCH                3    0%      10    1%
  GRAPPLE              5    0%       7    0%
  REARM                6    0%       5    0%
  HACK                 5    0%       5    0%
  PLANT                5    0%       5    0%
  GRENADE              6    0%       2    0%
  EXTRACT              3    0%       5    0%
  BEACON               4    0%       3    0%
  DRAG                 0    0%       3    0%
  BARREL               1    0%       0    0%
  ITEM:BARRICADE       1    0%       0    0%
  ITEM:FLASH           0    0%       1    0%

PLAYER CLASS PERFORMANCE:
  class        shots   hit%   dmg   kills
  SHARPSHOOTER    200    92%   1316     85
  GUNNER         172    84%    741     46
  ASSAULT        165    86%    714     44
  RANGER          93    86%    595     42
  CORPSMAN        37    84%     96      1

SOLDIER DEATHS BY ENEMY CLASS (threat ranking):
  STRIKE     : 18
  BURN       : 11
  DRONE      : 10
  ELITE      : 8
  SHIELD     : 7
  HUNTER     : 7
  MORTAR     : 6
  GRUNT      : 5
  SCOUT      : 5
  LANCER     : 5
  SNIPER     : 5
  SAPPER     : 4
  BERSERKER  : 4
  TURRET     : 3
  SCREENER   : 2
  BRUISER    : 2
  HOUND      : 1
  WARBRINGER : 1
  STRIKER    : 1

SOLDIER DOWNS (FUL-7 bleed-out): 196 downs -> revived 3 / recovered 31 / bled out 132 / finished 30  (save-rate   17%)
  corpsman fielded in 21 missions

ENEMY COMPOSITION (spawns; faction-stamped fights n=526 / default-cascade fights n=174):
  class        faction         default
  GRUNT           44    8%       40   23%
  SCOUT           22    4%       48   28%
  DRONE           45    9%        7    4%
  BERSERKER       49    9%        3    2%
  ELITE           43    8%        5    3%
  SAPPER          35    7%        6    3%
  SHIELD          36    7%        2    1%
  LANCER          30    6%        7    4%
  HUNTER          26    5%       11    6%
  TURRET          29    6%        7    4%
  BRUISER         31    6%        2    1%
  SPOTTER         20    4%        9    5%
  MORTAR          18    3%        4    2%
  SNIPER          12    2%        9    5%
  HOUND           16    3%        4    2%
  STRIKER          8    2%        8    5%
  SCREENER        14    3%        0    0%
  MEDIC           14    3%        0    0%
  WARBRINGER      13    2%        0    0%
  CUSTODIAN       11    2%        2    1%
  BOMBARD          6    1%        0    0%
  PIKEMAN          4    1%        0    0%

PERK PICK FREQUENCY:
  RFX           : 13
  LCK           : 13
  MRK           : 13
  GRD           : 13
  SKR           : 11
  MOM           : 11
  BND           : 11
  TNK           : 10
  EXC           : 9
  OUT           : 9
  VNT           : 8
  CLH           : 8
  GUN           : 7
  HRD           : 7
  PLT           : 7
  FST           : 6
  CQB           : 6
  SGE           : 5
  BRK           : 5

SHOP PURCHASE FREQUENCY:
  FIELD MEDKIT      : 46
  WPN: SCOPE        : 44
  WPN: HOLLOW POINT : 34
  BALLISTIC PLATING : 24
  ADV. TRAINING     : 12
  ARMORY            : 11
  WPN: EXTENDED MAG : 10
  WPN: BIPOD        : 10
  COUNTER-PREP      : 9
  WPN: SUPPRESSOR   : 9
  COMBAT STIMS      : 9
  WPN: STABILIZER   : 8
  FRAG CACHE        : 5

BOON PICK FREQUENCY (PROCS = effect fires at instrumented sites; '-' = not instrumented;
                      PYR counts the +2-turn-burn half only — the Burning-immunity half is uninstrumented):
  code                 picks   PROCS
  RCL               :     6       4
  FRT               :     5       -
  MRK               :     5       -
  TRR               :     5      19
  VNM               :     5       -
  EXE               :     4       -
  FST               :     4      75
  PYR               :     4       0
  SCV               :     4       -
  GHO               :     3       -
  FDR               :     2       0
  FVR               :     2       -
  ADR               :     1       -
  RPD               :     1       -
  SHK               :     1       5

RUN WIN-RATE BY BOON (campaign runs holding it):
  RCL               :   17% ±15  (in 6 runs)
  FRT               :   40% ±22  (in 5 runs)
  MRK               :   40% ±22  (in 5 runs)
  TRR               :   20% ±18  (in 5 runs)
  VNM               :   40% ±22  (in 5 runs)
  EXE               :  100% ±0  (in 4 runs)
  FST               :   50% ±25  (in 4 runs)
  PYR               :   50% ±25  (in 4 runs)
  SCV               :   50% ±25  (in 4 runs)
  GHO               :   67% ±27  (in 3 runs)
  FDR               :   50% ±35  (in 2 runs)
  FVR               :    0% ±0  (in 2 runs)
  ADR               :    0% ±0  (in 1 runs)
  RPD               :  100% ±0  (in 1 runs)
  SHK               :  100% ±0  (in 1 runs)

RUN WIN-RATE BY SPEC (campaign runs fielding it):
  HHT               :   38% ±17  (in 8 runs)
  SNT               :   75% ±22  (in 4 runs)
  BRC               :   33% ±27  (in 3 runs)
  ADN               :   50% ±35  (in 2 runs)
  ANC               :   50% ±35  (in 2 runs)
  JUG               :    0% ±0  (in 1 runs)
  PHN               :    0% ±0  (in 1 runs)
  PTH               :    0% ±0  (in 1 runs)

RUN WIN-RATE BY PERK (campaign runs holding it):
  GRD               :   36% ±15  (in 11 runs)
  MOM               :   30% ±14  (in 10 runs)
  MRK               :   50% ±16  (in 10 runs)
  RFX               :   30% ±14  (in 10 runs)
  BND               :   44% ±17  (in 9 runs)
  LCK               :   44% ±17  (in 9 runs)
  CLH               :   50% ±18  (in 8 runs)
  OUT               :   38% ±17  (in 8 runs)
  SKR               :   25% ±15  (in 8 runs)
  TNK               :   25% ±15  (in 8 runs)
  VNT               :   75% ±15  (in 8 runs)
  HRD               :   57% ±19  (in 7 runs)
  CQB               :   33% ±19  (in 6 runs)
  EXC               :   67% ±19  (in 6 runs)
  GUN               :   50% ±20  (in 6 runs)
  PLT               :   33% ±19  (in 6 runs)
  BRK               :   60% ±22  (in 5 runs)
  FST               :   40% ±22  (in 5 runs)
  SGE               :   20% ±18  (in 5 runs)

RUN WIN-RATE BY PURCHASE (campaign runs buying it):
  FIELD MEDKIT      :   38% ±13  (in 13 runs)
  WPN: SCOPE        :   38% ±13  (in 13 runs)
  BALLISTIC PLATING :   55% ±15  (in 11 runs)
  WPN: HOLLOW POINT :   40% ±15  (in 10 runs)
  ARMORY            :   25% ±15  (in 8 runs)
  COMBAT STIMS      :   43% ±19  (in 7 runs)
  WPN: STABILIZER   :   43% ±19  (in 7 runs)
  WPN: SUPPRESSOR   :   43% ±19  (in 7 runs)
  ADV. TRAINING     :   67% ±19  (in 6 runs)
  COUNTER-PREP      :   33% ±19  (in 6 runs)
  WPN: BIPOD        :   33% ±19  (in 6 runs)
  WPN: EXTENDED MAG :   50% ±20  (in 6 runs)
  FRAG CACHE        :   33% ±27  (in 3 runs)

RUN WIN-RATE BY EVENT-CHOICE (campaign runs taking id:arm):
  informant:2       :   25% ±22  (in 4 runs)
  quartermaster:1   :   25% ±22  (in 4 runs)
  bloodfeud:2       :    0% ±0  (in 2 runs)
  depot:0           :   50% ±35  (in 2 runs)
  drill:1           :    0% ±0  (in 2 runs)
  informant:1       :   50% ±35  (in 2 runs)
  reservecall:1     :    0% ±0  (in 2 runs)
  warchest:0        :    0% ±0  (in 2 runs)
  warpension:1      :  100% ±0  (in 2 runs)
  profiteer:1       :    0% ±0  (in 1 runs)
  warpension:2      :  100% ±0  (in 1 runs)
═══════════════════════════════════════════════════════════════════════

batch wall-time: 8.7s  (20 matches across 10 campaigns × 2 policy, frame-cap hits: 0)
aggregate JSON -> /home/user/wt/heat-pin/docs/measurements/l5/L5bridge-h2-b70.json
INFO: TEXTURE: [ID 2] Unloaded texture data from VRAM (GPU)
INFO: SHADER: [ID 3] Default shader unloaded successfully
INFO: TEXTURE: [ID 1] Default texture unloaded successfully
INFO: Window closed successfully
