BALANCE: heat NOT pinned (SIGHTLINE_HEATPIN=0) - a heat-N rung may contain heat-N+1 missions
INFO: Initializing raylib 6.0
INFO: Platform backend: DESKTOP (GLFW)
INFO: Supported raylib modules:
INFO:     > rcore:..... loaded (mandatory)
INFO:     > rlgl:...... loaded (mandatory)
INFO:     > rshapes:... loaded (optional)
INFO:     > rtextures:. loaded (optional)
INFO:     > rtext:..... loaded (optional)
INFO:     > rmodels:... loaded (optional)
INFO:     > raudio:.... loaded (optional)
INFO: DISPLAY: Trying to enable MSAA x4
INFO: DISPLAY: Device initialized successfully 
INFO:     > Display size: 1280 x 800
INFO:     > Screen size:  1280 x 800
INFO:     > Render size:  1280 x 800
INFO:     > Viewport offsets: 0, 0
INFO: GLAD: OpenGL extensions loaded successfully
INFO: GL: Supported extensions count: 229
INFO: GL: OpenGL device information:
INFO:     > Vendor:   Mesa
INFO:     > Renderer: llvmpipe (LLVM 20.1.2, 256 bits)
INFO:     > Version:  4.5 (Core Profile) Mesa 25.2.8-0ubuntu0.24.04.2
INFO:     > GLSL:     4.50
INFO: GL: VAO extension detected, VAO functions loaded successfully
INFO: GL: NPOT textures extension detected, full NPOT textures supported
INFO: GL: DXT compressed textures supported
INFO: GL: ETC2/EAC compressed textures supported
INFO: PLATFORM: DESKTOP (GLFW - X11): Initialized successfully
INFO: TEXTURE: [ID 1] Texture loaded successfully (1x1 | R8G8B8A8 | 1 mipmaps)
INFO: TEXTURE: [ID 1] Default texture loaded successfully
INFO: SHADER: [ID 1] Vertex shader compiled successfully
INFO: SHADER: [ID 2] Fragment shader compiled successfully
INFO: SHADER: [ID 3] Program shader loaded successfully
INFO: SHADER: [ID 3] Default shader loaded successfully
INFO: RLGL: Render batch vertex buffers loaded successfully in RAM (CPU)
INFO: RLGL: Render batch vertex buffers loaded successfully in VRAM (GPU)
INFO: RLGL: Default OpenGL state initialized successfully
INFO: TEXTURE: [ID 2] Texture loaded successfully (128x128 | GRAY_ALPHA | 1 mipmaps)
INFO: FONT: Default font loaded successfully (224 glyphs)
INFO: SYSTEM: Working Directory: /home/user/wt/heat-pin
INFO: TIMER: Target time per frame: 0.000 milliseconds
FINALE-KIT: Legion
FINALE-KIT: Legion
REINFORCEMENTS: +2 (SCOUT,SCOUT)
FINALE-KIT: Wardens
WAVE: +2 (HUNTER,STRIKER) [rich]
WAVE: +2 (GRUNT,GRUNT) [rich]
WAVE: +2 (SCOUT,BERSERKER) [rich]
FINALE-KIT: Wardens
WAVE: +2 (BRUISER,BERSERKER) [rich]
WAVE: +2 (BERSERKER,BRUISER) [rich]
WAVE: +2 (BERSERKER,SCOUT) [rich]
FINALE-KIT: Wardens
WAVE: +3 (HUNTER,HOUND,HUNTER) [rich]
WAVE: +3 (BRUISER,HUNTER,STRIKER) [rich]
WAVE: +3 (HUNTER,HUNTER,HOUND) [rich]
match 5/20  (W:3 L:2 cap:0)  5.5s
FINALE-KIT: Wardens
WAVE: +3 (BRUISER,HUNTER,BERSERKER) [rich]
WAVE: +3 (BRUISER,STRIKER,BERSERKER) [rich]
WAVE: +3 (HUNTER,GRUNT,BERSERKER) [rich]
FINALE-KIT: Wardens
WAVE: +2 (SAPPER,MORTAR) [rich]
WAVE: +2 (MEDIC,BERSERKER) [rich]
WAVE: +2 (CUSTODIAN,MORTAR) [rich]
FINALE-KIT: Wardens
WAVE: +2 (LANCER,SAPPER) [rich]
WAVE: +2 (STRIKER,MORTAR) [rich]
WAVE: +2 (PIKEMAN,PIKEMAN) [rich]
WAVE: +2 (DRONE,BERSERKER) [rich]
WAVE: +2 (DRONE,MORTAR) [rich]
FINALE-KIT: Syndicate
WAVE: +2 (SNIPER,HOUND) [rich]
WAVE: +2 (SPOTTER,SAPPER) [rich]
WAVE: +2 (SCOUT,MORTAR) [rich]
FINALE-KIT: Syndicate
WAVE: +2 (SAPPER,BERSERKER) [rich]
WAVE: +2 (SNIPER,MEDIC) [rich]
WAVE: +2 (DRONE,SNIPER) [rich]
WAVE: +2 (CUSTODIAN,SPOTTER) [rich]
WAVE: +2 (SAPPER,DRONE) [rich]
match 10/20  (W:5 L:5 cap:0)  7.3s
FINALE-KIT: Legion
FINALE-KIT: Legion
FINALE-KIT: Legion
FINALE-KIT: Legion
FINALE-KIT: Syndicate
WAVE: +3 (SNIPER,SNIPER,GRUNT) [rich]
WAVE: +2 (CUSTODIAN,MEDIC) [rich]
match 15/20  (W:6 L:9 cap:0)  8.0s
FINALE-KIT: Syndicate
WAVE: +3 (MORTAR,MEDIC,GRUNT) [rich]
WAVE: +3 (GRUNT,SCREENER,MORTAR) [rich]
WAVE: +3 (MEDIC,MORTAR,GRUNT) [rich]
FINALE-KIT: Syndicate
WAVE: +3 (PIKEMAN,MORTAR,SNIPER) [rich]
WAVE: +3 (PIKEMAN,MORTAR,SNIPER) [rich]
WAVE: +3 (SNIPER,GRUNT,MEDIC) [rich]
WAVE: +3 (GRUNT,MORTAR,GRUNT) [rich]
WAVE: +3 (SCOUT,GRUNT,SCREENER) [rich]
WAVE: +3 (GRUNT,SNIPER,GRUNT) [rich]
REINFORCEMENTS: +2 (SCOUT,SCOUT)
FINALE-KIT: Syndicate
WAVE: +3 (SNIPER,MEDIC,MORTAR) [rich]
WAVE: +3 (MORTAR,SNIPER,GRUNT) [rich]
WAVE: +3 (GRUNT,SCREENER,GRUNT) [rich]
WAVE: +3 (SCOUT,SNIPER,MORTAR) [rich]
FINALE-KIT: Wardens
WAVE: +3 (SPOTTER,DRONE,GRUNT) [rich]
WAVE: +3 (DRONE,SHIELD,DRONE) [rich]
WAVE: +2 (SCREENER,DRONE) [rich]
FINALE-KIT: Wardens
WAVE: +3 (SHIELD,SHIELD,DRONE) [rich]
WAVE: +3 (SCREENER,SAPPER,SCREENER) [rich]
WAVE: +3 (BRUISER,HOUND,BRUISER) [rich]
WAVE: +2 (BERSERKER,HUNTER) [rich]
WAVE: +2 (LANCER,HUNTER) [rich]
match 20/20  (W:8 L:12 cap:0)  9.4s

══════════════════════ SIGHTLINE BALANCE REPORT ══════════════════════
runs=20  missions=69

RUN OUTCOMES (campaign):  win-rate   40%   avg missions cleared 4.1

POLICY GAP (optimal vs human-error; campaign runs only):
  greedy win-rate   50%  (n=10)
  sloppy win-rate   30%  (n=10)
  GAP   20 pts  (swingy/unforgiving)
  PAIRED (same-seed slots): pairs=10  concordant=6  discordant greedy-only-won=3 / sloppy-only-won=1  paired gap   20 pts
  PER-SLOT RECORDS (greedy | sloppy: outcome + missions cleared; margin = g−s):
    slot  30 @h4: W 6 | L 5   margin +1
    slot  31 @h4: W 6 | L 3   margin +3
    slot  32 @h4: W 6 | W 6   margin +0
    slot  33 @h4: W 6 | L 2   margin +4
    slot  34 @h4: L 4 | L 2   margin +2
    slot  35 @h4: L 1 | L 2   margin -1
    slot  36 @h4: L 2 | L 2   margin +0
    slot  37 @h4: W 6 | W 6   margin +0
    slot  38 @h4: L 5 | L 3   margin +2
    slot  39 @h4: L 3 | W 6   margin -3
  PAIRED MARGIN (missions cleared, all pairs): +0.80 ±0.65 SE  (n=10 pairs)
  by objective (greedy / sloppy / gap):
    Decapitate :   67% /   60% / gap    7
    Defend     :   86% /   63% / gap   23
    Eliminate  :  100% /   91% / gap    9
    Escort     :  100% /   67% / gap   33
    Evac       :  100% /  100% / gap    0
    Rescue     :  100% /  100% / gap    0
    Sabotage   :   67% /  100% / gap  -33

DECISION RICHNESS / SWING:
  meaningful-choices/turn 4.17   lead-swings/match 0.6   avg max-swing 46.4
  [shot-gate] acting-soldiers/turn 3.35   armed-soldiers/turn 1.60   armed-fraction 48%   turns-with-a-shot 68%   choices/ARMED-soldier-turn 2.61
  [choice-split] los-targets/ARMED 2.92   target-choices/ARMED 0.51   position-choices/ARMED 2.10

RUN COMPLETION BY HEAT (full-campaign clears):
  heat 4:   40% ±11  (n=20 runs, avg 4.1 missions)
  HEAT LEAK: pinned=NO  heat-raising picks=4  campaigns raised=4  missions off-rung=8/69

INTEL ECONOMY BY HEAT (campaign runs; heat-bonus = the Heat.IntelBonus share of income):
  heat 4: earned  165.1/run   heat-bonus  50.4 (  31% of income)   spent  149.2   unspent   16.0

MISSION WIN-RATE BY HEAT:
  heat 4:   84%  (n=61, avg 5.2 turns)
  heat 5:   75% ±15  (n=8, avg 4.6 turns)

MISSION WIN-RATE BY OBJECTIVE:
  Eliminate  :   95% ±5  (n=21, avg 3.5 turns)
  Defend     :   73% ±11  (n=15, avg 8.7 turns)
  Decapitate :   64% ±13  (n=14, avg 4.5 turns)
  Escort     :   83% ±15  (n=6, avg 6.5 turns)
  Rescue     :  100% ±0  (n=5, avg 5.0 turns)
  Sabotage   :   80% ±18  (n=5, avg 3.2 turns)
  Evac       :  100% ±0  (n=3, avg 2.3 turns)

MISSION WIN-RATE BY OBJECTIVE x NODE KIND (a capstone must never pool with a mid-run node):
  Eliminate  : Start: 100%(n=20)  Combat:   0%(n=1)
               depth: m1:100%(20) m3:0%(1)
  Defend     : Combat:  78%(n=9)  Supply:  50%(n=4)  Elite: 100%(n=2)
               depth: m2:100%(2) m3:50%(4) m4:50%(4) m5:100%(5)
  Decapitate : Boss:  80%(n=10)  Combat:   0%(n=3)  Supply: 100%(n=1)
               depth: m3:0%(2) m5:50%(2) m6:80%(10)
  Escort     : Combat: 100%(n=4)  Elite:  50%(n=2)
               depth: m2:100%(4) m4:50%(2)
  Rescue     : Combat: 100%(n=3)  Supply: 100%(n=2)
               depth: m3:100%(2) m5:100%(3)
  Sabotage   : Combat:  67%(n=3)  Supply: 100%(n=2)
               depth: m2:50%(2) m4:100%(2) m5:100%(1)
  Evac       : Elite: 100%(n=3)
               depth: m3:100%(2) m4:100%(1)

ENCOUNTER COMPLETION on MID-RUN nodes (Combat+Elite) — clear% is the share of the fight actually fought:
  objective     n   win%   turns   force    +rf  killed  clear%   prs  WONclear%
  Defend        11   82%     8.8    6.91   7.27    5.45    38.5  0.00     41.4 (n=9)
  Escort         6   83%     6.5    7.67   0.00    0.50     6.5  0.00      0.0 (n=5)
  Rescue         3  100%     5.7    8.67   0.00    0.00     0.0  0.00      0.0 (n=3)
  Evac           3  100%     2.3   10.33   0.00    0.00     0.0  0.00      0.0 (n=3)
  Decapitate     3    0%     5.3    9.33   0.00    0.33     3.6  0.33      0.0 (n=0)
  Sabotage       3   67%     3.7    5.33   0.00    1.67    31.3  0.00     33.3 (n=2)
  Eliminate      1    0%     9.0    8.00   0.00    0.00     0.0  2.00      0.0 (n=0)
  ---- the two classes ----
  KILL           4    0%     6.3    9.00   0.00    0.25     2.8  0.75      0.0 (n=0)
  NON-KILL      26   85%     6.6    7.50   3.08    2.62    24.7  0.00     24.6 (n=22)

DECAPITATE HVT (buff = +6+1*mission HP, +6 aim; ELITE exempt):
  EXEMPT  :   64% ±13  (n=14, avg 4.5 turns, HVT 23.1 max HP)  [m3:0%(2) m5:50%(2) m6:80%(10)]

MISSION WIN-RATE BY MISSION #:
  m1:  100% ±0  (n=20)
  m2:   88% ±12  (n=8)
  m3:   55% ±15  (n=11)
  m4:   67% ±16  (n=9)
  m5:   91% ±9  (n=11)
  m6:   80% ±13  (n=10)

LOSS CAUSES (missions):
  RUN OVER              : 11
  VIP LOST              : 1

MISSION WIN-RATE BY ARENA (authored layouts, n>=3; procedural fallback   12% of 69 missions):
  arena  1:   33% ±27  (n=3, avg 4.0 turns)  [m3:0%(2) m6:100%(1)]
  arena  8:  100% ±0  (n=4, avg 2.8 turns)  [m1:100%(2) m3:100%(2)]
  arena 10:   75% ±22  (n=4, avg 4.3 turns)  [m1:100%(2) m6:50%(2)]
  arena 12:   75% ±22  (n=4, avg 3.8 turns)  [m1:100%(2) m2:50%(2)]
  arena 16:  100% ±0  (n=4, avg 2.0 turns)  [m1:100%(2) m6:100%(2)]
  arena 20:   75% ±22  (n=4, avg 5.8 turns)  [m4:75%(4)]
  arena 27:   80% ±18  (n=5, avg 3.6 turns)  [m1:100%(2) m5:67%(3)]
  arena 29:   67% ±27  (n=3, avg 7.7 turns)  [m4:50%(2) m6:100%(1)]
  arena 30:  100% ±0  (n=3, avg 4.0 turns)  [m2:100%(2) m5:100%(1)]
  arena 32:   60% ±22  (n=5, avg 8.4 turns)  [m2:100%(2) m3:50%(2) m4:0%(1)]
  procedural:   75% ±15  (n=8, avg 7.6 turns)  [m1:100%(2) m3:50%(2) m4:100%(1) m5:100%(1) m6:50%(2)]

DEPLOYMENT GEOMETRY (opening shape; choices/ARMED is the wave's real gate):
  FRONTAL   :   90%  (n=30, avg 4.3 turns)  choices/turn 3.80  choices/ARMED 2.77  los-targets/ARMED 2.33
  PINCER    :   89% ±7  (n=19, avg 5.9 turns)  choices/turn 5.67  choices/ARMED 2.99  los-targets/ARMED 3.70
  CROSSFIRE :   67% ±16  (n=9, avg 5.1 turns)  choices/turn 2.52  choices/ARMED 2.26  los-targets/ARMED 2.21
  ENVELOP   :   64% ±15  (n=11, avg 6.0 turns)  choices/turn 3.40  choices/ARMED 1.82  los-targets/ARMED 2.71

ARENA FUNNEL (Mission.Build exits, n=81 builds, all modes):
  authored-applied    :  87.7%  (n=71)
  connectivity-reject :   0.0%  (n=0)
  procedural-roll     :  12.3%  (n=10)

DECK EXPOSURE (campaign runs n=20):
  distinct authored arenas/run : 3.05 mean (all runs)
  ... full-depth runs only     : 4.13 mean over 4.4 fights/run (n=8)
  Defend dealt on the route    :   70% of runs (n=14)

ENEMY DECISION MIX (contested acts=985; all-downed acts not counted=404):
  shoot           546    55%
  hunker          250    25%
  move             87     9%
  grenade          21     2%
  siege            21     2%
  heal             19     2%
  reload           14     1%
  item              9     1%
  shove             8     1%
  brace             7     1%
  overwatch         1     0%
  sap               1     0%
  staleplan         1     0%

  the shot on the table (acts where the chosen tile HAD a shot = 598):
    hit% band     taken   share   E[dmg]/shot   declined   share   E[dmg]/shot
      0-19           1      0%          0.54          0      0%          0.00
     20-39          15      3%          1.45          2    100%          1.50
     40-59          48      9%          1.95          0      0%          0.00
     60-79         189     35%          2.43          0      0%          0.00
      80+          293     54%          3.77          0      0%          0.00
    TOTAL           546                              2
  taken   91% / DECLINED    0% / preempted by another verb    8%
  enemy lanes held (overwatch+brace) 8; reaction shots fired 4  ->   50% of lanes paid off   [C2: DeclineWatchRatio is a bet on this number]

ACTION MIX (verbs issued, by policy):
  verb                  greedy        sloppy
  MOVE               465   41%     511   46%
  SHOOT              288   25%     293   26%
  HUNKER              93    8%      66    6%
  OVERWATCH           51    4%      20    2%
  BRACE               40    3%      31    3%
  INTEL               33    3%      33    3%
  RELOAD              37    3%      26    2%
  STABILIZE           30    3%      29    3%
  SLIPSTREAM          17    1%      18    2%
  MARK                17    1%      13    1%
  FOCUS               14    1%      11    1%
  PIN                 14    1%       9    1%
  ITEM:SMOKE           7    1%      16    1%
  REARM                6    1%       9    1%
  PLANT                9    1%       6    1%
  GRAPPLE              5    0%       7    1%
  GRENADE              5    0%       3    0%
  EXTRACT              4    0%       2    0%
  BEACON               4    0%       2    0%
  PATCH                3    0%       3    0%
  BARREL               4    0%       1    0%
  DRAG                 1    0%       0    0%
  ITEM:FLASH           0    0%       1    0%

PLAYER CLASS PERFORMANCE:
  class        shots   hit%   dmg   kills
  SHARPSHOOTER    135    93%    939     53
  GUNNER         163    84%    789     48
  RANGER         123    89%    746     45
  ASSAULT        156    84%    697     52
  CORPSMAN        19    79%     59      3

SOLDIER DEATHS BY ENEMY CLASS (threat ranking):
  GRUNT      : 12
  ELITE      : 11
  SHIELD     : 9
  BERSERKER  : 8
  DRONE      : 6
  STRIKE     : 5
  BURN       : 4
  MORTAR     : 3
  LANCER     : 3
  SCOUT      : 3
  BRUISER    : 3
  TURRET     : 3
  HOUND      : 2
  SPOTTER    : 2
  SNIPER     : 1
  PIKEMAN    : 1
  HUNTER     : 1
  SCREENER   : 1
  STRIKER    : 1

SOLDIER DOWNS (FUL-7 bleed-out): 185 downs -> revived 4 / recovered 48 / bled out 115 / finished 16  (save-rate   29%)
  corpsman fielded in 19 missions

ENEMY COMPOSITION (spawns; faction-stamped fights n=496 / default-cascade fights n=190):
  class        faction         default
  GRUNT           54   11%       38   20%
  SCOUT           24    5%       45   24%
  MORTAR          41    8%       14    7%
  HUNTER          46    9%        2    1%
  BERSERKER       34    7%       10    5%
  ELITE           32    6%        9    5%
  SNIPER          32    6%        7    4%
  BRUISER         34    7%        0    0%
  MEDIC           21    4%        7    4%
  DRONE           23    5%        4    2%
  SHIELD          22    4%        4    2%
  HOUND           15    3%       10    5%
  SCREENER        20    4%        5    3%
  STRIKER         12    2%       12    6%
  LANCER          15    3%        5    3%
  SAPPER          13    3%        5    3%
  TURRET          15    3%        2    1%
  SPOTTER          9    2%        4    2%
  PIKEMAN          8    2%        4    2%
  WARBRINGER      10    2%        1    1%
  CUSTODIAN        7    1%        2    1%
  BOMBARD          9    2%        0    0%

PERK PICK FREQUENCY:
  SGE           : 12
  SKR           : 11
  RFX           : 9
  CQB           : 9
  MOM           : 9
  FST           : 9
  LCK           : 8
  BRK           : 8
  OUT           : 8
  MRK           : 7
  BND           : 7
  GUN           : 7
  GRD           : 6
  EXC           : 6
  CLH           : 3
  HRD           : 3
  TNK           : 3
  PLT           : 2
  VNT           : 2

SHOP PURCHASE FREQUENCY:
  WPN: HOLLOW POINT : 51
  WPN: SCOPE        : 48
  FIELD MEDKIT      : 41
  WPN: STABILIZER   : 27
  WPN: EXTENDED MAG : 17
  FRAG CACHE        : 16
  COUNTER-PREP      : 15
  ARMORY            : 15
  COMBAT STIMS      : 11
  BALLISTIC PLATING : 11
  WPN: BIPOD        : 10
  ADV. TRAINING     : 6
  WPN: SUPPRESSOR   : 6

BOON PICK FREQUENCY (PROCS = effect fires at instrumented sites; '-' = not instrumented;
                      PYR counts the +2-turn-burn half only — the Burning-immunity half is uninstrumented):
  code                 picks   PROCS
  EXE               :     5       -
  FST               :     4      33
  GRN               :     4       -
  SCV               :     4       -
  VNM               :     4       -
  ADR               :     3       -
  FDR               :     3       0
  FVR               :     3       -
  MRK               :     3       -
  PYR               :     3       0
  RCL               :     3       0
  RPD               :     3       -
  FRT               :     2       -
  GHO               :     2       -
  SHK               :     2       4
  TRR               :     1       2

RUN WIN-RATE BY BOON (campaign runs holding it):
  EXE               :   80% ±18  (in 5 runs)
  FST               :   50% ±25  (in 4 runs)
  GRN               :   75% ±22  (in 4 runs)
  SCV               :   25% ±22  (in 4 runs)
  VNM               :   75% ±22  (in 4 runs)
  ADR               :   67% ±27  (in 3 runs)
  FDR               :  100% ±0  (in 3 runs)
  FVR               :   33% ±27  (in 3 runs)
  MRK               :    0% ±0  (in 3 runs)
  PYR               :   33% ±27  (in 3 runs)
  RCL               :   67% ±27  (in 3 runs)
  RPD               :   67% ±27  (in 3 runs)
  FRT               :   50% ±35  (in 2 runs)
  GHO               :   50% ±35  (in 2 runs)
  SHK               :   50% ±35  (in 2 runs)
  TRR               :    0% ±0  (in 1 runs)

RUN WIN-RATE BY SPEC (campaign runs fielding it):
  SNT               :  100% ±0  (in 4 runs)
  BRC               :   67% ±27  (in 3 runs)
  JUG               :  100% ±0  (in 3 runs)
  PTH               :   67% ±27  (in 3 runs)
  ADN               :   50% ±35  (in 2 runs)
  HHT               :  100% ±0  (in 1 runs)
  PHN               :  100% ±0  (in 1 runs)

RUN WIN-RATE BY PERK (campaign runs holding it):
  SKR               :   60% ±15  (in 10 runs)
  SGE               :   56% ±17  (in 9 runs)
  CQB               :   50% ±18  (in 8 runs)
  BRK               :   43% ±19  (in 7 runs)
  FST               :   71% ±17  (in 7 runs)
  GUN               :   43% ±19  (in 7 runs)
  LCK               :   57% ±19  (in 7 runs)
  MOM               :   57% ±19  (in 7 runs)
  RFX               :   43% ±19  (in 7 runs)
  BND               :   50% ±20  (in 6 runs)
  GRD               :   50% ±20  (in 6 runs)
  MRK               :   50% ±20  (in 6 runs)
  OUT               :   33% ±19  (in 6 runs)
  EXC               :   40% ±22  (in 5 runs)
  CLH               :   33% ±27  (in 3 runs)
  HRD               :   33% ±27  (in 3 runs)
  TNK               :  100% ±0  (in 3 runs)
  PLT               :    0% ±0  (in 2 runs)
  VNT               :   50% ±35  (in 2 runs)

RUN WIN-RATE BY PURCHASE (campaign runs buying it):
  FIELD MEDKIT      :   53% ±13  (in 15 runs)
  WPN: SCOPE        :   36% ±13  (in 14 runs)
  WPN: HOLLOW POINT :   62% ±13  (in 13 runs)
  ARMORY            :   50% ±14  (in 12 runs)
  FRAG CACHE        :   50% ±16  (in 10 runs)
  WPN: STABILIZER   :   70% ±14  (in 10 runs)
  COUNTER-PREP      :   56% ±17  (in 9 runs)
  COMBAT STIMS      :   75% ±15  (in 8 runs)
  WPN: EXTENDED MAG :   38% ±17  (in 8 runs)
  WPN: BIPOD        :   43% ±19  (in 7 runs)
  BALLISTIC PLATING :   33% ±19  (in 6 runs)
  ADV. TRAINING     :   20% ±18  (in 5 runs)
  WPN: SUPPRESSOR   :   33% ±27  (in 3 runs)

RUN WIN-RATE BY EVENT-CHOICE (campaign runs taking id:arm):
  blackmarket:2     :   33% ±19  (in 6 runs)
  informant:1       :   50% ±25  (in 4 runs)
  quartermaster:1   :   75% ±22  (in 4 runs)
  drill:0           :    0% ±0  (in 2 runs)
  fieldhospital:2   :  100% ±0  (in 2 runs)
  grave:0           :  100% ±0  (in 2 runs)
  informant:2       :   50% ±35  (in 2 runs)
  warchest:1        :   50% ±35  (in 2 runs)
  defector:0        :    0% ±0  (in 1 runs)
═══════════════════════════════════════════════════════════════════════

batch wall-time: 9.4s  (20 matches across 10 campaigns × 2 policy, frame-cap hits: 0)
aggregate JSON -> /home/user/wt/heat-pin/docs/measurements/l5/L5bridge-h4-b30.json
INFO: TEXTURE: [ID 2] Unloaded texture data from VRAM (GPU)
INFO: SHADER: [ID 3] Default shader unloaded successfully
INFO: TEXTURE: [ID 1] Default texture unloaded successfully
INFO: Window closed successfully
