BALANCE: heat NOT pinned (SIGHTLINE_HEATPIN=0) - a heat-N rung may contain heat-N+1 missions
INFO: Initializing raylib 6.0
INFO: Platform backend: DESKTOP (GLFW)
INFO: Supported raylib modules:
INFO:     > rcore:..... loaded (mandatory)
INFO:     > rlgl:...... loaded (mandatory)
INFO:     > rshapes:... loaded (optional)
INFO:     > rtextures:. loaded (optional)
INFO:     > rtext:..... loaded (optional)
INFO:     > rmodels:... loaded (optional)
INFO:     > raudio:.... loaded (optional)
INFO: DISPLAY: Trying to enable MSAA x4
INFO: DISPLAY: Device initialized successfully 
INFO:     > Display size: 1280 x 800
INFO:     > Screen size:  1280 x 800
INFO:     > Render size:  1280 x 800
INFO:     > Viewport offsets: 0, 0
INFO: GLAD: OpenGL extensions loaded successfully
INFO: GL: Supported extensions count: 229
INFO: GL: OpenGL device information:
INFO:     > Vendor:   Mesa
INFO:     > Renderer: llvmpipe (LLVM 20.1.2, 256 bits)
INFO:     > Version:  4.5 (Core Profile) Mesa 25.2.8-0ubuntu0.24.04.2
INFO:     > GLSL:     4.50
INFO: GL: VAO extension detected, VAO functions loaded successfully
INFO: GL: NPOT textures extension detected, full NPOT textures supported
INFO: GL: DXT compressed textures supported
INFO: GL: ETC2/EAC compressed textures supported
INFO: PLATFORM: DESKTOP (GLFW - X11): Initialized successfully
INFO: TEXTURE: [ID 1] Texture loaded successfully (1x1 | R8G8B8A8 | 1 mipmaps)
INFO: TEXTURE: [ID 1] Default texture loaded successfully
INFO: SHADER: [ID 1] Vertex shader compiled successfully
INFO: SHADER: [ID 2] Fragment shader compiled successfully
INFO: SHADER: [ID 3] Program shader loaded successfully
INFO: SHADER: [ID 3] Default shader loaded successfully
INFO: RLGL: Render batch vertex buffers loaded successfully in RAM (CPU)
INFO: RLGL: Render batch vertex buffers loaded successfully in VRAM (GPU)
INFO: RLGL: Default OpenGL state initialized successfully
INFO: TEXTURE: [ID 2] Texture loaded successfully (128x128 | GRAY_ALPHA | 1 mipmaps)
INFO: FONT: Default font loaded successfully (224 glyphs)
INFO: SYSTEM: Working Directory: /home/user/wt/heat-pin
INFO: TIMER: Target time per frame: 0.000 milliseconds
FINALE-KIT: Syndicate
FINALE-KIT: Syndicate
FINALE-KIT: Wardens
WAVE: +2 (MORTAR,SNIPER) [rich]
WAVE: +2 (MEDIC,GRUNT) [rich]
WAVE: +2 (SNIPER,MEDIC) [rich]
WAVE: +2 (GRUNT,MORTAR) [rich]
FINALE-KIT: Wardens
WAVE: +2 (CUSTODIAN,SNIPER) [rich]
WAVE: +2 (SNIPER,SNIPER) [rich]
WAVE: +2 (PIKEMAN,PIKEMAN) [rich]
WAVE: +2 (MORTAR,MORTAR) [rich]
REINFORCEMENTS: +2 (GRUNT,SCOUT)
FINALE-KIT: Syndicate
WAVE: +3 (SNIPER,SHIELD,SPOTTER) [rich]
WAVE: +3 (STRIKER,CUSTODIAN,MORTAR) [rich]
WAVE: +1 (PIKEMAN) [rich]
match 5/20  (W:0 L:5 cap:0)  4.2s
FINALE-KIT: Syndicate
WAVE: +3 (GRUNT,SAPPER,STRIKER) [rich]
WAVE: +3 (STRIKER,SPOTTER,PIKEMAN) [rich]
WAVE: +2 (SHIELD,HOUND) [rich]
FINALE-KIT: Syndicate
WAVE: +3 (BRUISER,LANCER,BERSERKER) [rich]
WAVE: +3 (STRIKER,BERSERKER,HUNTER) [rich]
WAVE: +3 (BRUISER,HUNTER,LANCER) [rich]
WAVE: +3 (WARBRINGER,HUNTER,HOUND) [rich]
FINALE-KIT: Syndicate
WAVE: +3 (BERSERKER,BERSERKER,STRIKER) [rich]
WAVE: +3 (HUNTER,BERSERKER,BRUISER) [rich]
WAVE: +3 (HUNTER,WARBRINGER,HUNTER) [rich]
WAVE: +3 (HOUND,HUNTER,BRUISER) [rich]
WAVE: +3 (BRUISER,GRUNT,HUNTER) [rich]
FINALE-KIT: Legion
REINFORCEMENTS: +2 (SCOUT,SCOUT)
FINALE-KIT: Legion
REINFORCEMENTS: +2 (GRUNT,SCOUT)
REINFORCEMENTS: +2 (GRUNT,GRUNT)
REINFORCEMENTS: +3 (SCOUT,GRUNT,GRUNT)
match 10/20  (W:0 L:10 cap:0)  7.1s
FINALE-KIT: Wardens
WAVE: +3 (SHIELD,HOUND,SNIPER) [rich]
WAVE: +3 (HUNTER,SPOTTER,CUSTODIAN) [rich]
WAVE: +1 (SAPPER) [rich]
WAVE: +3 (BERSERKER,HOUND,SHIELD) [rich]
WAVE: +3 (HUNTER,BERSERKER,DRONE) [rich]
WAVE: +3 (SAPPER,SHIELD,MORTAR) [rich]
REINFORCEMENTS: +2 (SCOUT,SCOUT)
FINALE-KIT: Wardens
FINALE-KIT: Syndicate
WAVE: +2 (SCOUT,MORTAR) [rich]
WAVE: +2 (SNIPER,MEDIC) [rich]
WAVE: +2 (SCOUT,MEDIC) [rich]
REINFORCEMENTS: +2 (SCOUT,GRUNT)
FINALE-KIT: Syndicate
WAVE: +2 (SNIPER,SCOUT) [rich]
WAVE: +2 (MEDIC,SNIPER) [rich]
WAVE: +2 (MEDIC,MEDIC) [rich]
FINALE-KIT: Legion
match 15/20  (W:1 L:14 cap:0)  8.4s
FINALE-KIT: Legion
FINALE-KIT: Syndicate
WAVE: +3 (HUNTER,WARBRINGER,BRUISER) [rich]
WAVE: +3 (BERSERKER,LANCER,BRUISER) [rich]
WAVE: +3 (BRUISER,BERSERKER,LANCER) [rich]
WAVE: +3 (BRUISER,WARBRINGER,BERSERKER) [rich]
WAVE: +3 (BRUISER,WARBRINGER,GRUNT) [rich]
FINALE-KIT: Syndicate
WAVE: +3 (LANCER,STRIKER,GRUNT) [rich]
WAVE: +3 (HOUND,BRUISER,BERSERKER) [rich]
WAVE: +3 (HOUND,STRIKER,LANCER) [rich]
WAVE: +3 (HUNTER,BRUISER,BERSERKER) [rich]
WAVE: +3 (BRUISER,WARBRINGER,LANCER) [rich]
WAVE: +3 (BRUISER,HUNTER,BRUISER) [rich]
REINFORCEMENTS: +2 (GRUNT,GRUNT)
REINFORCEMENTS: +2 (SCOUT,GRUNT)
FINALE-KIT: Wardens
REINFORCEMENTS: +2 (GRUNT,SCOUT)
REINFORCEMENTS: +2 (SCOUT,GRUNT)
REINFORCEMENTS: +2 (GRUNT,SCOUT)
FINALE-KIT: Wardens
REINFORCEMENTS: +2 (GRUNT,GRUNT)
REINFORCEMENTS: +2 (GRUNT,GRUNT)
REINFORCEMENTS: +2 (GRUNT,GRUNT)
match 20/20  (W:1 L:19 cap:0)  9.9s

══════════════════════ SIGHTLINE BALANCE REPORT ══════════════════════
runs=20  missions=68

RUN OUTCOMES (campaign):  win-rate    5%   avg missions cleared 3.1

POLICY GAP (optimal vs human-error; campaign runs only):
  greedy win-rate    0%  (n=10)
  sloppy win-rate   10%  (n=10)
  GAP  -10 pts  (healthy slack)
  PAIRED (same-seed slots): pairs=10  concordant=9  discordant greedy-only-won=0 / sloppy-only-won=1  paired gap  -10 pts
  PER-SLOT RECORDS (greedy | sloppy: outcome + missions cleared; margin = g−s):
    slot  60 @h4: L 0 | L 0   margin +0
    slot  61 @h4: L 2 | L 5   margin -3
    slot  62 @h4: L 5 | L 4   margin +1
    slot  63 @h4: L 3 | L 3   margin +0
    slot  64 @h4: L 3 | L 1   margin +2
    slot  65 @h4: L 5 | L 1   margin +4
    slot  66 @h4: L 5 | W 6   margin -1
    slot  67 @h4: L 0 | L 0   margin +0
    slot  68 @h4: L 3 | L 5   margin -2
    slot  69 @h4: L 5 | L 5   margin +0
  PAIRED MARGIN (missions cleared, all pairs): +0.10 ±0.62 SE  (n=10 pairs)
  by objective (greedy / sloppy / gap):
    Decapitate :   17% /   20% / gap   -3
    Defend     :   50% /   80% / gap  -30
    Eliminate  :   83% /   75% / gap    8
    Escort     :  100% /  100% / gap    0
    Evac       :  100% /  100% / gap    0
    Hack       :  100% /  100% / gap    0
    Rescue     :  100% /  100% / gap    0
    Sabotage   :  100% /    0% / gap  100

DECISION RICHNESS / SWING:
  meaningful-choices/turn 3.27   lead-swings/match 0.7   avg max-swing 48.7
  [shot-gate] acting-soldiers/turn 3.21   armed-soldiers/turn 1.38   armed-fraction 43%   turns-with-a-shot 59%   choices/ARMED-soldier-turn 2.37
  [choice-split] los-targets/ARMED 3.21   target-choices/ARMED 0.53   position-choices/ARMED 1.84

RUN COMPLETION BY HEAT (full-campaign clears):
  heat 4:    5% ±5  (n=20 runs, avg 3.1 missions)
  HEAT LEAK: pinned=NO  heat-raising picks=0  campaigns raised=0  missions off-rung=0/68

INTEL ECONOMY BY HEAT (campaign runs; heat-bonus = the Heat.IntelBonus share of income):
  heat 4: earned  154.1/run   heat-bonus  48.0 (  31% of income)   spent  138.7   unspent   15.5

MISSION WIN-RATE BY HEAT:
  heat 4:   72%  (n=68, avg 6.2 turns)

MISSION WIN-RATE BY OBJECTIVE:
  Eliminate  :   79% ±8  (n=24, avg 4.9 turns)
  Defend     :   64% ±15  (n=11, avg 8.4 turns)
  Decapitate :   18% ±12  (n=11, avg 8.2 turns)
  Escort     :  100% ±0  (n=7, avg 8.3 turns)
  Rescue     :  100% ±0  (n=7, avg 3.9 turns)
  Hack       :  100% ±0  (n=4, avg 3.0 turns)
  Sabotage   :   50% ±35  (n=2, avg 4.0 turns)
  Evac       :  100% ±0  (n=2, avg 8.5 turns)

MISSION WIN-RATE BY OBJECTIVE x NODE KIND (a capstone must never pool with a mid-run node):
  Eliminate  : Start:  80%(n=20)  Supply: 100%(n=2)  Combat:  50%(n=2)
               depth: m1:80%(20) m2:75%(4)
  Defend     : Combat:  33%(n=6)  Supply: 100%(n=3)  Elite: 100%(n=2)
               depth: m2:100%(2) m3:50%(2) m4:57%(7)
  Decapitate : Boss:  13%(n=8)  Supply:  50%(n=2)  Combat:   0%(n=1)
               depth: m2:50%(2) m4:0%(1) m6:12%(8)
  Escort     : Supply: 100%(n=3)  Combat: 100%(n=2)  Elite: 100%(n=2)
               depth: m3:100%(3) m4:100%(2) m5:100%(2)
  Rescue     : Combat: 100%(n=6)  Elite: 100%(n=1)
               depth: m2:100%(2) m3:100%(3) m4:100%(2)
  Hack       : Elite: 100%(n=4)
               depth: m3:100%(2) m5:100%(2)
  Sabotage   : Combat:  50%(n=2)
               depth: m5:50%(2)
  Evac       : Elite: 100%(n=2)
               depth: m3:100%(2)

ENCOUNTER COMPLETION on MID-RUN nodes (Combat+Elite) — clear% is the share of the fight actually fought:
  objective     n   win%   turns   force    +rf  killed  clear%   prs  WONclear%
  Defend         8   50%     8.1    6.25   6.50    3.13    24.5  0.00     34.0 (n=4)
  Rescue         7  100%     3.9    8.00   0.00    0.00     0.0  0.00      0.0 (n=7)
  Escort         4  100%    11.3    9.50   0.00    2.50    26.3  0.00     26.3 (n=4)
  Hack           4  100%     3.0   10.50   0.00    1.25    11.9  0.00     11.9 (n=4)
  Sabotage       2   50%     4.0    8.00   0.00    0.50     6.3  0.00      0.0 (n=1)
  Eliminate      2   50%     6.0    6.00   0.00    5.50    91.7  1.00    100.0 (n=1)
  Evac           2  100%     8.5   10.00   0.00    1.50    15.0  0.00     15.0 (n=2)
  Decapitate     1    0%     9.0    9.00   2.00    1.00     9.1  2.00      0.0 (n=0)
  ---- the two classes ----
  KILL           3   33%     7.0    7.00   0.67    4.00    52.2  1.33    100.0 (n=1)
  NON-KILL      27   81%     6.4    8.22   1.93    1.63    16.1  0.00     16.4 (n=22)

DECAPITATE HVT (buff = +6+1*mission HP, +6 aim; ELITE exempt):
  EXEMPT  :   13% ±12  (n=8, avg 7.8 turns, HVT 22.0 max HP)  [m6:12%(8)]
  BUFFED  :   33% ±27  (n=3, avg 9.3 turns, HVT 21.0 max HP)  [m2:50%(2) m4:0%(1)]

MISSION WIN-RATE BY MISSION #:
  m1:   80% ±9  (n=20)
  m2:   80% ±13  (n=10)
  m3:   92% ±8  (n=12)
  m4:   67% ±14  (n=12)
  m5:   83% ±15  (n=6)
  m6:   13% ±12  (n=8)

LOSS CAUSES (missions):
  RUN OVER              : 19

MISSION WIN-RATE BY ARENA (authored layouts, n>=3; procedural fallback   16% of 68 missions):
  arena 11:  100% ±0  (n=3, avg 7.0 turns)  [m2:100%(1) m4:100%(2)]
  arena 12:  100% ±0  (n=3, avg 3.3 turns)  [m1:100%(2) m4:100%(1)]
  arena 23:   67% ±27  (n=3, avg 5.7 turns)  [m1:100%(2) m6:0%(1)]
  arena 25:   60% ±22  (n=5, avg 7.2 turns)  [m2:100%(2) m3:0%(1) m4:0%(1) m5:100%(1)]
  arena 28:   25% ±22  (n=4, avg 9.3 turns)  [m1:0%(2) m3:100%(1) m6:0%(1)]
  arena 29:   60% ±22  (n=5, avg 4.6 turns)  [m1:100%(2) m2:50%(2) m6:0%(1)]
  arena 30:  100% ±0  (n=4, avg 6.8 turns)  [m3:100%(2) m4:100%(2)]
  procedural:   82% ±12  (n=11, avg 5.8 turns)  [m1:50%(4) m2:100%(2) m3:100%(2) m4:100%(2) m5:100%(1)]

DEPLOYMENT GEOMETRY (opening shape; choices/ARMED is the wave's real gate):
  FRONTAL   :   85%  (n=40, avg 6.1 turns)  choices/turn 3.61  choices/ARMED 2.52  los-targets/ARMED 3.27
  PINCER    :   65% ±11  (n=20, avg 6.2 turns)  choices/turn 3.17  choices/ARMED 2.19  los-targets/ARMED 3.39
  ENVELOP   :   25% ±15  (n=8, avg 7.0 turns)  choices/turn 1.86  choices/ARMED 1.90  los-targets/ARMED 2.10

ARENA FUNNEL (Mission.Build exits, n=81 builds, all modes):
  authored-applied    :  84.0%  (n=68)
  connectivity-reject :   0.0%  (n=0)
  procedural-roll     :  16.0%  (n=13)

DECK EXPOSURE (campaign runs n=20):
  distinct authored arenas/run : 2.85 mean (all runs)
  ... full-depth runs only     : 4.00 mean over 5.0 fights/run (n=1)
  Defend dealt on the route    :   55% of runs (n=11)

ENEMY DECISION MIX (contested acts=1119; all-downed acts not counted=601):
  shoot           613    55%
  hunker          260    23%
  move             95     8%
  grenade          38     3%
  item             25     2%
  reload           22     2%
  heal             20     2%
  brace            18     2%
  siege            18     2%
  shove             4     0%
  overwatch         3     0%
  sap               2     0%
  staleplan         1     0%

  the shot on the table (acts where the chosen tile HAD a shot = 702):
    hit% band     taken   share   E[dmg]/shot   declined   share   E[dmg]/shot
      0-19           1      0%          0.45          0      0%          0.00
     20-39          10      2%          1.43          2    100%          0.78
     40-59          36      6%          1.84          0      0%          0.00
     60-79         230     38%          2.56          0      0%          0.00
      80+          336     55%          3.66          0      0%          0.00
    TOTAL           613                              2
  taken   87% / DECLINED    0% / preempted by another verb   12%
  enemy lanes held (overwatch+brace) 21; reaction shots fired 8  ->   38% of lanes paid off   [C2: DeclineWatchRatio is a bet on this number]

ACTION MIX (verbs issued, by policy):
  verb                  greedy        sloppy
  MOVE               556   46%     637   51%
  SHOOT              247   20%     243   19%
  HUNKER             144   12%      96    8%
  BRACE               60    5%      45    4%
  INTEL               31    3%      34    3%
  STABILIZE           35    3%      26    2%
  RELOAD              22    2%      34    3%
  OVERWATCH           17    1%      29    2%
  SLIPSTREAM          16    1%      25    2%
  FOCUS               11    1%      19    2%
  ITEM:SMOKE          14    1%      14    1%
  PIN                 15    1%      10    1%
  MARK                14    1%       7    1%
  REARM                6    0%       7    1%
  EXTRACT              9    1%       3    0%
  PLANT                4    0%       4    0%
  BEACON               5    0%       3    0%
  HACK                 4    0%       4    0%
  GRENADE              2    0%       5    0%
  PATCH                2    0%       4    0%
  GRAPPLE              3    0%       2    0%
  BARREL               2    0%       1    0%
  ITEM:BARRICADE       0    0%       2    0%

PLAYER CLASS PERFORMANCE:
  class        shots   hit%   dmg   kills
  RANGER         102    90%    636     41
  SHARPSHOOTER     98    92%    623     44
  GUNNER         128    84%    540     39
  ASSAULT         98    85%    414     31
  CORPSMAN        34    94%    129      5

SOLDIER DEATHS BY ENEMY CLASS (threat ranking):
  BURN       : 16
  SCOUT      : 13
  BRUISER    : 12
  SNIPER     : 11
  WARBRINGER : 10
  GRUNT      : 8
  BERSERKER  : 8
  ELITE      : 7
  STRIKER    : 4
  SCREENER   : 4
  STRIKE     : 3
  SAPPER     : 3
  TURRET     : 3
  MEDIC      : 2
  MORTAR     : 2
  LANCER     : 2
  CUSTODIAN  : 2
  SPOTTER    : 2
  HUNTER     : 2
  PIKEMAN    : 2
  HOUND      : 1
  SHIELD     : 1
  DRONE      : 1

SOLDIER DOWNS (FUL-7 bleed-out): 214 downs -> revived 2 / recovered 30 / bled out 159 / finished 23  (save-rate   15%)
  corpsman fielded in 26 missions

ENEMY COMPOSITION (spawns; faction-stamped fights n=519 / default-cascade fights n=187):
  class        faction         default
  SCOUT           21    4%       67   36%
  GRUNT           48    9%       26   14%
  BERSERKER       66   13%        8    4%
  BRUISER         58   11%        2    1%
  HUNTER          39    8%        5    3%
  SNIPER          31    6%        8    4%
  ELITE           32    6%        1    1%
  DRONE           28    5%        4    2%
  STRIKER         16    3%       12    6%
  MORTAR          25    5%        2    1%
  TURRET          18    3%        9    5%
  MEDIC           22    4%        3    2%
  CUSTODIAN       17    3%        7    4%
  LANCER          15    3%        6    3%
  SAPPER           9    2%       11    6%
  PIKEMAN         17    3%        2    1%
  SCREENER        18    3%        0    0%
  SHIELD           6    1%        8    4%
  WARBRINGER      13    3%        0    0%
  HOUND            9    2%        3    2%
  SPOTTER          5    1%        3    2%
  BOMBARD          6    1%        0    0%

PERK PICK FREQUENCY:
  LCK           : 15
  MRK           : 12
  MOM           : 10
  OUT           : 9
  BND           : 7
  CQB           : 7
  PLT           : 7
  GUN           : 7
  HRD           : 6
  SKR           : 6
  BRK           : 6
  GRD           : 4
  TNK           : 4
  RFX           : 4
  CLH           : 4
  FST           : 4
  SGE           : 3
  EXC           : 3

SHOP PURCHASE FREQUENCY:
  FIELD MEDKIT      : 44
  WPN: SCOPE        : 41
  WPN: HOLLOW POINT : 38
  WPN: STABILIZER   : 24
  COMBAT STIMS      : 21
  WPN: BIPOD        : 16
  FRAG CACHE        : 16
  WPN: EXTENDED MAG : 14
  ARMORY            : 13
  COUNTER-PREP      : 11
  BALLISTIC PLATING : 11
  WPN: SUPPRESSOR   : 8
  ADV. TRAINING     : 7

BOON PICK FREQUENCY (PROCS = effect fires at instrumented sites; '-' = not instrumented;
                      PYR counts the +2-turn-burn half only — the Burning-immunity half is uninstrumented):
  code                 picks   PROCS
  GHO               :     5       -
  ADR               :     4       -
  FRT               :     4       -
  TRR               :     4      14
  VNM               :     4       -
  EXE               :     3       -
  FDR               :     3       0
  MRK               :     3       -
  PYR               :     3       0
  RPD               :     3       -
  SCV               :     3       -
  SHK               :     3       7
  FST               :     2      18
  GRN               :     2       -
  RCL               :     2       0

RUN WIN-RATE BY BOON (campaign runs holding it):
  GHO               :    0% ±0  (in 5 runs)
  ADR               :   25% ±22  (in 4 runs)
  FRT               :    0% ±0  (in 4 runs)
  TRR               :   25% ±22  (in 4 runs)
  VNM               :    0% ±0  (in 4 runs)
  EXE               :    0% ±0  (in 3 runs)
  FDR               :    0% ±0  (in 3 runs)
  MRK               :    0% ±0  (in 3 runs)
  PYR               :    0% ±0  (in 3 runs)
  RPD               :   33% ±27  (in 3 runs)
  SCV               :    0% ±0  (in 3 runs)
  SHK               :    0% ±0  (in 3 runs)
  FST               :    0% ±0  (in 2 runs)
  GRN               :    0% ±0  (in 2 runs)
  RCL               :   50% ±35  (in 2 runs)

RUN WIN-RATE BY SPEC (campaign runs fielding it):
  BRC               :    0% ±0  (in 3 runs)
  HHT               :    0% ±0  (in 3 runs)
  ADN               :    0% ±0  (in 2 runs)
  PTH               :    0% ±0  (in 2 runs)
  MED               :    0% ±0  (in 1 runs)
  PHN               :    0% ±0  (in 1 runs)
  SNT               :    0% ±0  (in 1 runs)

RUN WIN-RATE BY PERK (campaign runs holding it):
  LCK               :   11% ±10  (in 9 runs)
  BND               :    0% ±0  (in 7 runs)
  CQB               :    0% ±0  (in 7 runs)
  OUT               :   14% ±13  (in 7 runs)
  GUN               :   17% ±15  (in 6 runs)
  MOM               :    0% ±0  (in 6 runs)
  MRK               :    0% ±0  (in 6 runs)
  PLT               :    0% ±0  (in 6 runs)
  SKR               :   17% ±15  (in 6 runs)
  HRD               :    0% ±0  (in 5 runs)
  BRK               :   25% ±22  (in 4 runs)
  CLH               :    0% ±0  (in 4 runs)
  GRD               :    0% ±0  (in 4 runs)
  TNK               :    0% ±0  (in 4 runs)
  FST               :    0% ±0  (in 3 runs)
  RFX               :    0% ±0  (in 3 runs)
  SGE               :    0% ±0  (in 3 runs)
  EXC               :    0% ±0  (in 2 runs)

RUN WIN-RATE BY PURCHASE (campaign runs buying it):
  FIELD MEDKIT      :    7% ±7  (in 14 runs)
  COMBAT STIMS      :    8% ±8  (in 12 runs)
  WPN: SCOPE        :    8% ±8  (in 12 runs)
  COUNTER-PREP      :    0% ±0  (in 10 runs)
  WPN: HOLLOW POINT :   10% ±9  (in 10 runs)
  ARMORY            :   11% ±10  (in 9 runs)
  WPN: STABILIZER   :   11% ±10  (in 9 runs)
  WPN: BIPOD        :   13% ±12  (in 8 runs)
  FRAG CACHE        :   14% ±13  (in 7 runs)
  BALLISTIC PLATING :   17% ±15  (in 6 runs)
  WPN: SUPPRESSOR   :    0% ±0  (in 6 runs)
  ADV. TRAINING     :   20% ±18  (in 5 runs)
  WPN: EXTENDED MAG :    0% ±0  (in 3 runs)

RUN WIN-RATE BY EVENT-CHOICE (campaign runs taking id:arm):
  grave:1           :    0% ±0  (in 3 runs)
  bloodfeud:1       :    0% ±0  (in 2 runs)
  defector:0        :    0% ±0  (in 2 runs)
  distress:1        :    0% ±0  (in 2 runs)
  warpension:1      :   50% ±35  (in 2 runs)
  profiteer:0       :    0% ±0  (in 1 runs)
═══════════════════════════════════════════════════════════════════════

batch wall-time: 9.9s  (20 matches across 10 campaigns × 2 policy, frame-cap hits: 0)
aggregate JSON -> /home/user/wt/heat-pin/docs/measurements/l5/L5bridge-h4-b60.json
INFO: TEXTURE: [ID 2] Unloaded texture data from VRAM (GPU)
INFO: SHADER: [ID 3] Default shader unloaded successfully
INFO: TEXTURE: [ID 1] Default texture unloaded successfully
INFO: Window closed successfully
