BALANCE: heat NOT pinned (SIGHTLINE_HEATPIN=0) - a heat-N rung may contain heat-N+1 missions
INFO: Initializing raylib 6.0
INFO: Platform backend: DESKTOP (GLFW)
INFO: Supported raylib modules:
INFO:     > rcore:..... loaded (mandatory)
INFO:     > rlgl:...... loaded (mandatory)
INFO:     > rshapes:... loaded (optional)
INFO:     > rtextures:. loaded (optional)
INFO:     > rtext:..... loaded (optional)
INFO:     > rmodels:... loaded (optional)
INFO:     > raudio:.... loaded (optional)
INFO: DISPLAY: Trying to enable MSAA x4
INFO: DISPLAY: Device initialized successfully 
INFO:     > Display size: 1280 x 800
INFO:     > Screen size:  1280 x 800
INFO:     > Render size:  1280 x 800
INFO:     > Viewport offsets: 0, 0
INFO: GLAD: OpenGL extensions loaded successfully
INFO: GL: Supported extensions count: 229
INFO: GL: OpenGL device information:
INFO:     > Vendor:   Mesa
INFO:     > Renderer: llvmpipe (LLVM 20.1.2, 256 bits)
INFO:     > Version:  4.5 (Core Profile) Mesa 25.2.8-0ubuntu0.24.04.2
INFO:     > GLSL:     4.50
INFO: GL: VAO extension detected, VAO functions loaded successfully
INFO: GL: NPOT textures extension detected, full NPOT textures supported
INFO: GL: DXT compressed textures supported
INFO: GL: ETC2/EAC compressed textures supported
INFO: PLATFORM: DESKTOP (GLFW - X11): Initialized successfully
INFO: TEXTURE: [ID 1] Texture loaded successfully (1x1 | R8G8B8A8 | 1 mipmaps)
INFO: TEXTURE: [ID 1] Default texture loaded successfully
INFO: SHADER: [ID 1] Vertex shader compiled successfully
INFO: SHADER: [ID 2] Fragment shader compiled successfully
INFO: SHADER: [ID 3] Program shader loaded successfully
INFO: SHADER: [ID 3] Default shader loaded successfully
INFO: RLGL: Render batch vertex buffers loaded successfully in RAM (CPU)
INFO: RLGL: Render batch vertex buffers loaded successfully in VRAM (GPU)
INFO: RLGL: Default OpenGL state initialized successfully
INFO: TEXTURE: [ID 2] Texture loaded successfully (128x128 | GRAY_ALPHA | 1 mipmaps)
INFO: FONT: Default font loaded successfully (224 glyphs)
INFO: SYSTEM: Working Directory: /home/user/wt/heat-pin
INFO: TIMER: Target time per frame: 0.000 milliseconds
FINALE-KIT: Syndicate
WAVE: +2 (SAPPER,SHIELD) [rich]
WAVE: +2 (SHIELD,DRONE) [rich]
WAVE: +2 (SPOTTER,SAPPER) [rich]
FINALE-KIT: Syndicate
WAVE: +2 (GRUNT,SHIELD) [rich]
WAVE: +2 (SHIELD,SAPPER) [rich]
WAVE: +2 (SPOTTER,SAPPER) [rich]
REINFORCEMENTS: +2 (GRUNT,SCOUT)
REINFORCEMENTS: +2 (GRUNT,GRUNT)
REINFORCEMENTS: +2 (SCOUT,SCOUT)
FINALE-KIT: Wardens
WAVE: +3 (CUSTODIAN,SAPPER,DRONE) [rich]
WAVE: +3 (DRONE,SCREENER,CUSTODIAN) [rich]
WAVE: +1 (SAPPER) [rich]
WAVE: +3 (DRONE,DRONE,SAPPER) [rich]
WAVE: +3 (DRONE,DRONE,SCREENER) [rich]
WAVE: +2 (SHIELD,SPOTTER) [rich]
FINALE-KIT: Wardens
WAVE: +3 (SCREENER,SAPPER,SAPPER) [rich]
WAVE: +3 (GRUNT,DRONE,SCREENER) [rich]
WAVE: +3 (GRUNT,DRONE,SCREENER) [rich]
FINALE-KIT: Wardens
WAVE: +2 (SHIELD,CUSTODIAN) [rich]
WAVE: +2 (SNIPER,LANCER) [rich]
WAVE: +2 (SHIELD,HOUND) [rich]
REINFORCEMENTS: +2 (SCOUT,SCOUT)
REINFORCEMENTS: +2 (SCOUT,GRUNT)
REINFORCEMENTS: +3 (GRUNT,GRUNT,SCOUT)
REINFORCEMENTS: +2 (SCOUT,SCOUT)
REINFORCEMENTS: +2 (GRUNT,SCOUT)
match 5/20  (W:2 L:3 cap:0)  4.5s
FINALE-KIT: Wardens
WAVE: +2 (SAPPER,SPOTTER) [rich]
WAVE: +2 (LANCER,STRIKER) [rich]
WAVE: +2 (BRUISER,DRONE) [rich]
REINFORCEMENTS: +2 (GRUNT,GRUNT)
REINFORCEMENTS: +2 (GRUNT,SCOUT)
REINFORCEMENTS: +2 (GRUNT,SCOUT)
REINFORCEMENTS: +2 (GRUNT,SCOUT)
FINALE-KIT: Legion
WAVE: +2 (DRONE,SCREENER) [rich]
WAVE: +2 (SHIELD,SPOTTER) [rich]
WAVE: +2 (SCREENER,SHIELD) [rich]
WAVE: +3 (HUNTER,GRUNT,HUNTER) [rich]
WAVE: +3 (BRUISER,HUNTER,LANCER) [rich]
WAVE: +3 (STRIKER,BRUISER,HOUND) [rich]
REINFORCEMENTS: +2 (GRUNT,GRUNT)
FINALE-KIT: Legion
WAVE: +2 (DRONE,SCREENER) [rich]
WAVE: +2 (DRONE,CUSTODIAN) [rich]
WAVE: +2 (SAPPER,SCREENER) [rich]
WAVE: +3 (SCOUT,HUNTER,GRUNT) [rich]
WAVE: +3 (HUNTER,BERSERKER,HOUND) [rich]
WAVE: +3 (HUNTER,HUNTER,HUNTER) [rich]
FINALE-KIT: Syndicate
FINALE-KIT: Syndicate
WAVE: +3 (DRONE,DRONE,DRONE) [rich]
WAVE: +3 (SAPPER,SPOTTER,SPOTTER) [rich]
WAVE: +3 (DRONE,DRONE,CUSTODIAN) [rich]
REINFORCEMENTS: +2 (GRUNT,SCOUT)
REINFORCEMENTS: +2 (SCOUT,GRUNT)
match 10/20  (W:4 L:6 cap:0)  6.2s
FINALE-KIT: Wardens
WAVE: +2 (BERSERKER,HUNTER) [rich]
WAVE: +2 (BRUISER,HOUND) [rich]
WAVE: +2 (SCOUT,BERSERKER) [rich]
FINALE-KIT: Wardens
WAVE: +2 (HUNTER,LANCER) [rich]
WAVE: +2 (GRUNT,STRIKER) [rich]
WAVE: +2 (BERSERKER,BRUISER) [rich]
FINALE-KIT: Wardens
WAVE: +2 (LANCER,HOUND) [rich]
WAVE: +2 (HUNTER,DRONE) [rich]
WAVE: +2 (HOUND,STRIKER) [rich]
FINALE-KIT: Wardens
WAVE: +2 (LANCER,BRUISER) [rich]
WAVE: +2 (HOUND,BRUISER) [rich]
WAVE: +2 (BRUISER,SCOUT) [rich]
FINALE-KIT: Wardens
WAVE: +2 (SNIPER,SCOUT) [rich]
WAVE: +2 (DRONE,BRUISER) [rich]
WAVE: +2 (SNIPER,HOUND) [rich]
WAVE: +3 (HOUND,STRIKER,STRIKER) [rich]
WAVE: +3 (HOUND,BERSERKER,BRUISER) [rich]
WAVE: +3 (BERSERKER,HUNTER,LANCER) [rich]
match 15/20  (W:8 L:7 cap:0)  7.7s
FINALE-KIT: Wardens
WAVE: +2 (BRUISER,HOUND) [rich]
WAVE: +2 (SCOUT,LANCER) [rich]
WAVE: +2 (STRIKER,LANCER) [rich]
WAVE: +3 (BERSERKER,HUNTER,BERSERKER) [rich]
WAVE: +3 (BRUISER,BRUISER,STRIKER) [rich]
WAVE: +3 (BERSERKER,BERSERKER,GRUNT) [rich]
FINALE-KIT: Legion
WAVE: +3 (STRIKER,HOUND,DRONE) [rich]
WAVE: +3 (SCREENER,LANCER,SHIELD) [rich]
WAVE: +3 (LANCER,BERSERKER,STRIKER) [rich]
FINALE-KIT: Legion
WAVE: +3 (CUSTODIAN,SNIPER,DRONE) [rich]
WAVE: +3 (BERSERKER,HUNTER,BERSERKER) [rich]
WAVE: +3 (HUNTER,LANCER,HUNTER) [rich]
FINALE-KIT: Legion
FINALE-KIT: Legion
match 20/20  (W:13 L:7 cap:0)  9.0s

══════════════════════ SIGHTLINE BALANCE REPORT ══════════════════════
runs=20  missions=83

RUN OUTCOMES (campaign):  win-rate   65%   avg missions cleared 5.2

POLICY GAP (optimal vs human-error; campaign runs only):
  greedy win-rate   60%  (n=10)
  sloppy win-rate   70%  (n=10)
  GAP  -10 pts  (healthy slack)
  PAIRED (same-seed slots): pairs=10  concordant=7  discordant greedy-only-won=1 / sloppy-only-won=2  paired gap  -10 pts
  PER-SLOT RECORDS (greedy | sloppy: outcome + missions cleared; margin = g−s):
    slot  70 @h-1: W 6 | L 4   margin +2
    slot  71 @h-1: L 4 | W 6   margin -2
    slot  72 @h-1: L 4 | L 4   margin +0
    slot  73 @h-1: W 6 | W 6   margin +0
    slot  74 @h-1: L 2 | L 5   margin -3
    slot  75 @h-1: W 6 | W 6   margin +0
    slot  76 @h-1: L 2 | W 6   margin -4
    slot  77 @h-1: W 6 | W 6   margin +0
    slot  78 @h-1: W 6 | W 6   margin +0
    slot  79 @h-1: W 6 | W 6   margin +0
  PAIRED MARGIN (missions cleared, all pairs): -0.70 ±0.56 SE  (n=10 pairs)
  by objective (greedy / sloppy / gap):
    Decapitate :   88% /   70% / gap   18
    Defend     :   90% /  100% / gap  -10
    Eliminate  :   83% /  100% / gap  -17
    Escort     :  100% /  100% / gap    0
    Evac       :  100% /  100% / gap    0
    Hack       :  100% /  100% / gap    0
    Rescue     :  100% /  100% / gap    0
    Sabotage   :  100% /  100% / gap    0

DECISION RICHNESS / SWING:
  meaningful-choices/turn 3.89   lead-swings/match 0.7   avg max-swing 37.5
  [shot-gate] acting-soldiers/turn 3.64   armed-soldiers/turn 1.53   armed-fraction 42%   turns-with-a-shot 60%   choices/ARMED-soldier-turn 2.54
  [choice-split] los-targets/ARMED 2.73   target-choices/ARMED 0.82   position-choices/ARMED 1.72

RUN COMPLETION BY HEAT (full-campaign clears):
  heat -1:   65% ±11  (n=20 runs, avg 5.2 missions)
  HEAT LEAK: pinned=NO  heat-raising picks=4  campaigns raised=4  missions off-rung=8/83

INTEL ECONOMY BY HEAT (campaign runs; heat-bonus = the Heat.IntelBonus share of income):
  heat -1: earned  141.7/run   heat-bonus   0.0 (   0% of income)   spent  126.8   unspent   14.9

MISSION WIN-RATE BY HEAT:
  heat -1:   91%  (n=75, avg 5.4 turns)
  heat 0:  100% ±0  (n=8, avg 6.6 turns)

MISSION WIN-RATE BY OBJECTIVE:
  Eliminate  :   92% ±6  (n=24, avg 3.3 turns)
  Defend     :   95% ±5  (n=21, avg 9.0 turns)
  Decapitate :   78% ±10  (n=18, avg 4.8 turns)
  Escort     :  100% ±0  (n=9, avg 7.8 turns)
  Hack       :  100% ±0  (n=5, avg 3.0 turns)
  Sabotage   :  100% ±0  (n=2, avg 2.5 turns)
  Evac       :  100% ±0  (n=2, avg 2.5 turns)
  Rescue     :  100% ±0  (n=2, avg 3.0 turns)

MISSION WIN-RATE BY OBJECTIVE x NODE KIND (a capstone must never pool with a mid-run node):
  Eliminate  : Start: 100%(n=20)  Elite:  50%(n=2)  Combat:  50%(n=2)
               depth: m1:100%(20) m3:50%(4)
  Defend     : Combat: 100%(n=11)  Supply: 100%(n=8)  Elite:  50%(n=2)
               depth: m2:100%(8) m3:100%(4) m4:100%(3) m5:83%(6)
  Decapitate : Boss:  93%(n=14)  Elite:  25%(n=4)
               depth: m5:25%(4) m6:93%(14)
  Escort     : Combat: 100%(n=5)  Elite: 100%(n=2)  Supply: 100%(n=2)
               depth: m3:100%(4) m4:100%(4) m5:100%(1)
  Hack       : Elite: 100%(n=2)  Combat: 100%(n=2)  Supply: 100%(n=1)
               depth: m3:100%(2) m4:100%(2) m5:100%(1)
  Sabotage   : Combat: 100%(n=2)
               depth: m3:100%(2)
  Evac       : Combat: 100%(n=2)
               depth: m4:100%(2)
  Rescue     : Elite: 100%(n=2)
               depth: m3:100%(2)

ENCOUNTER COMPLETION on MID-RUN nodes (Combat+Elite) — clear% is the share of the fight actually fought:
  objective     n   win%   turns   force    +rf  killed  clear%   prs  WONclear%
  Defend        13   92%     9.0    3.62   7.54    5.00    44.8  0.00     48.1 (n=12)
  Escort         7  100%     5.4    6.14   0.00    0.14     2.3  0.00      2.3 (n=7)
  Decapitate     4   25%     8.3    9.00   3.00    2.25    18.8  2.25     11.1 (n=1)
  Hack           4  100%     3.0    6.50   0.00    0.50     7.7  0.00      7.7 (n=4)
  Eliminate      4   50%     8.5    6.00   0.00    3.50    58.3  2.25    100.0 (n=2)
  Sabotage       2  100%     2.5    3.00   0.00    1.00    33.3  0.00     33.3 (n=2)
  Evac           2  100%     2.5    6.00   0.00    0.00     0.0  0.00      0.0 (n=2)
  Rescue         2  100%     3.0    8.00   0.00    0.00     0.0  0.00      0.0 (n=2)
  ---- the two classes ----
  KILL           8   38%     8.4    7.50   1.50    2.88    31.9  2.25     61.9 (n=3)
  NON-KILL      30   97%     6.1    5.00   3.27    2.33    28.2  0.00     29.1 (n=29)

DECAPITATE HVT (buff = +6+1*mission HP, +6 aim; ELITE exempt):
  EXEMPT  :   78% ±10  (n=18, avg 4.8 turns, HVT 23.7 max HP)  [m5:25%(4) m6:93%(14)]

MISSION WIN-RATE BY MISSION #:
  m1:  100% ±0  (n=20)
  m2:  100% ±0  (n=8)
  m3:   89% ±7  (n=18)
  m4:  100% ±0  (n=11)
  m5:   67% ±14  (n=12)
  m6:   93% ±7  (n=14)

LOSS CAUSES (missions):
  RUN OVER              : 7

MISSION WIN-RATE BY ARENA (authored layouts, n>=3; procedural fallback   20% of 83 missions):
  arena 10:  100% ±0  (n=7, avg 6.4 turns)  [m2:100%(1) m3:100%(2) m4:100%(1) m5:100%(1) m6:100%(2)]
  arena 13:  100% ±0  (n=4, avg 2.5 turns)  [m1:100%(2) m3:100%(2)]
  arena 17:  100% ±0  (n=4, avg 10.5 turns)  [m4:100%(2) m6:100%(2)]
  arena 19:   60% ±22  (n=5, avg 7.2 turns)  [m2:100%(1) m3:50%(2) m5:50%(2)]
  arena 20:  100% ±0  (n=4, avg 6.0 turns)  [m3:100%(2) m4:100%(2)]
  arena 28:  100% ±0  (n=4, avg 9.0 turns)  [m3:100%(2) m5:100%(2)]
  arena 33:  100% ±0  (n=4, avg 5.5 turns)  [m1:100%(2) m2:100%(2)]
  arena 34:  100% ±0  (n=7, avg 6.0 turns)  [m2:100%(2) m3:100%(1) m6:100%(4)]
  procedural:   94% ±6  (n=17, avg 5.1 turns)  [m1:100%(6) m2:100%(2) m3:67%(3) m4:100%(2) m5:100%(3) m6:100%(1)]

DEPLOYMENT GEOMETRY (opening shape; choices/ARMED is the wave's real gate):
  FRONTAL   :   87%  (n=30, avg 6.2 turns)  choices/turn 6.09  choices/ARMED 2.98  los-targets/ARMED 3.40
  PINCER    :   90% ±6  (n=29, avg 6.1 turns)  choices/turn 2.30  choices/ARMED 2.28  los-targets/ARMED 1.98
  CROSSFIRE :  100% ±0  (n=7, avg 4.9 turns)  choices/turn 1.56  choices/ARMED 1.04  los-targets/ARMED 2.44
  ENVELOP   :  100% ±0  (n=17, avg 3.6 turns)  choices/turn 2.93  choices/ARMED 1.98  los-targets/ARMED 1.51

ARENA FUNNEL (Mission.Build exits, n=93 builds, all modes):
  authored-applied    :  75.3%  (n=70)
  connectivity-reject :   0.0%  (n=0)
  procedural-roll     :  24.7%  (n=23)

DECK EXPOSURE (campaign runs n=20):
  distinct authored arenas/run : 3.30 mean (all runs)
  ... full-depth runs only     : 3.77 mean over 4.6 fights/run (n=13)
  Defend dealt on the route    :   85% of runs (n=17)

ENEMY DECISION MIX (contested acts=1088; all-downed acts not counted=543):
  shoot           580    53%
  hunker          280    26%
  move            115    11%
  siege            27     2%
  grenade          25     2%
  reload           15     1%
  item             11     1%
  brace             9     1%
  heal              9     1%
  shove             8     1%
  overwatch         6     1%
  sap               2     0%
  staleplan         1     0%

  the shot on the table (acts where the chosen tile HAD a shot = 665):
    hit% band     taken   share   E[dmg]/shot   declined   share   E[dmg]/shot
      0-19           0      0%          0.00          0      0%          0.00
     20-39          19      3%          0.95          2     33%          1.06
     40-59          71     12%          1.86          4     67%          1.86
     60-79         190     33%          2.49          0      0%          0.00
      80+          300     52%          3.60          0      0%          0.00
    TOTAL           580                              6
  taken   87% / DECLINED    1% / preempted by another verb   12%
  enemy lanes held (overwatch+brace) 15; reaction shots fired 4  ->   27% of lanes paid off   [C2: DeclineWatchRatio is a bet on this number]

ACTION MIX (verbs issued, by policy):
  verb                  greedy        sloppy
  MOVE               485   40%     618   38%
  SHOOT              286   23%     388   24%
  HUNKER             111    9%     186   11%
  BRACE               94    8%      94    6%
  FOCUS               49    4%      52    3%
  RELOAD              33    3%      59    4%
  INTEL               36    3%      39    2%
  STABILIZE           30    2%      26    2%
  SLIPSTREAM          22    2%      25    2%
  OVERWATCH            8    1%      37    2%
  ITEM:SMOKE          16    1%      25    2%
  PIN                 15    1%      14    1%
  MARK                 9    1%      18    1%
  PATCH                5    0%      11    1%
  GRENADE              6    0%       6    0%
  REARM                5    0%       7    0%
  BEACON               4    0%       6    0%
  HACK                 4    0%       6    0%
  EXTRACT              3    0%       5    0%
  PLANT                3    0%       3    0%
  GRAPPLE              0    0%       6    0%
  BARREL               2    0%       1    0%

PLAYER CLASS PERFORMANCE:
  class        shots   hit%   dmg   kills
  SHARPSHOOTER    175    95%   1206     80
  GUNNER         203    82%    848     53
  RANGER         130    90%    805     46
  ASSAULT        180    86%    750     48
  CORPSMAN        58    76%    146      9

SOLDIER DEATHS BY ENEMY CLASS (threat ranking):
  SHIELD     : 9
  GRUNT      : 8
  BURN       : 6
  BERSERKER  : 6
  ELITE      : 5
  STRIKER    : 5
  DRONE      : 4
  MORTAR     : 4
  SAPPER     : 3
  STRIKE     : 2
  SCREENER   : 2
  TURRET     : 1
  MEDIC      : 1
  WARBRINGER : 1
  LANCER     : 1
  HUNTER     : 1
  HOUND      : 1
  SNIPER     : 1

SOLDIER DOWNS (FUL-7 bleed-out): 178 downs -> revived 11 / recovered 65 / bled out 84 / finished 18  (save-rate   43%)
  corpsman fielded in 24 missions

ENEMY COMPOSITION (spawns; faction-stamped fights n=489 / default-cascade fights n=156):
  class        faction         default
  GRUNT           46    9%       28   18%
  SCOUT           23    5%       36   23%
  ELITE           49   10%        5    3%
  HUNTER          41    8%        4    3%
  LANCER          32    7%       12    8%
  DRONE           37    8%        6    4%
  SHIELD          33    7%        7    4%
  BERSERKER       33    7%        3    2%
  BRUISER         22    4%        8    5%
  SPOTTER         28    6%        1    1%
  STRIKER         19    4%        9    6%
  SAPPER          25    5%        1    1%
  SCREENER        20    4%        4    3%
  SNIPER           9    2%       15   10%
  MORTAR           9    2%        6    4%
  HOUND            8    2%        7    4%
  TURRET          14    3%        0    0%
  CUSTODIAN       11    2%        2    1%
  PIKEMAN         10    2%        0    0%
  WARBRINGER       9    2%        0    0%
  MEDIC            7    1%        2    1%
  BOMBARD          4    1%        0    0%

PERK PICK FREQUENCY:
  MOM           : 16
  OUT           : 12
  GUN           : 12
  RFX           : 12
  LCK           : 10
  EXC           : 9
  SKR           : 9
  HRD           : 9
  SGE           : 8
  GRD           : 7
  VNT           : 6
  TNK           : 6
  PLT           : 5
  CLH           : 5
  FST           : 5
  CQB           : 4
  BND           : 4
  MRK           : 4
  BRK           : 3

SHOP PURCHASE FREQUENCY:
  FIELD MEDKIT      : 55
  WPN: SCOPE        : 37
  BALLISTIC PLATING : 25
  WPN: HOLLOW POINT : 25
  WPN: STABILIZER   : 21
  WPN: BIPOD        : 16
  COUNTER-PREP      : 16
  WPN: EXTENDED MAG : 15
  FRAG CACHE        : 13
  ARMORY            : 12
  COMBAT STIMS      : 8
  ADV. TRAINING     : 6
  WPN: SUPPRESSOR   : 3

BOON PICK FREQUENCY (PROCS = effect fires at instrumented sites; '-' = not instrumented;
                      PYR counts the +2-turn-burn half only — the Burning-immunity half is uninstrumented):
  code                 picks   PROCS
  ADR               :     7       -
  MRK               :     6       -
  VNM               :     6       -
  EXE               :     5       -
  GRN               :     5       -
  PYR               :     5       0
  SCV               :     5       -
  FST               :     4      47
  RPD               :     4       -
  FDR               :     3       0
  FRT               :     3       -
  GHO               :     3       -
  RCL               :     3       1
  TRR               :     3      10
  SHK               :     1       2

RUN WIN-RATE BY BOON (campaign runs holding it):
  ADR               :   71% ±17  (in 7 runs)
  MRK               :  100% ±0  (in 6 runs)
  VNM               :  100% ±0  (in 6 runs)
  EXE               :   60% ±22  (in 5 runs)
  GRN               :   80% ±18  (in 5 runs)
  PYR               :   80% ±18  (in 5 runs)
  SCV               :   60% ±22  (in 5 runs)
  FST               :   50% ±25  (in 4 runs)
  RPD               :   50% ±25  (in 4 runs)
  FDR               :  100% ±0  (in 3 runs)
  FRT               :   33% ±27  (in 3 runs)
  GHO               :  100% ±0  (in 3 runs)
  RCL               :  100% ±0  (in 3 runs)
  TRR               :   67% ±27  (in 3 runs)
  SHK               :    0% ±0  (in 1 runs)

RUN WIN-RATE BY SPEC (campaign runs fielding it):
  ADN               :  100% ±0  (in 5 runs)
  HHT               :   80% ±18  (in 5 runs)
  BRC               :   67% ±27  (in 3 runs)
  PTH               :   67% ±27  (in 3 runs)
  ANC               :  100% ±0  (in 2 runs)
  JUG               :   50% ±35  (in 2 runs)
  SNT               :   50% ±35  (in 2 runs)
  PHN               :  100% ±0  (in 1 runs)

RUN WIN-RATE BY PERK (campaign runs holding it):
  OUT               :   73% ±13  (in 11 runs)
  GUN               :   80% ±13  (in 10 runs)
  RFX               :   70% ±14  (in 10 runs)
  EXC               :   89% ±10  (in 9 runs)
  MOM               :   67% ±16  (in 9 runs)
  HRD               :  100% ±0  (in 8 runs)
  SGE               :   57% ±19  (in 7 runs)
  GRD               :   67% ±19  (in 6 runs)
  LCK               :   67% ±19  (in 6 runs)
  SKR               :   67% ±19  (in 6 runs)
  TNK               :   50% ±20  (in 6 runs)
  CLH               :  100% ±0  (in 5 runs)
  VNT               :   40% ±22  (in 5 runs)
  CQB               :   50% ±25  (in 4 runs)
  FST               :   50% ±25  (in 4 runs)
  PLT               :   75% ±22  (in 4 runs)
  BND               :   33% ±27  (in 3 runs)
  BRK               :  100% ±0  (in 3 runs)
  MRK               :   33% ±27  (in 3 runs)

RUN WIN-RATE BY PURCHASE (campaign runs buying it):
  FIELD MEDKIT      :   73% ±11  (in 15 runs)
  WPN: SCOPE        :   64% ±13  (in 14 runs)
  WPN: STABILIZER   :   62% ±13  (in 13 runs)
  BALLISTIC PLATING :  100% ±0  (in 12 runs)
  WPN: BIPOD        :   58% ±14  (in 12 runs)
  WPN: HOLLOW POINT :   67% ±14  (in 12 runs)
  COUNTER-PREP      :   70% ±14  (in 10 runs)
  ARMORY            :  100% ±0  (in 8 runs)
  FRAG CACHE        :   88% ±12  (in 8 runs)
  WPN: EXTENDED MAG :   88% ±12  (in 8 runs)
  COMBAT STIMS      :   80% ±18  (in 5 runs)
  ADV. TRAINING     :   75% ±22  (in 4 runs)
  WPN: SUPPRESSOR   :  100% ±0  (in 3 runs)

RUN WIN-RATE BY EVENT-CHOICE (campaign runs taking id:arm):
  informant:2       :   40% ±22  (in 5 runs)
  quartermaster:1   :  100% ±0  (in 4 runs)
  bloodfeud:2       :    0% ±0  (in 2 runs)
  depot:0           :    0% ±0  (in 2 runs)
  drill:1           :  100% ±0  (in 2 runs)
  informant:1       :  100% ±0  (in 2 runs)
  profiteer:1       :  100% ±0  (in 2 runs)
  reservecall:1     :  100% ±0  (in 2 runs)
  warchest:0        :   50% ±35  (in 2 runs)
  warpension:1      :   50% ±35  (in 2 runs)
  warpension:2      :  100% ±0  (in 2 runs)
═══════════════════════════════════════════════════════════════════════

batch wall-time: 9.0s  (20 matches across 10 campaigns × 2 policy, frame-cap hits: 0)
aggregate JSON -> /home/user/wt/heat-pin/docs/measurements/l5/L5bridge-hR-b70.json
INFO: TEXTURE: [ID 2] Unloaded texture data from VRAM (GPU)
INFO: SHADER: [ID 3] Default shader unloaded successfully
INFO: TEXTURE: [ID 1] Default texture unloaded successfully
INFO: Window closed successfully
