BALANCE: heat NOT pinned (SIGHTLINE_HEATPIN=0) - a heat-N rung may contain heat-N+1 missions
INFO: Initializing raylib 6.0
INFO: Platform backend: DESKTOP (GLFW)
INFO: Supported raylib modules:
INFO:     > rcore:..... loaded (mandatory)
INFO:     > rlgl:...... loaded (mandatory)
INFO:     > rshapes:... loaded (optional)
INFO:     > rtextures:. loaded (optional)
INFO:     > rtext:..... loaded (optional)
INFO:     > rmodels:... loaded (optional)
INFO:     > raudio:.... loaded (optional)
INFO: DISPLAY: Trying to enable MSAA x4
INFO: DISPLAY: Device initialized successfully 
INFO:     > Display size: 1280 x 800
INFO:     > Screen size:  1280 x 800
INFO:     > Render size:  1280 x 800
INFO:     > Viewport offsets: 0, 0
INFO: GLAD: OpenGL extensions loaded successfully
INFO: GL: Supported extensions count: 229
INFO: GL: OpenGL device information:
INFO:     > Vendor:   Mesa
INFO:     > Renderer: llvmpipe (LLVM 20.1.2, 256 bits)
INFO:     > Version:  4.5 (Core Profile) Mesa 25.2.8-0ubuntu0.24.04.2
INFO:     > GLSL:     4.50
INFO: GL: VAO extension detected, VAO functions loaded successfully
INFO: GL: NPOT textures extension detected, full NPOT textures supported
INFO: GL: DXT compressed textures supported
INFO: GL: ETC2/EAC compressed textures supported
INFO: PLATFORM: DESKTOP (GLFW - X11): Initialized successfully
INFO: TEXTURE: [ID 1] Texture loaded successfully (1x1 | R8G8B8A8 | 1 mipmaps)
INFO: TEXTURE: [ID 1] Default texture loaded successfully
INFO: SHADER: [ID 1] Vertex shader compiled successfully
INFO: SHADER: [ID 2] Fragment shader compiled successfully
INFO: SHADER: [ID 3] Program shader loaded successfully
INFO: SHADER: [ID 3] Default shader loaded successfully
INFO: RLGL: Render batch vertex buffers loaded successfully in RAM (CPU)
INFO: RLGL: Render batch vertex buffers loaded successfully in VRAM (GPU)
INFO: RLGL: Default OpenGL state initialized successfully
INFO: TEXTURE: [ID 2] Texture loaded successfully (128x128 | GRAY_ALPHA | 1 mipmaps)
INFO: FONT: Default font loaded successfully (224 glyphs)
INFO: SYSTEM: Working Directory: /home/user/wt/heat-pin
INFO: TIMER: Target time per frame: 0.000 milliseconds
FINALE-KIT: Legion
WAVE: +2 (BERSERKER,HOUND) [rich]
WAVE: +2 (HUNTER,HOUND) [rich]
WAVE: +2 (BERSERKER,BRUISER) [rich]
FINALE-KIT: Legion
WAVE: +2 (HUNTER,STRIKER) [rich]
WAVE: +2 (HUNTER,BRUISER) [rich]
WAVE: +2 (HUNTER,BRUISER) [rich]
REINFORCEMENTS: +2 (GRUNT,SCOUT)
FINALE-KIT: Syndicate
WAVE: +2 (DRONE,HOUND) [rich]
WAVE: +2 (HUNTER,BRUISER) [rich]
WAVE: +2 (SNIPER,HOUND) [rich]
FINALE-KIT: Syndicate
WAVE: +2 (HUNTER,BRUISER) [rich]
WAVE: +2 (SNIPER,HUNTER) [rich]
WAVE: +2 (LANCER,STRIKER) [rich]
FINALE-KIT: Wardens
match 5/20  (W:4 L:1 cap:0)  3.8s
FINALE-KIT: Wardens
WAVE: +3 (SAPPER,DRONE,DRONE) [rich]
WAVE: +3 (SPOTTER,DRONE,DRONE) [rich]
WAVE: +3 (SPOTTER,SAPPER,SAPPER) [rich]
FINALE-KIT: Legion
FINALE-KIT: Legion
FINALE-KIT: Wardens
WAVE: +2 (DRONE,SNIPER) [rich]
WAVE: +2 (HOUND,DRONE) [rich]
WAVE: +2 (SCOUT,SCOUT) [rich]
REINFORCEMENTS: +2 (GRUNT,SCOUT)
FINALE-KIT: Wardens
WAVE: +2 (LANCER,HUNTER) [rich]
WAVE: +2 (DRONE,HUNTER) [rich]
WAVE: +2 (SCOUT,DRONE) [rich]
REINFORCEMENTS: +2 (GRUNT,SCOUT)
REINFORCEMENTS: +2 (SCOUT,SCOUT)
REINFORCEMENTS: +2 (GRUNT,SCOUT)
REINFORCEMENTS: +2 (SCOUT,GRUNT)
match 10/20  (W:7 L:3 cap:0)  5.6s
FINALE-KIT: Wardens
WAVE: +3 (PIKEMAN,SCREENER,SNIPER) [rich]
WAVE: +3 (SNIPER,SHIELD,SNIPER) [rich]
WAVE: +3 (STRIKER,MEDIC,HOUND) [rich]
REINFORCEMENTS: +2 (SCOUT,SCOUT)
FINALE-KIT: Wardens
WAVE: +3 (SNIPER,HUNTER,HUNTER) [rich]
WAVE: +3 (MORTAR,HOUND,SAPPER) [rich]
WAVE: +3 (DRONE,STRIKER,BERSERKER) [rich]
REINFORCEMENTS: +2 (SCOUT,SCOUT)
FINALE-KIT: Wardens
FINALE-KIT: Wardens
REINFORCEMENTS: +2 (GRUNT,GRUNT)
FINALE-KIT: Legion
WAVE: +2 (DRONE,LANCER) [rich]
WAVE: +2 (SCOUT,HUNTER) [rich]
WAVE: +2 (SNIPER,LANCER) [rich]
match 15/20  (W:9 L:6 cap:0)  6.8s
FINALE-KIT: Legion
WAVE: +2 (DRONE,SCOUT) [rich]
WAVE: +2 (SNIPER,LANCER) [rich]
WAVE: +2 (BRUISER,SNIPER) [rich]
REINFORCEMENTS: +2 (GRUNT,SCOUT)
FINALE-KIT: Wardens
WAVE: +3 (BERSERKER,LANCER,GRUNT) [rich]
WAVE: +3 (LANCER,HUNTER,GRUNT) [rich]
WAVE: +3 (LANCER,STRIKER,BERSERKER) [rich]
REINFORCEMENTS: +2 (SCOUT,GRUNT)
REINFORCEMENTS: +2 (GRUNT,GRUNT)
FINALE-KIT: Wardens
WAVE: +3 (BERSERKER,LANCER,BRUISER) [rich]
WAVE: +3 (BERSERKER,HUNTER,GRUNT) [rich]
WAVE: +3 (STRIKER,BERSERKER,WARBRINGER) [rich]
FINALE-KIT: Wardens
FINALE-KIT: Wardens
match 20/20  (W:12 L:8 cap:0)  8.9s

══════════════════════ SIGHTLINE BALANCE REPORT ══════════════════════
runs=20  missions=76

RUN OUTCOMES (campaign):  win-rate   60%   avg missions cleared 4.9

POLICY GAP (optimal vs human-error; campaign runs only):
  greedy win-rate   60%  (n=10)
  sloppy win-rate   60%  (n=10)
  GAP    0 pts  (healthy slack)
  PAIRED (same-seed slots): pairs=10  concordant=8  discordant greedy-only-won=1 / sloppy-only-won=1  paired gap    0 pts
  PER-SLOT RECORDS (greedy | sloppy: outcome + missions cleared; margin = g−s):
    slot  20 @h0: W 6 | W 6   margin +0
    slot  21 @h0: W 6 | W 6   margin +0
    slot  22 @h0: L 2 | L 4   margin -2
    slot  23 @h0: W 6 | W 6   margin +0
    slot  24 @h0: W 6 | L 5   margin +1
    slot  25 @h0: L 5 | W 6   margin -1
    slot  26 @h0: L 2 | L 2   margin +0
    slot  27 @h0: W 6 | W 6   margin +0
    slot  28 @h0: W 6 | W 6   margin +0
    slot  29 @h0: L 3 | L 3   margin +0
  PAIRED MARGIN (missions cleared, all pairs): -0.20 ±0.25 SE  (n=10 pairs)
  by objective (greedy / sloppy / gap):
    Decapitate :   75% /   75% / gap    0
    Defend     :  100% /  100% / gap    0
    Eliminate  :   92% /   92% / gap    0
    Evac       :  100% /   67% / gap   33
    Hack       :  100% /  100% / gap    0
    Rescue     :  100% /  100% / gap    0
    Sabotage   :   67% /  100% / gap  -33

DECISION RICHNESS / SWING:
  meaningful-choices/turn 2.91   lead-swings/match 0.8   avg max-swing 38.6
  [shot-gate] acting-soldiers/turn 3.09   armed-soldiers/turn 1.25   armed-fraction 40%   turns-with-a-shot 55%   choices/ARMED-soldier-turn 2.33
  [choice-split] los-targets/ARMED 2.27   target-choices/ARMED 0.47   position-choices/ARMED 1.87

RUN COMPLETION BY HEAT (full-campaign clears):
  heat 0:   60% ±11  (n=20 runs, avg 4.9 missions)
  HEAT LEAK: pinned=NO  heat-raising picks=2  campaigns raised=2  missions off-rung=2/76
  STALEMATES: mission-cap 1  run-cap 0   [slot 29 g m4 Eliminate mis rt=67]

INTEL ECONOMY BY HEAT (campaign runs; heat-bonus = the Heat.IntelBonus share of income):
  heat 0: earned  132.3/run   heat-bonus   0.0 (   0% of income)   spent  109.1   unspent   23.2

MISSION WIN-RATE BY HEAT:
  heat 0:   92%  (n=74, avg 5.4 turns)
  heat 1:    0% ±0  (n=2, avg 30.5 turns)

MISSION WIN-RATE BY OBJECTIVE:
  Eliminate  :   92% ±6  (n=24, avg 6.9 turns)
  Decapitate :   75% ±11  (n=16, avg 4.7 turns)
  Defend     :  100% ±0  (n=13, avg 9.0 turns)
  Rescue     :  100% ±0  (n=10, avg 4.0 turns)
  Sabotage   :   83% ±15  (n=6, avg 3.3 turns)
  Evac       :   80% ±18  (n=5, avg 6.4 turns)
  Hack       :  100% ±0  (n=2, avg 3.5 turns)

MISSION WIN-RATE BY OBJECTIVE x NODE KIND (a capstone must never pool with a mid-run node):
  Eliminate  : Start: 100%(n=20)  Combat:  50%(n=4)
               depth: m1:100%(20) m4:0%(2) m5:100%(2)
  Decapitate : Boss:  86%(n=14)  Combat:   0%(n=2)
               depth: m3:0%(2) m6:86%(14)
  Defend     : Supply: 100%(n=8)  Combat: 100%(n=3)  Elite: 100%(n=2)
               depth: m2:100%(6) m3:100%(2) m4:100%(3) m5:100%(2)
  Rescue     : Combat: 100%(n=8)  Elite: 100%(n=2)
               depth: m2:100%(2) m4:100%(6) m5:100%(2)
  Sabotage   : Elite:  75%(n=4)  Combat: 100%(n=2)
               depth: m2:100%(2) m3:75%(4)
  Evac       : Combat: 100%(n=4)  Supply:   0%(n=1)
               depth: m2:100%(2) m3:100%(2) m5:0%(1)
  Hack       : Combat: 100%(n=2)
               depth: m5:100%(2)

ENCOUNTER COMPLETION on MID-RUN nodes (Combat+Elite) — clear% is the share of the fight actually fought:
  objective     n   win%   turns   force    +rf  killed  clear%   prs  WONclear%
  Rescue        10  100%     4.0    7.20   0.00    0.00     0.0  0.00      0.0 (n=10)
  Sabotage       6   83%     3.3    5.00   0.00    1.50    30.0  0.00     33.3 (n=5)
  Defend         5  100%     9.0    4.80   7.80    7.00    55.6  0.00     55.6 (n=5)
  Eliminate      4   50%    20.5    8.00   0.00    5.75    71.9  3.25    100.0 (n=2)
  Evac           4  100%     2.0    5.50   0.00    0.00     0.0  0.00      0.0 (n=4)
  Hack           2  100%     3.5    8.00   0.00    3.50    43.8  0.00     43.8 (n=2)
  Decapitate     2    0%     7.0    6.00   0.00    0.50     8.3  1.00      0.0 (n=0)
  ---- the two classes ----
  KILL           6   33%    16.0    7.33   0.00    4.00    54.5  2.50    100.0 (n=2)
  NON-KILL      27   96%     4.4    6.07   1.44    1.89    25.1  0.00     25.4 (n=26)

DECAPITATE HVT (buff = +6+1*mission HP, +6 aim; ELITE exempt):
  EXEMPT  :   75% ±11  (n=16, avg 4.7 turns, HVT 22.8 max HP)  [m3:0%(2) m6:86%(14)]

MISSION WIN-RATE BY MISSION #:
  m1:  100% ±0  (n=20)
  m2:  100% ±0  (n=12)
  m3:   70% ±14  (n=10)
  m4:   82% ±12  (n=11)
  m5:   89% ±10  (n=9)
  m6:   86% ±9  (n=14)

LOSS CAUSES (missions):
  RUN OVER              : 7
  STALEMATE-MISSION     : 1

MISSION WIN-RATE BY ARENA (authored layouts, n>=3; procedural fallback   20% of 76 missions):
  arena  3:  100% ±0  (n=4, avg 6.3 turns)  [m1:100%(2) m5:100%(2)]
  arena 10:  100% ±0  (n=4, avg 3.8 turns)  [m2:100%(1) m6:100%(3)]
  arena 19:  100% ±0  (n=4, avg 3.8 turns)  [m1:100%(4)]
  arena 20:    0% ±0  (n=4, avg 18.8 turns)  [m3:0%(2) m4:0%(2)]
  arena 28:  100% ±0  (n=3, avg 7.3 turns)  [m4:100%(2) m5:100%(1)]
  arena 30:   60% ±22  (n=5, avg 9.6 turns)  [m1:100%(2) m5:0%(1) m6:50%(2)]
  arena 31:  100% ±0  (n=4, avg 9.8 turns)  [m2:100%(2) m5:100%(2)]
  arena 32:  100% ±0  (n=4, avg 2.8 turns)  [m5:100%(2) m6:100%(2)]
  arena 33:  100% ±0  (n=4, avg 6.0 turns)  [m1:100%(2) m3:100%(2)]
  procedural:   87% ±9  (n=15, avg 5.9 turns)  [m1:100%(6) m2:100%(4) m3:50%(2) m5:100%(1) m6:50%(2)]

DEPLOYMENT GEOMETRY (opening shape; choices/ARMED is the wave's real gate):
  FRONTAL   :   93%  (n=30, avg 4.9 turns)  choices/turn 2.72  choices/ARMED 2.04  los-targets/ARMED 1.98
  PINCER    :   76% ±9  (n=25, avg 8.3 turns)  choices/turn 2.60  choices/ARMED 2.68  los-targets/ARMED 2.78
  CROSSFIRE :  100% ±0  (n=6, avg 2.8 turns)  choices/turn 6.06  choices/ARMED 2.78  los-targets/ARMED 2.30
  ENVELOP   :  100% ±0  (n=15, avg 5.7 turns)  choices/turn 3.35  choices/ARMED 2.10  los-targets/ARMED 1.91

ARENA FUNNEL (Mission.Build exits, n=87 builds, all modes):
  authored-applied    :  80.5%  (n=70)
  connectivity-reject :   0.0%  (n=0)
  procedural-roll     :  19.5%  (n=17)

DECK EXPOSURE (campaign runs n=20):
  distinct authored arenas/run : 3.05 mean (all runs)
  ... full-depth runs only     : 3.58 mean over 4.3 fights/run (n=12)
  Defend dealt on the route    :   65% of runs (n=13)

ENEMY DECISION MIX (contested acts=1153; all-downed acts not counted=267):
  shoot           608    53%
  hunker          321    28%
  move             77     7%
  heal             43     4%
  reload           28     2%
  grenade          22     2%
  siege            22     2%
  item             14     1%
  brace             5     0%
  sap               4     0%
  shove             4     0%
  overwatch         2     0%
  staleplan         2     0%
  relock            1     0%

  the shot on the table (acts where the chosen tile HAD a shot = 670):
    hit% band     taken   share   E[dmg]/shot   declined   share   E[dmg]/shot
      0-19           2      0%          0.43          0      0%          0.00
     20-39           8      1%          1.63          2    100%          0.97
     40-59          60     10%          1.91          0      0%          0.00
     60-79         211     35%          2.47          0      0%          0.00
      80+          327     54%          3.59          0      0%          0.00
    TOTAL           608                              2
  taken   91% / DECLINED    0% / preempted by another verb    9%
  enemy lanes held (overwatch+brace) 7; reaction shots fired 1  ->   14% of lanes paid off   [C2: DeclineWatchRatio is a bet on this number]

ACTION MIX (verbs issued, by policy):
  verb                  greedy        sloppy
  MOVE               457   39%     695   48%
  SHOOT              312   27%     334   23%
  BRACE               83    7%      51    4%
  HUNKER              62    5%      62    4%
  OVERWATCH           31    3%      48    3%
  RELOAD              27    2%      47    3%
  INTEL               32    3%      39    3%
  STABILIZE           33    3%      31    2%
  FOCUS               28    2%      14    1%
  MARK                19    2%      19    1%
  SLIPSTREAM          19    2%      16    1%
  PIN                 12    1%      22    2%
  ITEM:SMOKE          12    1%      19    1%
  PLANT                8    1%      11    1%
  REARM                5    0%       8    1%
  BEACON               5    0%       7    0%
  GRENADE              2    0%       6    0%
  EXTRACT              5    0%       2    0%
  HACK                 2    0%       3    0%
  PATCH                1    0%       3    0%
  BARREL               2    0%       1    0%
  DRAG                 0    0%       3    0%
  GRAPPLE              2    0%       0    0%

PLAYER CLASS PERFORMANCE:
  class        shots   hit%   dmg   kills
  SHARPSHOOTER    181    88%   1165     63
  GUNNER         208    89%   1030     69
  ASSAULT        176    85%    722     44
  RANGER          98    86%    558     47
  CORPSMAN        16    69%     52      0

SOLDIER DEATHS BY ENEMY CLASS (threat ranking):
  ELITE      : 11
  SAPPER     : 10
  BERSERKER  : 7
  BURN       : 7
  GRUNT      : 6
  WARBRINGER : 6
  BRUISER    : 5
  SCOUT      : 4
  SNIPER     : 4
  STRIKE     : 4
  DRONE      : 3
  SHIELD     : 3
  TURRET     : 3
  LANCER     : 3
  HUNTER     : 2
  MEDIC      : 2
  MORTAR     : 1
  HOUND      : 1

SOLDIER DOWNS (FUL-7 bleed-out): 195 downs -> revived 2 / recovered 62 / bled out 117 / finished 13  (save-rate   33%)
  corpsman fielded in 19 missions

ENEMY COMPOSITION (spawns; faction-stamped fights n=427 / default-cascade fights n=165):
  class        faction         default
  SCOUT           38    9%       66   40%
  GRUNT           39    9%       27   16%
  ELITE           41   10%        1    1%
  LANCER          30    7%        8    5%
  SAPPER          33    8%        4    2%
  HUNTER          25    6%       10    6%
  BERSERKER       31    7%        3    2%
  SNIPER          18    4%       14    8%
  MEDIC           27    6%        1    1%
  BRUISER         20    5%        5    3%
  DRONE           16    4%        9    5%
  STRIKER         15    4%        5    3%
  HOUND           12    3%        6    4%
  WARBRINGER      15    4%        2    1%
  SHIELD          14    3%        1    1%
  CUSTODIAN       13    3%        0    0%
  SPOTTER          8    2%        0    0%
  MORTAR           7    2%        1    1%
  PIKEMAN          7    2%        1    1%
  SCREENER         6    1%        1    1%
  TURRET           7    2%        0    0%
  BOMBARD          5    1%        0    0%

PERK PICK FREQUENCY:
  HRD           : 14
  SKR           : 11
  GUN           : 11
  OUT           : 11
  MOM           : 10
  LCK           : 10
  TNK           : 9
  CQB           : 9
  MRK           : 9
  GRD           : 8
  EXC           : 8
  RFX           : 6
  VNT           : 5
  PLT           : 5
  FST           : 4
  BRK           : 4
  CLH           : 4
  SGE           : 4
  BND           : 3

SHOP PURCHASE FREQUENCY:
  FIELD MEDKIT      : 58
  WPN: SCOPE        : 31
  WPN: STABILIZER   : 29
  WPN: HOLLOW POINT : 18
  ARMORY            : 13
  COMBAT STIMS      : 13
  WPN: BIPOD        : 11
  FRAG CACHE        : 9
  WPN: EXTENDED MAG : 9
  COUNTER-PREP      : 8
  BALLISTIC PLATING : 8
  WPN: SUPPRESSOR   : 7
  ADV. TRAINING     : 4

BOON PICK FREQUENCY (PROCS = effect fires at instrumented sites; '-' = not instrumented;
                      PYR counts the +2-turn-burn half only — the Burning-immunity half is uninstrumented):
  code                 picks   PROCS
  RPD               :     6       -
  EXE               :     5       -
  FDR               :     5       0
  FRT               :     5       -
  RCL               :     5       0
  SCV               :     4       -
  SHK               :     4      11
  ADR               :     3       -
  FVR               :     3       -
  GRN               :     3       -
  TRR               :     3      12
  VNM               :     3       -
  FST               :     2      22
  MRK               :     2       -
  PYR               :     2       0
  GHO               :     1       -

RUN WIN-RATE BY BOON (campaign runs holding it):
  RPD               :   67% ±19  (in 6 runs)
  EXE               :   60% ±22  (in 5 runs)
  FDR               :   80% ±18  (in 5 runs)
  FRT               :  100% ±0  (in 5 runs)
  RCL               :   20% ±18  (in 5 runs)
  SCV               :   25% ±22  (in 4 runs)
  SHK               :  100% ±0  (in 4 runs)
  ADR               :  100% ±0  (in 3 runs)
  FVR               :   67% ±27  (in 3 runs)
  GRN               :  100% ±0  (in 3 runs)
  TRR               :   33% ±27  (in 3 runs)
  VNM               :  100% ±0  (in 3 runs)
  FST               :  100% ±0  (in 2 runs)
  MRK               :   50% ±35  (in 2 runs)
  PYR               :  100% ±0  (in 2 runs)
  GHO               :  100% ±0  (in 1 runs)

RUN WIN-RATE BY SPEC (campaign runs fielding it):
  HHT               :   83% ±15  (in 6 runs)
  ADN               :   50% ±25  (in 4 runs)
  ANC               :   75% ±22  (in 4 runs)
  JUG               :  100% ±0  (in 3 runs)
  PHN               :   33% ±27  (in 3 runs)
  BRC               :    0% ±0  (in 2 runs)
  PTH               :  100% ±0  (in 2 runs)
  SNT               :  100% ±0  (in 1 runs)

RUN WIN-RATE BY PERK (campaign runs holding it):
  HRD               :   70% ±14  (in 10 runs)
  MOM               :   60% ±15  (in 10 runs)
  SKR               :   67% ±16  (in 9 runs)
  TNK               :   67% ±16  (in 9 runs)
  GUN               :   75% ±15  (in 8 runs)
  MRK               :   88% ±12  (in 8 runs)
  CQB               :   57% ±19  (in 7 runs)
  EXC               :   29% ±17  (in 7 runs)
  GRD               :   57% ±19  (in 7 runs)
  OUT               :   71% ±17  (in 7 runs)
  LCK               :   67% ±19  (in 6 runs)
  RFX               :   50% ±20  (in 6 runs)
  PLT               :   80% ±18  (in 5 runs)
  VNT               :   60% ±22  (in 5 runs)
  CLH               :   75% ±22  (in 4 runs)
  FST               :   75% ±22  (in 4 runs)
  SGE               :   50% ±25  (in 4 runs)
  BND               :  100% ±0  (in 3 runs)
  BRK               :   67% ±27  (in 3 runs)

RUN WIN-RATE BY PURCHASE (campaign runs buying it):
  FIELD MEDKIT      :   65% ±12  (in 17 runs)
  WPN: SCOPE        :   69% ±13  (in 13 runs)
  ARMORY            :   67% ±14  (in 12 runs)
  COMBAT STIMS      :   67% ±16  (in 9 runs)
  WPN: HOLLOW POINT :   78% ±14  (in 9 runs)
  WPN: STABILIZER   :   67% ±16  (in 9 runs)
  WPN: BIPOD        :   38% ±17  (in 8 runs)
  WPN: EXTENDED MAG :   75% ±15  (in 8 runs)
  BALLISTIC PLATING :   57% ±19  (in 7 runs)
  FRAG CACHE        :   71% ±17  (in 7 runs)
  COUNTER-PREP      :   83% ±15  (in 6 runs)
  WPN: SUPPRESSOR   :   83% ±15  (in 6 runs)
  ADV. TRAINING     :   75% ±22  (in 4 runs)

RUN WIN-RATE BY EVENT-CHOICE (campaign runs taking id:arm):
  distress:1        :   75% ±22  (in 4 runs)
  drill:1           :   50% ±25  (in 4 runs)
  blackmarket:0     :  100% ±0  (in 2 runs)
  bloodfeud:1       :  100% ±0  (in 2 runs)
  bloodfeud:2       :   50% ±35  (in 2 runs)
  cache:1           :  100% ±0  (in 2 runs)
  drill:0           :   50% ±35  (in 2 runs)
  grave:0           :  100% ±0  (in 2 runs)
  grave:1           :  100% ±0  (in 2 runs)
  informant:1       :    0% ±0  (in 2 runs)
  quartermaster:2   :  100% ±0  (in 2 runs)
  relic:1           :   50% ±35  (in 2 runs)
  reservecall:0     :    0% ±0  (in 2 runs)
═══════════════════════════════════════════════════════════════════════

batch wall-time: 8.9s  (20 matches across 10 campaigns × 2 policy, frame-cap hits: 0)
aggregate JSON -> /home/user/wt/heat-pin/docs/measurements/l5/L5bridge-h0-b20.json
INFO: TEXTURE: [ID 2] Unloaded texture data from VRAM (GPU)
INFO: SHADER: [ID 3] Default shader unloaded successfully
INFO: TEXTURE: [ID 1] Default texture unloaded successfully
INFO: Window closed successfully
