BALANCE: heat NOT pinned (SIGHTLINE_HEATPIN=0) - a heat-N rung may contain heat-N+1 missions
INFO: Initializing raylib 6.0
INFO: Platform backend: DESKTOP (GLFW)
INFO: Supported raylib modules:
INFO:     > rcore:..... loaded (mandatory)
INFO:     > rlgl:...... loaded (mandatory)
INFO:     > rshapes:... loaded (optional)
INFO:     > rtextures:. loaded (optional)
INFO:     > rtext:..... loaded (optional)
INFO:     > rmodels:... loaded (optional)
INFO:     > raudio:.... loaded (optional)
INFO: DISPLAY: Trying to enable MSAA x4
INFO: DISPLAY: Device initialized successfully 
INFO:     > Display size: 1280 x 800
INFO:     > Screen size:  1280 x 800
INFO:     > Render size:  1280 x 800
INFO:     > Viewport offsets: 0, 0
INFO: GLAD: OpenGL extensions loaded successfully
INFO: GL: Supported extensions count: 229
INFO: GL: OpenGL device information:
INFO:     > Vendor:   Mesa
INFO:     > Renderer: llvmpipe (LLVM 20.1.2, 256 bits)
INFO:     > Version:  4.5 (Core Profile) Mesa 25.2.8-0ubuntu0.24.04.2
INFO:     > GLSL:     4.50
INFO: GL: VAO extension detected, VAO functions loaded successfully
INFO: GL: NPOT textures extension detected, full NPOT textures supported
INFO: GL: DXT compressed textures supported
INFO: GL: ETC2/EAC compressed textures supported
INFO: PLATFORM: DESKTOP (GLFW - X11): Initialized successfully
INFO: TEXTURE: [ID 1] Texture loaded successfully (1x1 | R8G8B8A8 | 1 mipmaps)
INFO: TEXTURE: [ID 1] Default texture loaded successfully
INFO: SHADER: [ID 1] Vertex shader compiled successfully
INFO: SHADER: [ID 2] Fragment shader compiled successfully
INFO: SHADER: [ID 3] Program shader loaded successfully
INFO: SHADER: [ID 3] Default shader loaded successfully
INFO: RLGL: Render batch vertex buffers loaded successfully in RAM (CPU)
INFO: RLGL: Render batch vertex buffers loaded successfully in VRAM (GPU)
INFO: RLGL: Default OpenGL state initialized successfully
INFO: TEXTURE: [ID 2] Texture loaded successfully (128x128 | GRAY_ALPHA | 1 mipmaps)
INFO: FONT: Default font loaded successfully (224 glyphs)
INFO: SYSTEM: Working Directory: /home/user/wt/heat-pin
INFO: TIMER: Target time per frame: 0.000 milliseconds
FINALE-KIT: Syndicate
WAVE: +2 (SCREENER,DRONE) [rich]
WAVE: +2 (SPOTTER,SCREENER) [rich]
WAVE: +2 (SCREENER,SHIELD) [rich]
FINALE-KIT: Syndicate
WAVE: +2 (SPOTTER,CUSTODIAN) [rich]
WAVE: +2 (SAPPER,DRONE) [rich]
WAVE: +2 (SCREENER,SAPPER) [rich]
FINALE-KIT: Wardens
WAVE: +2 (GRUNT,STRIKER) [rich]
WAVE: +2 (HUNTER,SAPPER) [rich]
WAVE: +2 (CUSTODIAN,SHIELD) [rich]
REINFORCEMENTS: +2 (GRUNT,SCOUT)
REINFORCEMENTS: +2 (SCOUT,SCOUT)
REINFORCEMENTS: +3 (SCOUT,GRUNT,GRUNT)
FINALE-KIT: Wardens
WAVE: +2 (SCREENER,HOUND) [rich]
WAVE: +2 (LANCER,SAPPER) [rich]
WAVE: +2 (STRIKER,LANCER) [rich]
REINFORCEMENTS: +2 (GRUNT,SCOUT)
REINFORCEMENTS: +2 (GRUNT,GRUNT)
FINALE-KIT: Syndicate
WAVE: +3 (SAPPER,STRIKER,LANCER) [rich]
WAVE: +3 (SNIPER,PIKEMAN,HOUND) [rich]
WAVE: +3 (BERSERKER,SAPPER,BERSERKER) [rich]
match 5/20  (W:5 L:0 cap:0)  3.6s
FINALE-KIT: Syndicate
WAVE: +3 (GRUNT,SPOTTER,DRONE) [rich]
WAVE: +3 (MEDIC,DRONE,SAPPER) [rich]
WAVE: +3 (DRONE,STRIKER,HUNTER) [rich]
FINALE-KIT: Legion
WAVE: +2 (DRONE,DRONE) [rich]
WAVE: +2 (SPOTTER,SHIELD) [rich]
WAVE: +2 (DRONE,SPOTTER) [rich]
FINALE-KIT: Legion
WAVE: +2 (SCREENER,DRONE) [rich]
WAVE: +2 (GRUNT,SHIELD) [rich]
WAVE: +2 (SHIELD,SHIELD) [rich]
FINALE-KIT: Wardens
FINALE-KIT: Wardens
match 10/20  (W:7 L:3 cap:0)  5.7s
FINALE-KIT: Wardens
FINALE-KIT: Wardens
REINFORCEMENTS: +2 (GRUNT,GRUNT)
FINALE-KIT: Legion
FINALE-KIT: Legion
FINALE-KIT: Syndicate
WAVE: +2 (SHIELD,DRONE) [rich]
WAVE: +2 (MEDIC,MEDIC) [rich]
WAVE: +2 (DRONE,HOUND) [rich]
match 15/20  (W:10 L:5 cap:0)  6.5s
FINALE-KIT: Syndicate
WAVE: +2 (DRONE,STRIKER) [rich]
WAVE: +2 (PIKEMAN,HOUND) [rich]
WAVE: +2 (SPOTTER,HOUND) [rich]
FINALE-KIT: Syndicate
WAVE: +3 (PIKEMAN,GRUNT,SNIPER) [rich]
WAVE: +3 (MORTAR,MORTAR,PIKEMAN) [rich]
WAVE: +3 (GRUNT,MORTAR,SCOUT) [rich]
FINALE-KIT: Syndicate
REINFORCEMENTS: +2 (SCOUT,GRUNT)
REINFORCEMENTS: +2 (GRUNT,SCOUT)
REINFORCEMENTS: +3 (GRUNT,SCOUT,GRUNT)
REINFORCEMENTS: +2 (GRUNT,GRUNT)
REINFORCEMENTS: +2 (GRUNT,SCOUT)
FINALE-KIT: Syndicate
WAVE: +2 (BRUISER,STRIKER) [rich]
WAVE: +2 (STRIKER,HUNTER) [rich]
WAVE: +2 (LANCER,SNIPER) [rich]
WAVE: +2 (SHIELD,LANCER) [rich]
WAVE: +2 (DRONE,PIKEMAN) [rich]
WAVE: +2 (STRIKER,LANCER) [rich]
FINALE-KIT: Syndicate
WAVE: +2 (HUNTER,DRONE) [rich]
WAVE: +2 (HUNTER,STRIKER) [rich]
WAVE: +2 (SCOUT,SCOUT) [rich]
WAVE: +2 (HUNTER,GRUNT) [rich]
WAVE: +2 (HOUND,MEDIC) [rich]
WAVE: +2 (MORTAR,BERSERKER) [rich]
match 20/20  (W:13 L:7 cap:0)  7.9s

══════════════════════ SIGHTLINE BALANCE REPORT ══════════════════════
runs=20  missions=84

RUN OUTCOMES (campaign):  win-rate   65%   avg missions cleared 5.1

POLICY GAP (optimal vs human-error; campaign runs only):
  greedy win-rate   80%  (n=10)
  sloppy win-rate   50%  (n=10)
  GAP   30 pts  (swingy/unforgiving)
  PAIRED (same-seed slots): pairs=10  concordant=7  discordant greedy-only-won=3 / sloppy-only-won=0  paired gap   30 pts
  PER-SLOT RECORDS (greedy | sloppy: outcome + missions cleared; margin = g−s):
    slot  40 @h-1: W 6 | W 6   margin +0
    slot  41 @h-1: W 6 | W 6   margin +0
    slot  42 @h-1: W 6 | W 6   margin +0
    slot  43 @h-1: L 4 | L 4   margin +0
    slot  44 @h-1: W 6 | L 3   margin +3
    slot  45 @h-1: L 4 | L 4   margin +0
    slot  46 @h-1: W 6 | W 6   margin +0
    slot  47 @h-1: W 6 | W 6   margin +0
    slot  48 @h-1: W 6 | L 2   margin +4
    slot  49 @h-1: W 6 | L 3   margin +3
  PAIRED MARGIN (missions cleared, all pairs): +1.00 ±0.52 SE  (n=10 pairs)
  by objective (greedy / sloppy / gap):
    Decapitate :   90% /   71% / gap   19
    Defend     :  100% /  100% / gap    0
    Eliminate  :   92% /   85% / gap    8
    Escort     :  100% /   80% / gap   20
    Evac       :  100% /  100% / gap    0
    Rescue     :  100% /  100% / gap    0
    Sabotage   :  100% /  100% / gap    0

DECISION RICHNESS / SWING:
  meaningful-choices/turn 4.22   lead-swings/match 0.6   avg max-swing 31.4
  [shot-gate] acting-soldiers/turn 3.74   armed-soldiers/turn 1.74   armed-fraction 47%   turns-with-a-shot 58%   choices/ARMED-soldier-turn 2.42
  [choice-split] los-targets/ARMED 2.42   target-choices/ARMED 0.77   position-choices/ARMED 1.66

RUN COMPLETION BY HEAT (full-campaign clears):
  heat -1:   65% ±11  (n=20 runs, avg 5.1 missions)
  HEAT LEAK: pinned=NO  heat-raising picks=2  campaigns raised=2  missions off-rung=4/84
  STALEMATES: mission-cap 1  run-cap 0   [slot 49 s m4 Escort mis rt=72]

INTEL ECONOMY BY HEAT (campaign runs; heat-bonus = the Heat.IntelBonus share of income):
  heat -1: earned  159.5/run   heat-bonus   0.0 (   0% of income)   spent  140.8   unspent   18.7

MISSION WIN-RATE BY HEAT:
  heat -1:   94%  (n=80, avg 5.7 turns)
  heat 0:   50% ±25  (n=4, avg 5.3 turns)

MISSION WIN-RATE BY OBJECTIVE:
  Eliminate  :   88% ±6  (n=26, avg 3.8 turns)
  Decapitate :   82% ±9  (n=17, avg 4.0 turns)
  Defend     :  100% ±0  (n=15, avg 9.0 turns)
  Escort     :   92% ±8  (n=12, avg 11.6 turns)
  Rescue     :  100% ±0  (n=10, avg 2.7 turns)
  Evac       :  100% ±0  (n=2, avg 2.0 turns)
  Sabotage   :  100% ±0  (n=2, avg 2.5 turns)

MISSION WIN-RATE BY OBJECTIVE x NODE KIND (a capstone must never pool with a mid-run node):
  Eliminate  : Start: 100%(n=20)  Combat:  25%(n=4)  Supply: 100%(n=2)
               depth: m1:100%(20) m4:75%(4) m5:0%(2)
  Decapitate : Boss: 100%(n=13)  Combat:   0%(n=2)  Supply:  50%(n=2)
               depth: m3:50%(2) m5:0%(2) m6:100%(13)
  Defend     : Supply: 100%(n=10)  Combat: 100%(n=3)  Elite: 100%(n=2)
               depth: m2:100%(2) m3:100%(10) m4:100%(2) m5:100%(1)
  Escort     : Combat:  86%(n=7)  Elite: 100%(n=3)  Supply: 100%(n=2)
               depth: m3:100%(2) m4:86%(7) m5:100%(3)
  Rescue     : Supply: 100%(n=10)
               depth: m2:100%(2) m3:100%(2) m4:100%(4) m5:100%(2)
  Evac       : Combat: 100%(n=2)
               depth: m3:100%(2)
  Sabotage   : Combat: 100%(n=2)
               depth: m2:100%(2)

ENCOUNTER COMPLETION on MID-RUN nodes (Combat+Elite) — clear% is the share of the fight actually fought:
  objective     n   win%   turns   force    +rf  killed  clear%   prs  WONclear%
  Escort        10   90%    13.3    6.90   0.00    1.90    27.5  0.00     20.6 (n=9)
  Defend         5  100%     9.0    3.60   6.60    2.60    25.5  0.00     25.5 (n=5)
  Eliminate      4   25%     9.3    6.50   0.00    4.25    65.4  2.00    100.0 (n=1)
  Evac           2  100%     2.0    5.00   0.00    0.00     0.0  0.00      0.0 (n=2)
  Sabotage       2  100%     2.5    3.00   0.00    1.50    50.0  0.00     50.0 (n=2)
  Decapitate     2    0%     7.0    8.00   1.00    1.00    11.1  1.50      0.0 (n=0)
  ---- the two classes ----
  KILL           6   17%     8.5    7.00   0.33    3.17    43.2  1.83    100.0 (n=1)
  NON-KILL      19   95%     9.8    5.42   1.74    1.84    25.7  0.00     22.3 (n=18)

DECAPITATE HVT (buff = +6+1*mission HP, +6 aim; ELITE exempt):
  EXEMPT  :   82% ±9  (n=17, avg 4.0 turns, HVT 22.5 max HP)  [m3:50%(2) m5:0%(2) m6:100%(13)]

MISSION WIN-RATE BY MISSION #:
  m1:  100% ±0  (n=20)
  m2:  100% ±0  (n=6)
  m3:   94% ±5  (n=18)
  m4:   88% ±8  (n=17)
  m5:   60% ±15  (n=10)
  m6:  100% ±0  (n=13)

LOSS CAUSES (missions):
  RUN OVER              : 6
  STALEMATE-MISSION     : 1

MISSION WIN-RATE BY ARENA (authored layouts, n>=3; procedural fallback   18% of 84 missions):
  arena  6:  100% ±0  (n=3, avg 3.0 turns)  [m3:100%(2) m5:100%(1)]
  arena  8:  100% ±0  (n=4, avg 6.0 turns)  [m4:100%(4)]
  arena 14:  100% ±0  (n=4, avg 6.0 turns)  [m1:100%(2) m3:100%(2)]
  arena 24:   75% ±22  (n=4, avg 7.8 turns)  [m3:100%(2) m4:50%(2)]
  arena 27:   75% ±22  (n=4, avg 5.3 turns)  [m1:100%(2) m3:100%(1) m5:0%(1)]
  arena 29:  100% ±0  (n=4, avg 5.8 turns)  [m1:100%(2) m5:100%(2)]
  arena 30:  100% ±0  (n=5, avg 5.6 turns)  [m3:100%(2) m6:100%(3)]
  arena 31:  100% ±0  (n=3, avg 5.0 turns)  [m5:100%(1) m6:100%(2)]
  procedural:   93% ±6  (n=15, avg 3.9 turns)  [m1:100%(8) m3:100%(1) m4:100%(2) m5:0%(1) m6:100%(3)]

DEPLOYMENT GEOMETRY (opening shape; choices/ARMED is the wave's real gate):
  FRONTAL   :   97%  (n=32, avg 6.5 turns)  choices/turn 6.10  choices/ARMED 2.67  los-targets/ARMED 2.73
  PINCER    :   92% ±5  (n=25, avg 4.6 turns)  choices/turn 2.73  choices/ARMED 2.16  los-targets/ARMED 2.16
  CROSSFIRE :   85% ±10  (n=13, avg 5.1 turns)  choices/turn 2.28  choices/ARMED 1.67  los-targets/ARMED 2.17
  ENVELOP   :   86% ±9  (n=14, avg 6.4 turns)  choices/turn 2.91  choices/ARMED 2.26  los-targets/ARMED 1.58

ARENA FUNNEL (Mission.Build exits, n=93 builds, all modes):
  authored-applied    :  80.6%  (n=75)
  connectivity-reject :   0.0%  (n=0)
  procedural-roll     :  19.4%  (n=18)

DECK EXPOSURE (campaign runs n=20):
  distinct authored arenas/run : 3.45 mean (all runs)
  ... full-depth runs only     : 3.77 mean over 4.5 fights/run (n=13)
  Defend dealt on the route    :   65% of runs (n=13)

ENEMY DECISION MIX (contested acts=698; all-downed acts not counted=359):
  shoot           428    61%
  hunker           96    14%
  move             87    12%
  grenade          28     4%
  heal             24     3%
  reload           11     2%
  brace             6     1%
  item              6     1%
  siege             4     1%
  overwatch         3     0%
  staleplan         3     0%
  sap               2     0%

  the shot on the table (acts where the chosen tile HAD a shot = 488):
    hit% band     taken   share   E[dmg]/shot   declined   share   E[dmg]/shot
      0-19           0      0%          0.00          0      0%          0.00
     20-39           9      2%          1.20          3    100%          1.13
     40-59          28      7%          1.99          0      0%          0.00
     60-79         161     38%          2.79          0      0%          0.00
      80+          230     54%          3.72          0      0%          0.00
    TOTAL           428                              3
  taken   88% / DECLINED    1% / preempted by another verb   12%
  enemy lanes held (overwatch+brace) 9; reaction shots fired 3  ->   33% of lanes paid off   [C2: DeclineWatchRatio is a bet on this number]

ACTION MIX (verbs issued, by policy):
  verb                  greedy        sloppy
  MOVE               545   42%     495   29%
  SHOOT              309   24%     318   19%
  HUNKER             110    9%     396   23%
  OVERWATCH           33    3%     216   13%
  BRACE               53    4%      45    3%
  FOCUS               30    2%      45    3%
  INTEL               40    3%      33    2%
  RELOAD              35    3%      38    2%
  SLIPSTREAM          24    2%      27    2%
  STABILIZE           20    2%      22    1%
  MARK                18    1%      19    1%
  ITEM:SMOKE          17    1%       9    1%
  BEACON              12    1%      10    1%
  PIN                 13    1%       6    0%
  EXTRACT             12    1%       5    0%
  REARM                7    1%       4    0%
  GRENADE              3    0%       6    0%
  PATCH                6    0%       2    0%
  GRAPPLE              3    0%       5    0%
  PLANT                4    0%       3    0%
  DRAG                 0    0%       2    0%

PLAYER CLASS PERFORMANCE:
  class        shots   hit%   dmg   kills
  SHARPSHOOTER    132    89%    849     59
  RANGER         147    88%    837     50
  GUNNER         191    83%    737     50
  ASSAULT        163    92%    700     46
  CORPSMAN        48    81%    131      7

SOLDIER DEATHS BY ENEMY CLASS (threat ranking):
  BURN       : 21
  ELITE      : 7
  SHIELD     : 6
  SAPPER     : 4
  BRUISER    : 4
  HUNTER     : 4
  DRONE      : 3
  STRIKER    : 2
  GRUNT      : 2
  BERSERKER  : 2
  SCOUT      : 1
  TURRET     : 1
  PIKEMAN    : 1
  MORTAR     : 1
  LANCER     : 1

SOLDIER DOWNS (FUL-7 bleed-out): 154 downs -> revived 6 / recovered 47 / bled out 79 / finished 22  (save-rate   34%)
  corpsman fielded in 25 missions

ENEMY COMPOSITION (spawns; faction-stamped fights n=296 / default-cascade fights n=250):
  class        faction         default
  SCOUT           15    5%       46   18%
  GRUNT           23    8%       35   14%
  ELITE           31   10%       15    6%
  DRONE           17    6%       19    8%
  SCREENER        21    7%        9    4%
  STRIKER         12    4%       17    7%
  HUNTER          19    6%       10    4%
  SHIELD          21    7%        7    3%
  BRUISER         24    8%        4    2%
  SAPPER          17    6%       10    4%
  BERSERKER       18    6%        8    3%
  HOUND            9    3%       12    5%
  CUSTODIAN        9    3%       10    4%
  MEDIC           13    4%        5    2%
  SNIPER          12    4%        6    2%
  TURRET          12    4%        5    2%
  LANCER           4    1%       12    5%
  MORTAR           3    1%       10    4%
  SPOTTER          6    2%        4    2%
  PIKEMAN          4    1%        5    2%
  WARBRINGER       5    2%        0    0%
  BOMBARD          1    0%        1    0%

PERK PICK FREQUENCY:
  TNK           : 14
  BRK           : 12
  FST           : 12
  GUN           : 12
  LCK           : 11
  SGE           : 9
  CQB           : 9
  SKR           : 8
  EXC           : 7
  RFX           : 7
  HRD           : 6
  MRK           : 6
  OUT           : 5
  MOM           : 5
  PLT           : 5
  GRD           : 4
  CLH           : 3
  BND           : 3
  VNT           : 1

SHOP PURCHASE FREQUENCY:
  WPN: SCOPE        : 48
  FIELD MEDKIT      : 45
  WPN: HOLLOW POINT : 32
  WPN: EXTENDED MAG : 26
  WPN: STABILIZER   : 22
  COMBAT STIMS      : 20
  WPN: BIPOD        : 16
  WPN: SUPPRESSOR   : 14
  ARMORY            : 11
  COUNTER-PREP      : 10
  FRAG CACHE        : 8
  BALLISTIC PLATING : 7
  ADV. TRAINING     : 6

BOON PICK FREQUENCY (PROCS = effect fires at instrumented sites; '-' = not instrumented;
                      PYR counts the +2-turn-burn half only — the Burning-immunity half is uninstrumented):
  code                 picks   PROCS
  TRR               :     8      19
  EXE               :     6       -
  FST               :     6      73
  FRT               :     5       -
  GHO               :     5       -
  PYR               :     4       0
  RPD               :     4       -
  SCV               :     4       -
  SHK               :     4       0
  ADR               :     3       -
  FVR               :     3       -
  GRN               :     3       -
  MRK               :     3       -
  FDR               :     2       0
  RCL               :     2       0
  VNM               :     2       -

RUN WIN-RATE BY BOON (campaign runs holding it):
  TRR               :   75% ±15  (in 8 runs)
  EXE               :   67% ±19  (in 6 runs)
  FST               :   67% ±19  (in 6 runs)
  FRT               :   80% ±18  (in 5 runs)
  GHO               :   60% ±22  (in 5 runs)
  PYR               :   75% ±22  (in 4 runs)
  RPD               :  100% ±0  (in 4 runs)
  SCV               :   25% ±22  (in 4 runs)
  SHK               :   75% ±22  (in 4 runs)
  ADR               :   67% ±27  (in 3 runs)
  FVR               :   67% ±27  (in 3 runs)
  GRN               :  100% ±0  (in 3 runs)
  MRK               :   33% ±27  (in 3 runs)
  FDR               :  100% ±0  (in 2 runs)
  RCL               :  100% ±0  (in 2 runs)
  VNM               :  100% ±0  (in 2 runs)

RUN WIN-RATE BY SPEC (campaign runs fielding it):
  BRC               :  100% ±0  (in 4 runs)
  PHN               :   50% ±25  (in 4 runs)
  HHT               :   67% ±27  (in 3 runs)
  SNT               :   67% ±27  (in 3 runs)
  ADN               :   50% ±35  (in 2 runs)
  PTH               :   50% ±35  (in 2 runs)
  ANC               :  100% ±0  (in 1 runs)
  JUG               :  100% ±0  (in 1 runs)
  MED               :    0% ±0  (in 1 runs)
  SRG               :  100% ±0  (in 1 runs)

RUN WIN-RATE BY PERK (campaign runs holding it):
  TNK               :   73% ±13  (in 11 runs)
  BRK               :   89% ±10  (in 9 runs)
  FST               :   67% ±16  (in 9 runs)
  GUN               :   56% ±17  (in 9 runs)
  LCK               :   67% ±16  (in 9 runs)
  SGE               :   67% ±16  (in 9 runs)
  SKR               :   50% ±18  (in 8 runs)
  CQB               :   71% ±17  (in 7 runs)
  EXC               :   43% ±19  (in 7 runs)
  RFX               :   71% ±17  (in 7 runs)
  HRD               :   83% ±15  (in 6 runs)
  MRK               :   83% ±15  (in 6 runs)
  OUT               :   80% ±18  (in 5 runs)
  MOM               :   50% ±25  (in 4 runs)
  GRD               :   33% ±27  (in 3 runs)
  PLT               :  100% ±0  (in 3 runs)
  BND               :    0% ±0  (in 2 runs)
  CLH               :  100% ±0  (in 1 runs)
  VNT               :  100% ±0  (in 1 runs)

RUN WIN-RATE BY PURCHASE (campaign runs buying it):
  FIELD MEDKIT      :   59% ±12  (in 17 runs)
  WPN: SCOPE        :   67% ±12  (in 15 runs)
  WPN: EXTENDED MAG :   55% ±15  (in 11 runs)
  WPN: HOLLOW POINT :   64% ±15  (in 11 runs)
  WPN: BIPOD        :   70% ±14  (in 10 runs)
  ARMORY            :   89% ±10  (in 9 runs)
  COMBAT STIMS      :   67% ±16  (in 9 runs)
  COUNTER-PREP      :   67% ±16  (in 9 runs)
  WPN: SUPPRESSOR   :   78% ±14  (in 9 runs)
  WPN: STABILIZER   :   75% ±15  (in 8 runs)
  FRAG CACHE        :   86% ±13  (in 7 runs)
  ADV. TRAINING     :   83% ±15  (in 6 runs)
  BALLISTIC PLATING :   50% ±20  (in 6 runs)

RUN WIN-RATE BY EVENT-CHOICE (campaign runs taking id:arm):
  cache:1           :  100% ±0  (in 4 runs)
  quartermaster:1   :   75% ±22  (in 4 runs)
  warchest:1        :   50% ±25  (in 4 runs)
  blackmarket:2     :  100% ±0  (in 2 runs)
  bloodfeud:1       :  100% ±0  (in 2 runs)
  defector:0        :  100% ±0  (in 2 runs)
  drill:0           :  100% ±0  (in 2 runs)
  informant:1       :    0% ±0  (in 2 runs)
  reservecall:0     :   50% ±35  (in 2 runs)
  bloodfeud:2       :  100% ±0  (in 1 runs)
═══════════════════════════════════════════════════════════════════════

batch wall-time: 7.9s  (20 matches across 10 campaigns × 2 policy, frame-cap hits: 0)
aggregate JSON -> /home/user/wt/heat-pin/docs/measurements/l5/L5bridge-hR-b40.json
INFO: TEXTURE: [ID 2] Unloaded texture data from VRAM (GPU)
INFO: SHADER: [ID 3] Default shader unloaded successfully
INFO: TEXTURE: [ID 1] Default texture unloaded successfully
INFO: Window closed successfully
