BALANCE: heat NOT pinned (SIGHTLINE_HEATPIN=0) - a heat-N rung may contain heat-N+1 missions
INFO: Initializing raylib 6.0
INFO: Platform backend: DESKTOP (GLFW)
INFO: Supported raylib modules:
INFO:     > rcore:..... loaded (mandatory)
INFO:     > rlgl:...... loaded (mandatory)
INFO:     > rshapes:... loaded (optional)
INFO:     > rtextures:. loaded (optional)
INFO:     > rtext:..... loaded (optional)
INFO:     > rmodels:... loaded (optional)
INFO:     > raudio:.... loaded (optional)
INFO: DISPLAY: Trying to enable MSAA x4
INFO: DISPLAY: Device initialized successfully 
INFO:     > Display size: 1280 x 800
INFO:     > Screen size:  1280 x 800
INFO:     > Render size:  1280 x 800
INFO:     > Viewport offsets: 0, 0
INFO: GLAD: OpenGL extensions loaded successfully
INFO: GL: Supported extensions count: 229
INFO: GL: OpenGL device information:
INFO:     > Vendor:   Mesa
INFO:     > Renderer: llvmpipe (LLVM 20.1.2, 256 bits)
INFO:     > Version:  4.5 (Core Profile) Mesa 25.2.8-0ubuntu0.24.04.2
INFO:     > GLSL:     4.50
INFO: GL: VAO extension detected, VAO functions loaded successfully
INFO: GL: NPOT textures extension detected, full NPOT textures supported
INFO: GL: DXT compressed textures supported
INFO: GL: ETC2/EAC compressed textures supported
INFO: PLATFORM: DESKTOP (GLFW - X11): Initialized successfully
INFO: TEXTURE: [ID 1] Texture loaded successfully (1x1 | R8G8B8A8 | 1 mipmaps)
INFO: TEXTURE: [ID 1] Default texture loaded successfully
INFO: SHADER: [ID 1] Vertex shader compiled successfully
INFO: SHADER: [ID 2] Fragment shader compiled successfully
INFO: SHADER: [ID 3] Program shader loaded successfully
INFO: SHADER: [ID 3] Default shader loaded successfully
INFO: RLGL: Render batch vertex buffers loaded successfully in RAM (CPU)
INFO: RLGL: Render batch vertex buffers loaded successfully in VRAM (GPU)
INFO: RLGL: Default OpenGL state initialized successfully
INFO: TEXTURE: [ID 2] Texture loaded successfully (128x128 | GRAY_ALPHA | 1 mipmaps)
INFO: FONT: Default font loaded successfully (224 glyphs)
INFO: SYSTEM: Working Directory: /home/user/wt/heat-pin
INFO: TIMER: Target time per frame: 0.000 milliseconds
FINALE-KIT: Syndicate
WAVE: +2 (DRONE,SCREENER) [rich]
WAVE: +2 (SHIELD,CUSTODIAN) [rich]
WAVE: +2 (DRONE,SHIELD) [rich]
WAVE: +2 (SCREENER,SAPPER) [rich]
FINALE-KIT: Syndicate
WAVE: +2 (DRONE,GRUNT) [rich]
WAVE: +2 (DRONE,GRUNT) [rich]
WAVE: +2 (DRONE,CUSTODIAN) [rich]
REINFORCEMENTS: +2 (SCOUT,GRUNT)
FINALE-KIT: Wardens
WAVE: +2 (CUSTODIAN,SHIELD) [rich]
WAVE: +2 (STRIKER,BERSERKER) [rich]
WAVE: +2 (SPOTTER,MEDIC) [rich]
FINALE-KIT: Wardens
WAVE: +2 (LANCER,BERSERKER) [rich]
WAVE: +2 (SAPPER,SCREENER) [rich]
WAVE: +2 (LANCER,STRIKER) [rich]
FINALE-KIT: Syndicate
match 5/20  (W:1 L:4 cap:0)  1.6s
FINALE-KIT: Syndicate
FINALE-KIT: Legion
WAVE: +2 (DRONE,SPOTTER) [rich]
WAVE: +2 (SAPPER,SHIELD) [rich]
WAVE: +2 (DRONE,SPOTTER) [rich]
FINALE-KIT: Legion
WAVE: +2 (DRONE,SPOTTER) [rich]
WAVE: +2 (SAPPER,SAPPER) [rich]
WAVE: +2 (DRONE,DRONE) [rich]
FINALE-KIT: Wardens
FINALE-KIT: Wardens
match 10/20  (W:1 L:9 cap:0)  2.6s
FINALE-KIT: Wardens
FINALE-KIT: Wardens
REINFORCEMENTS: +2 (GRUNT,GRUNT)
REINFORCEMENTS: +2 (GRUNT,GRUNT)
FINALE-KIT: Legion
FINALE-KIT: Legion
FINALE-KIT: Syndicate
WAVE: +2 (BERSERKER,HUNTER) [rich]
WAVE: +2 (LANCER,BERSERKER) [rich]
WAVE: +2 (SHIELD,HUNTER) [rich]
match 15/20  (W:1 L:14 cap:0)  3.2s
FINALE-KIT: Syndicate
WAVE: +2 (HUNTER,HUNTER) [rich]
WAVE: +2 (MEDIC,STRIKER) [rich]
WAVE: +2 (LANCER,SAPPER) [rich]
FINALE-KIT: Syndicate
REINFORCEMENTS: +2 (SCOUT,GRUNT)
REINFORCEMENTS: +2 (GRUNT,SCOUT)
REINFORCEMENTS: +2 (SCOUT,GRUNT)
FINALE-KIT: Syndicate
REINFORCEMENTS: +2 (GRUNT,SCOUT)
FINALE-KIT: Syndicate
WAVE: +2 (DRONE,SCOUT) [rich]
WAVE: +2 (HUNTER,HUNTER) [rich]
WAVE: +2 (LANCER,HUNTER) [rich]
WAVE: +2 (HOUND,LANCER) [rich]
WAVE: +2 (SHIELD,HUNTER) [rich]
WAVE: +2 (LANCER,GRUNT) [rich]
WAVE: +2 (SHIELD,SAPPER) [rich]
WAVE: +2 (SNIPER,GRUNT) [rich]
WAVE: +2 (SPOTTER,MORTAR) [rich]
REINFORCEMENTS: +2 (SCOUT,GRUNT)
REINFORCEMENTS: +2 (SCOUT,GRUNT)
FINALE-KIT: Syndicate
WAVE: +2 (STRIKER,STRIKER) [rich]
WAVE: +2 (DRONE,LANCER) [rich]
WAVE: +2 (LANCER,HUNTER) [rich]
WAVE: +2 (MORTAR,STRIKER) [rich]
WAVE: +2 (SNIPER,DRONE) [rich]
WAVE: +2 (MORTAR,GRUNT) [rich]
REINFORCEMENTS: +2 (GRUNT,SCOUT)
REINFORCEMENTS: +2 (SCOUT,GRUNT)
match 20/20  (W:2 L:18 cap:0)  4.3s

══════════════════════ SIGHTLINE BALANCE REPORT ══════════════════════
runs=20  missions=56

RUN OUTCOMES (campaign):  win-rate   10%   avg missions cleared 2.9

POLICY GAP (optimal vs human-error; campaign runs only):
  greedy win-rate    0%  (n=10)
  sloppy win-rate   20%  (n=10)
  GAP  -20 pts  (noisy (need more runs))
  PAIRED (same-seed slots): pairs=10  concordant=8  discordant greedy-only-won=0 / sloppy-only-won=2  paired gap  -20 pts
  PER-SLOT RECORDS (greedy | sloppy: outcome + missions cleared; margin = g−s):
    slot  40 @h6: L 2 | W 6   margin -4
    slot  41 @h6: L 3 | L 3   margin +0
    slot  42 @h6: L 0 | L 0   margin +0
    slot  43 @h6: L 4 | L 3   margin +1
    slot  44 @h6: L 2 | L 2   margin +0
    slot  45 @h6: L 1 | L 4   margin -3
    slot  46 @h6: L 4 | L 2   margin +2
    slot  47 @h6: L 3 | L 3   margin +0
    slot  48 @h6: L 2 | L 2   margin +0
    slot  49 @h6: L 5 | W 6   margin -1
  PAIRED MARGIN (missions cleared, all pairs): -0.50 ±0.56 SE  (n=10 pairs)
  by objective (greedy / sloppy / gap):
    Decapitate :    0% /   50% / gap  -50
    Defend     :   83% /  100% / gap  -17
    Eliminate  :   83% /   82% / gap    2
    Escort     :   50% /   25% / gap   25
    Rescue     :    0% /   67% / gap  -67
    Sabotage   :    0% /  100% / gap -100

DECISION RICHNESS / SWING:
  meaningful-choices/turn 1.82   lead-swings/match 0.6   avg max-swing 54.3
  [shot-gate] acting-soldiers/turn 2.97   armed-soldiers/turn 0.95   armed-fraction 32%   turns-with-a-shot 48%   choices/ARMED-soldier-turn 1.92
  [choice-split] los-targets/ARMED 2.01   target-choices/ARMED 0.29   position-choices/ARMED 1.62

RUN COMPLETION BY HEAT (full-campaign clears):
  heat 6:   10% ±7  (n=20 runs, avg 2.9 missions)
  HEAT LEAK: pinned=NO  heat-raising picks=1  campaigns raised=1  missions off-rung=2/56

INTEL ECONOMY BY HEAT (campaign runs; heat-bonus = the Heat.IntelBonus share of income):
  heat 6: earned  146.0/run   heat-bonus  65.3 (  45% of income)   spent  131.6   unspent   14.4

MISSION WIN-RATE BY HEAT:
  heat 6:   69%  (n=54, avg 5.5 turns)
  heat 7:   50% ±35  (n=2, avg 7.0 turns)

MISSION WIN-RATE BY OBJECTIVE:
  Eliminate  :   83% ±8  (n=23, avg 3.7 turns)
  Defend     :   92% ±8  (n=12, avg 8.8 turns)
  Escort     :   38% ±17  (n=8, avg 5.4 turns)
  Decapitate :   33% ±19  (n=6, avg 8.0 turns)
  Rescue     :   40% ±22  (n=5, avg 3.8 turns)
  Sabotage   :   50% ±35  (n=2, avg 5.5 turns)

MISSION WIN-RATE BY OBJECTIVE x NODE KIND (a capstone must never pool with a mid-run node):
  Eliminate  : Start:  90%(n=20)  Supply:  50%(n=2)  Combat:   0%(n=1)
               depth: m1:90%(20) m4:50%(2) m5:0%(1)
  Defend     : Supply: 100%(n=8)  Combat:  50%(n=2)  Elite: 100%(n=2)
               depth: m2:100%(2) m3:90%(10)
  Escort     : Combat:  33%(n=6)  Supply:  50%(n=2)
               depth: m3:50%(2) m4:33%(6)
  Decapitate : Boss:  67%(n=3)  Supply:   0%(n=2)  Combat:   0%(n=1)
               depth: m3:0%(2) m5:0%(1) m6:67%(3)
  Rescue     : Supply:  40%(n=5)
               depth: m3:0%(2) m4:100%(2) m5:0%(1)
  Sabotage   : Combat:  50%(n=2)
               depth: m2:50%(2)

ENCOUNTER COMPLETION on MID-RUN nodes (Combat+Elite) — clear% is the share of the fight actually fought:
  objective     n   win%   turns   force    +rf  killed  clear%   prs  WONclear%
  Escort         6   33%     5.8   10.00   0.00    4.17    41.7  0.00     65.0 (n=2)
  Defend         4   75%     8.5    8.00   5.50    3.50    25.9  0.00     25.6 (n=3)
  Sabotage       2   50%     5.5    4.00   0.00    1.00    25.0  0.00     25.0 (n=1)
  Eliminate      1    0%     6.0   11.00   0.00    1.00     9.1  1.00      0.0 (n=0)
  Decapitate     1    0%    10.0   11.00   4.00    1.00     6.7  3.00      0.0 (n=0)
  ---- the two classes ----
  KILL           2    0%     8.0   11.00   2.00    1.00     7.7  2.00      0.0 (n=0)
  NON-KILL      12   50%     6.7    8.33   1.83    3.42    33.6  0.00     37.3 (n=6)

DECAPITATE HVT (buff = +6+1*mission HP, +6 aim; ELITE exempt):
  EXEMPT  :   33% ±19  (n=6, avg 8.0 turns, HVT 22.7 max HP)  [m3:0%(2) m5:0%(1) m6:67%(3)]

MISSION WIN-RATE BY MISSION #:
  m1:   90% ±7  (n=20)
  m2:   75% ±22  (n=4)
  m3:   63% ±12  (n=16)
  m4:   50% ±16  (n=10)
  m5:    0% ±0  (n=3)
  m6:   67% ±27  (n=3)

LOSS CAUSES (missions):
  RUN OVER              : 10
  VIP LOST              : 5
  CAPTIVE LOST          : 3

MISSION WIN-RATE BY ARENA (authored layouts, n>=3; procedural fallback   20% of 56 missions):
  arena  7:  100% ±0  (n=3, avg 7.3 turns)  [m4:100%(3)]
  arena  8:   25% ±22  (n=4, avg 4.8 turns)  [m4:25%(4)]
  arena 16:  100% ±0  (n=3, avg 2.7 turns)  [m1:100%(2) m4:100%(1)]
  arena 27:   67% ±27  (n=3, avg 3.7 turns)  [m1:100%(2) m3:0%(1)]
  arena 28:    0% ±0  (n=3, avg 7.0 turns)  [m1:0%(2) m3:0%(1)]
  arena 30:   75% ±22  (n=4, avg 8.0 turns)  [m3:100%(2) m6:50%(2)]
  arena 34:  100% ±0  (n=4, avg 2.8 turns)  [m1:100%(4)]
  procedural:   64% ±15  (n=11, avg 6.8 turns)  [m1:100%(4) m3:67%(3) m4:0%(1) m5:0%(2) m6:100%(1)]

DEPLOYMENT GEOMETRY (opening shape; choices/ARMED is the wave's real gate):
  FRONTAL   :   50% ±11  (n=20, avg 5.3 turns)  choices/turn 2.29  choices/ARMED 2.23  los-targets/ARMED 2.17
  PINCER    :   67% ±11  (n=18, avg 5.3 turns)  choices/turn 1.34  choices/ARMED 1.75  los-targets/ARMED 1.96
  CROSSFIRE :   86% ±13  (n=7, avg 6.1 turns)  choices/turn 1.80  choices/ARMED 2.00  los-targets/ARMED 1.94
  ENVELOP   :   91% ±9  (n=11, avg 6.2 turns)  choices/turn 1.74  choices/ARMED 1.56  los-targets/ARMED 1.85

ARENA FUNNEL (Mission.Build exits, n=65 builds, all modes):
  authored-applied    :  80.0%  (n=52)
  connectivity-reject :   0.0%  (n=0)
  procedural-roll     :  20.0%  (n=13)

DECK EXPOSURE (campaign runs n=20):
  distinct authored arenas/run : 2.25 mean (all runs)
  ... full-depth runs only     : 3.50 mean over 4.5 fights/run (n=2)
  Defend dealt on the route    :   50% of runs (n=10)

ENEMY DECISION MIX (contested acts=1067; all-downed acts not counted=300):
  shoot           625    59%
  hunker          267    25%
  move             86     8%
  reload           34     3%
  grenade          23     2%
  siege             7     1%
  heal              6     1%
  item              6     1%
  sap               5     0%
  brace             3     0%
  staleplan         3     0%
  overwatch         2     0%

  the shot on the table (acts where the chosen tile HAD a shot = 669):
    hit% band     taken   share   E[dmg]/shot   declined   share   E[dmg]/shot
      0-19           0      0%          0.00          0      0%          0.00
     20-39          21      3%          1.47          2    100%          1.09
     40-59          73     12%          1.80          0      0%          0.00
     60-79         227     36%          2.84          0      0%          0.00
      80+          304     49%          4.01          0      0%          0.00
    TOTAL           625                              2
  taken   93% / DECLINED    0% / preempted by another verb    6%
  enemy lanes held (overwatch+brace) 5; reaction shots fired 1  ->   20% of lanes paid off   [C2: DeclineWatchRatio is a bet on this number]

ACTION MIX (verbs issued, by policy):
  verb                  greedy        sloppy
  MOVE               330   37%     375   39%
  SHOOT              208   23%     243   25%
  OVERWATCH           84    9%      87    9%
  BRACE               39    4%      31    3%
  SLIPSTREAM          32    4%      36    4%
  HUNKER              31    3%      36    4%
  INTEL               24    3%      28    3%
  STABILIZE           32    4%      19    2%
  FOCUS               12    1%      36    4%
  RELOAD              23    3%      25    3%
  ITEM:SMOKE          15    2%      11    1%
  MARK                13    1%      11    1%
  PIN                 16    2%       5    1%
  PATCH                5    1%       6    1%
  DRAG                 5    1%       5    1%
  REARM                5    1%       3    0%
  GRENADE              4    0%       4    0%
  GRAPPLE              5    1%       3    0%
  PLANT                2    0%       3    0%
  BARREL               2    0%       2    0%
  BEACON               1    0%       3    0%
  EXTRACT              2    0%       0    0%
  ITEM:BARRICADE       0    0%       1    0%

PLAYER CLASS PERFORMANCE:
  class        shots   hit%   dmg   kills
  SHARPSHOOTER    116    93%    795     52
  GUNNER         163    87%    745     51
  RANGER          82    85%    505     32
  ASSAULT        102    87%    438     24
  CORPSMAN        23    91%     85      3

SOLDIER DEATHS BY ENEMY CLASS (threat ranking):
  BERSERKER  : 14
  SAPPER     : 10
  SHIELD     : 9
  BURN       : 9
  ELITE      : 4
  GRUNT      : 4
  BRUISER    : 4
  HUNTER     : 4
  SNIPER     : 4
  LANCER     : 3
  STRIKER    : 3
  DRONE      : 3
  TURRET     : 2
  MORTAR     : 2
  STRIKE     : 2
  MEDIC      : 2
  SPOTTER    : 2
  VENT       : 1
  WARBRINGER : 1

SOLDIER DOWNS (FUL-7 bleed-out): 177 downs -> revived 8 / recovered 36 / bled out 95 / finished 17  (save-rate   37%)
  corpsman fielded in 17 missions

ENEMY COMPOSITION (spawns; faction-stamped fights n=236 / default-cascade fights n=309):
  class        faction         default
  GRUNT           19    8%       48   16%
  SCOUT            5    2%       57   18%
  DRONE           40   17%       12    4%
  SAPPER          24   10%       15    5%
  BERSERKER       22    9%       15    5%
  STRIKER         15    6%       19    6%
  HUNTER          13    6%       19    6%
  ELITE           14    6%       16    5%
  SHIELD          16    7%       12    4%
  TURRET          20    8%        5    2%
  SNIPER           0    0%       21    7%
  LANCER           0    0%       20    6%
  HOUND            6    3%       11    4%
  CUSTODIAN       11    5%        5    2%
  SCREENER        12    5%        3    1%
  BRUISER         11    5%        4    1%
  SPOTTER          7    3%        4    1%
  MORTAR           0    0%       10    3%
  MEDIC            0    0%        7    2%
  BOMBARD          0    0%        4    1%
  PIKEMAN          0    0%        2    1%
  WARBRINGER       1    0%        0    0%

PERK PICK FREQUENCY:
  MOM           : 16
  TNK           : 12
  CQB           : 11
  GRD           : 11
  HRD           : 9
  RFX           : 8
  GUN           : 8
  OUT           : 7
  PLT           : 6
  EXC           : 5
  CLH           : 5
  SKR           : 4
  BRK           : 4
  MRK           : 4
  LCK           : 4
  VNT           : 4
  FST           : 3
  SGE           : 2
  BND           : 1

SHOP PURCHASE FREQUENCY:
  FIELD MEDKIT      : 44
  WPN: SCOPE        : 39
  WPN: STABILIZER   : 31
  WPN: BIPOD        : 21
  ADV. TRAINING     : 19
  WPN: EXTENDED MAG : 17
  WPN: HOLLOW POINT : 17
  COMBAT STIMS      : 12
  FRAG CACHE        : 11
  BALLISTIC PLATING : 11
  COUNTER-PREP      : 9
  ARMORY            : 8
  WPN: SUPPRESSOR   : 7

BOON PICK FREQUENCY (PROCS = effect fires at instrumented sites; '-' = not instrumented;
                      PYR counts the +2-turn-burn half only — the Burning-immunity half is uninstrumented):
  code                 picks   PROCS
  FST               :     6      41
  MRK               :     5       -
  FRT               :     4       -
  ADR               :     3       -
  EXE               :     3       -
  RCL               :     3       0
  VNM               :     3       -
  GHO               :     2       -
  PYR               :     2       1
  FDR               :     1       0
  GRN               :     1       -
  SCV               :     1       -
  SHK               :     1       0
  TRR               :     1       7

RUN WIN-RATE BY BOON (campaign runs holding it):
  FST               :   17% ±15  (in 6 runs)
  MRK               :   40% ±22  (in 5 runs)
  FRT               :   25% ±22  (in 4 runs)
  ADR               :    0% ±0  (in 3 runs)
  EXE               :    0% ±0  (in 3 runs)
  RCL               :   33% ±27  (in 3 runs)
  VNM               :   33% ±27  (in 3 runs)
  GHO               :    0% ±0  (in 2 runs)
  PYR               :   50% ±35  (in 2 runs)
  FDR               :    0% ±0  (in 1 runs)
  GRN               :    0% ±0  (in 1 runs)
  SCV               :    0% ±0  (in 1 runs)
  SHK               :    0% ±0  (in 1 runs)
  TRR               :    0% ±0  (in 1 runs)

RUN WIN-RATE BY SPEC (campaign runs fielding it):
  ANC               :   40% ±22  (in 5 runs)
  SNT               :   25% ±22  (in 4 runs)
  ADN               :    0% ±0  (in 3 runs)
  BRC               :    0% ±0  (in 2 runs)
  HHT               :   50% ±35  (in 2 runs)
  PHN               :    0% ±0  (in 2 runs)
  PTH               :   50% ±35  (in 2 runs)

RUN WIN-RATE BY PERK (campaign runs holding it):
  HRD               :   22% ±14  (in 9 runs)
  MOM               :   11% ±10  (in 9 runs)
  CQB               :   25% ±15  (in 8 runs)
  GRD               :   25% ±15  (in 8 runs)
  OUT               :    0% ±0  (in 7 runs)
  PLT               :   17% ±15  (in 6 runs)
  RFX               :   17% ±15  (in 6 runs)
  CLH               :   20% ±18  (in 5 runs)
  GUN               :   20% ±18  (in 5 runs)
  TNK               :   20% ±18  (in 5 runs)
  BRK               :   50% ±25  (in 4 runs)
  EXC               :    0% ±0  (in 4 runs)
  LCK               :    0% ±0  (in 4 runs)
  SKR               :   25% ±22  (in 4 runs)
  FST               :    0% ±0  (in 3 runs)
  MRK               :   33% ±27  (in 3 runs)
  VNT               :    0% ±0  (in 3 runs)
  SGE               :    0% ±0  (in 2 runs)
  BND               :    0% ±0  (in 1 runs)

RUN WIN-RATE BY PURCHASE (campaign runs buying it):
  FIELD MEDKIT      :   13% ±8  (in 16 runs)
  WPN: SCOPE        :   20% ±13  (in 10 runs)
  BALLISTIC PLATING :   13% ±12  (in 8 runs)
  COUNTER-PREP      :   13% ±12  (in 8 runs)
  WPN: STABILIZER   :   25% ±15  (in 8 runs)
  ARMORY            :   14% ±13  (in 7 runs)
  FRAG CACHE        :    0% ±0  (in 7 runs)
  WPN: BIPOD        :    0% ±0  (in 7 runs)
  WPN: EXTENDED MAG :   29% ±17  (in 7 runs)
  WPN: HOLLOW POINT :    0% ±0  (in 7 runs)
  ADV. TRAINING     :   17% ±15  (in 6 runs)
  COMBAT STIMS      :   17% ±15  (in 6 runs)
  WPN: SUPPRESSOR   :   40% ±22  (in 5 runs)

RUN WIN-RATE BY EVENT-CHOICE (campaign runs taking id:arm):
  warchest:1        :   33% ±27  (in 3 runs)
  bloodfeud:1       :    0% ±0  (in 2 runs)
  bloodfeud:2       :   50% ±35  (in 2 runs)
  defector:0        :    0% ±0  (in 2 runs)
  drill:0           :    0% ±0  (in 2 runs)
  quartermaster:1   :    0% ±0  (in 2 runs)
  reservecall:0     :    0% ±0  (in 2 runs)
  blackmarket:1     :  100% ±0  (in 1 runs)
  blackmarket:2     :    0% ±0  (in 1 runs)
  cache:1           :    0% ±0  (in 1 runs)
  informant:1       :    0% ±0  (in 1 runs)
═══════════════════════════════════════════════════════════════════════

batch wall-time: 4.3s  (20 matches across 10 campaigns × 2 policy, frame-cap hits: 0)
aggregate JSON -> /home/user/wt/heat-pin/docs/measurements/l5/L5bridge-h6-b40.json
INFO: TEXTURE: [ID 2] Unloaded texture data from VRAM (GPU)
INFO: SHADER: [ID 3] Default shader unloaded successfully
INFO: TEXTURE: [ID 1] Default texture unloaded successfully
INFO: Window closed successfully
