BALANCE: heat NOT pinned (SIGHTLINE_HEATPIN=0) - a heat-N rung may contain heat-N+1 missions
INFO: Initializing raylib 6.0
INFO: Platform backend: DESKTOP (GLFW)
INFO: Supported raylib modules:
INFO:     > rcore:..... loaded (mandatory)
INFO:     > rlgl:...... loaded (mandatory)
INFO:     > rshapes:... loaded (optional)
INFO:     > rtextures:. loaded (optional)
INFO:     > rtext:..... loaded (optional)
INFO:     > rmodels:... loaded (optional)
INFO:     > raudio:.... loaded (optional)
INFO: DISPLAY: Trying to enable MSAA x4
INFO: DISPLAY: Device initialized successfully 
INFO:     > Display size: 1280 x 800
INFO:     > Screen size:  1280 x 800
INFO:     > Render size:  1280 x 800
INFO:     > Viewport offsets: 0, 0
INFO: GLAD: OpenGL extensions loaded successfully
INFO: GL: Supported extensions count: 229
INFO: GL: OpenGL device information:
INFO:     > Vendor:   Mesa
INFO:     > Renderer: llvmpipe (LLVM 20.1.2, 256 bits)
INFO:     > Version:  4.5 (Core Profile) Mesa 25.2.8-0ubuntu0.24.04.2
INFO:     > GLSL:     4.50
INFO: GL: VAO extension detected, VAO functions loaded successfully
INFO: GL: NPOT textures extension detected, full NPOT textures supported
INFO: GL: DXT compressed textures supported
INFO: GL: ETC2/EAC compressed textures supported
INFO: PLATFORM: DESKTOP (GLFW - X11): Initialized successfully
INFO: TEXTURE: [ID 1] Texture loaded successfully (1x1 | R8G8B8A8 | 1 mipmaps)
INFO: TEXTURE: [ID 1] Default texture loaded successfully
INFO: SHADER: [ID 1] Vertex shader compiled successfully
INFO: SHADER: [ID 2] Fragment shader compiled successfully
INFO: SHADER: [ID 3] Program shader loaded successfully
INFO: SHADER: [ID 3] Default shader loaded successfully
INFO: RLGL: Render batch vertex buffers loaded successfully in RAM (CPU)
INFO: RLGL: Render batch vertex buffers loaded successfully in VRAM (GPU)
INFO: RLGL: Default OpenGL state initialized successfully
INFO: TEXTURE: [ID 2] Texture loaded successfully (128x128 | GRAY_ALPHA | 1 mipmaps)
INFO: FONT: Default font loaded successfully (224 glyphs)
INFO: SYSTEM: Working Directory: /home/user/wt/heat-pin
INFO: TIMER: Target time per frame: 0.000 milliseconds
FINALE-KIT: Wardens
WAVE: +2 (SCOUT,HOUND) [rich]
WAVE: +2 (SCOUT,HOUND) [rich]
WAVE: +2 (STRIKER,BRUISER) [rich]
FINALE-KIT: Wardens
WAVE: +2 (STRIKER,STRIKER) [rich]
WAVE: +2 (SCOUT,SNIPER) [rich]
WAVE: +2 (HUNTER,SNIPER) [rich]
FINALE-KIT: Wardens
FINALE-KIT: Wardens
WAVE: +2 (MEDIC,SNIPER) [rich]
WAVE: +1 (SNIPER) [rich]
FINALE-KIT: Syndicate
WAVE: +2 (SCREENER,SHIELD) [rich]
WAVE: +2 (SAPPER,SPOTTER) [rich]
match 5/20  (W:0 L:5 cap:0)  1.2s
FINALE-KIT: Syndicate
WAVE: +2 (DRONE,SHIELD) [rich]
WAVE: +2 (DRONE,DRONE) [rich]
WAVE: +2 (SHIELD,DRONE) [rich]
FINALE-KIT: Legion
WAVE: +3 (MEDIC,BERSERKER,HUNTER) [rich]
WAVE: +3 (SHIELD,LANCER,SNIPER) [rich]
WAVE: +1 (DRONE) [rich]
WAVE: +3 (SAPPER,MORTAR,SAPPER) [rich]
WAVE: +2 (BERSERKER,MEDIC) [rich]
FINALE-KIT: Legion
WAVE: +3 (SPOTTER,DRONE,WARBRINGER) [rich]
WAVE: +2 (MORTAR,HOUND) [rich]
WAVE: +1 (LANCER) [rich]
FINALE-KIT: Legion
FINALE-KIT: Legion
match 10/20  (W:0 L:10 cap:0)  2.3s
FINALE-KIT: Legion
FINALE-KIT: Legion
FINALE-KIT: Legion
WAVE: +2 (HUNTER,LANCER) [rich]
WAVE: +2 (DRONE,SCOUT) [rich]
WAVE: +2 (BRUISER,LANCER) [rich]
FINALE-KIT: Legion
WAVE: +2 (DRONE,BRUISER) [rich]
WAVE: +2 (LANCER,HOUND) [rich]
WAVE: +2 (SNIPER,DRONE) [rich]
FINALE-KIT: Legion
WAVE: +2 (GRUNT,SNIPER) [rich]
WAVE: +2 (GRUNT,PIKEMAN) [rich]
WAVE: +2 (SCREENER,SCREENER) [rich]
match 15/20  (W:0 L:15 cap:0)  3.6s
FINALE-KIT: Legion
WAVE: +2 (SNIPER,SCOUT) [rich]
WAVE: +2 (GRUNT,PIKEMAN) [rich]
WAVE: +1 (SCOUT) [rich]
FINALE-KIT: Wardens
WAVE: +2 (LANCER,HOUND) [rich]
WAVE: +1 (BERSERKER) [rich]
WAVE: +1 (BRUISER) [rich]
REINFORCEMENTS: +2 (SCOUT,GRUNT)
REINFORCEMENTS: +2 (GRUNT,GRUNT)
FINALE-KIT: Wardens
WAVE: +2 (LANCER,HOUND) [rich]
WAVE: +1 (BERSERKER) [rich]
WAVE: +1 (BRUISER) [rich]
FINALE-KIT: Wardens
WAVE: +2 (BERSERKER,HUNTER) [rich]
WAVE: +2 (BRUISER,HOUND) [rich]
WAVE: +2 (SCOUT,STRIKER) [rich]
FINALE-KIT: Wardens
WAVE: +2 (GRUNT,GRUNT) [rich]
WAVE: +2 (HUNTER,BRUISER) [rich]
WAVE: +2 (SCOUT,HUNTER) [rich]
match 20/20  (W:0 L:20 cap:0)  4.1s

══════════════════════ SIGHTLINE BALANCE REPORT ══════════════════════
runs=20  missions=52

RUN OUTCOMES (campaign):  win-rate    0%   avg missions cleared 2.3

POLICY GAP (optimal vs human-error; campaign runs only):
  greedy win-rate    0%  (n=10)
  sloppy win-rate    0%  (n=10)
  GAP    0 pts  (healthy slack)
  PAIRED (same-seed slots): pairs=10  concordant=10  discordant greedy-only-won=0 / sloppy-only-won=0  paired gap    0 pts
  PER-SLOT RECORDS (greedy | sloppy: outcome + missions cleared; margin = g−s):
    slot   0 @h8: L 2 | L 2   margin +0
    slot   1 @h8: L 0 | L 4   margin -4
    slot   2 @h8: L 2 | L 2   margin +0
    slot   3 @h8: L 4 | L 4   margin +0
    slot   4 @h8: L 2 | L 3   margin -1
    slot   5 @h8: L 1 | L 1   margin +0
    slot   6 @h8: L 3 | L 3   margin +0
    slot   7 @h8: L 2 | L 2   margin +0
    slot   8 @h8: L 3 | L 3   margin +0
    slot   9 @h8: L 1 | L 1   margin +0
  PAIRED MARGIN (missions cleared, all pairs): -0.50 ±0.40 SE  (n=10 pairs)
  by objective (greedy / sloppy / gap):
    Decapitate :    0% /    0% / gap    0
    Defend     :   57% /   63% / gap   -5
    Eliminate  :   82% /   83% / gap   -2
    Escort     :    0% /    0% / gap    0
    Hack       :    0% /  100% / gap -100
    Rescue     :    0% /    0% / gap    0
    Sabotage   :  100% /   50% / gap   50

DECISION RICHNESS / SWING:
  meaningful-choices/turn 2.24   lead-swings/match 0.8   avg max-swing 53.3
  [shot-gate] acting-soldiers/turn 2.65   armed-soldiers/turn 1.03   armed-fraction 39%   turns-with-a-shot 51%   choices/ARMED-soldier-turn 2.16
  [choice-split] los-targets/ARMED 1.99   target-choices/ARMED 0.23   position-choices/ARMED 1.94

RUN COMPLETION BY HEAT (full-campaign clears):
  heat 8:    0% ±0  (n=20 runs, avg 2.3 missions)
  HEAT LEAK: pinned=NO  heat-raising picks=2  campaigns raised=0  missions off-rung=0/52

INTEL ECONOMY BY HEAT (campaign runs; heat-bonus = the Heat.IntelBonus share of income):
  heat 8: earned  158.8/run   heat-bonus  89.6 (  56% of income)   spent  139.2   unspent   19.7

MISSION WIN-RATE BY HEAT:
  heat 8:   62%  (n=52, avg 5.5 turns)

MISSION WIN-RATE BY OBJECTIVE:
  Eliminate  :   83% ±8  (n=23, avg 4.1 turns)
  Defend     :   60% ±13  (n=15, avg 8.1 turns)
  Escort     :    0% ±0  (n=4, avg 6.5 turns)
  Hack       :   67% ±27  (n=3, avg 3.3 turns)
  Sabotage   :   67% ±27  (n=3, avg 4.7 turns)
  Rescue     :    0% ±0  (n=2, avg 3.5 turns)
  Decapitate :    0% ±0  (n=2, avg 5.5 turns)

MISSION WIN-RATE BY OBJECTIVE x NODE KIND (a capstone must never pool with a mid-run node):
  Eliminate  : Start:  95%(n=20)  Supply:   0%(n=3)
               depth: m1:95%(20) m3:0%(2) m4:0%(1)
  Defend     : Combat:  33%(n=9)  Supply: 100%(n=6)
               depth: m2:67%(6) m3:33%(6) m4:100%(3)
  Escort     : Combat:   0%(n=2)  Elite:   0%(n=2)
               depth: m4:0%(2) m5:0%(2)
  Hack       : Elite:  50%(n=2)  Combat: 100%(n=1)
               depth: m3:67%(3)
  Sabotage   : Combat:  67%(n=3)
               depth: m3:100%(2) m5:0%(1)
  Rescue     : Elite:   0%(n=2)
               depth: m2:0%(2)
  Decapitate : Combat:   0%(n=2)
               depth: m4:0%(2)

ENCOUNTER COMPLETION on MID-RUN nodes (Combat+Elite) — clear% is the share of the fight actually fought:
  objective     n   win%   turns   force    +rf  killed  clear%   prs  WONclear%
  Defend         9   33%     7.4    8.22   3.78    1.78    14.8  0.00      7.7 (n=3)
  Escort         4    0%     6.5   11.00   0.00    1.25    11.4  0.00      0.0 (n=0)
  Hack           3   67%     3.3   10.67   0.00    0.00     0.0  0.00      0.0 (n=2)
  Sabotage       3   67%     4.7    8.33   0.00    4.33    52.0  0.00     62.5 (n=2)
  Rescue         2    0%     3.5    9.00   0.00    1.00    11.1  0.00      0.0 (n=0)
  Decapitate     2    0%     5.5   11.00   0.00    0.00     0.0  0.50      0.0 (n=0)
  ---- the two classes ----
  KILL           2    0%     5.5   11.00   0.00    0.00     0.0  0.50      0.0 (n=0)
  NON-KILL      21   33%     5.9    9.19   1.62    1.71    15.9  0.00     17.1 (n=7)

DECAPITATE HVT (buff = +6+1*mission HP, +6 aim; ELITE exempt):
  BUFFED  :    0% ±0  (n=2, avg 5.5 turns, HVT 30.5 max HP)  [m4:0%(2)]

MISSION WIN-RATE BY MISSION #:
  m1:   95% ±5  (n=20)
  m2:   50% ±18  (n=8)
  m3:   46% ±14  (n=13)
  m4:   38% ±17  (n=8)
  m5:    0% ±0  (n=3)

LOSS CAUSES (missions):
  RUN OVER              : 14
  VIP LOST              : 4
  CAPTIVE LOST          : 2

MISSION WIN-RATE BY ARENA (authored layouts, n>=3; procedural fallback   15% of 52 missions):
  arena 12:   67% ±27  (n=3, avg 10.0 turns)  [m3:100%(2) m4:0%(1)]
  arena 14:    0% ±0  (n=4, avg 4.8 turns)  [m4:0%(2) m5:0%(2)]
  arena 24:   50% ±25  (n=4, avg 5.3 turns)  [m3:50%(4)]
  arena 29:   67% ±27  (n=3, avg 3.7 turns)  [m1:100%(2) m5:0%(1)]
  arena 32:   83% ±15  (n=6, avg 7.2 turns)  [m2:100%(2) m3:50%(2) m4:100%(2)]
  arena 33:   40% ±22  (n=5, avg 6.0 turns)  [m1:100%(2) m2:0%(2) m4:0%(1)]
  procedural:   63% ±17  (n=8, avg 5.3 turns)  [m1:100%(4) m2:0%(2) m4:50%(2)]

DEPLOYMENT GEOMETRY (opening shape; choices/ARMED is the wave's real gate):
  FRONTAL   :   88% ±8  (n=17, avg 5.9 turns)  choices/turn 1.78  choices/ARMED 2.35  los-targets/ARMED 1.52
  PINCER    :   40% ±13  (n=15, avg 5.3 turns)  choices/turn 1.59  choices/ARMED 1.61  los-targets/ARMED 2.26
  CROSSFIRE :   83% ±15  (n=6, avg 3.5 turns)  choices/turn 2.70  choices/ARMED 2.00  los-targets/ARMED 1.63
  ENVELOP   :   43% ±13  (n=14, avg 5.9 turns)  choices/turn 3.37  choices/ARMED 2.48  los-targets/ARMED 2.23

ARENA FUNNEL (Mission.Build exits, n=65 builds, all modes):
  authored-applied    :  81.5%  (n=53)
  connectivity-reject :   0.0%  (n=0)
  procedural-roll     :  18.5%  (n=12)

DECK EXPOSURE (campaign runs n=20):
  distinct authored arenas/run : 2.20 mean (all runs)
  Defend dealt on the route    :   75% of runs (n=15)

ENEMY DECISION MIX (contested acts=883; all-downed acts not counted=437):
  shoot           510    58%
  hunker          227    26%
  move             58     7%
  grenade          24     3%
  reload           18     2%
  siege            17     2%
  heal             10     1%
  item              9     1%
  brace             5     1%
  overwatch         2     0%
  shove             2     0%
  staleplan         1     0%

  the shot on the table (acts where the chosen tile HAD a shot = 561):
    hit% band     taken   share   E[dmg]/shot   declined   share   E[dmg]/shot
      0-19           1      0%          0.42          0      0%          0.00
     20-39           6      1%          0.99          2     50%          0.90
     40-59          50     10%          1.81          0      0%          0.00
     60-79         155     30%          2.62          2     50%          2.60
      80+          298     58%          3.77          0      0%          0.00
    TOTAL           510                              4
  taken   91% / DECLINED    1% / preempted by another verb    8%
  enemy lanes held (overwatch+brace) 7; reaction shots fired 4  ->   57% of lanes paid off   [C2: DeclineWatchRatio is a bet on this number]

ACTION MIX (verbs issued, by policy):
  verb                  greedy        sloppy
  MOVE               216   30%     277   34%
  SHOOT              231   32%     250   30%
  BRACE               60    8%      42    5%
  OVERWATCH           30    4%      42    5%
  RELOAD              30    4%      30    4%
  INTEL               26    4%      28    3%
  SLIPSTREAM          26    4%      26    3%
  HUNKER              24    3%      23    3%
  STABILIZE           14    2%      17    2%
  FOCUS               12    2%      14    2%
  MARK                10    1%      13    2%
  PIN                 12    2%       9    1%
  ITEM:SMOKE           7    1%      11    1%
  GRENADE              7    1%      10    1%
  DRAG                 5    1%       7    1%
  REARM                6    1%       3    0%
  PATCH                0    0%       9    1%
  PLANT                3    0%       5    1%
  HACK                 1    0%       5    1%
  BARREL               2    0%       2    0%
  GRAPPLE              1    0%       2    0%
  ITEM:INCENDIARY       0    0%       1    0%

PLAYER CLASS PERFORMANCE:
  class        shots   hit%   dmg   kills
  ASSAULT        148    85%    649     39
  SHARPSHOOTER    102    94%    643     44
  GUNNER         123    86%    552     34
  RANGER          77    75%    379     29
  CORPSMAN        30    87%     92      5

SOLDIER DEATHS BY ENEMY CLASS (threat ranking):
  GRUNT      : 10
  SNIPER     : 9
  HUNTER     : 8
  BERSERKER  : 8
  LANCER     : 7
  HOUND      : 6
  TURRET     : 6
  BURN       : 5
  STRIKE     : 5
  PIKEMAN    : 4
  ELITE      : 4
  SCREENER   : 4
  STRIKER    : 3
  SCOUT      : 3
  BRUISER    : 3
  SHIELD     : 2
  MEDIC      : 2
  CUSTODIAN  : 2
  WARBRINGER : 1
  SPOTTER    : 1

SOLDIER DOWNS (FUL-7 bleed-out): 149 downs -> revived 7 / recovered 9 / bled out 113 / finished 13  (save-rate   15%)
  corpsman fielded in 14 missions

ENEMY COMPOSITION (spawns; faction-stamped fights n=363 / default-cascade fights n=211):
  class        faction         default
  SCOUT           18    5%       60   28%
  GRUNT           37   10%       34   16%
  BERSERKER       46   13%        5    2%
  HUNTER          37   10%        7    3%
  SNIPER          23    6%       20    9%
  BRUISER         32    9%        7    3%
  LANCER          21    6%       18    9%
  ELITE           21    6%        4    2%
  HOUND           15    4%       10    5%
  DRONE           15    4%        8    4%
  SCREENER        18    5%        2    1%
  MEDIC           14    4%        2    1%
  STRIKER          8    2%        8    4%
  PIKEMAN          8    2%        8    4%
  SHIELD          11    3%        4    2%
  TURRET          11    3%        3    1%
  MORTAR          12    3%        2    1%
  SPOTTER          4    1%        4    2%
  SAPPER           5    1%        2    1%
  BOMBARD          3    1%        2    1%
  WARBRINGER       2    1%        1    0%
  CUSTODIAN        2    1%        0    0%

PERK PICK FREQUENCY:
  MOM           : 14
  GUN           : 11
  LCK           : 8
  OUT           : 8
  RFX           : 5
  CLH           : 5
  SGE           : 5
  CQB           : 4
  EXC           : 4
  HRD           : 4
  SKR           : 4
  BRK           : 4
  MRK           : 4
  PLT           : 2
  BND           : 2
  TNK           : 2
  FST           : 2
  GRD           : 2
  VNT           : 1

SHOP PURCHASE FREQUENCY:
  BALLISTIC PLATING : 42
  WPN: SCOPE        : 28
  WPN: BIPOD        : 28
  FIELD MEDKIT      : 27
  WPN: STABILIZER   : 24
  WPN: HOLLOW POINT : 23
  COMBAT STIMS      : 21
  FRAG CACHE        : 19
  COUNTER-PREP      : 18
  WPN: EXTENDED MAG : 14
  ADV. TRAINING     : 12
  ARMORY            : 9
  WPN: SUPPRESSOR   : 6

BOON PICK FREQUENCY (PROCS = effect fires at instrumented sites; '-' = not instrumented;
                      PYR counts the +2-turn-burn half only — the Burning-immunity half is uninstrumented):
  code                 picks   PROCS
  RCL               :     5       0
  FRT               :     4       -
  VNM               :     4       -
  GHO               :     3       -
  GRN               :     3       -
  EXE               :     2       -
  FST               :     2      15
  FVR               :     2       -
  PYR               :     2       0
  TRR               :     2       9
  ADR               :     1       -
  MRK               :     1       -
  RPD               :     1       -

RUN WIN-RATE BY BOON (campaign runs holding it):
  RCL               :    0% ±0  (in 5 runs)
  FRT               :    0% ±0  (in 4 runs)
  VNM               :    0% ±0  (in 4 runs)
  GHO               :    0% ±0  (in 3 runs)
  GRN               :    0% ±0  (in 3 runs)
  EXE               :    0% ±0  (in 2 runs)
  FST               :    0% ±0  (in 2 runs)
  FVR               :    0% ±0  (in 2 runs)
  PYR               :    0% ±0  (in 2 runs)
  TRR               :    0% ±0  (in 2 runs)
  ADR               :    0% ±0  (in 1 runs)
  MRK               :    0% ±0  (in 1 runs)
  RPD               :    0% ±0  (in 1 runs)

RUN WIN-RATE BY SPEC (campaign runs fielding it):
  ADN               :    0% ±0  (in 4 runs)
  SNT               :    0% ±0  (in 3 runs)
  BRC               :    0% ±0  (in 2 runs)
  PHN               :    0% ±0  (in 2 runs)
  HHT               :    0% ±0  (in 1 runs)
  JUG               :    0% ±0  (in 1 runs)
  PTH               :    0% ±0  (in 1 runs)

RUN WIN-RATE BY PERK (campaign runs holding it):
  MOM               :    0% ±0  (in 10 runs)
  GUN               :    0% ±0  (in 7 runs)
  LCK               :    0% ±0  (in 6 runs)
  OUT               :    0% ±0  (in 6 runs)
  RFX               :    0% ±0  (in 5 runs)
  CLH               :    0% ±0  (in 4 runs)
  CQB               :    0% ±0  (in 4 runs)
  EXC               :    0% ±0  (in 4 runs)
  HRD               :    0% ±0  (in 4 runs)
  MRK               :    0% ±0  (in 4 runs)
  SGE               :    0% ±0  (in 4 runs)
  BRK               :    0% ±0  (in 3 runs)
  SKR               :    0% ±0  (in 3 runs)
  BND               :    0% ±0  (in 2 runs)
  FST               :    0% ±0  (in 2 runs)
  GRD               :    0% ±0  (in 2 runs)
  PLT               :    0% ±0  (in 2 runs)
  TNK               :    0% ±0  (in 2 runs)
  VNT               :    0% ±0  (in 1 runs)

RUN WIN-RATE BY PURCHASE (campaign runs buying it):
  BALLISTIC PLATING :    0% ±0  (in 12 runs)
  COMBAT STIMS      :    0% ±0  (in 12 runs)
  COUNTER-PREP      :    0% ±0  (in 12 runs)
  FIELD MEDKIT      :    0% ±0  (in 12 runs)
  FRAG CACHE        :    0% ±0  (in 11 runs)
  WPN: BIPOD        :    0% ±0  (in 10 runs)
  WPN: SCOPE        :    0% ±0  (in 8 runs)
  ADV. TRAINING     :    0% ±0  (in 7 runs)
  WPN: HOLLOW POINT :    0% ±0  (in 7 runs)
  WPN: STABILIZER   :    0% ±0  (in 7 runs)
  ARMORY            :    0% ±0  (in 6 runs)
  WPN: EXTENDED MAG :    0% ±0  (in 6 runs)
  WPN: SUPPRESSOR   :    0% ±0  (in 5 runs)

RUN WIN-RATE BY EVENT-CHOICE (campaign runs taking id:arm):
  blackmarket:2     :    0% ±0  (in 2 runs)
  defector:0        :    0% ±0  (in 2 runs)
  drill:1           :    0% ±0  (in 2 runs)
  informant:1       :    0% ±0  (in 2 runs)
  medic:1           :    0% ±0  (in 2 runs)
  relic:1           :    0% ±0  (in 2 runs)
  warchest:2        :    0% ±0  (in 1 runs)
═══════════════════════════════════════════════════════════════════════

batch wall-time: 4.1s  (20 matches across 10 campaigns × 2 policy, frame-cap hits: 0)
aggregate JSON -> /home/user/wt/heat-pin/docs/measurements/l5/L5bridge-h8-b0.json
INFO: TEXTURE: [ID 2] Unloaded texture data from VRAM (GPU)
INFO: SHADER: [ID 3] Default shader unloaded successfully
INFO: TEXTURE: [ID 1] Default texture unloaded successfully
INFO: Window closed successfully
