BALANCE: heat NOT pinned (SIGHTLINE_HEATPIN=0) - a heat-N rung may contain heat-N+1 missions
INFO: Initializing raylib 6.0
INFO: Platform backend: DESKTOP (GLFW)
INFO: Supported raylib modules:
INFO:     > rcore:..... loaded (mandatory)
INFO:     > rlgl:...... loaded (mandatory)
INFO:     > rshapes:... loaded (optional)
INFO:     > rtextures:. loaded (optional)
INFO:     > rtext:..... loaded (optional)
INFO:     > rmodels:... loaded (optional)
INFO:     > raudio:.... loaded (optional)
INFO: DISPLAY: Trying to enable MSAA x4
INFO: DISPLAY: Device initialized successfully 
INFO:     > Display size: 1280 x 800
INFO:     > Screen size:  1280 x 800
INFO:     > Render size:  1280 x 800
INFO:     > Viewport offsets: 0, 0
INFO: GLAD: OpenGL extensions loaded successfully
INFO: GL: Supported extensions count: 229
INFO: GL: OpenGL device information:
INFO:     > Vendor:   Mesa
INFO:     > Renderer: llvmpipe (LLVM 20.1.2, 256 bits)
INFO:     > Version:  4.5 (Core Profile) Mesa 25.2.8-0ubuntu0.24.04.2
INFO:     > GLSL:     4.50
INFO: GL: VAO extension detected, VAO functions loaded successfully
INFO: GL: NPOT textures extension detected, full NPOT textures supported
INFO: GL: DXT compressed textures supported
INFO: GL: ETC2/EAC compressed textures supported
INFO: PLATFORM: DESKTOP (GLFW - X11): Initialized successfully
INFO: TEXTURE: [ID 1] Texture loaded successfully (1x1 | R8G8B8A8 | 1 mipmaps)
INFO: TEXTURE: [ID 1] Default texture loaded successfully
INFO: SHADER: [ID 1] Vertex shader compiled successfully
INFO: SHADER: [ID 2] Fragment shader compiled successfully
INFO: SHADER: [ID 3] Program shader loaded successfully
INFO: SHADER: [ID 3] Default shader loaded successfully
INFO: RLGL: Render batch vertex buffers loaded successfully in RAM (CPU)
INFO: RLGL: Render batch vertex buffers loaded successfully in VRAM (GPU)
INFO: RLGL: Default OpenGL state initialized successfully
INFO: TEXTURE: [ID 2] Texture loaded successfully (128x128 | GRAY_ALPHA | 1 mipmaps)
INFO: FONT: Default font loaded successfully (224 glyphs)
INFO: SYSTEM: Working Directory: /home/user/wt/heat-pin
INFO: TIMER: Target time per frame: 0.000 milliseconds
FINALE-KIT: Wardens
FINALE-KIT: Wardens
FINALE-KIT: Wardens
WAVE: +3 (GRUNT,HOUND,BERSERKER) [rich]
WAVE: +2 (BRUISER,GRUNT) [rich]
FINALE-KIT: Wardens
FINALE-KIT: Syndicate
WAVE: +2 (BRUISER,DRONE) [rich]
WAVE: +2 (LANCER,HOUND) [rich]
WAVE: +2 (BRUISER,DRONE) [rich]
match 5/20  (W:1 L:4 cap:0)  3.2s
FINALE-KIT: Syndicate
WAVE: +2 (DRONE,HUNTER) [rich]
WAVE: +2 (DRONE,DRONE) [rich]
WAVE: +2 (SNIPER,SNIPER) [rich]
FINALE-KIT: Legion
WAVE: +3 (GRUNT,MORTAR,SNIPER) [rich]
WAVE: +2 (SNIPER,PIKEMAN) [rich]
WAVE: +2 (MORTAR,MORTAR) [rich]
FINALE-KIT: Legion
WAVE: +3 (MEDIC,GRUNT,MORTAR) [rich]
WAVE: +3 (CUSTODIAN,MORTAR,SNIPER) [rich]
WAVE: +2 (MORTAR,PIKEMAN) [rich]
FINALE-KIT: Legion
WAVE: +2 (SHIELD,DRONE) [rich]
WAVE: +2 (SAPPER,SHIELD) [rich]
WAVE: +2 (SHIELD,SHIELD) [rich]
WAVE: +3 (MORTAR,SAPPER,SCOUT) [rich]
WAVE: +1 (SHIELD) [rich]
FINALE-KIT: Legion
WAVE: +2 (SHIELD,DRONE) [rich]
WAVE: +2 (SHIELD,SHIELD) [rich]
WAVE: +2 (SHIELD,GRUNT) [rich]
WAVE: +3 (MEDIC,MORTAR,SCREENER) [rich]
WAVE: +3 (STRIKER,STRIKER,DRONE) [rich]
WAVE: +3 (DRONE,SAPPER,HOUND) [rich]
match 10/20  (W:3 L:7 cap:0)  5.9s
FINALE-KIT: Wardens
WAVE: +2 (SCOUT,LANCER) [rich]
WAVE: +2 (DRONE,HOUND) [rich]
WAVE: +2 (HOUND,SCOUT) [rich]
FINALE-KIT: Wardens
WAVE: +2 (BRUISER,SCOUT) [rich]
WAVE: +2 (SCOUT,SCOUT) [rich]
WAVE: +2 (BRUISER,BRUISER) [rich]
REINFORCEMENTS: +2 (GRUNT,SCOUT)
FINALE-KIT: Syndicate
WAVE: +2 (MEDIC,PIKEMAN) [rich]
WAVE: +2 (MEDIC,SNIPER) [rich]
WAVE: +2 (MORTAR,CUSTODIAN) [rich]
WAVE: +2 (GRUNT,SNIPER) [rich]
WAVE: +2 (CUSTODIAN,MEDIC) [rich]
WAVE: +2 (MORTAR,GRUNT) [rich]
FINALE-KIT: Syndicate
WAVE: +2 (MORTAR,MORTAR) [rich]
WAVE: +2 (SNIPER,MEDIC) [rich]
WAVE: +2 (GRUNT,GRUNT) [rich]
REINFORCEMENTS: +2 (SCOUT,SCOUT)
REINFORCEMENTS: +2 (SCOUT,GRUNT)
REINFORCEMENTS: +1 (SCOUT)
FINALE-KIT: Legion
WAVE: +2 (SCOUT,SCOUT) [rich]
WAVE: +2 (HUNTER,SPOTTER) [rich]
WAVE: +2 (MORTAR,HOUND) [rich]
WAVE: +2 (SCREENER,SNIPER) [rich]
match 15/20  (W:4 L:11 cap:0)  7.1s
FINALE-KIT: Legion
WAVE: +2 (SAPPER,SAPPER) [rich]
WAVE: +2 (STRIKER,SCREENER) [rich]
WAVE: +2 (HOUND,LANCER) [rich]
WAVE: +2 (SCREENER,HUNTER) [rich]
WAVE: +2 (DRONE,SHIELD) [rich]
FINALE-KIT: Syndicate
WAVE: +2 (SNIPER,SCOUT) [rich]
WAVE: +2 (GRUNT,MEDIC) [rich]
WAVE: +2 (SNIPER,SCOUT) [rich]
WAVE: +2 (BERSERKER,BRUISER) [rich]
WAVE: +2 (LANCER,BRUISER) [rich]
WAVE: +2 (HOUND,WARBRINGER) [rich]
FINALE-KIT: Syndicate
WAVE: +2 (GRUNT,GRUNT) [rich]
WAVE: +2 (MEDIC,MEDIC) [rich]
WAVE: +2 (SNIPER,SCOUT) [rich]
WAVE: +2 (BRUISER,LANCER) [rich]
WAVE: +2 (LANCER,LANCER) [rich]
WAVE: +2 (LANCER,HUNTER) [rich]
WAVE: +2 (WARBRINGER,BRUISER) [rich]
WAVE: +2 (HOUND,BERSERKER) [rich]
WAVE: +2 (STRIKER,WARBRINGER) [rich]
FINALE-KIT: Syndicate
WAVE: +2 (DRONE,MORTAR) [rich]
WAVE: +2 (BERSERKER,SAPPER) [rich]
WAVE: +2 (MEDIC,SNIPER) [rich]
FINALE-KIT: Syndicate
WAVE: +2 (SNIPER,MEDIC) [rich]
WAVE: +2 (SHIELD,SHIELD) [rich]
WAVE: +2 (GRUNT,STRIKER) [rich]
match 20/20  (W:4 L:16 cap:0)  8.0s

══════════════════════ SIGHTLINE BALANCE REPORT ══════════════════════
runs=20  missions=71

RUN OUTCOMES (campaign):  win-rate   20%   avg missions cleared 3.6

POLICY GAP (optimal vs human-error; campaign runs only):
  greedy win-rate   20%  (n=10)
  sloppy win-rate   20%  (n=10)
  GAP    0 pts  (healthy slack)
  PAIRED (same-seed slots): pairs=10  concordant=8  discordant greedy-only-won=1 / sloppy-only-won=1  paired gap    0 pts
  PER-SLOT RECORDS (greedy | sloppy: outcome + missions cleared; margin = g−s):
    slot  10 @h6: L 0 | L 1   margin -1
    slot  11 @h6: W 6 | L 2   margin +4
    slot  12 @h6: L 3 | L 5   margin -2
    slot  13 @h6: L 5 | L 5   margin +0
    slot  14 @h6: W 6 | W 6   margin +0
    slot  15 @h6: L 3 | W 6   margin -3
    slot  16 @h6: L 2 | L 3   margin -1
    slot  17 @h6: L 2 | L 4   margin -2
    slot  18 @h6: L 5 | L 2   margin +3
    slot  19 @h6: L 3 | L 3   margin +0
  PAIRED MARGIN (missions cleared, all pairs): -0.20 ±0.70 SE  (n=10 pairs)
  by objective (greedy / sloppy / gap):
    Decapitate :   60% /   50% / gap   10
    Defend     :   82% /   90% / gap   -8
    Eliminate  :   77% /   86% / gap   -9
    Escort     :   50% /   75% / gap  -25
    Rescue     :  100% /    0% / gap  100
    Sabotage   :  100% /  100% / gap    0

DECISION RICHNESS / SWING:
  meaningful-choices/turn 2.11   lead-swings/match 0.9   avg max-swing 58.5
  [shot-gate] acting-soldiers/turn 3.32   armed-soldiers/turn 1.02   armed-fraction 31%   turns-with-a-shot 51%   choices/ARMED-soldier-turn 2.07
  [choice-split] los-targets/ARMED 2.15   target-choices/ARMED 0.25   position-choices/ARMED 1.82

RUN COMPLETION BY HEAT (full-campaign clears):
  heat 6:   20% ±9  (n=20 runs, avg 3.6 missions)
  HEAT LEAK: pinned=NO  heat-raising picks=1  campaigns raised=1  missions off-rung=1/71

INTEL ECONOMY BY HEAT (campaign runs; heat-bonus = the Heat.IntelBonus share of income):
  heat 6: earned  208.9/run   heat-bonus  91.8 (  44% of income)   spent  194.1   unspent   14.9

MISSION WIN-RATE BY HEAT:
  heat 6:   79%  (n=70, avg 5.9 turns)
  heat 7:    0% ±0  (n=1, avg 6.0 turns)

MISSION WIN-RATE BY OBJECTIVE:
  Eliminate  :   81% ±7  (n=27, avg 4.4 turns)
  Defend     :   86% ±8  (n=21, avg 8.8 turns)
  Decapitate :   55% ±15  (n=11, avg 3.9 turns)
  Escort     :   67% ±19  (n=6, avg 8.5 turns)
  Sabotage   :  100% ±0  (n=3, avg 2.0 turns)
  Rescue     :   50% ±35  (n=2, avg 4.0 turns)
  Hack       :  100% ±0  (n=1, avg 3.0 turns)

MISSION WIN-RATE BY OBJECTIVE x NODE KIND (a capstone must never pool with a mid-run node):
  Eliminate  : Start:  95%(n=20)  Supply:  25%(n=4)  Combat: 100%(n=2)  Elite:   0%(n=1)
               depth: m1:95%(20) m2:67%(3) m4:25%(4)
  Defend     : Supply:  90%(n=10)  Combat:  75%(n=8)  Elite: 100%(n=3)
               depth: m2:100%(6) m3:70%(10) m4:100%(3) m5:100%(2)
  Decapitate : Boss:  50%(n=8)  Elite: 100%(n=2)  Combat:   0%(n=1)
               depth: m4:67%(3) m6:50%(8)
  Escort     : Elite:  50%(n=2)  Combat: 100%(n=2)  Supply:  50%(n=2)
               depth: m3:100%(2) m4:50%(2) m5:50%(2)
  Sabotage   : Combat: 100%(n=3)
               depth: m3:100%(2) m4:100%(1)
  Rescue     : Elite:  50%(n=2)
               depth: m3:50%(2)
  Hack       : Combat: 100%(n=1)
               depth: m5:100%(1)

ENCOUNTER COMPLETION on MID-RUN nodes (Combat+Elite) — clear% is the share of the fight actually fought:
  objective     n   win%   turns   force    +rf  killed  clear%   prs  WONclear%
  Defend        11   82%     8.9    6.82   5.91    2.82    22.1  0.00     24.6 (n=9)
  Escort         4   75%     8.0   10.00   0.00    2.00    20.0  0.00     24.1 (n=3)
  Eliminate      3   67%     8.0    6.67   0.00    5.00    75.0  2.00    100.0 (n=2)
  Sabotage       3  100%     2.0    7.33   0.00    0.67     9.1  0.00      9.1 (n=3)
  Decapitate     3   67%     3.0   10.67   0.00    1.00     9.4  0.00     13.6 (n=2)
  Rescue         2   50%     4.0   11.00   0.00    2.00    18.2  0.00     27.3 (n=1)
  Hack           1  100%     3.0   11.00   0.00    0.00     0.0  0.00      0.0 (n=1)
  ---- the two classes ----
  KILL           6   67%     5.5    8.67   0.00    3.00    34.6  1.00     44.1 (n=4)
  NON-KILL      21   81%     7.0    8.10   3.10    2.14    19.1  0.00     21.4 (n=17)

DECAPITATE HVT (buff = +6+1*mission HP, +6 aim; ELITE exempt):
  EXEMPT  :   50% ±18  (n=8, avg 4.3 turns, HVT 22.5 max HP)  [m6:50%(8)]
  BUFFED  :   67% ±27  (n=3, avg 3.0 turns, HVT 27.3 max HP)  [m4:67%(3)]

MISSION WIN-RATE BY MISSION #:
  m1:   95% ±5  (n=20)
  m2:   89% ±10  (n=9)
  m3:   75% ±11  (n=16)
  m4:   62% ±13  (n=13)
  m5:   80% ±18  (n=5)
  m6:   50% ±18  (n=8)

LOSS CAUSES (missions):
  RUN OVER              : 13
  VIP LOST              : 2
  CAPTIVE LOST          : 1

MISSION WIN-RATE BY ARENA (authored layouts, n>=3; procedural fallback   27% of 71 missions):
  arena  0:   67% ±27  (n=3, avg 3.3 turns)  [m1:100%(2) m4:0%(1)]
  arena  3:   75% ±22  (n=4, avg 6.5 turns)  [m2:100%(2) m3:50%(2)]
  arena  4:    0% ±0  (n=3, avg 5.3 turns)  [m4:0%(1) m6:0%(2)]
  arena  6:  100% ±0  (n=3, avg 3.7 turns)  [m1:100%(2) m6:100%(1)]
  arena  7:   50% ±25  (n=4, avg 9.3 turns)  [m3:50%(2) m4:50%(2)]
  arena 10:   67% ±27  (n=3, avg 4.7 turns)  [m1:100%(2) m6:0%(1)]
  arena 28:  100% ±0  (n=4, avg 2.8 turns)  [m1:100%(2) m6:100%(2)]
  arena 30:  100% ±0  (n=4, avg 7.5 turns)  [m3:100%(2) m4:100%(1) m5:100%(1)]
  arena 31:   67% ±27  (n=3, avg 6.7 turns)  [m1:50%(2) m5:100%(1)]
  arena 34:  100% ±0  (n=4, avg 5.5 turns)  [m3:100%(4)]
  procedural:   89% ±7  (n=19, avg 5.7 turns)  [m1:100%(8) m2:100%(4) m3:100%(2) m4:50%(4) m5:100%(1)]

DEPLOYMENT GEOMETRY (opening shape; choices/ARMED is the wave's real gate):
  FRONTAL   :   87%  (n=30, avg 5.8 turns)  choices/turn 1.92  choices/ARMED 2.14  los-targets/ARMED 1.95
  PINCER    :   67% ±12  (n=15, avg 6.2 turns)  choices/turn 1.78  choices/ARMED 1.72  los-targets/ARMED 1.76
  CROSSFIRE :   56% ±17  (n=9, avg 7.4 turns)  choices/turn 1.24  choices/ARMED 1.92  los-targets/ARMED 2.13
  ENVELOP   :   82% ±9  (n=17, avg 4.8 turns)  choices/turn 3.63  choices/ARMED 2.29  los-targets/ARMED 2.71

ARENA FUNNEL (Mission.Build exits, n=84 builds, all modes):
  authored-applied    :  73.8%  (n=62)
  connectivity-reject :   4.8%  (n=4)
  procedural-roll     :  21.4%  (n=18)

DECK EXPOSURE (campaign runs n=20):
  distinct authored arenas/run : 2.60 mean (all runs)
  ... full-depth runs only     : 3.50 mean over 4.8 fights/run (n=4)
  Defend dealt on the route    :   85% of runs (n=17)

ENEMY DECISION MIX (contested acts=1298; all-downed acts not counted=408):
  shoot           716    55%
  hunker          322    25%
  move            132    10%
  heal             32     2%
  reload           25     2%
  grenade          22     2%
  siege            16     1%
  item             15     1%
  overwatch         7     1%
  shove             6     0%
  brace             4     0%
  sap               1     0%

  the shot on the table (acts where the chosen tile HAD a shot = 784):
    hit% band     taken   share   E[dmg]/shot   declined   share   E[dmg]/shot
      0-19           0      0%          0.00          0      0%          0.00
     20-39          26      4%          1.00          1     33%          1.16
     40-59         135     19%          1.98          2     67%          1.09
     60-79         294     41%          2.95          0      0%          0.00
      80+          261     36%          4.44          0      0%          0.00
    TOTAL           716                              3
  taken   91% / DECLINED    0% / preempted by another verb    8%
  enemy lanes held (overwatch+brace) 11; reaction shots fired 0  ->    0% of lanes paid off   [C2: DeclineWatchRatio is a bet on this number]

ACTION MIX (verbs issued, by policy):
  verb                  greedy        sloppy
  MOVE               312   27%     407   29%
  SHOOT              300   26%     341   24%
  OVERWATCH          127   11%     159   11%
  BRACE              124   11%      73    5%
  FOCUS               44    4%     111    8%
  SLIPSTREAM          55    5%      57    4%
  RELOAD              48    4%      50    4%
  STABILIZE           34    3%      32    2%
  INTEL               32    3%      33    2%
  HUNKER              21    2%      44    3%
  MARK                21    2%      23    2%
  ITEM:SMOKE          10    1%      17    1%
  PIN                  9    1%      12    1%
  GRENADE              5    0%      12    1%
  REARM                7    1%       8    1%
  PATCH                6    1%       9    1%
  PLANT                8    1%       5    0%
  DRAG                 1    0%       8    1%
  GRAPPLE              4    0%       4    0%
  BARREL               2    0%       2    0%
  HACK                 0    0%       3    0%
  BEACON               0    0%       1    0%
  EXTRACT              0    0%       1    0%

PLAYER CLASS PERFORMANCE:
  class        shots   hit%   dmg   kills
  SHARPSHOOTER    163    91%   1057     63
  GUNNER         214    89%    972     52
  RANGER         137    85%    717     47
  ASSAULT        134    84%    551     36
  CORPSMAN        25    84%     83      6

SOLDIER DEATHS BY ENEMY CLASS (threat ranking):
  SNIPER     : 9
  SCOUT      : 8
  STRIKE     : 8
  TURRET     : 7
  SHIELD     : 6
  GRUNT      : 5
  BRUISER    : 5
  SCREENER   : 5
  SAPPER     : 5
  BURN       : 4
  DRONE      : 4
  LANCER     : 4
  ELITE      : 4
  STRIKER    : 4
  HUNTER     : 3
  BERSERKER  : 3
  SPOTTER    : 2
  MEDIC      : 2
  HOUND      : 2
  WARBRINGER : 2
  MORTAR     : 1
  CUSTODIAN  : 1

SOLDIER DOWNS (FUL-7 bleed-out): 209 downs -> revived 5 / recovered 46 / bled out 134 / finished 16  (save-rate   28%)
  corpsman fielded in 23 missions

ENEMY COMPOSITION (spawns; faction-stamped fights n=449 / default-cascade fights n=292):
  class        faction         default
  SCOUT           18    4%       61   21%
  GRUNT           34    8%       31   11%
  DRONE           32    7%       27    9%
  SNIPER          31    7%       21    7%
  SCREENER        40    9%       12    4%
  SHIELD          32    7%       19    7%
  MEDIC           28    6%       12    4%
  LANCER          27    6%       11    4%
  ELITE           28    6%        8    3%
  HUNTER          20    4%       15    5%
  MORTAR          29    6%        4    1%
  BERSERKER       21    5%       10    3%
  SAPPER          15    3%       10    3%
  SPOTTER          8    2%       16    5%
  TURRET          17    4%        6    2%
  HOUND           13    3%        9    3%
  BRUISER         15    3%        5    2%
  CUSTODIAN       19    4%        0    0%
  STRIKER          5    1%       12    4%
  WARBRINGER       8    2%        0    0%
  PIKEMAN          5    1%        2    1%
  BOMBARD          4    1%        1    0%

PERK PICK FREQUENCY:
  MOM           : 19
  LCK           : 17
  GUN           : 15
  OUT           : 15
  MRK           : 15
  GRD           : 10
  FST           : 9
  PLT           : 9
  CLH           : 8
  BND           : 8
  SGE           : 8
  HRD           : 7
  RFX           : 7
  CQB           : 6
  BRK           : 6
  EXC           : 5
  TNK           : 5
  SKR           : 3
  VNT           : 2

SHOP PURCHASE FREQUENCY:
  FIELD MEDKIT      : 65
  WPN: HOLLOW POINT : 54
  WPN: SCOPE        : 46
  WPN: STABILIZER   : 34
  WPN: BIPOD        : 30
  ADV. TRAINING     : 26
  BALLISTIC PLATING : 22
  COUNTER-PREP      : 15
  ARMORY            : 15
  COMBAT STIMS      : 15
  FRAG CACHE        : 14
  WPN: EXTENDED MAG : 13
  WPN: SUPPRESSOR   : 12

BOON PICK FREQUENCY (PROCS = effect fires at instrumented sites; '-' = not instrumented;
                      PYR counts the +2-turn-burn half only — the Burning-immunity half is uninstrumented):
  code                 picks   PROCS
  PYR               :     7       0
  EXE               :     5       -
  RCL               :     5       3
  FDR               :     4       0
  GHO               :     4       -
  GRN               :     4       -
  FST               :     3      36
  MRK               :     3       -
  RPD               :     3       -
  SCV               :     3       -
  TRR               :     3      10
  SHK               :     2       6
  VNM               :     2       -
  ADR               :     1       -
  FRT               :     1       -
  FVR               :     1       -

RUN WIN-RATE BY BOON (campaign runs holding it):
  PYR               :   29% ±17  (in 7 runs)
  EXE               :   40% ±22  (in 5 runs)
  RCL               :   20% ±18  (in 5 runs)
  FDR               :    0% ±0  (in 4 runs)
  GHO               :   25% ±22  (in 4 runs)
  GRN               :   50% ±25  (in 4 runs)
  FST               :   33% ±27  (in 3 runs)
  MRK               :   33% ±27  (in 3 runs)
  RPD               :    0% ±0  (in 3 runs)
  SCV               :   67% ±27  (in 3 runs)
  TRR               :   33% ±27  (in 3 runs)
  SHK               :    0% ±0  (in 2 runs)
  VNM               :   50% ±35  (in 2 runs)
  ADR               :  100% ±0  (in 1 runs)
  FRT               :    0% ±0  (in 1 runs)
  FVR               :    0% ±0  (in 1 runs)

RUN WIN-RATE BY SPEC (campaign runs fielding it):
  ADN               :   20% ±18  (in 5 runs)
  HHT               :   50% ±25  (in 4 runs)
  SNT               :    0% ±0  (in 4 runs)
  ANC               :   33% ±27  (in 3 runs)
  BRC               :   33% ±27  (in 3 runs)
  JUG               :   33% ±27  (in 3 runs)
  PHN               :    0% ±0  (in 3 runs)
  MED               :   50% ±35  (in 2 runs)
  PTH               :    0% ±0  (in 2 runs)

RUN WIN-RATE BY PERK (campaign runs holding it):
  MOM               :   27% ±11  (in 15 runs)
  MRK               :   25% ±13  (in 12 runs)
  LCK               :    9% ±9  (in 11 runs)
  GUN               :   20% ±13  (in 10 runs)
  OUT               :   33% ±16  (in 9 runs)
  FST               :   25% ±15  (in 8 runs)
  SGE               :   25% ±15  (in 8 runs)
  BND               :   14% ±13  (in 7 runs)
  GRD               :   29% ±17  (in 7 runs)
  HRD               :   29% ±17  (in 7 runs)
  PLT               :   29% ±17  (in 7 runs)
  CLH               :   17% ±15  (in 6 runs)
  RFX               :   17% ±15  (in 6 runs)
  EXC               :    0% ±0  (in 5 runs)
  BRK               :   25% ±22  (in 4 runs)
  TNK               :   25% ±22  (in 4 runs)
  CQB               :   67% ±27  (in 3 runs)
  SKR               :    0% ±0  (in 3 runs)
  VNT               :   50% ±35  (in 2 runs)

RUN WIN-RATE BY PURCHASE (campaign runs buying it):
  FIELD MEDKIT      :   25% ±11  (in 16 runs)
  ARMORY            :   36% ±15  (in 11 runs)
  COUNTER-PREP      :   36% ±15  (in 11 runs)
  WPN: BIPOD        :   27% ±13  (in 11 runs)
  WPN: HOLLOW POINT :   18% ±12  (in 11 runs)
  WPN: SCOPE        :   27% ±13  (in 11 runs)
  WPN: STABILIZER   :   36% ±15  (in 11 runs)
  ADV. TRAINING     :   10% ±9  (in 10 runs)
  FRAG CACHE        :   30% ±14  (in 10 runs)
  BALLISTIC PLATING :   22% ±14  (in 9 runs)
  COMBAT STIMS      :   33% ±16  (in 9 runs)
  WPN: EXTENDED MAG :   25% ±15  (in 8 runs)
  WPN: SUPPRESSOR   :   43% ±19  (in 7 runs)

RUN WIN-RATE BY EVENT-CHOICE (campaign runs taking id:arm):
  bloodfeud:1       :  100% ±0  (in 2 runs)
  depot:0           :    0% ±0  (in 2 runs)
  drill:1           :   50% ±35  (in 2 runs)
  fieldhospital:2   :    0% ±0  (in 2 runs)
  grave:1           :    0% ±0  (in 2 runs)
  medic:1           :   50% ±35  (in 2 runs)
  warpension:2      :    0% ±0  (in 2 runs)
  bloodfeud:2       :    0% ±0  (in 1 runs)
  quartermaster:1   :  100% ±0  (in 1 runs)
  reservecall:1     :    0% ±0  (in 1 runs)
═══════════════════════════════════════════════════════════════════════

batch wall-time: 8.0s  (20 matches across 10 campaigns × 2 policy, frame-cap hits: 0)
aggregate JSON -> /home/user/wt/heat-pin/docs/measurements/l5/L5bridge-h6-b10.json
INFO: TEXTURE: [ID 2] Unloaded texture data from VRAM (GPU)
INFO: SHADER: [ID 3] Default shader unloaded successfully
INFO: TEXTURE: [ID 1] Default texture unloaded successfully
INFO: Window closed successfully
