BALANCE: heat NOT pinned (SIGHTLINE_HEATPIN=0) - a heat-N rung may contain heat-N+1 missions
INFO: Initializing raylib 6.0
INFO: Platform backend: DESKTOP (GLFW)
INFO: Supported raylib modules:
INFO:     > rcore:..... loaded (mandatory)
INFO:     > rlgl:...... loaded (mandatory)
INFO:     > rshapes:... loaded (optional)
INFO:     > rtextures:. loaded (optional)
INFO:     > rtext:..... loaded (optional)
INFO:     > rmodels:... loaded (optional)
INFO:     > raudio:.... loaded (optional)
INFO: DISPLAY: Trying to enable MSAA x4
INFO: DISPLAY: Device initialized successfully 
INFO:     > Display size: 1280 x 800
INFO:     > Screen size:  1280 x 800
INFO:     > Render size:  1280 x 800
INFO:     > Viewport offsets: 0, 0
INFO: GLAD: OpenGL extensions loaded successfully
INFO: GL: Supported extensions count: 229
INFO: GL: OpenGL device information:
INFO:     > Vendor:   Mesa
INFO:     > Renderer: llvmpipe (LLVM 20.1.2, 256 bits)
INFO:     > Version:  4.5 (Core Profile) Mesa 25.2.8-0ubuntu0.24.04.2
INFO:     > GLSL:     4.50
INFO: GL: VAO extension detected, VAO functions loaded successfully
INFO: GL: NPOT textures extension detected, full NPOT textures supported
INFO: GL: DXT compressed textures supported
INFO: GL: ETC2/EAC compressed textures supported
INFO: PLATFORM: DESKTOP (GLFW - X11): Initialized successfully
INFO: TEXTURE: [ID 1] Texture loaded successfully (1x1 | R8G8B8A8 | 1 mipmaps)
INFO: TEXTURE: [ID 1] Default texture loaded successfully
INFO: SHADER: [ID 1] Vertex shader compiled successfully
INFO: SHADER: [ID 2] Fragment shader compiled successfully
INFO: SHADER: [ID 3] Program shader loaded successfully
INFO: SHADER: [ID 3] Default shader loaded successfully
INFO: RLGL: Render batch vertex buffers loaded successfully in RAM (CPU)
INFO: RLGL: Render batch vertex buffers loaded successfully in VRAM (GPU)
INFO: RLGL: Default OpenGL state initialized successfully
INFO: TEXTURE: [ID 2] Texture loaded successfully (128x128 | GRAY_ALPHA | 1 mipmaps)
INFO: FONT: Default font loaded successfully (224 glyphs)
INFO: SYSTEM: Working Directory: /home/user/wt/heat-pin
INFO: TIMER: Target time per frame: 0.000 milliseconds
FINALE-KIT: Syndicate
FINALE-KIT: Syndicate
FINALE-KIT: Wardens
WAVE: +2 (SNIPER,MORTAR) [rich]
WAVE: +2 (PIKEMAN,MORTAR) [rich]
WAVE: +2 (PIKEMAN,MORTAR) [rich]
WAVE: +2 (CUSTODIAN,SCREENER) [rich]
WAVE: +2 (SCOUT,CUSTODIAN) [rich]
FINALE-KIT: Wardens
WAVE: +2 (GRUNT,MEDIC) [rich]
WAVE: +2 (SNIPER,MEDIC) [rich]
WAVE: +2 (SCREENER,SNIPER) [rich]
FINALE-KIT: Syndicate
match 5/20  (W:0 L:5 cap:0)  1.3s
FINALE-KIT: Syndicate
FINALE-KIT: Syndicate
WAVE: +3 (BRUISER,LANCER,HOUND) [rich]
WAVE: +3 (BERSERKER,BRUISER,BRUISER) [rich]
WAVE: +2 (BERSERKER,HUNTER) [rich]
WAVE: +3 (BERSERKER,STRIKER,WARBRINGER) [rich]
WAVE: +3 (BERSERKER,BRUISER,LANCER) [rich]
WAVE: +2 (SCOUT,BERSERKER) [rich]
FINALE-KIT: Syndicate
WAVE: +3 (BERSERKER,HUNTER,BERSERKER) [rich]
WAVE: +3 (BRUISER,BERSERKER,HUNTER) [rich]
WAVE: +3 (GRUNT,SCOUT,BRUISER) [rich]
FINALE-KIT: Legion
WAVE: +3 (LANCER,BERSERKER,SCOUT) [rich]
FINALE-KIT: Legion
match 10/20  (W:2 L:8 cap:0)  2.4s
FINALE-KIT: Wardens
FINALE-KIT: Wardens
FINALE-KIT: Syndicate
WAVE: +2 (GRUNT,SCOUT) [rich]
WAVE: +2 (PIKEMAN,SCOUT) [rich]
WAVE: +2 (MORTAR,SNIPER) [rich]
REINFORCEMENTS: +2 (GRUNT,SCOUT)
FINALE-KIT: Syndicate
WAVE: +2 (SCOUT,SNIPER) [rich]
WAVE: +2 (MORTAR,SCOUT) [rich]
WAVE: +2 (SCOUT,SNIPER) [rich]
FINALE-KIT: Legion
match 15/20  (W:2 L:13 cap:0)  3.1s
FINALE-KIT: Legion
FINALE-KIT: Syndicate
WAVE: +3 (STRIKER,LANCER,BRUISER) [rich]
WAVE: +3 (WARBRINGER,BERSERKER,SCOUT) [rich]
WAVE: +3 (STRIKER,BERSERKER,HUNTER) [rich]
WAVE: +1 (HUNTER) [rich]
FINALE-KIT: Syndicate
WAVE: +3 (LANCER,BRUISER,BRUISER) [rich]
WAVE: +2 (HOUND,BERSERKER) [rich]
WAVE: +2 (BRUISER,BERSERKER) [rich]
REINFORCEMENTS: +2 (GRUNT,GRUNT)
FINALE-KIT: Wardens
FINALE-KIT: Wardens
match 20/20  (W:3 L:17 cap:0)  4.0s

══════════════════════ SIGHTLINE BALANCE REPORT ══════════════════════
runs=20  missions=66

RUN OUTCOMES (campaign):  win-rate   15%   avg missions cleared 3.1

POLICY GAP (optimal vs human-error; campaign runs only):
  greedy win-rate   10%  (n=10)
  sloppy win-rate   20%  (n=10)
  GAP  -10 pts  (healthy slack)
  PAIRED (same-seed slots): pairs=10  concordant=7  discordant greedy-only-won=1 / sloppy-only-won=2  paired gap  -10 pts
  PER-SLOT RECORDS (greedy | sloppy: outcome + missions cleared; margin = g−s):
    slot  60 @h6: L 0 | L 0   margin +0
    slot  61 @h6: L 2 | L 5   margin -3
    slot  62 @h6: L 2 | L 1   margin +1
    slot  63 @h6: L 4 | W 6   margin -2
    slot  64 @h6: W 6 | L 2   margin +4
    slot  65 @h6: L 2 | L 2   margin +0
    slot  66 @h6: L 5 | L 5   margin +0
    slot  67 @h6: L 0 | L 2   margin -2
    slot  68 @h6: L 5 | L 5   margin +0
    slot  69 @h6: L 2 | W 6   margin -4
  PAIRED MARGIN (missions cleared, all pairs): -0.60 ±0.72 SE  (n=10 pairs)
  by objective (greedy / sloppy / gap):
    Decapitate :   60% /   50% / gap   10
    Defend     :   80% /  100% / gap  -20
    Eliminate  :   83% /   83% / gap    0
    Escort     :   50% /   75% / gap  -25
    Evac       :  100% /  100% / gap    0
    Hack       :    0% /  100% / gap -100
    Rescue     :   67% /   67% / gap    0

DECISION RICHNESS / SWING:
  meaningful-choices/turn 1.53   lead-swings/match 0.8   avg max-swing 61.7
  [shot-gate] acting-soldiers/turn 2.77   armed-soldiers/turn 0.83   armed-fraction 30%   turns-with-a-shot 43%   choices/ARMED-soldier-turn 1.85
  [choice-split] los-targets/ARMED 2.11   target-choices/ARMED 0.24   position-choices/ARMED 1.61

RUN COMPLETION BY HEAT (full-campaign clears):
  heat 6:   15% ±8  (n=20 runs, avg 3.1 missions)
  HEAT LEAK: pinned=NO  heat-raising picks=0  campaigns raised=0  missions off-rung=0/66

INTEL ECONOMY BY HEAT (campaign runs; heat-bonus = the Heat.IntelBonus share of income):
  heat 6: earned  177.3/run   heat-bonus  82.8 (  47% of income)   spent  164.1   unspent   13.2

MISSION WIN-RATE BY HEAT:
  heat 6:   74%  (n=66, avg 5.8 turns)

MISSION WIN-RATE BY OBJECTIVE:
  Eliminate  :   83% ±8  (n=24, avg 3.9 turns)
  Decapitate :   55% ±15  (n=11, avg 4.4 turns)
  Defend     :   89% ±10  (n=9, avg 8.8 turns)
  Rescue     :   67% ±16  (n=9, avg 4.0 turns)
  Escort     :   63% ±17  (n=8, avg 13.4 turns)
  Hack       :   67% ±27  (n=3, avg 4.7 turns)
  Evac       :  100% ±0  (n=2, avg 4.0 turns)

MISSION WIN-RATE BY OBJECTIVE x NODE KIND (a capstone must never pool with a mid-run node):
  Eliminate  : Start:  85%(n=20)  Supply:  50%(n=2)  Combat: 100%(n=2)
               depth: m1:85%(20) m2:75%(4)
  Decapitate : Boss:  38%(n=8)  Supply: 100%(n=2)  Combat: 100%(n=1)
               depth: m2:100%(2) m4:100%(1) m6:38%(8)
  Defend     : Combat:  86%(n=7)  Elite: 100%(n=2)
               depth: m2:100%(2) m3:50%(2) m4:100%(4) m5:100%(1)
  Rescue     : Combat: 100%(n=5)  Elite:  33%(n=3)  Supply:   0%(n=1)
               depth: m2:100%(3) m3:40%(5) m4:100%(1)
  Escort     : Combat:  60%(n=5)  Supply: 100%(n=2)  Elite:   0%(n=1)
               depth: m3:33%(3) m4:100%(2) m5:67%(3)
  Hack       : Elite:  67%(n=3)
               depth: m3:50%(2) m5:100%(1)
  Evac       : Elite: 100%(n=2)
               depth: m3:100%(2)

ENCOUNTER COMPLETION on MID-RUN nodes (Combat+Elite) — clear% is the share of the fight actually fought:
  objective     n   win%   turns   force    +rf  killed  clear%   prs  WONclear%
  Defend         9   89%     8.8    7.22   6.22    3.89    28.9  0.00     28.2 (n=8)
  Rescue         8   75%     3.8    8.75   0.00    1.88    21.4  0.00     27.1 (n=6)
  Escort         6   50%    14.0   10.33   0.00    3.17    30.6  0.00     22.6 (n=3)
  Hack           3   67%     4.7   11.00   0.00    1.00     9.1  0.33     13.6 (n=2)
  Eliminate      2  100%     6.0    6.00   0.00    6.00   100.0  1.00    100.0 (n=2)
  Evac           2  100%     4.0   11.00   0.00    0.00     0.0  0.00      0.0 (n=2)
  Decapitate     1  100%     2.0   10.00   0.00    2.00    20.0  0.00     20.0 (n=1)
  ---- the two classes ----
  KILL           3  100%     4.7    7.33   0.00    4.67    63.6  0.67     63.6 (n=3)
  NON-KILL      28   75%     7.7    9.00   2.00    2.57    23.4  0.04     23.2 (n=21)

DECAPITATE HVT (buff = +6+1*mission HP, +6 aim; ELITE exempt):
  EXEMPT  :   38% ±17  (n=8, avg 5.1 turns, HVT 21.8 max HP)  [m6:38%(8)]
  BUFFED  :  100% ±0  (n=3, avg 2.3 turns, HVT 22.0 max HP)  [m2:100%(2) m4:100%(1)]

MISSION WIN-RATE BY MISSION #:
  m1:   85% ±8  (n=20)
  m2:   91% ±9  (n=11)
  m3:   50% ±13  (n=14)
  m4:  100% ±0  (n=8)
  m5:   80% ±18  (n=5)
  m6:   38% ±17  (n=8)

LOSS CAUSES (missions):
  RUN OVER              : 12
  CAPTIVE LOST          : 3
  VIP LOST              : 2

MISSION WIN-RATE BY ARENA (authored layouts, n>=3; procedural fallback   17% of 66 missions):
  arena  2:   67% ±27  (n=3, avg 3.0 turns)  [m2:100%(2) m3:0%(1)]
  arena 10:   75% ±22  (n=4, avg 3.5 turns)  [m1:100%(2) m3:0%(1) m6:100%(1)]
  arena 12:  100% ±0  (n=3, avg 3.7 turns)  [m1:100%(2) m4:100%(1)]
  arena 18:  100% ±0  (n=3, avg 7.3 turns)  [m2:100%(2) m5:100%(1)]
  arena 23:   50% ±25  (n=4, avg 3.8 turns)  [m1:100%(2) m6:0%(2)]
  arena 25:   60% ±22  (n=5, avg 8.4 turns)  [m2:0%(1) m3:50%(2) m4:100%(2)]
  arena 28:   25% ±22  (n=4, avg 6.5 turns)  [m1:0%(2) m3:100%(1) m6:0%(1)]
  arena 29:  100% ±0  (n=4, avg 4.3 turns)  [m1:100%(2) m2:100%(2)]
  arena 30:  100% ±0  (n=3, avg 4.0 turns)  [m3:100%(2) m4:100%(1)]
  procedural:   64% ±15  (n=11, avg 9.0 turns)  [m1:75%(4) m2:100%(1) m3:0%(2) m4:100%(1) m5:50%(2) m6:100%(1)]

DEPLOYMENT GEOMETRY (opening shape; choices/ARMED is the wave's real gate):
  FRONTAL   :   85%  (n=40, avg 5.7 turns)  choices/turn 1.36  choices/ARMED 1.78  los-targets/ARMED 1.83
  PINCER    :   81% ±10  (n=16, avg 5.9 turns)  choices/turn 1.49  choices/ARMED 1.94  los-targets/ARMED 2.60
  ENVELOP   :   20% ±13  (n=10, avg 6.5 turns)  choices/turn 2.27  choices/ARMED 1.95  los-targets/ARMED 2.34

ARENA FUNNEL (Mission.Build exits, n=75 builds, all modes):
  authored-applied    :  81.3%  (n=61)
  connectivity-reject :   0.0%  (n=0)
  procedural-roll     :  18.7%  (n=14)

DECK EXPOSURE (campaign runs n=20):
  distinct authored arenas/run : 2.75 mean (all runs)
  ... full-depth runs only     : 4.67 mean over 5.3 fights/run (n=3)
  Defend dealt on the route    :   45% of runs (n=9)

ENEMY DECISION MIX (contested acts=1294; all-downed acts not counted=344):
  shoot           611    47%
  hunker          489    38%
  move             80     6%
  reload           29     2%
  grenade          23     2%
  siege            21     2%
  heal             11     1%
  overwatch         9     1%
  item              8     1%
  brace             5     0%
  staleplan         5     0%
  sap               3     0%

  the shot on the table (acts where the chosen tile HAD a shot = 664):
    hit% band     taken   share   E[dmg]/shot   declined   share   E[dmg]/shot
      0-19           0      0%          0.00          1     13%          0.57
     20-39          10      2%          1.45          4     50%          1.36
     40-59          89     15%          1.87          3     38%          2.05
     60-79         253     41%          3.01          0      0%          0.00
      80+          259     42%          4.46          0      0%          0.00
    TOTAL           611                              8
  taken   92% / DECLINED    1% / preempted by another verb    7%
  enemy lanes held (overwatch+brace) 14; reaction shots fired 5  ->   36% of lanes paid off   [C2: DeclineWatchRatio is a bet on this number]

ACTION MIX (verbs issued, by policy):
  verb                  greedy        sloppy
  MOVE               415   38%     434   40%
  SHOOT              267   24%     289   27%
  HUNKER              99    9%      61    6%
  OVERWATCH           72    7%      60    6%
  BRACE               37    3%      44    4%
  STABILIZE           31    3%      30    3%
  INTEL               23    2%      29    3%
  RELOAD              23    2%      23    2%
  SLIPSTREAM          28    3%      17    2%
  ITEM:SMOKE          14    1%      17    2%
  DRAG                17    2%      11    1%
  FOCUS               24    2%       1    0%
  MARK                10    1%      13    1%
  PIN                  8    1%       9    1%
  REARM                8    1%       6    1%
  PATCH                5    0%       9    1%
  GRENADE              4    0%       8    1%
  BEACON               4    0%       4    0%
  HACK                 2    0%       4    0%
  GRAPPLE              2    0%       2    0%
  ITEM:BARRICADE       0    0%       1    0%
  BARREL               0    0%       1    0%

PLAYER CLASS PERFORMANCE:
  class        shots   hit%   dmg   kills
  SHARPSHOOTER    158    94%   1083     69
  ASSAULT        138    86%    624     40
  GUNNER         141    81%    606     36
  RANGER          71    86%    394     18
  CORPSMAN        42    86%    157      7

SOLDIER DEATHS BY ENEMY CLASS (threat ranking):
  BURN       : 21
  DRONE      : 12
  ELITE      : 8
  SHIELD     : 8
  STRIKE     : 7
  SAPPER     : 7
  MEDIC      : 6
  SCREENER   : 5
  GRUNT      : 5
  STRIKER    : 5
  BERSERKER  : 5
  SNIPER     : 4
  SCOUT      : 4
  HUNTER     : 4
  MORTAR     : 3
  WARBRINGER : 2
  BRUISER    : 2
  BARREL     : 2
  PIKEMAN    : 1
  SPOTTER    : 1
  TURRET     : 1
  HOUND      : 1

SOLDIER DOWNS (FUL-7 bleed-out): 209 downs -> revived 7 / recovered 49 / bled out 125 / finished 20  (save-rate   31%)
  corpsman fielded in 25 missions

ENEMY COMPOSITION (spawns; faction-stamped fights n=504 / default-cascade fights n=126):
  class        faction         default
  SCOUT           29    6%       63   50%
  GRUNT           42    8%       24   19%
  BERSERKER       51   10%        2    2%
  SAPPER          35    7%        3    2%
  ELITE           33    7%        1    1%
  DRONE           26    5%        8    6%
  SNIPER          33    7%        0    0%
  SCREENER        25    5%        3    2%
  STRIKER         16    3%        9    7%
  PIKEMAN         24    5%        0    0%
  HOUND           24    5%        0    0%
  BRUISER         23    5%        1    1%
  SHIELD          24    5%        0    0%
  LANCER          15    3%        6    5%
  MEDIC           20    4%        0    0%
  MORTAR          18    4%        0    0%
  HUNTER          14    3%        4    3%
  SPOTTER         16    3%        0    0%
  TURRET          14    3%        0    0%
  WARBRINGER       9    2%        1    1%
  CUSTODIAN        9    2%        0    0%
  BOMBARD          4    1%        1    1%

PERK PICK FREQUENCY:
  MOM           : 14
  LCK           : 9
  TNK           : 9
  GUN           : 8
  RFX           : 8
  PLT           : 8
  CQB           : 7
  CLH           : 6
  EXC           : 6
  OUT           : 6
  FST           : 6
  MRK           : 6
  BRK           : 5
  BND           : 5
  VNT           : 5
  SGE           : 4
  GRD           : 4
  SKR           : 4
  HRD           : 3

SHOP PURCHASE FREQUENCY:
  FIELD MEDKIT      : 60
  WPN: SCOPE        : 45
  WPN: HOLLOW POINT : 41
  BALLISTIC PLATING : 33
  WPN: BIPOD        : 30
  WPN: STABILIZER   : 23
  WPN: EXTENDED MAG : 18
  COMBAT STIMS      : 15
  ARMORY            : 14
  FRAG CACHE        : 12
  COUNTER-PREP      : 12
  ADV. TRAINING     : 9
  WPN: SUPPRESSOR   : 8

BOON PICK FREQUENCY (PROCS = effect fires at instrumented sites; '-' = not instrumented;
                      PYR counts the +2-turn-burn half only — the Burning-immunity half is uninstrumented):
  code                 picks   PROCS
  PYR               :     5       0
  RCL               :     5       0
  VNM               :     5       -
  GHO               :     4       -
  GRN               :     4       -
  TRR               :     4       8
  EXE               :     3       -
  FST               :     3      43
  SHK               :     3       1
  FDR               :     2       0
  MRK               :     2       -
  RPD               :     2       -
  SCV               :     2       -
  FRT               :     1       -
  FVR               :     1       -

RUN WIN-RATE BY BOON (campaign runs holding it):
  PYR               :    0% ±0  (in 5 runs)
  RCL               :   40% ±22  (in 5 runs)
  VNM               :   60% ±22  (in 5 runs)
  GHO               :   50% ±25  (in 4 runs)
  GRN               :   25% ±22  (in 4 runs)
  TRR               :    0% ±0  (in 4 runs)
  EXE               :   67% ±27  (in 3 runs)
  FST               :    0% ±0  (in 3 runs)
  SHK               :   33% ±27  (in 3 runs)
  FDR               :    0% ±0  (in 2 runs)
  MRK               :   50% ±35  (in 2 runs)
  RPD               :   50% ±35  (in 2 runs)
  SCV               :    0% ±0  (in 2 runs)
  FRT               :    0% ±0  (in 1 runs)
  FVR               :    0% ±0  (in 1 runs)

RUN WIN-RATE BY SPEC (campaign runs fielding it):
  SNT               :   25% ±15  (in 8 runs)
  HHT               :   33% ±27  (in 3 runs)
  JUG               :    0% ±0  (in 3 runs)
  ANC               :    0% ±0  (in 2 runs)
  BRC               :    0% ±0  (in 1 runs)
  SRG               :  100% ±0  (in 1 runs)

RUN WIN-RATE BY PERK (campaign runs holding it):
  MOM               :   11% ±10  (in 9 runs)
  LCK               :   38% ±17  (in 8 runs)
  CQB               :   29% ±17  (in 7 runs)
  GUN               :   29% ±17  (in 7 runs)
  TNK               :    0% ±0  (in 6 runs)
  BND               :    0% ±0  (in 5 runs)
  BRK               :   20% ±18  (in 5 runs)
  EXC               :   20% ±18  (in 5 runs)
  FST               :   40% ±22  (in 5 runs)
  MRK               :   20% ±18  (in 5 runs)
  PLT               :   40% ±22  (in 5 runs)
  RFX               :   40% ±22  (in 5 runs)
  VNT               :   20% ±18  (in 5 runs)
  CLH               :   50% ±25  (in 4 runs)
  GRD               :   50% ±25  (in 4 runs)
  OUT               :   25% ±22  (in 4 runs)
  SGE               :   25% ±22  (in 4 runs)
  SKR               :   25% ±22  (in 4 runs)
  HRD               :   67% ±27  (in 3 runs)

RUN WIN-RATE BY PURCHASE (campaign runs buying it):
  FIELD MEDKIT      :   20% ±10  (in 15 runs)
  WPN: SCOPE        :   23% ±12  (in 13 runs)
  COUNTER-PREP      :   27% ±13  (in 11 runs)
  ARMORY            :   30% ±14  (in 10 runs)
  WPN: BIPOD        :   20% ±13  (in 10 runs)
  WPN: STABILIZER   :   10% ±9  (in 10 runs)
  BALLISTIC PLATING :   22% ±14  (in 9 runs)
  WPN: EXTENDED MAG :   33% ±16  (in 9 runs)
  WPN: HOLLOW POINT :   33% ±16  (in 9 runs)
  ADV. TRAINING     :   43% ±19  (in 7 runs)
  COMBAT STIMS      :   29% ±17  (in 7 runs)
  FRAG CACHE        :   43% ±19  (in 7 runs)
  WPN: SUPPRESSOR   :   17% ±15  (in 6 runs)

RUN WIN-RATE BY EVENT-CHOICE (campaign runs taking id:arm):
  grave:1           :   33% ±27  (in 3 runs)
  bloodfeud:1       :    0% ±0  (in 2 runs)
  defector:0        :   50% ±35  (in 2 runs)
  distress:1        :    0% ±0  (in 2 runs)
  profiteer:0       :    0% ±0  (in 2 runs)
  warpension:1      :    0% ±0  (in 2 runs)
═══════════════════════════════════════════════════════════════════════

batch wall-time: 4.0s  (20 matches across 10 campaigns × 2 policy, frame-cap hits: 0)
aggregate JSON -> /home/user/wt/heat-pin/docs/measurements/l5/L5bridge-h6-b60.json
INFO: TEXTURE: [ID 2] Unloaded texture data from VRAM (GPU)
INFO: SHADER: [ID 3] Default shader unloaded successfully
INFO: TEXTURE: [ID 1] Default texture unloaded successfully
INFO: Window closed successfully
