BALANCE: heat PINNED for this batch (field-event AddHeat is a no-op; SIGHTLINE_HEATPIN=0 restores the leak)
INFO: Initializing raylib 6.0
INFO: Platform backend: DESKTOP (GLFW)
INFO: Supported raylib modules:
INFO:     > rcore:..... loaded (mandatory)
INFO:     > rlgl:...... loaded (mandatory)
INFO:     > rshapes:... loaded (optional)
INFO:     > rtextures:. loaded (optional)
INFO:     > rtext:..... loaded (optional)
INFO:     > rmodels:... loaded (optional)
INFO:     > raudio:.... loaded (optional)
INFO: DISPLAY: Trying to enable MSAA x4
INFO: DISPLAY: Device initialized successfully 
INFO:     > Display size: 1280 x 800
INFO:     > Screen size:  1280 x 800
INFO:     > Render size:  1280 x 800
INFO:     > Viewport offsets: 0, 0
INFO: GLAD: OpenGL extensions loaded successfully
INFO: GL: Supported extensions count: 229
INFO: GL: OpenGL device information:
INFO:     > Vendor:   Mesa
INFO:     > Renderer: llvmpipe (LLVM 20.1.2, 256 bits)
INFO:     > Version:  4.5 (Core Profile) Mesa 25.2.8-0ubuntu0.24.04.2
INFO:     > GLSL:     4.50
INFO: GL: VAO extension detected, VAO functions loaded successfully
INFO: GL: NPOT textures extension detected, full NPOT textures supported
INFO: GL: DXT compressed textures supported
INFO: GL: ETC2/EAC compressed textures supported
INFO: PLATFORM: DESKTOP (GLFW - X11): Initialized successfully
INFO: TEXTURE: [ID 1] Texture loaded successfully (1x1 | R8G8B8A8 | 1 mipmaps)
INFO: TEXTURE: [ID 1] Default texture loaded successfully
INFO: SHADER: [ID 1] Vertex shader compiled successfully
INFO: SHADER: [ID 2] Fragment shader compiled successfully
INFO: SHADER: [ID 3] Program shader loaded successfully
INFO: SHADER: [ID 3] Default shader loaded successfully
INFO: RLGL: Render batch vertex buffers loaded successfully in RAM (CPU)
INFO: RLGL: Render batch vertex buffers loaded successfully in VRAM (GPU)
INFO: RLGL: Default OpenGL state initialized successfully
INFO: TEXTURE: [ID 2] Texture loaded successfully (128x128 | GRAY_ALPHA | 1 mipmaps)
INFO: FONT: Default font loaded successfully (224 glyphs)
INFO: SYSTEM: Working Directory: /home/user/wt/heat-pin
INFO: TIMER: Target time per frame: 0.000 milliseconds
FINALE-KIT: Syndicate
FINALE-KIT: Syndicate
FINALE-KIT: Legion
FINALE-KIT: Legion
FINALE-KIT: Wardens
match 5/20  (W:1 L:4 cap:0)  3.2s
FINALE-KIT: Wardens
FINALE-KIT: Wardens
WAVE: +2 (HOUND,BRUISER) [rich]
WAVE: +2 (HOUND,BRUISER) [rich]
WAVE: +2 (HUNTER,BRUISER) [rich]
FINALE-KIT: Wardens
WAVE: +2 (BRUISER,SCOUT) [rich]
WAVE: +2 (BRUISER,BRUISER) [rich]
WAVE: +2 (BERSERKER,STRIKER) [rich]
WAVE: +3 (MEDIC,SNIPER,MEDIC) [rich]
FINALE-KIT: Syndicate
FINALE-KIT: Syndicate
match 10/20  (W:2 L:8 cap:0)  4.7s
FINALE-KIT: Legion
FINALE-KIT: Legion
FINALE-KIT: Wardens
WAVE: +2 (SHIELD,SHIELD) [rich]
WAVE: +2 (SHIELD,SHIELD) [rich]
WAVE: +2 (DRONE,DRONE) [rich]
FINALE-KIT: Wardens
WAVE: +2 (SHIELD,SPOTTER) [rich]
WAVE: +2 (SPOTTER,DRONE) [rich]
WAVE: +2 (SPOTTER,SHIELD) [rich]
FINALE-KIT: Syndicate
WAVE: +3 (PIKEMAN,MEDIC,MORTAR) [rich]
WAVE: +2 (SNIPER,SCREENER) [rich]
match 15/20  (W:2 L:13 cap:0)  6.1s
FINALE-KIT: Syndicate
WAVE: +3 (SCREENER,MORTAR,PIKEMAN) [rich]
WAVE: +3 (SNIPER,SNIPER,SNIPER) [rich]
WAVE: +3 (SNIPER,SCREENER,MEDIC) [rich]
FINALE-KIT: Syndicate
WAVE: +2 (SCOUT,CUSTODIAN) [rich]
WAVE: +2 (SPOTTER,MEDIC) [rich]
WAVE: +2 (SAPPER,SHIELD) [rich]
FINALE-KIT: Syndicate
WAVE: +2 (BERSERKER,MEDIC) [rich]
WAVE: +2 (SHIELD,SHIELD) [rich]
WAVE: +2 (MORTAR,MORTAR) [rich]
FINALE-KIT: Wardens
FINALE-KIT: Wardens
match 20/20  (W:2 L:18 cap:0)  7.3s

══════════════════════ SIGHTLINE BALANCE REPORT ══════════════════════
runs=20  missions=58

RUN OUTCOMES (campaign):  win-rate   10%   avg missions cleared 2.9

POLICY GAP (optimal vs human-error; campaign runs only):
  greedy win-rate   10%  (n=10)
  sloppy win-rate   10%  (n=10)
  GAP    0 pts  (healthy slack)
  PAIRED (same-seed slots): pairs=10  concordant=8  discordant greedy-only-won=1 / sloppy-only-won=1  paired gap    0 pts
  PER-SLOT RECORDS (greedy | sloppy: outcome + missions cleared; margin = g−s):
    slot 120 @h6: L 5 | L 5   margin +0
    slot 121 @h6: L 2 | L 3   margin -1
    slot 122 @h6: W 6 | L 3   margin +3
    slot 123 @h6: L 1 | W 6   margin -5
    slot 124 @h6: L 2 | L 2   margin +0
    slot 125 @h6: L 1 | L 1   margin +0
    slot 126 @h6: L 2 | L 2   margin +0
    slot 127 @h6: L 4 | L 4   margin +0
    slot 128 @h6: L 3 | L 3   margin +0
    slot 129 @h6: L 1 | L 1   margin +0
  PAIRED MARGIN (missions cleared, all pairs): -0.30 ±0.62 SE  (n=10 pairs)
  by objective (greedy / sloppy / gap):
    Decapitate :   33% /   33% / gap    0
    Defend     :   50% /   80% / gap  -30
    Eliminate  :   91% /   91% / gap    0
    Escort     :   50% /   50% / gap    0
    Hack       :  100% /  100% / gap    0
    Rescue     :   67% /   50% / gap   17
    Sabotage   :   50% /   50% / gap    0

DECISION RICHNESS / SWING:
  meaningful-choices/turn 1.98   lead-swings/match 0.8   avg max-swing 54.6
  [shot-gate] acting-soldiers/turn 2.66   armed-soldiers/turn 0.91   armed-fraction 34%   turns-with-a-shot 45%   choices/ARMED-soldier-turn 2.18
  [choice-split] los-targets/ARMED 1.91   target-choices/ARMED 0.23   position-choices/ARMED 1.95

RUN COMPLETION BY HEAT (full-campaign clears):
  heat 6:   10% ±7  (n=20 runs, avg 2.9 missions)
  HEAT LEAK: pinned=yes  heat-raising picks=0  campaigns raised=0  missions off-rung=0/58
  STALEMATES: mission-cap 1  run-cap 0   [slot 122 s m4 Rescue mis rt=57]

INTEL ECONOMY BY HEAT (campaign runs; heat-bonus = the Heat.IntelBonus share of income):
  heat 6: earned  159.4/run   heat-bonus  68.4 (  43% of income)   spent  141.7   unspent   17.7

MISSION WIN-RATE BY HEAT:
  heat 6:   69%  (n=58, avg 5.9 turns)

MISSION WIN-RATE BY OBJECTIVE:
  Eliminate  :   91% ±6  (n=22, avg 3.6 turns)
  Defend     :   67% ±16  (n=9, avg 8.7 turns)
  Sabotage   :   50% ±18  (n=8, avg 4.9 turns)
  Rescue     :   57% ±19  (n=7, avg 10.4 turns)
  Decapitate :   33% ±19  (n=6, avg 5.5 turns)
  Escort     :   50% ±25  (n=4, avg 8.8 turns)
  Hack       :  100% ±0  (n=2, avg 3.0 turns)

MISSION WIN-RATE BY OBJECTIVE x NODE KIND (a capstone must never pool with a mid-run node):
  Eliminate  : Start: 100%(n=20)  Combat:   0%(n=2)
               depth: m1:100%(20) m2:0%(2)
  Defend     : Combat:  25%(n=4)  Elite: 100%(n=3)  Supply: 100%(n=2)
               depth: m2:75%(4) m3:100%(2) m4:100%(1) m5:0%(2)
  Sabotage   : Supply: 100%(n=4)  Elite:   0%(n=2)  Combat:   0%(n=2)
               depth: m2:100%(2) m3:0%(4) m4:100%(2)
  Rescue     : Elite:  75%(n=4)  Combat:  33%(n=3)
               depth: m3:50%(2) m4:60%(5)
  Decapitate : Boss:  50%(n=4)  Combat:   0%(n=2)
               depth: m4:0%(2) m6:50%(4)
  Escort     : Supply: 100%(n=2)  Combat:   0%(n=2)
               depth: m2:0%(2) m5:100%(2)
  Hack       : Combat: 100%(n=2)
               depth: m3:100%(2)

ENCOUNTER COMPLETION on MID-RUN nodes (Combat+Elite) — clear% is the share of the fight actually fought:
  objective     n   win%   turns   force    +rf  killed  clear%   prs  WONclear%
  Rescue         7   57%    10.4   10.29   0.00    1.71    16.7  0.00     26.2 (n=4)
  Defend         7   57%     8.6    6.14   5.00    1.86    16.7  0.00     18.6 (n=4)
  Sabotage       4    0%     7.0    8.00   0.00    2.50    31.3  0.00      0.0 (n=0)
  Hack           2  100%     3.0    9.00   0.00    0.50     5.6  0.00      5.6 (n=2)
  Eliminate      2    0%     7.5    6.00   0.00    3.00    50.0  1.50      0.0 (n=0)
  Decapitate     2    0%     6.0   10.00   0.00    1.00    10.0  0.50      0.0 (n=0)
  Escort         2    0%    11.5    6.00   0.00    2.50    41.7  0.00      0.0 (n=0)
  ---- the two classes ----
  KILL           4    0%     6.8    8.00   0.00    2.00    25.0  1.00      0.0 (n=0)
  NON-KILL      22   45%     8.6    8.05   1.59    1.86    19.3  0.00     19.4 (n=10)

DECAPITATE HVT (buff = +6+1*mission HP, +6 aim; ELITE exempt):
  EXEMPT  :   50% ±25  (n=4, avg 5.3 turns, HVT 22.0 max HP)  [m6:50%(4)]
  BUFFED  :    0% ±0  (n=2, avg 6.0 turns, HVT 27.0 max HP)  [m4:0%(2)]

MISSION WIN-RATE BY MISSION #:
  m1:  100% ±0  (n=20)
  m2:   50% ±16  (n=10)
  m3:   50% ±16  (n=10)
  m4:   60% ±15  (n=10)
  m5:   50% ±25  (n=4)
  m6:   50% ±25  (n=4)

LOSS CAUSES (missions):
  RUN OVER              : 13
  CAPTIVE LOST          : 2
  VIP LOST              : 2
  STALEMATE-MISSION     : 1

MISSION WIN-RATE BY ARENA (authored layouts, n>=3; procedural fallback   17% of 58 missions):
  arena  4:   50% ±25  (n=4, avg 4.3 turns)  [m2:100%(2) m4:0%(2)]
  arena 13:   80% ±18  (n=5, avg 3.0 turns)  [m1:100%(2) m2:0%(1) m4:100%(2)]
  arena 14:   50% ±25  (n=4, avg 5.3 turns)  [m1:100%(2) m3:0%(2)]
  arena 15:  100% ±0  (n=3, avg 6.3 turns)  [m1:100%(2) m2:100%(1)]
  arena 18:   67% ±27  (n=3, avg 3.0 turns)  [m1:100%(2) m4:0%(1)]
  arena 21:  100% ±0  (n=4, avg 2.3 turns)  [m1:100%(4)]
  arena 28:   75% ±22  (n=4, avg 15.8 turns)  [m1:100%(2) m4:50%(2)]
  arena 32:   33% ±27  (n=3, avg 7.7 turns)  [m3:100%(1) m6:0%(2)]
  procedural:   80% ±13  (n=10, avg 6.2 turns)  [m1:100%(4) m2:0%(2) m3:100%(3) m6:100%(1)]

DEPLOYMENT GEOMETRY (opening shape; choices/ARMED is the wave's real gate):
  FRONTAL   :   73% ±9  (n=22, avg 7.5 turns)  choices/turn 0.99  choices/ARMED 1.72  los-targets/ARMED 1.97
  PINCER    :   62% ±10  (n=26, avg 4.9 turns)  choices/turn 3.23  choices/ARMED 2.46  los-targets/ARMED 1.84
  CROSSFIRE :   33% ±27  (n=3, avg 7.0 turns)  choices/turn 1.37  choices/ARMED 1.18  los-targets/ARMED 2.18
  ENVELOP   :  100% ±0  (n=7, avg 4.3 turns)  choices/turn 2.57  choices/ARMED 3.00  los-targets/ARMED 1.92

ARENA FUNNEL (Mission.Build exits, n=68 builds, all modes):
  authored-applied    :  85.3%  (n=58)
  connectivity-reject :   0.0%  (n=0)
  procedural-roll     :  14.7%  (n=10)

DECK EXPOSURE (campaign runs n=20):
  distinct authored arenas/run : 2.40 mean (all runs)
  ... full-depth runs only     : 3.00 mean over 4.0 fights/run (n=2)
  Defend dealt on the route    :   40% of runs (n=8)

ENEMY DECISION MIX (contested acts=1318; all-downed acts not counted=319):
  hunker          641    49%
  shoot           503    38%
  move             67     5%
  grenade          37     3%
  siege            30     2%
  heal             12     1%
  reload           12     1%
  brace             9     1%
  sap               4     0%
  item              2     0%
  overwatch         1     0%

  the shot on the table (acts where the chosen tile HAD a shot = 557):
    hit% band     taken   share   E[dmg]/shot   declined   share   E[dmg]/shot
      0-19           1      0%          1.40          2     50%          0.46
     20-39           5      1%          1.18          2     50%          0.91
     40-59          51     10%          2.02          0      0%          0.00
     60-79         203     40%          2.84          0      0%          0.00
      80+          243     48%          4.39          0      0%          0.00
    TOTAL           503                              4
  taken   90% / DECLINED    1% / preempted by another verb    9%
  enemy lanes held (overwatch+brace) 10; reaction shots fired 3  ->   30% of lanes paid off   [C2: DeclineWatchRatio is a bet on this number]

ACTION MIX (verbs issued, by policy):
  verb                  greedy        sloppy
  MOVE               371   43%     356   37%
  SHOOT              232   27%     207   21%
  HUNKER              41    5%     113   12%
  OVERWATCH           23    3%      51    5%
  BRACE               17    2%      46    5%
  INTEL               27    3%      33    3%
  FOCUS               30    3%      28    3%
  STABILIZE           25    3%      27    3%
  SLIPSTREAM          17    2%      30    3%
  RELOAD              15    2%      15    2%
  PLANT               14    2%      13    1%
  MARK                10    1%      12    1%
  ITEM:SMOKE           6    1%      12    1%
  DRAG                 4    0%       7    1%
  REARM                6    1%       4    0%
  PATCH                4    0%       5    1%
  PIN                  5    1%       4    0%
  GRENADE              3    0%       5    1%
  BARREL               3    0%       2    0%
  HACK                 2    0%       2    0%
  GRAPPLE              2    0%       1    0%
  BEACON               1    0%       0    0%
  ITEM:INCENDIARY       0    0%       1    0%

PLAYER CLASS PERFORMANCE:
  class        shots   hit%   dmg   kills
  SHARPSHOOTER    105    92%    693     35
  GUNNER         123    85%    587     42
  ASSAULT        105    87%    500     30
  RANGER          63    95%    409     35
  CORPSMAN        17    65%     42      3

SOLDIER DEATHS BY ENEMY CLASS (threat ranking):
  STRIKE     : 17
  SNIPER     : 11
  GRUNT      : 10
  BRUISER    : 9
  ELITE      : 8
  SAPPER     : 6
  HUNTER     : 4
  BURN       : 4
  HOUND      : 3
  SHIELD     : 3
  BERSERKER  : 3
  DRONE      : 2
  CUSTODIAN  : 2
  TURRET     : 2
  SCOUT      : 2
  PIKEMAN    : 2
  SPOTTER    : 1
  SCREENER   : 1
  SLAM       : 1

SOLDIER DOWNS (FUL-7 bleed-out): 167 downs -> revived 6 / recovered 26 / bled out 97 / finished 32  (save-rate   23%)
  corpsman fielded in 19 missions

ENEMY COMPOSITION (spawns; faction-stamped fights n=365 / default-cascade fights n=151):
  class        faction         default
  GRUNT           32    9%       51   34%
  SCOUT           10    3%       35   23%
  SNIPER          37   10%        0    0%
  TURRET          32    9%        0    0%
  SHIELD          18    5%       13    9%
  BRUISER         29    8%        0    0%
  DRONE           14    4%       13    9%
  ELITE           21    6%        4    3%
  HUNTER          21    6%        2    1%
  BERSERKER       22    6%        1    1%
  MORTAR          16    4%        7    5%
  SCREENER        18    5%        0    0%
  SAPPER          16    4%        1    1%
  MEDIC           13    4%        4    3%
  PIKEMAN         16    4%        0    0%
  CUSTODIAN       10    3%        5    3%
  SPOTTER         12    3%        1    1%
  HOUND            9    2%        3    2%
  STRIKER          5    1%        7    5%
  BOMBARD          6    2%        1    1%
  LANCER           3    1%        3    2%
  WARBRINGER       5    1%        0    0%

PERK PICK FREQUENCY:
  MOM           : 15
  LCK           : 12
  RFX           : 9
  OUT           : 9
  SKR           : 8
  HRD           : 7
  GUN           : 6
  CQB           : 6
  CLH           : 5
  TNK           : 4
  FST           : 4
  VNT           : 4
  GRD           : 4
  SGE           : 4
  BRK           : 3
  MRK           : 3
  PLT           : 2
  BND           : 2
  EXC           : 1

SHOP PURCHASE FREQUENCY:
  FIELD MEDKIT      : 43
  WPN: HOLLOW POINT : 41
  WPN: SCOPE        : 36
  BALLISTIC PLATING : 25
  WPN: EXTENDED MAG : 20
  WPN: STABILIZER   : 18
  WPN: BIPOD        : 16
  COUNTER-PREP      : 14
  WPN: SUPPRESSOR   : 13
  COMBAT STIMS      : 12
  ADV. TRAINING     : 11
  ARMORY            : 10
  FRAG CACHE        : 7

BOON PICK FREQUENCY (PROCS = effect fires at instrumented sites; '-' = not instrumented;
                      PYR counts the +2-turn-burn half only — the Burning-immunity half is uninstrumented):
  code                 picks   PROCS
  FDR               :     6       3
  MRK               :     5       -
  FVR               :     4       -
  ADR               :     3       -
  FRT               :     3       -
  GHO               :     3       -
  SCV               :     3       -
  SHK               :     3       0
  EXE               :     2       -
  PYR               :     2       0
  VNM               :     2       -
  GRN               :     1       -
  RCL               :     1       0

RUN WIN-RATE BY BOON (campaign runs holding it):
  FDR               :   17% ±15  (in 6 runs)
  MRK               :   20% ±18  (in 5 runs)
  FVR               :   25% ±22  (in 4 runs)
  ADR               :    0% ±0  (in 3 runs)
  FRT               :   33% ±27  (in 3 runs)
  GHO               :   33% ±27  (in 3 runs)
  SCV               :    0% ±0  (in 3 runs)
  SHK               :   33% ±27  (in 3 runs)
  EXE               :    0% ±0  (in 2 runs)
  PYR               :    0% ±0  (in 2 runs)
  VNM               :    0% ±0  (in 2 runs)
  GRN               :    0% ±0  (in 1 runs)
  RCL               :    0% ±0  (in 1 runs)

RUN WIN-RATE BY SPEC (campaign runs fielding it):
  ADN               :   33% ±27  (in 3 runs)
  HHT               :    0% ±0  (in 3 runs)
  PHN               :   50% ±35  (in 2 runs)
  ANC               :    0% ±0  (in 1 runs)
  BRC               :    0% ±0  (in 1 runs)
  PTH               :    0% ±0  (in 1 runs)

RUN WIN-RATE BY PERK (campaign runs holding it):
  MOM               :    9% ±9  (in 11 runs)
  LCK               :   20% ±13  (in 10 runs)
  OUT               :   13% ±12  (in 8 runs)
  RFX               :   13% ±12  (in 8 runs)
  HRD               :    0% ±0  (in 7 runs)
  CQB               :   17% ±15  (in 6 runs)
  GUN               :   17% ±15  (in 6 runs)
  CLH               :    0% ±0  (in 5 runs)
  SKR               :   20% ±18  (in 5 runs)
  FST               :   25% ±22  (in 4 runs)
  GRD               :   25% ±22  (in 4 runs)
  SGE               :   25% ±22  (in 4 runs)
  TNK               :   25% ±22  (in 4 runs)
  VNT               :    0% ±0  (in 4 runs)
  BRK               :    0% ±0  (in 3 runs)
  MRK               :    0% ±0  (in 3 runs)
  BND               :    0% ±0  (in 2 runs)
  PLT               :   50% ±35  (in 2 runs)
  EXC               :    0% ±0  (in 1 runs)

RUN WIN-RATE BY PURCHASE (campaign runs buying it):
  FIELD MEDKIT      :   11% ±7  (in 18 runs)
  COUNTER-PREP      :   17% ±11  (in 12 runs)
  WPN: HOLLOW POINT :   17% ±11  (in 12 runs)
  WPN: SCOPE        :   18% ±12  (in 11 runs)
  ARMORY            :   22% ±14  (in 9 runs)
  WPN: EXTENDED MAG :   11% ±10  (in 9 runs)
  BALLISTIC PLATING :   25% ±15  (in 8 runs)
  WPN: STABILIZER   :   13% ±12  (in 8 runs)
  ADV. TRAINING     :   29% ±17  (in 7 runs)
  COMBAT STIMS      :    0% ±0  (in 7 runs)
  WPN: BIPOD        :    0% ±0  (in 6 runs)
  WPN: SUPPRESSOR   :   17% ±15  (in 6 runs)
  FRAG CACHE        :   25% ±22  (in 4 runs)

RUN WIN-RATE BY EVENT-CHOICE (campaign runs taking id:arm):
  blackmarket:2     :   25% ±22  (in 4 runs)
  cache:1           :   33% ±27  (in 3 runs)
  fieldhospital:2   :    0% ±0  (in 2 runs)
  informant:2       :    0% ±0  (in 2 runs)
  medic:1           :    0% ±0  (in 2 runs)
  warchest:1        :    0% ±0  (in 2 runs)
  drill:1           :  100% ±0  (in 1 runs)
  relic:1           :  100% ±0  (in 1 runs)
═══════════════════════════════════════════════════════════════════════

batch wall-time: 7.3s  (20 matches across 10 campaigns × 2 policy, frame-cap hits: 0)
aggregate JSON -> /home/user/wt/heat-pin/docs/measurements/l5/L5fac-m3a1b0-h6-b120.json
INFO: TEXTURE: [ID 2] Unloaded texture data from VRAM (GPU)
INFO: SHADER: [ID 3] Default shader unloaded successfully
INFO: TEXTURE: [ID 1] Default texture unloaded successfully
INFO: Window closed successfully
