BALANCE: heat PINNED for this batch (field-event AddHeat is a no-op; SIGHTLINE_HEATPIN=0 restores the leak)
INFO: Initializing raylib 6.0
INFO: Platform backend: DESKTOP (GLFW)
INFO: Supported raylib modules:
INFO:     > rcore:..... loaded (mandatory)
INFO:     > rlgl:...... loaded (mandatory)
INFO:     > rshapes:... loaded (optional)
INFO:     > rtextures:. loaded (optional)
INFO:     > rtext:..... loaded (optional)
INFO:     > rmodels:... loaded (optional)
INFO:     > raudio:.... loaded (optional)
INFO: DISPLAY: Trying to enable MSAA x4
INFO: DISPLAY: Device initialized successfully 
INFO:     > Display size: 1280 x 800
INFO:     > Screen size:  1280 x 800
INFO:     > Render size:  1280 x 800
INFO:     > Viewport offsets: 0, 0
INFO: GLAD: OpenGL extensions loaded successfully
INFO: GL: Supported extensions count: 229
INFO: GL: OpenGL device information:
INFO:     > Vendor:   Mesa
INFO:     > Renderer: llvmpipe (LLVM 20.1.2, 256 bits)
INFO:     > Version:  4.5 (Core Profile) Mesa 25.2.8-0ubuntu0.24.04.2
INFO:     > GLSL:     4.50
INFO: GL: VAO extension detected, VAO functions loaded successfully
INFO: GL: NPOT textures extension detected, full NPOT textures supported
INFO: GL: DXT compressed textures supported
INFO: GL: ETC2/EAC compressed textures supported
INFO: PLATFORM: DESKTOP (GLFW - X11): Initialized successfully
INFO: TEXTURE: [ID 1] Texture loaded successfully (1x1 | R8G8B8A8 | 1 mipmaps)
INFO: TEXTURE: [ID 1] Default texture loaded successfully
INFO: SHADER: [ID 1] Vertex shader compiled successfully
INFO: SHADER: [ID 2] Fragment shader compiled successfully
INFO: SHADER: [ID 3] Program shader loaded successfully
INFO: SHADER: [ID 3] Default shader loaded successfully
INFO: RLGL: Render batch vertex buffers loaded successfully in RAM (CPU)
INFO: RLGL: Render batch vertex buffers loaded successfully in VRAM (GPU)
INFO: RLGL: Default OpenGL state initialized successfully
INFO: TEXTURE: [ID 2] Texture loaded successfully (128x128 | GRAY_ALPHA | 1 mipmaps)
INFO: FONT: Default font loaded successfully (224 glyphs)
INFO: SYSTEM: Working Directory: /home/user/wt/heat-pin
INFO: TIMER: Target time per frame: 0.000 milliseconds
FINALE-KIT: Wardens
FINALE-KIT: Wardens
WAVE: +3 (STRIKER,BERSERKER,BRUISER) [rich]
WAVE: +2 (BRUISER,BERSERKER) [rich]
FINALE-KIT: Syndicate
WAVE: +2 (PIKEMAN,GRUNT) [rich]
WAVE: +2 (MEDIC,GRUNT) [rich]
WAVE: +2 (SNIPER,SNIPER) [rich]
FINALE-KIT: Syndicate
WAVE: +2 (SNIPER,GRUNT) [rich]
WAVE: +2 (GRUNT,SNIPER) [rich]
WAVE: +1 (MEDIC) [rich]
REINFORCEMENTS: +2 (GRUNT,SCOUT)
REINFORCEMENTS: +2 (GRUNT,GRUNT)
FINALE-KIT: Syndicate
WAVE: +2 (HOUND,HUNTER) [rich]
WAVE: +2 (HOUND,BERSERKER) [rich]
WAVE: +1 (HOUND) [rich]
REINFORCEMENTS: +2 (GRUNT,SCOUT)
REINFORCEMENTS: +2 (GRUNT,GRUNT)
REINFORCEMENTS: +2 (SCOUT,SCOUT)
match 5/20  (W:3 L:2 cap:0)  4.6s
FINALE-KIT: Syndicate
WAVE: +2 (HUNTER,BERSERKER) [rich]
WAVE: +2 (HUNTER,BRUISER) [rich]
WAVE: +1 (SCOUT) [rich]
FINALE-KIT: Legion
FINALE-KIT: Legion
REINFORCEMENTS: +2 (GRUNT,GRUNT)
FINALE-KIT: Legion
FINALE-KIT: Legion
REINFORCEMENTS: +2 (GRUNT,SCOUT)
match 10/20  (W:3 L:7 cap:0)  6.3s
FINALE-KIT: Syndicate
FINALE-KIT: Syndicate
FINALE-KIT: Legion
FINALE-KIT: Legion
FINALE-KIT: Legion
match 15/20  (W:3 L:12 cap:0)  7.1s
FINALE-KIT: Legion
FINALE-KIT: Syndicate
FINALE-KIT: Syndicate
FINALE-KIT: Wardens
WAVE: +3 (HUNTER,HUNTER,BERSERKER) [rich]
WAVE: +2 (BERSERKER,BRUISER) [rich]
FINALE-KIT: Wardens
WAVE: +3 (BRUISER,HUNTER,BERSERKER) [rich]
WAVE: +2 (BRUISER,HUNTER) [rich]
match 20/20  (W:4 L:16 cap:0)  8.3s

══════════════════════ SIGHTLINE BALANCE REPORT ══════════════════════
runs=20  missions=64

RUN OUTCOMES (campaign):  win-rate   20%   avg missions cleared 3.1

POLICY GAP (optimal vs human-error; campaign runs only):
  greedy win-rate   20%  (n=10)
  sloppy win-rate   20%  (n=10)
  GAP    0 pts  (healthy slack)
  PAIRED (same-seed slots): pairs=10  concordant=8  discordant greedy-only-won=1 / sloppy-only-won=1  paired gap    0 pts
  PER-SLOT RECORDS (greedy | sloppy: outcome + missions cleared; margin = g−s):
    slot  80 @h6: L 2 | W 6   margin -4
    slot  81 @h6: W 6 | W 6   margin +0
    slot  82 @h6: L 3 | L 3   margin +0
    slot  83 @h6: L 0 | L 5   margin -5
    slot  84 @h6: L 3 | L 5   margin -2
    slot  85 @h6: L 0 | L 0   margin +0
    slot  86 @h6: L 1 | L 4   margin -3
    slot  87 @h6: L 1 | L 1   margin +0
    slot  88 @h6: W 6 | L 2   margin +4
    slot  89 @h6: L 4 | L 4   margin +0
  PAIRED MARGIN (missions cleared, all pairs): -1.00 ±0.82 SE  (n=10 pairs)
  by objective (greedy / sloppy / gap):
    Decapitate :   63% /   40% / gap   23
    Defend     :  100% /  100% / gap    0
    Eliminate  :   80% /   90% / gap  -10
    Escort     :  100% /  100% / gap    0
    Evac       :  100% /  100% / gap    0
    Hack       :  100% /  100% / gap    0
    Rescue     :   40% /   83% / gap  -43

DECISION RICHNESS / SWING:
  meaningful-choices/turn 2.26   lead-swings/match 0.7   avg max-swing 61.2
  [shot-gate] acting-soldiers/turn 2.98   armed-soldiers/turn 1.03   armed-fraction 35%   turns-with-a-shot 51%   choices/ARMED-soldier-turn 2.19
  [choice-split] los-targets/ARMED 2.10   target-choices/ARMED 0.23   position-choices/ARMED 1.96

RUN COMPLETION BY HEAT (full-campaign clears):
  heat 6:   20% ±9  (n=20 runs, avg 3.1 missions)
  HEAT LEAK: pinned=yes  heat-raising picks=0  campaigns raised=0  missions off-rung=0/64

INTEL ECONOMY BY HEAT (campaign runs; heat-bonus = the Heat.IntelBonus share of income):
  heat 6: earned  178.3/run   heat-bonus  79.2 (  44% of income)   spent  164.3   unspent   14.1

MISSION WIN-RATE BY HEAT:
  heat 6:   75%  (n=64, avg 5.3 turns)

MISSION WIN-RATE BY OBJECTIVE:
  Eliminate  :   85% ±8  (n=20, avg 4.9 turns)
  Decapitate :   50% ±12  (n=18, avg 5.1 turns)
  Rescue     :   64% ±15  (n=11, avg 4.5 turns)
  Defend     :  100% ±0  (n=7, avg 9.0 turns)
  Evac       :  100% ±0  (n=4, avg 4.8 turns)
  Escort     :  100% ±0  (n=2, avg 5.5 turns)
  Hack       :  100% ±0  (n=2, avg 3.5 turns)

MISSION WIN-RATE BY OBJECTIVE x NODE KIND (a capstone must never pool with a mid-run node):
  Eliminate  : Start:  85%(n=20)
               depth: m1:85%(20)
  Decapitate : Boss:  67%(n=6)  Combat:  33%(n=6)  Elite:  25%(n=4)  Supply: 100%(n=2)
               depth: m2:0%(2) m3:75%(4) m4:50%(4) m5:0%(2) m6:67%(6)
  Rescue     : Supply:  75%(n=4)  Combat:  50%(n=4)  Elite:  67%(n=3)
               depth: m2:50%(2) m3:75%(4) m4:50%(2) m5:67%(3)
  Defend     : Combat: 100%(n=4)  Elite: 100%(n=3)
               depth: m3:100%(4) m4:100%(3)
  Evac       : Combat: 100%(n=3)  Supply: 100%(n=1)
               depth: m2:100%(2) m3:100%(2)
  Escort     : Supply: 100%(n=2)
               depth: m2:100%(2)
  Hack       : Supply: 100%(n=1)  Combat: 100%(n=1)
               depth: m4:100%(2)

ENCOUNTER COMPLETION on MID-RUN nodes (Combat+Elite) — clear% is the share of the fight actually fought:
  objective     n   win%   turns   force    +rf  killed  clear%   prs  WONclear%
  Decapitate    10   30%     5.1   10.00   0.00    1.20    12.0  0.50     25.8 (n=3)
  Defend         7  100%     9.0    8.14   5.14    1.86    14.0  0.00     14.0 (n=7)
  Rescue         7   57%     4.7    9.86   0.00    3.57    36.2  0.00     37.5 (n=4)
  Evac           3  100%     3.7    7.00   0.00    0.00     0.0  0.00      0.0 (n=3)
  Hack           1  100%     3.0   10.00   0.00    1.00    10.0  0.00     10.0 (n=1)
  ---- the two classes ----
  KILL          10   30%     5.1   10.00   0.00    1.20    12.0  0.50     25.8 (n=3)
  NON-KILL      18   83%     6.1    8.72   2.00    2.17    20.2  0.00     17.7 (n=15)

DECAPITATE HVT (buff = +6+1*mission HP, +6 aim; ELITE exempt):
  EXEMPT  :   58% ±14  (n=12, avg 4.9 turns, HVT 23.2 max HP)  [m3:75%(4) m5:0%(2) m6:67%(6)]
  BUFFED  :   33% ±19  (n=6, avg 5.3 turns, HVT 24.0 max HP)  [m2:0%(2) m4:50%(4)]

MISSION WIN-RATE BY MISSION #:
  m1:   85% ±8  (n=20)
  m2:   63% ±17  (n=8)
  m3:   86% ±9  (n=14)
  m4:   73% ±13  (n=11)
  m5:   40% ±22  (n=5)
  m6:   67% ±19  (n=6)

LOSS CAUSES (missions):
  RUN OVER              : 12
  CAPTIVE LOST          : 4

MISSION WIN-RATE BY ARENA (authored layouts, n>=3; procedural fallback   23% of 64 missions):
  arena  1:  100% ±0  (n=6, avg 2.3 turns)  [m1:100%(6)]
  arena 15:   50% ±25  (n=4, avg 5.5 turns)  [m2:100%(2) m4:0%(2)]
  arena 18:   33% ±27  (n=3, avg 4.3 turns)  [m3:100%(1) m5:0%(2)]
  arena 19:   67% ±27  (n=3, avg 4.0 turns)  [m2:0%(1) m3:100%(2)]
  arena 28:   57% ±19  (n=7, avg 8.7 turns)  [m1:50%(4) m3:50%(2) m6:100%(1)]
  arena 32:   67% ±27  (n=3, avg 4.7 turns)  [m1:100%(2) m6:0%(1)]
  arena 33:  100% ±0  (n=4, avg 4.0 turns)  [m4:100%(2) m5:100%(1) m6:100%(1)]
  procedural:   73% ±11  (n=15, avg 6.3 turns)  [m1:75%(4) m2:33%(3) m3:100%(4) m4:67%(3) m6:100%(1)]

DEPLOYMENT GEOMETRY (opening shape; choices/ARMED is the wave's real gate):
  FRONTAL   :   69% ±9  (n=26, avg 5.0 turns)  choices/turn 2.58  choices/ARMED 2.33  los-targets/ARMED 2.36
  PINCER    :   82% ±9  (n=17, avg 4.8 turns)  choices/turn 2.32  choices/ARMED 1.77  los-targets/ARMED 1.68
  CROSSFIRE :   86% ±13  (n=7, avg 7.4 turns)  choices/turn 1.30  choices/ARMED 2.10  los-targets/ARMED 2.45
  ENVELOP   :   71% ±12  (n=14, avg 5.4 turns)  choices/turn 2.25  choices/ARMED 2.58  los-targets/ARMED 2.08

ARENA FUNNEL (Mission.Build exits, n=73 builds, all modes):
  authored-applied    :  78.1%  (n=57)
  connectivity-reject :   0.0%  (n=0)
  procedural-roll     :  21.9%  (n=16)

DECK EXPOSURE (campaign runs n=20):
  distinct authored arenas/run : 2.45 mean (all runs)
  ... full-depth runs only     : 3.50 mean over 4.5 fights/run (n=4)
  Defend dealt on the route    :   35% of runs (n=7)

ENEMY DECISION MIX (contested acts=1070; all-downed acts not counted=340):
  shoot           656    61%
  hunker          252    24%
  move             64     6%
  grenade          28     3%
  reload           24     2%
  heal             16     1%
  item             14     1%
  siege             7     1%
  brace             5     0%
  sap               3     0%
  shove             1     0%

  the shot on the table (acts where the chosen tile HAD a shot = 711):
    hit% band     taken   share   E[dmg]/shot   declined   share   E[dmg]/shot
      0-19           4      1%          0.85          0      0%          0.00
     20-39          27      4%          0.87          0      0%          0.00
     40-59         123     19%          1.43          0      0%          0.00
     60-79         254     39%          2.28          0      0%          0.00
      80+          248     38%          3.50          0      0%          0.00
    TOTAL           656                              0
  taken   92% / DECLINED    0% / preempted by another verb    8%
  enemy lanes held (overwatch+brace) 5; reaction shots fired 2  ->   40% of lanes paid off   [C2: DeclineWatchRatio is a bet on this number]

ACTION MIX (verbs issued, by policy):
  verb                  greedy        sloppy
  MOVE               383   47%     566   49%
  SHOOT              201   24%     259   22%
  OVERWATCH           43    5%      54    5%
  BRACE               27    3%      57    5%
  INTEL               26    3%      34    3%
  HUNKER              25    3%      34    3%
  STABILIZE           24    3%      30    3%
  SLIPSTREAM          21    3%      27    2%
  RELOAD              10    1%      19    2%
  ITEM:SMOKE           8    1%      11    1%
  FOCUS               11    1%       6    1%
  PIN                 10    1%       6    1%
  DRAG                 6    1%       9    1%
  MARK                 4    0%      10    1%
  BEACON               3    0%       8    1%
  REARM                4    0%       5    0%
  GRAPPLE              6    1%       1    0%
  GRENADE              1    0%       6    1%
  BARREL               3    0%       2    0%
  PATCH                2    0%       3    0%
  HACK                 2    0%       3    0%
  EXTRACT              0    0%       2    0%
  ITEM:BARRICADE       1    0%       0    0%

PLAYER CLASS PERFORMANCE:
  class        shots   hit%   dmg   kills
  SHARPSHOOTER    110    93%    752     40
  GUNNER         158    82%    672     46
  ASSAULT        131    86%    610     37
  RANGER          54    91%    345     23
  CORPSMAN        25    84%     76      2

SOLDIER DEATHS BY ENEMY CLASS (threat ranking):
  BURN       : 16
  GRUNT      : 10
  SAPPER     : 8
  SHIELD     : 7
  ELITE      : 6
  LANCER     : 5
  SNIPER     : 5
  DRONE      : 5
  SCOUT      : 5
  BERSERKER  : 4
  MEDIC      : 4
  STRIKE     : 4
  STRIKER    : 3
  HUNTER     : 3
  SCREENER   : 2
  TURRET     : 2
  BARREL     : 1

SOLDIER DOWNS (FUL-7 bleed-out): 170 downs -> revived 1 / recovered 40 / bled out 109 / finished 18  (save-rate   25%)
  corpsman fielded in 16 missions

ENEMY COMPOSITION (spawns; faction-stamped fights n=433 / default-cascade fights n=172):
  class        faction         default
  GRUNT           32    7%       36   21%
  SCOUT           17    4%       44   26%
  DRONE           51   12%        5    3%
  BERSERKER       41    9%        2    1%
  TURRET          29    7%        8    5%
  HUNTER          25    6%        9    5%
  ELITE           22    5%        8    5%
  SHIELD          29    7%        0    0%
  SCREENER        27    6%        2    1%
  SPOTTER         20    5%        7    4%
  BRUISER         26    6%        0    0%
  SAPPER          26    6%        0    0%
  MEDIC           17    4%        7    4%
  LANCER           6    1%       18   10%
  STRIKER         14    3%        9    5%
  SNIPER          17    4%        4    2%
  CUSTODIAN       12    3%        0    0%
  HOUND            7    2%        3    2%
  MORTAR           2    0%        8    5%
  PIKEMAN          6    1%        2    1%
  WARBRINGER       4    1%        0    0%
  BOMBARD          3    1%        0    0%

PERK PICK FREQUENCY:
  CQB           : 10
  LCK           : 10
  OUT           : 9
  HRD           : 9
  GRD           : 8
  PLT           : 8
  GUN           : 8
  RFX           : 8
  MOM           : 7
  MRK           : 7
  SGE           : 6
  BND           : 6
  CLH           : 6
  BRK           : 6
  SKR           : 6
  FST           : 4
  EXC           : 4
  VNT           : 3
  TNK           : 2

SHOP PURCHASE FREQUENCY:
  FIELD MEDKIT      : 59
  WPN: HOLLOW POINT : 49
  WPN: SCOPE        : 42
  WPN: STABILIZER   : 26
  BALLISTIC PLATING : 23
  FRAG CACHE        : 22
  COUNTER-PREP      : 17
  ADV. TRAINING     : 15
  WPN: BIPOD        : 14
  COMBAT STIMS      : 12
  WPN: SUPPRESSOR   : 11
  WPN: EXTENDED MAG : 11
  ARMORY            : 9

BOON PICK FREQUENCY (PROCS = effect fires at instrumented sites; '-' = not instrumented;
                      PYR counts the +2-turn-burn half only — the Burning-immunity half is uninstrumented):
  code                 picks   PROCS
  SHK               :     6       2
  ADR               :     5       -
  EXE               :     4       -
  TRR               :     4       7
  FDR               :     3       0
  FVR               :     3       -
  GHO               :     3       -
  GRN               :     3       -
  FST               :     2      31
  MRK               :     2       -
  PYR               :     2       1
  RCL               :     2       0
  SCV               :     2       -
  FRT               :     1       -
  RPD               :     1       -
  VNM               :     1       -

RUN WIN-RATE BY BOON (campaign runs holding it):
  SHK               :   50% ±20  (in 6 runs)
  ADR               :    0% ±0  (in 5 runs)
  EXE               :   75% ±22  (in 4 runs)
  TRR               :   25% ±22  (in 4 runs)
  FDR               :   67% ±27  (in 3 runs)
  FVR               :   33% ±27  (in 3 runs)
  GHO               :    0% ±0  (in 3 runs)
  GRN               :    0% ±0  (in 3 runs)
  FST               :   50% ±35  (in 2 runs)
  MRK               :    0% ±0  (in 2 runs)
  PYR               :    0% ±0  (in 2 runs)
  RCL               :    0% ±0  (in 2 runs)
  SCV               :  100% ±0  (in 2 runs)
  FRT               :  100% ±0  (in 1 runs)
  RPD               :    0% ±0  (in 1 runs)
  VNM               :    0% ±0  (in 1 runs)

RUN WIN-RATE BY SPEC (campaign runs fielding it):
  ADN               :   33% ±27  (in 3 runs)
  ANC               :   67% ±27  (in 3 runs)
  BRC               :   50% ±35  (in 2 runs)
  HHT               :   50% ±35  (in 2 runs)
  PTH               :    0% ±0  (in 2 runs)
  SNT               :   50% ±35  (in 2 runs)

RUN WIN-RATE BY PERK (campaign runs holding it):
  LCK               :   33% ±16  (in 9 runs)
  CQB               :   38% ±17  (in 8 runs)
  OUT               :   38% ±17  (in 8 runs)
  GRD               :   29% ±17  (in 7 runs)
  GUN               :   43% ±19  (in 7 runs)
  MOM               :   29% ±17  (in 7 runs)
  BND               :   17% ±15  (in 6 runs)
  RFX               :    0% ±0  (in 6 runs)
  BRK               :    0% ±0  (in 5 runs)
  HRD               :   60% ±22  (in 5 runs)
  PLT               :   20% ±18  (in 5 runs)
  SKR               :    0% ±0  (in 5 runs)
  CLH               :   50% ±25  (in 4 runs)
  FST               :    0% ±0  (in 4 runs)
  MRK               :   50% ±25  (in 4 runs)
  SGE               :   50% ±25  (in 4 runs)
  EXC               :   33% ±27  (in 3 runs)
  VNT               :    0% ±0  (in 3 runs)
  TNK               :  100% ±0  (in 2 runs)

RUN WIN-RATE BY PURCHASE (campaign runs buying it):
  FIELD MEDKIT      :   25% ±11  (in 16 runs)
  WPN: SCOPE        :   29% ±12  (in 14 runs)
  WPN: HOLLOW POINT :   33% ±14  (in 12 runs)
  ADV. TRAINING     :   27% ±13  (in 11 runs)
  COUNTER-PREP      :   27% ±13  (in 11 runs)
  FRAG CACHE        :   22% ±14  (in 9 runs)
  ARMORY            :   13% ±12  (in 8 runs)
  WPN: BIPOD        :   38% ±17  (in 8 runs)
  BALLISTIC PLATING :   33% ±19  (in 6 runs)
  WPN: SUPPRESSOR   :   50% ±20  (in 6 runs)
  COMBAT STIMS      :   40% ±22  (in 5 runs)
  WPN: STABILIZER   :    0% ±0  (in 5 runs)
  WPN: EXTENDED MAG :   33% ±27  (in 3 runs)

RUN WIN-RATE BY EVENT-CHOICE (campaign runs taking id:arm):
  drill:1           :   50% ±25  (in 4 runs)
  cache:2           :  100% ±0  (in 2 runs)
  fieldhospital:2   :   50% ±35  (in 2 runs)
  profiteer:0       :    0% ±0  (in 2 runs)
  distress:1        :    0% ±0  (in 1 runs)
  quartermaster:1   :    0% ±0  (in 1 runs)
  reservecall:0     :    0% ±0  (in 1 runs)
  warchest:0        :  100% ±0  (in 1 runs)
═══════════════════════════════════════════════════════════════════════

batch wall-time: 8.3s  (20 matches across 10 campaigns × 2 policy, frame-cap hits: 0)
aggregate JSON -> /home/user/wt/heat-pin/docs/measurements/l5/L5fac-m0a0b1-h6-b80.json
INFO: TEXTURE: [ID 2] Unloaded texture data from VRAM (GPU)
INFO: SHADER: [ID 3] Default shader unloaded successfully
INFO: TEXTURE: [ID 1] Default texture unloaded successfully
INFO: Window closed successfully
