BALANCE: heat PINNED for this batch (field-event AddHeat is a no-op; SIGHTLINE_HEATPIN=0 restores the leak)
INFO: Initializing raylib 6.0
INFO: Platform backend: DESKTOP (GLFW)
INFO: Supported raylib modules:
INFO:     > rcore:..... loaded (mandatory)
INFO:     > rlgl:...... loaded (mandatory)
INFO:     > rshapes:... loaded (optional)
INFO:     > rtextures:. loaded (optional)
INFO:     > rtext:..... loaded (optional)
INFO:     > rmodels:... loaded (optional)
INFO:     > raudio:.... loaded (optional)
INFO: DISPLAY: Trying to enable MSAA x4
INFO: DISPLAY: Device initialized successfully 
INFO:     > Display size: 1280 x 800
INFO:     > Screen size:  1280 x 800
INFO:     > Render size:  1280 x 800
INFO:     > Viewport offsets: 0, 0
INFO: GLAD: OpenGL extensions loaded successfully
INFO: GL: Supported extensions count: 229
INFO: GL: OpenGL device information:
INFO:     > Vendor:   Mesa
INFO:     > Renderer: llvmpipe (LLVM 20.1.2, 256 bits)
INFO:     > Version:  4.5 (Core Profile) Mesa 25.2.8-0ubuntu0.24.04.2
INFO:     > GLSL:     4.50
INFO: GL: VAO extension detected, VAO functions loaded successfully
INFO: GL: NPOT textures extension detected, full NPOT textures supported
INFO: GL: DXT compressed textures supported
INFO: GL: ETC2/EAC compressed textures supported
INFO: PLATFORM: DESKTOP (GLFW - X11): Initialized successfully
INFO: TEXTURE: [ID 1] Texture loaded successfully (1x1 | R8G8B8A8 | 1 mipmaps)
INFO: TEXTURE: [ID 1] Default texture loaded successfully
INFO: SHADER: [ID 1] Vertex shader compiled successfully
INFO: SHADER: [ID 2] Fragment shader compiled successfully
INFO: SHADER: [ID 3] Program shader loaded successfully
INFO: SHADER: [ID 3] Default shader loaded successfully
INFO: RLGL: Render batch vertex buffers loaded successfully in RAM (CPU)
INFO: RLGL: Render batch vertex buffers loaded successfully in VRAM (GPU)
INFO: RLGL: Default OpenGL state initialized successfully
INFO: TEXTURE: [ID 2] Texture loaded successfully (128x128 | GRAY_ALPHA | 1 mipmaps)
INFO: FONT: Default font loaded successfully (224 glyphs)
INFO: SYSTEM: Working Directory: /home/user/wt/heat-pin
INFO: TIMER: Target time per frame: 0.000 milliseconds
FINALE-KIT: Wardens
FINALE-KIT: Wardens
FINALE-KIT: Wardens
FINALE-KIT: Wardens
FINALE-KIT: Syndicate
match 5/20  (W:0 L:5 cap:0)  3.7s
FINALE-KIT: Syndicate
FINALE-KIT: Syndicate
WAVE: +2 (GRUNT,SPOTTER) [rich]
WAVE: +2 (SPOTTER,SHIELD) [rich]
WAVE: +2 (DRONE,SPOTTER) [rich]
REINFORCEMENTS: +2 (GRUNT,GRUNT)
FINALE-KIT: Syndicate
WAVE: +2 (SAPPER,GRUNT) [rich]
WAVE: +2 (GRUNT,DRONE) [rich]
WAVE: +2 (GRUNT,SPOTTER) [rich]
FINALE-KIT: Syndicate
WAVE: +3 (SHIELD,SPOTTER,GRUNT) [rich]
WAVE: +3 (DRONE,CUSTODIAN,DRONE) [rich]
WAVE: +3 (LANCER,SPOTTER,MEDIC) [rich]
REINFORCEMENTS: +2 (SCOUT,SCOUT)
FINALE-KIT: Syndicate
match 10/20  (W:0 L:10 cap:0)  5.8s
FINALE-KIT: Syndicate
REINFORCEMENTS: +2 (SCOUT,GRUNT)
FINALE-KIT: Syndicate
REINFORCEMENTS: +2 (GRUNT,GRUNT)
REINFORCEMENTS: +2 (GRUNT,GRUNT)
FINALE-KIT: Wardens
WAVE: +2 (SNIPER,SCREENER) [rich]
WAVE: +2 (PIKEMAN,PIKEMAN) [rich]
WAVE: +1 (PIKEMAN) [rich]
FINALE-KIT: Wardens
FINALE-KIT: Wardens
WAVE: +2 (SNIPER,SNIPER) [rich]
WAVE: +2 (MORTAR,MEDIC) [rich]
WAVE: +2 (SCOUT,SNIPER) [rich]
match 15/20  (W:0 L:15 cap:0)  6.9s
FINALE-KIT: Wardens
WAVE: +2 (SNIPER,SNIPER) [rich]
WAVE: +2 (MORTAR,MEDIC) [rich]
WAVE: +2 (SCOUT,SNIPER) [rich]
FINALE-KIT: Legion
WAVE: +2 (SAPPER,DRONE) [rich]
WAVE: +2 (SPOTTER,DRONE) [rich]
WAVE: +2 (DRONE,SHIELD) [rich]
FINALE-KIT: Legion
WAVE: +2 (SAPPER,DRONE) [rich]
WAVE: +2 (SHIELD,DRONE) [rich]
WAVE: +2 (DRONE,GRUNT) [rich]
FINALE-KIT: Wardens
REINFORCEMENTS: +2 (SCOUT,GRUNT)
FINALE-KIT: Wardens
match 20/20  (W:0 L:20 cap:0)  8.8s

══════════════════════ SIGHTLINE BALANCE REPORT ══════════════════════
runs=20  missions=67

RUN OUTCOMES (campaign):  win-rate    0%   avg missions cleared 3.2

POLICY GAP (optimal vs human-error; campaign runs only):
  greedy win-rate    0%  (n=10)
  sloppy win-rate    0%  (n=10)
  GAP    0 pts  (healthy slack)
  PAIRED (same-seed slots): pairs=10  concordant=10  discordant greedy-only-won=0 / sloppy-only-won=0  paired gap    0 pts
  PER-SLOT RECORDS (greedy | sloppy: outcome + missions cleared; margin = g−s):
    slot 110 @h6: L 3 | L 1   margin +2
    slot 111 @h6: L 2 | L 2   margin +0
    slot 112 @h6: L 5 | L 4   margin +1
    slot 113 @h6: L 5 | L 4   margin +1
    slot 114 @h6: L 5 | L 2   margin +3
    slot 115 @h6: L 2 | L 2   margin +0
    slot 116 @h6: L 3 | L 1   margin +2
    slot 117 @h6: L 2 | L 2   margin +0
    slot 118 @h6: L 5 | L 5   margin +0
    slot 119 @h6: L 5 | L 4   margin +1
  PAIRED MARGIN (missions cleared, all pairs): +1.00 ±0.33 SE  (n=10 pairs)
  by objective (greedy / sloppy / gap):
    Decapitate :   22% /   20% / gap    2
    Defend     :  100% /  100% / gap    0
    Eliminate  :   87% /   79% / gap    8
    Evac       :  100% /  100% / gap    0
    Rescue     :   88% /   50% / gap   38

DECISION RICHNESS / SWING:
  meaningful-choices/turn 2.10   lead-swings/match 0.9   avg max-swing 60.5
  [shot-gate] acting-soldiers/turn 3.01   armed-soldiers/turn 1.11   armed-fraction 37%   turns-with-a-shot 55%   choices/ARMED-soldier-turn 1.90
  [choice-split] los-targets/ARMED 2.14   target-choices/ARMED 0.24   position-choices/ARMED 1.66

RUN COMPLETION BY HEAT (full-campaign clears):
  heat 6:    0% ±0  (n=20 runs, avg 3.2 missions)
  HEAT LEAK: pinned=yes  heat-raising picks=3  campaigns raised=0  missions off-rung=0/67

INTEL ECONOMY BY HEAT (campaign runs; heat-bonus = the Heat.IntelBonus share of income):
  heat 6: earned  189.0/run   heat-bonus  84.6 (  45% of income)   spent  169.5   unspent   19.5

MISSION WIN-RATE BY HEAT:
  heat 6:   70%  (n=67, avg 5.5 turns)

MISSION WIN-RATE BY OBJECTIVE:
  Eliminate  :   83% ±7  (n=29, avg 4.9 turns)
  Rescue     :   71% ±12  (n=14, avg 4.4 turns)
  Decapitate :   21% ±11  (n=14, avg 5.9 turns)
  Defend     :  100% ±0  (n=8, avg 9.0 turns)
  Evac       :  100% ±0  (n=2, avg 5.5 turns)

MISSION WIN-RATE BY OBJECTIVE x NODE KIND (a capstone must never pool with a mid-run node):
  Eliminate  : Start: 100%(n=20)  Combat:  20%(n=5)  Elite:  50%(n=2)  Supply: 100%(n=2)
               depth: m1:100%(20) m2:50%(4) m3:0%(2) m4:67%(3)
  Rescue     : Combat:  73%(n=11)  Elite:  50%(n=2)  Supply: 100%(n=1)
               depth: m2:100%(4) m3:67%(3) m4:67%(3) m5:50%(4)
  Decapitate : Boss:   0%(n=6)  Combat:  50%(n=4)  Supply:  50%(n=2)  Elite:   0%(n=2)
               depth: m3:33%(6) m5:50%(2) m6:0%(6)
  Defend     : Combat: 100%(n=5)  Elite: 100%(n=2)  Supply: 100%(n=1)
               depth: m2:100%(4) m3:100%(3) m5:100%(1)
  Evac       : Supply: 100%(n=2)
               depth: m4:100%(2)

ENCOUNTER COMPLETION on MID-RUN nodes (Combat+Elite) — clear% is the share of the fight actually fought:
  objective     n   win%   turns   force    +rf  killed  clear%   prs  WONclear%
  Rescue        13   69%     4.5    8.92   0.00    2.46    27.6  0.00     25.3 (n=9)
  Eliminate      7   29%     9.7    8.00   0.00    4.86    60.7  2.43    100.0 (n=2)
  Defend         7  100%     9.0    5.29   5.86    1.86    16.7  0.00     16.7 (n=7)
  Decapitate     6   33%     5.8    9.67   0.67    1.33    12.9  1.00     22.2 (n=2)
  ---- the two classes ----
  KILL          13   31%     7.9    8.77   0.31    3.23    35.6  1.77     56.3 (n=4)
  NON-KILL      20   80%     6.1    7.65   2.05    2.25    23.2  0.00     20.9 (n=16)

DECAPITATE HVT (buff = +6+1*mission HP, +6 aim; ELITE exempt):
  EXEMPT  :   21% ±11  (n=14, avg 5.9 turns, HVT 23.1 max HP)  [m3:33%(6) m5:50%(2) m6:0%(6)]

MISSION WIN-RATE BY MISSION #:
  m1:  100% ±0  (n=20)
  m2:   83% ±11  (n=12)
  m3:   50% ±13  (n=14)
  m4:   75% ±15  (n=8)
  m5:   57% ±19  (n=7)
  m6:    0% ±0  (n=6)

LOSS CAUSES (missions):
  RUN OVER              : 16
  CAPTIVE LOST          : 4

MISSION WIN-RATE BY ARENA (authored layouts, n>=3; procedural fallback   21% of 67 missions):
  arena  3:   60% ±22  (n=5, avg 5.2 turns)  [m1:100%(2) m2:100%(1) m3:0%(2)]
  arena  5:  100% ±0  (n=3, avg 4.0 turns)  [m1:100%(2) m2:100%(1)]
  arena 10:  100% ±0  (n=3, avg 3.0 turns)  [m1:100%(2) m2:100%(1)]
  arena 15:   67% ±27  (n=3, avg 9.0 turns)  [m3:100%(1) m5:50%(2)]
  arena 25:   33% ±27  (n=3, avg 4.0 turns)  [m3:50%(2) m4:0%(1)]
  arena 28:   80% ±18  (n=5, avg 4.2 turns)  [m1:100%(4) m6:0%(1)]
  arena 32:  100% ±0  (n=7, avg 3.4 turns)  [m1:100%(2) m3:100%(3) m4:100%(2)]
  procedural:   71% ±12  (n=14, avg 7.8 turns)  [m1:100%(4) m2:67%(6) m3:0%(1) m4:50%(2) m5:100%(1)]

DEPLOYMENT GEOMETRY (opening shape; choices/ARMED is the wave's real gate):
  FRONTAL   :   58%  (n=31, avg 5.7 turns)  choices/turn 2.15  choices/ARMED 2.27  los-targets/ARMED 2.01
  PINCER    :   77% ±12  (n=13, avg 5.5 turns)  choices/turn 1.75  choices/ARMED 1.51  los-targets/ARMED 2.00
  CROSSFIRE :   88% ±12  (n=8, avg 7.9 turns)  choices/turn 1.52  choices/ARMED 1.63  los-targets/ARMED 2.37
  ENVELOP   :   80% ±10  (n=15, avg 3.9 turns)  choices/turn 3.02  choices/ARMED 1.75  los-targets/ARMED 2.34

ARENA FUNNEL (Mission.Build exits, n=82 builds, all modes):
  authored-applied    :  79.3%  (n=65)
  connectivity-reject :   0.0%  (n=0)
  procedural-roll     :  20.7%  (n=17)

DECK EXPOSURE (campaign runs n=20):
  distinct authored arenas/run : 2.65 mean (all runs)
  Defend dealt on the route    :   40% of runs (n=8)

ENEMY DECISION MIX (contested acts=1193; all-downed acts not counted=500):
  shoot           709    59%
  hunker          264    22%
  move             90     8%
  grenade          30     3%
  reload           27     2%
  siege            21     2%
  heal             19     2%
  item              9     1%
  shove             8     1%
  overwatch         7     1%
  sap               4     0%
  brace             3     0%
  staleplan         2     0%

  the shot on the table (acts where the chosen tile HAD a shot = 779):
    hit% band     taken   share   E[dmg]/shot   declined   share   E[dmg]/shot
      0-19           0      0%          0.00          3     33%          0.88
     20-39          14      2%          1.01          4     44%          1.15
     40-59          94     13%          2.05          2     22%          1.78
     60-79         244     34%          3.26          0      0%          0.00
      80+          357     50%          4.55          0      0%          0.00
    TOTAL           709                              9
  taken   91% / DECLINED    1% / preempted by another verb    8%
  enemy lanes held (overwatch+brace) 10; reaction shots fired 2  ->   20% of lanes paid off   [C2: DeclineWatchRatio is a bet on this number]

ACTION MIX (verbs issued, by policy):
  verb                  greedy        sloppy
  MOVE               518   41%     422   43%
  SHOOT              336   27%     265   27%
  OVERWATCH           82    6%      42    4%
  BRACE               37    3%      38    4%
  STABILIZE           40    3%      28    3%
  INTEL               39    3%      27    3%
  FOCUS               45    4%      20    2%
  SLIPSTREAM          33    3%      27    3%
  RELOAD              36    3%      21    2%
  HUNKER              28    2%      28    3%
  MARK                20    2%      11    1%
  ITEM:SMOKE          10    1%       9    1%
  PIN                  9    1%       9    1%
  DRAG                 6    0%       6    1%
  REARM                8    1%       2    0%
  BEACON               5    0%       5    1%
  PATCH                5    0%       2    0%
  GRAPPLE              3    0%       4    0%
  GRENADE              2    0%       5    1%
  EXTRACT              1    0%       1    0%
  ITEM:BARRICADE       0    0%       1    0%
  BARREL               0    0%       1    0%

PLAYER CLASS PERFORMANCE:
  class        shots   hit%   dmg   kills
  SHARPSHOOTER    156    88%    956     55
  GUNNER         191    83%    887     55
  ASSAULT        165    82%    678     46
  RANGER          77    78%    439     33
  CORPSMAN        17    94%     55      2
  VIP              2    50%      6      0

SOLDIER DEATHS BY ENEMY CLASS (threat ranking):
  STRIKER    : 11
  LANCER     : 8
  SHIELD     : 8
  SCOUT      : 8
  GRUNT      : 8
  BERSERKER  : 8
  ELITE      : 7
  STRIKE     : 7
  HUNTER     : 6
  BURN       : 5
  TURRET     : 5
  SNIPER     : 5
  SAPPER     : 4
  DRONE      : 4
  BRUISER    : 4
  SCREENER   : 3
  HOUND      : 3
  WARBRINGER : 2
  SPOTTER    : 2
  PIKEMAN    : 2
  SLAM       : 1

SOLDIER DOWNS (FUL-7 bleed-out): 226 downs -> revived 3 / recovered 38 / bled out 161 / finished 16  (save-rate   22%)
  corpsman fielded in 20 missions

ENEMY COMPOSITION (spawns; faction-stamped fights n=487 / default-cascade fights n=190):
  class        faction         default
  SCOUT           20    4%       52   27%
  GRUNT           36    7%       35   18%
  BERSERKER       47   10%        8    4%
  DRONE           45    9%        9    5%
  BRUISER         41    8%        0    0%
  ELITE           34    7%        6    3%
  STRIKER         19    4%       16    8%
  SHIELD          33    7%        1    1%
  SNIPER          30    6%        3    2%
  HUNTER          28    6%        4    2%
  SPOTTER         18    4%       14    7%
  LANCER          24    5%        4    2%
  TURRET          15    3%       11    6%
  SCREENER        21    4%        0    0%
  MEDIC           11    2%       10    5%
  SAPPER          15    3%        5    3%
  HOUND           15    3%        5    3%
  PIKEMAN         11    2%        3    2%
  CUSTODIAN       10    2%        1    1%
  BOMBARD          4    1%        3    2%
  MORTAR           7    1%        0    0%
  WARBRINGER       3    1%        0    0%

PERK PICK FREQUENCY:
  GRD           : 14
  MOM           : 12
  LCK           : 10
  BND           : 10
  SKR           : 10
  RFX           : 9
  PLT           : 8
  EXC           : 8
  GUN           : 8
  VNT           : 8
  CQB           : 7
  TNK           : 7
  OUT           : 6
  FST           : 6
  BRK           : 6
  CLH           : 6
  SGE           : 5
  MRK           : 3
  HRD           : 2

SHOP PURCHASE FREQUENCY:
  FIELD MEDKIT      : 64
  WPN: SCOPE        : 48
  WPN: HOLLOW POINT : 37
  WPN: STABILIZER   : 31
  ADV. TRAINING     : 23
  COMBAT STIMS      : 23
  COUNTER-PREP      : 20
  FRAG CACHE        : 17
  WPN: EXTENDED MAG : 14
  WPN: SUPPRESSOR   : 14
  ARMORY            : 10
  WPN: BIPOD        : 8
  BALLISTIC PLATING : 7

BOON PICK FREQUENCY (PROCS = effect fires at instrumented sites; '-' = not instrumented;
                      PYR counts the +2-turn-burn half only — the Burning-immunity half is uninstrumented):
  code                 picks   PROCS
  FST               :     6     104
  PYR               :     5       1
  VNM               :     5       -
  FDR               :     4       3
  FVR               :     4       -
  SHK               :     4       0
  ADR               :     3       -
  GRN               :     3       -
  RPD               :     3       -
  EXE               :     2       -
  MRK               :     2       -
  SCV               :     2       -
  TRR               :     2       2
  GHO               :     1       -
  RCL               :     1       0

RUN WIN-RATE BY BOON (campaign runs holding it):
  FST               :    0% ±0  (in 6 runs)
  PYR               :    0% ±0  (in 5 runs)
  VNM               :    0% ±0  (in 5 runs)
  FDR               :    0% ±0  (in 4 runs)
  FVR               :    0% ±0  (in 4 runs)
  SHK               :    0% ±0  (in 4 runs)
  ADR               :    0% ±0  (in 3 runs)
  GRN               :    0% ±0  (in 3 runs)
  RPD               :    0% ±0  (in 3 runs)
  EXE               :    0% ±0  (in 2 runs)
  MRK               :    0% ±0  (in 2 runs)
  SCV               :    0% ±0  (in 2 runs)
  TRR               :    0% ±0  (in 2 runs)
  GHO               :    0% ±0  (in 1 runs)
  RCL               :    0% ±0  (in 1 runs)

RUN WIN-RATE BY SPEC (campaign runs fielding it):
  BRC               :    0% ±0  (in 5 runs)
  SNT               :    0% ±0  (in 5 runs)
  ADN               :    0% ±0  (in 4 runs)
  HHT               :    0% ±0  (in 4 runs)
  ANC               :    0% ±0  (in 3 runs)
  PHN               :    0% ±0  (in 1 runs)
  PTH               :    0% ±0  (in 1 runs)

RUN WIN-RATE BY PERK (campaign runs holding it):
  GRD               :    0% ±0  (in 10 runs)
  LCK               :    0% ±0  (in 10 runs)
  BND               :    0% ±0  (in 9 runs)
  RFX               :    0% ±0  (in 8 runs)
  CQB               :    0% ±0  (in 7 runs)
  MOM               :    0% ±0  (in 7 runs)
  SKR               :    0% ±0  (in 7 runs)
  CLH               :    0% ±0  (in 6 runs)
  PLT               :    0% ±0  (in 6 runs)
  TNK               :    0% ±0  (in 6 runs)
  VNT               :    0% ±0  (in 6 runs)
  EXC               :    0% ±0  (in 5 runs)
  FST               :    0% ±0  (in 5 runs)
  GUN               :    0% ±0  (in 5 runs)
  SGE               :    0% ±0  (in 5 runs)
  BRK               :    0% ±0  (in 4 runs)
  OUT               :    0% ±0  (in 4 runs)
  MRK               :    0% ±0  (in 3 runs)
  HRD               :    0% ±0  (in 2 runs)

RUN WIN-RATE BY PURCHASE (campaign runs buying it):
  FIELD MEDKIT      :    0% ±0  (in 19 runs)
  COUNTER-PREP      :    0% ±0  (in 14 runs)
  COMBAT STIMS      :    0% ±0  (in 12 runs)
  ADV. TRAINING     :    0% ±0  (in 11 runs)
  WPN: HOLLOW POINT :    0% ±0  (in 11 runs)
  WPN: SCOPE        :    0% ±0  (in 11 runs)
  FRAG CACHE        :    0% ±0  (in 10 runs)
  ARMORY            :    0% ±0  (in 9 runs)
  WPN: EXTENDED MAG :    0% ±0  (in 9 runs)
  WPN: STABILIZER   :    0% ±0  (in 9 runs)
  WPN: SUPPRESSOR   :    0% ±0  (in 7 runs)
  BALLISTIC PLATING :    0% ±0  (in 5 runs)
  WPN: BIPOD        :    0% ±0  (in 5 runs)

RUN WIN-RATE BY EVENT-CHOICE (campaign runs taking id:arm):
  blackmarket:2     :    0% ±0  (in 2 runs)
  bloodfeud:2       :    0% ±0  (in 2 runs)
  cache:1           :    0% ±0  (in 2 runs)
  distress:1        :    0% ±0  (in 2 runs)
  drill:1           :    0% ±0  (in 2 runs)
  informant:1       :    0% ±0  (in 2 runs)
  profiteer:0       :    0% ±0  (in 2 runs)
  relic:1           :    0% ±0  (in 2 runs)
  relic:0           :    0% ±0  (in 1 runs)
═══════════════════════════════════════════════════════════════════════

batch wall-time: 8.8s  (20 matches across 10 campaigns × 2 policy, frame-cap hits: 0)
aggregate JSON -> /home/user/wt/heat-pin/docs/measurements/l5/L5fac-m3a1b0-h6-b110.json
INFO: TEXTURE: [ID 2] Unloaded texture data from VRAM (GPU)
INFO: SHADER: [ID 3] Default shader unloaded successfully
INFO: TEXTURE: [ID 1] Default texture unloaded successfully
INFO: Window closed successfully
