BALANCE: heat PINNED for this batch (field-event AddHeat is a no-op; SIGHTLINE_HEATPIN=0 restores the leak)
INFO: Initializing raylib 6.0
INFO: Platform backend: DESKTOP (GLFW)
INFO: Supported raylib modules:
INFO:     > rcore:..... loaded (mandatory)
INFO:     > rlgl:...... loaded (mandatory)
INFO:     > rshapes:... loaded (optional)
INFO:     > rtextures:. loaded (optional)
INFO:     > rtext:..... loaded (optional)
INFO:     > rmodels:... loaded (optional)
INFO:     > raudio:.... loaded (optional)
INFO: DISPLAY: Trying to enable MSAA x4
INFO: DISPLAY: Device initialized successfully 
INFO:     > Display size: 1280 x 800
INFO:     > Screen size:  1280 x 800
INFO:     > Render size:  1280 x 800
INFO:     > Viewport offsets: 0, 0
INFO: GLAD: OpenGL extensions loaded successfully
INFO: GL: Supported extensions count: 229
INFO: GL: OpenGL device information:
INFO:     > Vendor:   Mesa
INFO:     > Renderer: llvmpipe (LLVM 20.1.2, 256 bits)
INFO:     > Version:  4.5 (Core Profile) Mesa 25.2.8-0ubuntu0.24.04.2
INFO:     > GLSL:     4.50
INFO: GL: VAO extension detected, VAO functions loaded successfully
INFO: GL: NPOT textures extension detected, full NPOT textures supported
INFO: GL: DXT compressed textures supported
INFO: GL: ETC2/EAC compressed textures supported
INFO: PLATFORM: DESKTOP (GLFW - X11): Initialized successfully
INFO: TEXTURE: [ID 1] Texture loaded successfully (1x1 | R8G8B8A8 | 1 mipmaps)
INFO: TEXTURE: [ID 1] Default texture loaded successfully
INFO: SHADER: [ID 1] Vertex shader compiled successfully
INFO: SHADER: [ID 2] Fragment shader compiled successfully
INFO: SHADER: [ID 3] Program shader loaded successfully
INFO: SHADER: [ID 3] Default shader loaded successfully
INFO: RLGL: Render batch vertex buffers loaded successfully in RAM (CPU)
INFO: RLGL: Render batch vertex buffers loaded successfully in VRAM (GPU)
INFO: RLGL: Default OpenGL state initialized successfully
INFO: TEXTURE: [ID 2] Texture loaded successfully (128x128 | GRAY_ALPHA | 1 mipmaps)
INFO: FONT: Default font loaded successfully (224 glyphs)
INFO: SYSTEM: Working Directory: /home/user/wt/heat-pin
INFO: TIMER: Target time per frame: 0.000 milliseconds
FINALE-KIT: Wardens
WAVE: +2 (PIKEMAN,SCOUT) [rich]
WAVE: +2 (MORTAR,MEDIC) [rich]
WAVE: +2 (MORTAR,MORTAR) [rich]
WAVE: +3 (PIKEMAN,SCOUT,MORTAR) [rich]
WAVE: +3 (MORTAR,SCREENER,MORTAR) [rich]
WAVE: +3 (SCREENER,MEDIC,GRUNT) [rich]
FINALE-KIT: Wardens
WAVE: +2 (MORTAR,PIKEMAN) [rich]
WAVE: +2 (SNIPER,MORTAR) [rich]
WAVE: +2 (MORTAR,SCOUT) [rich]
WAVE: +3 (GRUNT,MORTAR,SNIPER) [rich]
WAVE: +3 (SCREENER,GRUNT,MORTAR) [rich]
WAVE: +3 (PIKEMAN,SCREENER,SCREENER) [rich]
FINALE-KIT: Wardens
WAVE: +3 (MEDIC,MORTAR,GRUNT) [rich]
WAVE: +3 (MORTAR,SCOUT,SCREENER) [rich]
WAVE: +2 (GRUNT,PIKEMAN) [rich]
FINALE-KIT: Wardens
WAVE: +3 (SCOUT,SNIPER,SCOUT) [rich]
WAVE: +3 (SNIPER,MORTAR,GRUNT) [rich]
WAVE: +3 (SNIPER,SNIPER,SCREENER) [rich]
WAVE: +1 (GRUNT) [rich]
WAVE: +2 (GRUNT,SCREENER) [rich]
FINALE-KIT: Legion
WAVE: +2 (BRUISER,LANCER) [rich]
WAVE: +2 (BRUISER,BRUISER) [rich]
WAVE: +2 (SCOUT,BERSERKER) [rich]
WAVE: +2 (SHIELD,SCREENER) [rich]
WAVE: +2 (SHIELD,SPOTTER) [rich]
WAVE: +1 (DRONE) [rich]
REINFORCEMENTS: +2 (GRUNT,SCOUT)
REINFORCEMENTS: +2 (GRUNT,GRUNT)
REINFORCEMENTS: +2 (GRUNT,GRUNT)
REINFORCEMENTS: +2 (SCOUT,GRUNT)
match 5/20  (W:2 L:3 cap:0)  4.4s
FINALE-KIT: Legion
WAVE: +2 (STRIKER,HOUND) [rich]
WAVE: +2 (BERSERKER,STRIKER) [rich]
WAVE: +2 (HUNTER,BRUISER) [rich]
WAVE: +2 (DRONE,SAPPER) [rich]
WAVE: +2 (SPOTTER,SCREENER) [rich]
WAVE: +2 (SPOTTER,SCREENER) [rich]
FINALE-KIT: Wardens
WAVE: +3 (GRUNT,BRUISER,HUNTER) [rich]
WAVE: +3 (HUNTER,BRUISER,BERSERKER) [rich]
WAVE: +3 (HUNTER,HUNTER,BERSERKER) [rich]
FINALE-KIT: Wardens
WAVE: +3 (BRUISER,SCOUT,WARBRINGER) [rich]
WAVE: +2 (BERSERKER,STRIKER) [rich]
REINFORCEMENTS: +2 (SCOUT,SCOUT)
REINFORCEMENTS: +2 (GRUNT,GRUNT)
FINALE-KIT: Syndicate
WAVE: +2 (BRUISER,LANCER) [rich]
WAVE: +2 (GRUNT,HUNTER) [rich]
WAVE: +2 (HUNTER,GRUNT) [rich]
FINALE-KIT: Syndicate
WAVE: +2 (HOUND,SCOUT) [rich]
WAVE: +2 (HUNTER,STRIKER) [rich]
WAVE: +2 (STRIKER,HUNTER) [rich]
match 10/20  (W:4 L:6 cap:0)  6.1s
FINALE-KIT: Wardens
FINALE-KIT: Wardens
FINALE-KIT: Syndicate
FINALE-KIT: Syndicate
WAVE: +2 (BRUISER,STRIKER) [rich]
WAVE: +2 (SCOUT,BRUISER) [rich]
WAVE: +2 (LANCER,HOUND) [rich]
WAVE: +2 (SHIELD,SHIELD) [rich]
WAVE: +2 (SNIPER,GRUNT) [rich]
WAVE: +2 (HOUND,HUNTER) [rich]
REINFORCEMENTS: +2 (SCOUT,SCOUT)
FINALE-KIT: Legion
match 15/20  (W:4 L:11 cap:0)  7.8s
FINALE-KIT: Legion
FINALE-KIT: Syndicate
REINFORCEMENTS: +2 (GRUNT,SCOUT)
WAVE: +3 (BRUISER,GRUNT,HUNTER) [rich]
WAVE: +3 (STRIKER,GRUNT,STRIKER) [rich]
WAVE: +3 (HUNTER,HUNTER,HOUND) [rich]
FINALE-KIT: Syndicate
WAVE: +3 (HUNTER,STRIKER,BERSERKER) [rich]
WAVE: +3 (HOUND,HUNTER,BRUISER) [rich]
WAVE: +3 (STRIKER,HOUND,BRUISER) [rich]
REINFORCEMENTS: +2 (GRUNT,SCOUT)
REINFORCEMENTS: +2 (GRUNT,SCOUT)
REINFORCEMENTS: +3 (GRUNT,SCOUT,GRUNT)
FINALE-KIT: Legion
WAVE: +3 (HUNTER,HOUND,STRIKER) [rich]
WAVE: +3 (LANCER,DRONE,HUNTER) [rich]
WAVE: +3 (HUNTER,HUNTER,HOUND) [rich]
FINALE-KIT: Legion
match 20/20  (W:6 L:14 cap:0)  9.5s

══════════════════════ SIGHTLINE BALANCE REPORT ══════════════════════
runs=20  missions=74

RUN OUTCOMES (campaign):  win-rate   30%   avg missions cleared 3.9

POLICY GAP (optimal vs human-error; campaign runs only):
  greedy win-rate   40%  (n=10)
  sloppy win-rate   20%  (n=10)
  GAP   20 pts  (swingy/unforgiving)
  PAIRED (same-seed slots): pairs=10  concordant=6  discordant greedy-only-won=3 / sloppy-only-won=1  paired gap   20 pts
  PER-SLOT RECORDS (greedy | sloppy: outcome + missions cleared; margin = g−s):
    slot 150 @h6: W 6 | W 6   margin +0
    slot 151 @h6: L 4 | L 4   margin +0
    slot 152 @h6: L 5 | W 6   margin -1
    slot 153 @h6: W 6 | L 5   margin +1
    slot 154 @h6: L 2 | L 2   margin +0
    slot 155 @h6: L 3 | L 3   margin +0
    slot 156 @h6: L 0 | L 3   margin -3
    slot 157 @h6: L 3 | L 1   margin +2
    slot 158 @h6: W 6 | L 5   margin +1
    slot 159 @h6: W 6 | L 2   margin +4
  PAIRED MARGIN (missions cleared, all pairs): +0.40 ±0.58 SE  (n=10 pairs)
  by objective (greedy / sloppy / gap):
    Decapitate :   86% /   50% / gap   36
    Defend     :  100% /  100% / gap    0
    Eliminate  :   90% /  100% / gap  -10
    Escort     :   25% /   33% / gap   -8
    Evac       :  100% /  100% / gap    0
    Hack       :  100% /    0% / gap  100
    Rescue     :   75% /   75% / gap    0
    Sabotage   :  100% /  100% / gap    0

DECISION RICHNESS / SWING:
  meaningful-choices/turn 2.02   lead-swings/match 0.9   avg max-swing 59.1
  [shot-gate] acting-soldiers/turn 2.96   armed-soldiers/turn 1.04   armed-fraction 35%   turns-with-a-shot 51%   choices/ARMED-soldier-turn 1.94
  [choice-split] los-targets/ARMED 2.36   target-choices/ARMED 0.29   position-choices/ARMED 1.65

RUN COMPLETION BY HEAT (full-campaign clears):
  heat 6:   30% ±10  (n=20 runs, avg 3.9 missions)
  HEAT LEAK: pinned=yes  heat-raising picks=0  campaigns raised=0  missions off-rung=0/74

INTEL ECONOMY BY HEAT (campaign runs; heat-bonus = the Heat.IntelBonus share of income):
  heat 6: earned  216.9/run   heat-bonus  97.2 (  45% of income)   spent  201.2   unspent   15.7

MISSION WIN-RATE BY HEAT:
  heat 6:   81%  (n=74, avg 6.1 turns)

MISSION WIN-RATE BY OBJECTIVE:
  Eliminate  :   95% ±5  (n=20, avg 4.0 turns)
  Defend     :  100% ±0  (n=19, avg 9.0 turns)
  Decapitate :   69% ±13  (n=13, avg 4.1 turns)
  Rescue     :   75% ±15  (n=8, avg 7.6 turns)
  Escort     :   29% ±17  (n=7, avg 6.9 turns)
  Hack       :   33% ±27  (n=3, avg 5.7 turns)
  Sabotage   :  100% ±0  (n=2, avg 4.5 turns)
  Evac       :  100% ±0  (n=2, avg 4.5 turns)

MISSION WIN-RATE BY OBJECTIVE x NODE KIND (a capstone must never pool with a mid-run node):
  Eliminate  : Start:  95%(n=20)
               depth: m1:95%(20)
  Defend     : Combat: 100%(n=14)  Supply: 100%(n=3)  Elite: 100%(n=2)
               depth: m2:100%(7) m3:100%(3) m4:100%(5) m5:100%(4)
  Decapitate : Boss:  67%(n=9)  Supply:  50%(n=2)  Elite: 100%(n=2)
               depth: m2:50%(2) m3:100%(2) m6:67%(9)
  Rescue     : Combat:  67%(n=6)  Supply: 100%(n=2)
               depth: m2:100%(4) m4:50%(4)
  Escort     : Combat:   0%(n=5)  Supply: 100%(n=2)
               depth: m3:0%(2) m4:0%(1) m5:50%(4)
  Hack       : Elite:  50%(n=2)  Combat:   0%(n=1)
               depth: m3:50%(2) m4:0%(1)
  Sabotage   : Combat: 100%(n=2)
               depth: m3:100%(2)
  Evac       : Combat: 100%(n=2)
               depth: m2:100%(2)

ENCOUNTER COMPLETION on MID-RUN nodes (Combat+Elite) — clear% is the share of the fight actually fought:
  objective     n   win%   turns   force    +rf  killed  clear%   prs  WONclear%
  Defend        16  100%     9.0    6.50   6.94    4.81    35.8  0.00     35.8 (n=16)
  Rescue         6   67%     8.7    8.67   0.00    3.83    44.2  0.00     34.4 (n=4)
  Escort         5    0%     6.0   10.00   0.00    3.20    32.0  0.00      0.0 (n=0)
  Hack           3   33%     5.7   10.67   0.67    0.33     2.9  1.00      9.1 (n=1)
  Sabotage       2  100%     4.5    7.00   0.00    2.00    28.6  0.00     28.6 (n=2)
  Decapitate     2  100%     3.0   11.00   0.00    1.00     9.1  0.00      9.1 (n=2)
  Evac           2  100%     4.5    6.00   0.00    0.00     0.0  0.00      0.0 (n=2)
  ---- the two classes ----
  KILL           2  100%     3.0   11.00   0.00    1.00     9.1  0.00      9.1 (n=2)
  NON-KILL      34   74%     7.7    7.76   3.32    3.56    32.1  0.09     32.7 (n=25)

DECAPITATE HVT (buff = +6+1*mission HP, +6 aim; ELITE exempt):
  EXEMPT  :   73% ±13  (n=11, avg 4.2 turns, HVT 22.6 max HP)  [m3:100%(2) m6:67%(9)]
  BUFFED  :   50% ±35  (n=2, avg 3.5 turns, HVT 21.0 max HP)  [m2:50%(2)]

MISSION WIN-RATE BY MISSION #:
  m1:   95% ±5  (n=20)
  m2:   93% ±6  (n=15)
  m3:   73% ±13  (n=11)
  m4:   64% ±15  (n=11)
  m5:   75% ±15  (n=8)
  m6:   67% ±16  (n=9)

LOSS CAUSES (missions):
  RUN OVER              : 7
  VIP LOST              : 5
  CAPTIVE LOST          : 2

MISSION WIN-RATE BY ARENA (authored layouts, n>=3; procedural fallback   28% of 74 missions):
  arena  4:   50% ±25  (n=4, avg 7.3 turns)  [m2:100%(2) m5:0%(2)]
  arena 12:   75% ±22  (n=4, avg 3.3 turns)  [m2:50%(2) m4:100%(2)]
  arena 23:  100% ±0  (n=3, avg 4.0 turns)  [m1:100%(2) m6:100%(1)]
  arena 30:   88% ±12  (n=8, avg 5.5 turns)  [m1:100%(2) m2:100%(2) m3:100%(2) m6:50%(2)]
  arena 33:  100% ±0  (n=4, avg 6.0 turns)  [m2:100%(2) m3:100%(2)]
  arena 34:   67% ±27  (n=3, avg 9.0 turns)  [m5:100%(1) m6:50%(2)]
  procedural:   71% ±10  (n=21, avg 6.5 turns)  [m1:88%(8) m2:100%(4) m3:0%(2) m4:25%(4) m5:100%(1) m6:100%(2)]

DEPLOYMENT GEOMETRY (opening shape; choices/ARMED is the wave's real gate):
  FRONTAL   :   80% ±10  (n=15, avg 7.5 turns)  choices/turn 1.19  choices/ARMED 1.52  los-targets/ARMED 2.54
  PINCER    :   79%  (n=33, avg 5.7 turns)  choices/turn 2.12  choices/ARMED 2.07  los-targets/ARMED 2.22
  CROSSFIRE :   88% ±12  (n=8, avg 6.9 turns)  choices/turn 1.58  choices/ARMED 1.93  los-targets/ARMED 3.24
  ENVELOP   :   83% ±9  (n=18, avg 5.2 turns)  choices/turn 3.12  choices/ARMED 2.03  los-targets/ARMED 2.16

ARENA FUNNEL (Mission.Build exits, n=82 builds, all modes):
  authored-applied    :  72.0%  (n=59)
  connectivity-reject :   0.0%  (n=0)
  procedural-roll     :  28.0%  (n=23)

DECK EXPOSURE (campaign runs n=20):
  distinct authored arenas/run : 2.65 mean (all runs)
  ... full-depth runs only     : 3.67 mean over 4.7 fights/run (n=6)
  Defend dealt on the route    :   70% of runs (n=14)

ENEMY DECISION MIX (contested acts=1568; all-downed acts not counted=295):
  shoot           894    57%
  hunker          373    24%
  move            135     9%
  grenade          48     3%
  reload           44     3%
  heal             20     1%
  siege            18     1%
  item             13     1%
  brace             9     1%
  overwatch         6     0%
  shove             3     0%
  relock            2     0%
  staleplan         2     0%
  sap               1     0%

  the shot on the table (acts where the chosen tile HAD a shot = 990):
    hit% band     taken   share   E[dmg]/shot   declined   share   E[dmg]/shot
      0-19           2      0%          0.32          2     25%          0.28
     20-39          27      3%          0.90          4     50%          1.19
     40-59          95     11%          1.41          2     25%          1.67
     60-79         368     41%          2.04          0      0%          0.00
      80+          402     45%          2.79          0      0%          0.00
    TOTAL           894                              8
  taken   90% / DECLINED    1% / preempted by another verb    9%
  enemy lanes held (overwatch+brace) 15; reaction shots fired 4  ->   27% of lanes paid off   [C2: DeclineWatchRatio is a bet on this number]

ACTION MIX (verbs issued, by policy):
  verb                  greedy        sloppy
  MOVE               434   33%     547   39%
  SHOOT              397   30%     332   24%
  OVERWATCH           82    6%      96    7%
  BRACE               49    4%      78    6%
  FOCUS               56    4%      70    5%
  HUNKER              61    5%      56    4%
  RELOAD              51    4%      36    3%
  SLIPSTREAM          28    2%      45    3%
  INTEL               32    2%      34    2%
  STABILIZE           28    2%      36    3%
  PIN                 16    1%      12    1%
  MARK                18    1%       9    1%
  ITEM:SMOKE          12    1%      15    1%
  DRAG                14    1%      12    1%
  REARM                5    0%       8    1%
  GRENADE              4    0%       7    0%
  PATCH                4    0%       5    0%
  BEACON               5    0%       2    0%
  PLANT                4    0%       3    0%
  GRAPPLE              3    0%       1    0%
  HACK                 2    0%       2    0%
  BARREL               2    0%       0    0%

PLAYER CLASS PERFORMANCE:
  class        shots   hit%   dmg   kills
  GUNNER         280    82%   1294     70
  SHARPSHOOTER    170    94%   1163     67
  ASSAULT        240    86%   1042     57
  RANGER         100    86%    574     38
  CORPSMAN        38    89%    119      5

SOLDIER DEATHS BY ENEMY CLASS (threat ranking):
  MORTAR     : 13
  BURN       : 12
  BRUISER    : 10
  BERSERKER  : 10
  GRUNT      : 10
  HUNTER     : 7
  TURRET     : 5
  ELITE      : 4
  STRIKE     : 4
  SNIPER     : 3
  LANCER     : 3
  SHIELD     : 3
  SCOUT      : 2
  WARBRINGER : 2
  SAPPER     : 2
  HOUND      : 1
  STRIKER    : 1
  SCREENER   : 1

SOLDIER DOWNS (FUL-7 bleed-out): 199 downs -> revived 3 / recovered 62 / bled out 100 / finished 24  (save-rate   38%)
  corpsman fielded in 18 missions

ENEMY COMPOSITION (spawns; faction-stamped fights n=585 / default-cascade fights n=157):
  class        faction         default
  SCOUT           33    6%       53   34%
  GRUNT           42    7%       34   22%
  HUNTER          64   11%        9    6%
  MORTAR          54    9%        3    2%
  BRUISER         42    7%       11    7%
  SCREENER        44    8%        0    0%
  BERSERKER       36    6%        0    0%
  ELITE           31    5%        3    2%
  SHIELD          27    5%        5    3%
  SNIPER          27    5%        4    3%
  DRONE           25    4%        5    3%
  LANCER          23    4%        6    4%
  STRIKER         23    4%        3    2%
  MEDIC           20    3%        2    1%
  TURRET           9    2%       11    7%
  SAPPER          15    3%        2    1%
  PIKEMAN         16    3%        0    0%
  CUSTODIAN       16    3%        0    0%
  HOUND           11    2%        5    3%
  WARBRINGER      11    2%        0    0%
  SPOTTER         11    2%        0    0%
  BOMBARD          5    1%        1    1%

PERK PICK FREQUENCY:
  EXC           : 13
  GRD           : 12
  OUT           : 12
  MOM           : 11
  GUN           : 11
  SGE           : 9
  LCK           : 9
  MRK           : 8
  SKR           : 8
  RFX           : 8
  HRD           : 7
  BRK           : 7
  FST           : 7
  TNK           : 6
  CLH           : 5
  PLT           : 5
  CQB           : 5
  BND           : 3
  VNT           : 2

SHOP PURCHASE FREQUENCY:
  FIELD MEDKIT      : 76
  WPN: SCOPE        : 52
  BALLISTIC PLATING : 47
  WPN: HOLLOW POINT : 40
  COMBAT STIMS      : 37
  WPN: STABILIZER   : 34
  FRAG CACHE        : 21
  WPN: EXTENDED MAG : 21
  COUNTER-PREP      : 17
  WPN: SUPPRESSOR   : 16
  WPN: BIPOD        : 15
  ARMORY            : 13
  ADV. TRAINING     : 10

BOON PICK FREQUENCY (PROCS = effect fires at instrumented sites; '-' = not instrumented;
                      PYR counts the +2-turn-burn half only — the Burning-immunity half is uninstrumented):
  code                 picks   PROCS
  TRR               :     7      17
  EXE               :     6       -
  FRT               :     5       -
  RCL               :     5       2
  SHK               :     4      13
  ADR               :     3       -
  FDR               :     3       7
  FST               :     3      22
  FVR               :     3       -
  GHO               :     3       -
  GRN               :     3       -
  MRK               :     2       -
  RPD               :     2       -
  SCV               :     2       -
  VNM               :     2       -
  PYR               :     1       0

RUN WIN-RATE BY BOON (campaign runs holding it):
  TRR               :   43% ±19  (in 7 runs)
  EXE               :   17% ±15  (in 6 runs)
  FRT               :   60% ±22  (in 5 runs)
  RCL               :   40% ±22  (in 5 runs)
  SHK               :   50% ±25  (in 4 runs)
  ADR               :    0% ±0  (in 3 runs)
  FDR               :   33% ±27  (in 3 runs)
  FST               :    0% ±0  (in 3 runs)
  FVR               :   67% ±27  (in 3 runs)
  GHO               :    0% ±0  (in 3 runs)
  GRN               :   67% ±27  (in 3 runs)
  MRK               :  100% ±0  (in 2 runs)
  RPD               :   50% ±35  (in 2 runs)
  SCV               :  100% ±0  (in 2 runs)
  VNM               :   50% ±35  (in 2 runs)
  PYR               :    0% ±0  (in 1 runs)

RUN WIN-RATE BY SPEC (campaign runs fielding it):
  JUG               :   60% ±22  (in 5 runs)
  ANC               :   50% ±25  (in 4 runs)
  SNT               :   50% ±25  (in 4 runs)
  ADN               :   33% ±27  (in 3 runs)
  BRC               :   33% ±27  (in 3 runs)
  HHT               :   67% ±27  (in 3 runs)
  PHN               :   50% ±35  (in 2 runs)
  MED               :  100% ±0  (in 1 runs)
  PTH               :  100% ±0  (in 1 runs)

RUN WIN-RATE BY PERK (campaign runs holding it):
  MOM               :   50% ±16  (in 10 runs)
  OUT               :   40% ±15  (in 10 runs)
  GRD               :   44% ±17  (in 9 runs)
  GUN               :   67% ±16  (in 9 runs)
  SGE               :   44% ±17  (in 9 runs)
  EXC               :   38% ±17  (in 8 runs)
  RFX               :   25% ±15  (in 8 runs)
  LCK               :   29% ±17  (in 7 runs)
  SKR               :   57% ±19  (in 7 runs)
  BRK               :   50% ±20  (in 6 runs)
  FST               :   33% ±19  (in 6 runs)
  HRD               :   33% ±19  (in 6 runs)
  TNK               :   50% ±20  (in 6 runs)
  CLH               :   60% ±22  (in 5 runs)
  CQB               :   20% ±18  (in 5 runs)
  MRK               :   80% ±18  (in 5 runs)
  PLT               :   60% ±22  (in 5 runs)
  BND               :   33% ±27  (in 3 runs)
  VNT               :    0% ±0  (in 2 runs)

RUN WIN-RATE BY PURCHASE (campaign runs buying it):
  FIELD MEDKIT      :   33% ±11  (in 18 runs)
  BALLISTIC PLATING :   25% ±11  (in 16 runs)
  WPN: SCOPE        :   40% ±13  (in 15 runs)
  WPN: HOLLOW POINT :   43% ±13  (in 14 runs)
  COUNTER-PREP      :   31% ±13  (in 13 runs)
  ARMORY            :   45% ±15  (in 11 runs)
  COMBAT STIMS      :   36% ±15  (in 11 runs)
  WPN: STABILIZER   :   45% ±15  (in 11 runs)
  WPN: SUPPRESSOR   :   36% ±15  (in 11 runs)
  FRAG CACHE        :   40% ±15  (in 10 runs)
  ADV. TRAINING     :   33% ±16  (in 9 runs)
  WPN: BIPOD        :   57% ±19  (in 7 runs)
  WPN: EXTENDED MAG :   57% ±19  (in 7 runs)

RUN WIN-RATE BY EVENT-CHOICE (campaign runs taking id:arm):
  cache:1           :   67% ±27  (in 3 runs)
  depot:0           :    0% ±0  (in 2 runs)
  grave:1           :   50% ±35  (in 2 runs)
  informant:0       :   50% ±35  (in 2 runs)
  profiteer:0       :    0% ±0  (in 2 runs)
  warchest:1        :  100% ±0  (in 2 runs)
  warpension:2      :   50% ±35  (in 2 runs)
  defector:1        :    0% ±0  (in 1 runs)
  defector:2        :  100% ±0  (in 1 runs)
  reservecall:0     :    0% ±0  (in 1 runs)
═══════════════════════════════════════════════════════════════════════

batch wall-time: 9.5s  (20 matches across 10 campaigns × 2 policy, frame-cap hits: 0)
aggregate JSON -> /home/user/wt/heat-pin/docs/measurements/l5/L5fac-m0a1b0-h6-b150.json
INFO: TEXTURE: [ID 2] Unloaded texture data from VRAM (GPU)
INFO: SHADER: [ID 3] Default shader unloaded successfully
INFO: TEXTURE: [ID 1] Default texture unloaded successfully
INFO: Window closed successfully
