BALANCE: heat PINNED for this batch (field-event AddHeat is a no-op; SIGHTLINE_HEATPIN=0 restores the leak)
INFO: Initializing raylib 6.0
INFO: Platform backend: DESKTOP (GLFW)
INFO: Supported raylib modules:
INFO:     > rcore:..... loaded (mandatory)
INFO:     > rlgl:...... loaded (mandatory)
INFO:     > rshapes:... loaded (optional)
INFO:     > rtextures:. loaded (optional)
INFO:     > rtext:..... loaded (optional)
INFO:     > rmodels:... loaded (optional)
INFO:     > raudio:.... loaded (optional)
INFO: DISPLAY: Trying to enable MSAA x4
INFO: DISPLAY: Device initialized successfully 
INFO:     > Display size: 1280 x 800
INFO:     > Screen size:  1280 x 800
INFO:     > Render size:  1280 x 800
INFO:     > Viewport offsets: 0, 0
INFO: GLAD: OpenGL extensions loaded successfully
INFO: GL: Supported extensions count: 229
INFO: GL: OpenGL device information:
INFO:     > Vendor:   Mesa
INFO:     > Renderer: llvmpipe (LLVM 20.1.2, 256 bits)
INFO:     > Version:  4.5 (Core Profile) Mesa 25.2.8-0ubuntu0.24.04.2
INFO:     > GLSL:     4.50
INFO: GL: VAO extension detected, VAO functions loaded successfully
INFO: GL: NPOT textures extension detected, full NPOT textures supported
INFO: GL: DXT compressed textures supported
INFO: GL: ETC2/EAC compressed textures supported
INFO: PLATFORM: DESKTOP (GLFW - X11): Initialized successfully
INFO: TEXTURE: [ID 1] Texture loaded successfully (1x1 | R8G8B8A8 | 1 mipmaps)
INFO: TEXTURE: [ID 1] Default texture loaded successfully
INFO: SHADER: [ID 1] Vertex shader compiled successfully
INFO: SHADER: [ID 2] Fragment shader compiled successfully
INFO: SHADER: [ID 3] Program shader loaded successfully
INFO: SHADER: [ID 3] Default shader loaded successfully
INFO: RLGL: Render batch vertex buffers loaded successfully in RAM (CPU)
INFO: RLGL: Render batch vertex buffers loaded successfully in VRAM (GPU)
INFO: RLGL: Default OpenGL state initialized successfully
INFO: TEXTURE: [ID 2] Texture loaded successfully (128x128 | GRAY_ALPHA | 1 mipmaps)
INFO: FONT: Default font loaded successfully (224 glyphs)
INFO: SYSTEM: Working Directory: /home/user/wt/heat-pin
INFO: TIMER: Target time per frame: 0.000 milliseconds
FINALE-KIT: Wardens
WAVE: +3 (SNIPER,DRONE,LANCER) [rich]
WAVE: +3 (DRONE,BERSERKER,BERSERKER) [rich]
WAVE: +3 (DRONE,DRONE,SHIELD) [rich]
WAVE: +2 (SCREENER,CUSTODIAN) [rich]
FINALE-KIT: Wardens
FINALE-KIT: Wardens
WAVE: +3 (BRUISER,HOUND,BERSERKER) [rich]
WAVE: +2 (HOUND,STRIKER) [rich]
WAVE: +2 (BRUISER,LANCER) [rich]
FINALE-KIT: Wardens
WAVE: +3 (WARBRINGER,BRUISER,WARBRINGER) [rich]
WAVE: +1 (BERSERKER) [rich]
WAVE: +1 (BERSERKER) [rich]
FINALE-KIT: Syndicate
WAVE: +2 (BRUISER,DRONE) [rich]
WAVE: +2 (STRIKER,LANCER) [rich]
WAVE: +2 (DRONE,BRUISER) [rich]
match 5/20  (W:2 L:3 cap:0)  3.9s
FINALE-KIT: Syndicate
WAVE: +2 (DRONE,HUNTER) [rich]
WAVE: +2 (SCOUT,HOUND) [rich]
WAVE: +2 (HOUND,STRIKER) [rich]
FINALE-KIT: Legion
WAVE: +3 (GRUNT,GRUNT,MORTAR) [rich]
WAVE: +3 (GRUNT,PIKEMAN,SCREENER) [rich]
WAVE: +3 (SNIPER,PIKEMAN,SNIPER) [rich]
WAVE: +3 (GRUNT,SNIPER,SNIPER) [rich]
WAVE: +1 (SCOUT) [rich]
FINALE-KIT: Legion
WAVE: +3 (PIKEMAN,SNIPER,MEDIC) [rich]
FINALE-KIT: Legion
WAVE: +2 (SAPPER,SAPPER) [rich]
WAVE: +2 (DRONE,DRONE) [rich]
WAVE: +2 (SCREENER,SCREENER) [rich]
FINALE-KIT: Legion
WAVE: +2 (SAPPER,DRONE) [rich]
WAVE: +2 (DRONE,DRONE) [rich]
WAVE: +2 (DRONE,SCREENER) [rich]
match 10/20  (W:2 L:8 cap:0)  5.5s
FINALE-KIT: Wardens
WAVE: +2 (HOUND,BRUISER) [rich]
WAVE: +2 (HOUND,DRONE) [rich]
WAVE: +2 (DRONE,DRONE) [rich]
REINFORCEMENTS: +2 (GRUNT,GRUNT)
REINFORCEMENTS: +2 (GRUNT,SCOUT)
REINFORCEMENTS: +3 (GRUNT,GRUNT,GRUNT)
REINFORCEMENTS: +2 (SCOUT,GRUNT)
FINALE-KIT: Wardens
WAVE: +2 (BRUISER,SNIPER) [rich]
WAVE: +2 (BRUISER,SNIPER) [rich]
WAVE: +2 (SCOUT,DRONE) [rich]
REINFORCEMENTS: +2 (SCOUT,SCOUT)
FINALE-KIT: Syndicate
WAVE: +2 (MORTAR,MORTAR) [rich]
WAVE: +2 (GRUNT,GRUNT) [rich]
WAVE: +2 (CUSTODIAN,MORTAR) [rich]
REINFORCEMENTS: +2 (SCOUT,GRUNT)
FINALE-KIT: Syndicate
FINALE-KIT: Legion
WAVE: +2 (SAPPER,HOUND) [rich]
WAVE: +2 (SPOTTER,BERSERKER) [rich]
WAVE: +2 (HUNTER,GRUNT) [rich]
match 15/20  (W:3 L:12 cap:0)  7.4s
FINALE-KIT: Legion
WAVE: +2 (SNIPER,SCREENER) [rich]
WAVE: +2 (LANCER,SHIELD) [rich]
WAVE: +2 (WARBRINGER,PIKEMAN) [rich]
FINALE-KIT: Syndicate
WAVE: +2 (PIKEMAN,SCOUT) [rich]
WAVE: +2 (SCOUT,SNIPER) [rich]
WAVE: +2 (SCOUT,SCOUT) [rich]
WAVE: +2 (GRUNT,SCOUT) [rich]
WAVE: +2 (BERSERKER,BERSERKER) [rich]
WAVE: +2 (HUNTER,STRIKER) [rich]
FINALE-KIT: Syndicate
WAVE: +2 (PIKEMAN,SCOUT) [rich]
WAVE: +2 (SCOUT,SNIPER) [rich]
WAVE: +2 (MORTAR,SCOUT) [rich]
WAVE: +2 (SCOUT,LANCER) [rich]
WAVE: +2 (BRUISER,BERSERKER) [rich]
WAVE: +2 (STRIKER,HUNTER) [rich]
FINALE-KIT: Syndicate
WAVE: +2 (DRONE,MORTAR) [rich]
WAVE: +2 (BERSERKER,SAPPER) [rich]
WAVE: +2 (MEDIC,SNIPER) [rich]
FINALE-KIT: Syndicate
WAVE: +2 (HUNTER,MEDIC) [rich]
WAVE: +2 (HOUND,LANCER) [rich]
WAVE: +2 (HUNTER,SCOUT) [rich]
match 20/20  (W:5 L:15 cap:0)  9.2s

══════════════════════ SIGHTLINE BALANCE REPORT ══════════════════════
runs=20  missions=78

RUN OUTCOMES (campaign):  win-rate   25%   avg missions cleared 4.2

POLICY GAP (optimal vs human-error; campaign runs only):
  greedy win-rate   30%  (n=10)
  sloppy win-rate   20%  (n=10)
  GAP   10 pts  (healthy slack)
  PAIRED (same-seed slots): pairs=10  concordant=7  discordant greedy-only-won=2 / sloppy-only-won=1  paired gap   10 pts
  PER-SLOT RECORDS (greedy | sloppy: outcome + missions cleared; margin = g−s):
    slot  10 @h6: W 6 | L 1   margin +5
    slot  11 @h6: L 5 | W 6   margin -1
    slot  12 @h6: L 2 | L 3   margin -1
    slot  13 @h6: L 5 | L 5   margin +0
    slot  14 @h6: L 3 | L 3   margin +0
    slot  15 @h6: L 5 | L 5   margin +0
    slot  16 @h6: L 3 | L 1   margin +2
    slot  17 @h6: W 6 | L 5   margin +1
    slot  18 @h6: W 6 | W 6   margin +0
    slot  19 @h6: L 4 | L 4   margin +0
  PAIRED MARGIN (missions cleared, all pairs): +0.60 ±0.56 SE  (n=10 pairs)
  by objective (greedy / sloppy / gap):
    Decapitate :   38% /   33% / gap    4
    Defend     :  100% /  100% / gap    0
    Eliminate  :   93% /   73% / gap   20
    Escort     :  100% /  100% / gap    0
    Hack       :  100% /  100% / gap    0
    Rescue     :  100% /  100% / gap    0
    Sabotage   :   50% /  100% / gap  -50

DECISION RICHNESS / SWING:
  meaningful-choices/turn 2.38   lead-swings/match 0.9   avg max-swing 58.1
  [shot-gate] acting-soldiers/turn 3.18   armed-soldiers/turn 1.10   armed-fraction 35%   turns-with-a-shot 52%   choices/ARMED-soldier-turn 2.16
  [choice-split] los-targets/ARMED 2.17   target-choices/ARMED 0.30   position-choices/ARMED 1.85

RUN COMPLETION BY HEAT (full-campaign clears):
  heat 6:   25% ±10  (n=20 runs, avg 4.2 missions)
  HEAT LEAK: pinned=yes  heat-raising picks=2  campaigns raised=0  missions off-rung=0/78

INTEL ECONOMY BY HEAT (campaign runs; heat-bonus = the Heat.IntelBonus share of income):
  heat 6: earned  233.4/run   heat-bonus 104.4 (  45% of income)   spent  216.6   unspent   16.8

MISSION WIN-RATE BY HEAT:
  heat 6:   81%  (n=78, avg 6.2 turns)

MISSION WIN-RATE BY OBJECTIVE:
  Eliminate  :   83% ±7  (n=29, avg 5.3 turns)
  Defend     :  100% ±0  (n=21, avg 9.0 turns)
  Decapitate :   36% ±13  (n=14, avg 4.9 turns)
  Escort     :  100% ±0  (n=6, avg 6.5 turns)
  Sabotage   :   75% ±22  (n=4, avg 3.8 turns)
  Rescue     :  100% ±0  (n=2, avg 5.0 turns)
  Hack       :  100% ±0  (n=2, avg 3.0 turns)

MISSION WIN-RATE BY OBJECTIVE x NODE KIND (a capstone must never pool with a mid-run node):
  Eliminate  : Start: 100%(n=20)  Elite:  25%(n=4)  Supply:  67%(n=3)  Combat:  50%(n=2)
               depth: m1:100%(20) m2:50%(4) m4:67%(3) m5:0%(2)
  Defend     : Supply: 100%(n=9)  Combat: 100%(n=8)  Elite: 100%(n=4)
               depth: m2:100%(6) m3:100%(9) m4:100%(5) m5:100%(1)
  Decapitate : Boss:  45%(n=11)  Elite:   0%(n=2)  Combat:   0%(n=1)
               depth: m4:0%(3) m6:45%(11)
  Escort     : Combat: 100%(n=2)  Supply: 100%(n=2)  Elite: 100%(n=2)
               depth: m3:100%(2) m4:100%(2) m5:100%(2)
  Sabotage   : Combat:  75%(n=4)
               depth: m3:50%(2) m4:100%(2)
  Rescue     : Elite: 100%(n=2)
               depth: m3:100%(2)
  Hack       : Combat: 100%(n=2)
               depth: m5:100%(2)

ENCOUNTER COMPLETION on MID-RUN nodes (Combat+Elite) — clear% is the share of the fight actually fought:
  objective     n   win%   turns   force    +rf  killed  clear%   prs  WONclear%
  Defend        12  100%     9.0    7.17   5.50    2.67    21.1  0.00     21.1 (n=12)
  Eliminate      6   33%     8.5    8.33   0.00    4.50    54.0  2.00    100.0 (n=2)
  Sabotage       4   75%     3.8    7.50   0.00    0.50     6.7  0.00      8.7 (n=3)
  Escort         4  100%     5.8   10.00   0.00    2.75    27.5  0.00     27.5 (n=4)
  Decapitate     3    0%     5.3   10.67   0.00    0.33     3.1  0.33      0.0 (n=0)
  Rescue         2  100%     5.0   11.00   0.00    1.50    13.6  0.00     13.6 (n=2)
  Hack           2  100%     3.0   11.00   0.00    1.50    13.6  0.00     13.6 (n=2)
  ---- the two classes ----
  KILL           9   22%     7.4    9.11   0.00    3.11    34.1  1.44    100.0 (n=2)
  NON-KILL      24   96%     6.8    8.33   2.75    2.13    19.2  0.00     19.7 (n=23)

DECAPITATE HVT (buff = +6+1*mission HP, +6 aim; ELITE exempt):
  EXEMPT  :   45% ±15  (n=11, avg 4.7 turns, HVT 22.6 max HP)  [m6:45%(11)]
  BUFFED  :    0% ±0  (n=3, avg 5.3 turns, HVT 23.7 max HP)  [m4:0%(3)]

MISSION WIN-RATE BY MISSION #:
  m1:  100% ±0  (n=20)
  m2:   80% ±13  (n=10)
  m3:   93% ±6  (n=15)
  m4:   73% ±11  (n=15)
  m5:   71% ±17  (n=7)
  m6:   45% ±15  (n=11)

LOSS CAUSES (missions):
  RUN OVER              : 15

MISSION WIN-RATE BY ARENA (authored layouts, n>=3; procedural fallback   33% of 78 missions):
  arena  0:   67% ±27  (n=3, avg 4.7 turns)  [m1:100%(2) m4:0%(1)]
  arena  1:  100% ±0  (n=3, avg 6.3 turns)  [m2:100%(1) m3:100%(2)]
  arena  3:  100% ±0  (n=3, avg 6.3 turns)  [m2:100%(1) m3:100%(2)]
  arena  4:    0% ±0  (n=3, avg 6.0 turns)  [m4:0%(1) m6:0%(2)]
  arena  6:   67% ±27  (n=3, avg 5.7 turns)  [m1:100%(2) m6:0%(1)]
  arena  7:  100% ±0  (n=3, avg 7.3 turns)  [m3:100%(2) m4:100%(1)]
  arena 13:   25% ±22  (n=4, avg 7.8 turns)  [m3:100%(1) m4:0%(1) m5:0%(2)]
  arena 30:  100% ±0  (n=6, avg 7.0 turns)  [m3:100%(2) m4:100%(2) m5:100%(2)]
  procedural:   81% ±8  (n=26, avg 6.9 turns)  [m1:100%(8) m2:60%(5) m3:100%(3) m4:83%(6) m5:100%(1) m6:33%(3)]

DEPLOYMENT GEOMETRY (opening shape; choices/ARMED is the wave's real gate):
  FRONTAL   :   90%  (n=31, avg 5.5 turns)  choices/turn 2.38  choices/ARMED 2.27  los-targets/ARMED 1.69
  PINCER    :   70% ±10  (n=20, avg 7.0 turns)  choices/turn 2.13  choices/ARMED 2.12  los-targets/ARMED 2.01
  CROSSFIRE :   63% ±17  (n=8, avg 8.1 turns)  choices/turn 1.53  choices/ARMED 1.89  los-targets/ARMED 2.20
  ENVELOP   :   84% ±8  (n=19, avg 5.6 turns)  choices/turn 3.18  choices/ARMED 2.15  los-targets/ARMED 2.86

ARENA FUNNEL (Mission.Build exits, n=92 builds, all modes):
  authored-applied    :  69.6%  (n=64)
  connectivity-reject :   3.3%  (n=3)
  procedural-roll     :  27.2%  (n=25)

DECK EXPOSURE (campaign runs n=20):
  distinct authored arenas/run : 2.60 mean (all runs)
  ... full-depth runs only     : 3.60 mean over 4.6 fights/run (n=5)
  Defend dealt on the route    :   90% of runs (n=18)

ENEMY DECISION MIX (contested acts=1505; all-downed acts not counted=470):
  shoot           888    59%
  hunker          313    21%
  move            148    10%
  siege            46     3%
  grenade          34     2%
  reload           27     2%
  heal             24     2%
  item             13     1%
  brace             9     1%
  shove             3     0%

  the shot on the table (acts where the chosen tile HAD a shot = 964):
    hit% band     taken   share   E[dmg]/shot   declined   share   E[dmg]/shot
      0-19           1      0%          0.98          0      0%          0.00
     20-39          41      5%          1.05          0      0%          0.00
     40-59         128     14%          1.44          0      0%          0.00
     60-79         330     37%          2.26          0      0%          0.00
      80+          388     44%          3.42          0      0%          0.00
    TOTAL           888                              0
  taken   92% / DECLINED    0% / preempted by another verb    8%
  enemy lanes held (overwatch+brace) 9; reaction shots fired 2  ->   22% of lanes paid off   [C2: DeclineWatchRatio is a bet on this number]

ACTION MIX (verbs issued, by policy):
  verb                  greedy        sloppy
  MOVE               469   29%     460   34%
  SHOOT              454   28%     337   25%
  OVERWATCH          165   10%     115    8%
  BRACE               99    6%      74    5%
  FOCUS               96    6%      69    5%
  SLIPSTREAM          66    4%      55    4%
  RELOAD              70    4%      41    3%
  STABILIZE           50    3%      26    2%
  INTEL               37    2%      36    3%
  HUNKER              22    1%      32    2%
  MARK                19    1%      24    2%
  ITEM:SMOKE          19    1%      20    1%
  PIN                 14    1%      11    1%
  GRENADE              4    0%      13    1%
  REARM                4    0%      11    1%
  DRAG                 6    0%       6    0%
  PLANT                6    0%       6    0%
  GRAPPLE              4    0%       6    0%
  PATCH                4    0%       6    0%
  ITEM:FLASH           2    0%       3    0%
  HACK                 2    0%       2    0%
  BEACON               1    0%       2    0%

PLAYER CLASS PERFORMANCE:
  class        shots   hit%   dmg   kills
  SHARPSHOOTER    173    92%   1099     65
  GUNNER         240    86%   1043     69
  ASSAULT        236    82%    937     50
  RANGER         140    82%    692     48
  CORPSMAN        28    79%     78      4
  VIP              1   100%      3      0

SOLDIER DEATHS BY ENEMY CLASS (threat ranking):
  GRUNT      : 13
  STRIKE     : 12
  ELITE      : 11
  SHIELD     : 11
  LANCER     : 10
  DRONE      : 9
  SNIPER     : 6
  SAPPER     : 6
  BRUISER    : 4
  MORTAR     : 4
  WARBRINGER : 4
  BERSERKER  : 3
  HUNTER     : 3
  MEDIC      : 2
  HOUND      : 2
  TURRET     : 2
  SCREENER   : 2
  BURN       : 2
  SCOUT      : 1
  SLAM       : 1

SOLDIER DOWNS (FUL-7 bleed-out): 223 downs -> revived 6 / recovered 44 / bled out 152 / finished 21  (save-rate   22%)
  corpsman fielded in 23 missions

ENEMY COMPOSITION (spawns; faction-stamped fights n=581 / default-cascade fights n=240):
  class        faction         default
  GRUNT           67   12%       33   14%
  SCOUT           26    4%       60   25%
  DRONE           48    8%       22    9%
  TURRET          38    7%       15    6%
  SNIPER          36    6%       12    5%
  LANCER          24    4%       21    9%
  ELITE           36    6%        4    2%
  SCREENER        35    6%        4    2%
  HUNTER          23    4%       16    7%
  SHIELD          26    4%        7    3%
  BERSERKER       27    5%        4    2%
  MEDIC           27    5%        4    2%
  BRUISER         25    4%        5    2%
  MORTAR          26    4%        4    2%
  SAPPER          20    3%        5    2%
  PIKEMAN         17    3%        7    3%
  HOUND           12    2%       11    5%
  CUSTODIAN       19    3%        0    0%
  SPOTTER         17    3%        1    0%
  WARBRINGER      13    2%        1    0%
  STRIKER         10    2%        2    1%
  BOMBARD          9    2%        2    1%

PERK PICK FREQUENCY:
  GUN           : 16
  LCK           : 16
  CLH           : 14
  MRK           : 12
  GRD           : 12
  PLT           : 11
  FST           : 11
  MOM           : 11
  BND           : 10
  OUT           : 10
  SKR           : 9
  BRK           : 9
  TNK           : 8
  CQB           : 8
  RFX           : 7
  VNT           : 7
  EXC           : 7
  SGE           : 5
  HRD           : 5

SHOP PURCHASE FREQUENCY:
  FIELD MEDKIT      : 67
  WPN: SCOPE        : 57
  WPN: STABILIZER   : 51
  WPN: HOLLOW POINT : 37
  COMBAT STIMS      : 33
  ADV. TRAINING     : 28
  BALLISTIC PLATING : 27
  WPN: BIPOD        : 27
  WPN: EXTENDED MAG : 23
  FRAG CACHE        : 18
  COUNTER-PREP      : 16
  ARMORY            : 15
  WPN: SUPPRESSOR   : 11

BOON PICK FREQUENCY (PROCS = effect fires at instrumented sites; '-' = not instrumented;
                      PYR counts the +2-turn-burn half only — the Burning-immunity half is uninstrumented):
  code                 picks   PROCS
  RCL               :     6       3
  FDR               :     5       3
  FVR               :     5       -
  GHO               :     5       -
  GRN               :     5       -
  TRR               :     5      20
  FRT               :     4       -
  SCV               :     4       -
  FST               :     3      40
  MRK               :     3       -
  RPD               :     3       -
  SHK               :     3       0
  VNM               :     3       -
  PYR               :     2       0
  ADR               :     1       -
  EXE               :     1       -

RUN WIN-RATE BY BOON (campaign runs holding it):
  RCL               :   33% ±19  (in 6 runs)
  FDR               :    0% ±0  (in 5 runs)
  FVR               :   40% ±22  (in 5 runs)
  GHO               :   40% ±22  (in 5 runs)
  GRN               :   40% ±22  (in 5 runs)
  TRR               :   60% ±22  (in 5 runs)
  FRT               :   25% ±22  (in 4 runs)
  SCV               :   25% ±22  (in 4 runs)
  FST               :    0% ±0  (in 3 runs)
  MRK               :   67% ±27  (in 3 runs)
  RPD               :   33% ±27  (in 3 runs)
  SHK               :    0% ±0  (in 3 runs)
  VNM               :    0% ±0  (in 3 runs)
  PYR               :  100% ±0  (in 2 runs)
  ADR               :    0% ±0  (in 1 runs)
  EXE               :    0% ±0  (in 1 runs)

RUN WIN-RATE BY SPEC (campaign runs fielding it):
  ADN               :   13% ±12  (in 8 runs)
  JUG               :   40% ±22  (in 5 runs)
  HHT               :   50% ±25  (in 4 runs)
  SNT               :    0% ±0  (in 4 runs)
  PTH               :    0% ±0  (in 2 runs)
  ANC               :    0% ±0  (in 1 runs)
  BRC               :    0% ±0  (in 1 runs)

RUN WIN-RATE BY PERK (campaign runs holding it):
  LCK               :   25% ±13  (in 12 runs)
  MRK               :   17% ±11  (in 12 runs)
  CLH               :   50% ±16  (in 10 runs)
  GRD               :   20% ±13  (in 10 runs)
  GUN               :   30% ±14  (in 10 runs)
  BND               :   33% ±16  (in 9 runs)
  FST               :   38% ±17  (in 8 runs)
  MOM               :   25% ±15  (in 8 runs)
  OUT               :   13% ±12  (in 8 runs)
  PLT               :   25% ±15  (in 8 runs)
  BRK               :   43% ±19  (in 7 runs)
  EXC               :   29% ±17  (in 7 runs)
  VNT               :   29% ±17  (in 7 runs)
  RFX               :   17% ±15  (in 6 runs)
  SKR               :   33% ±19  (in 6 runs)
  TNK               :   33% ±19  (in 6 runs)
  CQB               :    0% ±0  (in 5 runs)
  HRD               :   25% ±22  (in 4 runs)
  SGE               :   25% ±22  (in 4 runs)

RUN WIN-RATE BY PURCHASE (campaign runs buying it):
  FIELD MEDKIT      :   26% ±10  (in 19 runs)
  COUNTER-PREP      :   31% ±13  (in 13 runs)
  WPN: SCOPE        :   38% ±13  (in 13 runs)
  ADV. TRAINING     :   17% ±11  (in 12 runs)
  ARMORY            :   42% ±14  (in 12 runs)
  COMBAT STIMS      :   25% ±13  (in 12 runs)
  WPN: STABILIZER   :   33% ±14  (in 12 runs)
  FRAG CACHE        :   18% ±12  (in 11 runs)
  BALLISTIC PLATING :   40% ±15  (in 10 runs)
  WPN: EXTENDED MAG :   50% ±16  (in 10 runs)
  WPN: BIPOD        :   33% ±16  (in 9 runs)
  WPN: HOLLOW POINT :   22% ±14  (in 9 runs)
  WPN: SUPPRESSOR   :   14% ±13  (in 7 runs)

RUN WIN-RATE BY EVENT-CHOICE (campaign runs taking id:arm):
  bloodfeud:1       :    0% ±0  (in 2 runs)
  bloodfeud:2       :   50% ±35  (in 2 runs)
  depot:0           :   50% ±35  (in 2 runs)
  drill:1           :   50% ±35  (in 2 runs)
  fieldhospital:2   :    0% ±0  (in 2 runs)
  grave:1           :    0% ±0  (in 2 runs)
  medic:1           :    0% ±0  (in 2 runs)
  quartermaster:1   :   50% ±35  (in 2 runs)
  reservecall:1     :  100% ±0  (in 2 runs)
  warpension:2      :    0% ±0  (in 2 runs)
  medic:0           :  100% ±0  (in 1 runs)
═══════════════════════════════════════════════════════════════════════

batch wall-time: 9.2s  (20 matches across 10 campaigns × 2 policy, frame-cap hits: 0)
aggregate JSON -> /home/user/wt/heat-pin/docs/measurements/l5/L5fac-m0a0b0-h6-b10.json
INFO: TEXTURE: [ID 2] Unloaded texture data from VRAM (GPU)
INFO: SHADER: [ID 3] Default shader unloaded successfully
INFO: TEXTURE: [ID 1] Default texture unloaded successfully
INFO: Window closed successfully
