BALANCE: heat PINNED for this batch (field-event AddHeat is a no-op; SIGHTLINE_HEATPIN=0 restores the leak)
INFO: Initializing raylib 6.0
INFO: Platform backend: DESKTOP (GLFW)
INFO: Supported raylib modules:
INFO:     > rcore:..... loaded (mandatory)
INFO:     > rlgl:...... loaded (mandatory)
INFO:     > rshapes:... loaded (optional)
INFO:     > rtextures:. loaded (optional)
INFO:     > rtext:..... loaded (optional)
INFO:     > rmodels:... loaded (optional)
INFO:     > raudio:.... loaded (optional)
INFO: DISPLAY: Trying to enable MSAA x4
INFO: DISPLAY: Device initialized successfully 
INFO:     > Display size: 1280 x 800
INFO:     > Screen size:  1280 x 800
INFO:     > Render size:  1280 x 800
INFO:     > Viewport offsets: 0, 0
INFO: GLAD: OpenGL extensions loaded successfully
INFO: GL: Supported extensions count: 229
INFO: GL: OpenGL device information:
INFO:     > Vendor:   Mesa
INFO:     > Renderer: llvmpipe (LLVM 20.1.2, 256 bits)
INFO:     > Version:  4.5 (Core Profile) Mesa 25.2.8-0ubuntu0.24.04.2
INFO:     > GLSL:     4.50
INFO: GL: VAO extension detected, VAO functions loaded successfully
INFO: GL: NPOT textures extension detected, full NPOT textures supported
INFO: GL: DXT compressed textures supported
INFO: GL: ETC2/EAC compressed textures supported
INFO: PLATFORM: DESKTOP (GLFW - X11): Initialized successfully
INFO: TEXTURE: [ID 1] Texture loaded successfully (1x1 | R8G8B8A8 | 1 mipmaps)
INFO: TEXTURE: [ID 1] Default texture loaded successfully
INFO: SHADER: [ID 1] Vertex shader compiled successfully
INFO: SHADER: [ID 2] Fragment shader compiled successfully
INFO: SHADER: [ID 3] Program shader loaded successfully
INFO: SHADER: [ID 3] Default shader loaded successfully
INFO: RLGL: Render batch vertex buffers loaded successfully in RAM (CPU)
INFO: RLGL: Render batch vertex buffers loaded successfully in VRAM (GPU)
INFO: RLGL: Default OpenGL state initialized successfully
INFO: TEXTURE: [ID 2] Texture loaded successfully (128x128 | GRAY_ALPHA | 1 mipmaps)
INFO: FONT: Default font loaded successfully (224 glyphs)
INFO: SYSTEM: Working Directory: /home/user/wt/heat-pin
INFO: TIMER: Target time per frame: 0.000 milliseconds
FINALE-KIT: Syndicate
WAVE: +3 (DRONE,SAPPER,DRONE) [rich]
WAVE: +1 (DRONE) [rich]
FINALE-KIT: Syndicate
WAVE: +3 (SHIELD,SPOTTER,SPOTTER) [rich]
WAVE: +3 (SHIELD,SAPPER,DRONE) [rich]
WAVE: +3 (SAPPER,SHIELD,SPOTTER) [rich]
FINALE-KIT: Syndicate
WAVE: +2 (DRONE,DRONE) [rich]
WAVE: +2 (DRONE,SPOTTER) [rich]
WAVE: +2 (SPOTTER,SAPPER) [rich]
FINALE-KIT: Syndicate
WAVE: +2 (SHIELD,GRUNT) [rich]
WAVE: +2 (SPOTTER,DRONE) [rich]
WAVE: +2 (DRONE,DRONE) [rich]
FINALE-KIT: Syndicate
WAVE: +2 (GRUNT,MEDIC) [rich]
WAVE: +2 (PIKEMAN,MORTAR) [rich]
WAVE: +2 (MORTAR,GRUNT) [rich]
WAVE: +3 (BERSERKER,SAPPER,MORTAR) [rich]
WAVE: +3 (GRUNT,MEDIC,SPOTTER) [rich]
WAVE: +3 (GRUNT,MORTAR,SAPPER) [rich]
WAVE: +3 (BERSERKER,SPOTTER,DRONE) [rich]
match 5/20  (W:3 L:2 cap:0)  4.8s
FINALE-KIT: Syndicate
WAVE: +2 (MORTAR,MORTAR) [rich]
WAVE: +2 (SNIPER,MEDIC) [rich]
WAVE: +1 (GRUNT) [rich]
WAVE: +3 (SHIELD,MORTAR,STRIKER) [rich]
WAVE: +3 (GRUNT,HOUND,PIKEMAN) [rich]
WAVE: +3 (MEDIC,SHIELD,HOUND) [rich]
REINFORCEMENTS: +2 (SCOUT,GRUNT)
REINFORCEMENTS: +2 (SCOUT,GRUNT)
REINFORCEMENTS: +3 (SCOUT,SCOUT,GRUNT)
REINFORCEMENTS: +2 (SCOUT,GRUNT)
REINFORCEMENTS: +2 (GRUNT,SCOUT)
REINFORCEMENTS: +3 (GRUNT,SCOUT,SCOUT)
FINALE-KIT: Legion
FINALE-KIT: Legion
FINALE-KIT: Legion
FINALE-KIT: Legion
match 10/20  (W:4 L:6 cap:0)  7.3s
FINALE-KIT: Legion
REINFORCEMENTS: +2 (GRUNT,GRUNT)
FINALE-KIT: Legion
FINALE-KIT: Legion
WAVE: +3 (PIKEMAN,SCREENER,MEDIC) [rich]
WAVE: +1 (GRUNT) [rich]
WAVE: +3 (MORTAR,MEDIC,MEDIC) [rich]
WAVE: +1 (CUSTODIAN) [rich]
FINALE-KIT: Legion
WAVE: +3 (SCREENER,MEDIC,MEDIC) [rich]
WAVE: +1 (GRUNT) [rich]
REINFORCEMENTS: +2 (GRUNT,SCOUT)
FINALE-KIT: Wardens
WAVE: +2 (GRUNT,GRUNT) [rich]
WAVE: +1 (SCOUT) [rich]
match 15/20  (W:4 L:11 cap:0)  8.7s
FINALE-KIT: Wardens
WAVE: +2 (MEDIC,MEDIC) [rich]
WAVE: +1 (SNIPER) [rich]
REINFORCEMENTS: +2 (GRUNT,SCOUT)
FINALE-KIT: Wardens
WAVE: +3 (LANCER,CUSTODIAN,HUNTER) [rich]
WAVE: +3 (SNIPER,HOUND,SPOTTER) [rich]
WAVE: +3 (SAPPER,BERSERKER,SNIPER) [rich]
FINALE-KIT: Wardens
WAVE: +3 (DRONE,SHIELD,SNIPER) [rich]
WAVE: +3 (SAPPER,MEDIC,LANCER) [rich]
WAVE: +1 (STRIKER) [rich]
FINALE-KIT: Wardens
WAVE: +3 (DRONE,SPOTTER,SCREENER) [rich]
WAVE: +3 (SAPPER,CUSTODIAN,SAPPER) [rich]
WAVE: +3 (DRONE,DRONE,SAPPER) [rich]
REINFORCEMENTS: +2 (SCOUT,GRUNT)
REINFORCEMENTS: +2 (SCOUT,SCOUT)
FINALE-KIT: Wardens
WAVE: +3 (DRONE,DRONE,DRONE) [rich]
WAVE: +3 (SAPPER,SCREENER,SCREENER) [rich]
WAVE: +2 (CUSTODIAN,SHIELD) [rich]
WAVE: +3 (SHIELD,SHIELD,SHIELD) [rich]
WAVE: +3 (SAPPER,SCREENER,SAPPER) [rich]
WAVE: +1 (SPOTTER) [rich]
REINFORCEMENTS: +2 (GRUNT,SCOUT)
match 20/20  (W:4 L:16 cap:0)  10.8s

══════════════════════ SIGHTLINE BALANCE REPORT ══════════════════════
runs=20  missions=77

RUN OUTCOMES (campaign):  win-rate   20%   avg missions cleared 4.0

POLICY GAP (optimal vs human-error; campaign runs only):
  greedy win-rate   20%  (n=10)
  sloppy win-rate   20%  (n=10)
  GAP    0 pts  (healthy slack)
  PAIRED (same-seed slots): pairs=10  concordant=8  discordant greedy-only-won=1 / sloppy-only-won=1  paired gap    0 pts
  PER-SLOT RECORDS (greedy | sloppy: outcome + missions cleared; margin = g−s):
    slot  90 @h6: W 6 | W 6   margin +0
    slot  91 @h6: W 6 | L 3   margin +3
    slot  92 @h6: L 4 | L 5   margin -1
    slot  93 @h6: L 3 | W 6   margin -3
    slot  94 @h6: L 2 | L 2   margin +0
    slot  95 @h6: L 1 | L 1   margin +0
    slot  96 @h6: L 4 | L 5   margin -1
    slot  97 @h6: L 4 | L 5   margin -1
    slot  98 @h6: L 5 | L 4   margin +1
    slot  99 @h6: L 4 | L 4   margin +0
  PAIRED MARGIN (missions cleared, all pairs): -0.20 ±0.49 SE  (n=10 pairs)
  by objective (greedy / sloppy / gap):
    Decapitate :   50% /   33% / gap   17
    Defend     :   88% /  100% / gap  -13
    Eliminate  :   85% /   92% / gap   -7
    Escort     :   50% /   75% / gap  -25
    Evac       :  100% /   67% / gap   33
    Hack       :   67% /   67% / gap    0
    Rescue     :  100% /  100% / gap    0
    Sabotage   :  100% /  100% / gap    0

DECISION RICHNESS / SWING:
  meaningful-choices/turn 2.18   lead-swings/match 0.9   avg max-swing 64.1
  [shot-gate] acting-soldiers/turn 3.20   armed-soldiers/turn 1.14   armed-fraction 36%   turns-with-a-shot 52%   choices/ARMED-soldier-turn 1.91
  [choice-split] los-targets/ARMED 2.39   target-choices/ARMED 0.29   position-choices/ARMED 1.62

RUN COMPLETION BY HEAT (full-campaign clears):
  heat 6:   20% ±9  (n=20 runs, avg 4.0 missions)
  HEAT LEAK: pinned=yes  heat-raising picks=3  campaigns raised=0  missions off-rung=0/77

INTEL ECONOMY BY HEAT (campaign runs; heat-bonus = the Heat.IntelBonus share of income):
  heat 6: earned  229.1/run   heat-bonus 102.6 (  45% of income)   spent  215.7   unspent   13.5

MISSION WIN-RATE BY HEAT:
  heat 6:   79%  (n=77, avg 5.6 turns)

MISSION WIN-RATE BY OBJECTIVE:
  Eliminate  :   88% ±6  (n=25, avg 4.1 turns)
  Defend     :   94% ±6  (n=16, avg 8.8 turns)
  Decapitate :   40% ±15  (n=10, avg 6.6 turns)
  Escort     :   63% ±17  (n=8, avg 5.6 turns)
  Evac       :   83% ±15  (n=6, avg 4.5 turns)
  Hack       :   67% ±19  (n=6, avg 4.8 turns)
  Rescue     :  100% ±0  (n=4, avg 4.8 turns)
  Sabotage   :  100% ±0  (n=2, avg 3.0 turns)

MISSION WIN-RATE BY OBJECTIVE x NODE KIND (a capstone must never pool with a mid-run node):
  Eliminate  : Start: 100%(n=20)  Supply:  67%(n=3)  Combat:   0%(n=2)
               depth: m1:100%(20) m3:0%(2) m5:67%(3)
  Defend     : Combat: 100%(n=8)  Elite: 100%(n=4)  Supply:  75%(n=4)
               depth: m2:100%(2) m3:100%(4) m4:100%(6) m5:75%(4)
  Decapitate : Boss:  50%(n=8)  Combat:   0%(n=2)
               depth: m2:0%(2) m6:50%(8)
  Escort     : Elite:  75%(n=4)  Combat:  50%(n=4)
               depth: m4:75%(4) m5:50%(4)
  Evac       : Combat: 100%(n=4)  Elite:  50%(n=2)
               depth: m3:100%(2) m4:75%(4)
  Hack       : Combat: 100%(n=2)  Elite: 100%(n=2)  Supply:   0%(n=2)
               depth: m3:100%(2) m4:100%(2) m5:0%(2)
  Rescue     : Supply: 100%(n=2)  Elite: 100%(n=2)
               depth: m2:100%(4)
  Sabotage   : Supply: 100%(n=2)
               depth: m3:100%(2)

ENCOUNTER COMPLETION on MID-RUN nodes (Combat+Elite) — clear% is the share of the fight actually fought:
  objective     n   win%   turns   force    +rf  killed  clear%   prs  WONclear%
  Defend        12  100%     9.0    7.67   5.50    2.50    19.0  0.00     19.0 (n=12)
  Escort         8   63%     5.6   10.75   0.00    2.00    18.6  0.00     22.2 (n=5)
  Evac           6   83%     4.5   10.00   0.00    0.33     3.3  0.00      4.1 (n=5)
  Hack           4  100%     3.8   10.50   0.00    2.00    19.0  0.00     19.0 (n=4)
  Rescue         2  100%     7.0    8.00   0.00    3.00    37.5  0.00     37.5 (n=2)
  Eliminate      2    0%     6.0    9.00   0.00    3.50    38.9  1.00      0.0 (n=0)
  Decapitate     2    0%     6.5    6.00   1.00    0.50     7.1  1.00      0.0 (n=0)
  ---- the two classes ----
  KILL           4    0%     6.3    7.50   0.50    2.00    25.0  1.00      0.0 (n=0)
  NON-KILL      32   88%     6.5    9.25   2.06    1.94    17.1  0.00     18.2 (n=28)

DECAPITATE HVT (buff = +6+1*mission HP, +6 aim; ELITE exempt):
  EXEMPT  :   50% ±18  (n=8, avg 6.6 turns, HVT 22.0 max HP)  [m6:50%(8)]
  BUFFED  :    0% ±0  (n=2, avg 6.5 turns, HVT 18.5 max HP)  [m2:0%(2)]

MISSION WIN-RATE BY MISSION #:
  m1:  100% ±0  (n=20)
  m2:   75% ±15  (n=8)
  m3:   83% ±11  (n=12)
  m4:   88% ±8  (n=16)
  m5:   54% ±14  (n=13)
  m6:   50% ±18  (n=8)

LOSS CAUSES (missions):
  RUN OVER              : 13
  VIP LOST              : 3

MISSION WIN-RATE BY ARENA (authored layouts, n>=3; procedural fallback   17% of 77 missions):
  arena  5:   63% ±17  (n=8, avg 4.9 turns)  [m3:50%(4) m4:100%(2) m5:50%(2)]
  arena  7:  100% ±0  (n=3, avg 3.3 turns)  [m1:100%(2) m4:100%(1)]
  arena  9:   67% ±27  (n=3, avg 7.3 turns)  [m4:67%(3)]
  arena 10:   43% ±19  (n=7, avg 5.6 turns)  [m2:60%(5) m5:0%(1) m6:0%(1)]
  arena 12:   67% ±27  (n=3, avg 6.0 turns)  [m4:100%(1) m5:100%(1) m6:0%(1)]
  arena 14:  100% ±0  (n=4, avg 6.8 turns)  [m2:100%(2) m4:100%(2)]
  arena 15:  100% ±0  (n=4, avg 3.8 turns)  [m1:100%(2) m3:100%(2)]
  arena 30:  100% ±0  (n=4, avg 4.0 turns)  [m1:100%(4)]
  arena 33:   67% ±27  (n=3, avg 8.0 turns)  [m4:100%(1) m5:50%(2)]
  procedural:   69% ±13  (n=13, avg 6.9 turns)  [m1:100%(2) m2:100%(1) m3:100%(1) m4:75%(4) m5:50%(2) m6:33%(3)]

DEPLOYMENT GEOMETRY (opening shape; choices/ARMED is the wave's real gate):
  FRONTAL   :   90%  (n=30, avg 5.6 turns)  choices/turn 1.48  choices/ARMED 1.74  los-targets/ARMED 2.38
  PINCER    :   70% ±10  (n=23, avg 5.8 turns)  choices/turn 1.90  choices/ARMED 1.73  los-targets/ARMED 2.24
  CROSSFIRE :   86% ±13  (n=7, avg 5.6 turns)  choices/turn 1.24  choices/ARMED 1.50  los-targets/ARMED 3.18
  ENVELOP   :   71% ±11  (n=17, avg 5.5 turns)  choices/turn 4.31  choices/ARMED 2.29  los-targets/ARMED 2.38

ARENA FUNNEL (Mission.Build exits, n=92 builds, all modes):
  authored-applied    :  80.4%  (n=74)
  connectivity-reject :   0.0%  (n=0)
  procedural-roll     :  19.6%  (n=18)

DECK EXPOSURE (campaign runs n=20):
  distinct authored arenas/run : 3.20 mean (all runs)
  ... full-depth runs only     : 4.50 mean over 5.3 fights/run (n=4)
  Defend dealt on the route    :   70% of runs (n=14)

ENEMY DECISION MIX (contested acts=1707; all-downed acts not counted=604):
  shoot           967    57%
  hunker          435    25%
  move            120     7%
  heal             38     2%
  grenade          37     2%
  siege            35     2%
  reload           33     2%
  item             12     1%
  brace            10     1%
  overwatch        10     1%
  sap               6     0%
  staleplan         3     0%
  relock            1     0%

  the shot on the table (acts where the chosen tile HAD a shot = 1043):
    hit% band     taken   share   E[dmg]/shot   declined   share   E[dmg]/shot
      0-19           1      0%          0.66          0      0%          0.00
     20-39          14      1%          0.90          9     75%          0.91
     40-59         115     12%          1.54          3     25%          1.63
     60-79         349     36%          2.27          0      0%          0.00
      80+          488     50%          3.40          0      0%          0.00
    TOTAL           967                             12
  taken   93% / DECLINED    1% / preempted by another verb    6%
  enemy lanes held (overwatch+brace) 20; reaction shots fired 5  ->   25% of lanes paid off   [C2: DeclineWatchRatio is a bet on this number]

ACTION MIX (verbs issued, by policy):
  verb                  greedy        sloppy
  MOVE               446   35%     654   42%
  SHOOT              360   28%     413   27%
  FOCUS               84    7%      63    4%
  OVERWATCH           63    5%      63    4%
  RELOAD              35    3%      55    4%
  SLIPSTREAM          49    4%      37    2%
  BRACE               38    3%      43    3%
  STABILIZE           36    3%      44    3%
  INTEL               36    3%      41    3%
  HUNKER              31    2%      39    3%
  ITEM:SMOKE          23    2%      22    1%
  MARK                16    1%      20    1%
  PIN                 13    1%      11    1%
  DRAG                 9    1%       7    0%
  REARM                7    1%       8    1%
  GRAPPLE              5    0%       6    0%
  GRENADE              2    0%       8    1%
  HACK                 5    0%       5    0%
  BEACON               6    0%       3    0%
  PLANT                3    0%       5    0%
  PATCH                5    0%       3    0%
  BARREL               2    0%       4    0%
  EXTRACT              1    0%       1    0%
  ITEM:BARRICADE       1    0%       0    0%
  ITEM:INCENDIARY       0    0%       1    0%
  ITEM:FLASH           0    0%       1    0%

PLAYER CLASS PERFORMANCE:
  class        shots   hit%   dmg   kills
  SHARPSHOOTER    178    91%   1222     71
  GUNNER         229    82%   1014     64
  RANGER         128    89%    747     41
  ASSAULT        183    77%    627     32
  CORPSMAN        30    80%     79      0
  VIP              2     0%      0      0

SOLDIER DEATHS BY ENEMY CLASS (threat ranking):
  SNIPER     : 20
  STRIKE     : 18
  ELITE      : 15
  SCREENER   : 13
  SAPPER     : 9
  BURN       : 8
  DRONE      : 7
  SHIELD     : 6
  LANCER     : 5
  BRUISER    : 5
  GRUNT      : 4
  MORTAR     : 3
  HUNTER     : 3
  SPOTTER    : 3
  MEDIC      : 3
  HOUND      : 2
  TURRET     : 1
  PIKEMAN    : 1
  CUSTODIAN  : 1
  SCOUT      : 1
  WARBRINGER : 1

SOLDIER DOWNS (FUL-7 bleed-out): 265 downs -> revived 6 / recovered 63 / bled out 162 / finished 27  (save-rate   29%)
  corpsman fielded in 24 missions

ENEMY COMPOSITION (spawns; faction-stamped fights n=595 / default-cascade fights n=259):
  class        faction         default
  GRUNT           61   10%       44   17%
  SCOUT           19    3%       52   20%
  SCREENER        59   10%        4    2%
  DRONE           51    9%       12    5%
  SNIPER          49    8%       14    5%
  MEDIC           38    6%       12    5%
  ELITE           33    6%       13    5%
  MORTAR          33    6%        9    3%
  CUSTODIAN       33    6%        6    2%
  SAPPER          28    5%        7    3%
  SPOTTER         22    4%       12    5%
  SHIELD          30    5%        3    1%
  TURRET          28    5%        3    1%
  HUNTER          15    3%       16    6%
  PIKEMAN         25    4%        3    1%
  LANCER          18    3%        9    3%
  STRIKER          8    1%       17    7%
  BRUISER         20    3%        1    0%
  BERSERKER        9    2%        9    3%
  HOUND            4    1%       11    4%
  BOMBARD          7    1%        2    1%
  WARBRINGER       5    1%        0    0%

PERK PICK FREQUENCY:
  LCK           : 17
  TNK           : 14
  MOM           : 12
  CQB           : 12
  SGE           : 12
  GUN           : 11
  OUT           : 10
  FST           : 10
  HRD           : 9
  GRD           : 9
  RFX           : 8
  EXC           : 8
  SKR           : 8
  CLH           : 7
  MRK           : 7
  VNT           : 6
  PLT           : 6
  BND           : 5
  BRK           : 4

SHOP PURCHASE FREQUENCY:
  FIELD MEDKIT      : 93
  WPN: HOLLOW POINT : 69
  WPN: SCOPE        : 46
  WPN: STABILIZER   : 40
  WPN: BIPOD        : 28
  FRAG CACHE        : 28
  BALLISTIC PLATING : 27
  COMBAT STIMS      : 25
  COUNTER-PREP      : 19
  ARMORY            : 15
  ADV. TRAINING     : 12
  WPN: SUPPRESSOR   : 10
  WPN: EXTENDED MAG : 10

BOON PICK FREQUENCY (PROCS = effect fires at instrumented sites; '-' = not instrumented;
                      PYR counts the +2-turn-burn half only — the Burning-immunity half is uninstrumented):
  code                 picks   PROCS
  SCV               :     8       -
  ADR               :     6       -
  FRT               :     5       -
  EXE               :     4       -
  GRN               :     4       -
  MRK               :     4       -
  PYR               :     4       0
  RPD               :     4       -
  FST               :     3      56
  RCL               :     3       0
  TRR               :     3      11
  FDR               :     2       0
  FVR               :     2       -
  GHO               :     2       -
  VNM               :     2       -
  SHK               :     1       0

RUN WIN-RATE BY BOON (campaign runs holding it):
  SCV               :   25% ±15  (in 8 runs)
  ADR               :   17% ±15  (in 6 runs)
  FRT               :   60% ±22  (in 5 runs)
  EXE               :   25% ±22  (in 4 runs)
  GRN               :   25% ±22  (in 4 runs)
  MRK               :   50% ±25  (in 4 runs)
  PYR               :   25% ±22  (in 4 runs)
  RPD               :   25% ±22  (in 4 runs)
  FST               :   67% ±27  (in 3 runs)
  RCL               :    0% ±0  (in 3 runs)
  TRR               :    0% ±0  (in 3 runs)
  FDR               :    0% ±0  (in 2 runs)
  FVR               :  100% ±0  (in 2 runs)
  GHO               :    0% ±0  (in 2 runs)
  VNM               :   50% ±35  (in 2 runs)
  SHK               :    0% ±0  (in 1 runs)

RUN WIN-RATE BY SPEC (campaign runs fielding it):
  SNT               :   33% ±19  (in 6 runs)
  ADN               :   40% ±22  (in 5 runs)
  ANC               :   33% ±27  (in 3 runs)
  BRC               :   33% ±27  (in 3 runs)
  HHT               :   67% ±27  (in 3 runs)
  PHN               :    0% ±0  (in 2 runs)
  PTH               :  100% ±0  (in 1 runs)

RUN WIN-RATE BY PERK (campaign runs holding it):
  LCK               :   33% ±14  (in 12 runs)
  OUT               :   40% ±15  (in 10 runs)
  FST               :   22% ±14  (in 9 runs)
  MOM               :   33% ±16  (in 9 runs)
  TNK               :   22% ±14  (in 9 runs)
  CQB               :   13% ±12  (in 8 runs)
  GUN               :   38% ±17  (in 8 runs)
  SGE               :   25% ±15  (in 8 runs)
  EXC               :   29% ±17  (in 7 runs)
  GRD               :   14% ±13  (in 7 runs)
  CLH               :   33% ±19  (in 6 runs)
  HRD               :   33% ±19  (in 6 runs)
  MRK               :   33% ±19  (in 6 runs)
  RFX               :   33% ±19  (in 6 runs)
  SKR               :   33% ±19  (in 6 runs)
  BND               :   40% ±22  (in 5 runs)
  PLT               :   20% ±18  (in 5 runs)
  VNT               :   20% ±18  (in 5 runs)
  BRK               :   25% ±22  (in 4 runs)

RUN WIN-RATE BY PURCHASE (campaign runs buying it):
  FIELD MEDKIT      :   21% ±9  (in 19 runs)
  WPN: HOLLOW POINT :   27% ±11  (in 15 runs)
  BALLISTIC PLATING :   23% ±12  (in 13 runs)
  WPN: SCOPE        :   31% ±13  (in 13 runs)
  ARMORY            :   25% ±13  (in 12 runs)
  COUNTER-PREP      :   33% ±14  (in 12 runs)
  FRAG CACHE        :   25% ±13  (in 12 runs)
  WPN: BIPOD        :   25% ±13  (in 12 runs)
  WPN: STABILIZER   :   18% ±12  (in 11 runs)
  COMBAT STIMS      :   10% ±9  (in 10 runs)
  WPN: SUPPRESSOR   :   22% ±14  (in 9 runs)
  WPN: EXTENDED MAG :   13% ±12  (in 8 runs)
  ADV. TRAINING     :   57% ±19  (in 7 runs)

RUN WIN-RATE BY EVENT-CHOICE (campaign runs taking id:arm):
  depot:0           :    0% ±0  (in 4 runs)
  relic:0           :   33% ±27  (in 3 runs)
  defector:0        :    0% ±0  (in 2 runs)
  depot:1           :    0% ±0  (in 2 runs)
  profiteer:0       :    0% ±0  (in 2 runs)
  profiteer:1       :  100% ±0  (in 2 runs)
  quartermaster:1   :    0% ±0  (in 2 runs)
  warchest:1        :    0% ±0  (in 2 runs)
═══════════════════════════════════════════════════════════════════════

batch wall-time: 10.8s  (20 matches across 10 campaigns × 2 policy, frame-cap hits: 0)
aggregate JSON -> /home/user/wt/heat-pin/docs/measurements/l5/L5fac-m0a1b1-h6-b90.json
INFO: TEXTURE: [ID 2] Unloaded texture data from VRAM (GPU)
INFO: SHADER: [ID 3] Default shader unloaded successfully
INFO: TEXTURE: [ID 1] Default texture unloaded successfully
INFO: Window closed successfully
