BALANCE: heat PINNED for this batch (field-event AddHeat is a no-op; SIGHTLINE_HEATPIN=0 restores the leak)
INFO: Initializing raylib 6.0
INFO: Platform backend: DESKTOP (GLFW)
INFO: Supported raylib modules:
INFO:     > rcore:..... loaded (mandatory)
INFO:     > rlgl:...... loaded (mandatory)
INFO:     > rshapes:... loaded (optional)
INFO:     > rtextures:. loaded (optional)
INFO:     > rtext:..... loaded (optional)
INFO:     > rmodels:... loaded (optional)
INFO:     > raudio:.... loaded (optional)
INFO: DISPLAY: Trying to enable MSAA x4
INFO: DISPLAY: Device initialized successfully 
INFO:     > Display size: 1280 x 800
INFO:     > Screen size:  1280 x 800
INFO:     > Render size:  1280 x 800
INFO:     > Viewport offsets: 0, 0
INFO: GLAD: OpenGL extensions loaded successfully
INFO: GL: Supported extensions count: 229
INFO: GL: OpenGL device information:
INFO:     > Vendor:   Mesa
INFO:     > Renderer: llvmpipe (LLVM 20.1.2, 256 bits)
INFO:     > Version:  4.5 (Core Profile) Mesa 25.2.8-0ubuntu0.24.04.2
INFO:     > GLSL:     4.50
INFO: GL: VAO extension detected, VAO functions loaded successfully
INFO: GL: NPOT textures extension detected, full NPOT textures supported
INFO: GL: DXT compressed textures supported
INFO: GL: ETC2/EAC compressed textures supported
INFO: PLATFORM: DESKTOP (GLFW - X11): Initialized successfully
INFO: TEXTURE: [ID 1] Texture loaded successfully (1x1 | R8G8B8A8 | 1 mipmaps)
INFO: TEXTURE: [ID 1] Default texture loaded successfully
INFO: SHADER: [ID 1] Vertex shader compiled successfully
INFO: SHADER: [ID 2] Fragment shader compiled successfully
INFO: SHADER: [ID 3] Program shader loaded successfully
INFO: SHADER: [ID 3] Default shader loaded successfully
INFO: RLGL: Render batch vertex buffers loaded successfully in RAM (CPU)
INFO: RLGL: Render batch vertex buffers loaded successfully in VRAM (GPU)
INFO: RLGL: Default OpenGL state initialized successfully
INFO: TEXTURE: [ID 2] Texture loaded successfully (128x128 | GRAY_ALPHA | 1 mipmaps)
INFO: FONT: Default font loaded successfully (224 glyphs)
INFO: SYSTEM: Working Directory: /home/user/wt/heat-pin
INFO: TIMER: Target time per frame: 0.000 milliseconds
FINALE-KIT: Syndicate
WAVE: +3 (DRONE,DRONE,SPOTTER) [rich]
WAVE: +2 (SHIELD,SCREENER) [rich]
FINALE-KIT: Syndicate
WAVE: +3 (SAPPER,SCREENER,SAPPER) [rich]
WAVE: +3 (SCREENER,SHIELD,GRUNT) [rich]
WAVE: +1 (SHIELD) [rich]
FINALE-KIT: Syndicate
WAVE: +2 (DRONE,DRONE) [rich]
WAVE: +2 (DRONE,SPOTTER) [rich]
WAVE: +2 (SPOTTER,SAPPER) [rich]
FINALE-KIT: Syndicate
WAVE: +2 (SHIELD,GRUNT) [rich]
WAVE: +2 (SPOTTER,DRONE) [rich]
WAVE: +2 (DRONE,DRONE) [rich]
FINALE-KIT: Syndicate
WAVE: +2 (GRUNT,MEDIC) [rich]
WAVE: +2 (MEDIC,GRUNT) [rich]
WAVE: +1 (CUSTODIAN) [rich]
match 5/20  (W:3 L:2 cap:0)  4.5s
FINALE-KIT: Syndicate
WAVE: +2 (MORTAR,MORTAR) [rich]
WAVE: +2 (SCREENER,SNIPER) [rich]
WAVE: +1 (SCREENER) [rich]
WAVE: +3 (DRONE,SCREENER,HUNTER) [rich]
WAVE: +3 (SAPPER,HOUND,SHIELD) [rich]
WAVE: +3 (SAPPER,MEDIC,MORTAR) [rich]
WAVE: +3 (BERSERKER,LANCER,BERSERKER) [rich]
WAVE: +2 (BERSERKER,GRUNT) [rich]
FINALE-KIT: Legion
FINALE-KIT: Legion
FINALE-KIT: Legion
FINALE-KIT: Legion
match 10/20  (W:4 L:6 cap:0)  5.9s
FINALE-KIT: Legion
REINFORCEMENTS: +2 (SCOUT,GRUNT)
FINALE-KIT: Legion
FINALE-KIT: Legion
WAVE: +3 (PIKEMAN,SCREENER,MEDIC) [rich]
WAVE: +1 (GRUNT) [rich]
WAVE: +3 (MORTAR,MEDIC,MEDIC) [rich]
WAVE: +1 (CUSTODIAN) [rich]
FINALE-KIT: Legion
WAVE: +3 (SCREENER,MEDIC,MEDIC) [rich]
WAVE: +1 (GRUNT) [rich]
FINALE-KIT: Wardens
WAVE: +2 (GRUNT,GRUNT) [rich]
WAVE: +1 (SCOUT) [rich]
match 15/20  (W:5 L:10 cap:0)  6.9s
FINALE-KIT: Wardens
WAVE: +2 (MEDIC,MEDIC) [rich]
WAVE: +2 (SCREENER,MORTAR) [rich]
WAVE: +1 (PIKEMAN) [rich]
FINALE-KIT: Wardens
WAVE: +3 (CUSTODIAN,BERSERKER,BERSERKER) [rich]
WAVE: +3 (HUNTER,HUNTER,HUNTER) [rich]
WAVE: +3 (STRIKER,CUSTODIAN,HUNTER) [rich]
FINALE-KIT: Wardens
WAVE: +3 (BERSERKER,SNIPER,BERSERKER) [rich]
WAVE: +2 (SAPPER,HUNTER) [rich]
WAVE: +2 (BERSERKER,MORTAR) [rich]
FINALE-KIT: Wardens
WAVE: +3 (DRONE,SCREENER,CUSTODIAN) [rich]
WAVE: +3 (SHIELD,GRUNT,SHIELD) [rich]
WAVE: +3 (SPOTTER,SAPPER,DRONE) [rich]
FINALE-KIT: Wardens
WAVE: +3 (GRUNT,SHIELD,DRONE) [rich]
WAVE: +3 (SAPPER,DRONE,SHIELD) [rich]
WAVE: +3 (SHIELD,SPOTTER,GRUNT) [rich]
WAVE: +2 (SHIELD,DRONE) [rich]
match 20/20  (W:5 L:15 cap:0)  8.7s

══════════════════════ SIGHTLINE BALANCE REPORT ══════════════════════
runs=20  missions=75

RUN OUTCOMES (campaign):  win-rate   25%   avg missions cleared 4.0

POLICY GAP (optimal vs human-error; campaign runs only):
  greedy win-rate   20%  (n=10)
  sloppy win-rate   30%  (n=10)
  GAP  -10 pts  (healthy slack)
  PAIRED (same-seed slots): pairs=10  concordant=7  discordant greedy-only-won=1 / sloppy-only-won=2  paired gap  -10 pts
  PER-SLOT RECORDS (greedy | sloppy: outcome + missions cleared; margin = g−s):
    slot  90 @h6: W 6 | L 5   margin +1
    slot  91 @h6: W 6 | W 6   margin +0
    slot  92 @h6: L 3 | L 4   margin -1
    slot  93 @h6: L 3 | W 6   margin -3
    slot  94 @h6: L 2 | L 2   margin +0
    slot  95 @h6: L 1 | L 1   margin +0
    slot  96 @h6: L 4 | W 6   margin -2
    slot  97 @h6: L 4 | L 4   margin +0
    slot  98 @h6: L 5 | L 4   margin +1
    slot  99 @h6: L 4 | L 3   margin +1
  PAIRED MARGIN (missions cleared, all pairs): -0.30 ±0.42 SE  (n=10 pairs)
  by objective (greedy / sloppy / gap):
    Decapitate :   50% /   60% / gap  -10
    Defend     :  100% /   75% / gap   25
    Eliminate  :   85% /   92% / gap   -8
    Escort     :   25% /   50% / gap  -25
    Evac       :  100% /  100% / gap    0
    Hack       :   67% /  100% / gap  -33
    Rescue     :  100% /  100% / gap    0
    Sabotage   :  100% /  100% / gap    0

DECISION RICHNESS / SWING:
  meaningful-choices/turn 2.49   lead-swings/match 0.8   avg max-swing 62.3
  [shot-gate] acting-soldiers/turn 3.19   armed-soldiers/turn 1.18   armed-fraction 37%   turns-with-a-shot 55%   choices/ARMED-soldier-turn 2.12
  [choice-split] los-targets/ARMED 2.46   target-choices/ARMED 0.37   position-choices/ARMED 1.74

RUN COMPLETION BY HEAT (full-campaign clears):
  heat 6:   25% ±10  (n=20 runs, avg 4.0 missions)
  HEAT LEAK: pinned=yes  heat-raising picks=3  campaigns raised=0  missions off-rung=0/75

INTEL ECONOMY BY HEAT (campaign runs; heat-bonus = the Heat.IntelBonus share of income):
  heat 6: earned  218.5/run   heat-bonus  99.0 (  45% of income)   spent  206.2   unspent   12.4

MISSION WIN-RATE BY HEAT:
  heat 6:   80%  (n=75, avg 5.4 turns)

MISSION WIN-RATE BY OBJECTIVE:
  Eliminate  :   88% ±6  (n=26, avg 4.5 turns)
  Defend     :   87% ±9  (n=15, avg 8.7 turns)
  Decapitate :   56% ±17  (n=9, avg 4.7 turns)
  Escort     :   38% ±17  (n=8, avg 5.6 turns)
  Evac       :  100% ±0  (n=6, avg 4.0 turns)
  Hack       :   80% ±18  (n=5, avg 3.6 turns)
  Rescue     :  100% ±0  (n=4, avg 5.3 turns)
  Sabotage   :  100% ±0  (n=2, avg 3.0 turns)

MISSION WIN-RATE BY OBJECTIVE x NODE KIND (a capstone must never pool with a mid-run node):
  Eliminate  : Start: 100%(n=20)  Supply:  75%(n=4)  Combat:   0%(n=2)
               depth: m1:100%(20) m3:0%(2) m5:75%(4)
  Defend     : Combat:  88%(n=8)  Elite: 100%(n=4)  Supply:  67%(n=3)
               depth: m2:100%(2) m3:100%(4) m4:83%(6) m5:67%(3)
  Decapitate : Boss:  71%(n=7)  Combat:   0%(n=2)
               depth: m2:0%(2) m6:71%(7)
  Escort     : Elite:  25%(n=4)  Combat:  50%(n=4)
               depth: m4:50%(4) m5:25%(4)
  Evac       : Combat: 100%(n=4)  Elite: 100%(n=2)
               depth: m3:100%(2) m4:100%(4)
  Hack       : Combat: 100%(n=2)  Elite: 100%(n=2)  Supply:   0%(n=1)
               depth: m3:100%(2) m4:100%(2) m5:0%(1)
  Rescue     : Supply: 100%(n=2)  Elite: 100%(n=2)
               depth: m2:100%(4)
  Sabotage   : Supply: 100%(n=2)
               depth: m3:100%(2)

ENCOUNTER COMPLETION on MID-RUN nodes (Combat+Elite) — clear% is the share of the fight actually fought:
  objective     n   win%   turns   force    +rf  killed  clear%   prs  WONclear%
  Defend        12   92%     8.9    7.67   5.33    1.92    14.7  0.00     15.4 (n=11)
  Escort         8   38%     5.6   10.75   0.00    2.00    18.6  0.00     12.5 (n=3)
  Evac           6  100%     4.0   10.00   0.00    0.50     5.0  0.00      5.0 (n=6)
  Hack           4  100%     3.3   10.50   0.00    1.25    11.9  0.00     11.9 (n=4)
  Rescue         2  100%     5.0    8.00   0.00    3.00    37.5  0.00     37.5 (n=2)
  Eliminate      2    0%     6.5    9.00   0.00    1.00    11.1  1.00      0.0 (n=0)
  Decapitate     2    0%     7.0    6.00   1.00    1.50    21.4  1.50      0.0 (n=0)
  ---- the two classes ----
  KILL           4    0%     6.8    7.50   0.50    1.25    15.6  1.25      0.0 (n=0)
  NON-KILL      32   81%     6.2    9.25   2.00    1.66    14.7  0.00     13.7 (n=26)

DECAPITATE HVT (buff = +6+1*mission HP, +6 aim; ELITE exempt):
  EXEMPT  :   71% ±17  (n=7, avg 4.0 turns, HVT 21.9 max HP)  [m6:71%(7)]
  BUFFED  :    0% ±0  (n=2, avg 7.0 turns, HVT 17.5 max HP)  [m2:0%(2)]

MISSION WIN-RATE BY MISSION #:
  m1:  100% ±0  (n=20)
  m2:   75% ±15  (n=8)
  m3:   83% ±11  (n=12)
  m4:   81% ±10  (n=16)
  m5:   50% ±14  (n=12)
  m6:   71% ±17  (n=7)

LOSS CAUSES (missions):
  RUN OVER              : 10
  VIP LOST              : 5

MISSION WIN-RATE BY ARENA (authored layouts, n>=3; procedural fallback   19% of 75 missions):
  arena  5:   71% ±17  (n=7, avg 4.6 turns)  [m3:67%(3) m4:100%(2) m5:50%(2)]
  arena  9:   33% ±27  (n=3, avg 7.0 turns)  [m4:33%(3)]
  arena 10:   60% ±22  (n=5, avg 5.2 turns)  [m2:67%(3) m5:0%(1) m6:100%(1)]
  arena 12:   75% ±22  (n=4, avg 6.8 turns)  [m4:100%(1) m5:100%(2) m6:0%(1)]
  arena 14:   75% ±22  (n=4, avg 7.3 turns)  [m2:100%(2) m4:50%(2)]
  arena 15:  100% ±0  (n=4, avg 3.8 turns)  [m1:100%(2) m3:100%(2)]
  arena 30:  100% ±0  (n=4, avg 3.8 turns)  [m1:100%(4)]
  arena 31:  100% ±0  (n=4, avg 3.5 turns)  [m1:100%(2) m6:100%(2)]
  procedural:   71% ±12  (n=14, avg 5.7 turns)  [m1:100%(2) m2:67%(3) m3:50%(2) m4:100%(5) m5:0%(2)]

DEPLOYMENT GEOMETRY (opening shape; choices/ARMED is the wave's real gate):
  FRONTAL   :   94%  (n=31, avg 5.6 turns)  choices/turn 2.34  choices/ARMED 2.15  los-targets/ARMED 2.13
  PINCER    :   73% ±9  (n=22, avg 5.2 turns)  choices/turn 2.24  choices/ARMED 1.94  los-targets/ARMED 2.58
  CROSSFIRE :   86% ±13  (n=7, avg 5.6 turns)  choices/turn 1.88  choices/ARMED 2.00  los-targets/ARMED 3.66
  ENVELOP   :   60% ±13  (n=15, avg 5.1 turns)  choices/turn 3.53  choices/ARMED 2.29  los-targets/ARMED 2.53

ARENA FUNNEL (Mission.Build exits, n=87 builds, all modes):
  authored-applied    :  79.3%  (n=69)
  connectivity-reject :   0.0%  (n=0)
  procedural-roll     :  20.7%  (n=18)

DECK EXPOSURE (campaign runs n=20):
  distinct authored arenas/run : 3.05 mean (all runs)
  ... full-depth runs only     : 4.40 mean over 5.2 fights/run (n=5)
  Defend dealt on the route    :   70% of runs (n=14)

ENEMY DECISION MIX (contested acts=1425; all-downed acts not counted=457):
  shoot           836    59%
  hunker          281    20%
  move            143    10%
  siege            39     3%
  grenade          36     3%
  heal             30     2%
  reload           27     2%
  item             11     1%
  brace            10     1%
  overwatch         7     0%
  sap               4     0%
  shove             1     0%

  the shot on the table (acts where the chosen tile HAD a shot = 912):
    hit% band     taken   share   E[dmg]/shot   declined   share   E[dmg]/shot
      0-19           0      0%          0.00          0      0%          0.00
     20-39          13      2%          0.79          2     29%          1.04
     40-59         108     13%          1.59          5     71%          1.17
     60-79         302     36%          2.32          0      0%          0.00
      80+          413     49%          3.58          0      0%          0.00
    TOTAL           836                              7
  taken   92% / DECLINED    1% / preempted by another verb    8%
  enemy lanes held (overwatch+brace) 17; reaction shots fired 7  ->   41% of lanes paid off   [C2: DeclineWatchRatio is a bet on this number]

ACTION MIX (verbs issued, by policy):
  verb                  greedy        sloppy
  MOVE               428   34%     475   36%
  SHOOT              374   29%     384   29%
  FOCUS               91    7%      46    3%
  OVERWATCH           56    4%      74    6%
  BRACE               54    4%      36    3%
  SLIPSTREAM          48    4%      38    3%
  RELOAD              40    3%      40    3%
  HUNKER              30    2%      42    3%
  STABILIZE           32    3%      37    3%
  INTEL               32    3%      36    3%
  ITEM:SMOKE          19    1%      23    2%
  MARK                15    1%      20    2%
  DRAG                11    1%      11    1%
  PIN                  8    1%       7    1%
  PATCH                8    1%       5    0%
  GRENADE              1    0%      12    1%
  GRAPPLE              7    1%       5    0%
  REARM                5    0%       6    0%
  BEACON               4    0%       6    0%
  HACK                 5    0%       4    0%
  PLANT                3    0%       5    0%
  BARREL               1    0%       1    0%
  EXTRACT              1    0%       1    0%
  ITEM:INCENDIARY       0    0%       1    0%

PLAYER CLASS PERFORMANCE:
  class        shots   hit%   dmg   kills
  SHARPSHOOTER    152    88%   1021     61
  GUNNER         216    84%    944     56
  RANGER         134    87%    802     52
  ASSAULT        174    80%    624     25
  CORPSMAN        31    81%     81      2
  VIP              5    60%     10      1

SOLDIER DEATHS BY ENEMY CLASS (threat ranking):
  SNIPER     : 23
  GRUNT      : 13
  STRIKE     : 9
  ELITE      : 8
  SAPPER     : 6
  DRONE      : 6
  BURN       : 6
  MORTAR     : 4
  SHIELD     : 4
  BERSERKER  : 4
  SCREENER   : 3
  STRIKER    : 3
  TURRET     : 3
  SPOTTER    : 3
  CUSTODIAN  : 2
  HUNTER     : 2
  BRUISER    : 2
  BOMBARD    : 1
  SLAM       : 1
  SCOUT      : 1
  LANCER     : 1
  WARBRINGER : 1

SOLDIER DOWNS (FUL-7 bleed-out): 228 downs -> revived 7 / recovered 62 / bled out 132 / finished 18  (save-rate   34%)
  corpsman fielded in 27 missions

ENEMY COMPOSITION (spawns; faction-stamped fights n=539 / default-cascade fights n=238):
  class        faction         default
  GRUNT           53   10%       43   18%
  SNIPER          49    9%       14    6%
  SCOUT           12    2%       48   20%
  SCREENER        55   10%        1    0%
  DRONE           36    7%       15    6%
  MORTAR          38    7%        6    3%
  CUSTODIAN       40    7%        4    2%
  HUNTER          19    4%       21    9%
  ELITE           27    5%       12    5%
  SHIELD          33    6%        6    3%
  MEDIC           30    6%        6    3%
  BERSERKER       12    2%       19    8%
  SPOTTER         20    4%        7    3%
  TURRET          26    5%        0    0%
  SAPPER          20    4%        6    3%
  PIKEMAN         19    4%        0    0%
  LANCER          15    3%        4    2%
  STRIKER          7    1%       11    5%
  HOUND            6    1%       11    5%
  BOMBARD         11    2%        3    1%
  BRUISER          9    2%        1    0%
  WARBRINGER       2    0%        0    0%

PERK PICK FREQUENCY:
  LCK           : 18
  CQB           : 14
  TNK           : 13
  GUN           : 11
  EXC           : 11
  BND           : 11
  CLH           : 10
  MOM           : 10
  GRD           : 10
  OUT           : 9
  PLT           : 9
  RFX           : 6
  FST           : 6
  SKR           : 6
  MRK           : 5
  HRD           : 5
  SGE           : 5
  BRK           : 3
  VNT           : 3

SHOP PURCHASE FREQUENCY:
  FIELD MEDKIT      : 80
  WPN: HOLLOW POINT : 64
  WPN: SCOPE        : 48
  WPN: STABILIZER   : 43
  COMBAT STIMS      : 34
  BALLISTIC PLATING : 31
  WPN: BIPOD        : 24
  FRAG CACHE        : 22
  COUNTER-PREP      : 18
  ARMORY            : 11
  ADV. TRAINING     : 9
  WPN: EXTENDED MAG : 9
  WPN: SUPPRESSOR   : 8

BOON PICK FREQUENCY (PROCS = effect fires at instrumented sites; '-' = not instrumented;
                      PYR counts the +2-turn-burn half only — the Burning-immunity half is uninstrumented):
  code                 picks   PROCS
  ADR               :     7       -
  RCL               :     6       2
  FDR               :     5       6
  SCV               :     5       -
  MRK               :     4       -
  RPD               :     4       -
  EXE               :     3       -
  FRT               :     3       -
  GRN               :     3       -
  SHK               :     3       0
  TRR               :     3       7
  FVR               :     2       -
  GHO               :     2       -
  PYR               :     2       0
  VNM               :     2       -
  FST               :     1      42

RUN WIN-RATE BY BOON (campaign runs holding it):
  ADR               :   29% ±17  (in 7 runs)
  RCL               :   33% ±19  (in 6 runs)
  FDR               :   40% ±22  (in 5 runs)
  SCV               :   40% ±22  (in 5 runs)
  MRK               :   50% ±25  (in 4 runs)
  RPD               :   50% ±25  (in 4 runs)
  EXE               :   33% ±27  (in 3 runs)
  FRT               :   33% ±27  (in 3 runs)
  GRN               :    0% ±0  (in 3 runs)
  SHK               :   33% ±27  (in 3 runs)
  TRR               :   33% ±27  (in 3 runs)
  FVR               :   50% ±35  (in 2 runs)
  GHO               :   50% ±35  (in 2 runs)
  PYR               :    0% ±0  (in 2 runs)
  VNM               :  100% ±0  (in 2 runs)
  FST               :  100% ±0  (in 1 runs)

RUN WIN-RATE BY SPEC (campaign runs fielding it):
  SNT               :   60% ±22  (in 5 runs)
  ANC               :   25% ±22  (in 4 runs)
  HHT               :   75% ±22  (in 4 runs)
  ADN               :   67% ±27  (in 3 runs)
  PTH               :   67% ±27  (in 3 runs)
  BRC               :   50% ±35  (in 2 runs)
  PHN               :   50% ±35  (in 2 runs)
  JUG               :  100% ±0  (in 1 runs)
  MED               :  100% ±0  (in 1 runs)

RUN WIN-RATE BY PERK (campaign runs holding it):
  LCK               :   27% ±13  (in 11 runs)
  CQB               :   40% ±15  (in 10 runs)
  GRD               :   30% ±14  (in 10 runs)
  EXC               :   56% ±17  (in 9 runs)
  GUN               :   33% ±16  (in 9 runs)
  BND               :   38% ±17  (in 8 runs)
  PLT               :   63% ±17  (in 8 runs)
  TNK               :   50% ±18  (in 8 runs)
  CLH               :   43% ±19  (in 7 runs)
  MOM               :   43% ±19  (in 7 runs)
  OUT               :   29% ±17  (in 7 runs)
  FST               :   17% ±15  (in 6 runs)
  RFX               :   33% ±19  (in 6 runs)
  SGE               :   40% ±22  (in 5 runs)
  HRD               :   25% ±22  (in 4 runs)
  MRK               :   50% ±25  (in 4 runs)
  SKR               :  100% ±0  (in 4 runs)
  BRK               :    0% ±0  (in 3 runs)
  VNT               :   33% ±27  (in 3 runs)

RUN WIN-RATE BY PURCHASE (campaign runs buying it):
  FIELD MEDKIT      :   28% ±11  (in 18 runs)
  BALLISTIC PLATING :   33% ±12  (in 15 runs)
  WPN: HOLLOW POINT :   33% ±12  (in 15 runs)
  WPN: SCOPE        :   36% ±13  (in 14 runs)
  COMBAT STIMS      :   33% ±14  (in 12 runs)
  COUNTER-PREP      :   33% ±14  (in 12 runs)
  FRAG CACHE        :   33% ±14  (in 12 runs)
  WPN: STABILIZER   :   33% ±14  (in 12 runs)
  ARMORY            :   40% ±15  (in 10 runs)
  WPN: BIPOD        :   40% ±15  (in 10 runs)
  WPN: EXTENDED MAG :   29% ±17  (in 7 runs)
  ADV. TRAINING     :   50% ±20  (in 6 runs)
  WPN: SUPPRESSOR   :    0% ±0  (in 6 runs)

RUN WIN-RATE BY EVENT-CHOICE (campaign runs taking id:arm):
  depot:0           :    0% ±0  (in 4 runs)
  relic:0           :   33% ±27  (in 3 runs)
  defector:0        :    0% ±0  (in 2 runs)
  depot:1           :   50% ±35  (in 2 runs)
  profiteer:0       :   50% ±35  (in 2 runs)
  profiteer:1       :   50% ±35  (in 2 runs)
  quartermaster:1   :    0% ±0  (in 2 runs)
  warchest:1        :    0% ±0  (in 2 runs)
═══════════════════════════════════════════════════════════════════════

batch wall-time: 8.7s  (20 matches across 10 campaigns × 2 policy, frame-cap hits: 0)
aggregate JSON -> /home/user/wt/heat-pin/docs/measurements/l5/L5fac-m0a1b0-h6-b90.json
INFO: TEXTURE: [ID 2] Unloaded texture data from VRAM (GPU)
INFO: SHADER: [ID 3] Default shader unloaded successfully
INFO: TEXTURE: [ID 1] Default texture unloaded successfully
INFO: Window closed successfully
