BALANCE: heat PINNED for this batch (field-event AddHeat is a no-op; SIGHTLINE_HEATPIN=0 restores the leak)
INFO: Initializing raylib 6.0
INFO: Platform backend: DESKTOP (GLFW)
INFO: Supported raylib modules:
INFO:     > rcore:..... loaded (mandatory)
INFO:     > rlgl:...... loaded (mandatory)
INFO:     > rshapes:... loaded (optional)
INFO:     > rtextures:. loaded (optional)
INFO:     > rtext:..... loaded (optional)
INFO:     > rmodels:... loaded (optional)
INFO:     > raudio:.... loaded (optional)
INFO: DISPLAY: Trying to enable MSAA x4
INFO: DISPLAY: Device initialized successfully 
INFO:     > Display size: 1280 x 800
INFO:     > Screen size:  1280 x 800
INFO:     > Render size:  1280 x 800
INFO:     > Viewport offsets: 0, 0
INFO: GLAD: OpenGL extensions loaded successfully
INFO: GL: Supported extensions count: 229
INFO: GL: OpenGL device information:
INFO:     > Vendor:   Mesa
INFO:     > Renderer: llvmpipe (LLVM 20.1.2, 256 bits)
INFO:     > Version:  4.5 (Core Profile) Mesa 25.2.8-0ubuntu0.24.04.2
INFO:     > GLSL:     4.50
INFO: GL: VAO extension detected, VAO functions loaded successfully
INFO: GL: NPOT textures extension detected, full NPOT textures supported
INFO: GL: DXT compressed textures supported
INFO: GL: ETC2/EAC compressed textures supported
INFO: PLATFORM: DESKTOP (GLFW - X11): Initialized successfully
INFO: TEXTURE: [ID 1] Texture loaded successfully (1x1 | R8G8B8A8 | 1 mipmaps)
INFO: TEXTURE: [ID 1] Default texture loaded successfully
INFO: SHADER: [ID 1] Vertex shader compiled successfully
INFO: SHADER: [ID 2] Fragment shader compiled successfully
INFO: SHADER: [ID 3] Program shader loaded successfully
INFO: SHADER: [ID 3] Default shader loaded successfully
INFO: RLGL: Render batch vertex buffers loaded successfully in RAM (CPU)
INFO: RLGL: Render batch vertex buffers loaded successfully in VRAM (GPU)
INFO: RLGL: Default OpenGL state initialized successfully
INFO: TEXTURE: [ID 2] Texture loaded successfully (128x128 | GRAY_ALPHA | 1 mipmaps)
INFO: FONT: Default font loaded successfully (224 glyphs)
INFO: SYSTEM: Working Directory: /home/user/wt/heat-pin
INFO: TIMER: Target time per frame: 0.000 milliseconds
FINALE-KIT: Legion
WAVE: +2 (HOUND,LANCER) [rich]
WAVE: +2 (HUNTER,GRUNT) [rich]
WAVE: +2 (HUNTER,BERSERKER) [rich]
REINFORCEMENTS: +2 (GRUNT,SCOUT)
FINALE-KIT: Legion
WAVE: +2 (STRIKER,HOUND) [rich]
WAVE: +2 (WARBRINGER,STRIKER) [rich]
WAVE: +2 (HUNTER,HOUND) [rich]
WAVE: +2 (WARBRINGER,LANCER) [rich]
WAVE: +2 (BRUISER,HUNTER) [rich]
REINFORCEMENTS: +2 (SCOUT,GRUNT)
FINALE-KIT: Syndicate
WAVE: +2 (DRONE,SCOUT) [rich]
WAVE: +2 (DRONE,BRUISER) [rich]
WAVE: +2 (STRIKER,HOUND) [rich]
FINALE-KIT: Syndicate
WAVE: +2 (DRONE,SCOUT) [rich]
WAVE: +2 (DRONE,BRUISER) [rich]
WAVE: +2 (STRIKER,HOUND) [rich]
FINALE-KIT: Wardens
match 5/20  (W:0 L:5 cap:0)  4.3s
FINALE-KIT: Wardens
FINALE-KIT: Legion
FINALE-KIT: Legion
FINALE-KIT: Wardens
WAVE: +2 (STRIKER,HOUND) [rich]
WAVE: +2 (SNIPER,HOUND) [rich]
WAVE: +2 (SNIPER,HUNTER) [rich]
FINALE-KIT: Wardens
WAVE: +2 (HOUND,DRONE) [rich]
WAVE: +2 (LANCER,DRONE) [rich]
WAVE: +2 (STRIKER,HUNTER) [rich]
match 10/20  (W:0 L:10 cap:0)  6.1s
FINALE-KIT: Wardens
FINALE-KIT: Wardens
WAVE: +3 (SHIELD,SNIPER,DRONE) [rich]
WAVE: +2 (PIKEMAN,SNIPER) [rich]
WAVE: +2 (LANCER,LANCER) [rich]
REINFORCEMENTS: +2 (SCOUT,SCOUT)
REINFORCEMENTS: +2 (GRUNT,SCOUT)
REINFORCEMENTS: +3 (GRUNT,SCOUT,SCOUT)
REINFORCEMENTS: +2 (SCOUT,GRUNT)
REINFORCEMENTS: +2 (SCOUT,SCOUT)
REINFORCEMENTS: +3 (SCOUT,SCOUT,SCOUT)
FINALE-KIT: Wardens
REINFORCEMENTS: +2 (SCOUT,SCOUT)
FINALE-KIT: Wardens
FINALE-KIT: Legion
WAVE: +2 (HUNTER,DRONE) [rich]
WAVE: +2 (SCOUT,LANCER) [rich]
WAVE: +2 (BRUISER,SNIPER) [rich]
match 15/20  (W:0 L:15 cap:0)  7.1s
FINALE-KIT: Legion
WAVE: +2 (SNIPER,HUNTER) [rich]
WAVE: +2 (DRONE,HUNTER) [rich]
WAVE: +2 (DRONE,BRUISER) [rich]
FINALE-KIT: Wardens
FINALE-KIT: Wardens
FINALE-KIT: Wardens
FINALE-KIT: Wardens
match 20/20  (W:0 L:20 cap:0)  8.1s

══════════════════════ SIGHTLINE BALANCE REPORT ══════════════════════
runs=20  missions=58

RUN OUTCOMES (campaign):  win-rate    0%   avg missions cleared 3.1

POLICY GAP (optimal vs human-error; campaign runs only):
  greedy win-rate    0%  (n=10)
  sloppy win-rate    0%  (n=10)
  GAP    0 pts  (healthy slack)
  PAIRED (same-seed slots): pairs=10  concordant=10  discordant greedy-only-won=0 / sloppy-only-won=0  paired gap    0 pts
  PER-SLOT RECORDS (greedy | sloppy: outcome + missions cleared; margin = g−s):
    slot  20 @h6: L 4 | L 4   margin +0
    slot  21 @h6: L 5 | L 3   margin +2
    slot  22 @h6: L 2 | L 2   margin +0
    slot  23 @h6: L 5 | L 2   margin +3
    slot  24 @h6: L 3 | L 3   margin +0
    slot  25 @h6: L 1 | L 5   margin -4
    slot  26 @h6: L 2 | L 2   margin +0
    slot  27 @h6: L 4 | L 4   margin +0
    slot  28 @h6: L 3 | L 3   margin +0
    slot  29 @h6: L 1 | L 3   margin -2
  PAIRED MARGIN (missions cleared, all pairs): -0.10 ±0.60 SE  (n=10 pairs)
  by objective (greedy / sloppy / gap):
    Decapitate :    0% /    0% / gap    0
    Defend     :  100% /  100% / gap    0
    Eliminate  :  100% /   91% / gap    9
    Evac       :   50% /  100% / gap  -50
    Hack       :    0% /    0% / gap    0
    Rescue     :   40% /   20% / gap   20
    Sabotage   :   33% /   33% / gap    0

DECISION RICHNESS / SWING:
  meaningful-choices/turn 1.99   lead-swings/match 0.8   avg max-swing 58.4
  [shot-gate] acting-soldiers/turn 3.03   armed-soldiers/turn 0.98   armed-fraction 32%   turns-with-a-shot 43%   choices/ARMED-soldier-turn 2.04
  [choice-split] los-targets/ARMED 2.17   target-choices/ARMED 0.27   position-choices/ARMED 1.77

RUN COMPLETION BY HEAT (full-campaign clears):
  heat 6:    0% ±0  (n=20 runs, avg 3.1 missions)
  HEAT LEAK: pinned=yes  heat-raising picks=1  campaigns raised=0  missions off-rung=0/58

INTEL ECONOMY BY HEAT (campaign runs; heat-bonus = the Heat.IntelBonus share of income):
  heat 6: earned  152.5/run   heat-bonus  68.4 (  45% of income)   spent  131.4   unspent   21.1

MISSION WIN-RATE BY HEAT:
  heat 6:   66%  (n=58, avg 5.6 turns)

MISSION WIN-RATE BY OBJECTIVE:
  Eliminate  :   95% ±4  (n=22, avg 4.2 turns)
  Rescue     :   30% ±14  (n=10, avg 5.0 turns)
  Defend     :  100% ±0  (n=9, avg 9.0 turns)
  Sabotage   :   33% ±19  (n=6, avg 5.5 turns)
  Decapitate :    0% ±0  (n=5, avg 7.8 turns)
  Evac       :   75% ±22  (n=4, avg 4.5 turns)
  Hack       :    0% ±0  (n=2, avg 6.5 turns)

MISSION WIN-RATE BY OBJECTIVE x NODE KIND (a capstone must never pool with a mid-run node):
  Eliminate  : Start: 100%(n=20)  Combat:  50%(n=2)
               depth: m1:100%(20) m4:0%(1) m5:100%(1)
  Rescue     : Combat:  38%(n=8)  Elite:   0%(n=2)
               depth: m2:100%(2) m4:17%(6) m5:0%(2)
  Defend     : Supply: 100%(n=7)  Combat: 100%(n=2)
               depth: m2:100%(6) m3:100%(2) m4:100%(1)
  Sabotage   : Elite:  25%(n=4)  Combat:  50%(n=2)
               depth: m2:50%(2) m3:25%(4)
  Decapitate : Boss:   0%(n=3)  Combat:   0%(n=2)
               depth: m3:0%(2) m6:0%(3)
  Evac       : Combat:  75%(n=4)
               depth: m2:50%(2) m3:100%(2)
  Hack       : Combat:   0%(n=2)
               depth: m5:0%(2)

ENCOUNTER COMPLETION on MID-RUN nodes (Combat+Elite) — clear% is the share of the fight actually fought:
  objective     n   win%   turns   force    +rf  killed  clear%   prs  WONclear%
  Rescue        10   30%     5.0    9.60   0.00    3.00    31.3  0.00     59.1 (n=3)
  Sabotage       6   33%     5.5    7.33   0.00    1.67    22.7  0.00     38.5 (n=2)
  Evac           4   75%     4.5    7.50   0.00    0.75    10.0  0.00     12.5 (n=3)
  Defend         2  100%     9.0    7.00   6.00    6.00    46.2  0.00     46.2 (n=2)
  Hack           2    0%     6.5   11.00   1.00    0.50     4.2  1.00      0.0 (n=0)
  Eliminate      2   50%     8.0   10.50   0.00    5.50    52.4  2.00    100.0 (n=1)
  Decapitate     2    0%     6.5    9.00   1.00    0.00     0.0  1.00      0.0 (n=0)
  ---- the two classes ----
  KILL           4   25%     7.3    9.75   0.50    2.75    26.8  1.50    100.0 (n=1)
  NON-KILL      24   42%     5.5    8.58   0.58    2.33    25.5  0.08     38.8 (n=10)

DECAPITATE HVT (buff = +6+1*mission HP, +6 aim; ELITE exempt):
  EXEMPT  :    0% ±0  (n=5, avg 7.8 turns, HVT 22.6 max HP)  [m3:0%(2) m6:0%(3)]

MISSION WIN-RATE BY MISSION #:
  m1:  100% ±0  (n=20)
  m2:   83% ±11  (n=12)
  m3:   50% ±16  (n=10)
  m4:   25% ±15  (n=8)
  m5:   20% ±18  (n=5)
  m6:    0% ±0  (n=3)

LOSS CAUSES (missions):
  RUN OVER              : 14
  CAPTIVE LOST          : 6

MISSION WIN-RATE BY ARENA (authored layouts, n>=3; procedural fallback   17% of 58 missions):
  arena 15:   67% ±27  (n=3, avg 11.3 turns)  [m2:100%(2) m6:0%(1)]
  arena 19:  100% ±0  (n=4, avg 2.3 turns)  [m1:100%(4)]
  arena 20:    0% ±0  (n=3, avg 7.0 turns)  [m3:0%(2) m4:0%(1)]
  arena 31:  100% ±0  (n=3, avg 8.7 turns)  [m2:100%(2) m5:100%(1)]
  arena 32:    0% ±0  (n=3, avg 6.0 turns)  [m5:0%(2) m6:0%(1)]
  arena 33:  100% ±0  (n=4, avg 6.3 turns)  [m1:100%(2) m3:100%(2)]
  procedural:   80% ±13  (n=10, avg 5.6 turns)  [m1:100%(6) m2:100%(1) m4:50%(2) m5:0%(1)]

DEPLOYMENT GEOMETRY (opening shape; choices/ARMED is the wave's real gate):
  FRONTAL   :   69% ±9  (n=26, avg 5.6 turns)  choices/turn 2.11  choices/ARMED 2.10  los-targets/ARMED 1.86
  PINCER    :   53% ±12  (n=17, avg 5.8 turns)  choices/turn 2.02  choices/ARMED 2.11  los-targets/ARMED 2.60
  CROSSFIRE :   50% ±20  (n=6, avg 4.0 turns)  choices/turn 2.61  choices/ARMED 1.76  los-targets/ARMED 2.56
  ENVELOP   :   89% ±10  (n=9, avg 6.4 turns)  choices/turn 1.38  choices/ARMED 1.92  los-targets/ARMED 1.89

ARENA FUNNEL (Mission.Build exits, n=70 builds, all modes):
  authored-applied    :  81.4%  (n=57)
  connectivity-reject :   0.0%  (n=0)
  procedural-roll     :  18.6%  (n=13)

DECK EXPOSURE (campaign runs n=20):
  distinct authored arenas/run : 2.40 mean (all runs)
  Defend dealt on the route    :   45% of runs (n=9)

ENEMY DECISION MIX (contested acts=990; all-downed acts not counted=430):
  shoot           572    58%
  hunker          259    26%
  move             56     6%
  grenade          33     3%
  siege            19     2%
  item             18     2%
  reload           17     2%
  heal              9     1%
  sap               3     0%
  brace             2     0%
  shove             1     0%
  staleplan         1     0%

  the shot on the table (acts where the chosen tile HAD a shot = 634):
    hit% band     taken   share   E[dmg]/shot   declined   share   E[dmg]/shot
      0-19           2      0%          0.95          0      0%          0.00
     20-39          17      3%          1.12          0      0%          0.00
     40-59          93     16%          1.71          0      0%          0.00
     60-79         260     45%          2.74          0      0%          0.00
      80+          200     35%          4.56          0      0%          0.00
    TOTAL           572                              0
  taken   90% / DECLINED    0% / preempted by another verb   10%
  enemy lanes held (overwatch+brace) 2; reaction shots fired 1  ->   50% of lanes paid off   [C2: DeclineWatchRatio is a bet on this number]

ACTION MIX (verbs issued, by policy):
  verb                  greedy        sloppy
  MOVE               366   39%     464   44%
  SHOOT              260   28%     225   21%
  OVERWATCH           54    6%      65    6%
  BRACE               33    4%      47    4%
  FOCUS               29    3%      47    4%
  INTEL               27    3%      30    3%
  SLIPSTREAM          25    3%      30    3%
  HUNKER              29    3%      26    2%
  STABILIZE           23    2%      29    3%
  RELOAD              31    3%      18    2%
  ITEM:SMOKE           8    1%      11    1%
  MARK                 8    1%      10    1%
  PIN                  9    1%       9    1%
  PLANT                8    1%      10    1%
  DRAG                 8    1%       9    1%
  BEACON               5    1%       3    0%
  GRENADE              3    0%       3    0%
  REARM                1    0%       5    0%
  GRAPPLE              3    0%       2    0%
  BARREL               1    0%       3    0%
  HACK                 1    0%       0    0%
  EXTRACT              1    0%       0    0%
  PATCH                0    0%       1    0%

PLAYER CLASS PERFORMANCE:
  class        shots   hit%   dmg   kills
  SHARPSHOOTER    119    90%    824     53
  ASSAULT        159    77%    646     37
  GUNNER         146    79%    587     50
  RANGER          73    86%    441     33
  CORPSMAN         4    75%      8      0

SOLDIER DEATHS BY ENEMY CLASS (threat ranking):
  GRUNT      : 14
  MORTAR     : 12
  BURN       : 11
  SCOUT      : 9
  STRIKE     : 5
  LANCER     : 5
  DRONE      : 5
  SAPPER     : 4
  BERSERKER  : 4
  TURRET     : 4
  WARBRINGER : 4
  ELITE      : 3
  CUSTODIAN  : 3
  BRUISER    : 3
  SNIPER     : 2
  SHIELD     : 2
  HUNTER     : 2
  STRIKER    : 2
  SCREENER   : 1
  SPOTTER    : 1
  PIKEMAN    : 1
  VENT       : 1

SOLDIER DOWNS (FUL-7 bleed-out): 180 downs -> revived 0 / recovered 25 / bled out 116 / finished 30  (save-rate   19%)
  corpsman fielded in 9 missions

ENEMY COMPOSITION (spawns; faction-stamped fights n=417 / default-cascade fights n=148):
  class        faction         default
  SCOUT           32    8%       63   43%
  GRUNT           33    8%       24   16%
  DRONE           41   10%       12    8%
  SNIPER          29    7%       10    7%
  HUNTER          26    6%        8    5%
  BERSERKER       32    8%        0    0%
  BRUISER         26    6%        4    3%
  ELITE           29    7%        0    0%
  LANCER          22    5%        4    3%
  STRIKER         19    5%        5    3%
  SHIELD          21    5%        3    2%
  HOUND           10    2%       11    7%
  MORTAR          21    5%        0    0%
  TURRET          15    4%        3    2%
  SCREENER        12    3%        0    0%
  SAPPER          12    3%        0    0%
  SPOTTER          9    2%        0    0%
  PIKEMAN          7    2%        1    1%
  WARBRINGER       6    1%        0    0%
  MEDIC            6    1%        0    0%
  BOMBARD          5    1%        0    0%
  CUSTODIAN        4    1%        0    0%

PERK PICK FREQUENCY:
  MOM           : 12
  RFX           : 11
  MRK           : 10
  GUN           : 9
  CQB           : 8
  CLH           : 8
  OUT           : 7
  HRD           : 6
  EXC           : 6
  SKR           : 5
  LCK           : 5
  SGE           : 4
  BRK           : 4
  GRD           : 4
  FST           : 3
  PLT           : 3
  VNT           : 3
  TNK           : 2

SHOP PURCHASE FREQUENCY:
  WPN: SCOPE        : 45
  FIELD MEDKIT      : 37
  WPN: HOLLOW POINT : 36
  WPN: STABILIZER   : 32
  WPN: EXTENDED MAG : 18
  WPN: BIPOD        : 13
  WPN: SUPPRESSOR   : 12
  FRAG CACHE        : 11
  BALLISTIC PLATING : 9
  ADV. TRAINING     : 6
  ARMORY            : 6
  COUNTER-PREP      : 6
  COMBAT STIMS      : 5

BOON PICK FREQUENCY (PROCS = effect fires at instrumented sites; '-' = not instrumented;
                      PYR counts the +2-turn-burn half only — the Burning-immunity half is uninstrumented):
  code                 picks   PROCS
  GHO               :     5       -
  RCL               :     5       0
  SHK               :     5       1
  FST               :     4      33
  RPD               :     4       -
  ADR               :     3       -
  VNM               :     3       -
  FRT               :     2       -
  GRN               :     2       -
  SCV               :     2       -
  EXE               :     1       -
  FDR               :     1       2
  TRR               :     1       0

RUN WIN-RATE BY BOON (campaign runs holding it):
  GHO               :    0% ±0  (in 5 runs)
  RCL               :    0% ±0  (in 5 runs)
  SHK               :    0% ±0  (in 5 runs)
  FST               :    0% ±0  (in 4 runs)
  RPD               :    0% ±0  (in 4 runs)
  ADR               :    0% ±0  (in 3 runs)
  VNM               :    0% ±0  (in 3 runs)
  FRT               :    0% ±0  (in 2 runs)
  GRN               :    0% ±0  (in 2 runs)
  SCV               :    0% ±0  (in 2 runs)
  EXE               :    0% ±0  (in 1 runs)
  FDR               :    0% ±0  (in 1 runs)
  TRR               :    0% ±0  (in 1 runs)

RUN WIN-RATE BY SPEC (campaign runs fielding it):
  SNT               :    0% ±0  (in 6 runs)
  ADN               :    0% ±0  (in 4 runs)
  HHT               :    0% ±0  (in 3 runs)
  PTH               :    0% ±0  (in 3 runs)
  BRC               :    0% ±0  (in 2 runs)
  ANC               :    0% ±0  (in 1 runs)
  JUG               :    0% ±0  (in 1 runs)

RUN WIN-RATE BY PERK (campaign runs holding it):
  MOM               :    0% ±0  (in 10 runs)
  RFX               :    0% ±0  (in 9 runs)
  CQB               :    0% ±0  (in 8 runs)
  GUN               :    0% ±0  (in 8 runs)
  MRK               :    0% ±0  (in 8 runs)
  CLH               :    0% ±0  (in 7 runs)
  OUT               :    0% ±0  (in 7 runs)
  EXC               :    0% ±0  (in 6 runs)
  HRD               :    0% ±0  (in 5 runs)
  SKR               :    0% ±0  (in 5 runs)
  BRK               :    0% ±0  (in 4 runs)
  GRD               :    0% ±0  (in 4 runs)
  LCK               :    0% ±0  (in 4 runs)
  PLT               :    0% ±0  (in 3 runs)
  SGE               :    0% ±0  (in 3 runs)
  VNT               :    0% ±0  (in 3 runs)
  FST               :    0% ±0  (in 2 runs)
  TNK               :    0% ±0  (in 2 runs)

RUN WIN-RATE BY PURCHASE (campaign runs buying it):
  FIELD MEDKIT      :    0% ±0  (in 19 runs)
  WPN: STABILIZER   :    0% ±0  (in 12 runs)
  WPN: HOLLOW POINT :    0% ±0  (in 11 runs)
  WPN: SCOPE        :    0% ±0  (in 11 runs)
  WPN: EXTENDED MAG :    0% ±0  (in 10 runs)
  FRAG CACHE        :    0% ±0  (in 8 runs)
  WPN: SUPPRESSOR   :    0% ±0  (in 7 runs)
  BALLISTIC PLATING :    0% ±0  (in 6 runs)
  WPN: BIPOD        :    0% ±0  (in 6 runs)
  ADV. TRAINING     :    0% ±0  (in 5 runs)
  ARMORY            :    0% ±0  (in 5 runs)
  COUNTER-PREP      :    0% ±0  (in 5 runs)
  COMBAT STIMS      :    0% ±0  (in 3 runs)

RUN WIN-RATE BY EVENT-CHOICE (campaign runs taking id:arm):
  drill:1           :    0% ±0  (in 4 runs)
  distress:1        :    0% ±0  (in 3 runs)
  blackmarket:0     :    0% ±0  (in 2 runs)
  bloodfeud:1       :    0% ±0  (in 2 runs)
  bloodfeud:2       :    0% ±0  (in 2 runs)
  grave:0           :    0% ±0  (in 2 runs)
  grave:1           :    0% ±0  (in 2 runs)
  reservecall:0     :    0% ±0  (in 2 runs)
  cache:1           :    0% ±0  (in 1 runs)
  drill:0           :    0% ±0  (in 1 runs)
  informant:1       :    0% ±0  (in 1 runs)
  quartermaster:2   :    0% ±0  (in 1 runs)
═══════════════════════════════════════════════════════════════════════

batch wall-time: 8.1s  (20 matches across 10 campaigns × 2 policy, frame-cap hits: 0)
aggregate JSON -> /home/user/wt/heat-pin/docs/measurements/l5/L5fac-m3a0b1-h6-b20.json
INFO: TEXTURE: [ID 2] Unloaded texture data from VRAM (GPU)
INFO: SHADER: [ID 3] Default shader unloaded successfully
INFO: TEXTURE: [ID 1] Default texture unloaded successfully
INFO: Window closed successfully
