BALANCE: heat PINNED for this batch (field-event AddHeat is a no-op; SIGHTLINE_HEATPIN=0 restores the leak)
INFO: Initializing raylib 6.0
INFO: Platform backend: DESKTOP (GLFW)
INFO: Supported raylib modules:
INFO:     > rcore:..... loaded (mandatory)
INFO:     > rlgl:...... loaded (mandatory)
INFO:     > rshapes:... loaded (optional)
INFO:     > rtextures:. loaded (optional)
INFO:     > rtext:..... loaded (optional)
INFO:     > rmodels:... loaded (optional)
INFO:     > raudio:.... loaded (optional)
INFO: DISPLAY: Trying to enable MSAA x4
INFO: DISPLAY: Device initialized successfully 
INFO:     > Display size: 1280 x 800
INFO:     > Screen size:  1280 x 800
INFO:     > Render size:  1280 x 800
INFO:     > Viewport offsets: 0, 0
INFO: GLAD: OpenGL extensions loaded successfully
INFO: GL: Supported extensions count: 229
INFO: GL: OpenGL device information:
INFO:     > Vendor:   Mesa
INFO:     > Renderer: llvmpipe (LLVM 20.1.2, 256 bits)
INFO:     > Version:  4.5 (Core Profile) Mesa 25.2.8-0ubuntu0.24.04.2
INFO:     > GLSL:     4.50
INFO: GL: VAO extension detected, VAO functions loaded successfully
INFO: GL: NPOT textures extension detected, full NPOT textures supported
INFO: GL: DXT compressed textures supported
INFO: GL: ETC2/EAC compressed textures supported
INFO: PLATFORM: DESKTOP (GLFW - X11): Initialized successfully
INFO: TEXTURE: [ID 1] Texture loaded successfully (1x1 | R8G8B8A8 | 1 mipmaps)
INFO: TEXTURE: [ID 1] Default texture loaded successfully
INFO: SHADER: [ID 1] Vertex shader compiled successfully
INFO: SHADER: [ID 2] Fragment shader compiled successfully
INFO: SHADER: [ID 3] Program shader loaded successfully
INFO: SHADER: [ID 3] Default shader loaded successfully
INFO: RLGL: Render batch vertex buffers loaded successfully in RAM (CPU)
INFO: RLGL: Render batch vertex buffers loaded successfully in VRAM (GPU)
INFO: RLGL: Default OpenGL state initialized successfully
INFO: TEXTURE: [ID 2] Texture loaded successfully (128x128 | GRAY_ALPHA | 1 mipmaps)
INFO: FONT: Default font loaded successfully (224 glyphs)
INFO: SYSTEM: Working Directory: /home/user/wt/heat-pin
INFO: TIMER: Target time per frame: 0.000 milliseconds
FINALE-KIT: Legion
WAVE: +2 (STRIKER,LANCER) [rich]
WAVE: +2 (DRONE,SNIPER) [rich]
WAVE: +2 (SNIPER,HOUND) [rich]
FINALE-KIT: Legion
WAVE: +2 (STRIKER,LANCER) [rich]
WAVE: +2 (DRONE,SNIPER) [rich]
WAVE: +2 (SNIPER,HOUND) [rich]
FINALE-KIT: Syndicate
FINALE-KIT: Syndicate
FINALE-KIT: Syndicate
WAVE: +2 (CUSTODIAN,HUNTER) [rich]
WAVE: +2 (SNIPER,SAPPER) [rich]
WAVE: +2 (DRONE,LANCER) [rich]
WAVE: +2 (MORTAR,WARBRINGER) [rich]
WAVE: +2 (SNIPER,HOUND) [rich]
REINFORCEMENTS: +2 (SCOUT,SCOUT)
REINFORCEMENTS: +2 (SCOUT,SCOUT)
match 5/20  (W:0 L:5 cap:0)  3.1s
FINALE-KIT: Syndicate
WAVE: +2 (BERSERKER,STRIKER) [rich]
WAVE: +2 (PIKEMAN,MEDIC) [rich]
WAVE: +2 (LANCER,MEDIC) [rich]
REINFORCEMENTS: +2 (GRUNT,GRUNT)
REINFORCEMENTS: +2 (GRUNT,GRUNT)
FINALE-KIT: Syndicate
WAVE: +2 (DRONE,SHIELD) [rich]
WAVE: +2 (SHIELD,DRONE) [rich]
WAVE: +2 (GRUNT,GRUNT) [rich]
FINALE-KIT: Syndicate
WAVE: +2 (DRONE,SHIELD) [rich]
WAVE: +2 (SHIELD,DRONE) [rich]
WAVE: +2 (GRUNT,GRUNT) [rich]
FINALE-KIT: Syndicate
FINALE-KIT: Syndicate
match 10/20  (W:0 L:10 cap:0)  4.8s
FINALE-KIT: Syndicate
WAVE: +2 (STRIKER,HOUND) [rich]
WAVE: +2 (BRUISER,HUNTER) [rich]
WAVE: +2 (SCOUT,SCOUT) [rich]
FINALE-KIT: Syndicate
WAVE: +2 (HUNTER,SCOUT) [rich]
WAVE: +2 (BRUISER,STRIKER) [rich]
WAVE: +2 (BERSERKER,HOUND) [rich]
FINALE-KIT: Syndicate
WAVE: +3 (CUSTODIAN,DRONE,SCREENER) [rich]
WAVE: +3 (CUSTODIAN,SPOTTER,SPOTTER) [rich]
WAVE: +2 (SCREENER,DRONE) [rich]
WAVE: +3 (SPOTTER,CUSTODIAN,SPOTTER) [rich]
WAVE: +3 (DRONE,GRUNT,SHIELD) [rich]
WAVE: +3 (DRONE,DRONE,SCREENER) [rich]
FINALE-KIT: Syndicate
FINALE-KIT: Legion
WAVE: +2 (HOUND,GRUNT) [rich]
WAVE: +2 (LANCER,BRUISER) [rich]
WAVE: +2 (BERSERKER,HOUND) [rich]
match 15/20  (W:0 L:15 cap:0)  6.3s
FINALE-KIT: Legion
WAVE: +2 (BERSERKER,LANCER) [rich]
WAVE: +2 (BERSERKER,STRIKER) [rich]
WAVE: +2 (HUNTER,HUNTER) [rich]
FINALE-KIT: Syndicate
WAVE: +2 (GRUNT,SPOTTER) [rich]
WAVE: +2 (STRIKER,BERSERKER) [rich]
WAVE: +2 (HUNTER,STRIKER) [rich]
FINALE-KIT: Syndicate
WAVE: +2 (MORTAR,MORTAR) [rich]
WAVE: +2 (PIKEMAN,STRIKER) [rich]
WAVE: +2 (HUNTER,STRIKER) [rich]
FINALE-KIT: Legion
WAVE: +3 (STRIKER,SAPPER,LANCER) [rich]
WAVE: +2 (SCREENER,LANCER) [rich]
FINALE-KIT: Legion
match 20/20  (W:1 L:19 cap:0)  7.9s

══════════════════════ SIGHTLINE BALANCE REPORT ══════════════════════
runs=20  missions=62

RUN OUTCOMES (campaign):  win-rate    5%   avg missions cleared 2.5

POLICY GAP (optimal vs human-error; campaign runs only):
  greedy win-rate   10%  (n=10)
  sloppy win-rate    0%  (n=10)
  GAP   10 pts  (healthy slack)
  PAIRED (same-seed slots): pairs=10  concordant=9  discordant greedy-only-won=1 / sloppy-only-won=0  paired gap   10 pts
  PER-SLOT RECORDS (greedy | sloppy: outcome + missions cleared; margin = g−s):
    slot 140 @h6: L 2 | L 2   margin +0
    slot 141 @h6: L 2 | L 2   margin +0
    slot 142 @h6: L 3 | L 4   margin -1
    slot 143 @h6: L 3 | L 3   margin +0
    slot 144 @h6: L 0 | L 0   margin +0
    slot 145 @h6: L 2 | L 2   margin +0
    slot 146 @h6: L 4 | L 1   margin +3
    slot 147 @h6: L 2 | L 2   margin +0
    slot 148 @h6: L 4 | L 4   margin +0
    slot 149 @h6: W 6 | L 2   margin +4
  PAIRED MARGIN (missions cleared, all pairs): +0.60 ±0.50 SE  (n=10 pairs)
  by objective (greedy / sloppy / gap):
    Decapitate :   50% /   25% / gap   25
    Defend     :   89% /  100% / gap  -11
    Eliminate  :   82% /   82% / gap    0
    Escort     :    0% /    0% / gap    0
    Hack       :  100% /  100% / gap    0
    Rescue     :   50% /   33% / gap   17
    Sabotage   :  100% /    0% / gap  100

DECISION RICHNESS / SWING:
  meaningful-choices/turn 1.98   lead-swings/match 0.8   avg max-swing 48.5
  [shot-gate] acting-soldiers/turn 3.16   armed-soldiers/turn 0.87   armed-fraction 27%   turns-with-a-shot 43%   choices/ARMED-soldier-turn 2.29
  [choice-split] los-targets/ARMED 2.12   target-choices/ARMED 0.24   position-choices/ARMED 2.05

RUN COMPLETION BY HEAT (full-campaign clears):
  heat 6:    5% ±5  (n=20 runs, avg 2.5 missions)
  HEAT LEAK: pinned=yes  heat-raising picks=0  campaigns raised=0  missions off-rung=0/62

INTEL ECONOMY BY HEAT (campaign runs; heat-bonus = the Heat.IntelBonus share of income):
  heat 6: earned  157.5/run   heat-bonus  75.6 (  48% of income)   spent  144.2   unspent   13.3

MISSION WIN-RATE BY HEAT:
  heat 6:   69%  (n=62, avg 5.5 turns)

MISSION WIN-RATE BY OBJECTIVE:
  Eliminate  :   82% ±8  (n=22, avg 3.5 turns)
  Defend     :   93% ±6  (n=15, avg 8.7 turns)
  Decapitate :   38% ±17  (n=8, avg 6.0 turns)
  Rescue     :   43% ±19  (n=7, avg 5.3 turns)
  Hack       :  100% ±0  (n=4, avg 3.0 turns)
  Escort     :    0% ±0  (n=4, avg 6.3 turns)
  Sabotage   :   50% ±35  (n=2, avg 4.5 turns)

MISSION WIN-RATE BY OBJECTIVE x NODE KIND (a capstone must never pool with a mid-run node):
  Eliminate  : Start:  90%(n=20)  Combat:   0%(n=2)
               depth: m1:90%(20) m3:0%(2)
  Defend     : Supply: 100%(n=7)  Elite:  80%(n=5)  Combat: 100%(n=3)
               depth: m2:100%(8) m3:100%(4) m4:100%(1) m5:50%(2)
  Decapitate : Combat:  20%(n=5)  Elite:  50%(n=2)  Boss: 100%(n=1)
               depth: m2:50%(2) m3:0%(2) m4:50%(2) m5:0%(1) m6:100%(1)
  Rescue     : Combat:  43%(n=7)
               depth: m2:100%(2) m3:0%(2) m4:100%(1) m5:0%(2)
  Hack       : Combat: 100%(n=4)
               depth: m2:100%(2) m4:100%(2)
  Escort     : Combat:   0%(n=2)  Supply:   0%(n=2)
               depth: m3:0%(2) m4:0%(2)
  Sabotage   : Combat:  50%(n=2)
               depth: m3:50%(2)

ENCOUNTER COMPLETION on MID-RUN nodes (Combat+Elite) — clear% is the share of the fight actually fought:
  objective     n   win%   turns   force    +rf  killed  clear%   prs  WONclear%
  Defend         8   88%     8.5    5.38   5.88    3.63    32.2  0.00     32.1 (n=7)
  Decapitate     7   29%     6.6    9.29   1.14    1.00     9.6  1.43     20.0 (n=2)
  Rescue         7   43%     5.3    8.86   0.00    3.71    41.9  0.00     59.1 (n=3)
  Hack           4  100%     3.0    8.00   0.00    1.25    15.6  0.00     15.6 (n=4)
  Eliminate      2    0%     9.5    9.00   0.00    4.00    44.4  2.50      0.0 (n=0)
  Escort         2    0%     7.5   10.00   0.00    2.50    25.0  0.00      0.0 (n=0)
  Sabotage       2   50%     4.5    7.00   0.00    1.00    14.3  0.00     28.6 (n=1)
  ---- the two classes ----
  KILL           9   22%     7.2    9.22   0.89    1.67    16.5  1.67     20.0 (n=2)
  NON-KILL      23   65%     6.1    7.43   2.04    2.91    30.7  0.00     32.4 (n=15)

DECAPITATE HVT (buff = +6+1*mission HP, +6 aim; ELITE exempt):
  EXEMPT  :   25% ±22  (n=4, avg 5.8 turns, HVT 24.0 max HP)  [m3:0%(2) m5:0%(1) m6:100%(1)]
  BUFFED  :   50% ±25  (n=4, avg 6.3 turns, HVT 24.0 max HP)  [m2:50%(2) m4:50%(2)]

MISSION WIN-RATE BY MISSION #:
  m1:   90% ±7  (n=20)
  m2:   93% ±7  (n=14)
  m3:   36% ±13  (n=14)
  m4:   63% ±17  (n=8)
  m5:   20% ±18  (n=5)
  m6:  100% ±0  (n=1)

LOSS CAUSES (missions):
  RUN OVER              : 11
  VIP LOST              : 4
  CAPTIVE LOST          : 4

MISSION WIN-RATE BY ARENA (authored layouts, n>=3; procedural fallback   18% of 62 missions):
  arena  5:  100% ±0  (n=5, avg 4.6 turns)  [m1:100%(2) m2:100%(3)]
  arena 12:   50% ±25  (n=4, avg 8.3 turns)  [m2:100%(2) m4:0%(2)]
  arena 15:   67% ±27  (n=3, avg 5.3 turns)  [m1:100%(2) m3:0%(1)]
  arena 28:   50% ±20  (n=6, avg 6.2 turns)  [m1:0%(2) m4:75%(4)]
  arena 31:   80% ±18  (n=5, avg 2.6 turns)  [m1:100%(2) m2:100%(2) m5:0%(1)]
  arena 32:   86% ±13  (n=7, avg 5.9 turns)  [m1:100%(2) m2:100%(1) m3:75%(4)]
  procedural:   55% ±15  (n=11, avg 6.4 turns)  [m1:100%(4) m2:50%(2) m3:0%(3) m4:100%(1) m5:0%(1)]

DEPLOYMENT GEOMETRY (opening shape; choices/ARMED is the wave's real gate):
  FRONTAL   :   60% ±11  (n=20, avg 5.7 turns)  choices/turn 2.15  choices/ARMED 2.36  los-targets/ARMED 2.00
  PINCER    :   68% ±10  (n=22, avg 6.5 turns)  choices/turn 1.78  choices/ARMED 2.19  los-targets/ARMED 2.15
  CROSSFIRE :   86% ±13  (n=7, avg 5.9 turns)  choices/turn 1.03  choices/ARMED 1.85  los-targets/ARMED 2.20
  ENVELOP   :   77% ±12  (n=13, avg 3.3 turns)  choices/turn 3.05  choices/ARMED 2.54  los-targets/ARMED 2.25

ARENA FUNNEL (Mission.Build exits, n=71 builds, all modes):
  authored-applied    :  83.1%  (n=59)
  connectivity-reject :   0.0%  (n=0)
  procedural-roll     :  16.9%  (n=12)

DECK EXPOSURE (campaign runs n=20):
  distinct authored arenas/run : 2.55 mean (all runs)
  ... full-depth runs only     : 6.00 mean over 6.0 fights/run (n=1)
  Defend dealt on the route    :   70% of runs (n=14)

ENEMY DECISION MIX (contested acts=937; all-downed acts not counted=289):
  shoot           533    57%
  hunker          207    22%
  move            108    12%
  reload           27     3%
  grenade          25     3%
  item             17     2%
  brace             9     1%
  siege             6     1%
  heal              5     1%

  the shot on the table (acts where the chosen tile HAD a shot = 596):
    hit% band     taken   share   E[dmg]/shot   declined   share   E[dmg]/shot
      0-19           1      0%          0.79          0      0%          0.00
     20-39          28      5%          1.09          0      0%          0.00
     40-59         120     23%          1.64          0      0%          0.00
     60-79         177     33%          3.15          0      0%          0.00
      80+          207     39%          4.49          0      0%          0.00
    TOTAL           533                              0
  taken   89% / DECLINED    0% / preempted by another verb   11%
  enemy lanes held (overwatch+brace) 9; reaction shots fired 0  ->    0% of lanes paid off   [C2: DeclineWatchRatio is a bet on this number]

ACTION MIX (verbs issued, by policy):
  verb                  greedy        sloppy
  MOVE               309   29%     348   38%
  SHOOT              266   25%     206   23%
  OVERWATCH           99    9%      62    7%
  BRACE               93    9%      51    6%
  FOCUS               62    6%      56    6%
  HUNKER              44    4%      27    3%
  RELOAD              29    3%      32    4%
  SLIPSTREAM          33    3%      24    3%
  INTEL               27    3%      25    3%
  STABILIZE           20    2%      24    3%
  DRAG                16    2%      12    1%
  MARK                14    1%       8    1%
  ITEM:SMOKE           5    0%       9    1%
  PIN                  7    1%       6    1%
  GRENADE              8    1%       4    0%
  HACK                 4    0%       5    1%
  REARM                5    0%       3    0%
  PLANT                3    0%       4    0%
  GRAPPLE              1    0%       4    0%
  PATCH                2    0%       1    0%
  BEACON               2    0%       1    0%
  BARREL               2    0%       0    0%
  ITEM:FLASH           0    0%       1    0%

PLAYER CLASS PERFORMANCE:
  class        shots   hit%   dmg   kills
  SHARPSHOOTER    142    94%    983     61
  GUNNER         166    88%    733     38
  ASSAULT        145    86%    611     38
  RANGER          86    95%    559     49
  CORPSMAN        29    76%     69      4

SOLDIER DEATHS BY ENEMY CLASS (threat ranking):
  GRUNT      : 13
  HOUND      : 10
  BERSERKER  : 7
  ELITE      : 7
  SHIELD     : 7
  LANCER     : 6
  TURRET     : 6
  HUNTER     : 5
  DRONE      : 5
  PIKEMAN    : 4
  STRIKER    : 3
  SAPPER     : 3
  SCREENER   : 2
  STRIKE     : 1
  SNIPER     : 1
  WARBRINGER : 1
  BURN       : 1

SOLDIER DOWNS (FUL-7 bleed-out): 154 downs -> revived 2 / recovered 22 / bled out 109 / finished 7  (save-rate   25%)
  corpsman fielded in 13 missions

ENEMY COMPOSITION (spawns; faction-stamped fights n=397 / default-cascade fights n=185):
  class        faction         default
  GRUNT           46   12%       27   15%
  SCOUT           17    4%       56   30%
  DRONE           35    9%       12    6%
  HOUND           37    9%        8    4%
  BERSERKER       37    9%        4    2%
  HUNTER          24    6%       11    6%
  SHIELD          32    8%        3    2%
  ELITE           20    5%        8    4%
  BRUISER         25    6%        2    1%
  STRIKER         16    4%       10    5%
  LANCER          12    3%       13    7%
  SAPPER          21    5%        2    1%
  TURRET          16    4%        3    2%
  SCREENER        16    4%        1    1%
  SPOTTER         11    3%        3    2%
  SNIPER           5    1%        8    4%
  CUSTODIAN       10    3%        3    2%
  WARBRINGER       7    2%        1    1%
  PIKEMAN          6    2%        2    1%
  MORTAR           2    1%        3    2%
  MEDIC            0    0%        4    2%
  BOMBARD          2    1%        1    1%

PERK PICK FREQUENCY:
  GUN           : 16
  CQB           : 11
  LCK           : 11
  RFX           : 10
  BRK           : 9
  GRD           : 9
  SKR           : 8
  TNK           : 8
  MOM           : 7
  FST           : 6
  MRK           : 6
  PLT           : 5
  BND           : 5
  CLH           : 5
  OUT           : 4
  EXC           : 4
  SGE           : 3
  HRD           : 3
  VNT           : 2

SHOP PURCHASE FREQUENCY:
  WPN: SCOPE        : 47
  WPN: HOLLOW POINT : 47
  FIELD MEDKIT      : 30
  ADV. TRAINING     : 23
  WPN: STABILIZER   : 22
  WPN: BIPOD        : 16
  COMBAT STIMS      : 15
  BALLISTIC PLATING : 13
  COUNTER-PREP      : 11
  WPN: EXTENDED MAG : 10
  ARMORY            : 8
  WPN: SUPPRESSOR   : 4
  FRAG CACHE        : 4

BOON PICK FREQUENCY (PROCS = effect fires at instrumented sites; '-' = not instrumented;
                      PYR counts the +2-turn-burn half only — the Burning-immunity half is uninstrumented):
  code                 picks   PROCS
  FST               :     5      61
  FVR               :     5       -
  ADR               :     4       -
  GHO               :     4       -
  MRK               :     4       -
  SCV               :     4       -
  RCL               :     3       1
  SHK               :     3       3
  TRR               :     3       9
  VNM               :     3       -
  PYR               :     2       0
  FRT               :     1       -
  RPD               :     1       -

RUN WIN-RATE BY BOON (campaign runs holding it):
  FST               :    0% ±0  (in 5 runs)
  FVR               :   20% ±18  (in 5 runs)
  ADR               :   25% ±22  (in 4 runs)
  GHO               :    0% ±0  (in 4 runs)
  MRK               :    0% ±0  (in 4 runs)
  SCV               :   25% ±22  (in 4 runs)
  RCL               :   33% ±27  (in 3 runs)
  SHK               :    0% ±0  (in 3 runs)
  TRR               :   33% ±27  (in 3 runs)
  VNM               :    0% ±0  (in 3 runs)
  PYR               :    0% ±0  (in 2 runs)
  FRT               :    0% ±0  (in 1 runs)
  RPD               :    0% ±0  (in 1 runs)

RUN WIN-RATE BY SPEC (campaign runs fielding it):
  PHN               :   14% ±13  (in 7 runs)
  SNT               :    0% ±0  (in 6 runs)
  HHT               :   33% ±27  (in 3 runs)
  JUG               :   33% ±27  (in 3 runs)
  ANC               :   50% ±35  (in 2 runs)
  ADN               :    0% ±0  (in 1 runs)
  BRC               :    0% ±0  (in 1 runs)

RUN WIN-RATE BY PERK (campaign runs holding it):
  GUN               :    9% ±9  (in 11 runs)
  CQB               :   10% ±9  (in 10 runs)
  BRK               :   11% ±10  (in 9 runs)
  LCK               :   11% ±10  (in 9 runs)
  RFX               :    0% ±0  (in 9 runs)
  SKR               :   13% ±12  (in 8 runs)
  GRD               :   14% ±13  (in 7 runs)
  MOM               :   14% ±13  (in 7 runs)
  FST               :    0% ±0  (in 6 runs)
  TNK               :    0% ±0  (in 6 runs)
  BND               :   20% ±18  (in 5 runs)
  CLH               :    0% ±0  (in 5 runs)
  EXC               :   25% ±22  (in 4 runs)
  PLT               :   25% ±22  (in 4 runs)
  MRK               :    0% ±0  (in 3 runs)
  OUT               :   33% ±27  (in 3 runs)
  SGE               :    0% ±0  (in 3 runs)
  HRD               :   50% ±35  (in 2 runs)
  VNT               :    0% ±0  (in 2 runs)

RUN WIN-RATE BY PURCHASE (campaign runs buying it):
  WPN: HOLLOW POINT :    8% ±8  (in 12 runs)
  FIELD MEDKIT      :    9% ±9  (in 11 runs)
  COUNTER-PREP      :   10% ±9  (in 10 runs)
  WPN: BIPOD        :   11% ±10  (in 9 runs)
  ADV. TRAINING     :   13% ±12  (in 8 runs)
  WPN: EXTENDED MAG :    0% ±0  (in 8 runs)
  WPN: SCOPE        :   13% ±12  (in 8 runs)
  ARMORY            :   14% ±13  (in 7 runs)
  COMBAT STIMS      :    0% ±0  (in 7 runs)
  BALLISTIC PLATING :   17% ±15  (in 6 runs)
  WPN: STABILIZER   :   17% ±15  (in 6 runs)
  FRAG CACHE        :   25% ±22  (in 4 runs)
  WPN: SUPPRESSOR   :    0% ±0  (in 2 runs)

RUN WIN-RATE BY EVENT-CHOICE (campaign runs taking id:arm):
  blackmarket:2     :    0% ±0  (in 2 runs)
  distress:1        :    0% ±0  (in 2 runs)
  profiteer:0       :    0% ±0  (in 2 runs)
  depot:1           :    0% ±0  (in 1 runs)
═══════════════════════════════════════════════════════════════════════

batch wall-time: 7.9s  (20 matches across 10 campaigns × 2 policy, frame-cap hits: 0)
aggregate JSON -> /home/user/wt/heat-pin/docs/measurements/l5/L5fac-m3a0b1-h6-b140.json
INFO: TEXTURE: [ID 2] Unloaded texture data from VRAM (GPU)
INFO: SHADER: [ID 3] Default shader unloaded successfully
INFO: TEXTURE: [ID 1] Default texture unloaded successfully
INFO: Window closed successfully
