BALANCE: heat PINNED for this batch (field-event AddHeat is a no-op; SIGHTLINE_HEATPIN=0 restores the leak)
INFO: Initializing raylib 6.0
INFO: Platform backend: DESKTOP (GLFW)
INFO: Supported raylib modules:
INFO:     > rcore:..... loaded (mandatory)
INFO:     > rlgl:...... loaded (mandatory)
INFO:     > rshapes:... loaded (optional)
INFO:     > rtextures:. loaded (optional)
INFO:     > rtext:..... loaded (optional)
INFO:     > rmodels:... loaded (optional)
INFO:     > raudio:.... loaded (optional)
INFO: DISPLAY: Trying to enable MSAA x4
INFO: DISPLAY: Device initialized successfully 
INFO:     > Display size: 1280 x 800
INFO:     > Screen size:  1280 x 800
INFO:     > Render size:  1280 x 800
INFO:     > Viewport offsets: 0, 0
INFO: GLAD: OpenGL extensions loaded successfully
INFO: GL: Supported extensions count: 229
INFO: GL: OpenGL device information:
INFO:     > Vendor:   Mesa
INFO:     > Renderer: llvmpipe (LLVM 20.1.2, 256 bits)
INFO:     > Version:  4.5 (Core Profile) Mesa 25.2.8-0ubuntu0.24.04.2
INFO:     > GLSL:     4.50
INFO: GL: VAO extension detected, VAO functions loaded successfully
INFO: GL: NPOT textures extension detected, full NPOT textures supported
INFO: GL: DXT compressed textures supported
INFO: GL: ETC2/EAC compressed textures supported
INFO: PLATFORM: DESKTOP (GLFW - X11): Initialized successfully
INFO: TEXTURE: [ID 1] Texture loaded successfully (1x1 | R8G8B8A8 | 1 mipmaps)
INFO: TEXTURE: [ID 1] Default texture loaded successfully
INFO: SHADER: [ID 1] Vertex shader compiled successfully
INFO: SHADER: [ID 2] Fragment shader compiled successfully
INFO: SHADER: [ID 3] Program shader loaded successfully
INFO: SHADER: [ID 3] Default shader loaded successfully
INFO: RLGL: Render batch vertex buffers loaded successfully in RAM (CPU)
INFO: RLGL: Render batch vertex buffers loaded successfully in VRAM (GPU)
INFO: RLGL: Default OpenGL state initialized successfully
INFO: TEXTURE: [ID 2] Texture loaded successfully (128x128 | GRAY_ALPHA | 1 mipmaps)
INFO: FONT: Default font loaded successfully (224 glyphs)
INFO: SYSTEM: Working Directory: /home/user/wt/heat-pin
INFO: TIMER: Target time per frame: 0.000 milliseconds
FINALE-KIT: Syndicate
WAVE: +2 (SHIELD,SHIELD) [rich]
WAVE: +2 (SHIELD,GRUNT) [rich]
WAVE: +2 (SAPPER,DRONE) [rich]
FINALE-KIT: Syndicate
WAVE: +2 (SHIELD,SHIELD) [rich]
WAVE: +2 (SHIELD,GRUNT) [rich]
WAVE: +2 (SAPPER,DRONE) [rich]
FINALE-KIT: Wardens
FINALE-KIT: Wardens
FINALE-KIT: Wardens
WAVE: +2 (LANCER,SHIELD) [rich]
WAVE: +2 (CUSTODIAN,BERSERKER) [rich]
WAVE: +2 (STRIKER,BERSERKER) [rich]
match 5/20  (W:1 L:4 cap:0)  2.6s
FINALE-KIT: Wardens
WAVE: +2 (MORTAR,SNIPER) [rich]
WAVE: +2 (STRIKER,HOUND) [rich]
WAVE: +2 (SCOUT,SAPPER) [rich]
REINFORCEMENTS: +2 (GRUNT,SCOUT)
REINFORCEMENTS: +2 (SCOUT,SCOUT)
REINFORCEMENTS: +2 (SCOUT,GRUNT)
REINFORCEMENTS: +2 (SCOUT,GRUNT)
FINALE-KIT: Legion
WAVE: +2 (SPOTTER,CUSTODIAN) [rich]
WAVE: +2 (SHIELD,DRONE) [rich]
WAVE: +2 (SAPPER,DRONE) [rich]
WAVE: +3 (BRUISER,BRUISER,LANCER) [rich]
WAVE: +1 (HOUND) [rich]
WAVE: +1 (HUNTER) [rich]
FINALE-KIT: Legion
WAVE: +2 (CUSTODIAN,SAPPER) [rich]
WAVE: +2 (DRONE,SHIELD) [rich]
WAVE: +2 (SHIELD,DRONE) [rich]
WAVE: +3 (BERSERKER,GRUNT,GRUNT) [rich]
WAVE: +2 (WARBRINGER,BERSERKER) [rich]
WAVE: +1 (GRUNT) [rich]
FINALE-KIT: Syndicate
FINALE-KIT: Syndicate
match 10/20  (W:1 L:9 cap:0)  4.8s
FINALE-KIT: Wardens
WAVE: +2 (BERSERKER,BRUISER) [rich]
WAVE: +2 (BERSERKER,LANCER) [rich]
WAVE: +2 (SCOUT,HUNTER) [rich]
FINALE-KIT: Wardens
WAVE: +2 (BRUISER,HOUND) [rich]
WAVE: +2 (BRUISER,SCOUT) [rich]
WAVE: +2 (BERSERKER,STRIKER) [rich]
FINALE-KIT: Wardens
FINALE-KIT: Wardens
FINALE-KIT: Wardens
WAVE: +2 (BRUISER,SNIPER) [rich]
WAVE: +2 (SNIPER,HUNTER) [rich]
WAVE: +2 (SCOUT,SCOUT) [rich]
WAVE: +3 (BRUISER,BERSERKER,HUNTER) [rich]
WAVE: +1 (LANCER) [rich]
WAVE: +1 (GRUNT) [rich]
match 15/20  (W:2 L:13 cap:0)  5.7s
FINALE-KIT: Wardens
WAVE: +2 (BRUISER,SNIPER) [rich]
WAVE: +2 (SNIPER,SCOUT) [rich]
WAVE: +2 (LANCER,STRIKER) [rich]
WAVE: +3 (STRIKER,HOUND,BRUISER) [rich]
WAVE: +2 (GRUNT,GRUNT) [rich]
FINALE-KIT: Legion
FINALE-KIT: Legion
WAVE: +3 (SAPPER,HUNTER,SNIPER) [rich]
WAVE: +1 (SNIPER) [rich]
WAVE: +1 (DRONE) [rich]
FINALE-KIT: Legion
FINALE-KIT: Legion
match 20/20  (W:4 L:16 cap:0)  7.0s

══════════════════════ SIGHTLINE BALANCE REPORT ══════════════════════
runs=20  missions=63

RUN OUTCOMES (campaign):  win-rate   20%   avg missions cleared 3.5

POLICY GAP (optimal vs human-error; campaign runs only):
  greedy win-rate   30%  (n=10)
  sloppy win-rate   10%  (n=10)
  GAP   20 pts  (swingy/unforgiving)
  PAIRED (same-seed slots): pairs=10  concordant=6  discordant greedy-only-won=3 / sloppy-only-won=1  paired gap   20 pts
  PER-SLOT RECORDS (greedy | sloppy: outcome + missions cleared; margin = g−s):
    slot  70 @h6: W 6 | L 5   margin +1
    slot  71 @h6: L 2 | L 0   margin +2
    slot  72 @h6: L 4 | L 4   margin +0
    slot  73 @h6: L 5 | L 5   margin +0
    slot  74 @h6: L 2 | L 2   margin +0
    slot  75 @h6: L 5 | L 2   margin +3
    slot  76 @h6: L 0 | L 0   margin +0
    slot  77 @h6: W 6 | L 4   margin +2
    slot  78 @h6: L 2 | W 6   margin -4
    slot  79 @h6: W 6 | L 3   margin +3
  PAIRED MARGIN (missions cleared, all pairs): +0.70 ±0.65 SE  (n=10 pairs)
  by objective (greedy / sloppy / gap):
    Decapitate :   57% /   40% / gap   17
    Defend     :  100% /   88% / gap   13
    Eliminate  :   82% /   73% / gap    9
    Escort     :   50% /   67% / gap  -17
    Hack       :  100% /  100% / gap    0
    Rescue     :  100% /  100% / gap    0
    Sabotage   :  100% /    0% / gap  100

DECISION RICHNESS / SWING:
  meaningful-choices/turn 2.08   lead-swings/match 1.0   avg max-swing 56.1
  [shot-gate] acting-soldiers/turn 2.99   armed-soldiers/turn 0.92   armed-fraction 31%   turns-with-a-shot 42%   choices/ARMED-soldier-turn 2.27
  [choice-split] los-targets/ARMED 2.67   target-choices/ARMED 0.48   position-choices/ARMED 1.79

RUN COMPLETION BY HEAT (full-campaign clears):
  heat 6:   20% ±9  (n=20 runs, avg 3.5 missions)
  HEAT LEAK: pinned=yes  heat-raising picks=3  campaigns raised=0  missions off-rung=0/63

INTEL ECONOMY BY HEAT (campaign runs; heat-bonus = the Heat.IntelBonus share of income):
  heat 6: earned  173.5/run   heat-bonus  77.4 (  45% of income)   spent  160.7   unspent   12.8

MISSION WIN-RATE BY HEAT:
  heat 6:   75%  (n=63, avg 6.2 turns)

MISSION WIN-RATE BY OBJECTIVE:
  Eliminate  :   77% ±9  (n=22, avg 4.6 turns)
  Defend     :   93% ±6  (n=15, avg 8.8 turns)
  Decapitate :   50% ±14  (n=12, avg 5.5 turns)
  Escort     :   57% ±19  (n=7, avg 9.0 turns)
  Sabotage   :   50% ±35  (n=2, avg 4.5 turns)
  Hack       :  100% ±0  (n=2, avg 3.0 turns)
  Rescue     :  100% ±0  (n=2, avg 4.5 turns)
  Evac       :  100% ±0  (n=1, avg 2.0 turns)

MISSION WIN-RATE BY OBJECTIVE x NODE KIND (a capstone must never pool with a mid-run node):
  Eliminate  : Start:  85%(n=20)  Elite:   0%(n=2)
               depth: m1:85%(20) m3:0%(2)
  Defend     : Combat:  90%(n=10)  Supply: 100%(n=5)
               depth: m2:100%(6) m3:100%(4) m4:100%(2) m5:67%(3)
  Decapitate : Boss:  50%(n=8)  Elite:  50%(n=4)
               depth: m5:50%(4) m6:50%(8)
  Escort     : Combat:  33%(n=3)  Elite: 100%(n=2)  Supply:  50%(n=2)
               depth: m3:33%(3) m4:75%(4)
  Sabotage   : Combat:  50%(n=2)
               depth: m3:50%(2)
  Hack       : Combat: 100%(n=2)
               depth: m3:100%(2)
  Rescue     : Elite: 100%(n=2)
               depth: m3:100%(2)
  Evac       : Combat: 100%(n=1)
               depth: m4:100%(1)

ENCOUNTER COMPLETION on MID-RUN nodes (Combat+Elite) — clear% is the share of the fight actually fought:
  objective     n   win%   turns   force    +rf  killed  clear%   prs  WONclear%
  Defend        10   90%     8.7    6.00   5.70    2.60    22.2  0.00     23.3 (n=9)
  Escort         5   60%    10.8    9.80   0.00    3.20    32.7  0.00     48.4 (n=3)
  Decapitate     4   50%     6.5   11.00   1.50    1.50    12.0  1.25     22.7 (n=2)
  Eliminate      2    0%    11.0   11.00   0.00    5.50    50.0  3.00      0.0 (n=0)
  Sabotage       2   50%     4.5    7.00   0.00    0.50     7.1  0.00      0.0 (n=1)
  Hack           2  100%     3.0    9.00   0.00    2.00    22.2  0.00     22.2 (n=2)
  Rescue         2  100%     4.5   11.00   0.00    1.00     9.1  0.00      9.1 (n=2)
  Evac           1  100%     2.0   10.00   0.00    1.00    10.0  0.00     10.0 (n=1)
  ---- the two classes ----
  KILL           6   33%     8.0   11.00   1.00    2.83    23.6  1.83     22.7 (n=2)
  NON-KILL      22   82%     7.6    7.86   2.59    2.27    21.7  0.00     24.1 (n=18)

DECAPITATE HVT (buff = +6+1*mission HP, +6 aim; ELITE exempt):
  EXEMPT  :   50% ±14  (n=12, avg 5.5 turns, HVT 24.0 max HP)  [m5:50%(4) m6:50%(8)]

MISSION WIN-RATE BY MISSION #:
  m1:   85% ±8  (n=20)
  m2:  100% ±0  (n=6)
  m3:   67% ±12  (n=15)
  m4:   86% ±13  (n=7)
  m5:   57% ±19  (n=7)
  m6:   50% ±18  (n=8)

LOSS CAUSES (missions):
  RUN OVER              : 13
  VIP LOST              : 3

MISSION WIN-RATE BY ARENA (authored layouts, n>=3; procedural fallback   24% of 63 missions):
  arena 10:   67% ±19  (n=6, avg 8.2 turns)  [m2:100%(2) m3:100%(2) m6:0%(2)]
  arena 13:   67% ±27  (n=3, avg 2.7 turns)  [m1:100%(2) m3:0%(1)]
  arena 19:  100% ±0  (n=3, avg 5.3 turns)  [m2:100%(1) m5:100%(2)]
  arena 20:  100% ±0  (n=3, avg 7.0 turns)  [m3:100%(1) m4:100%(2)]
  arena 28:  100% ±0  (n=4, avg 6.0 turns)  [m1:100%(2) m3:100%(1) m5:100%(1)]
  arena 33:  100% ±0  (n=4, avg 4.0 turns)  [m1:100%(2) m3:100%(2)]
  arena 34:   50% ±25  (n=4, avg 7.5 turns)  [m3:0%(2) m6:100%(2)]
  procedural:   67% ±12  (n=15, avg 7.7 turns)  [m1:25%(4) m2:100%(3) m3:75%(4) m4:100%(2) m5:50%(2)]

DEPLOYMENT GEOMETRY (opening shape; choices/ARMED is the wave's real gate):
  FRONTAL   :   71% ±10  (n=21, avg 6.2 turns)  choices/turn 1.89  choices/ARMED 2.20  los-targets/ARMED 2.56
  PINCER    :   81% ±9  (n=21, avg 6.2 turns)  choices/turn 1.90  choices/ARMED 2.33  los-targets/ARMED 3.20
  CROSSFIRE :   75% ±22  (n=4, avg 6.5 turns)  choices/turn 2.17  choices/ARMED 2.60  los-targets/ARMED 2.40
  ENVELOP   :   71% ±11  (n=17, avg 5.9 turns)  choices/turn 2.57  choices/ARMED 2.23  los-targets/ARMED 2.34

ARENA FUNNEL (Mission.Build exits, n=73 builds, all modes):
  authored-applied    :  75.3%  (n=55)
  connectivity-reject :   0.0%  (n=0)
  procedural-roll     :  24.7%  (n=18)

DECK EXPOSURE (campaign runs n=20):
  distinct authored arenas/run : 2.40 mean (all runs)
  ... full-depth runs only     : 4.00 mean over 4.8 fights/run (n=4)
  Defend dealt on the route    :   55% of runs (n=11)

ENEMY DECISION MIX (contested acts=1068; all-downed acts not counted=329):
  shoot           621    58%
  hunker          284    27%
  move             82     8%
  grenade          24     2%
  reload           19     2%
  siege            13     1%
  shove             7     1%
  heal              5     0%
  item              5     0%
  brace             3     0%
  staleplan         3     0%
  overwatch         1     0%
  sap               1     0%

  the shot on the table (acts where the chosen tile HAD a shot = 676):
    hit% band     taken   share   E[dmg]/shot   declined   share   E[dmg]/shot
      0-19           0      0%          0.00          0      0%          0.00
     20-39          18      3%          1.18          1    100%          0.49
     40-59          87     14%          1.96          0      0%          0.00
     60-79         207     33%          2.87          0      0%          0.00
      80+          309     50%          4.24          0      0%          0.00
    TOTAL           621                              1
  taken   92% / DECLINED    0% / preempted by another verb    8%
  enemy lanes held (overwatch+brace) 4; reaction shots fired 1  ->   25% of lanes paid off   [C2: DeclineWatchRatio is a bet on this number]

ACTION MIX (verbs issued, by policy):
  verb                  greedy        sloppy
  MOVE               312   29%     385   37%
  SHOOT              269   25%     263   26%
  OVERWATCH          118   11%      90    9%
  BRACE               74    7%      70    7%
  FOCUS               74    7%      21    2%
  HUNKER              49    5%      26    3%
  SLIPSTREAM          28    3%      38    4%
  INTEL               30    3%      29    3%
  RELOAD              32    3%      26    3%
  STABILIZE           18    2%      28    3%
  ITEM:SMOKE          14    1%      17    2%
  MARK                 9    1%       7    1%
  DRAG                 7    1%       6    1%
  PIN                  8    1%       4    0%
  GRENADE              5    0%       5    0%
  GRAPPLE              5    0%       1    0%
  REARM                3    0%       3    0%
  PLANT                4    0%       2    0%
  PATCH                2    0%       3    0%
  HACK                 2    0%       3    0%
  BARREL               2    0%       1    0%
  BEACON               1    0%       1    0%
  ITEM:BARRICADE       1    0%       0    0%

PLAYER CLASS PERFORMANCE:
  class        shots   hit%   dmg   kills
  SHARPSHOOTER    132    92%    869     57
  GUNNER         148    88%    661     38
  ASSAULT        154    84%    643     33
  RANGER         103    76%    512     34
  CORPSMAN        24    83%     75      1

SOLDIER DEATHS BY ENEMY CLASS (threat ranking):
  GRUNT      : 18
  BURN       : 10
  BRUISER    : 8
  HUNTER     : 8
  ELITE      : 7
  STRIKER    : 5
  SCOUT      : 5
  LANCER     : 5
  SPOTTER    : 4
  STRIKE     : 4
  DRONE      : 4
  SNIPER     : 4
  SCREENER   : 3
  SHIELD     : 3
  BERSERKER  : 3
  TURRET     : 3
  MORTAR     : 1
  WARBRINGER : 1
  HOUND      : 1
  SAPPER     : 1

SOLDIER DOWNS (FUL-7 bleed-out): 205 downs -> revived 2 / recovered 49 / bled out 126 / finished 18  (save-rate   30%)
  corpsman fielded in 16 missions

ENEMY COMPOSITION (spawns; faction-stamped fights n=470 / default-cascade fights n=153):
  class        faction         default
  GRUNT           47   10%       36   24%
  SCOUT           20    4%       48   31%
  HUNTER          45   10%        5    3%
  BRUISER         44    9%        3    2%
  DRONE           33    7%        8    5%
  SHIELD          37    8%        3    2%
  ELITE           37    8%        3    2%
  LANCER          35    7%        2    1%
  HOUND           21    4%        7    5%
  SAPPER          19    4%        8    5%
  SPOTTER         23    5%        0    0%
  STRIKER         12    3%       11    7%
  BERSERKER       20    4%        2    1%
  MORTAR          14    3%        6    4%
  SCREENER        16    3%        0    0%
  TURRET          16    3%        0    0%
  SNIPER           4    1%       10    7%
  WARBRINGER      12    3%        0    0%
  CUSTODIAN        5    1%        1    1%
  BOMBARD          4    1%        0    0%
  MEDIC            4    1%        0    0%
  PIKEMAN          2    0%        0    0%

PERK PICK FREQUENCY:
  LCK           : 12
  TNK           : 10
  GUN           : 9
  OUT           : 8
  SKR           : 8
  EXC           : 8
  PLT           : 7
  FST           : 7
  RFX           : 6
  SGE           : 6
  GRD           : 6
  CLH           : 5
  MOM           : 5
  CQB           : 5
  BRK           : 5
  MRK           : 5
  BND           : 4
  VNT           : 4
  HRD           : 1

SHOP PURCHASE FREQUENCY:
  FIELD MEDKIT      : 58
  WPN: HOLLOW POINT : 48
  WPN: SCOPE        : 46
  BALLISTIC PLATING : 31
  WPN: STABILIZER   : 30
  WPN: EXTENDED MAG : 22
  WPN: BIPOD        : 18
  FRAG CACHE        : 13
  COUNTER-PREP      : 13
  WPN: SUPPRESSOR   : 8
  ADV. TRAINING     : 6
  ARMORY            : 6
  COMBAT STIMS      : 6

BOON PICK FREQUENCY (PROCS = effect fires at instrumented sites; '-' = not instrumented;
                      PYR counts the +2-turn-burn half only — the Burning-immunity half is uninstrumented):
  code                 picks   PROCS
  FVR               :     5       -
  VNM               :     5       -
  FDR               :     4       7
  TRR               :     4      10
  EXE               :     3       -
  GHO               :     3       -
  MRK               :     3       -
  PYR               :     3       1
  RPD               :     3       -
  ADR               :     2       -
  FRT               :     2       -
  GRN               :     2       -
  SCV               :     2       -
  FST               :     1      17
  SHK               :     1       0

RUN WIN-RATE BY BOON (campaign runs holding it):
  FVR               :   20% ±18  (in 5 runs)
  VNM               :   40% ±22  (in 5 runs)
  FDR               :   75% ±22  (in 4 runs)
  TRR               :   75% ±22  (in 4 runs)
  EXE               :   33% ±27  (in 3 runs)
  GHO               :   33% ±27  (in 3 runs)
  MRK               :    0% ±0  (in 3 runs)
  PYR               :    0% ±0  (in 3 runs)
  RPD               :   33% ±27  (in 3 runs)
  ADR               :    0% ±0  (in 2 runs)
  FRT               :   50% ±35  (in 2 runs)
  GRN               :   50% ±35  (in 2 runs)
  SCV               :   50% ±35  (in 2 runs)
  FST               :    0% ±0  (in 1 runs)
  SHK               :    0% ±0  (in 1 runs)

RUN WIN-RATE BY SPEC (campaign runs fielding it):
  HHT               :   33% ±19  (in 6 runs)
  ADN               :    0% ±0  (in 3 runs)
  JUG               :    0% ±0  (in 2 runs)
  PHN               :   50% ±35  (in 2 runs)
  SNT               :   50% ±35  (in 2 runs)
  ANC               :  100% ±0  (in 1 runs)
  BRC               :  100% ±0  (in 1 runs)
  PTH               :    0% ±0  (in 1 runs)

RUN WIN-RATE BY PERK (campaign runs holding it):
  LCK               :   44% ±17  (in 9 runs)
  TNK               :   38% ±17  (in 8 runs)
  EXC               :   29% ±17  (in 7 runs)
  OUT               :   14% ±13  (in 7 runs)
  SKR               :   43% ±19  (in 7 runs)
  FST               :   33% ±19  (in 6 runs)
  GRD               :   17% ±15  (in 6 runs)
  GUN               :   17% ±15  (in 6 runs)
  SGE               :    0% ±0  (in 6 runs)
  BRK               :   40% ±22  (in 5 runs)
  CLH               :   20% ±18  (in 5 runs)
  CQB               :    0% ±0  (in 5 runs)
  MOM               :    0% ±0  (in 5 runs)
  MRK               :   20% ±18  (in 5 runs)
  PLT               :   40% ±22  (in 5 runs)
  RFX               :   60% ±22  (in 5 runs)
  BND               :   25% ±22  (in 4 runs)
  VNT               :   50% ±25  (in 4 runs)
  HRD               :    0% ±0  (in 1 runs)

RUN WIN-RATE BY PURCHASE (campaign runs buying it):
  FIELD MEDKIT      :   29% ±12  (in 14 runs)
  WPN: SCOPE        :   21% ±11  (in 14 runs)
  WPN: BIPOD        :   27% ±13  (in 11 runs)
  WPN: HOLLOW POINT :   30% ±14  (in 10 runs)
  WPN: STABILIZER   :   30% ±14  (in 10 runs)
  COUNTER-PREP      :   22% ±14  (in 9 runs)
  BALLISTIC PLATING :   43% ±19  (in 7 runs)
  WPN: EXTENDED MAG :   43% ±19  (in 7 runs)
  ARMORY            :   17% ±15  (in 6 runs)
  FRAG CACHE        :   33% ±19  (in 6 runs)
  WPN: SUPPRESSOR   :   17% ±15  (in 6 runs)
  ADV. TRAINING     :   40% ±22  (in 5 runs)
  COMBAT STIMS      :   20% ±18  (in 5 runs)

RUN WIN-RATE BY EVENT-CHOICE (campaign runs taking id:arm):
  informant:2       :   25% ±22  (in 4 runs)
  quartermaster:1   :   25% ±22  (in 4 runs)
  bloodfeud:2       :    0% ±0  (in 2 runs)
  depot:0           :    0% ±0  (in 2 runs)
  informant:1       :   50% ±35  (in 2 runs)
  profiteer:1       :    0% ±0  (in 2 runs)
  warchest:0        :   50% ±35  (in 2 runs)
  drill:1           :    0% ±0  (in 1 runs)
  reservecall:1     :    0% ±0  (in 1 runs)
  warpension:1      :    0% ±0  (in 1 runs)
  warpension:2      :  100% ±0  (in 1 runs)
═══════════════════════════════════════════════════════════════════════

batch wall-time: 7.0s  (20 matches across 10 campaigns × 2 policy, frame-cap hits: 0)
aggregate JSON -> /home/user/wt/heat-pin/docs/measurements/l5/L5fac-m3a1b1-h6-b70.json
INFO: TEXTURE: [ID 2] Unloaded texture data from VRAM (GPU)
INFO: SHADER: [ID 3] Default shader unloaded successfully
INFO: TEXTURE: [ID 1] Default texture unloaded successfully
INFO: Window closed successfully
