BALANCE: heat PINNED for this batch (field-event AddHeat is a no-op; SIGHTLINE_HEATPIN=0 restores the leak)
INFO: Initializing raylib 6.0
INFO: Platform backend: DESKTOP (GLFW)
INFO: Supported raylib modules:
INFO:     > rcore:..... loaded (mandatory)
INFO:     > rlgl:...... loaded (mandatory)
INFO:     > rshapes:... loaded (optional)
INFO:     > rtextures:. loaded (optional)
INFO:     > rtext:..... loaded (optional)
INFO:     > rmodels:... loaded (optional)
INFO:     > raudio:.... loaded (optional)
INFO: DISPLAY: Trying to enable MSAA x4
INFO: DISPLAY: Device initialized successfully 
INFO:     > Display size: 1280 x 800
INFO:     > Screen size:  1280 x 800
INFO:     > Render size:  1280 x 800
INFO:     > Viewport offsets: 0, 0
INFO: GLAD: OpenGL extensions loaded successfully
INFO: GL: Supported extensions count: 229
INFO: GL: OpenGL device information:
INFO:     > Vendor:   Mesa
INFO:     > Renderer: llvmpipe (LLVM 20.1.2, 256 bits)
INFO:     > Version:  4.5 (Core Profile) Mesa 25.2.8-0ubuntu0.24.04.2
INFO:     > GLSL:     4.50
INFO: GL: VAO extension detected, VAO functions loaded successfully
INFO: GL: NPOT textures extension detected, full NPOT textures supported
INFO: GL: DXT compressed textures supported
INFO: GL: ETC2/EAC compressed textures supported
INFO: PLATFORM: DESKTOP (GLFW - X11): Initialized successfully
INFO: TEXTURE: [ID 1] Texture loaded successfully (1x1 | R8G8B8A8 | 1 mipmaps)
INFO: TEXTURE: [ID 1] Default texture loaded successfully
INFO: SHADER: [ID 1] Vertex shader compiled successfully
INFO: SHADER: [ID 2] Fragment shader compiled successfully
INFO: SHADER: [ID 3] Program shader loaded successfully
INFO: SHADER: [ID 3] Default shader loaded successfully
INFO: RLGL: Render batch vertex buffers loaded successfully in RAM (CPU)
INFO: RLGL: Render batch vertex buffers loaded successfully in VRAM (GPU)
INFO: RLGL: Default OpenGL state initialized successfully
INFO: TEXTURE: [ID 2] Texture loaded successfully (128x128 | GRAY_ALPHA | 1 mipmaps)
INFO: FONT: Default font loaded successfully (224 glyphs)
INFO: SYSTEM: Working Directory: /home/user/wt/heat-pin
INFO: TIMER: Target time per frame: 0.000 milliseconds
FINALE-KIT: Wardens
FINALE-KIT: Wardens
FINALE-KIT: Wardens
FINALE-KIT: Wardens
FINALE-KIT: Syndicate
WAVE: +2 (BRUISER,DRONE) [rich]
WAVE: +2 (STRIKER,HUNTER) [rich]
WAVE: +2 (SCOUT,SCOUT) [rich]
match 5/20  (W:1 L:4 cap:0)  3.5s
FINALE-KIT: Syndicate
WAVE: +2 (DRONE,HUNTER) [rich]
WAVE: +2 (DRONE,DRONE) [rich]
WAVE: +2 (SNIPER,SNIPER) [rich]
FINALE-KIT: Legion
FINALE-KIT: Legion
WAVE: +3 (CUSTODIAN,PIKEMAN,GRUNT) [rich]
WAVE: +2 (GRUNT,SCREENER) [rich]
REINFORCEMENTS: +2 (GRUNT,GRUNT)
FINALE-KIT: Legion
WAVE: +2 (SAPPER,SAPPER) [rich]
WAVE: +2 (SCREENER,SCREENER) [rich]
WAVE: +2 (SCREENER,CUSTODIAN) [rich]
FINALE-KIT: Legion
WAVE: +2 (SAPPER,DRONE) [rich]
WAVE: +2 (CUSTODIAN,DRONE) [rich]
WAVE: +2 (SCREENER,SAPPER) [rich]
match 10/20  (W:2 L:8 cap:0)  6.9s
FINALE-KIT: Wardens
WAVE: +2 (HOUND,BRUISER) [rich]
WAVE: +2 (HOUND,DRONE) [rich]
WAVE: +2 (DRONE,DRONE) [rich]
REINFORCEMENTS: +2 (SCOUT,GRUNT)
REINFORCEMENTS: +2 (GRUNT,GRUNT)
REINFORCEMENTS: +2 (SCOUT,GRUNT)
FINALE-KIT: Wardens
WAVE: +2 (BRUISER,SNIPER) [rich]
WAVE: +2 (BRUISER,SNIPER) [rich]
WAVE: +2 (SCOUT,DRONE) [rich]
FINALE-KIT: Syndicate
WAVE: +2 (MORTAR,MORTAR) [rich]
WAVE: +2 (GRUNT,GRUNT) [rich]
WAVE: +2 (CUSTODIAN,MORTAR) [rich]
REINFORCEMENTS: +2 (GRUNT,GRUNT)
FINALE-KIT: Syndicate
FINALE-KIT: Legion
WAVE: +2 (DRONE,LANCER) [rich]
WAVE: +2 (SAPPER,BERSERKER) [rich]
WAVE: +2 (SNIPER,HUNTER) [rich]
WAVE: +2 (LANCER,SHIELD) [rich]
WAVE: +2 (DRONE,LANCER) [rich]
match 15/20  (W:2 L:13 cap:0)  8.7s
FINALE-KIT: Legion
WAVE: +2 (MORTAR,HUNTER) [rich]
WAVE: +2 (SPOTTER,BERSERKER) [rich]
WAVE: +2 (SAPPER,SNIPER) [rich]
FINALE-KIT: Syndicate
WAVE: +2 (PIKEMAN,SCOUT) [rich]
WAVE: +2 (SCOUT,SNIPER) [rich]
WAVE: +2 (SCOUT,SCOUT) [rich]
WAVE: +2 (GRUNT,SCOUT) [rich]
WAVE: +2 (BERSERKER,BERSERKER) [rich]
WAVE: +2 (HUNTER,STRIKER) [rich]
FINALE-KIT: Syndicate
WAVE: +2 (SCOUT,MORTAR) [rich]
WAVE: +2 (PIKEMAN,GRUNT) [rich]
WAVE: +2 (SCOUT,MEDIC) [rich]
WAVE: +2 (BRUISER,BRUISER) [rich]
WAVE: +2 (BRUISER,HUNTER) [rich]
WAVE: +2 (HUNTER,HUNTER) [rich]
FINALE-KIT: Syndicate
WAVE: +2 (DRONE,MORTAR) [rich]
WAVE: +2 (BERSERKER,SAPPER) [rich]
WAVE: +2 (MEDIC,SNIPER) [rich]
FINALE-KIT: Syndicate
WAVE: +2 (HUNTER,MEDIC) [rich]
WAVE: +2 (HOUND,LANCER) [rich]
WAVE: +2 (HUNTER,SCOUT) [rich]
match 20/20  (W:5 L:15 cap:0)  10.6s

══════════════════════ SIGHTLINE BALANCE REPORT ══════════════════════
runs=20  missions=70

RUN OUTCOMES (campaign):  win-rate   25%   avg missions cleared 3.6

POLICY GAP (optimal vs human-error; campaign runs only):
  greedy win-rate   20%  (n=10)
  sloppy win-rate   30%  (n=10)
  GAP  -10 pts  (healthy slack)
  PAIRED (same-seed slots): pairs=10  concordant=9  discordant greedy-only-won=0 / sloppy-only-won=1  paired gap  -10 pts
  PER-SLOT RECORDS (greedy | sloppy: outcome + missions cleared; margin = g−s):
    slot  10 @h6: L 0 | L 1   margin -1
    slot  11 @h6: L 2 | L 2   margin +0
    slot  12 @h6: W 6 | W 6   margin +0
    slot  13 @h6: L 2 | L 5   margin -3
    slot  14 @h6: L 3 | L 3   margin +0
    slot  15 @h6: L 5 | L 3   margin +2
    slot  16 @h6: L 3 | L 1   margin +2
    slot  17 @h6: L 4 | W 6   margin -2
    slot  18 @h6: W 6 | W 6   margin +0
    slot  19 @h6: L 4 | L 4   margin +0
  PAIRED MARGIN (missions cleared, all pairs): -0.20 ±0.49 SE  (n=10 pairs)
  by objective (greedy / sloppy / gap):
    Decapitate :   40% /   60% / gap  -20
    Defend     :  100% /  100% / gap    0
    Eliminate  :   86% /   80% / gap    6
    Escort     :   50% /   75% / gap  -25
    Rescue     :    0% /    0% / gap    0
    Sabotage   :  100% /  100% / gap    0

DECISION RICHNESS / SWING:
  meaningful-choices/turn 2.30   lead-swings/match 1.0   avg max-swing 58.4
  [shot-gate] acting-soldiers/turn 2.96   armed-soldiers/turn 1.04   armed-fraction 35%   turns-with-a-shot 51%   choices/ARMED-soldier-turn 2.21
  [choice-split] los-targets/ARMED 2.23   target-choices/ARMED 0.38   position-choices/ARMED 1.83

RUN COMPLETION BY HEAT (full-campaign clears):
  heat 6:   25% ±10  (n=20 runs, avg 3.6 missions)
  HEAT LEAK: pinned=yes  heat-raising picks=2  campaigns raised=0  missions off-rung=0/70

INTEL ECONOMY BY HEAT (campaign runs; heat-bonus = the Heat.IntelBonus share of income):
  heat 6: earned  197.9/run   heat-bonus  90.0 (  45% of income)   spent  182.9   unspent   15.1

MISSION WIN-RATE BY HEAT:
  heat 6:   79%  (n=70, avg 6.4 turns)

MISSION WIN-RATE BY OBJECTIVE:
  Eliminate  :   83% ±7  (n=29, avg 5.4 turns)
  Defend     :  100% ±0  (n=16, avg 9.0 turns)
  Decapitate :   50% ±16  (n=10, avg 5.6 turns)
  Escort     :   63% ±17  (n=8, avg 8.1 turns)
  Sabotage   :  100% ±0  (n=4, avg 3.5 turns)
  Rescue     :    0% ±0  (n=2, avg 4.5 turns)
  Hack       :  100% ±0  (n=1, avg 3.0 turns)

MISSION WIN-RATE BY OBJECTIVE x NODE KIND (a capstone must never pool with a mid-run node):
  Eliminate  : Start:  95%(n=20)  Supply: 100%(n=4)  Elite:   0%(n=3)  Combat:  50%(n=2)
               depth: m1:95%(20) m2:33%(3) m4:100%(4) m5:0%(2)
  Defend     : Supply: 100%(n=8)  Combat: 100%(n=7)  Elite: 100%(n=1)
               depth: m2:100%(6) m3:100%(9) m4:100%(1)
  Decapitate : Boss:  71%(n=7)  Elite:   0%(n=2)  Combat:   0%(n=1)
               depth: m4:0%(3) m6:71%(7)
  Escort     : Elite:  75%(n=4)  Combat:  50%(n=2)  Supply:  50%(n=2)
               depth: m3:50%(2) m4:50%(2) m5:75%(4)
  Sabotage   : Combat: 100%(n=4)
               depth: m3:100%(2) m4:100%(2)
  Rescue     : Elite:   0%(n=2)
               depth: m3:0%(2)
  Hack       : Combat: 100%(n=1)
               depth: m5:100%(1)

ENCOUNTER COMPLETION on MID-RUN nodes (Combat+Elite) — clear% is the share of the fight actually fought:
  objective     n   win%   turns   force    +rf  killed  clear%   prs  WONclear%
  Defend         8  100%     9.0    6.25   5.88    2.50    20.6  0.00     20.6 (n=8)
  Escort         6   67%     6.2   10.33   0.00    4.83    46.8  0.00     59.5 (n=4)
  Eliminate      5   20%     9.4    8.40   0.00    4.00    47.6  2.60    100.0 (n=1)
  Sabotage       4  100%     3.5    7.50   0.00    2.00    26.7  0.00     26.7 (n=4)
  Decapitate     3    0%     6.0   10.67   0.67    0.33     2.9  0.67      0.0 (n=0)
  Rescue         2    0%     4.5   11.00   0.00    1.50    13.6  0.00      0.0 (n=0)
  Hack           1  100%     3.0   11.00   0.00    0.00     0.0  0.00      0.0 (n=1)
  ---- the two classes ----
  KILL           8   13%     8.1    9.25   0.25    2.63    27.6  1.88    100.0 (n=1)
  NON-KILL      21   81%     6.4    8.33   2.24    2.86    27.0  0.00     29.4 (n=17)

DECAPITATE HVT (buff = +6+1*mission HP, +6 aim; ELITE exempt):
  EXEMPT  :   71% ±17  (n=7, avg 5.4 turns, HVT 21.9 max HP)  [m6:71%(7)]
  BUFFED  :    0% ±0  (n=3, avg 6.0 turns, HVT 23.7 max HP)  [m4:0%(3)]

MISSION WIN-RATE BY MISSION #:
  m1:   95% ±5  (n=20)
  m2:   78% ±14  (n=9)
  m3:   80% ±10  (n=15)
  m4:   67% ±14  (n=12)
  m5:   57% ±19  (n=7)
  m6:   71% ±17  (n=7)

LOSS CAUSES (missions):
  RUN OVER              : 11
  CAPTIVE LOST          : 2
  VIP LOST              : 2

MISSION WIN-RATE BY ARENA (authored layouts, n>=3; procedural fallback   30% of 70 missions):
  arena  0:  100% ±0  (n=4, avg 5.0 turns)  [m1:100%(2) m4:100%(2)]
  arena  1:   67% ±27  (n=3, avg 8.0 turns)  [m2:100%(1) m3:50%(2)]
  arena  3:   33% ±27  (n=3, avg 6.0 turns)  [m2:100%(1) m3:0%(2)]
  arena 10:  100% ±0  (n=4, avg 3.5 turns)  [m1:100%(2) m6:100%(2)]
  arena 13:   33% ±19  (n=6, avg 7.0 turns)  [m3:100%(2) m4:0%(2) m5:0%(2)]
  arena 30:  100% ±0  (n=3, avg 7.0 turns)  [m3:100%(2) m5:100%(1)]
  arena 34:  100% ±0  (n=3, avg 5.3 turns)  [m3:100%(3)]
  procedural:   86% ±8  (n=21, avg 7.4 turns)  [m1:100%(8) m2:80%(5) m3:100%(2) m4:75%(4) m6:50%(2)]

DEPLOYMENT GEOMETRY (opening shape; choices/ARMED is the wave's real gate):
  FRONTAL   :   79% ±8  (n=29, avg 5.9 turns)  choices/turn 2.25  choices/ARMED 2.37  los-targets/ARMED 2.08
  PINCER    :   67% ±11  (n=18, avg 7.1 turns)  choices/turn 2.08  choices/ARMED 2.16  los-targets/ARMED 2.31
  CROSSFIRE :   83% ±15  (n=6, avg 8.5 turns)  choices/turn 1.70  choices/ARMED 1.74  los-targets/ARMED 2.11
  ENVELOP   :   88% ±8  (n=17, avg 5.6 turns)  choices/turn 3.00  choices/ARMED 2.25  los-targets/ARMED 2.40

ARENA FUNNEL (Mission.Build exits, n=79 builds, all modes):
  authored-applied    :  69.6%  (n=55)
  connectivity-reject :   3.8%  (n=3)
  procedural-roll     :  26.6%  (n=21)

DECK EXPOSURE (campaign runs n=20):
  distinct authored arenas/run : 2.45 mean (all runs)
  ... full-depth runs only     : 4.00 mean over 5.2 fights/run (n=5)
  Defend dealt on the route    :   70% of runs (n=14)

ENEMY DECISION MIX (contested acts=1410; all-downed acts not counted=308):
  shoot           783    56%
  hunker          363    26%
  move            123     9%
  siege            47     3%
  reload           29     2%
  grenade          21     1%
  heal             16     1%
  item              9     1%
  overwatch         7     0%
  shove             6     0%
  brace             5     0%
  sap               1     0%

  the shot on the table (acts where the chosen tile HAD a shot = 840):
    hit% band     taken   share   E[dmg]/shot   declined   share   E[dmg]/shot
      0-19           5      1%          0.46          0      0%          0.00
     20-39          37      5%          1.01          0      0%          0.00
     40-59         124     16%          1.40          0      0%          0.00
     60-79         311     40%          2.28          0      0%          0.00
      80+          306     39%          3.28          0      0%          0.00
    TOTAL           783                              0
  taken   93% / DECLINED    0% / preempted by another verb    7%
  enemy lanes held (overwatch+brace) 12; reaction shots fired 3  ->   25% of lanes paid off   [C2: DeclineWatchRatio is a bet on this number]

ACTION MIX (verbs issued, by policy):
  verb                  greedy        sloppy
  MOVE               440   33%     489   37%
  SHOOT              393   29%     347   26%
  OVERWATCH          116    9%      82    6%
  BRACE               68    5%      55    4%
  FOCUS               62    5%      58    4%
  SLIPSTREAM          58    4%      48    4%
  RELOAD              53    4%      41    3%
  STABILIZE           37    3%      38    3%
  HUNKER              20    1%      47    4%
  INTEL               31    2%      33    2%
  ITEM:SMOKE          15    1%      17    1%
  MARK                14    1%      15    1%
  PIN                 11    1%       9    1%
  GRENADE              5    0%      11    1%
  DRAG                 6    0%       8    1%
  PLANT                6    0%       6    0%
  REARM                2    0%       5    0%
  GRAPPLE              2    0%       3    0%
  PATCH                1    0%       4    0%
  BEACON               2    0%       1    0%
  EXTRACT              1    0%       1    0%
  HACK                 2    0%       0    0%
  BARREL               0    0%       2    0%
  ITEM:INCENDIARY       0    0%       1    0%

PLAYER CLASS PERFORMANCE:
  class        shots   hit%   dmg   kills
  ASSAULT        267    84%   1123     64
  SHARPSHOOTER    167    90%   1121     71
  GUNNER         200    87%    909     65
  RANGER         133    85%    733     48
  CORPSMAN        28    82%     90      4
  VIP              3   100%     12      0

SOLDIER DEATHS BY ENEMY CLASS (threat ranking):
  DRONE      : 13
  GRUNT      : 12
  STRIKE     : 11
  SNIPER     : 8
  ELITE      : 8
  SHIELD     : 7
  BRUISER    : 6
  TURRET     : 5
  SAPPER     : 5
  SCOUT      : 3
  BURN       : 3
  LANCER     : 3
  HUNTER     : 3
  BERSERKER  : 2
  BOMBARD    : 2
  SCREENER   : 2
  MORTAR     : 2
  CUSTODIAN  : 2
  MEDIC      : 1

SOLDIER DOWNS (FUL-7 bleed-out): 188 downs -> revived 2 / recovered 46 / bled out 112 / finished 23  (save-rate   28%)
  corpsman fielded in 16 missions

ENEMY COMPOSITION (spawns; faction-stamped fights n=438 / default-cascade fights n=237):
  class        faction         default
  SCOUT           18    4%       61   26%
  GRUNT           41    9%       33   14%
  DRONE           49   11%       23   10%
  SCREENER        49   11%        3    1%
  TURRET          33    8%       18    8%
  SNIPER          30    7%       14    6%
  SHIELD          32    7%        4    2%
  HUNTER          22    5%       13    5%
  ELITE           28    6%        5    2%
  LANCER          15    3%       13    5%
  SAPPER          18    4%        5    2%
  CUSTODIAN       22    5%        0    0%
  HOUND            9    2%       10    4%
  BRUISER         13    3%        4    2%
  BERSERKER        5    1%       12    5%
  SPOTTER         15    3%        1    0%
  MEDIC           12    3%        2    1%
  STRIKER          5    1%        7    3%
  MORTAR           8    2%        2    1%
  BOMBARD          6    1%        3    1%
  PIKEMAN          5    1%        4    2%
  WARBRINGER       3    1%        0    0%

PERK PICK FREQUENCY:
  LCK           : 15
  MOM           : 14
  GRD           : 13
  MRK           : 13
  BND           : 12
  GUN           : 11
  PLT           : 11
  FST           : 10
  OUT           : 9
  VNT           : 8
  CLH           : 8
  RFX           : 8
  SKR           : 7
  HRD           : 6
  TNK           : 6
  BRK           : 6
  EXC           : 5
  CQB           : 4
  SGE           : 3

SHOP PURCHASE FREQUENCY:
  FIELD MEDKIT      : 54
  WPN: HOLLOW POINT : 47
  WPN: STABILIZER   : 41
  WPN: SCOPE        : 40
  COMBAT STIMS      : 31
  WPN: BIPOD        : 27
  ADV. TRAINING     : 24
  BALLISTIC PLATING : 18
  WPN: EXTENDED MAG : 16
  FRAG CACHE        : 13
  COUNTER-PREP      : 13
  WPN: SUPPRESSOR   : 9
  ARMORY            : 7

BOON PICK FREQUENCY (PROCS = effect fires at instrumented sites; '-' = not instrumented;
                      PYR counts the +2-turn-burn half only — the Burning-immunity half is uninstrumented):
  code                 picks   PROCS
  RCL               :     6       2
  FRT               :     5       -
  GRN               :     5       -
  GHO               :     4       -
  VNM               :     4       -
  ADR               :     3       -
  EXE               :     3       -
  FDR               :     3       2
  RPD               :     3       -
  SCV               :     3       -
  TRR               :     3      10
  FVR               :     2       -
  MRK               :     2       -
  PYR               :     2       0
  FST               :     1      18
  SHK               :     1       0

RUN WIN-RATE BY BOON (campaign runs holding it):
  RCL               :   50% ±20  (in 6 runs)
  FRT               :   40% ±22  (in 5 runs)
  GRN               :   60% ±22  (in 5 runs)
  GHO               :   50% ±25  (in 4 runs)
  VNM               :   50% ±25  (in 4 runs)
  ADR               :   33% ±27  (in 3 runs)
  EXE               :   33% ±27  (in 3 runs)
  FDR               :   33% ±27  (in 3 runs)
  RPD               :  100% ±0  (in 3 runs)
  SCV               :    0% ±0  (in 3 runs)
  TRR               :   33% ±27  (in 3 runs)
  FVR               :   50% ±35  (in 2 runs)
  MRK               :   50% ±35  (in 2 runs)
  PYR               :    0% ±0  (in 2 runs)
  FST               :    0% ±0  (in 1 runs)
  SHK               :    0% ±0  (in 1 runs)

RUN WIN-RATE BY SPEC (campaign runs fielding it):
  ADN               :   40% ±22  (in 5 runs)
  BRC               :   75% ±22  (in 4 runs)
  HHT               :   50% ±25  (in 4 runs)
  SNT               :   25% ±22  (in 4 runs)
  JUG               :    0% ±0  (in 3 runs)
  PTH               :   33% ±27  (in 3 runs)
  ANC               :    0% ±0  (in 2 runs)

RUN WIN-RATE BY PERK (campaign runs holding it):
  MOM               :   42% ±14  (in 12 runs)
  GRD               :   27% ±13  (in 11 runs)
  LCK               :   30% ±14  (in 10 runs)
  MRK               :   40% ±15  (in 10 runs)
  BND               :   56% ±17  (in 9 runs)
  PLT               :   33% ±16  (in 9 runs)
  CLH               :   38% ±17  (in 8 runs)
  GUN               :   63% ±17  (in 8 runs)
  FST               :   29% ±17  (in 7 runs)
  OUT               :   14% ±13  (in 7 runs)
  RFX               :   17% ±15  (in 6 runs)
  SKR               :   50% ±20  (in 6 runs)
  VNT               :   50% ±20  (in 6 runs)
  BRK               :   40% ±22  (in 5 runs)
  HRD               :   20% ±18  (in 5 runs)
  EXC               :   67% ±27  (in 3 runs)
  TNK               :   67% ±27  (in 3 runs)
  CQB               :    0% ±0  (in 2 runs)
  SGE               :  100% ±0  (in 2 runs)

RUN WIN-RATE BY PURCHASE (campaign runs buying it):
  FIELD MEDKIT      :   29% ±11  (in 17 runs)
  COMBAT STIMS      :   25% ±13  (in 12 runs)
  COUNTER-PREP      :   33% ±14  (in 12 runs)
  WPN: HOLLOW POINT :   36% ±15  (in 11 runs)
  WPN: STABILIZER   :   36% ±15  (in 11 runs)
  WPN: BIPOD        :   20% ±13  (in 10 runs)
  WPN: SCOPE        :   50% ±16  (in 10 runs)
  ADV. TRAINING     :   44% ±17  (in 9 runs)
  FRAG CACHE        :   22% ±14  (in 9 runs)
  WPN: EXTENDED MAG :   44% ±17  (in 9 runs)
  ARMORY            :   33% ±19  (in 6 runs)
  BALLISTIC PLATING :   50% ±20  (in 6 runs)
  WPN: SUPPRESSOR   :   17% ±15  (in 6 runs)

RUN WIN-RATE BY EVENT-CHOICE (campaign runs taking id:arm):
  bloodfeud:1       :    0% ±0  (in 2 runs)
  bloodfeud:2       :   50% ±35  (in 2 runs)
  depot:0           :   50% ±35  (in 2 runs)
  drill:1           :    0% ±0  (in 2 runs)
  fieldhospital:2   :    0% ±0  (in 2 runs)
  grave:1           :    0% ±0  (in 2 runs)
  medic:1           :    0% ±0  (in 2 runs)
  reservecall:1     :  100% ±0  (in 2 runs)
  warpension:2      :    0% ±0  (in 1 runs)
═══════════════════════════════════════════════════════════════════════

batch wall-time: 10.6s  (20 matches across 10 campaigns × 2 policy, frame-cap hits: 0)
aggregate JSON -> /home/user/wt/heat-pin/docs/measurements/l5/L5fac-m0a0b1-h6-b10.json
INFO: TEXTURE: [ID 2] Unloaded texture data from VRAM (GPU)
INFO: SHADER: [ID 3] Default shader unloaded successfully
INFO: TEXTURE: [ID 1] Default texture unloaded successfully
INFO: Window closed successfully
