BALANCE: heat PINNED for this batch (field-event AddHeat is a no-op; SIGHTLINE_HEATPIN=0 restores the leak)
INFO: Initializing raylib 6.0
INFO: Platform backend: DESKTOP (GLFW)
INFO: Supported raylib modules:
INFO:     > rcore:..... loaded (mandatory)
INFO:     > rlgl:...... loaded (mandatory)
INFO:     > rshapes:... loaded (optional)
INFO:     > rtextures:. loaded (optional)
INFO:     > rtext:..... loaded (optional)
INFO:     > rmodels:... loaded (optional)
INFO:     > raudio:.... loaded (optional)
INFO: DISPLAY: Trying to enable MSAA x4
INFO: DISPLAY: Device initialized successfully 
INFO:     > Display size: 1280 x 800
INFO:     > Screen size:  1280 x 800
INFO:     > Render size:  1280 x 800
INFO:     > Viewport offsets: 0, 0
INFO: GLAD: OpenGL extensions loaded successfully
INFO: GL: Supported extensions count: 229
INFO: GL: OpenGL device information:
INFO:     > Vendor:   Mesa
INFO:     > Renderer: llvmpipe (LLVM 20.1.2, 256 bits)
INFO:     > Version:  4.5 (Core Profile) Mesa 25.2.8-0ubuntu0.24.04.2
INFO:     > GLSL:     4.50
INFO: GL: VAO extension detected, VAO functions loaded successfully
INFO: GL: NPOT textures extension detected, full NPOT textures supported
INFO: GL: DXT compressed textures supported
INFO: GL: ETC2/EAC compressed textures supported
INFO: PLATFORM: DESKTOP (GLFW - X11): Initialized successfully
INFO: TEXTURE: [ID 1] Texture loaded successfully (1x1 | R8G8B8A8 | 1 mipmaps)
INFO: TEXTURE: [ID 1] Default texture loaded successfully
INFO: SHADER: [ID 1] Vertex shader compiled successfully
INFO: SHADER: [ID 2] Fragment shader compiled successfully
INFO: SHADER: [ID 3] Program shader loaded successfully
INFO: SHADER: [ID 3] Default shader loaded successfully
INFO: RLGL: Render batch vertex buffers loaded successfully in RAM (CPU)
INFO: RLGL: Render batch vertex buffers loaded successfully in VRAM (GPU)
INFO: RLGL: Default OpenGL state initialized successfully
INFO: TEXTURE: [ID 2] Texture loaded successfully (128x128 | GRAY_ALPHA | 1 mipmaps)
INFO: FONT: Default font loaded successfully (224 glyphs)
INFO: SYSTEM: Working Directory: /home/user/wt/heat-pin
INFO: TIMER: Target time per frame: 0.000 milliseconds
FINALE-KIT: Syndicate
FINALE-KIT: Syndicate
FINALE-KIT: Legion
FINALE-KIT: Legion
FINALE-KIT: Wardens
match 5/20  (W:2 L:3 cap:0)  2.4s
FINALE-KIT: Wardens
FINALE-KIT: Wardens
WAVE: +2 (HOUND,BRUISER) [rich]
WAVE: +2 (HOUND,BRUISER) [rich]
WAVE: +2 (HUNTER,BRUISER) [rich]
FINALE-KIT: Wardens
WAVE: +2 (BRUISER,SCOUT) [rich]
WAVE: +2 (BRUISER,BRUISER) [rich]
WAVE: +2 (BERSERKER,STRIKER) [rich]
WAVE: +3 (MEDIC,SNIPER,MEDIC) [rich]
FINALE-KIT: Syndicate
FINALE-KIT: Syndicate
match 10/20  (W:3 L:7 cap:0)  5.3s
FINALE-KIT: Legion
FINALE-KIT: Legion
FINALE-KIT: Wardens
WAVE: +2 (SHIELD,SHIELD) [rich]
WAVE: +2 (SHIELD,SHIELD) [rich]
WAVE: +2 (DRONE,DRONE) [rich]
FINALE-KIT: Wardens
WAVE: +2 (SHIELD,SPOTTER) [rich]
WAVE: +2 (SPOTTER,DRONE) [rich]
WAVE: +2 (SPOTTER,SHIELD) [rich]
FINALE-KIT: Syndicate
WAVE: +3 (GRUNT,PIKEMAN,SNIPER) [rich]
WAVE: +3 (SCREENER,SNIPER,SNIPER) [rich]
WAVE: +3 (MORTAR,GRUNT,MORTAR) [rich]
match 15/20  (W:4 L:11 cap:0)  6.4s
FINALE-KIT: Syndicate
WAVE: +3 (SNIPER,SCREENER,GRUNT) [rich]
WAVE: +2 (MEDIC,GRUNT) [rich]
FINALE-KIT: Syndicate
WAVE: +2 (SCOUT,CUSTODIAN) [rich]
WAVE: +2 (SPOTTER,MEDIC) [rich]
WAVE: +2 (SAPPER,SHIELD) [rich]
FINALE-KIT: Syndicate
WAVE: +2 (BERSERKER,MEDIC) [rich]
WAVE: +2 (SHIELD,SHIELD) [rich]
WAVE: +2 (MORTAR,MORTAR) [rich]
FINALE-KIT: Wardens
FINALE-KIT: Wardens
match 20/20  (W:5 L:15 cap:0)  7.7s

══════════════════════ SIGHTLINE BALANCE REPORT ══════════════════════
runs=20  missions=59

RUN OUTCOMES (campaign):  win-rate   25%   avg missions cleared 3.1

POLICY GAP (optimal vs human-error; campaign runs only):
  greedy win-rate   20%  (n=10)
  sloppy win-rate   30%  (n=10)
  GAP  -10 pts  (healthy slack)
  PAIRED (same-seed slots): pairs=10  concordant=7  discordant greedy-only-won=1 / sloppy-only-won=2  paired gap  -10 pts
  PER-SLOT RECORDS (greedy | sloppy: outcome + missions cleared; margin = g−s):
    slot 120 @h6: L 3 | W 6   margin -3
    slot 121 @h6: L 2 | L 3   margin -1
    slot 122 @h6: W 6 | L 3   margin +3
    slot 123 @h6: L 1 | W 6   margin -5
    slot 124 @h6: L 2 | L 2   margin +0
    slot 125 @h6: L 1 | L 1   margin +0
    slot 126 @h6: L 4 | L 2   margin +2
    slot 127 @h6: W 6 | W 6   margin +0
    slot 128 @h6: L 3 | L 3   margin +0
    slot 129 @h6: L 1 | L 1   margin +0
  PAIRED MARGIN (missions cleared, all pairs): -0.40 ±0.72 SE  (n=10 pairs)
  by objective (greedy / sloppy / gap):
    Decapitate :   67% /   75% / gap   -8
    Defend     :   75% /  100% / gap  -25
    Eliminate  :   83% /   91% / gap   -8
    Escort     :    0% /   50% / gap  -50
    Hack       :  100% /  100% / gap    0
    Rescue     :   33% /   50% / gap  -17
    Sabotage   :   75% /   50% / gap   25

DECISION RICHNESS / SWING:
  meaningful-choices/turn 1.98   lead-swings/match 0.8   avg max-swing 55.3
  [shot-gate] acting-soldiers/turn 2.84   armed-soldiers/turn 0.91   armed-fraction 32%   turns-with-a-shot 44%   choices/ARMED-soldier-turn 2.18
  [choice-split] los-targets/ARMED 2.04   target-choices/ARMED 0.23   position-choices/ARMED 1.94

RUN COMPLETION BY HEAT (full-campaign clears):
  heat 6:   25% ±10  (n=20 runs, avg 3.1 missions)
  HEAT LEAK: pinned=yes  heat-raising picks=0  campaigns raised=0  missions off-rung=0/59
  STALEMATES: mission-cap 1  run-cap 0   [slot 122 s m4 Rescue mis rt=57]

INTEL ECONOMY BY HEAT (campaign runs; heat-bonus = the Heat.IntelBonus share of income):
  heat 6: earned  159.4/run   heat-bonus  70.2 (  44% of income)   spent  144.0   unspent   15.4

MISSION WIN-RATE BY HEAT:
  heat 6:   75%  (n=59, avg 5.8 turns)

MISSION WIN-RATE BY OBJECTIVE:
  Eliminate  :   87% ±7  (n=23, avg 3.9 turns)
  Defend     :   89% ±10  (n=9, avg 9.0 turns)
  Sabotage   :   63% ±17  (n=8, avg 4.3 turns)
  Rescue     :   43% ±19  (n=7, avg 10.6 turns)
  Decapitate :   71% ±17  (n=7, avg 4.0 turns)
  Escort     :   33% ±27  (n=3, avg 9.3 turns)
  Hack       :  100% ±0  (n=2, avg 3.0 turns)

MISSION WIN-RATE BY OBJECTIVE x NODE KIND (a capstone must never pool with a mid-run node):
  Eliminate  : Start: 100%(n=20)  Combat:   0%(n=3)
               depth: m1:100%(20) m2:0%(2) m5:0%(1)
  Defend     : Combat:  75%(n=4)  Elite: 100%(n=3)  Supply: 100%(n=2)
               depth: m2:75%(4) m3:100%(2) m4:100%(1) m5:100%(2)
  Sabotage   : Supply: 100%(n=4)  Elite:   0%(n=2)  Combat:  50%(n=2)
               depth: m2:100%(2) m3:25%(4) m4:100%(2)
  Rescue     : Elite:  50%(n=4)  Combat:  33%(n=3)
               depth: m3:50%(2) m4:40%(5)
  Decapitate : Boss: 100%(n=5)  Combat:   0%(n=2)
               depth: m4:0%(2) m6:100%(5)
  Escort     : Combat:   0%(n=2)  Supply: 100%(n=1)
               depth: m2:0%(2) m5:100%(1)
  Hack       : Combat: 100%(n=2)
               depth: m3:100%(2)

ENCOUNTER COMPLETION on MID-RUN nodes (Combat+Elite) — clear% is the share of the fight actually fought:
  objective     n   win%   turns   force    +rf  killed  clear%   prs  WONclear%
  Rescue         7   43%    10.6   10.29   0.00    1.71    16.7  0.00     29.0 (n=3)
  Defend         7   86%     9.0    6.14   5.86    3.00    25.0  0.00     24.0 (n=6)
  Sabotage       4   25%     5.5    8.00   0.00    1.50    18.8  0.00      0.0 (n=1)
  Eliminate      3    0%     8.3    7.67   0.00    2.67    34.8  2.00      0.0 (n=0)
  Hack           2  100%     3.0    9.00   0.00    0.50     5.6  0.00      5.6 (n=2)
  Decapitate     2    0%     5.5   10.00   0.00    0.00     0.0  0.50      0.0 (n=0)
  Escort         2    0%    12.0    6.00   0.00    3.00    50.0  0.00      0.0 (n=0)
  ---- the two classes ----
  KILL           5    0%     7.2    8.60   0.00    1.60    18.6  1.40      0.0 (n=0)
  NON-KILL      22   55%     8.6    8.05   1.86    2.09    21.1  0.00     21.4 (n=12)

DECAPITATE HVT (buff = +6+1*mission HP, +6 aim; ELITE exempt):
  EXEMPT  :  100% ±0  (n=5, avg 3.4 turns, HVT 21.8 max HP)  [m6:100%(5)]
  BUFFED  :    0% ±0  (n=2, avg 5.5 turns, HVT 30.0 max HP)  [m4:0%(2)]

MISSION WIN-RATE BY MISSION #:
  m1:  100% ±0  (n=20)
  m2:   50% ±16  (n=10)
  m3:   60% ±15  (n=10)
  m4:   50% ±16  (n=10)
  m5:   75% ±22  (n=4)
  m6:  100% ±0  (n=5)

LOSS CAUSES (missions):
  RUN OVER              : 9
  CAPTIVE LOST          : 3
  VIP LOST              : 2
  STALEMATE-MISSION     : 1

MISSION WIN-RATE BY ARENA (authored layouts, n>=3; procedural fallback   20% of 59 missions):
  arena  1:   67% ±27  (n=3, avg 8.0 turns)  [m5:67%(3)]
  arena  4:   50% ±25  (n=4, avg 4.0 turns)  [m2:100%(2) m4:0%(2)]
  arena 13:   80% ±18  (n=5, avg 3.4 turns)  [m1:100%(2) m2:0%(1) m4:100%(2)]
  arena 14:   50% ±25  (n=4, avg 5.3 turns)  [m1:100%(2) m3:0%(2)]
  arena 15:  100% ±0  (n=3, avg 6.3 turns)  [m1:100%(2) m2:100%(1)]
  arena 18:   67% ±27  (n=3, avg 3.3 turns)  [m1:100%(2) m4:0%(1)]
  arena 21:  100% ±0  (n=4, avg 2.3 turns)  [m1:100%(4)]
  arena 28:   75% ±22  (n=4, avg 15.8 turns)  [m1:100%(2) m4:50%(2)]
  arena 34:  100% ±0  (n=3, avg 7.3 turns)  [m2:100%(2) m6:100%(1)]
  procedural:   83% ±11  (n=12, avg 5.7 turns)  [m1:100%(4) m2:0%(2) m3:100%(3) m6:100%(3)]

DEPLOYMENT GEOMETRY (opening shape; choices/ARMED is the wave's real gate):
  FRONTAL   :   74% ±9  (n=23, avg 7.4 turns)  choices/turn 1.18  choices/ARMED 1.85  los-targets/ARMED 2.19
  PINCER    :   65% ±9  (n=26, avg 4.5 turns)  choices/turn 3.08  choices/ARMED 2.35  los-targets/ARMED 1.83
  CROSSFIRE :  100% ±0  (n=3, avg 8.0 turns)  choices/turn 1.64  choices/ARMED 1.64  los-targets/ARMED 2.86
  ENVELOP   :  100% ±0  (n=7, avg 4.3 turns)  choices/turn 2.57  choices/ARMED 3.00  los-targets/ARMED 1.92

ARENA FUNNEL (Mission.Build exits, n=67 builds, all modes):
  authored-applied    :  82.1%  (n=55)
  connectivity-reject :   0.0%  (n=0)
  procedural-roll     :  17.9%  (n=12)

DECK EXPOSURE (campaign runs n=20):
  distinct authored arenas/run : 2.35 mean (all runs)
  ... full-depth runs only     : 3.20 mean over 4.0 fights/run (n=5)
  Defend dealt on the route    :   40% of runs (n=8)

ENEMY DECISION MIX (contested acts=1341; all-downed acts not counted=228):
  hunker          664    50%
  shoot           491    37%
  move             66     5%
  grenade          33     2%
  siege            21     2%
  heal             20     1%
  reload           17     1%
  brace            13     1%
  item             11     1%
  sap               4     0%
  overwatch         1     0%

  the shot on the table (acts where the chosen tile HAD a shot = 550):
    hit% band     taken   share   E[dmg]/shot   declined   share   E[dmg]/shot
      0-19           2      0%          0.85          2     67%          0.46
     20-39           5      1%          1.29          1     33%          1.25
     40-59          57     12%          1.70          0      0%          0.00
     60-79         192     39%          2.22          0      0%          0.00
      80+          235     48%          3.65          0      0%          0.00
    TOTAL           491                              3
  taken   89% / DECLINED    1% / preempted by another verb   10%
  enemy lanes held (overwatch+brace) 14; reaction shots fired 5  ->   36% of lanes paid off   [C2: DeclineWatchRatio is a bet on this number]

ACTION MIX (verbs issued, by policy):
  verb                  greedy        sloppy
  MOVE               374   43%     340   35%
  SHOOT              213   25%     220   23%
  HUNKER              39    4%     111   11%
  OVERWATCH           24    3%      64    7%
  BRACE               29    3%      45    5%
  FOCUS               37    4%      24    2%
  INTEL               24    3%      30    3%
  SLIPSTREAM          24    3%      28    3%
  STABILIZE           20    2%      25    3%
  RELOAD              15    2%      18    2%
  PLANT               13    1%      14    1%
  ITEM:SMOKE          12    1%      11    1%
  MARK                 9    1%      10    1%
  DRAG                 6    1%      11    1%
  REARM                8    1%       4    0%
  PATCH                3    0%       7    1%
  GRENADE              4    0%       6    1%
  PIN                  5    1%       3    0%
  BARREL               4    0%       2    0%
  HACK                 2    0%       2    0%
  GRAPPLE              2    0%       1    0%
  BEACON               1    0%       0    0%
  ITEM:INCENDIARY       0    0%       1    0%

PLAYER CLASS PERFORMANCE:
  class        shots   hit%   dmg   kills
  SHARPSHOOTER    101    91%    683     39
  GUNNER         123    87%    605     41
  RANGER          82    96%    528     43
  ASSAULT         92    86%    443     29
  CORPSMAN        23    78%     76      4

SOLDIER DEATHS BY ENEMY CLASS (threat ranking):
  BERSERKER  : 10
  GRUNT      : 8
  BRUISER    : 8
  STRIKE     : 8
  SNIPER     : 5
  SCOUT      : 4
  TURRET     : 3
  SAPPER     : 3
  MORTAR     : 3
  BURN       : 2
  HOUND      : 2
  PIKEMAN    : 2
  ELITE      : 2
  HUNTER     : 1
  SHIELD     : 1
  DRONE      : 1
  SPOTTER    : 1
  SCREENER   : 1
  CUSTODIAN  : 1
  LANCER     : 1
  SLAM       : 1

SOLDIER DOWNS (FUL-7 bleed-out): 144 downs -> revived 4 / recovered 29 / bled out 75 / finished 22  (save-rate   33%)
  corpsman fielded in 16 missions

ENEMY COMPOSITION (spawns; faction-stamped fights n=369 / default-cascade fights n=141):
  class        faction         default
  GRUNT           33    9%       48   34%
  SCOUT            8    2%       35   25%
  BERSERKER       37   10%        1    1%
  SNIPER          33    9%        3    2%
  TURRET          32    9%        0    0%
  MORTAR          22    6%        7    5%
  BRUISER         28    8%        0    0%
  ELITE           20    5%        3    2%
  SHIELD          18    5%        5    4%
  MEDIC           16    4%        7    5%
  SCREENER        19    5%        0    0%
  DRONE           13    4%        6    4%
  STRIKER          9    2%        9    6%
  SPOTTER         13    4%        3    2%
  HOUND           12    3%        3    2%
  HUNTER          13    4%        2    1%
  SAPPER          13    4%        1    1%
  PIKEMAN         11    3%        2    1%
  LANCER           5    1%        3    2%
  CUSTODIAN        4    1%        3    2%
  BOMBARD          6    2%        0    0%
  WARBRINGER       4    1%        0    0%

PERK PICK FREQUENCY:
  LCK           : 14
  SKR           : 11
  MOM           : 10
  GUN           : 9
  OUT           : 9
  RFX           : 8
  HRD           : 7
  CQB           : 7
  GRD           : 6
  FST           : 5
  SGE           : 5
  PLT           : 4
  BRK           : 4
  CLH           : 4
  MRK           : 3
  BND           : 3
  VNT           : 3
  EXC           : 2
  TNK           : 2

SHOP PURCHASE FREQUENCY:
  FIELD MEDKIT      : 45
  WPN: HOLLOW POINT : 41
  WPN: SCOPE        : 36
  WPN: STABILIZER   : 30
  WPN: EXTENDED MAG : 21
  BALLISTIC PLATING : 19
  WPN: BIPOD        : 15
  COUNTER-PREP      : 13
  ARMORY            : 12
  WPN: SUPPRESSOR   : 11
  ADV. TRAINING     : 11
  FRAG CACHE        : 7
  COMBAT STIMS      : 7

BOON PICK FREQUENCY (PROCS = effect fires at instrumented sites; '-' = not instrumented;
                      PYR counts the +2-turn-burn half only — the Burning-immunity half is uninstrumented):
  code                 picks   PROCS
  FDR               :     6       5
  SHK               :     5       1
  VNM               :     5       -
  FVR               :     4       -
  ADR               :     3       -
  EXE               :     3       -
  FRT               :     3       -
  MRK               :     3       -
  GHO               :     2       -
  SCV               :     2       -
  FST               :     1       6
  GRN               :     1       -
  PYR               :     1       0

RUN WIN-RATE BY BOON (campaign runs holding it):
  FDR               :   33% ±19  (in 6 runs)
  SHK               :   40% ±22  (in 5 runs)
  VNM               :   40% ±22  (in 5 runs)
  FVR               :   25% ±22  (in 4 runs)
  ADR               :   67% ±27  (in 3 runs)
  EXE               :   67% ±27  (in 3 runs)
  FRT               :   33% ±27  (in 3 runs)
  MRK               :   33% ±27  (in 3 runs)
  GHO               :   50% ±35  (in 2 runs)
  SCV               :    0% ±0  (in 2 runs)
  FST               :  100% ±0  (in 1 runs)
  GRN               :    0% ±0  (in 1 runs)
  PYR               :    0% ±0  (in 1 runs)

RUN WIN-RATE BY SPEC (campaign runs fielding it):
  HHT               :   50% ±25  (in 4 runs)
  ANC               :   33% ±27  (in 3 runs)
  ADN               :   50% ±35  (in 2 runs)
  BRC               :   50% ±35  (in 2 runs)
  PHN               :   50% ±35  (in 2 runs)
  JUG               :  100% ±0  (in 1 runs)
  PTH               :  100% ±0  (in 1 runs)

RUN WIN-RATE BY PERK (campaign runs holding it):
  LCK               :   50% ±16  (in 10 runs)
  MOM               :   33% ±16  (in 9 runs)
  OUT               :   38% ±17  (in 8 runs)
  GUN               :   43% ±19  (in 7 runs)
  HRD               :   43% ±19  (in 7 runs)
  RFX               :   29% ±17  (in 7 runs)
  SKR               :   43% ±19  (in 7 runs)
  CQB               :   50% ±20  (in 6 runs)
  GRD               :   33% ±19  (in 6 runs)
  FST               :   60% ±22  (in 5 runs)
  SGE               :   20% ±18  (in 5 runs)
  BRK               :   25% ±22  (in 4 runs)
  CLH               :   25% ±22  (in 4 runs)
  PLT               :   75% ±22  (in 4 runs)
  BND               :    0% ±0  (in 3 runs)
  MRK               :   33% ±27  (in 3 runs)
  VNT               :    0% ±0  (in 3 runs)
  EXC               :   50% ±35  (in 2 runs)
  TNK               :   50% ±35  (in 2 runs)

RUN WIN-RATE BY PURCHASE (campaign runs buying it):
  FIELD MEDKIT      :   28% ±11  (in 18 runs)
  WPN: HOLLOW POINT :   42% ±14  (in 12 runs)
  COUNTER-PREP      :   36% ±15  (in 11 runs)
  WPN: SCOPE        :   36% ±15  (in 11 runs)
  ARMORY            :   44% ±17  (in 9 runs)
  BALLISTIC PLATING :   44% ±17  (in 9 runs)
  WPN: EXTENDED MAG :   44% ±17  (in 9 runs)
  WPN: STABILIZER   :   33% ±16  (in 9 runs)
  ADV. TRAINING     :   29% ±17  (in 7 runs)
  WPN: SUPPRESSOR   :   43% ±19  (in 7 runs)
  COMBAT STIMS      :    0% ±0  (in 5 runs)
  FRAG CACHE        :   40% ±22  (in 5 runs)
  WPN: BIPOD        :   40% ±22  (in 5 runs)

RUN WIN-RATE BY EVENT-CHOICE (campaign runs taking id:arm):
  blackmarket:2     :   50% ±25  (in 4 runs)
  cache:1           :  100% ±0  (in 3 runs)
  fieldhospital:2   :    0% ±0  (in 2 runs)
  informant:2       :    0% ±0  (in 2 runs)
  medic:1           :  100% ±0  (in 2 runs)
  warchest:1        :   50% ±35  (in 2 runs)
  drill:1           :  100% ±0  (in 1 runs)
  relic:1           :  100% ±0  (in 1 runs)
  reservecall:0     :    0% ±0  (in 1 runs)
═══════════════════════════════════════════════════════════════════════

batch wall-time: 7.7s  (20 matches across 10 campaigns × 2 policy, frame-cap hits: 0)
aggregate JSON -> /home/user/wt/heat-pin/docs/measurements/l5/L5fac-m0a1b0-h6-b120.json
INFO: TEXTURE: [ID 2] Unloaded texture data from VRAM (GPU)
INFO: SHADER: [ID 3] Default shader unloaded successfully
INFO: TEXTURE: [ID 1] Default texture unloaded successfully
INFO: Window closed successfully
