BALANCE: heat PINNED for this batch (field-event AddHeat is a no-op; SIGHTLINE_HEATPIN=0 restores the leak)
INFO: Initializing raylib 6.0
INFO: Platform backend: DESKTOP (GLFW)
INFO: Supported raylib modules:
INFO:     > rcore:..... loaded (mandatory)
INFO:     > rlgl:...... loaded (mandatory)
INFO:     > rshapes:... loaded (optional)
INFO:     > rtextures:. loaded (optional)
INFO:     > rtext:..... loaded (optional)
INFO:     > rmodels:... loaded (optional)
INFO:     > raudio:.... loaded (optional)
INFO: DISPLAY: Trying to enable MSAA x4
INFO: DISPLAY: Device initialized successfully 
INFO:     > Display size: 1280 x 800
INFO:     > Screen size:  1280 x 800
INFO:     > Render size:  1280 x 800
INFO:     > Viewport offsets: 0, 0
INFO: GLAD: OpenGL extensions loaded successfully
INFO: GL: Supported extensions count: 229
INFO: GL: OpenGL device information:
INFO:     > Vendor:   Mesa
INFO:     > Renderer: llvmpipe (LLVM 20.1.2, 256 bits)
INFO:     > Version:  4.5 (Core Profile) Mesa 25.2.8-0ubuntu0.24.04.2
INFO:     > GLSL:     4.50
INFO: GL: VAO extension detected, VAO functions loaded successfully
INFO: GL: NPOT textures extension detected, full NPOT textures supported
INFO: GL: DXT compressed textures supported
INFO: GL: ETC2/EAC compressed textures supported
INFO: PLATFORM: DESKTOP (GLFW - X11): Initialized successfully
INFO: TEXTURE: [ID 1] Texture loaded successfully (1x1 | R8G8B8A8 | 1 mipmaps)
INFO: TEXTURE: [ID 1] Default texture loaded successfully
INFO: SHADER: [ID 1] Vertex shader compiled successfully
INFO: SHADER: [ID 2] Fragment shader compiled successfully
INFO: SHADER: [ID 3] Program shader loaded successfully
INFO: SHADER: [ID 3] Default shader loaded successfully
INFO: RLGL: Render batch vertex buffers loaded successfully in RAM (CPU)
INFO: RLGL: Render batch vertex buffers loaded successfully in VRAM (GPU)
INFO: RLGL: Default OpenGL state initialized successfully
INFO: TEXTURE: [ID 2] Texture loaded successfully (128x128 | GRAY_ALPHA | 1 mipmaps)
INFO: FONT: Default font loaded successfully (224 glyphs)
INFO: SYSTEM: Working Directory: /home/user/wt/heat-pin
INFO: TIMER: Target time per frame: 0.000 milliseconds
FINALE-KIT: Legion
WAVE: +2 (BRUISER,STRIKER) [rich]
WAVE: +2 (BRUISER,BRUISER) [rich]
WAVE: +2 (BERSERKER,BERSERKER) [rich]
WAVE: +2 (HUNTER,STRIKER) [rich]
FINALE-KIT: Legion
WAVE: +2 (BRUISER,BERSERKER) [rich]
WAVE: +2 (BERSERKER,SCOUT) [rich]
WAVE: +2 (LANCER,GRUNT) [rich]
WAVE: +2 (LANCER,GRUNT) [rich]
FINALE-KIT: Syndicate
WAVE: +2 (DRONE,SCOUT) [rich]
WAVE: +2 (DRONE,BRUISER) [rich]
WAVE: +2 (STRIKER,HOUND) [rich]
FINALE-KIT: Syndicate
WAVE: +2 (DRONE,SCOUT) [rich]
WAVE: +2 (DRONE,BRUISER) [rich]
WAVE: +2 (STRIKER,HOUND) [rich]
FINALE-KIT: Wardens
match 5/20  (W:0 L:5 cap:0)  3.5s
FINALE-KIT: Wardens
FINALE-KIT: Legion
FINALE-KIT: Legion
FINALE-KIT: Wardens
WAVE: +2 (STRIKER,DRONE) [rich]
WAVE: +2 (HOUND,BRUISER) [rich]
WAVE: +2 (STRIKER,HUNTER) [rich]
REINFORCEMENTS: +2 (SCOUT,GRUNT)
REINFORCEMENTS: +2 (SCOUT,GRUNT)
REINFORCEMENTS: +2 (GRUNT,SCOUT)
FINALE-KIT: Wardens
WAVE: +2 (SNIPER,HOUND) [rich]
WAVE: +2 (SCOUT,HOUND) [rich]
WAVE: +2 (LANCER,HOUND) [rich]
REINFORCEMENTS: +2 (SCOUT,GRUNT)
REINFORCEMENTS: +2 (GRUNT,SCOUT)
match 10/20  (W:1 L:9 cap:0)  4.6s
FINALE-KIT: Wardens
WAVE: +3 (DRONE,LANCER,WARBRINGER) [rich]
WAVE: +3 (DRONE,DRONE,BERSERKER) [rich]
WAVE: +3 (HOUND,BERSERKER,MORTAR) [rich]
FINALE-KIT: Wardens
WAVE: +3 (SAPPER,STRIKER,MORTAR) [rich]
WAVE: +2 (HOUND,GRUNT) [rich]
WAVE: +1 (HUNTER) [rich]
REINFORCEMENTS: +2 (SCOUT,SCOUT)
FINALE-KIT: Wardens
FINALE-KIT: Wardens
REINFORCEMENTS: +2 (GRUNT,SCOUT)
FINALE-KIT: Legion
WAVE: +2 (DRONE,STRIKER) [rich]
WAVE: +2 (HOUND,HOUND) [rich]
WAVE: +2 (SCOUT,SCOUT) [rich]
match 15/20  (W:2 L:13 cap:0)  6.4s
FINALE-KIT: Legion
WAVE: +2 (BRUISER,DRONE) [rich]
WAVE: +2 (SNIPER,DRONE) [rich]
WAVE: +2 (SNIPER,BRUISER) [rich]
FINALE-KIT: Wardens
FINALE-KIT: Wardens
WAVE: +3 (STRIKER,HOUND,WARBRINGER) [rich]
WAVE: +3 (HOUND,HOUND,BRUISER) [rich]
WAVE: +3 (BRUISER,GRUNT,HUNTER) [rich]
REINFORCEMENTS: +2 (GRUNT,GRUNT)
FINALE-KIT: Wardens
WAVE: +3 (DRONE,HOUND,GRUNT) [rich]
WAVE: +3 (LANCER,CUSTODIAN,LANCER) [rich]
WAVE: +3 (SAPPER,SPOTTER,SNIPER) [rich]
WAVE: +3 (CUSTODIAN,SHIELD,SAPPER) [rich]
FINALE-KIT: Wardens
match 20/20  (W:2 L:18 cap:0)  8.6s

══════════════════════ SIGHTLINE BALANCE REPORT ══════════════════════
runs=20  missions=63

RUN OUTCOMES (campaign):  win-rate   10%   avg missions cleared 3.5

POLICY GAP (optimal vs human-error; campaign runs only):
  greedy win-rate   10%  (n=10)
  sloppy win-rate   10%  (n=10)
  GAP    0 pts  (healthy slack)
  PAIRED (same-seed slots): pairs=10  concordant=8  discordant greedy-only-won=1 / sloppy-only-won=1  paired gap    0 pts
  PER-SLOT RECORDS (greedy | sloppy: outcome + missions cleared; margin = g−s):
    slot  20 @h6: L 2 | L 4   margin -2
    slot  21 @h6: L 4 | L 4   margin +0
    slot  22 @h6: L 2 | L 2   margin +0
    slot  23 @h6: L 1 | L 1   margin +0
    slot  24 @h6: L 5 | W 6   margin -1
    slot  25 @h6: W 6 | L 5   margin +1
    slot  26 @h6: L 2 | L 3   margin -1
    slot  27 @h6: L 4 | L 4   margin +0
    slot  28 @h6: L 3 | L 5   margin -2
    slot  29 @h6: L 4 | L 3   margin +1
  PAIRED MARGIN (missions cleared, all pairs): -0.40 ±0.34 SE  (n=10 pairs)
  by objective (greedy / sloppy / gap):
    Decapitate :   33% /   50% / gap  -17
    Defend     :   67% /  100% / gap  -33
    Eliminate  :   92% /   83% / gap    8
    Evac       :  100% /  100% / gap    0
    Rescue     :   40% /   60% / gap  -20
    Sabotage   :   50% /   50% / gap    0

DECISION RICHNESS / SWING:
  meaningful-choices/turn 1.94   lead-swings/match 0.9   avg max-swing 60.9
  [shot-gate] acting-soldiers/turn 2.73   armed-soldiers/turn 0.93   armed-fraction 34%   turns-with-a-shot 45%   choices/ARMED-soldier-turn 2.09
  [choice-split] los-targets/ARMED 2.21   target-choices/ARMED 0.26   position-choices/ARMED 1.83

RUN COMPLETION BY HEAT (full-campaign clears):
  heat 6:   10% ±7  (n=20 runs, avg 3.5 missions)
  HEAT LEAK: pinned=yes  heat-raising picks=2  campaigns raised=0  missions off-rung=0/63
  STALEMATES: mission-cap 1  run-cap 0   [slot 27 s m5 Rescue mis rt=67]

INTEL ECONOMY BY HEAT (campaign runs; heat-bonus = the Heat.IntelBonus share of income):
  heat 6: earned  173.9/run   heat-bonus  77.4 (  45% of income)   spent  153.6   unspent   20.3

MISSION WIN-RATE BY HEAT:
  heat 6:   71%  (n=63, avg 6.8 turns)

MISSION WIN-RATE BY OBJECTIVE:
  Eliminate  :   88% ±7  (n=24, avg 4.5 turns)
  Defend     :   83% ±11  (n=12, avg 8.8 turns)
  Rescue     :   50% ±16  (n=10, avg 12.2 turns)
  Decapitate :   43% ±19  (n=7, avg 7.4 turns)
  Sabotage   :   50% ±25  (n=4, avg 4.5 turns)
  Evac       :  100% ±0  (n=4, avg 4.0 turns)
  Hack       :    0% ±0  (n=1, avg 7.0 turns)
  Escort     :    0% ±0  (n=1, avg 3.0 turns)

MISSION WIN-RATE BY OBJECTIVE x NODE KIND (a capstone must never pool with a mid-run node):
  Eliminate  : Start: 100%(n=20)  Combat:  25%(n=4)
               depth: m1:100%(20) m4:50%(2) m5:0%(2)
  Defend     : Supply:  89%(n=9)  Combat:  50%(n=2)  Elite: 100%(n=1)
               depth: m2:100%(6) m3:50%(2) m4:100%(2) m5:50%(2)
  Rescue     : Combat:  38%(n=8)  Elite: 100%(n=2)
               depth: m2:0%(2) m4:83%(6) m5:0%(2)
  Decapitate : Boss:  40%(n=5)  Combat:  50%(n=2)
               depth: m3:50%(2) m6:40%(5)
  Sabotage   : Elite:  50%(n=4)
               depth: m2:100%(2) m3:0%(2)
  Evac       : Combat: 100%(n=4)
               depth: m2:100%(2) m3:100%(2)
  Hack       : Combat:   0%(n=1)
               depth: m5:0%(1)
  Escort     : Supply:   0%(n=1)
               depth: m4:0%(1)

ENCOUNTER COMPLETION on MID-RUN nodes (Combat+Elite) — clear% is the share of the fight actually fought:
  objective     n   win%   turns   force    +rf  killed  clear%   prs  WONclear%
  Rescue        10   50%    12.2    9.60   0.00    3.60    37.5  0.00     46.2 (n=5)
  Eliminate      4   25%    10.8   10.50   0.00    5.50    52.4  3.00    100.0 (n=1)
  Sabotage       4   50%     4.5    7.50   0.00    1.75    23.3  0.00     33.3 (n=2)
  Evac           4  100%     4.0    7.50   0.00    0.75    10.0  0.00     10.0 (n=4)
  Defend         3   67%     8.0    7.67   6.33    5.67    40.5  0.00     51.6 (n=2)
  Decapitate     2   50%     6.5    9.00   1.00    0.50     5.0  1.50      9.1 (n=1)
  Hack           1    0%     7.0   11.00   0.00    1.00     9.1  1.00      0.0 (n=0)
  ---- the two classes ----
  KILL           6   33%     9.3   10.00   0.33    3.83    37.1  2.50     52.4 (n=2)
  NON-KILL      22   59%     8.5    8.64   0.86    2.91    30.6  0.05     37.6 (n=13)

DECAPITATE HVT (buff = +6+1*mission HP, +6 aim; ELITE exempt):
  EXEMPT  :   43% ±19  (n=7, avg 7.4 turns, HVT 23.0 max HP)  [m3:50%(2) m6:40%(5)]

MISSION WIN-RATE BY MISSION #:
  m1:  100% ±0  (n=20)
  m2:   83% ±11  (n=12)
  m3:   50% ±18  (n=8)
  m4:   73% ±13  (n=11)
  m5:   14% ±13  (n=7)
  m6:   40% ±22  (n=5)

LOSS CAUSES (missions):
  RUN OVER              : 12
  CAPTIVE LOST          : 4
  VIP LOST              : 1
  STALEMATE-MISSION     : 1

MISSION WIN-RATE BY ARENA (authored layouts, n>=3; procedural fallback   17% of 63 missions):
  arena  3:  100% ±0  (n=3, avg 4.3 turns)  [m1:100%(2) m5:100%(1)]
  arena  6:   33% ±27  (n=3, avg 4.7 turns)  [m4:33%(3)]
  arena 10:   67% ±27  (n=3, avg 5.0 turns)  [m2:100%(2) m6:0%(1)]
  arena 15:   67% ±27  (n=3, avg 8.7 turns)  [m2:100%(2) m6:0%(1)]
  arena 19:  100% ±0  (n=4, avg 1.8 turns)  [m1:100%(4)]
  arena 28:   33% ±27  (n=3, avg 22.0 turns)  [m4:100%(1) m5:0%(2)]
  arena 30:   75% ±22  (n=4, avg 6.5 turns)  [m1:100%(2) m6:50%(2)]
  arena 31:   50% ±25  (n=4, avg 10.5 turns)  [m2:100%(2) m5:0%(2)]
  arena 33:  100% ±0  (n=3, avg 6.0 turns)  [m1:100%(2) m3:100%(1)]
  procedural:   82% ±12  (n=11, avg 6.1 turns)  [m1:100%(6) m3:0%(1) m4:67%(3) m6:100%(1)]

DEPLOYMENT GEOMETRY (opening shape; choices/ARMED is the wave's real gate):
  FRONTAL   :   66% ±9  (n=29, avg 7.3 turns)  choices/turn 1.97  choices/ARMED 2.43  los-targets/ARMED 1.98
  PINCER    :   75% ±10  (n=20, avg 7.2 turns)  choices/turn 1.64  choices/ARMED 1.79  los-targets/ARMED 2.31
  CROSSFIRE :   75% ±22  (n=4, avg 3.8 turns)  choices/turn 2.13  choices/ARMED 1.45  los-targets/ARMED 2.86
  ENVELOP   :   80% ±13  (n=10, avg 6.1 turns)  choices/turn 2.53  choices/ARMED 2.07  los-targets/ARMED 2.31

ARENA FUNNEL (Mission.Build exits, n=76 builds, all modes):
  authored-applied    :  81.6%  (n=62)
  connectivity-reject :   0.0%  (n=0)
  procedural-roll     :  18.4%  (n=14)

DECK EXPOSURE (campaign runs n=20):
  distinct authored arenas/run : 2.60 mean (all runs)
  ... full-depth runs only     : 3.00 mean over 4.0 fights/run (n=2)
  Defend dealt on the route    :   60% of runs (n=12)

ENEMY DECISION MIX (contested acts=1741; all-downed acts not counted=486):
  hunker          786    45%
  shoot           718    41%
  move             99     6%
  grenade          34     2%
  reload           27     2%
  item             17     1%
  heal             16     1%
  overwatch        13     1%
  brace            12     1%
  siege            12     1%
  sap               4     0%
  staleplan         2     0%
  shove             1     0%

  the shot on the table (acts where the chosen tile HAD a shot = 798):
    hit% band     taken   share   E[dmg]/shot   declined   share   E[dmg]/shot
      0-19           0      0%          0.00          2     14%          0.30
     20-39          23      3%          1.21          5     36%          1.63
     40-59          81     11%          1.85          7     50%          2.21
     60-79         282     39%          2.76          0      0%          0.00
      80+          332     46%          4.24          0      0%          0.00
    TOTAL           718                             14
  taken   90% / DECLINED    2% / preempted by another verb    8%
  enemy lanes held (overwatch+brace) 25; reaction shots fired 11  ->   44% of lanes paid off   [C2: DeclineWatchRatio is a bet on this number]

ACTION MIX (verbs issued, by policy):
  verb                  greedy        sloppy
  MOVE               435   41%     523   41%
  SHOOT              307   29%     265   21%
  HUNKER              42    4%     135   11%
  OVERWATCH           52    5%      55    4%
  BRACE               34    3%      65    5%
  STABILIZE           27    3%      34    3%
  INTEL               28    3%      31    2%
  RELOAD              27    3%      27    2%
  FOCUS               30    3%      23    2%
  SLIPSTREAM          23    2%      29    2%
  ITEM:SMOKE           8    1%      24    2%
  PIN                 12    1%      14    1%
  DRAG                10    1%      12    1%
  MARK                11    1%       7    1%
  GRENADE              4    0%       9    1%
  PLANT                6    1%       7    1%
  PATCH                5    0%       8    1%
  BARREL               4    0%       5    0%
  REARM                2    0%       4    0%
  BEACON               3    0%       2    0%
  GRAPPLE              3    0%       2    0%
  ITEM:BARRICADE       1    0%       0    0%
  ITEM:FLASH           0    0%       1    0%

PLAYER CLASS PERFORMANCE:
  class        shots   hit%   dmg   kills
  GUNNER         185    86%    901     65
  ASSAULT        189    81%    781     50
  SHARPSHOOTER    123    89%    769     46
  RANGER          78    87%    470     27
  CORPSMAN        30    77%     90      4

SOLDIER DEATHS BY ENEMY CLASS (threat ranking):
  GRUNT      : 10
  TURRET     : 10
  HUNTER     : 9
  STRIKE     : 9
  SHIELD     : 9
  BRUISER    : 8
  SCOUT      : 8
  ELITE      : 6
  BURN       : 6
  PIKEMAN    : 5
  CUSTODIAN  : 5
  SNIPER     : 5
  BERSERKER  : 5
  DRONE      : 4
  SPOTTER    : 3
  WARBRINGER : 3
  LANCER     : 3
  MORTAR     : 2
  SAPPER     : 2
  BARREL     : 2
  STRIKER    : 2
  HOUND      : 2
  MEDIC      : 2

SOLDIER DOWNS (FUL-7 bleed-out): 217 downs -> revived 7 / recovered 40 / bled out 140 / finished 19  (save-rate   27%)
  corpsman fielded in 19 missions

ENEMY COMPOSITION (spawns; faction-stamped fights n=445 / default-cascade fights n=200):
  class        faction         default
  SCOUT           25    6%       66   33%
  GRUNT           36    8%       26   13%
  HUNTER          38    9%        4    2%
  BRUISER         34    8%        7    4%
  SNIPER          29    7%       12    6%
  BERSERKER       28    6%        6    3%
  ELITE           30    7%        2    1%
  CUSTODIAN       30    7%        2    1%
  TURRET          26    6%        5    3%
  DRONE           12    3%       15    8%
  PIKEMAN         22    5%        3    2%
  LANCER          12    3%       11    6%
  HOUND            8    2%       15    8%
  STRIKER         14    3%        8    4%
  SCREENER        17    4%        2    1%
  MORTAR          16    4%        2    1%
  SHIELD          17    4%        1    1%
  SAPPER          10    2%        8    4%
  MEDIC           17    4%        0    0%
  SPOTTER          8    2%        4    2%
  WARBRINGER      10    2%        1    1%
  BOMBARD          6    1%        0    0%

PERK PICK FREQUENCY:
  OUT           : 14
  MRK           : 14
  BRK           : 12
  CQB           : 9
  CLH           : 9
  SKR           : 8
  GRD           : 7
  FST           : 7
  GUN           : 6
  LCK           : 6
  RFX           : 6
  HRD           : 5
  BND           : 5
  MOM           : 5
  EXC           : 4
  VNT           : 3
  TNK           : 3
  SGE           : 2
  PLT           : 2

SHOP PURCHASE FREQUENCY:
  FIELD MEDKIT      : 51
  WPN: HOLLOW POINT : 49
  WPN: SCOPE        : 45
  WPN: STABILIZER   : 37
  WPN: EXTENDED MAG : 24
  WPN: BIPOD        : 20
  COUNTER-PREP      : 11
  FRAG CACHE        : 11
  WPN: SUPPRESSOR   : 10
  BALLISTIC PLATING : 7
  COMBAT STIMS      : 7
  ARMORY            : 6
  ADV. TRAINING     : 3

BOON PICK FREQUENCY (PROCS = effect fires at instrumented sites; '-' = not instrumented;
                      PYR counts the +2-turn-burn half only — the Burning-immunity half is uninstrumented):
  code                 picks   PROCS
  RPD               :     8       -
  FRT               :     4       -
  SCV               :     4       -
  SHK               :     4       3
  EXE               :     3       -
  FVR               :     3       -
  GHO               :     3       -
  ADR               :     2       -
  GRN               :     2       -
  PYR               :     2       0
  TRR               :     2       5
  VNM               :     2       -
  FDR               :     1       0
  FST               :     1      10
  MRK               :     1       -
  RCL               :     1       0

RUN WIN-RATE BY BOON (campaign runs holding it):
  RPD               :    0% ±0  (in 8 runs)
  FRT               :    0% ±0  (in 4 runs)
  SCV               :   25% ±22  (in 4 runs)
  SHK               :    0% ±0  (in 4 runs)
  EXE               :    0% ±0  (in 3 runs)
  FVR               :   67% ±27  (in 3 runs)
  GHO               :   33% ±27  (in 3 runs)
  ADR               :   50% ±35  (in 2 runs)
  GRN               :    0% ±0  (in 2 runs)
  PYR               :    0% ±0  (in 2 runs)
  TRR               :    0% ±0  (in 2 runs)
  VNM               :   50% ±35  (in 2 runs)
  FDR               :    0% ±0  (in 1 runs)
  FST               :    0% ±0  (in 1 runs)
  MRK               :    0% ±0  (in 1 runs)
  RCL               :    0% ±0  (in 1 runs)

RUN WIN-RATE BY SPEC (campaign runs fielding it):
  ANC               :   20% ±18  (in 5 runs)
  BRC               :    0% ±0  (in 3 runs)
  SNT               :   33% ±27  (in 3 runs)
  ADN               :    0% ±0  (in 2 runs)
  HHT               :    0% ±0  (in 2 runs)
  JUG               :   50% ±35  (in 2 runs)
  PTH               :    0% ±0  (in 1 runs)

RUN WIN-RATE BY PERK (campaign runs holding it):
  OUT               :    8% ±8  (in 12 runs)
  MRK               :   18% ±12  (in 11 runs)
  BRK               :   10% ±9  (in 10 runs)
  CLH               :   11% ±10  (in 9 runs)
  CQB               :   25% ±15  (in 8 runs)
  SKR               :    0% ±0  (in 8 runs)
  GRD               :   14% ±13  (in 7 runs)
  FST               :   17% ±15  (in 6 runs)
  GUN               :   17% ±15  (in 6 runs)
  LCK               :   20% ±18  (in 5 runs)
  MOM               :    0% ±0  (in 5 runs)
  RFX               :   40% ±22  (in 5 runs)
  BND               :   25% ±22  (in 4 runs)
  EXC               :    0% ±0  (in 4 runs)
  HRD               :   25% ±22  (in 4 runs)
  TNK               :    0% ±0  (in 3 runs)
  VNT               :   33% ±27  (in 3 runs)
  PLT               :    0% ±0  (in 2 runs)
  SGE               :    0% ±0  (in 2 runs)

RUN WIN-RATE BY PURCHASE (campaign runs buying it):
  FIELD MEDKIT      :   12% ±8  (in 17 runs)
  WPN: HOLLOW POINT :   15% ±10  (in 13 runs)
  WPN: STABILIZER   :   15% ±10  (in 13 runs)
  WPN: SCOPE        :   18% ±12  (in 11 runs)
  COUNTER-PREP      :   10% ±9  (in 10 runs)
  WPN: BIPOD        :   11% ±10  (in 9 runs)
  WPN: EXTENDED MAG :   11% ±10  (in 9 runs)
  WPN: SUPPRESSOR   :    0% ±0  (in 8 runs)
  ARMORY            :   17% ±15  (in 6 runs)
  FRAG CACHE        :    0% ±0  (in 6 runs)
  BALLISTIC PLATING :    0% ±0  (in 5 runs)
  COMBAT STIMS      :   25% ±22  (in 4 runs)
  ADV. TRAINING     :   33% ±27  (in 3 runs)

RUN WIN-RATE BY EVENT-CHOICE (campaign runs taking id:arm):
  distress:1        :   25% ±22  (in 4 runs)
  drill:1           :    0% ±0  (in 3 runs)
  blackmarket:0     :    0% ±0  (in 2 runs)
  bloodfeud:1       :    0% ±0  (in 2 runs)
  bloodfeud:2       :   50% ±35  (in 2 runs)
  drill:0           :   50% ±35  (in 2 runs)
  grave:0           :    0% ±0  (in 2 runs)
  grave:1           :    0% ±0  (in 2 runs)
  informant:1       :    0% ±0  (in 2 runs)
  relic:1           :   50% ±35  (in 2 runs)
  reservecall:0     :    0% ±0  (in 2 runs)
═══════════════════════════════════════════════════════════════════════

batch wall-time: 8.6s  (20 matches across 10 campaigns × 2 policy, frame-cap hits: 0)
aggregate JSON -> /home/user/wt/heat-pin/docs/measurements/l5/L5fac-m3a1b0-h6-b20.json
INFO: TEXTURE: [ID 2] Unloaded texture data from VRAM (GPU)
INFO: SHADER: [ID 3] Default shader unloaded successfully
INFO: TEXTURE: [ID 1] Default texture unloaded successfully
INFO: Window closed successfully
