BALANCE: heat PINNED for this batch (field-event AddHeat is a no-op; SIGHTLINE_HEATPIN=0 restores the leak)
INFO: Initializing raylib 6.0
INFO: Platform backend: DESKTOP (GLFW)
INFO: Supported raylib modules:
INFO:     > rcore:..... loaded (mandatory)
INFO:     > rlgl:...... loaded (mandatory)
INFO:     > rshapes:... loaded (optional)
INFO:     > rtextures:. loaded (optional)
INFO:     > rtext:..... loaded (optional)
INFO:     > rmodels:... loaded (optional)
INFO:     > raudio:.... loaded (optional)
INFO: DISPLAY: Trying to enable MSAA x4
INFO: DISPLAY: Device initialized successfully 
INFO:     > Display size: 1280 x 800
INFO:     > Screen size:  1280 x 800
INFO:     > Render size:  1280 x 800
INFO:     > Viewport offsets: 0, 0
INFO: GLAD: OpenGL extensions loaded successfully
INFO: GL: Supported extensions count: 229
INFO: GL: OpenGL device information:
INFO:     > Vendor:   Mesa
INFO:     > Renderer: llvmpipe (LLVM 20.1.2, 256 bits)
INFO:     > Version:  4.5 (Core Profile) Mesa 25.2.8-0ubuntu0.24.04.2
INFO:     > GLSL:     4.50
INFO: GL: VAO extension detected, VAO functions loaded successfully
INFO: GL: NPOT textures extension detected, full NPOT textures supported
INFO: GL: DXT compressed textures supported
INFO: GL: ETC2/EAC compressed textures supported
INFO: PLATFORM: DESKTOP (GLFW - X11): Initialized successfully
INFO: TEXTURE: [ID 1] Texture loaded successfully (1x1 | R8G8B8A8 | 1 mipmaps)
INFO: TEXTURE: [ID 1] Default texture loaded successfully
INFO: SHADER: [ID 1] Vertex shader compiled successfully
INFO: SHADER: [ID 2] Fragment shader compiled successfully
INFO: SHADER: [ID 3] Program shader loaded successfully
INFO: SHADER: [ID 3] Default shader loaded successfully
INFO: RLGL: Render batch vertex buffers loaded successfully in RAM (CPU)
INFO: RLGL: Render batch vertex buffers loaded successfully in VRAM (GPU)
INFO: RLGL: Default OpenGL state initialized successfully
INFO: TEXTURE: [ID 2] Texture loaded successfully (128x128 | GRAY_ALPHA | 1 mipmaps)
INFO: FONT: Default font loaded successfully (224 glyphs)
INFO: SYSTEM: Working Directory: /home/user/wt/heat-pin
INFO: TIMER: Target time per frame: 0.000 milliseconds
FINALE-KIT: Wardens
FINALE-KIT: Wardens
FINALE-KIT: Wardens
FINALE-KIT: Wardens
REINFORCEMENTS: +2 (SCOUT,SCOUT)
FINALE-KIT: Syndicate
match 5/20  (W:1 L:4 cap:0)  4.1s
FINALE-KIT: Syndicate
FINALE-KIT: Syndicate
WAVE: +2 (DRONE,SPOTTER) [rich]
WAVE: +2 (SAPPER,SHIELD) [rich]
WAVE: +2 (GRUNT,SAPPER) [rich]
REINFORCEMENTS: +2 (GRUNT,SCOUT)
REINFORCEMENTS: +2 (GRUNT,SCOUT)
FINALE-KIT: Syndicate
WAVE: +2 (SAPPER,GRUNT) [rich]
WAVE: +2 (SHIELD,SAPPER) [rich]
WAVE: +2 (GRUNT,SHIELD) [rich]
REINFORCEMENTS: +2 (GRUNT,SCOUT)
REINFORCEMENTS: +2 (GRUNT,SCOUT)
FINALE-KIT: Syndicate
WAVE: +3 (MORTAR,HOUND,HOUND) [rich]
WAVE: +3 (SCREENER,MORTAR,HOUND) [rich]
WAVE: +3 (MORTAR,SCREENER,SCREENER) [rich]
FINALE-KIT: Syndicate
match 10/20  (W:3 L:7 cap:0)  6.2s
FINALE-KIT: Syndicate
REINFORCEMENTS: +2 (SCOUT,GRUNT)
FINALE-KIT: Syndicate
FINALE-KIT: Wardens
FINALE-KIT: Wardens
FINALE-KIT: Wardens
WAVE: +2 (SNIPER,SNIPER) [rich]
WAVE: +2 (MORTAR,MEDIC) [rich]
WAVE: +2 (GRUNT,SNIPER) [rich]
match 15/20  (W:3 L:12 cap:0)  7.1s
FINALE-KIT: Wardens
WAVE: +2 (SNIPER,SNIPER) [rich]
WAVE: +2 (MORTAR,MEDIC) [rich]
WAVE: +2 (GRUNT,SNIPER) [rich]
FINALE-KIT: Legion
WAVE: +2 (SAPPER,DRONE) [rich]
WAVE: +2 (SPOTTER,DRONE) [rich]
WAVE: +2 (DRONE,SHIELD) [rich]
REINFORCEMENTS: +2 (GRUNT,SCOUT)
REINFORCEMENTS: +2 (SCOUT,SCOUT)
FINALE-KIT: Legion
WAVE: +2 (SAPPER,DRONE) [rich]
WAVE: +2 (SHIELD,DRONE) [rich]
WAVE: +2 (DRONE,GRUNT) [rich]
REINFORCEMENTS: +2 (GRUNT,GRUNT)
REINFORCEMENTS: +2 (SCOUT,SCOUT)
FINALE-KIT: Wardens
REINFORCEMENTS: +2 (SCOUT,GRUNT)
FINALE-KIT: Wardens
match 20/20  (W:3 L:17 cap:0)  8.4s

══════════════════════ SIGHTLINE BALANCE REPORT ══════════════════════
runs=20  missions=64

RUN OUTCOMES (campaign):  win-rate   15%   avg missions cleared 3.2

POLICY GAP (optimal vs human-error; campaign runs only):
  greedy win-rate   30%  (n=10)
  sloppy win-rate    0%  (n=10)
  GAP   30 pts  (swingy/unforgiving)
  PAIRED (same-seed slots): pairs=10  concordant=7  discordant greedy-only-won=3 / sloppy-only-won=0  paired gap   30 pts
  PER-SLOT RECORDS (greedy | sloppy: outcome + missions cleared; margin = g−s):
    slot 110 @h6: L 2 | L 2   margin +0
    slot 111 @h6: L 2 | L 2   margin +0
    slot 112 @h6: W 6 | L 4   margin +2
    slot 113 @h6: W 6 | L 5   margin +1
    slot 114 @h6: W 6 | L 2   margin +4
    slot 115 @h6: L 2 | L 2   margin +0
    slot 116 @h6: L 1 | L 1   margin +0
    slot 117 @h6: L 2 | L 2   margin +0
    slot 118 @h6: L 5 | L 5   margin +0
    slot 119 @h6: L 3 | L 4   margin -1
  PAIRED MARGIN (missions cleared, all pairs): +0.60 ±0.45 SE  (n=10 pairs)
  by objective (greedy / sloppy / gap):
    Decapitate :   63% /   33% / gap   29
    Defend     :  100% /  100% / gap    0
    Eliminate  :   79% /   86% / gap   -7
    Evac       :  100% /  100% / gap    0
    Rescue     :   83% /   43% / gap   40

DECISION RICHNESS / SWING:
  meaningful-choices/turn 2.28   lead-swings/match 0.8   avg max-swing 60.6
  [shot-gate] acting-soldiers/turn 3.03   armed-soldiers/turn 1.10   armed-fraction 36%   turns-with-a-shot 51%   choices/ARMED-soldier-turn 2.06
  [choice-split] los-targets/ARMED 2.33   target-choices/ARMED 0.32   position-choices/ARMED 1.75

RUN COMPLETION BY HEAT (full-campaign clears):
  heat 6:   15% ±8  (n=20 runs, avg 3.2 missions)
  HEAT LEAK: pinned=yes  heat-raising picks=3  campaigns raised=0  missions off-rung=0/64

INTEL ECONOMY BY HEAT (campaign runs; heat-bonus = the Heat.IntelBonus share of income):
  heat 6: earned  178.7/run   heat-bonus  79.2 (  44% of income)   spent  159.5   unspent   19.3

MISSION WIN-RATE BY HEAT:
  heat 6:   73%  (n=64, avg 5.7 turns)

MISSION WIN-RATE BY OBJECTIVE:
  Eliminate  :   82% ±7  (n=28, avg 4.9 turns)
  Decapitate :   50% ±13  (n=14, avg 5.4 turns)
  Rescue     :   62% ±13  (n=13, avg 4.7 turns)
  Defend     :  100% ±0  (n=7, avg 9.0 turns)
  Evac       :  100% ±0  (n=2, avg 14.0 turns)

MISSION WIN-RATE BY OBJECTIVE x NODE KIND (a capstone must never pool with a mid-run node):
  Eliminate  : Start: 100%(n=20)  Combat:  50%(n=4)  Elite:   0%(n=2)  Supply:  50%(n=2)
               depth: m1:100%(20) m2:50%(4) m3:0%(2) m4:50%(2)
  Decapitate : Boss:  50%(n=6)  Combat:  50%(n=4)  Supply: 100%(n=2)  Elite:   0%(n=2)
               depth: m3:33%(6) m5:100%(2) m6:50%(6)
  Rescue     : Combat:  78%(n=9)  Supply:   0%(n=2)  Elite:  50%(n=2)
               depth: m2:100%(4) m3:25%(4) m4:100%(2) m5:33%(3)
  Defend     : Combat: 100%(n=4)  Elite: 100%(n=2)  Supply: 100%(n=1)
               depth: m2:100%(4) m3:100%(2) m5:100%(1)
  Evac       : Supply: 100%(n=2)
               depth: m4:100%(2)

ENCOUNTER COMPLETION on MID-RUN nodes (Combat+Elite) — clear% is the share of the fight actually fought:
  objective     n   win%   turns   force    +rf  killed  clear%   prs  WONclear%
  Rescue        11   73%     4.6    8.64   0.00    2.91    33.7  0.00     39.1 (n=8)
  Eliminate      6   33%    10.5    7.67   0.00    3.67    47.8  2.33    100.0 (n=2)
  Decapitate     6   33%     5.3    9.67   0.33    1.17    11.7  0.67     30.0 (n=2)
  Defend         6  100%     9.0    5.00   6.00    2.67    24.2  0.00     24.2 (n=6)
  ---- the two classes ----
  KILL          12   33%     7.9    8.67   0.17    2.42    27.4  1.50     56.3 (n=4)
  NON-KILL      17   82%     6.2    7.35   2.12    2.82    29.8  0.00     31.5 (n=14)

DECAPITATE HVT (buff = +6+1*mission HP, +6 aim; ELITE exempt):
  EXEMPT  :   50% ±13  (n=14, avg 5.4 turns, HVT 23.0 max HP)  [m3:33%(6) m5:100%(2) m6:50%(6)]

MISSION WIN-RATE BY MISSION #:
  m1:  100% ±0  (n=20)
  m2:   83% ±11  (n=12)
  m3:   36% ±13  (n=14)
  m4:   83% ±15  (n=6)
  m5:   67% ±19  (n=6)
  m6:   50% ±20  (n=6)

LOSS CAUSES (missions):
  RUN OVER              : 13
  CAPTIVE LOST          : 4

MISSION WIN-RATE BY ARENA (authored layouts, n>=3; procedural fallback   17% of 64 missions):
  arena  3:   75% ±22  (n=4, avg 4.8 turns)  [m1:100%(2) m2:100%(1) m3:0%(1)]
  arena  5:   50% ±25  (n=4, avg 5.8 turns)  [m1:100%(2) m2:0%(2)]
  arena 10:  100% ±0  (n=3, avg 3.0 turns)  [m1:100%(2) m2:100%(1)]
  arena 28:  100% ±0  (n=4, avg 3.5 turns)  [m1:100%(4)]
  arena 29:   33% ±27  (n=3, avg 7.7 turns)  [m3:0%(2) m5:100%(1)]
  arena 32:   75% ±15  (n=8, avg 4.8 turns)  [m1:100%(2) m3:50%(4) m4:100%(2)]
  procedural:   91% ±9  (n=11, avg 7.3 turns)  [m1:100%(4) m2:100%(4) m3:0%(1) m4:100%(1) m5:100%(1)]

DEPLOYMENT GEOMETRY (opening shape; choices/ARMED is the wave's real gate):
  FRONTAL   :   67% ±9  (n=27, avg 5.4 turns)  choices/turn 2.27  choices/ARMED 2.27  los-targets/ARMED 2.69
  PINCER    :   64% ±13  (n=14, avg 4.6 turns)  choices/turn 2.58  choices/ARMED 1.78  los-targets/ARMED 1.99
  CROSSFIRE :   88% ±12  (n=8, avg 11.3 turns)  choices/turn 1.39  choices/ARMED 2.13  los-targets/ARMED 2.26
  ENVELOP   :   87% ±9  (n=15, avg 4.3 turns)  choices/turn 3.19  choices/ARMED 2.00  los-targets/ARMED 2.16

ARENA FUNNEL (Mission.Build exits, n=76 builds, all modes):
  authored-applied    :  78.9%  (n=60)
  connectivity-reject :   0.0%  (n=0)
  procedural-roll     :  21.1%  (n=16)

DECK EXPOSURE (campaign runs n=20):
  distinct authored arenas/run : 2.65 mean (all runs)
  ... full-depth runs only     : 3.33 mean over 4.3 fights/run (n=3)
  Defend dealt on the route    :   35% of runs (n=7)

ENEMY DECISION MIX (contested acts=1224; all-downed acts not counted=410):
  shoot           709    58%
  hunker          308    25%
  move             81     7%
  reload           33     3%
  grenade          28     2%
  siege            20     2%
  item             15     1%
  heal              9     1%
  brace             7     1%
  sap               6     0%
  shove             6     0%
  overwatch         1     0%
  staleplan         1     0%

  the shot on the table (acts where the chosen tile HAD a shot = 770):
    hit% band     taken   share   E[dmg]/shot   declined   share   E[dmg]/shot
      0-19           3      0%          0.57          0      0%          0.00
     20-39          37      5%          0.79          0      0%          0.00
     40-59         113     16%          1.72          0      0%          0.00
     60-79         260     37%          2.54          0      0%          0.00
      80+          296     42%          3.94          0      0%          0.00
    TOTAL           709                              0
  taken   92% / DECLINED    0% / preempted by another verb    8%
  enemy lanes held (overwatch+brace) 8; reaction shots fired 2  ->   25% of lanes paid off   [C2: DeclineWatchRatio is a bet on this number]

ACTION MIX (verbs issued, by policy):
  verb                  greedy        sloppy
  MOVE               453   36%     389   40%
  SHOOT              360   29%     297   30%
  HUNKER              80    6%      30    3%
  OVERWATCH           61    5%      42    4%
  BRACE               47    4%      32    3%
  INTEL               35    3%      30    3%
  RELOAD              42    3%      23    2%
  FOCUS               39    3%      18    2%
  STABILIZE           29    2%      23    2%
  SLIPSTREAM          25    2%      22    2%
  MARK                23    2%      21    2%
  ITEM:SMOKE          11    1%      11    1%
  PIN                  8    1%      11    1%
  REARM                6    0%       5    1%
  DRAG                 6    0%       5    1%
  BEACON               5    0%       5    1%
  PATCH                5    0%       2    0%
  GRENADE              0    0%       7    1%
  GRAPPLE              3    0%       3    0%
  EXTRACT              3    0%       0    0%
  ITEM:BARRICADE       1    0%       0    0%
  BARREL               0    0%       1    0%
  ITEM:INCENDIARY       0    0%       1    0%

PLAYER CLASS PERFORMANCE:
  class        shots   hit%   dmg   kills
  SHARPSHOOTER    163    88%   1070     64
  ASSAULT        194    81%    760     39
  GUNNER         172    83%    739     48
  RANGER          88    86%    514     38
  CORPSMAN        20    70%     54      4
  VIP              1   100%      2      0

SOLDIER DEATHS BY ENEMY CLASS (threat ranking):
  BERSERKER  : 13
  ELITE      : 11
  GRUNT      : 10
  HOUND      : 8
  BURN       : 7
  BRUISER    : 6
  LANCER     : 6
  SNIPER     : 5
  STRIKE     : 5
  STRIKER    : 5
  TURRET     : 4
  HUNTER     : 4
  SHIELD     : 2
  CUSTODIAN  : 2
  SPOTTER    : 2
  DRONE      : 2
  SCREENER   : 2
  PIKEMAN    : 1

SOLDIER DOWNS (FUL-7 bleed-out): 186 downs -> revived 6 / recovered 34 / bled out 129 / finished 12  (save-rate   24%)
  corpsman fielded in 15 missions

ENEMY COMPOSITION (spawns; faction-stamped fights n=431 / default-cascade fights n=192):
  class        faction         default
  GRUNT           50   12%       35   18%
  SCOUT           19    4%       54   28%
  BERSERKER       53   12%        8    4%
  DRONE           41   10%        8    4%
  ELITE           31    7%        6    3%
  SHIELD          30    7%        5    3%
  HUNTER          25    6%        8    4%
  HOUND           17    4%       16    8%
  SNIPER          18    4%        6    3%
  LANCER          20    5%        3    2%
  TURRET           9    2%       14    7%
  SAPPER          18    4%        4    2%
  BRUISER         21    5%        0    0%
  SPOTTER         17    4%        0    0%
  PIKEMAN          7    2%        9    5%
  SCREENER        10    2%        6    3%
  MEDIC           13    3%        2    1%
  STRIKER         11    3%        0    0%
  CUSTODIAN       10    2%        0    0%
  WARBRINGER       7    2%        1    1%
  MORTAR           2    0%        5    3%
  BOMBARD          2    0%        2    1%

PERK PICK FREQUENCY:
  MOM           : 14
  SKR           : 13
  BND           : 13
  LCK           : 11
  OUT           : 11
  PLT           : 10
  GRD           : 8
  CLH           : 8
  SGE           : 8
  GUN           : 7
  TNK           : 7
  FST           : 7
  VNT           : 6
  EXC           : 6
  HRD           : 5
  RFX           : 5
  CQB           : 4
  MRK           : 3
  BRK           : 2

SHOP PURCHASE FREQUENCY:
  WPN: SCOPE        : 59
  FIELD MEDKIT      : 51
  COMBAT STIMS      : 37
  ADV. TRAINING     : 28
  WPN: STABILIZER   : 28
  WPN: HOLLOW POINT : 22
  COUNTER-PREP      : 15
  ARMORY            : 11
  FRAG CACHE        : 11
  BALLISTIC PLATING : 11
  WPN: SUPPRESSOR   : 9
  WPN: EXTENDED MAG : 7
  WPN: BIPOD        : 5

BOON PICK FREQUENCY (PROCS = effect fires at instrumented sites; '-' = not instrumented;
                      PYR counts the +2-turn-burn half only — the Burning-immunity half is uninstrumented):
  code                 picks   PROCS
  FST               :     6      55
  FVR               :     4       -
  GRN               :     4       -
  PYR               :     4       0
  SHK               :     4       0
  TRR               :     4      20
  EXE               :     3       -
  MRK               :     3       -
  RPD               :     3       -
  VNM               :     3       -
  SCV               :     2       -
  ADR               :     1       -
  FDR               :     1       0
  FRT               :     1       -
  RCL               :     1       0

RUN WIN-RATE BY BOON (campaign runs holding it):
  FST               :   17% ±15  (in 6 runs)
  FVR               :    0% ±0  (in 4 runs)
  GRN               :   25% ±22  (in 4 runs)
  PYR               :   25% ±22  (in 4 runs)
  SHK               :    0% ±0  (in 4 runs)
  TRR               :   50% ±25  (in 4 runs)
  EXE               :   33% ±27  (in 3 runs)
  MRK               :   33% ±27  (in 3 runs)
  RPD               :   33% ±27  (in 3 runs)
  VNM               :    0% ±0  (in 3 runs)
  SCV               :    0% ±0  (in 2 runs)
  ADR               :    0% ±0  (in 1 runs)
  FDR               :  100% ±0  (in 1 runs)
  FRT               :  100% ±0  (in 1 runs)
  RCL               :    0% ±0  (in 1 runs)

RUN WIN-RATE BY SPEC (campaign runs fielding it):
  HHT               :   20% ±18  (in 5 runs)
  ADN               :    0% ±0  (in 4 runs)
  PTH               :   25% ±22  (in 4 runs)
  PHN               :   33% ±27  (in 3 runs)
  JUG               :   50% ±35  (in 2 runs)
  SNT               :    0% ±0  (in 2 runs)
  ANC               :    0% ±0  (in 1 runs)
  BRC               :  100% ±0  (in 1 runs)

RUN WIN-RATE BY PERK (campaign runs holding it):
  MOM               :   27% ±13  (in 11 runs)
  LCK               :   22% ±14  (in 9 runs)
  SKR               :   33% ±16  (in 9 runs)
  BND               :   13% ±12  (in 8 runs)
  PLT               :   13% ±12  (in 8 runs)
  CLH               :    0% ±0  (in 7 runs)
  GRD               :    0% ±0  (in 7 runs)
  FST               :   33% ±19  (in 6 runs)
  GUN               :   17% ±15  (in 6 runs)
  OUT               :   50% ±20  (in 6 runs)
  SGE               :   33% ±19  (in 6 runs)
  TNK               :   50% ±20  (in 6 runs)
  VNT               :   33% ±19  (in 6 runs)
  EXC               :   20% ±18  (in 5 runs)
  HRD               :   40% ±22  (in 5 runs)
  CQB               :   75% ±22  (in 4 runs)
  RFX               :    0% ±0  (in 4 runs)
  MRK               :    0% ±0  (in 3 runs)
  BRK               :   50% ±35  (in 2 runs)

RUN WIN-RATE BY PURCHASE (campaign runs buying it):
  FIELD MEDKIT      :   16% ±8  (in 19 runs)
  ADV. TRAINING     :   15% ±10  (in 13 runs)
  COUNTER-PREP      :   17% ±11  (in 12 runs)
  WPN: SCOPE        :   25% ±13  (in 12 runs)
  COMBAT STIMS      :   27% ±13  (in 11 runs)
  WPN: STABILIZER   :   10% ±9  (in 10 runs)
  ARMORY            :   22% ±14  (in 9 runs)
  WPN: HOLLOW POINT :   11% ±10  (in 9 runs)
  FRAG CACHE        :   13% ±12  (in 8 runs)
  WPN: SUPPRESSOR   :   29% ±17  (in 7 runs)
  BALLISTIC PLATING :   17% ±15  (in 6 runs)
  WPN: EXTENDED MAG :    0% ±0  (in 5 runs)
  WPN: BIPOD        :   25% ±22  (in 4 runs)

RUN WIN-RATE BY EVENT-CHOICE (campaign runs taking id:arm):
  blackmarket:2     :    0% ±0  (in 2 runs)
  bloodfeud:2       :    0% ±0  (in 2 runs)
  cache:1           :    0% ±0  (in 2 runs)
  distress:1        :   50% ±35  (in 2 runs)
  drill:1           :   50% ±35  (in 2 runs)
  informant:1       :   50% ±35  (in 2 runs)
  profiteer:0       :   50% ±35  (in 2 runs)
  relic:1           :    0% ±0  (in 2 runs)
  relic:0           :  100% ±0  (in 1 runs)
═══════════════════════════════════════════════════════════════════════

batch wall-time: 8.4s  (20 matches across 10 campaigns × 2 policy, frame-cap hits: 0)
aggregate JSON -> /home/user/wt/heat-pin/docs/measurements/l5/L5fac-m0a0b0-h6-b110.json
INFO: TEXTURE: [ID 2] Unloaded texture data from VRAM (GPU)
INFO: SHADER: [ID 3] Default shader unloaded successfully
INFO: TEXTURE: [ID 1] Default texture unloaded successfully
INFO: Window closed successfully
