BALANCE: heat PINNED for this batch (field-event AddHeat is a no-op; SIGHTLINE_HEATPIN=0 restores the leak)
INFO: Initializing raylib 6.0
INFO: Platform backend: DESKTOP (GLFW)
INFO: Supported raylib modules:
INFO:     > rcore:..... loaded (mandatory)
INFO:     > rlgl:...... loaded (mandatory)
INFO:     > rshapes:... loaded (optional)
INFO:     > rtextures:. loaded (optional)
INFO:     > rtext:..... loaded (optional)
INFO:     > rmodels:... loaded (optional)
INFO:     > raudio:.... loaded (optional)
INFO: DISPLAY: Trying to enable MSAA x4
INFO: DISPLAY: Device initialized successfully 
INFO:     > Display size: 1280 x 800
INFO:     > Screen size:  1280 x 800
INFO:     > Render size:  1280 x 800
INFO:     > Viewport offsets: 0, 0
INFO: GLAD: OpenGL extensions loaded successfully
INFO: GL: Supported extensions count: 229
INFO: GL: OpenGL device information:
INFO:     > Vendor:   Mesa
INFO:     > Renderer: llvmpipe (LLVM 20.1.2, 256 bits)
INFO:     > Version:  4.5 (Core Profile) Mesa 25.2.8-0ubuntu0.24.04.2
INFO:     > GLSL:     4.50
INFO: GL: VAO extension detected, VAO functions loaded successfully
INFO: GL: NPOT textures extension detected, full NPOT textures supported
INFO: GL: DXT compressed textures supported
INFO: GL: ETC2/EAC compressed textures supported
INFO: PLATFORM: DESKTOP (GLFW - X11): Initialized successfully
INFO: TEXTURE: [ID 1] Texture loaded successfully (1x1 | R8G8B8A8 | 1 mipmaps)
INFO: TEXTURE: [ID 1] Default texture loaded successfully
INFO: SHADER: [ID 1] Vertex shader compiled successfully
INFO: SHADER: [ID 2] Fragment shader compiled successfully
INFO: SHADER: [ID 3] Program shader loaded successfully
INFO: SHADER: [ID 3] Default shader loaded successfully
INFO: RLGL: Render batch vertex buffers loaded successfully in RAM (CPU)
INFO: RLGL: Render batch vertex buffers loaded successfully in VRAM (GPU)
INFO: RLGL: Default OpenGL state initialized successfully
INFO: TEXTURE: [ID 2] Texture loaded successfully (128x128 | GRAY_ALPHA | 1 mipmaps)
INFO: FONT: Default font loaded successfully (224 glyphs)
INFO: SYSTEM: Working Directory: /home/user/wt/heat-pin
INFO: TIMER: Target time per frame: 0.000 milliseconds
FINALE-KIT: Legion
WAVE: +2 (WARBRINGER,HUNTER) [rich]
WAVE: +2 (BERSERKER,SCOUT) [rich]
WAVE: +2 (WARBRINGER,HUNTER) [rich]
FINALE-KIT: Legion
WAVE: +2 (STRIKER,HOUND) [rich]
WAVE: +2 (WARBRINGER,STRIKER) [rich]
WAVE: +2 (HUNTER,HOUND) [rich]
WAVE: +2 (WARBRINGER,LANCER) [rich]
WAVE: +2 (BRUISER,HUNTER) [rich]
REINFORCEMENTS: +2 (SCOUT,GRUNT)
FINALE-KIT: Syndicate
WAVE: +2 (DRONE,SCOUT) [rich]
WAVE: +2 (DRONE,BRUISER) [rich]
WAVE: +2 (STRIKER,HOUND) [rich]
FINALE-KIT: Syndicate
WAVE: +2 (DRONE,SCOUT) [rich]
WAVE: +2 (DRONE,BRUISER) [rich]
WAVE: +2 (STRIKER,HOUND) [rich]
FINALE-KIT: Wardens
match 5/20  (W:1 L:4 cap:0)  5.8s
FINALE-KIT: Wardens
WAVE: +3 (DRONE,SAPPER,SPOTTER) [rich]
WAVE: +3 (GRUNT,DRONE,CUSTODIAN) [rich]
WAVE: +3 (DRONE,DRONE,SAPPER) [rich]
REINFORCEMENTS: +2 (SCOUT,SCOUT)
FINALE-KIT: Legion
FINALE-KIT: Legion
FINALE-KIT: Wardens
WAVE: +2 (STRIKER,HOUND) [rich]
WAVE: +2 (SNIPER,HOUND) [rich]
WAVE: +2 (SNIPER,HUNTER) [rich]
FINALE-KIT: Wardens
WAVE: +2 (HOUND,DRONE) [rich]
WAVE: +2 (LANCER,DRONE) [rich]
WAVE: +2 (STRIKER,HUNTER) [rich]
match 10/20  (W:1 L:9 cap:0)  7.8s
FINALE-KIT: Wardens
FINALE-KIT: Wardens
WAVE: +3 (STRIKER,GRUNT,HUNTER) [rich]
WAVE: +3 (HUNTER,GRUNT,BERSERKER) [rich]
WAVE: +1 (GRUNT) [rich]
REINFORCEMENTS: +2 (GRUNT,GRUNT)
REINFORCEMENTS: +2 (GRUNT,SCOUT)
REINFORCEMENTS: +2 (SCOUT,SCOUT)
REINFORCEMENTS: +3 (SCOUT,SCOUT,SCOUT)
FINALE-KIT: Wardens
REINFORCEMENTS: +2 (GRUNT,SCOUT)
WAVE: +3 (WARBRINGER,SCOUT,BRUISER) [rich]
WAVE: +2 (BRUISER,LANCER) [rich]
WAVE: +1 (STRIKER) [rich]
REINFORCEMENTS: +2 (GRUNT,GRUNT)
FINALE-KIT: Wardens
FINALE-KIT: Legion
WAVE: +2 (SCOUT,DRONE) [rich]
WAVE: +2 (LANCER,LANCER) [rich]
WAVE: +2 (SNIPER,SCOUT) [rich]
match 15/20  (W:1 L:14 cap:0)  9.2s
FINALE-KIT: Legion
WAVE: +2 (HOUND,BRUISER) [rich]
WAVE: +2 (BRUISER,SNIPER) [rich]
WAVE: +2 (STRIKER,HUNTER) [rich]
FINALE-KIT: Wardens
FINALE-KIT: Wardens
FINALE-KIT: Wardens
FINALE-KIT: Wardens
match 20/20  (W:1 L:19 cap:0)  10.4s

══════════════════════ SIGHTLINE BALANCE REPORT ══════════════════════
runs=20  missions=62

RUN OUTCOMES (campaign):  win-rate    5%   avg missions cleared 3.2

POLICY GAP (optimal vs human-error; campaign runs only):
  greedy win-rate   10%  (n=10)
  sloppy win-rate    0%  (n=10)
  GAP   10 pts  (healthy slack)
  PAIRED (same-seed slots): pairs=10  concordant=9  discordant greedy-only-won=1 / sloppy-only-won=0  paired gap   10 pts
  PER-SLOT RECORDS (greedy | sloppy: outcome + missions cleared; margin = g−s):
    slot  20 @h6: W 6 | L 4   margin +2
    slot  21 @h6: L 4 | L 4   margin +0
    slot  22 @h6: L 2 | L 5   margin -3
    slot  23 @h6: L 1 | L 2   margin -1
    slot  24 @h6: L 3 | L 3   margin +0
    slot  25 @h6: L 1 | L 5   margin -4
    slot  26 @h6: L 5 | L 2   margin +3
    slot  27 @h6: L 4 | L 4   margin +0
    slot  28 @h6: L 3 | L 2   margin +1
    slot  29 @h6: L 1 | L 3   margin -2
  PAIRED MARGIN (missions cleared, all pairs): -0.40 ±0.69 SE  (n=10 pairs)
  by objective (greedy / sloppy / gap):
    Decapitate :   67% /    0% / gap   67
    Defend     :  100% /  100% / gap    0
    Eliminate  :   91% /   83% / gap    8
    Evac       :   50% /   67% / gap  -17
    Hack       :  100% /    0% / gap  100
    Rescue     :   20% /   50% / gap  -30
    Sabotage   :    0% /   67% / gap  -67

DECISION RICHNESS / SWING:
  meaningful-choices/turn 2.28   lead-swings/match 0.9   avg max-swing 58.7
  [shot-gate] acting-soldiers/turn 2.91   armed-soldiers/turn 1.04   armed-fraction 36%   turns-with-a-shot 49%   choices/ARMED-soldier-turn 2.19
  [choice-split] los-targets/ARMED 2.29   target-choices/ARMED 0.37   position-choices/ARMED 1.82

RUN COMPLETION BY HEAT (full-campaign clears):
  heat 6:    5% ±5  (n=20 runs, avg 3.2 missions)
  HEAT LEAK: pinned=yes  heat-raising picks=1  campaigns raised=0  missions off-rung=0/62

INTEL ECONOMY BY HEAT (campaign runs; heat-bonus = the Heat.IntelBonus share of income):
  heat 6: earned  168.5/run   heat-bonus  75.6 (  45% of income)   spent  149.8   unspent   18.7

MISSION WIN-RATE BY HEAT:
  heat 6:   69%  (n=62, avg 6.2 turns)

MISSION WIN-RATE BY OBJECTIVE:
  Eliminate  :   87% ±7  (n=23, avg 4.8 turns)
  Defend     :  100% ±0  (n=11, avg 9.0 turns)
  Rescue     :   33% ±16  (n=9, avg 5.9 turns)
  Decapitate :   33% ±19  (n=6, avg 8.0 turns)
  Sabotage   :   40% ±22  (n=5, avg 6.2 turns)
  Evac       :   60% ±22  (n=5, avg 5.2 turns)
  Hack       :   50% ±35  (n=2, avg 5.5 turns)
  Escort     :  100% ±0  (n=1, avg 7.0 turns)

MISSION WIN-RATE BY OBJECTIVE x NODE KIND (a capstone must never pool with a mid-run node):
  Eliminate  : Start: 100%(n=20)  Combat:   0%(n=3)
               depth: m1:100%(20) m4:0%(1) m5:0%(2)
  Defend     : Supply: 100%(n=7)  Combat: 100%(n=4)
               depth: m2:100%(6) m3:100%(2) m4:100%(2) m5:100%(1)
  Rescue     : Combat:  43%(n=7)  Elite:   0%(n=2)
               depth: m2:50%(2) m4:40%(5) m5:0%(2)
  Decapitate : Boss:  25%(n=4)  Combat:  50%(n=2)
               depth: m3:50%(2) m6:25%(4)
  Sabotage   : Elite:  50%(n=4)  Combat:   0%(n=1)
               depth: m2:50%(2) m3:33%(3)
  Evac       : Combat:  50%(n=4)  Supply: 100%(n=1)
               depth: m2:50%(2) m3:50%(2) m5:100%(1)
  Hack       : Combat:  50%(n=2)
               depth: m5:50%(2)
  Escort     : Supply: 100%(n=1)
               depth: m4:100%(1)

ENCOUNTER COMPLETION on MID-RUN nodes (Combat+Elite) — clear% is the share of the fight actually fought:
  objective     n   win%   turns   force    +rf  killed  clear%   prs  WONclear%
  Rescue         9   33%     5.9    9.56   0.00    4.00    41.9  0.00     61.5 (n=3)
  Sabotage       5   40%     6.2    7.40   0.00    1.20    16.2  0.00     20.0 (n=2)
  Defend         4  100%     9.0    7.75   6.75    6.75    46.6  0.00     46.6 (n=4)
  Evac           4   50%     4.8    7.50   0.00    0.00     0.0  0.00      0.0 (n=2)
  Eliminate      3    0%    11.3   10.67   0.00    3.33    31.3  2.67      0.0 (n=0)
  Hack           2   50%     5.5   11.00   1.00    1.00     8.3  1.00      9.1 (n=1)
  Decapitate     2   50%     7.0    9.00   1.00    1.50    15.0  1.50     27.3 (n=1)
  ---- the two classes ----
  KILL           5   20%     9.6   10.00   0.40    2.60    25.0  2.20     27.3 (n=1)
  NON-KILL      24   50%     6.3    8.58   1.21    2.96    30.2  0.08     37.6 (n=12)

DECAPITATE HVT (buff = +6+1*mission HP, +6 aim; ELITE exempt):
  EXEMPT  :   33% ±19  (n=6, avg 8.0 turns, HVT 23.0 max HP)  [m3:50%(2) m6:25%(4)]

MISSION WIN-RATE BY MISSION #:
  m1:  100% ±0  (n=20)
  m2:   75% ±13  (n=12)
  m3:   56% ±17  (n=9)
  m4:   56% ±17  (n=9)
  m5:   38% ±17  (n=8)
  m6:   25% ±22  (n=4)

LOSS CAUSES (missions):
  RUN OVER              : 14
  CAPTIVE LOST          : 5

MISSION WIN-RATE BY ARENA (authored layouts, n>=3; procedural fallback   21% of 62 missions):
  arena 15:   67% ±27  (n=3, avg 10.7 turns)  [m2:100%(2) m6:0%(1)]
  arena 16:   67% ±27  (n=3, avg 6.0 turns)  [m3:50%(2) m4:100%(1)]
  arena 19:  100% ±0  (n=4, avg 2.3 turns)  [m1:100%(4)]
  arena 28:   33% ±27  (n=3, avg 8.0 turns)  [m4:100%(1) m5:0%(2)]
  arena 30:  100% ±0  (n=3, avg 4.7 turns)  [m1:100%(2) m5:100%(1)]
  arena 31:   50% ±25  (n=4, avg 9.0 turns)  [m2:100%(2) m5:0%(2)]
  arena 33:  100% ±0  (n=4, avg 6.3 turns)  [m1:100%(2) m3:100%(2)]
  procedural:   85% ±10  (n=13, avg 6.3 turns)  [m1:100%(6) m2:100%(2) m3:33%(3) m4:100%(2)]

DEPLOYMENT GEOMETRY (opening shape; choices/ARMED is the wave's real gate):
  FRONTAL   :   61% ±9  (n=28, avg 5.9 turns)  choices/turn 2.10  choices/ARMED 2.30  los-targets/ARMED 2.08
  PINCER    :   68% ±11  (n=19, avg 6.6 turns)  choices/turn 2.34  choices/ARMED 2.08  los-targets/ARMED 2.49
  CROSSFIRE :   50% ±25  (n=4, avg 5.3 turns)  choices/turn 3.15  choices/ARMED 2.63  los-targets/ARMED 2.58
  ENVELOP   :  100% ±0  (n=11, avg 6.6 turns)  choices/turn 2.33  choices/ARMED 2.05  los-targets/ARMED 2.24

ARENA FUNNEL (Mission.Build exits, n=74 builds, all modes):
  authored-applied    :  81.1%  (n=60)
  connectivity-reject :   0.0%  (n=0)
  procedural-roll     :  18.9%  (n=14)

DECK EXPOSURE (campaign runs n=20):
  distinct authored arenas/run : 2.45 mean (all runs)
  ... full-depth runs only     : 4.00 mean over 4.0 fights/run (n=1)
  Defend dealt on the route    :   55% of runs (n=11)

ENEMY DECISION MIX (contested acts=1334; all-downed acts not counted=432):
  shoot           792    59%
  hunker          312    23%
  move             84     6%
  reload           42     3%
  grenade          33     2%
  heal             26     2%
  brace            17     1%
  siege            10     1%
  item              9     1%
  sap               7     1%
  overwatch         1     0%
  staleplan         1     0%

  the shot on the table (acts where the chosen tile HAD a shot = 854):
    hit% band     taken   share   E[dmg]/shot   declined   share   E[dmg]/shot
      0-19           3      0%          0.52          0      0%          0.00
     20-39          25      3%          1.10          0      0%          0.00
     40-59         116     15%          1.39          0      0%          0.00
     60-79         306     39%          2.28          0      0%          0.00
      80+          342     43%          3.38          0      0%          0.00
    TOTAL           792                              0
  taken   93% / DECLINED    0% / preempted by another verb    7%
  enemy lanes held (overwatch+brace) 18; reaction shots fired 9  ->   50% of lanes paid off   [C2: DeclineWatchRatio is a bet on this number]

ACTION MIX (verbs issued, by policy):
  verb                  greedy        sloppy
  MOVE               397   38%     538   42%
  SHOOT              315   30%     294   23%
  BRACE               35    3%      90    7%
  OVERWATCH           50    5%      60    5%
  RELOAD              38    4%      30    2%
  STABILIZE           29    3%      36    3%
  INTEL               29    3%      34    3%
  HUNKER              36    3%      27    2%
  SLIPSTREAM          29    3%      32    3%
  FOCUS               27    3%      18    1%
  MARK                 6    1%      27    2%
  ITEM:SMOKE          13    1%      19    1%
  PIN                 11    1%      14    1%
  DRAG                 8    1%      11    1%
  PLANT                4    0%      10    1%
  PATCH                3    0%       8    1%
  REARM                2    0%       7    1%
  GRENADE              4    0%       5    0%
  GRAPPLE              7    1%       2    0%
  BEACON               3    0%       5    0%
  BARREL               2    0%       4    0%
  EXTRACT              1    0%       2    0%
  HACK                 2    0%       0    0%

PLAYER CLASS PERFORMANCE:
  class        shots   hit%   dmg   kills
  SHARPSHOOTER    141    90%    896     58
  GUNNER         192    82%    785     66
  ASSAULT        183    81%    739     43
  RANGER          99    82%    516     30
  CORPSMAN        25    88%     85      4

SOLDIER DEATHS BY ENEMY CLASS (threat ranking):
  ELITE      : 13
  SNIPER     : 10
  DRONE      : 9
  STRIKER    : 8
  BURN       : 7
  SCREENER   : 6
  SCOUT      : 6
  CUSTODIAN  : 5
  GRUNT      : 5
  HUNTER     : 5
  SAPPER     : 4
  SHIELD     : 4
  BRUISER    : 4
  BERSERKER  : 4
  STRIKE     : 3
  LANCER     : 2
  TURRET     : 1
  WARBRINGER : 1
  PIKEMAN    : 1
  MEDIC      : 1
  HOUND      : 1
  MORTAR     : 1

SOLDIER DOWNS (FUL-7 bleed-out): 203 downs -> revived 5 / recovered 42 / bled out 124 / finished 21  (save-rate   29%)
  corpsman fielded in 13 missions

ENEMY COMPOSITION (spawns; faction-stamped fights n=442 / default-cascade fights n=177):
  class        faction         default
  SCOUT           28    6%       64   36%
  GRUNT           34    8%       27   15%
  DRONE           46   10%       12    7%
  HUNTER          30    7%       10    6%
  SNIPER          28    6%        9    5%
  BERSERKER       31    7%        3    2%
  STRIKER         20    5%       14    8%
  ELITE           30    7%        2    1%
  SHIELD          26    6%        0    0%
  BRUISER         21    5%        4    2%
  HOUND           15    3%       10    6%
  SCREENER        20    5%        2    1%
  TURRET          20    5%        0    0%
  LANCER          15    3%        3    2%
  SPOTTER         11    2%        7    4%
  MORTAR          14    3%        2    1%
  SAPPER          11    2%        5    3%
  MEDIC           14    3%        0    0%
  WARBRINGER      11    2%        0    0%
  PIKEMAN          7    2%        3    2%
  CUSTODIAN        6    1%        0    0%
  BOMBARD          4    1%        0    0%

PERK PICK FREQUENCY:
  MOM           : 12
  RFX           : 10
  CQB           : 10
  MRK           : 10
  CLH           : 10
  LCK           : 8
  SKR           : 8
  HRD           : 7
  OUT           : 7
  GUN           : 7
  EXC           : 6
  SGE           : 6
  FST           : 5
  PLT           : 5
  BRK           : 4
  BND           : 3
  GRD           : 3
  VNT           : 2
  TNK           : 1

SHOP PURCHASE FREQUENCY:
  FIELD MEDKIT      : 56
  WPN: SCOPE        : 47
  WPN: HOLLOW POINT : 46
  WPN: STABILIZER   : 27
  WPN: EXTENDED MAG : 23
  FRAG CACHE        : 14
  WPN: BIPOD        : 14
  BALLISTIC PLATING : 12
  WPN: SUPPRESSOR   : 11
  ARMORY            : 9
  COMBAT STIMS      : 9
  COUNTER-PREP      : 7
  ADV. TRAINING     : 5

BOON PICK FREQUENCY (PROCS = effect fires at instrumented sites; '-' = not instrumented;
                      PYR counts the +2-turn-burn half only — the Burning-immunity half is uninstrumented):
  code                 picks   PROCS
  RPD               :     6       -
  ADR               :     4       -
  FST               :     4      33
  SHK               :     4       3
  FRT               :     3       -
  GHO               :     3       -
  RCL               :     3       0
  SCV               :     3       -
  FDR               :     2       3
  FVR               :     2       -
  GRN               :     2       -
  TRR               :     2       1
  EXE               :     1       -
  MRK               :     1       -
  PYR               :     1       0
  VNM               :     1       -

RUN WIN-RATE BY BOON (campaign runs holding it):
  RPD               :    0% ±0  (in 6 runs)
  ADR               :   25% ±22  (in 4 runs)
  FST               :   25% ±22  (in 4 runs)
  SHK               :    0% ±0  (in 4 runs)
  FRT               :    0% ±0  (in 3 runs)
  GHO               :    0% ±0  (in 3 runs)
  RCL               :    0% ±0  (in 3 runs)
  SCV               :    0% ±0  (in 3 runs)
  FDR               :    0% ±0  (in 2 runs)
  FVR               :    0% ±0  (in 2 runs)
  GRN               :    0% ±0  (in 2 runs)
  TRR               :    0% ±0  (in 2 runs)
  EXE               :    0% ±0  (in 1 runs)
  MRK               :    0% ±0  (in 1 runs)
  PYR               :  100% ±0  (in 1 runs)
  VNM               :    0% ±0  (in 1 runs)

RUN WIN-RATE BY SPEC (campaign runs fielding it):
  ADN               :    0% ±0  (in 5 runs)
  HHT               :   20% ±18  (in 5 runs)
  BRC               :    0% ±0  (in 3 runs)
  PTH               :    0% ±0  (in 3 runs)
  JUG               :    0% ±0  (in 2 runs)
  SRG               :    0% ±0  (in 2 runs)
  ANC               :  100% ±0  (in 1 runs)
  SNT               :    0% ±0  (in 1 runs)

RUN WIN-RATE BY PERK (campaign runs holding it):
  CQB               :   10% ±9  (in 10 runs)
  MOM               :   10% ±9  (in 10 runs)
  RFX               :   11% ±10  (in 9 runs)
  MRK               :    0% ±0  (in 8 runs)
  CLH               :    0% ±0  (in 7 runs)
  OUT               :    0% ±0  (in 7 runs)
  SKR               :    0% ±0  (in 7 runs)
  EXC               :    0% ±0  (in 6 runs)
  GUN               :    0% ±0  (in 6 runs)
  HRD               :   17% ±15  (in 6 runs)
  LCK               :   17% ±15  (in 6 runs)
  FST               :    0% ±0  (in 5 runs)
  PLT               :    0% ±0  (in 5 runs)
  SGE               :    0% ±0  (in 5 runs)
  BRK               :    0% ±0  (in 4 runs)
  GRD               :    0% ±0  (in 3 runs)
  BND               :    0% ±0  (in 2 runs)
  VNT               :    0% ±0  (in 2 runs)
  TNK               :    0% ±0  (in 1 runs)

RUN WIN-RATE BY PURCHASE (campaign runs buying it):
  FIELD MEDKIT      :    6% ±5  (in 18 runs)
  WPN: HOLLOW POINT :    8% ±8  (in 12 runs)
  WPN: SCOPE        :    8% ±8  (in 12 runs)
  WPN: STABILIZER   :    9% ±9  (in 11 runs)
  FRAG CACHE        :    0% ±0  (in 9 runs)
  WPN: EXTENDED MAG :    0% ±0  (in 9 runs)
  ARMORY            :   13% ±12  (in 8 runs)
  BALLISTIC PLATING :    0% ±0  (in 7 runs)
  WPN: BIPOD        :    0% ±0  (in 6 runs)
  WPN: SUPPRESSOR   :   17% ±15  (in 6 runs)
  ADV. TRAINING     :    0% ±0  (in 5 runs)
  COUNTER-PREP      :    0% ±0  (in 5 runs)
  COMBAT STIMS      :   25% ±22  (in 4 runs)

RUN WIN-RATE BY EVENT-CHOICE (campaign runs taking id:arm):
  drill:1           :   25% ±22  (in 4 runs)
  distress:1        :    0% ±0  (in 3 runs)
  blackmarket:0     :    0% ±0  (in 2 runs)
  bloodfeud:1       :    0% ±0  (in 2 runs)
  bloodfeud:2       :    0% ±0  (in 2 runs)
  grave:0           :   50% ±35  (in 2 runs)
  grave:1           :    0% ±0  (in 2 runs)
  reservecall:0     :    0% ±0  (in 2 runs)
  drill:0           :    0% ±0  (in 1 runs)
  informant:1       :    0% ±0  (in 1 runs)
═══════════════════════════════════════════════════════════════════════

batch wall-time: 10.4s  (20 matches across 10 campaigns × 2 policy, frame-cap hits: 0)
aggregate JSON -> /home/user/wt/heat-pin/docs/measurements/l5/L5fac-m0a0b1-h6-b20.json
INFO: TEXTURE: [ID 2] Unloaded texture data from VRAM (GPU)
INFO: SHADER: [ID 3] Default shader unloaded successfully
INFO: TEXTURE: [ID 1] Default texture unloaded successfully
INFO: Window closed successfully
