BALANCE: heat PINNED for this batch (field-event AddHeat is a no-op; SIGHTLINE_HEATPIN=0 restores the leak)
INFO: Initializing raylib 6.0
INFO: Platform backend: DESKTOP (GLFW)
INFO: Supported raylib modules:
INFO:     > rcore:..... loaded (mandatory)
INFO:     > rlgl:...... loaded (mandatory)
INFO:     > rshapes:... loaded (optional)
INFO:     > rtextures:. loaded (optional)
INFO:     > rtext:..... loaded (optional)
INFO:     > rmodels:... loaded (optional)
INFO:     > raudio:.... loaded (optional)
INFO: DISPLAY: Trying to enable MSAA x4
INFO: DISPLAY: Device initialized successfully 
INFO:     > Display size: 1280 x 800
INFO:     > Screen size:  1280 x 800
INFO:     > Render size:  1280 x 800
INFO:     > Viewport offsets: 0, 0
INFO: GLAD: OpenGL extensions loaded successfully
INFO: GL: Supported extensions count: 229
INFO: GL: OpenGL device information:
INFO:     > Vendor:   Mesa
INFO:     > Renderer: llvmpipe (LLVM 20.1.2, 256 bits)
INFO:     > Version:  4.5 (Core Profile) Mesa 25.2.8-0ubuntu0.24.04.2
INFO:     > GLSL:     4.50
INFO: GL: VAO extension detected, VAO functions loaded successfully
INFO: GL: NPOT textures extension detected, full NPOT textures supported
INFO: GL: DXT compressed textures supported
INFO: GL: ETC2/EAC compressed textures supported
INFO: PLATFORM: DESKTOP (GLFW - X11): Initialized successfully
INFO: TEXTURE: [ID 1] Texture loaded successfully (1x1 | R8G8B8A8 | 1 mipmaps)
INFO: TEXTURE: [ID 1] Default texture loaded successfully
INFO: SHADER: [ID 1] Vertex shader compiled successfully
INFO: SHADER: [ID 2] Fragment shader compiled successfully
INFO: SHADER: [ID 3] Program shader loaded successfully
INFO: SHADER: [ID 3] Default shader loaded successfully
INFO: RLGL: Render batch vertex buffers loaded successfully in RAM (CPU)
INFO: RLGL: Render batch vertex buffers loaded successfully in VRAM (GPU)
INFO: RLGL: Default OpenGL state initialized successfully
INFO: TEXTURE: [ID 2] Texture loaded successfully (128x128 | GRAY_ALPHA | 1 mipmaps)
INFO: FONT: Default font loaded successfully (224 glyphs)
INFO: SYSTEM: Working Directory: /home/user/wt/heat-pin
INFO: TIMER: Target time per frame: 0.000 milliseconds
FINALE-KIT: Wardens
WAVE: +2 (SNIPER,SNIPER) [rich]
WAVE: +2 (GRUNT,SNIPER) [rich]
WAVE: +2 (SCOUT,MEDIC) [rich]
WAVE: +3 (SCREENER,MORTAR,MORTAR) [rich]
WAVE: +3 (MEDIC,SCOUT,MEDIC) [rich]
WAVE: +3 (MORTAR,SCOUT,SCOUT) [rich]
WAVE: +3 (SCOUT,MORTAR,SNIPER) [rich]
WAVE: +3 (MORTAR,CUSTODIAN,GRUNT) [rich]
WAVE: +3 (PIKEMAN,PIKEMAN,MORTAR) [rich]
FINALE-KIT: Wardens
WAVE: +2 (MORTAR,PIKEMAN) [rich]
WAVE: +2 (PIKEMAN,SCOUT) [rich]
WAVE: +2 (MEDIC,MORTAR) [rich]
WAVE: +3 (MEDIC,SNIPER,SCREENER) [rich]
WAVE: +3 (GRUNT,CUSTODIAN,GRUNT) [rich]
WAVE: +3 (SCREENER,MORTAR,MORTAR) [rich]
FINALE-KIT: Wardens
WAVE: +3 (MORTAR,MEDIC,SCREENER) [rich]
WAVE: +3 (SNIPER,SNIPER,PIKEMAN) [rich]
WAVE: +1 (GRUNT) [rich]
FINALE-KIT: Wardens
WAVE: +3 (MEDIC,MORTAR,SNIPER) [rich]
WAVE: +2 (PIKEMAN,MORTAR) [rich]
WAVE: +1 (GRUNT) [rich]
FINALE-KIT: Legion
WAVE: +2 (BRUISER,LANCER) [rich]
WAVE: +2 (BERSERKER,STRIKER) [rich]
WAVE: +2 (LANCER,HOUND) [rich]
WAVE: +2 (DRONE,SHIELD) [rich]
WAVE: +2 (SAPPER,CUSTODIAN) [rich]
WAVE: +2 (DRONE,SHIELD) [rich]
REINFORCEMENTS: +2 (GRUNT,GRUNT)
REINFORCEMENTS: +2 (GRUNT,SCOUT)
match 5/20  (W:2 L:3 cap:0)  5.5s
FINALE-KIT: Legion
WAVE: +2 (BERSERKER,GRUNT) [rich]
WAVE: +2 (HOUND,BERSERKER) [rich]
WAVE: +2 (HUNTER,GRUNT) [rich]
WAVE: +2 (DRONE,SAPPER) [rich]
WAVE: +2 (SAPPER,SAPPER) [rich]
WAVE: +2 (SHIELD,SHIELD) [rich]
REINFORCEMENTS: +2 (GRUNT,GRUNT)
FINALE-KIT: Wardens
WAVE: +3 (BRUISER,WARBRINGER,BERSERKER) [rich]
WAVE: +3 (LANCER,HUNTER,HUNTER) [rich]
WAVE: +3 (HUNTER,BERSERKER,LANCER) [rich]
WAVE: +3 (SCOUT,LANCER,BRUISER) [rich]
WAVE: +2 (BERSERKER,GRUNT) [rich]
FINALE-KIT: Wardens
WAVE: +3 (HUNTER,BERSERKER,BERSERKER) [rich]
WAVE: +3 (BRUISER,HOUND,BERSERKER) [rich]
WAVE: +2 (BERSERKER,BRUISER) [rich]
WAVE: +3 (BRUISER,BRUISER,BERSERKER) [rich]
FINALE-KIT: Syndicate
WAVE: +2 (LANCER,BERSERKER) [rich]
WAVE: +2 (BRUISER,HUNTER) [rich]
WAVE: +2 (STRIKER,BRUISER) [rich]
FINALE-KIT: Syndicate
WAVE: +2 (HOUND,SCOUT) [rich]
WAVE: +2 (HUNTER,STRIKER) [rich]
WAVE: +2 (STRIKER,HUNTER) [rich]
match 10/20  (W:3 L:7 cap:0)  7.2s
FINALE-KIT: Wardens
FINALE-KIT: Wardens
WAVE: +3 (STRIKER,STRIKER,SNIPER) [rich]
WAVE: +3 (LANCER,SAPPER,DRONE) [rich]
WAVE: +2 (DRONE,DRONE) [rich]
FINALE-KIT: Syndicate
WAVE: +2 (DRONE,STRIKER) [rich]
WAVE: +2 (HOUND,DRONE) [rich]
WAVE: +2 (HUNTER,DRONE) [rich]
FINALE-KIT: Syndicate
WAVE: +2 (STRIKER,HUNTER) [rich]
WAVE: +2 (STRIKER,LANCER) [rich]
WAVE: +2 (DRONE,HUNTER) [rich]
WAVE: +2 (HUNTER,BERSERKER) [rich]
WAVE: +2 (DRONE,SAPPER) [rich]
WAVE: +2 (HOUND,WARBRINGER) [rich]
FINALE-KIT: Legion
WAVE: +3 (HOUND,SAPPER,WARBRINGER) [rich]
WAVE: +3 (STRIKER,SCOUT,HUNTER) [rich]
WAVE: +3 (SAPPER,BERSERKER,HUNTER) [rich]
REINFORCEMENTS: +2 (SCOUT,SCOUT)
match 15/20  (W:5 L:10 cap:0)  8.6s
FINALE-KIT: Legion
FINALE-KIT: Syndicate
FINALE-KIT: Syndicate
WAVE: +3 (LANCER,BERSERKER,HUNTER) [rich]
WAVE: +3 (GRUNT,BERSERKER,WARBRINGER) [rich]
WAVE: +3 (HOUND,BRUISER,HUNTER) [rich]
FINALE-KIT: Legion
FINALE-KIT: Legion
match 20/20  (W:6 L:14 cap:0)  9.0s

══════════════════════ SIGHTLINE BALANCE REPORT ══════════════════════
runs=20  missions=73

RUN OUTCOMES (campaign):  win-rate   30%   avg missions cleared 3.9

POLICY GAP (optimal vs human-error; campaign runs only):
  greedy win-rate   10%  (n=10)
  sloppy win-rate   50%  (n=10)
  GAP  -40 pts  (noisy (need more runs))
  PAIRED (same-seed slots): pairs=10  concordant=4  discordant greedy-only-won=1 / sloppy-only-won=5  paired gap  -40 pts
  PER-SLOT RECORDS (greedy | sloppy: outcome + missions cleared; margin = g−s):
    slot 150 @h6: L 3 | W 6   margin -3
    slot 151 @h6: W 6 | L 5   margin +1
    slot 152 @h6: L 5 | W 6   margin -1
    slot 153 @h6: L 4 | L 4   margin +0
    slot 154 @h6: L 2 | L 2   margin +0
    slot 155 @h6: L 3 | W 6   margin -3
    slot 156 @h6: L 1 | W 6   margin -5
    slot 157 @h6: L 5 | L 3   margin +2
    slot 158 @h6: L 2 | W 6   margin -4
    slot 159 @h6: L 1 | L 2   margin -1
  PAIRED MARGIN (missions cleared, all pairs): -1.40 ±0.72 SE  (n=10 pairs)
  by objective (greedy / sloppy / gap):
    Decapitate :   40% /   88% / gap  -48
    Defend     :   67% /   91% / gap  -24
    Eliminate  :  100% /  100% / gap    0
    Escort     :   67% /   50% / gap   17
    Evac       :    0% /  100% / gap -100
    Rescue     :   67% /  100% / gap  -33
    Sabotage   :  100% /  100% / gap    0

DECISION RICHNESS / SWING:
  meaningful-choices/turn 2.24   lead-swings/match 1.0   avg max-swing 63.6
  [shot-gate] acting-soldiers/turn 3.16   armed-soldiers/turn 1.08   armed-fraction 34%   turns-with-a-shot 51%   choices/ARMED-soldier-turn 2.07
  [choice-split] los-targets/ARMED 2.48   target-choices/ARMED 0.35   position-choices/ARMED 1.72

RUN COMPLETION BY HEAT (full-campaign clears):
  heat 6:   30% ±10  (n=20 runs, avg 3.9 missions)
  HEAT LEAK: pinned=yes  heat-raising picks=0  campaigns raised=0  missions off-rung=0/73

INTEL ECONOMY BY HEAT (campaign runs; heat-bonus = the Heat.IntelBonus share of income):
  heat 6: earned  208.9/run   heat-bonus  95.4 (  46% of income)   spent  189.6   unspent   19.3

MISSION WIN-RATE BY HEAT:
  heat 6:   81%  (n=73, avg 5.7 turns)

MISSION WIN-RATE BY OBJECTIVE:
  Eliminate  :  100% ±0  (n=20, avg 4.3 turns)
  Defend     :   80% ±9  (n=20, avg 8.6 turns)
  Decapitate :   69% ±13  (n=13, avg 4.3 turns)
  Escort     :   57% ±19  (n=7, avg 6.4 turns)
  Rescue     :   86% ±13  (n=7, avg 5.0 turns)
  Sabotage   :  100% ±0  (n=2, avg 2.5 turns)
  Hack       :   50% ±35  (n=2, avg 4.0 turns)
  Evac       :   50% ±35  (n=2, avg 5.0 turns)

MISSION WIN-RATE BY OBJECTIVE x NODE KIND (a capstone must never pool with a mid-run node):
  Eliminate  : Start: 100%(n=20)
               depth: m1:100%(20)
  Defend     : Combat:  77%(n=13)  Supply:  80%(n=5)  Elite: 100%(n=2)
               depth: m2:88%(8) m3:100%(3) m4:75%(4) m5:60%(5)
  Decapitate : Boss:  67%(n=9)  Supply: 100%(n=2)  Elite:  50%(n=2)
               depth: m2:100%(2) m3:50%(2) m6:67%(9)
  Escort     : Combat:  50%(n=6)  Supply: 100%(n=1)
               depth: m3:0%(2) m4:50%(2) m5:100%(3)
  Rescue     : Combat:  80%(n=5)  Supply: 100%(n=2)
               depth: m2:100%(4) m4:67%(3)
  Sabotage   : Combat: 100%(n=2)
               depth: m3:100%(2)
  Hack       : Combat: 100%(n=1)  Elite:   0%(n=1)
               depth: m3:0%(1) m4:100%(1)
  Evac       : Combat:  50%(n=2)
               depth: m2:50%(2)

ENCOUNTER COMPLETION on MID-RUN nodes (Combat+Elite) — clear% is the share of the fight actually fought:
  objective     n   win%   turns   force    +rf  killed  clear%   prs  WONclear%
  Defend        15   80%     8.5    6.33   6.40    4.47    35.1  0.00     39.9 (n=12)
  Escort         6   50%     5.8   10.00   0.00    3.83    38.3  0.00     50.0 (n=3)
  Rescue         5   80%     4.2    8.40   0.00    3.20    38.1  0.00     40.6 (n=4)
  Sabotage       2  100%     2.5    7.00   0.00    1.00    14.3  0.00     14.3 (n=2)
  Hack           2   50%     4.0   10.50   0.00    0.50     4.8  0.00      0.0 (n=1)
  Decapitate     2   50%     5.0   11.00   0.00    0.50     4.5  0.50      9.1 (n=1)
  Evac           2   50%     5.0    6.00   0.00    0.50     8.3  0.00     16.7 (n=1)
  ---- the two classes ----
  KILL           2   50%     5.0   11.00   0.00    0.50     4.5  0.50      9.1 (n=1)
  NON-KILL      32   72%     6.5    7.63   3.00    3.44    32.4  0.00     37.6 (n=23)

DECAPITATE HVT (buff = +6+1*mission HP, +6 aim; ELITE exempt):
  EXEMPT  :   64% ±15  (n=11, avg 4.8 turns, HVT 22.6 max HP)  [m3:50%(2) m6:67%(9)]
  BUFFED  :  100% ±0  (n=2, avg 1.5 turns, HVT 18.5 max HP)  [m2:100%(2)]

MISSION WIN-RATE BY MISSION #:
  m1:  100% ±0  (n=20)
  m2:   88% ±8  (n=16)
  m3:   60% ±15  (n=10)
  m4:   70% ±14  (n=10)
  m5:   75% ±15  (n=8)
  m6:   67% ±16  (n=9)

LOSS CAUSES (missions):
  RUN OVER              : 10
  VIP LOST              : 3
  CAPTIVE LOST          : 1

MISSION WIN-RATE BY ARENA (authored layouts, n>=3; procedural fallback   23% of 73 missions):
  arena  0:  100% ±0  (n=3, avg 9.0 turns)  [m4:100%(2) m5:100%(1)]
  arena  4:  100% ±0  (n=3, avg 8.0 turns)  [m2:100%(1) m5:100%(2)]
  arena  8:   75% ±22  (n=4, avg 3.8 turns)  [m1:100%(2) m4:50%(2)]
  arena 30:   86% ±13  (n=7, avg 5.9 turns)  [m1:100%(2) m2:50%(2) m3:100%(2) m6:100%(1)]
  arena 32:   33% ±27  (n=3, avg 7.7 turns)  [m2:50%(2) m6:0%(1)]
  arena 33:   80% ±18  (n=5, avg 6.2 turns)  [m2:100%(2) m3:50%(2) m4:100%(1)]
  arena 34:   67% ±27  (n=3, avg 9.3 turns)  [m5:100%(1) m6:50%(2)]
  procedural:   88% ±8  (n=17, avg 5.7 turns)  [m1:100%(8) m2:100%(5) m3:100%(1) m4:0%(1) m6:50%(2)]

DEPLOYMENT GEOMETRY (opening shape; choices/ARMED is the wave's real gate):
  FRONTAL   :   64% ±13  (n=14, avg 6.6 turns)  choices/turn 1.95  choices/ARMED 2.37  los-targets/ARMED 2.77
  PINCER    :   82%  (n=33, avg 5.4 turns)  choices/turn 1.90  choices/ARMED 1.82  los-targets/ARMED 2.50
  CROSSFIRE :   89% ±10  (n=9, avg 6.8 turns)  choices/turn 1.96  choices/ARMED 2.16  los-targets/ARMED 3.12
  ENVELOP   :   88% ±8  (n=17, avg 4.9 turns)  choices/turn 3.46  choices/ARMED 2.20  los-targets/ARMED 2.02

ARENA FUNNEL (Mission.Build exits, n=82 builds, all modes):
  authored-applied    :  78.0%  (n=64)
  connectivity-reject :   0.0%  (n=0)
  procedural-roll     :  22.0%  (n=18)

DECK EXPOSURE (campaign runs n=20):
  distinct authored arenas/run : 2.80 mean (all runs)
  ... full-depth runs only     : 3.83 mean over 4.8 fights/run (n=6)
  Defend dealt on the route    :   75% of runs (n=15)

ENEMY DECISION MIX (contested acts=1263; all-downed acts not counted=349):
  shoot           775    61%
  hunker          246    19%
  move            120    10%
  grenade          42     3%
  heal             24     2%
  reload           22     2%
  siege            19     2%
  item              8     1%
  brace             4     0%
  overwatch         1     0%
  shove             1     0%
  staleplan         1     0%

  the shot on the table (acts where the chosen tile HAD a shot = 853):
    hit% band     taken   share   E[dmg]/shot   declined   share   E[dmg]/shot
      0-19           1      0%          0.52          0      0%          0.00
     20-39          14      2%          1.17          0      0%          0.00
     40-59         102     13%          1.66          0      0%          0.00
     60-79         318     41%          2.22          0      0%          0.00
      80+          340     44%          3.22          0      0%          0.00
    TOTAL           775                              0
  taken   91% / DECLINED    0% / preempted by another verb    9%
  enemy lanes held (overwatch+brace) 5; reaction shots fired 0  ->    0% of lanes paid off   [C2: DeclineWatchRatio is a bet on this number]

ACTION MIX (verbs issued, by policy):
  verb                  greedy        sloppy
  MOVE               376   34%     465   32%
  SHOOT              327   29%     372   26%
  OVERWATCH           67    6%     128    9%
  BRACE               69    6%      69    5%
  FOCUS               25    2%      95    7%
  RELOAD              38    3%      51    4%
  SLIPSTREAM          32    3%      48    3%
  HUNKER              33    3%      47    3%
  INTEL               32    3%      38    3%
  STABILIZE           36    3%      31    2%
  MARK                19    2%      14    1%
  DRAG                14    1%      19    1%
  ITEM:SMOKE          14    1%      13    1%
  PIN                  7    1%      11    1%
  GRENADE              2    0%       8    1%
  BARREL               3    0%       6    0%
  REARM                6    1%       3    0%
  BEACON               3    0%       4    0%
  PATCH                2    0%       4    0%
  PLANT                3    0%       3    0%
  GRAPPLE              4    0%       1    0%
  HACK                 0    0%       3    0%
  EXTRACT              0    0%       2    0%
  ITEM:FLASH           0    0%       1    0%

PLAYER CLASS PERFORMANCE:
  class        shots   hit%   dmg   kills
  GUNNER         268    85%   1299     84
  SHARPSHOOTER    156    94%   1143     65
  ASSAULT        218    84%    976     51
  RANGER         115    88%    638     39
  CORPSMAN        40    75%    118      6

SOLDIER DEATHS BY ENEMY CLASS (threat ranking):
  BERSERKER  : 15
  BRUISER    : 12
  LANCER     : 12
  SNIPER     : 9
  ELITE      : 8
  HUNTER     : 7
  MORTAR     : 5
  STRIKE     : 5
  SCOUT      : 4
  BURN       : 3
  DRONE      : 3
  CUSTODIAN  : 2
  SCREENER   : 2
  WARBRINGER : 2
  SAPPER     : 2
  HOUND      : 1
  GRUNT      : 1
  TURRET     : 1

SOLDIER DOWNS (FUL-7 bleed-out): 196 downs -> revived 4 / recovered 55 / bled out 116 / finished 13  (save-rate   34%)
  corpsman fielded in 20 missions

ENEMY COMPOSITION (spawns; faction-stamped fights n=561 / default-cascade fights n=173):
  class        faction         default
  SCOUT           33    6%       54   31%
  GRUNT           45    8%       36   21%
  BERSERKER       55   10%        7    4%
  SNIPER          38    7%        7    4%
  BRUISER         40    7%        5    3%
  HUNTER          34    6%       11    6%
  MORTAR          42    7%        0    0%
  LANCER          36    6%        6    3%
  ELITE           31    6%        4    2%
  MEDIC           33    6%        0    0%
  DRONE           20    4%       12    7%
  STRIKER         15    3%        9    5%
  SCREENER        22    4%        0    0%
  CUSTODIAN       22    4%        0    0%
  HOUND           13    2%        9    5%
  SHIELD          19    3%        0    0%
  SAPPER          12    2%        7    4%
  PIKEMAN         16    3%        0    0%
  TURRET          12    2%        2    1%
  WARBRINGER      11    2%        2    1%
  BOMBARD          9    2%        0    0%
  SPOTTER          3    1%        2    1%

PERK PICK FREQUENCY:
  MOM           : 14
  RFX           : 13
  LCK           : 13
  TNK           : 11
  GUN           : 10
  SGE           : 10
  FST           : 9
  CQB           : 9
  MRK           : 7
  OUT           : 7
  GRD           : 7
  SKR           : 6
  HRD           : 5
  BRK           : 5
  EXC           : 4
  CLH           : 4
  VNT           : 4
  PLT           : 3
  BND           : 3

SHOP PURCHASE FREQUENCY:
  FIELD MEDKIT      : 68
  WPN: SCOPE        : 52
  WPN: HOLLOW POINT : 49
  COMBAT STIMS      : 36
  BALLISTIC PLATING : 36
  WPN: STABILIZER   : 29
  WPN: EXTENDED MAG : 22
  FRAG CACHE        : 16
  COUNTER-PREP      : 15
  WPN: SUPPRESSOR   : 13
  WPN: BIPOD        : 13
  ARMORY            : 9
  ADV. TRAINING     : 9

BOON PICK FREQUENCY (PROCS = effect fires at instrumented sites; '-' = not instrumented;
                      PYR counts the +2-turn-burn half only — the Burning-immunity half is uninstrumented):
  code                 picks   PROCS
  GHO               :     6       -
  FST               :     5      64
  SCV               :     5       -
  SHK               :     5      14
  EXE               :     4       -
  FRT               :     4       -
  GRN               :     4       -
  VNM               :     4       -
  ADR               :     3       -
  FDR               :     3       2
  PYR               :     3       1
  RCL               :     3       0
  TRR               :     2       4
  MRK               :     1       -
  RPD               :     1       -

RUN WIN-RATE BY BOON (campaign runs holding it):
  GHO               :   33% ±19  (in 6 runs)
  FST               :   40% ±22  (in 5 runs)
  SCV               :   20% ±18  (in 5 runs)
  SHK               :   40% ±22  (in 5 runs)
  EXE               :   50% ±25  (in 4 runs)
  FRT               :  100% ±0  (in 4 runs)
  GRN               :   50% ±25  (in 4 runs)
  VNM               :   75% ±22  (in 4 runs)
  ADR               :   67% ±27  (in 3 runs)
  FDR               :    0% ±0  (in 3 runs)
  PYR               :   33% ±27  (in 3 runs)
  RCL               :    0% ±0  (in 3 runs)
  TRR               :   50% ±35  (in 2 runs)
  MRK               :    0% ±0  (in 1 runs)
  RPD               :  100% ±0  (in 1 runs)

RUN WIN-RATE BY SPEC (campaign runs fielding it):
  ADN               :   50% ±18  (in 8 runs)
  HHT               :   50% ±25  (in 4 runs)
  JUG               :  100% ±0  (in 4 runs)
  ANC               :    0% ±0  (in 3 runs)
  BRC               :   33% ±27  (in 3 runs)
  PTH               :   67% ±27  (in 3 runs)
  SNT               :  100% ±0  (in 2 runs)
  PHN               :    0% ±0  (in 1 runs)

RUN WIN-RATE BY PERK (campaign runs holding it):
  LCK               :   36% ±15  (in 11 runs)
  MOM               :   30% ±14  (in 10 runs)
  RFX               :   30% ±14  (in 10 runs)
  SGE               :   38% ±17  (in 8 runs)
  TNK               :   38% ±17  (in 8 runs)
  CQB               :   57% ±19  (in 7 runs)
  GUN               :   57% ±19  (in 7 runs)
  OUT               :   43% ±19  (in 7 runs)
  FST               :   50% ±20  (in 6 runs)
  MRK               :   50% ±20  (in 6 runs)
  SKR               :   50% ±20  (in 6 runs)
  GRD               :  100% ±0  (in 5 runs)
  BRK               :   25% ±22  (in 4 runs)
  CLH               :   75% ±22  (in 4 runs)
  EXC               :   25% ±22  (in 4 runs)
  HRD               :   75% ±22  (in 4 runs)
  BND               :    0% ±0  (in 3 runs)
  PLT               :   33% ±27  (in 3 runs)
  VNT               :   67% ±27  (in 3 runs)

RUN WIN-RATE BY PURCHASE (campaign runs buying it):
  FIELD MEDKIT      :   30% ±10  (in 20 runs)
  WPN: HOLLOW POINT :   38% ±12  (in 16 runs)
  BALLISTIC PLATING :   42% ±14  (in 12 runs)
  WPN: SCOPE        :   33% ±14  (in 12 runs)
  COMBAT STIMS      :   45% ±15  (in 11 runs)
  COUNTER-PREP      :   36% ±15  (in 11 runs)
  WPN: STABILIZER   :   55% ±15  (in 11 runs)
  FRAG CACHE        :   50% ±16  (in 10 runs)
  WPN: SUPPRESSOR   :   30% ±14  (in 10 runs)
  WPN: EXTENDED MAG :   33% ±16  (in 9 runs)
  WPN: BIPOD        :   29% ±17  (in 7 runs)
  ADV. TRAINING     :   17% ±15  (in 6 runs)
  ARMORY            :   33% ±19  (in 6 runs)

RUN WIN-RATE BY EVENT-CHOICE (campaign runs taking id:arm):
  cache:1           :   50% ±35  (in 2 runs)
  depot:0           :   50% ±35  (in 2 runs)
  grave:1           :   50% ±35  (in 2 runs)
  informant:0       :   50% ±35  (in 2 runs)
  profiteer:0       :   50% ±35  (in 2 runs)
  reservecall:0     :    0% ±0  (in 2 runs)
  warchest:1        :   50% ±35  (in 2 runs)
  warpension:2      :    0% ±0  (in 2 runs)
  bloodfeud:2       :  100% ±0  (in 1 runs)
  defector:1        :    0% ±0  (in 1 runs)
  defector:2        :    0% ±0  (in 1 runs)
═══════════════════════════════════════════════════════════════════════

batch wall-time: 9.0s  (20 matches across 10 campaigns × 2 policy, frame-cap hits: 0)
aggregate JSON -> /home/user/wt/heat-pin/docs/measurements/l5/L5fac-m0a0b0-h6-b150.json
INFO: TEXTURE: [ID 2] Unloaded texture data from VRAM (GPU)
INFO: SHADER: [ID 3] Default shader unloaded successfully
INFO: TEXTURE: [ID 1] Default texture unloaded successfully
INFO: Window closed successfully
