BALANCE: heat PINNED for this batch (field-event AddHeat is a no-op; SIGHTLINE_HEATPIN=0 restores the leak)
INFO: Initializing raylib 6.0
INFO: Platform backend: DESKTOP (GLFW)
INFO: Supported raylib modules:
INFO:     > rcore:..... loaded (mandatory)
INFO:     > rlgl:...... loaded (mandatory)
INFO:     > rshapes:... loaded (optional)
INFO:     > rtextures:. loaded (optional)
INFO:     > rtext:..... loaded (optional)
INFO:     > rmodels:... loaded (optional)
INFO:     > raudio:.... loaded (optional)
INFO: DISPLAY: Trying to enable MSAA x4
INFO: DISPLAY: Device initialized successfully 
INFO:     > Display size: 1280 x 800
INFO:     > Screen size:  1280 x 800
INFO:     > Render size:  1280 x 800
INFO:     > Viewport offsets: 0, 0
INFO: GLAD: OpenGL extensions loaded successfully
INFO: GL: Supported extensions count: 229
INFO: GL: OpenGL device information:
INFO:     > Vendor:   Mesa
INFO:     > Renderer: llvmpipe (LLVM 20.1.2, 256 bits)
INFO:     > Version:  4.5 (Core Profile) Mesa 25.2.8-0ubuntu0.24.04.2
INFO:     > GLSL:     4.50
INFO: GL: VAO extension detected, VAO functions loaded successfully
INFO: GL: NPOT textures extension detected, full NPOT textures supported
INFO: GL: DXT compressed textures supported
INFO: GL: ETC2/EAC compressed textures supported
INFO: PLATFORM: DESKTOP (GLFW - X11): Initialized successfully
INFO: TEXTURE: [ID 1] Texture loaded successfully (1x1 | R8G8B8A8 | 1 mipmaps)
INFO: TEXTURE: [ID 1] Default texture loaded successfully
INFO: SHADER: [ID 1] Vertex shader compiled successfully
INFO: SHADER: [ID 2] Fragment shader compiled successfully
INFO: SHADER: [ID 3] Program shader loaded successfully
INFO: SHADER: [ID 3] Default shader loaded successfully
INFO: RLGL: Render batch vertex buffers loaded successfully in RAM (CPU)
INFO: RLGL: Render batch vertex buffers loaded successfully in VRAM (GPU)
INFO: RLGL: Default OpenGL state initialized successfully
INFO: TEXTURE: [ID 2] Texture loaded successfully (128x128 | GRAY_ALPHA | 1 mipmaps)
INFO: FONT: Default font loaded successfully (224 glyphs)
INFO: SYSTEM: Working Directory: /home/user/wt/heat-pin
INFO: TIMER: Target time per frame: 0.000 milliseconds
FINALE-KIT: Syndicate
WAVE: +3 (SPOTTER,DRONE,SHIELD) [rich]
WAVE: +2 (SPOTTER,DRONE) [rich]
WAVE: +2 (SAPPER,SPOTTER) [rich]
REINFORCEMENTS: +2 (GRUNT,SCOUT)
FINALE-KIT: Syndicate
FINALE-KIT: Syndicate
WAVE: +2 (DRONE,GRUNT) [rich]
WAVE: +2 (GRUNT,GRUNT) [rich]
WAVE: +2 (DRONE,SPOTTER) [rich]
REINFORCEMENTS: +2 (SCOUT,SCOUT)
REINFORCEMENTS: +2 (GRUNT,GRUNT)
REINFORCEMENTS: +3 (SCOUT,GRUNT,SCOUT)
REINFORCEMENTS: +2 (GRUNT,SCOUT)
REINFORCEMENTS: +2 (GRUNT,SCOUT)
REINFORCEMENTS: +3 (SCOUT,GRUNT,GRUNT)
FINALE-KIT: Syndicate
WAVE: +2 (SPOTTER,SAPPER) [rich]
WAVE: +2 (DRONE,GRUNT) [rich]
WAVE: +2 (SAPPER,SPOTTER) [rich]
FINALE-KIT: Syndicate
WAVE: +2 (CUSTODIAN,CUSTODIAN) [rich]
WAVE: +2 (SNIPER,PIKEMAN) [rich]
WAVE: +2 (SNIPER,MEDIC) [rich]
WAVE: +2 (GRUNT,PIKEMAN) [rich]
WAVE: +2 (MEDIC,GRUNT) [rich]
WAVE: +3 (MORTAR,BERSERKER,GRUNT) [rich]
match 5/20  (W:0 L:5 cap:0)  5.1s
FINALE-KIT: Syndicate
WAVE: +2 (MORTAR,MORTAR) [rich]
WAVE: +2 (SCREENER,SNIPER) [rich]
WAVE: +1 (SCREENER) [rich]
WAVE: +3 (MORTAR,SNIPER,MEDIC) [rich]
WAVE: +3 (GRUNT,SNIPER,SAPPER) [rich]
WAVE: +3 (MORTAR,SAPPER,DRONE) [rich]
FINALE-KIT: Legion
FINALE-KIT: Legion
FINALE-KIT: Legion
FINALE-KIT: Legion
match 10/20  (W:1 L:9 cap:0)  6.7s
FINALE-KIT: Legion
FINALE-KIT: Legion
FINALE-KIT: Legion
WAVE: +3 (PIKEMAN,GRUNT,SNIPER) [rich]
WAVE: +1 (PIKEMAN) [rich]
FINALE-KIT: Legion
WAVE: +3 (MEDIC,SCREENER,SNIPER) [rich]
WAVE: +3 (SCOUT,MORTAR,SCOUT) [rich]
FINALE-KIT: Wardens
WAVE: +2 (PIKEMAN,SNIPER) [rich]
WAVE: +1 (SCOUT) [rich]
match 15/20  (W:3 L:12 cap:0)  8.1s
FINALE-KIT: Wardens
WAVE: +2 (MEDIC,SNIPER) [rich]
WAVE: +1 (CUSTODIAN) [rich]
WAVE: +1 (SNIPER) [rich]
FINALE-KIT: Wardens
WAVE: +3 (BERSERKER,MORTAR,BERSERKER) [rich]
WAVE: +3 (SAPPER,LANCER,MORTAR) [rich]
WAVE: +3 (SNIPER,SHIELD,BERSERKER) [rich]
FINALE-KIT: Wardens
WAVE: +3 (DRONE,SNIPER,SAPPER) [rich]
WAVE: +3 (SNIPER,BRUISER,WARBRINGER) [rich]
WAVE: +3 (HOUND,LANCER,DRONE) [rich]
FINALE-KIT: Wardens
WAVE: +3 (DRONE,SCREENER,CUSTODIAN) [rich]
WAVE: +3 (DRONE,SAPPER,DRONE) [rich]
WAVE: +3 (SAPPER,CUSTODIAN,SHIELD) [rich]
WAVE: +3 (SHIELD,SHIELD,DRONE) [rich]
WAVE: +3 (DRONE,SPOTTER,CUSTODIAN) [rich]
WAVE: +1 (GRUNT) [rich]
FINALE-KIT: Wardens
WAVE: +3 (DRONE,SAPPER,SHIELD) [rich]
WAVE: +3 (SHIELD,SCREENER,DRONE) [rich]
WAVE: +3 (DRONE,SHIELD,GRUNT) [rich]
match 20/20  (W:4 L:16 cap:0)  9.9s

══════════════════════ SIGHTLINE BALANCE REPORT ══════════════════════
runs=20  missions=73

RUN OUTCOMES (campaign):  win-rate   20%   avg missions cleared 3.8

POLICY GAP (optimal vs human-error; campaign runs only):
  greedy win-rate   10%  (n=10)
  sloppy win-rate   30%  (n=10)
  GAP  -20 pts  (noisy (need more runs))
  PAIRED (same-seed slots): pairs=10  concordant=6  discordant greedy-only-won=1 / sloppy-only-won=3  paired gap  -20 pts
  PER-SLOT RECORDS (greedy | sloppy: outcome + missions cleared; margin = g−s):
    slot  90 @h6: L 5 | L 0   margin +5
    slot  91 @h6: L 5 | L 3   margin +2
    slot  92 @h6: L 4 | W 6   margin -2
    slot  93 @h6: L 1 | L 5   margin -4
    slot  94 @h6: L 2 | L 2   margin +0
    slot  95 @h6: W 6 | L 1   margin +5
    slot  96 @h6: L 4 | W 6   margin -2
    slot  97 @h6: L 4 | L 4   margin +0
    slot  98 @h6: L 4 | L 4   margin +0
    slot  99 @h6: L 3 | W 6   margin -3
  PAIRED MARGIN (missions cleared, all pairs): +0.10 ±0.98 SE  (n=10 pairs)
  by objective (greedy / sloppy / gap):
    Decapitate :   50% /   60% / gap  -10
    Defend     :   75% /  100% / gap  -25
    Eliminate  :   85% /   83% / gap    1
    Escort     :   50% /   50% / gap    0
    Evac       :  100% /   50% / gap   50
    Hack       :  100% /  100% / gap    0
    Rescue     :   75% /  100% / gap  -25
    Sabotage   :  100% /  100% / gap    0

DECISION RICHNESS / SWING:
  meaningful-choices/turn 2.19   lead-swings/match 0.9   avg max-swing 59.2
  [shot-gate] acting-soldiers/turn 3.07   armed-soldiers/turn 1.14   armed-fraction 37%   turns-with-a-shot 52%   choices/ARMED-soldier-turn 1.92
  [choice-split] los-targets/ARMED 2.20   target-choices/ARMED 0.24   position-choices/ARMED 1.68

RUN COMPLETION BY HEAT (full-campaign clears):
  heat 6:   20% ±9  (n=20 runs, avg 3.8 missions)
  HEAT LEAK: pinned=yes  heat-raising picks=3  campaigns raised=0  missions off-rung=0/73

INTEL ECONOMY BY HEAT (campaign runs; heat-bonus = the Heat.IntelBonus share of income):
  heat 6: earned  211.8/run   heat-bonus  95.4 (  45% of income)   spent  200.9   unspent   11.0

MISSION WIN-RATE BY HEAT:
  heat 6:   78%  (n=73, avg 5.8 turns)

MISSION WIN-RATE BY OBJECTIVE:
  Eliminate  :   84% ±7  (n=25, avg 4.5 turns)
  Defend     :   87% ±9  (n=15, avg 8.7 turns)
  Decapitate :   56% ±17  (n=9, avg 5.2 turns)
  Escort     :   50% ±18  (n=8, avg 8.9 turns)
  Rescue     :   80% ±18  (n=5, avg 4.0 turns)
  Hack       :  100% ±0  (n=5, avg 3.8 turns)
  Evac       :   75% ±22  (n=4, avg 4.5 turns)
  Sabotage   :  100% ±0  (n=2, avg 4.0 turns)

MISSION WIN-RATE BY OBJECTIVE x NODE KIND (a capstone must never pool with a mid-run node):
  Eliminate  : Start:  95%(n=20)  Supply:  67%(n=3)  Combat:   0%(n=2)
               depth: m1:95%(20) m3:0%(2) m5:67%(3)
  Defend     : Combat:  86%(n=7)  Elite: 100%(n=4)  Supply:  75%(n=4)
               depth: m2:100%(2) m3:100%(4) m4:83%(6) m5:67%(3)
  Decapitate : Boss:  57%(n=7)  Combat:  50%(n=2)
               depth: m2:50%(2) m6:57%(7)
  Escort     : Elite:  50%(n=4)  Combat:  50%(n=4)
               depth: m4:100%(3) m5:20%(5)
  Rescue     : Elite:  50%(n=2)  Combat: 100%(n=2)  Supply: 100%(n=1)
               depth: m2:67%(3) m3:100%(1) m4:100%(1)
  Hack       : Combat: 100%(n=2)  Elite: 100%(n=2)  Supply: 100%(n=1)
               depth: m3:100%(2) m4:100%(2) m5:100%(1)
  Evac       : Combat: 100%(n=2)  Elite:  50%(n=2)
               depth: m3:100%(1) m4:67%(3)
  Sabotage   : Supply: 100%(n=2)
               depth: m3:100%(2)

ENCOUNTER COMPLETION on MID-RUN nodes (Combat+Elite) — clear% is the share of the fight actually fought:
  objective     n   win%   turns   force    +rf  killed  clear%   prs  WONclear%
  Defend        11   91%     9.0    7.55   5.73    2.64    19.9  0.00     19.8 (n=10)
  Escort         8   50%     8.9   10.88   0.00    3.75    34.5  0.00     27.9 (n=4)
  Evac           4   75%     4.5   10.25   0.00    0.50     4.9  0.00      6.7 (n=3)
  Rescue         4   75%     4.0    8.75   0.00    2.75    31.4  0.00     37.0 (n=3)
  Hack           4  100%     4.0   10.50   0.00    1.00     9.5  0.25      9.5 (n=4)
  Eliminate      2    0%     5.5    9.00   0.00    2.00    22.2  0.50      0.0 (n=0)
  Decapitate     2   50%     4.5    6.00   0.00    2.50    41.7  0.50     50.0 (n=1)
  ---- the two classes ----
  KILL           4   25%     5.0    7.50   0.00    2.25    30.0  0.50     50.0 (n=1)
  NON-KILL      31   77%     7.1    9.29   2.03    2.45    21.7  0.03     19.8 (n=24)

DECAPITATE HVT (buff = +6+1*mission HP, +6 aim; ELITE exempt):
  EXEMPT  :   57% ±19  (n=7, avg 5.4 turns, HVT 22.1 max HP)  [m6:57%(7)]
  BUFFED  :   50% ±35  (n=2, avg 4.5 turns, HVT 18.5 max HP)  [m2:50%(2)]

MISSION WIN-RATE BY MISSION #:
  m1:   95% ±5  (n=20)
  m2:   71% ±17  (n=7)
  m3:   83% ±11  (n=12)
  m4:   87% ±9  (n=15)
  m5:   50% ±14  (n=12)
  m6:   57% ±19  (n=7)

LOSS CAUSES (missions):
  RUN OVER              : 11
  VIP LOST              : 4
  CAPTIVE LOST          : 1

MISSION WIN-RATE BY ARENA (authored layouts, n>=3; procedural fallback   25% of 73 missions):
  arena  5:   50% ±25  (n=4, avg 4.5 turns)  [m3:33%(3) m4:100%(1)]
  arena  7:  100% ±0  (n=4, avg 3.8 turns)  [m1:100%(2) m4:100%(2)]
  arena 10:   67% ±27  (n=3, avg 4.3 turns)  [m2:50%(2) m5:100%(1)]
  arena 12:   67% ±27  (n=3, avg 6.3 turns)  [m4:50%(2) m5:100%(1)]
  arena 14:  100% ±0  (n=4, avg 7.5 turns)  [m2:100%(2) m4:100%(2)]
  arena 15:  100% ±0  (n=4, avg 3.8 turns)  [m1:100%(2) m3:100%(1) m6:100%(1)]
  arena 25:  100% ±0  (n=3, avg 3.0 turns)  [m1:100%(2) m3:100%(1)]
  arena 30:  100% ±0  (n=4, avg 3.5 turns)  [m1:100%(4)]
  arena 33:   75% ±22  (n=4, avg 8.0 turns)  [m4:100%(2) m5:50%(2)]
  procedural:   78% ±10  (n=18, avg 5.8 turns)  [m1:100%(2) m2:67%(3) m3:100%(4) m4:100%(2) m5:50%(2) m6:60%(5)]

DEPLOYMENT GEOMETRY (opening shape; choices/ARMED is the wave's real gate):
  FRONTAL   :   90%  (n=31, avg 5.7 turns)  choices/turn 1.95  choices/ARMED 1.83  los-targets/ARMED 2.02
  PINCER    :   73% ±9  (n=22, avg 5.9 turns)  choices/turn 2.02  choices/ARMED 1.98  los-targets/ARMED 2.50
  CROSSFIRE :   80% ±18  (n=5, avg 6.0 turns)  choices/turn 1.22  choices/ARMED 1.74  los-targets/ARMED 2.21
  ENVELOP   :   60% ±13  (n=15, avg 6.0 turns)  choices/turn 3.24  choices/ARMED 2.02  los-targets/ARMED 2.16

ARENA FUNNEL (Mission.Build exits, n=83 builds, all modes):
  authored-applied    :  75.9%  (n=63)
  connectivity-reject :   0.0%  (n=0)
  procedural-roll     :  24.1%  (n=20)

DECK EXPOSURE (campaign runs n=20):
  distinct authored arenas/run : 2.75 mean (all runs)
  ... full-depth runs only     : 2.50 mean over 4.8 fights/run (n=4)
  Defend dealt on the route    :   65% of runs (n=13)

ENEMY DECISION MIX (contested acts=1313; all-downed acts not counted=364):
  shoot           830    63%
  hunker          230    18%
  move             90     7%
  grenade          47     4%
  reload           40     3%
  siege            29     2%
  brace            15     1%
  heal             14     1%
  item             10     1%
  staleplan         4     0%
  overwatch         3     0%
  sap               1     0%

  the shot on the table (acts where the chosen tile HAD a shot = 898):
    hit% band     taken   share   E[dmg]/shot   declined   share   E[dmg]/shot
      0-19           4      0%          0.37          0      0%          0.00
     20-39          41      5%          0.90          0      0%          0.00
     40-59         125     15%          1.63          0      0%          0.00
     60-79         305     37%          2.18          0      0%          0.00
      80+          355     43%          3.39          0      0%          0.00
    TOTAL           830                              0
  taken   92% / DECLINED    0% / preempted by another verb    8%
  enemy lanes held (overwatch+brace) 18; reaction shots fired 7  ->   39% of lanes paid off   [C2: DeclineWatchRatio is a bet on this number]

ACTION MIX (verbs issued, by policy):
  verb                  greedy        sloppy
  MOVE               533   37%     453   37%
  SHOOT              388   27%     318   26%
  OVERWATCH           90    6%      70    6%
  FOCUS               48    3%      64    5%
  HUNKER              44    3%      50    4%
  BRACE               51    4%      39    3%
  RELOAD              42    3%      41    3%
  SLIPSTREAM          41    3%      38    3%
  STABILIZE           42    3%      35    3%
  INTEL               36    3%      29    2%
  MARK                20    1%      17    1%
  DRAG                14    1%      18    1%
  PIN                 19    1%      10    1%
  ITEM:SMOKE          19    1%      10    1%
  GRENADE              6    0%      10    1%
  PATCH                9    1%       5    0%
  REARM                8    1%       5    0%
  HACK                 4    0%       6    0%
  BEACON               7    0%       2    0%
  GRAPPLE              5    0%       4    0%
  PLANT                3    0%       4    0%
  BARREL               2    0%       0    0%
  EXTRACT              1    0%       0    0%
  ITEM:INCENDIARY       1    0%       0    0%

PLAYER CLASS PERFORMANCE:
  class        shots   hit%   dmg   kills
  SHARPSHOOTER    211    91%   1529     82
  GUNNER         200    88%    977     63
  RANGER         126    86%    733     47
  ASSAULT        162    78%    620     28
  CORPSMAN        41    71%    105      6
  VIP              2    50%      4      0

SOLDIER DEATHS BY ENEMY CLASS (threat ranking):
  ELITE      : 14
  SNIPER     : 13
  SHIELD     : 12
  GRUNT      : 9
  STRIKE     : 8
  BURN       : 6
  SAPPER     : 6
  LANCER     : 6
  MORTAR     : 4
  SCREENER   : 3
  TURRET     : 3
  BERSERKER  : 3
  BRUISER    : 3
  CUSTODIAN  : 2
  HUNTER     : 2
  SCOUT      : 2
  SLAM       : 2
  MEDIC      : 2
  HOUND      : 2
  PIKEMAN    : 1
  SPOTTER    : 1
  DRONE      : 1

SOLDIER DOWNS (FUL-7 bleed-out): 209 downs -> revived 5 / recovered 53 / bled out 116 / finished 26  (save-rate   32%)
  corpsman fielded in 23 missions

ENEMY COMPOSITION (spawns; faction-stamped fights n=545 / default-cascade fights n=213):
  class        faction         default
  SCOUT           52   10%       52   24%
  GRUNT           47    9%       41   19%
  SNIPER          41    8%       19    9%
  DRONE           48    9%        7    3%
  ELITE           29    5%       10    5%
  SCREENER        35    6%        0    0%
  SAPPER          29    5%        6    3%
  TURRET          26    5%        9    4%
  MORTAR          29    5%        5    2%
  MEDIC           25    5%        8    4%
  PIKEMAN         26    5%        4    2%
  SPOTTER         24    4%        5    2%
  SHIELD          26    5%        3    1%
  STRIKER         13    2%       11    5%
  HUNTER          17    3%        6    3%
  HOUND           16    3%        5    2%
  CUSTODIAN       19    3%        0    0%
  BERSERKER       11    2%        8    4%
  LANCER          10    2%        9    4%
  BRUISER         11    2%        1    0%
  BOMBARD          8    1%        1    0%
  WARBRINGER       3    1%        3    1%

PERK PICK FREQUENCY:
  LCK           : 20
  GUN           : 14
  CQB           : 12
  GRD           : 12
  VNT           : 11
  MOM           : 11
  TNK           : 9
  PLT           : 9
  OUT           : 8
  SKR           : 8
  RFX           : 7
  CLH           : 7
  EXC           : 7
  BND           : 6
  FST           : 6
  MRK           : 6
  SGE           : 4
  BRK           : 3
  HRD           : 3

SHOP PURCHASE FREQUENCY:
  FIELD MEDKIT      : 72
  WPN: HOLLOW POINT : 70
  WPN: SCOPE        : 49
  COMBAT STIMS      : 35
  WPN: STABILIZER   : 35
  BALLISTIC PLATING : 29
  FRAG CACHE        : 20
  WPN: BIPOD        : 20
  COUNTER-PREP      : 17
  ARMORY            : 13
  WPN: EXTENDED MAG : 12
  ADV. TRAINING     : 11
  WPN: SUPPRESSOR   : 3

BOON PICK FREQUENCY (PROCS = effect fires at instrumented sites; '-' = not instrumented;
                      PYR counts the +2-turn-burn half only — the Burning-immunity half is uninstrumented):
  code                 picks   PROCS
  RPD               :     6       -
  RCL               :     5       2
  SCV               :     5       -
  FDR               :     4       1
  GRN               :     4       -
  PYR               :     4       0
  EXE               :     3       -
  FRT               :     3       -
  FST               :     3      45
  FVR               :     3       -
  SHK               :     3       4
  TRR               :     3      11
  VNM               :     3       -
  GHO               :     2       -
  ADR               :     1       -
  MRK               :     1       -

RUN WIN-RATE BY BOON (campaign runs holding it):
  RPD               :    0% ±0  (in 6 runs)
  RCL               :   20% ±18  (in 5 runs)
  SCV               :   20% ±18  (in 5 runs)
  FDR               :   25% ±22  (in 4 runs)
  GRN               :    0% ±0  (in 4 runs)
  PYR               :   50% ±25  (in 4 runs)
  EXE               :   33% ±27  (in 3 runs)
  FRT               :   67% ±27  (in 3 runs)
  FST               :   67% ±27  (in 3 runs)
  FVR               :   33% ±27  (in 3 runs)
  SHK               :    0% ±0  (in 3 runs)
  TRR               :   67% ±27  (in 3 runs)
  VNM               :   33% ±27  (in 3 runs)
  GHO               :   50% ±35  (in 2 runs)
  ADR               :    0% ±0  (in 1 runs)
  MRK               :    0% ±0  (in 1 runs)

RUN WIN-RATE BY SPEC (campaign runs fielding it):
  SNT               :   33% ±19  (in 6 runs)
  ADN               :   25% ±22  (in 4 runs)
  HHT               :    0% ±0  (in 3 runs)
  JUG               :   67% ±27  (in 3 runs)
  PHN               :   67% ±27  (in 3 runs)
  ANC               :    0% ±0  (in 2 runs)
  PTH               :   50% ±35  (in 2 runs)

RUN WIN-RATE BY PERK (campaign runs holding it):
  LCK               :   21% ±11  (in 14 runs)
  CQB               :   22% ±14  (in 9 runs)
  GRD               :   33% ±16  (in 9 runs)
  GUN               :   22% ±14  (in 9 runs)
  OUT               :   25% ±15  (in 8 runs)
  TNK               :   38% ±17  (in 8 runs)
  VNT               :   25% ±15  (in 8 runs)
  EXC               :   29% ±17  (in 7 runs)
  PLT               :   29% ±17  (in 7 runs)
  RFX               :   29% ±17  (in 7 runs)
  SKR               :   14% ±13  (in 7 runs)
  CLH               :   17% ±15  (in 6 runs)
  FST               :   17% ±15  (in 6 runs)
  MOM               :   20% ±18  (in 5 runs)
  BND               :   25% ±22  (in 4 runs)
  MRK               :   25% ±22  (in 4 runs)
  BRK               :   33% ±27  (in 3 runs)
  HRD               :    0% ±0  (in 3 runs)
  SGE               :   33% ±27  (in 3 runs)

RUN WIN-RATE BY PURCHASE (campaign runs buying it):
  FIELD MEDKIT      :   22% ±10  (in 18 runs)
  BALLISTIC PLATING :   21% ±11  (in 14 runs)
  WPN: HOLLOW POINT :   31% ±13  (in 13 runs)
  WPN: SCOPE        :   23% ±12  (in 13 runs)
  ARMORY            :    0% ±0  (in 12 runs)
  FRAG CACHE        :   33% ±14  (in 12 runs)
  WPN: STABILIZER   :   25% ±13  (in 12 runs)
  COMBAT STIMS      :   27% ±13  (in 11 runs)
  COUNTER-PREP      :   36% ±15  (in 11 runs)
  WPN: BIPOD        :   11% ±10  (in 9 runs)
  ADV. TRAINING     :   25% ±15  (in 8 runs)
  WPN: EXTENDED MAG :   43% ±19  (in 7 runs)
  WPN: SUPPRESSOR   :   33% ±27  (in 3 runs)

RUN WIN-RATE BY EVENT-CHOICE (campaign runs taking id:arm):
  depot:0           :    0% ±0  (in 4 runs)
  relic:0           :   33% ±27  (in 3 runs)
  defector:0        :   50% ±35  (in 2 runs)
  depot:1           :   50% ±35  (in 2 runs)
  profiteer:0       :   50% ±35  (in 2 runs)
  quartermaster:1   :   50% ±35  (in 2 runs)
  warchest:1        :    0% ±0  (in 2 runs)
  profiteer:1       :    0% ±0  (in 1 runs)
═══════════════════════════════════════════════════════════════════════

batch wall-time: 9.9s  (20 matches across 10 campaigns × 2 policy, frame-cap hits: 0)
aggregate JSON -> /home/user/wt/heat-pin/docs/measurements/l5/L5fac-m0a0b0-h6-b90.json
INFO: TEXTURE: [ID 2] Unloaded texture data from VRAM (GPU)
INFO: SHADER: [ID 3] Default shader unloaded successfully
INFO: TEXTURE: [ID 1] Default texture unloaded successfully
INFO: Window closed successfully
