BALANCE: heat PINNED for this batch (field-event AddHeat is a no-op; SIGHTLINE_HEATPIN=0 restores the leak)
INFO: Initializing raylib 6.0
INFO: Platform backend: DESKTOP (GLFW)
INFO: Supported raylib modules:
INFO:     > rcore:..... loaded (mandatory)
INFO:     > rlgl:...... loaded (mandatory)
INFO:     > rshapes:... loaded (optional)
INFO:     > rtextures:. loaded (optional)
INFO:     > rtext:..... loaded (optional)
INFO:     > rmodels:... loaded (optional)
INFO:     > raudio:.... loaded (optional)
INFO: DISPLAY: Trying to enable MSAA x4
INFO: DISPLAY: Device initialized successfully 
INFO:     > Display size: 1280 x 800
INFO:     > Screen size:  1280 x 800
INFO:     > Render size:  1280 x 800
INFO:     > Viewport offsets: 0, 0
INFO: GLAD: OpenGL extensions loaded successfully
INFO: GL: Supported extensions count: 229
INFO: GL: OpenGL device information:
INFO:     > Vendor:   Mesa
INFO:     > Renderer: llvmpipe (LLVM 20.1.2, 256 bits)
INFO:     > Version:  4.5 (Core Profile) Mesa 25.2.8-0ubuntu0.24.04.2
INFO:     > GLSL:     4.50
INFO: GL: VAO extension detected, VAO functions loaded successfully
INFO: GL: NPOT textures extension detected, full NPOT textures supported
INFO: GL: DXT compressed textures supported
INFO: GL: ETC2/EAC compressed textures supported
INFO: PLATFORM: DESKTOP (GLFW - X11): Initialized successfully
INFO: TEXTURE: [ID 1] Texture loaded successfully (1x1 | R8G8B8A8 | 1 mipmaps)
INFO: TEXTURE: [ID 1] Default texture loaded successfully
INFO: SHADER: [ID 1] Vertex shader compiled successfully
INFO: SHADER: [ID 2] Fragment shader compiled successfully
INFO: SHADER: [ID 3] Program shader loaded successfully
INFO: SHADER: [ID 3] Default shader loaded successfully
INFO: RLGL: Render batch vertex buffers loaded successfully in RAM (CPU)
INFO: RLGL: Render batch vertex buffers loaded successfully in VRAM (GPU)
INFO: RLGL: Default OpenGL state initialized successfully
INFO: TEXTURE: [ID 2] Texture loaded successfully (128x128 | GRAY_ALPHA | 1 mipmaps)
INFO: FONT: Default font loaded successfully (224 glyphs)
INFO: SYSTEM: Working Directory: /home/user/wt/heat-pin
INFO: TIMER: Target time per frame: 0.000 milliseconds
FINALE-KIT: Legion
WAVE: +2 (STRIKER,LANCER) [rich]
WAVE: +2 (DRONE,SNIPER) [rich]
WAVE: +2 (SNIPER,HOUND) [rich]
FINALE-KIT: Legion
WAVE: +2 (STRIKER,LANCER) [rich]
WAVE: +2 (DRONE,SNIPER) [rich]
WAVE: +2 (SNIPER,HOUND) [rich]
FINALE-KIT: Syndicate
FINALE-KIT: Syndicate
FINALE-KIT: Syndicate
WAVE: +2 (SAPPER,LANCER) [rich]
WAVE: +2 (GRUNT,SAPPER) [rich]
WAVE: +2 (HUNTER,SPOTTER) [rich]
REINFORCEMENTS: +2 (GRUNT,GRUNT)
REINFORCEMENTS: +2 (SCOUT,GRUNT)
REINFORCEMENTS: +2 (GRUNT,SCOUT)
match 5/20  (W:0 L:5 cap:0)  2.4s
FINALE-KIT: Syndicate
WAVE: +2 (SCREENER,STRIKER) [rich]
WAVE: +2 (SNIPER,HOUND) [rich]
WAVE: +2 (PIKEMAN,SCREENER) [rich]
REINFORCEMENTS: +2 (SCOUT,SCOUT)
FINALE-KIT: Syndicate
WAVE: +2 (DRONE,DRONE) [rich]
WAVE: +2 (SHIELD,GRUNT) [rich]
WAVE: +2 (SHIELD,DRONE) [rich]
FINALE-KIT: Syndicate
WAVE: +2 (DRONE,DRONE) [rich]
WAVE: +2 (SHIELD,GRUNT) [rich]
WAVE: +2 (SHIELD,DRONE) [rich]
FINALE-KIT: Syndicate
FINALE-KIT: Syndicate
match 10/20  (W:0 L:10 cap:0)  3.3s
FINALE-KIT: Syndicate
WAVE: +2 (SCOUT,LANCER) [rich]
WAVE: +2 (STRIKER,BRUISER) [rich]
WAVE: +2 (BRUISER,LANCER) [rich]
FINALE-KIT: Syndicate
WAVE: +2 (HUNTER,LANCER) [rich]
WAVE: +2 (GRUNT,BERSERKER) [rich]
WAVE: +2 (HUNTER,SCOUT) [rich]
WAVE: +3 (BERSERKER,BRUISER,BERSERKER) [rich]
WAVE: +3 (SCOUT,BERSERKER,HUNTER) [rich]
WAVE: +2 (BRUISER,SCOUT) [rich]
REINFORCEMENTS: +2 (GRUNT,SCOUT)
REINFORCEMENTS: +2 (GRUNT,SCOUT)
REINFORCEMENTS: +3 (SCOUT,SCOUT,SCOUT)
FINALE-KIT: Syndicate
FINALE-KIT: Syndicate
FINALE-KIT: Legion
WAVE: +2 (HOUND,GRUNT) [rich]
WAVE: +2 (HUNTER,BRUISER) [rich]
WAVE: +2 (HUNTER,BERSERKER) [rich]
match 15/20  (W:0 L:15 cap:0)  4.7s
FINALE-KIT: Legion
WAVE: +2 (BERSERKER,LANCER) [rich]
WAVE: +2 (STRIKER,SCOUT) [rich]
WAVE: +2 (GRUNT,HUNTER) [rich]
FINALE-KIT: Syndicate
WAVE: +2 (GRUNT,SPOTTER) [rich]
WAVE: +2 (STRIKER,BERSERKER) [rich]
WAVE: +2 (HUNTER,STRIKER) [rich]
FINALE-KIT: Syndicate
WAVE: +2 (MORTAR,MORTAR) [rich]
WAVE: +2 (PIKEMAN,STRIKER) [rich]
WAVE: +2 (HUNTER,STRIKER) [rich]
FINALE-KIT: Legion
FINALE-KIT: Legion
WAVE: +3 (SAPPER,STRIKER,STRIKER) [rich]
WAVE: +3 (LANCER,SNIPER,PIKEMAN) [rich]
match 20/20  (W:3 L:17 cap:0)  6.7s

══════════════════════ SIGHTLINE BALANCE REPORT ══════════════════════
runs=20  missions=66

RUN OUTCOMES (campaign):  win-rate   15%   avg missions cleared 2.9

POLICY GAP (optimal vs human-error; campaign runs only):
  greedy win-rate   10%  (n=10)
  sloppy win-rate   20%  (n=10)
  GAP  -10 pts  (healthy slack)
  PAIRED (same-seed slots): pairs=10  concordant=7  discordant greedy-only-won=1 / sloppy-only-won=2  paired gap  -10 pts
  PER-SLOT RECORDS (greedy | sloppy: outcome + missions cleared; margin = g−s):
    slot 140 @h6: L 2 | L 2   margin +0
    slot 141 @h6: L 2 | L 2   margin +0
    slot 142 @h6: L 3 | L 4   margin -1
    slot 143 @h6: L 3 | L 3   margin +0
    slot 144 @h6: L 0 | L 0   margin +0
    slot 145 @h6: L 2 | L 5   margin -3
    slot 146 @h6: L 1 | L 1   margin +0
    slot 147 @h6: L 2 | W 6   margin -4
    slot 148 @h6: W 6 | L 5   margin +1
    slot 149 @h6: L 2 | W 6   margin -4
  PAIRED MARGIN (missions cleared, all pairs): -1.10 ±0.59 SE  (n=10 pairs)
  by objective (greedy / sloppy / gap):
    Decapitate :   25% /   38% / gap  -13
    Defend     :  100% /  100% / gap    0
    Eliminate  :   82% /   82% / gap    0
    Escort     :    0% /   50% / gap  -50
    Hack       :  100% /  100% / gap    0
    Rescue     :   67% /  100% / gap  -33
    Sabotage   :    0% /  100% / gap -100

DECISION RICHNESS / SWING:
  meaningful-choices/turn 2.20   lead-swings/match 0.8   avg max-swing 60.3
  [shot-gate] acting-soldiers/turn 3.16   armed-soldiers/turn 0.97   armed-fraction 31%   turns-with-a-shot 45%   choices/ARMED-soldier-turn 2.27
  [choice-split] los-targets/ARMED 2.23   target-choices/ARMED 0.29   position-choices/ARMED 1.99

RUN COMPLETION BY HEAT (full-campaign clears):
  heat 6:   15% ±8  (n=20 runs, avg 2.9 missions)
  HEAT LEAK: pinned=yes  heat-raising picks=0  campaigns raised=0  missions off-rung=0/66

INTEL ECONOMY BY HEAT (campaign runs; heat-bonus = the Heat.IntelBonus share of income):
  heat 6: earned  173.6/run   heat-bonus  82.8 (  48% of income)   spent  158.7   unspent   14.9

MISSION WIN-RATE BY HEAT:
  heat 6:   74%  (n=66, avg 5.2 turns)

MISSION WIN-RATE BY OBJECTIVE:
  Eliminate  :   82% ±8  (n=22, avg 3.5 turns)
  Defend     :  100% ±0  (n=14, avg 9.0 turns)
  Decapitate :   33% ±14  (n=12, avg 5.5 turns)
  Rescue     :   88% ±12  (n=8, avg 4.5 turns)
  Hack       :  100% ±0  (n=4, avg 2.8 turns)
  Escort     :   25% ±22  (n=4, avg 3.5 turns)
  Sabotage   :   50% ±35  (n=2, avg 5.0 turns)

MISSION WIN-RATE BY OBJECTIVE x NODE KIND (a capstone must never pool with a mid-run node):
  Eliminate  : Start:  90%(n=20)  Combat:   0%(n=2)
               depth: m1:90%(20) m3:0%(2)
  Defend     : Supply: 100%(n=7)  Elite: 100%(n=4)  Combat: 100%(n=3)
               depth: m2:100%(8) m3:100%(4) m4:100%(1) m5:100%(1)
  Decapitate : Combat:  20%(n=5)  Boss:  60%(n=5)  Elite:   0%(n=2)
               depth: m2:0%(2) m3:0%(2) m4:50%(2) m5:0%(1) m6:60%(5)
  Rescue     : Combat:  88%(n=8)
               depth: m2:100%(2) m3:50%(2) m4:100%(1) m5:100%(3)
  Hack       : Combat: 100%(n=4)
               depth: m2:100%(2) m4:100%(2)
  Escort     : Combat:   0%(n=2)  Supply:  50%(n=2)
               depth: m3:50%(2) m4:0%(2)
  Sabotage   : Combat:  50%(n=2)
               depth: m3:50%(2)

ENCOUNTER COMPLETION on MID-RUN nodes (Combat+Elite) — clear% is the share of the fight actually fought:
  objective     n   win%   turns   force    +rf  killed  clear%   prs  WONclear%
  Rescue         8   88%     4.5    9.13   0.00    2.50    27.4  0.00     28.1 (n=7)
  Decapitate     7   14%     6.1    9.29   0.57    1.14    11.6  0.86     30.0 (n=1)
  Defend         7  100%     9.0    4.86   6.29    3.71    33.3  0.00     33.3 (n=7)
  Hack           4  100%     2.8    8.00   0.00    1.25    15.6  0.00     15.6 (n=4)
  Eliminate      2    0%     9.5    9.00   0.00    1.50    16.7  2.50      0.0 (n=0)
  Escort         2    0%     3.0   10.00   0.00    1.00    10.0  0.00      0.0 (n=0)
  Sabotage       2   50%     5.0    7.00   0.00    2.50    35.7  0.00     28.6 (n=1)
  ---- the two classes ----
  KILL           9   11%     6.9    9.22   0.44    1.22    12.6  1.22     30.0 (n=1)
  NON-KILL      23   83%     5.5    7.52   1.91    2.52    26.7  0.00     28.2 (n=19)

DECAPITATE HVT (buff = +6+1*mission HP, +6 aim; ELITE exempt):
  EXEMPT  :   38% ±17  (n=8, avg 5.1 turns, HVT 22.8 max HP)  [m3:0%(2) m5:0%(1) m6:60%(5)]
  BUFFED  :   25% ±22  (n=4, avg 6.3 turns, HVT 25.0 max HP)  [m2:0%(2) m4:50%(2)]

MISSION WIN-RATE BY MISSION #:
  m1:   90% ±7  (n=20)
  m2:   86% ±9  (n=14)
  m3:   50% ±13  (n=14)
  m4:   63% ±17  (n=8)
  m5:   80% ±18  (n=5)
  m6:   60% ±22  (n=5)

LOSS CAUSES (missions):
  RUN OVER              : 13
  VIP LOST              : 3
  CAPTIVE LOST          : 1

MISSION WIN-RATE BY ARENA (authored layouts, n>=3; procedural fallback   24% of 66 missions):
  arena  5:   75% ±22  (n=4, avg 4.5 turns)  [m1:100%(2) m2:50%(2)]
  arena 12:   50% ±25  (n=4, avg 6.0 turns)  [m2:100%(2) m4:0%(2)]
  arena 13:   67% ±27  (n=3, avg 3.7 turns)  [m3:50%(2) m6:100%(1)]
  arena 14:   67% ±27  (n=3, avg 2.3 turns)  [m3:50%(2) m6:100%(1)]
  arena 15:   67% ±27  (n=3, avg 5.7 turns)  [m1:100%(2) m3:0%(1)]
  arena 28:   25% ±22  (n=4, avg 6.3 turns)  [m1:0%(2) m4:50%(2)]
  arena 31:  100% ±0  (n=5, avg 3.6 turns)  [m1:100%(2) m2:100%(2) m5:100%(1)]
  arena 32:   86% ±13  (n=7, avg 5.9 turns)  [m1:100%(2) m2:100%(1) m3:75%(4)]
  procedural:   75% ±11  (n=16, avg 5.7 turns)  [m1:100%(4) m2:83%(6) m3:0%(1) m4:100%(2) m5:50%(2) m6:0%(1)]

DEPLOYMENT GEOMETRY (opening shape; choices/ARMED is the wave's real gate):
  FRONTAL   :   68% ±10  (n=22, avg 5.5 turns)  choices/turn 2.23  choices/ARMED 2.14  los-targets/ARMED 2.38
  PINCER    :   78% ±9  (n=23, avg 5.7 turns)  choices/turn 2.14  choices/ARMED 2.35  los-targets/ARMED 2.20
  CROSSFIRE :   83% ±15  (n=6, avg 5.7 turns)  choices/turn 1.68  choices/ARMED 2.60  los-targets/ARMED 2.25
  ENVELOP   :   73% ±11  (n=15, avg 3.6 turns)  choices/turn 2.60  choices/ARMED 2.28  los-targets/ARMED 1.96

ARENA FUNNEL (Mission.Build exits, n=75 builds, all modes):
  authored-applied    :  78.7%  (n=59)
  connectivity-reject :   0.0%  (n=0)
  procedural-roll     :  21.3%  (n=16)

DECK EXPOSURE (campaign runs n=20):
  distinct authored arenas/run : 2.50 mean (all runs)
  ... full-depth runs only     : 4.00 mean over 5.3 fights/run (n=3)
  Defend dealt on the route    :   65% of runs (n=13)

ENEMY DECISION MIX (contested acts=1084; all-downed acts not counted=334):
  shoot           587    54%
  hunker          270    25%
  move            122    11%
  grenade          38     4%
  reload           23     2%
  heal             13     1%
  item             12     1%
  siege             6     1%
  overwatch         5     0%
  brace             3     0%
  sap               3     0%
  shove             1     0%
  staleplan         1     0%

  the shot on the table (acts where the chosen tile HAD a shot = 675):
    hit% band     taken   share   E[dmg]/shot   declined   share   E[dmg]/shot
      0-19           3      1%          0.41          0      0%          0.00
     20-39          13      2%          0.97          2     50%          1.56
     40-59          78     13%          1.62          2     50%          1.81
     60-79         224     38%          2.58          0      0%          0.00
      80+          269     46%          3.54          0      0%          0.00
    TOTAL           587                              4
  taken   87% / DECLINED    1% / preempted by another verb   12%
  enemy lanes held (overwatch+brace) 8; reaction shots fired 1  ->   13% of lanes paid off   [C2: DeclineWatchRatio is a bet on this number]

ACTION MIX (verbs issued, by policy):
  verb                  greedy        sloppy
  MOVE               278   33%     402   35%
  SHOOT              241   28%     278   24%
  OVERWATCH           52    6%      90    8%
  BRACE               64    7%      76    7%
  FOCUS               36    4%      65    6%
  RELOAD              29    3%      46    4%
  SLIPSTREAM          31    4%      34    3%
  INTEL               26    3%      34    3%
  HUNKER              19    2%      33    3%
  STABILIZE           22    3%      28    2%
  ITEM:SMOKE          16    2%      14    1%
  MARK                11    1%      14    1%
  PIN                  6    1%      13    1%
  DRAG                 6    1%       7    1%
  HACK                 4    0%       5    0%
  GRENADE              4    0%       3    0%
  PATCH                2    0%       5    0%
  PLANT                4    0%       3    0%
  GRAPPLE              0    0%       5    0%
  REARM                1    0%       3    0%
  BEACON               2    0%       2    0%
  BARREL               1    0%       0    0%
  ITEM:FLASH           0    0%       1    0%
  ITEM:BARRICADE       0    0%       1    0%

PLAYER CLASS PERFORMANCE:
  class        shots   hit%   dmg   kills
  SHARPSHOOTER    145    97%    996     65
  GUNNER         155    86%    698     35
  RANGER         113    90%    649     52
  ASSAULT        154    84%    617     33
  CORPSMAN        31    74%     78      2

SOLDIER DEATHS BY ENEMY CLASS (threat ranking):
  GRUNT      : 18
  BERSERKER  : 12
  ELITE      : 10
  HOUND      : 7
  DRONE      : 7
  LANCER     : 4
  BURN       : 4
  SCREENER   : 3
  SAPPER     : 3
  BRUISER    : 2
  MORTAR     : 2
  CUSTODIAN  : 2
  TURRET     : 2
  STRIKE     : 2
  WARBRINGER : 1
  SNIPER     : 1
  SCOUT      : 1
  SHIELD     : 1
  HUNTER     : 1

SOLDIER DOWNS (FUL-7 bleed-out): 173 downs -> revived 3 / recovered 36 / bled out 106 / finished 14  (save-rate   31%)
  corpsman fielded in 17 missions

ENEMY COMPOSITION (spawns; faction-stamped fights n=443 / default-cascade fights n=176):
  class        faction         default
  GRUNT           49   11%       28   16%
  SCOUT           18    4%       56   32%
  BERSERKER       56   13%        5    3%
  BRUISER         40    9%        5    3%
  STRIKER         34    8%       11    6%
  DRONE           35    8%        5    3%
  HUNTER          23    5%        9    5%
  ELITE           24    5%        7    4%
  SHIELD          26    6%        2    1%
  SAPPER          23    5%        5    3%
  TURRET          21    5%        3    2%
  HOUND           17    4%        6    3%
  LANCER          17    4%        6    3%
  SNIPER           6    1%       11    6%
  SCREENER        14    3%        2    1%
  CUSTODIAN       15    3%        0    0%
  SPOTTER          6    1%        7    4%
  MORTAR           7    2%        2    1%
  MEDIC            5    1%        2    1%
  PIKEMAN          2    0%        3    2%
  WARBRINGER       4    1%        0    0%
  BOMBARD          1    0%        1    1%

PERK PICK FREQUENCY:
  GUN           : 14
  MOM           : 12
  CQB           : 11
  RFX           : 11
  EXC           : 10
  LCK           : 9
  SKR           : 9
  PLT           : 7
  OUT           : 7
  GRD           : 6
  MRK           : 6
  BND           : 5
  CLH           : 5
  BRK           : 5
  TNK           : 5
  HRD           : 5
  FST           : 4
  VNT           : 4
  SGE           : 3

SHOP PURCHASE FREQUENCY:
  FIELD MEDKIT      : 54
  WPN: SCOPE        : 47
  WPN: HOLLOW POINT : 46
  WPN: EXTENDED MAG : 25
  WPN: STABILIZER   : 23
  ADV. TRAINING     : 22
  WPN: BIPOD        : 17
  FRAG CACHE        : 13
  COMBAT STIMS      : 13
  COUNTER-PREP      : 12
  WPN: SUPPRESSOR   : 7
  ARMORY            : 4
  BALLISTIC PLATING : 4

BOON PICK FREQUENCY (PROCS = effect fires at instrumented sites; '-' = not instrumented;
                      PYR counts the +2-turn-burn half only — the Burning-immunity half is uninstrumented):
  code                 picks   PROCS
  FST               :     6      75
  FVR               :     6       -
  ADR               :     5       -
  EXE               :     5       -
  SHK               :     4       8
  VNM               :     4       -
  PYR               :     3       0
  FRT               :     2       -
  MRK               :     2       -
  RCL               :     2       0
  TRR               :     2      12
  FDR               :     1       0
  GHO               :     1       -
  GRN               :     1       -
  RPD               :     1       -
  SCV               :     1       -

RUN WIN-RATE BY BOON (campaign runs holding it):
  FST               :   17% ±15  (in 6 runs)
  FVR               :   33% ±19  (in 6 runs)
  ADR               :   40% ±22  (in 5 runs)
  EXE               :   60% ±22  (in 5 runs)
  SHK               :    0% ±0  (in 4 runs)
  VNM               :   25% ±22  (in 4 runs)
  PYR               :    0% ±0  (in 3 runs)
  FRT               :   50% ±35  (in 2 runs)
  MRK               :   50% ±35  (in 2 runs)
  RCL               :    0% ±0  (in 2 runs)
  TRR               :   50% ±35  (in 2 runs)
  FDR               :    0% ±0  (in 1 runs)
  GHO               :    0% ±0  (in 1 runs)
  GRN               :    0% ±0  (in 1 runs)
  RPD               :  100% ±0  (in 1 runs)
  SCV               :    0% ±0  (in 1 runs)

RUN WIN-RATE BY SPEC (campaign runs fielding it):
  HHT               :   43% ±19  (in 7 runs)
  PHN               :   25% ±22  (in 4 runs)
  SNT               :    0% ±0  (in 4 runs)
  ADN               :   33% ±27  (in 3 runs)
  JUG               :    0% ±0  (in 3 runs)
  ANC               :    0% ±0  (in 1 runs)
  BRC               :    0% ±0  (in 1 runs)

RUN WIN-RATE BY PERK (campaign runs holding it):
  GUN               :    0% ±0  (in 10 runs)
  MOM               :   11% ±10  (in 9 runs)
  EXC               :   13% ±12  (in 8 runs)
  SKR               :   25% ±15  (in 8 runs)
  CQB               :   29% ±17  (in 7 runs)
  LCK               :   29% ±17  (in 7 runs)
  GRD               :   17% ±15  (in 6 runs)
  OUT               :   33% ±19  (in 6 runs)
  RFX               :    0% ±0  (in 6 runs)
  BND               :   20% ±18  (in 5 runs)
  CLH               :   20% ±18  (in 5 runs)
  TNK               :    0% ±0  (in 5 runs)
  BRK               :   75% ±22  (in 4 runs)
  FST               :   25% ±22  (in 4 runs)
  HRD               :    0% ±0  (in 4 runs)
  MRK               :   25% ±22  (in 4 runs)
  PLT               :   50% ±25  (in 4 runs)
  VNT               :   50% ±25  (in 4 runs)
  SGE               :    0% ±0  (in 3 runs)

RUN WIN-RATE BY PURCHASE (campaign runs buying it):
  FIELD MEDKIT      :   20% ±10  (in 15 runs)
  ADV. TRAINING     :   17% ±11  (in 12 runs)
  WPN: HOLLOW POINT :   17% ±11  (in 12 runs)
  WPN: EXTENDED MAG :   27% ±13  (in 11 runs)
  COUNTER-PREP      :   33% ±16  (in 9 runs)
  WPN: SCOPE        :   38% ±17  (in 8 runs)
  WPN: STABILIZER   :   25% ±15  (in 8 runs)
  FRAG CACHE        :   43% ±19  (in 7 runs)
  WPN: BIPOD        :   14% ±13  (in 7 runs)
  WPN: SUPPRESSOR   :   50% ±20  (in 6 runs)
  ARMORY            :   25% ±22  (in 4 runs)
  BALLISTIC PLATING :   50% ±25  (in 4 runs)
  COMBAT STIMS      :   50% ±25  (in 4 runs)

RUN WIN-RATE BY EVENT-CHOICE (campaign runs taking id:arm):
  blackmarket:2     :    0% ±0  (in 2 runs)
  distress:1        :    0% ±0  (in 2 runs)
  profiteer:0       :   50% ±35  (in 2 runs)
  grave:1           :  100% ±0  (in 1 runs)
  warchest:2        :    0% ±0  (in 1 runs)
═══════════════════════════════════════════════════════════════════════

batch wall-time: 6.7s  (20 matches across 10 campaigns × 2 policy, frame-cap hits: 0)
aggregate JSON -> /home/user/wt/heat-pin/docs/measurements/l5/L5fac-m0a1b1-h6-b140.json
INFO: TEXTURE: [ID 2] Unloaded texture data from VRAM (GPU)
INFO: SHADER: [ID 3] Default shader unloaded successfully
INFO: TEXTURE: [ID 1] Default texture unloaded successfully
INFO: Window closed successfully
