BALANCE: heat PINNED for this batch (field-event AddHeat is a no-op; SIGHTLINE_HEATPIN=0 restores the leak)
INFO: Initializing raylib 6.0
INFO: Platform backend: DESKTOP (GLFW)
INFO: Supported raylib modules:
INFO:     > rcore:..... loaded (mandatory)
INFO:     > rlgl:...... loaded (mandatory)
INFO:     > rshapes:... loaded (optional)
INFO:     > rtextures:. loaded (optional)
INFO:     > rtext:..... loaded (optional)
INFO:     > rmodels:... loaded (optional)
INFO:     > raudio:.... loaded (optional)
INFO: DISPLAY: Trying to enable MSAA x4
INFO: DISPLAY: Device initialized successfully 
INFO:     > Display size: 1280 x 800
INFO:     > Screen size:  1280 x 800
INFO:     > Render size:  1280 x 800
INFO:     > Viewport offsets: 0, 0
INFO: GLAD: OpenGL extensions loaded successfully
INFO: GL: Supported extensions count: 229
INFO: GL: OpenGL device information:
INFO:     > Vendor:   Mesa
INFO:     > Renderer: llvmpipe (LLVM 20.1.2, 256 bits)
INFO:     > Version:  4.5 (Core Profile) Mesa 25.2.8-0ubuntu0.24.04.2
INFO:     > GLSL:     4.50
INFO: GL: VAO extension detected, VAO functions loaded successfully
INFO: GL: NPOT textures extension detected, full NPOT textures supported
INFO: GL: DXT compressed textures supported
INFO: GL: ETC2/EAC compressed textures supported
INFO: PLATFORM: DESKTOP (GLFW - X11): Initialized successfully
INFO: TEXTURE: [ID 1] Texture loaded successfully (1x1 | R8G8B8A8 | 1 mipmaps)
INFO: TEXTURE: [ID 1] Default texture loaded successfully
INFO: SHADER: [ID 1] Vertex shader compiled successfully
INFO: SHADER: [ID 2] Fragment shader compiled successfully
INFO: SHADER: [ID 3] Program shader loaded successfully
INFO: SHADER: [ID 3] Default shader loaded successfully
INFO: RLGL: Render batch vertex buffers loaded successfully in RAM (CPU)
INFO: RLGL: Render batch vertex buffers loaded successfully in VRAM (GPU)
INFO: RLGL: Default OpenGL state initialized successfully
INFO: TEXTURE: [ID 2] Texture loaded successfully (128x128 | GRAY_ALPHA | 1 mipmaps)
INFO: FONT: Default font loaded successfully (224 glyphs)
INFO: SYSTEM: Working Directory: /home/user/wt/heat-pin
INFO: TIMER: Target time per frame: 0.000 milliseconds
FINALE-KIT: Wardens
WAVE: +3 (SCOUT,CUSTODIAN,MORTAR) [rich]
FINALE-KIT: Wardens
FINALE-KIT: Legion
WAVE: +2 (SCOUT,GRUNT) [rich]
WAVE: +2 (SCOUT,MORTAR) [rich]
WAVE: +2 (SNIPER,GRUNT) [rich]
WAVE: +3 (SNIPER,DRONE,SPOTTER) [rich]
WAVE: +3 (SHIELD,SNIPER,STRIKER) [rich]
WAVE: +2 (BRUISER,SHIELD) [rich]
FINALE-KIT: Legion
WAVE: +2 (MORTAR,SNIPER) [rich]
WAVE: +2 (SCOUT,SNIPER) [rich]
WAVE: +2 (MORTAR,SCOUT) [rich]
WAVE: +3 (DRONE,LANCER,HOUND) [rich]
WAVE: +3 (GRUNT,STRIKER,MEDIC) [rich]
WAVE: +3 (MEDIC,BRUISER,SHIELD) [rich]
FINALE-KIT: Legion
WAVE: +2 (DRONE,DRONE) [rich]
WAVE: +2 (SPOTTER,DRONE) [rich]
WAVE: +2 (GRUNT,DRONE) [rich]
match 5/20  (W:1 L:4 cap:0)  5.3s
FINALE-KIT: Legion
WAVE: +2 (SHIELD,DRONE) [rich]
WAVE: +2 (SAPPER,DRONE) [rich]
WAVE: +2 (SAPPER,SAPPER) [rich]
FINALE-KIT: Wardens
FINALE-KIT: Wardens
FINALE-KIT: Legion
WAVE: +2 (SPOTTER,SPOTTER) [rich]
WAVE: +2 (SAPPER,SAPPER) [rich]
WAVE: +2 (SPOTTER,SHIELD) [rich]
FINALE-KIT: Legion
WAVE: +2 (SAPPER,DRONE) [rich]
WAVE: +2 (DRONE,SCREENER) [rich]
WAVE: +2 (SHIELD,SHIELD) [rich]
REINFORCEMENTS: +2 (GRUNT,SCOUT)
REINFORCEMENTS: +2 (SCOUT,SCOUT)
REINFORCEMENTS: +3 (SCOUT,SCOUT,SCOUT)
match 10/20  (W:4 L:6 cap:0)  7.4s
FINALE-KIT: Legion
REINFORCEMENTS: +2 (GRUNT,GRUNT)
REINFORCEMENTS: +2 (GRUNT,GRUNT)
REINFORCEMENTS: +3 (SCOUT,GRUNT,SCOUT)
REINFORCEMENTS: +2 (SCOUT,GRUNT)
FINALE-KIT: Legion
REINFORCEMENTS: +2 (GRUNT,GRUNT)
REINFORCEMENTS: +2 (SCOUT,SCOUT)
FINALE-KIT: Legion
WAVE: +3 (SAPPER,DRONE,DRONE) [rich]
WAVE: +3 (DRONE,SAPPER,SPOTTER) [rich]
WAVE: +3 (SAPPER,DRONE,SPOTTER) [rich]
FINALE-KIT: Legion
FINALE-KIT: Wardens
WAVE: +2 (SHIELD,SHIELD) [rich]
WAVE: +2 (SHIELD,SAPPER) [rich]
WAVE: +2 (SPOTTER,SAPPER) [rich]
match 15/20  (W:4 L:11 cap:0)  9.0s
FINALE-KIT: Wardens
WAVE: +2 (SPOTTER,SHIELD) [rich]
WAVE: +2 (DRONE,SAPPER) [rich]
WAVE: +2 (SHIELD,DRONE) [rich]
FINALE-KIT: Legion
WAVE: +3 (SCREENER,DRONE,SAPPER) [rich]
WAVE: +3 (SHIELD,DRONE,SPOTTER) [rich]
WAVE: +1 (SPOTTER) [rich]
FINALE-KIT: Legion
WAVE: +3 (DRONE,SPOTTER,SAPPER) [rich]
WAVE: +3 (GRUNT,DRONE,SPOTTER) [rich]
WAVE: +3 (DRONE,GRUNT,SHIELD) [rich]
WAVE: +2 (SHIELD,SCREENER) [rich]
WAVE: +2 (SHIELD,DRONE) [rich]
FINALE-KIT: Legion
REINFORCEMENTS: +2 (GRUNT,GRUNT)
REINFORCEMENTS: +2 (GRUNT,SCOUT)
REINFORCEMENTS: +1 (GRUNT)
FINALE-KIT: Legion
match 20/20  (W:4 L:16 cap:0)  10.5s

══════════════════════ SIGHTLINE BALANCE REPORT ══════════════════════
runs=20  missions=79

RUN OUTCOMES (campaign):  win-rate   20%   avg missions cleared 4.3

POLICY GAP (optimal vs human-error; campaign runs only):
  greedy win-rate   20%  (n=10)
  sloppy win-rate   20%  (n=10)
  GAP    0 pts  (healthy slack)
  PAIRED (same-seed slots): pairs=10  concordant=8  discordant greedy-only-won=1 / sloppy-only-won=1  paired gap    0 pts
  PER-SLOT RECORDS (greedy | sloppy: outcome + missions cleared; margin = g−s):
    slot 130 @h6: L 4 | L 2   margin +2
    slot 131 @h6: L 4 | W 6   margin -2
    slot 132 @h6: L 5 | L 5   margin +0
    slot 133 @h6: W 6 | W 6   margin +0
    slot 134 @h6: W 6 | L 5   margin +1
    slot 135 @h6: L 5 | L 5   margin +0
    slot 136 @h6: L 4 | L 1   margin +3
    slot 137 @h6: L 5 | L 5   margin +0
    slot 138 @h6: L 4 | L 4   margin +0
    slot 139 @h6: L 2 | L 2   margin +0
  PAIRED MARGIN (missions cleared, all pairs): +0.40 ±0.43 SE  (n=10 pairs)
  by objective (greedy / sloppy / gap):
    Decapitate :   50% /   29% / gap   21
    Defend     :   75% /  100% / gap  -25
    Eliminate  :   92% /   85% / gap    8
    Evac       :   80% /  100% / gap  -20
    Hack       :   67% /   67% / gap    0
    Rescue     :  100% /  100% / gap    0
    Sabotage   :  100% /  100% / gap    0

DECISION RICHNESS / SWING:
  meaningful-choices/turn 2.59   lead-swings/match 1.0   avg max-swing 69.5
  [shot-gate] acting-soldiers/turn 2.88   armed-soldiers/turn 1.10   armed-fraction 38%   turns-with-a-shot 52%   choices/ARMED-soldier-turn 2.36
  [choice-split] los-targets/ARMED 2.58   target-choices/ARMED 0.34   position-choices/ARMED 2.02

RUN COMPLETION BY HEAT (full-campaign clears):
  heat 6:   20% ±9  (n=20 runs, avg 4.3 missions)
  HEAT LEAK: pinned=yes  heat-raising picks=2  campaigns raised=0  missions off-rung=0/79
  STALEMATES: mission-cap 1  run-cap 0   [slot 138 g m5 Eliminate mis rt=67]

INTEL ECONOMY BY HEAT (campaign runs; heat-bonus = the Heat.IntelBonus share of income):
  heat 6: earned  235.5/run   heat-bonus 106.2 (  45% of income)   spent  217.8   unspent   17.7

MISSION WIN-RATE BY HEAT:
  heat 6:   80%  (n=79, avg 6.3 turns)

MISSION WIN-RATE BY OBJECTIVE:
  Eliminate  :   88% ±6  (n=26, avg 6.3 turns)
  Defend     :   86% ±9  (n=14, avg 8.6 turns)
  Decapitate :   38% ±13  (n=13, avg 5.6 turns)
  Rescue     :  100% ±0  (n=9, avg 5.9 turns)
  Evac       :   89% ±10  (n=9, avg 5.2 turns)
  Hack       :   67% ±19  (n=6, avg 4.2 turns)
  Sabotage   :  100% ±0  (n=2, avg 5.5 turns)

MISSION WIN-RATE BY OBJECTIVE x NODE KIND (a capstone must never pool with a mid-run node):
  Eliminate  : Start: 100%(n=20)  Combat:  50%(n=6)
               depth: m1:100%(20) m3:50%(2) m4:100%(2) m5:0%(2)
  Defend     : Combat:  89%(n=9)  Elite:  67%(n=3)  Supply: 100%(n=2)
               depth: m2:100%(4) m3:100%(4) m4:100%(4) m5:0%(2)
  Decapitate : Boss:  36%(n=11)  Supply:  50%(n=2)
               depth: m2:50%(2) m6:36%(11)
  Rescue     : Supply: 100%(n=7)  Combat: 100%(n=2)
               depth: m2:100%(6) m4:100%(3)
  Evac       : Supply: 100%(n=6)  Combat:  67%(n=3)
               depth: m3:100%(4) m4:100%(3) m5:50%(2)
  Hack       : Combat: 100%(n=2)  Supply: 100%(n=2)  Elite:   0%(n=2)
               depth: m3:0%(2) m4:100%(2) m5:100%(2)
  Sabotage   : Combat: 100%(n=2)
               depth: m5:100%(2)

ENCOUNTER COMPLETION on MID-RUN nodes (Combat+Elite) — clear% is the share of the fight actually fought:
  objective     n   win%   turns   force    +rf  killed  clear%   prs  WONclear%
  Defend        12   83%     8.5    6.50   5.92    3.25    26.2  0.00     26.2 (n=10)
  Eliminate      6   50%    17.0   10.00   0.00    7.83    78.3  2.83    100.0 (n=3)
  Hack           4   50%     4.8   10.50   0.00    1.00     9.5  0.25     15.0 (n=2)
  Evac           3   67%     7.7   10.67   0.00    0.67     6.3  0.00      9.5 (n=2)
  Rescue         2  100%     4.5   10.00   0.00    5.00    50.0  0.00     50.0 (n=2)
  Sabotage       2  100%     5.5    9.00   0.00    3.50    38.9  0.00     38.9 (n=2)
  ---- the two classes ----
  KILL           6   50%    17.0   10.00   0.00    7.83    78.3  2.83    100.0 (n=3)
  NON-KILL      23   78%     7.1    8.26   3.09    2.70    23.8  0.04     26.9 (n=18)

DECAPITATE HVT (buff = +6+1*mission HP, +6 aim; ELITE exempt):
  EXEMPT  :   36% ±15  (n=11, avg 5.9 turns, HVT 23.0 max HP)  [m6:36%(11)]
  BUFFED  :   50% ±35  (n=2, avg 4.0 turns, HVT 16.5 max HP)  [m2:50%(2)]

MISSION WIN-RATE BY MISSION #:
  m1:  100% ±0  (n=20)
  m2:   92% ±8  (n=12)
  m3:   75% ±13  (n=12)
  m4:  100% ±0  (n=14)
  m5:   50% ±16  (n=10)
  m6:   36% ±15  (n=11)

LOSS CAUSES (missions):
  RUN OVER              : 15
  STALEMATE-MISSION     : 1

MISSION WIN-RATE BY ARENA (authored layouts, n>=3; procedural fallback   23% of 79 missions):
  arena  3:  100% ±0  (n=4, avg 2.5 turns)  [m1:100%(2) m2:100%(2)]
  arena  5:  100% ±0  (n=3, avg 3.3 turns)  [m1:100%(2) m5:100%(1)]
  arena  6:  100% ±0  (n=3, avg 2.3 turns)  [m1:100%(2) m6:100%(1)]
  arena 10:   50% ±25  (n=4, avg 5.3 turns)  [m3:0%(2) m5:100%(2)]
  arena 20:  100% ±0  (n=3, avg 7.3 turns)  [m2:100%(3)]
  arena 26:  100% ±0  (n=4, avg 3.3 turns)  [m1:100%(2) m4:100%(2)]
  arena 30:  100% ±0  (n=3, avg 9.0 turns)  [m3:100%(1) m4:100%(2)]
  arena 31:   50% ±25  (n=4, avg 4.8 turns)  [m6:50%(4)]
  arena 33:   50% ±20  (n=6, avg 4.7 turns)  [m1:100%(2) m2:50%(2) m6:0%(2)]
  arena 34:  100% ±0  (n=3, avg 12.7 turns)  [m4:100%(3)]
  procedural:   78% ±10  (n=18, avg 8.4 turns)  [m1:100%(6) m2:100%(2) m3:100%(1) m4:100%(4) m5:0%(3) m6:50%(2)]

DEPLOYMENT GEOMETRY (opening shape; choices/ARMED is the wave's real gate):
  FRONTAL   :   83%  (n=30, avg 6.3 turns)  choices/turn 2.64  choices/ARMED 2.52  los-targets/ARMED 2.66
  PINCER    :   77%  (n=31, avg 7.3 turns)  choices/turn 2.17  choices/ARMED 2.27  los-targets/ARMED 2.45
  CROSSFIRE :   88% ±12  (n=8, avg 4.8 turns)  choices/turn 2.27  choices/ARMED 1.87  los-targets/ARMED 3.44
  ENVELOP   :   70% ±14  (n=10, avg 4.2 turns)  choices/turn 4.92  choices/ARMED 2.49  los-targets/ARMED 2.23

ARENA FUNNEL (Mission.Build exits, n=95 builds, all modes):
  authored-applied    :  73.7%  (n=70)
  connectivity-reject :   0.0%  (n=0)
  procedural-roll     :  26.3%  (n=25)

DECK EXPOSURE (campaign runs n=20):
  distinct authored arenas/run : 3.05 mean (all runs)
  ... full-depth runs only     : 3.75 mean over 4.5 fights/run (n=4)
  Defend dealt on the route    :   60% of runs (n=12)

ENEMY DECISION MIX (contested acts=1721; all-downed acts not counted=592):
  shoot           910    53%
  hunker          519    30%
  move            101     6%
  heal             51     3%
  grenade          42     2%
  brace            29     2%
  siege            28     2%
  reload           25     1%
  item              6     0%
  staleplan         5     0%
  overwatch         4     0%
  shove             1     0%

  the shot on the table (acts where the chosen tile HAD a shot = 981):
    hit% band     taken   share   E[dmg]/shot   declined   share   E[dmg]/shot
      0-19           1      0%          0.50          0      0%          0.00
     20-39           6      1%          1.39          5     71%          1.27
     40-59          99     11%          1.83          2     29%          1.73
     60-79         386     42%          2.32          0      0%          0.00
      80+          418     46%          3.31          0      0%          0.00
    TOTAL           910                              7
  taken   93% / DECLINED    1% / preempted by another verb    7%
  enemy lanes held (overwatch+brace) 33; reaction shots fired 13  ->   39% of lanes paid off   [C2: DeclineWatchRatio is a bet on this number]

ACTION MIX (verbs issued, by policy):
  verb                  greedy        sloppy
  MOVE               584   40%     485   38%
  SHOOT              365   25%     352   27%
  OVERWATCH           73    5%      79    6%
  BRACE               77    5%      46    4%
  FOCUS               61    4%      57    4%
  STABILIZE           41    3%      43    3%
  RELOAD              41    3%      41    3%
  SLIPSTREAM          30    2%      40    3%
  INTEL               36    2%      32    2%
  HUNKER              46    3%      20    2%
  MARK                18    1%      20    2%
  ITEM:SMOKE          17    1%      15    1%
  PIN                 20    1%       5    0%
  BEACON              10    1%       7    1%
  DRAG                 7    0%       6    0%
  REARM                6    0%       6    0%
  HACK                 7    0%       5    0%
  PATCH                3    0%       7    1%
  GRAPPLE              5    0%       3    0%
  GRENADE              4    0%       4    0%
  BARREL               2    0%       4    0%
  PLANT                3    0%       3    0%
  ITEM:INCENDIARY       1    0%       0    0%
  EXTRACT              0    0%       1    0%

PLAYER CLASS PERFORMANCE:
  class        shots   hit%   dmg   kills
  SHARPSHOOTER    205    92%   1416     76
  ASSAULT        197    82%    798     51
  RANGER         121    90%    773     52
  GUNNER         148    78%    658     40
  CORPSMAN        57    88%    208      9

SOLDIER DEATHS BY ENEMY CLASS (threat ranking):
  GRUNT      : 16
  LANCER     : 13
  BRUISER    : 12
  STRIKE     : 11
  PIKEMAN    : 9
  ELITE      : 7
  SNIPER     : 7
  WARBRINGER : 6
  SPOTTER    : 5
  BURN       : 5
  MORTAR     : 4
  HUNTER     : 4
  BERSERKER  : 4
  SAPPER     : 4
  HOUND      : 3
  SCREENER   : 3
  DRONE      : 3
  SHIELD     : 3
  MEDIC      : 2
  CUSTODIAN  : 1
  SCOUT      : 1

SOLDIER DOWNS (FUL-7 bleed-out): 266 downs -> revived 5 / recovered 68 / bled out 159 / finished 33  (save-rate   28%)
  corpsman fielded in 33 missions

ENEMY COMPOSITION (spawns; faction-stamped fights n=586 / default-cascade fights n=249):
  class        faction         default
  SCOUT           30    5%       65   26%
  GRUNT           60   10%       25   10%
  DRONE           45    8%       17    7%
  MEDIC           41    7%       10    4%
  LANCER          34    6%       13    5%
  ELITE           39    7%        7    3%
  SNIPER          30    5%       15    6%
  MORTAR          33    6%       10    4%
  HUNTER          29    5%       12    5%
  BRUISER         33    6%        6    2%
  SHIELD          28    5%        8    3%
  SCREENER        28    5%        6    2%
  SAPPER          30    5%        2    1%
  PIKEMAN         27    5%        3    1%
  SPOTTER         18    3%       11    4%
  HOUND            9    2%       17    7%
  BERSERKER       19    3%        5    2%
  CUSTODIAN       15    3%        3    1%
  STRIKER          8    1%       10    4%
  TURRET          12    2%        4    2%
  WARBRINGER      11    2%        0    0%
  BOMBARD          7    1%        0    0%

PERK PICK FREQUENCY:
  MOM           : 21
  FST           : 13
  GUN           : 12
  GRD           : 11
  HRD           : 11
  TNK           : 11
  LCK           : 10
  RFX           : 9
  PLT           : 9
  MRK           : 9
  CQB           : 9
  CLH           : 8
  OUT           : 8
  VNT           : 7
  SGE           : 7
  BND           : 7
  SKR           : 7
  BRK           : 4
  EXC           : 2

SHOP PURCHASE FREQUENCY:
  FIELD MEDKIT      : 84
  WPN: HOLLOW POINT : 66
  WPN: SCOPE        : 42
  WPN: STABILIZER   : 39
  COMBAT STIMS      : 31
  WPN: EXTENDED MAG : 27
  WPN: BIPOD        : 23
  WPN: SUPPRESSOR   : 22
  FRAG CACHE        : 20
  ADV. TRAINING     : 19
  COUNTER-PREP      : 18
  BALLISTIC PLATING : 12
  ARMORY            : 12

BOON PICK FREQUENCY (PROCS = effect fires at instrumented sites; '-' = not instrumented;
                      PYR counts the +2-turn-burn half only — the Burning-immunity half is uninstrumented):
  code                 picks   PROCS
  GHO               :     6       -
  VNM               :     6       -
  MRK               :     5       -
  RPD               :     5       -
  EXE               :     4       -
  FRT               :     4       -
  SHK               :     4       8
  TRR               :     4      15
  ADR               :     3       -
  FST               :     3      37
  FVR               :     3       -
  GRN               :     3       -
  PYR               :     3       0
  RCL               :     3       2
  SCV               :     2       -
  FDR               :     1       0

RUN WIN-RATE BY BOON (campaign runs holding it):
  GHO               :   17% ±15  (in 6 runs)
  VNM               :   17% ±15  (in 6 runs)
  MRK               :   20% ±18  (in 5 runs)
  RPD               :   20% ±18  (in 5 runs)
  EXE               :   25% ±22  (in 4 runs)
  FRT               :   75% ±22  (in 4 runs)
  SHK               :   25% ±22  (in 4 runs)
  TRR               :   50% ±25  (in 4 runs)
  ADR               :    0% ±0  (in 3 runs)
  FST               :   67% ±27  (in 3 runs)
  FVR               :   33% ±27  (in 3 runs)
  GRN               :    0% ±0  (in 3 runs)
  PYR               :    0% ±0  (in 3 runs)
  RCL               :    0% ±0  (in 3 runs)
  SCV               :    0% ±0  (in 2 runs)
  FDR               :    0% ±0  (in 1 runs)

RUN WIN-RATE BY SPEC (campaign runs fielding it):
  SNT               :   17% ±15  (in 6 runs)
  HHT               :   40% ±22  (in 5 runs)
  PTH               :   20% ±18  (in 5 runs)
  BRC               :   25% ±22  (in 4 runs)
  PHN               :   50% ±25  (in 4 runs)
  JUG               :   33% ±27  (in 3 runs)
  ANC               :   50% ±35  (in 2 runs)
  ADN               :    0% ±0  (in 1 runs)
  SRG               :  100% ±0  (in 1 runs)

RUN WIN-RATE BY PERK (campaign runs holding it):
  MOM               :   14% ±9  (in 14 runs)
  GUN               :   10% ±9  (in 10 runs)
  FST               :   33% ±16  (in 9 runs)
  GRD               :   22% ±14  (in 9 runs)
  HRD               :   22% ±14  (in 9 runs)
  MRK               :   33% ±16  (in 9 runs)
  TNK               :   33% ±16  (in 9 runs)
  CLH               :   38% ±17  (in 8 runs)
  RFX               :   25% ±15  (in 8 runs)
  CQB               :   29% ±17  (in 7 runs)
  LCK               :   14% ±13  (in 7 runs)
  OUT               :   14% ±13  (in 7 runs)
  PLT               :   43% ±19  (in 7 runs)
  BND               :   17% ±15  (in 6 runs)
  SGE               :   17% ±15  (in 6 runs)
  SKR               :   17% ±15  (in 6 runs)
  VNT               :   33% ±19  (in 6 runs)
  BRK               :   50% ±25  (in 4 runs)
  EXC               :   50% ±35  (in 2 runs)

RUN WIN-RATE BY PURCHASE (campaign runs buying it):
  FIELD MEDKIT      :   22% ±10  (in 18 runs)
  COMBAT STIMS      :   25% ±11  (in 16 runs)
  WPN: HOLLOW POINT :    7% ±7  (in 14 runs)
  COUNTER-PREP      :   31% ±13  (in 13 runs)
  WPN: SUPPRESSOR   :   23% ±12  (in 13 runs)
  WPN: STABILIZER   :   17% ±11  (in 12 runs)
  FRAG CACHE        :   36% ±15  (in 11 runs)
  WPN: EXTENDED MAG :   27% ±13  (in 11 runs)
  WPN: SCOPE        :   36% ±15  (in 11 runs)
  ARMORY            :   11% ±10  (in 9 runs)
  WPN: BIPOD        :   22% ±14  (in 9 runs)
  BALLISTIC PLATING :   25% ±15  (in 8 runs)
  ADV. TRAINING     :   43% ±19  (in 7 runs)

RUN WIN-RATE BY EVENT-CHOICE (campaign runs taking id:arm):
  blackmarket:2     :   50% ±35  (in 2 runs)
  bloodfeud:0       :    0% ±0  (in 2 runs)
  cache:1           :    0% ±0  (in 2 runs)
  fieldhospital:1   :    0% ±0  (in 2 runs)
  informant:1       :   50% ±35  (in 2 runs)
  informant:2       :    0% ±0  (in 2 runs)
  relic:1           :    0% ±0  (in 2 runs)
  reservecall:0     :  100% ±0  (in 2 runs)
  warchest:1        :    0% ±0  (in 2 runs)
  warpension:1      :    0% ±0  (in 2 runs)
  warpension:2      :  100% ±0  (in 2 runs)
  defector:0        :    0% ±0  (in 1 runs)
═══════════════════════════════════════════════════════════════════════

batch wall-time: 10.5s  (20 matches across 10 campaigns × 2 policy, frame-cap hits: 0)
aggregate JSON -> /home/user/wt/heat-pin/docs/measurements/l5/L5fac-m0a1b0-h6-b130.json
INFO: TEXTURE: [ID 2] Unloaded texture data from VRAM (GPU)
INFO: SHADER: [ID 3] Default shader unloaded successfully
INFO: TEXTURE: [ID 1] Default texture unloaded successfully
INFO: Window closed successfully
