BALANCE: heat PINNED for this batch (field-event AddHeat is a no-op; SIGHTLINE_HEATPIN=0 restores the leak)
INFO: Initializing raylib 6.0
INFO: Platform backend: DESKTOP (GLFW)
INFO: Supported raylib modules:
INFO:     > rcore:..... loaded (mandatory)
INFO:     > rlgl:...... loaded (mandatory)
INFO:     > rshapes:... loaded (optional)
INFO:     > rtextures:. loaded (optional)
INFO:     > rtext:..... loaded (optional)
INFO:     > rmodels:... loaded (optional)
INFO:     > raudio:.... loaded (optional)
INFO: DISPLAY: Trying to enable MSAA x4
INFO: DISPLAY: Device initialized successfully 
INFO:     > Display size: 1280 x 800
INFO:     > Screen size:  1280 x 800
INFO:     > Render size:  1280 x 800
INFO:     > Viewport offsets: 0, 0
INFO: GLAD: OpenGL extensions loaded successfully
INFO: GL: Supported extensions count: 229
INFO: GL: OpenGL device information:
INFO:     > Vendor:   Mesa
INFO:     > Renderer: llvmpipe (LLVM 20.1.2, 256 bits)
INFO:     > Version:  4.5 (Core Profile) Mesa 25.2.8-0ubuntu0.24.04.2
INFO:     > GLSL:     4.50
INFO: GL: VAO extension detected, VAO functions loaded successfully
INFO: GL: NPOT textures extension detected, full NPOT textures supported
INFO: GL: DXT compressed textures supported
INFO: GL: ETC2/EAC compressed textures supported
INFO: PLATFORM: DESKTOP (GLFW - X11): Initialized successfully
INFO: TEXTURE: [ID 1] Texture loaded successfully (1x1 | R8G8B8A8 | 1 mipmaps)
INFO: TEXTURE: [ID 1] Default texture loaded successfully
INFO: SHADER: [ID 1] Vertex shader compiled successfully
INFO: SHADER: [ID 2] Fragment shader compiled successfully
INFO: SHADER: [ID 3] Program shader loaded successfully
INFO: SHADER: [ID 3] Default shader loaded successfully
INFO: RLGL: Render batch vertex buffers loaded successfully in RAM (CPU)
INFO: RLGL: Render batch vertex buffers loaded successfully in VRAM (GPU)
INFO: RLGL: Default OpenGL state initialized successfully
INFO: TEXTURE: [ID 2] Texture loaded successfully (128x128 | GRAY_ALPHA | 1 mipmaps)
INFO: FONT: Default font loaded successfully (224 glyphs)
INFO: SYSTEM: Working Directory: /home/user/wt/heat-pin
INFO: TIMER: Target time per frame: 0.000 milliseconds
FINALE-KIT: Syndicate
FINALE-KIT: Syndicate
FINALE-KIT: Legion
FINALE-KIT: Legion
FINALE-KIT: Wardens
match 5/20  (W:1 L:4 cap:0)  3.5s
FINALE-KIT: Wardens
FINALE-KIT: Wardens
WAVE: +2 (HOUND,BRUISER) [rich]
WAVE: +2 (HOUND,BRUISER) [rich]
WAVE: +2 (HUNTER,BRUISER) [rich]
FINALE-KIT: Wardens
WAVE: +2 (BRUISER,SCOUT) [rich]
WAVE: +2 (BRUISER,BRUISER) [rich]
WAVE: +2 (BERSERKER,STRIKER) [rich]
WAVE: +3 (MEDIC,SNIPER,MEDIC) [rich]
FINALE-KIT: Syndicate
FINALE-KIT: Syndicate
match 10/20  (W:2 L:8 cap:0)  6.1s
FINALE-KIT: Legion
FINALE-KIT: Legion
FINALE-KIT: Wardens
WAVE: +2 (DRONE,GRUNT) [rich]
WAVE: +2 (GRUNT,SHIELD) [rich]
WAVE: +2 (DRONE,DRONE) [rich]
FINALE-KIT: Wardens
WAVE: +2 (SAPPER,SHIELD) [rich]
WAVE: +2 (GRUNT,DRONE) [rich]
WAVE: +2 (SHIELD,DRONE) [rich]
FINALE-KIT: Syndicate
WAVE: +3 (CUSTODIAN,SCOUT,PIKEMAN) [rich]
WAVE: +3 (SCOUT,GRUNT,GRUNT) [rich]
WAVE: +3 (MEDIC,SCREENER,GRUNT) [rich]
match 15/20  (W:3 L:12 cap:0)  7.1s
FINALE-KIT: Syndicate
WAVE: +3 (GRUNT,MEDIC,MORTAR) [rich]
FINALE-KIT: Syndicate
WAVE: +2 (SCOUT,CUSTODIAN) [rich]
WAVE: +2 (SPOTTER,MEDIC) [rich]
WAVE: +2 (SAPPER,SHIELD) [rich]
FINALE-KIT: Syndicate
WAVE: +2 (BERSERKER,MEDIC) [rich]
WAVE: +2 (SHIELD,SHIELD) [rich]
WAVE: +2 (MORTAR,MORTAR) [rich]
FINALE-KIT: Wardens
WAVE: +2 (MEDIC,SNIPER) [rich]
WAVE: +2 (SNIPER,PIKEMAN) [rich]
WAVE: +2 (SCREENER,MORTAR) [rich]
FINALE-KIT: Wardens
WAVE: +2 (MORTAR,GRUNT) [rich]
WAVE: +2 (MEDIC,GRUNT) [rich]
WAVE: +2 (SCOUT,SCOUT) [rich]
match 20/20  (W:5 L:15 cap:0)  8.4s

══════════════════════ SIGHTLINE BALANCE REPORT ══════════════════════
runs=20  missions=61

RUN OUTCOMES (campaign):  win-rate   25%   avg missions cleared 3.4

POLICY GAP (optimal vs human-error; campaign runs only):
  greedy win-rate   30%  (n=10)
  sloppy win-rate   20%  (n=10)
  GAP   10 pts  (healthy slack)
  PAIRED (same-seed slots): pairs=10  concordant=7  discordant greedy-only-won=2 / sloppy-only-won=1  paired gap   10 pts
  PER-SLOT RECORDS (greedy | sloppy: outcome + missions cleared; margin = g−s):
    slot 120 @h6: L 3 | L 3   margin +0
    slot 121 @h6: L 3 | L 3   margin +0
    slot 122 @h6: W 6 | L 3   margin +3
    slot 123 @h6: L 1 | W 6   margin -5
    slot 124 @h6: L 2 | L 2   margin +0
    slot 125 @h6: L 1 | L 1   margin +0
    slot 126 @h6: L 4 | L 1   margin +3
    slot 127 @h6: W 6 | W 6   margin +0
    slot 128 @h6: L 3 | L 3   margin +0
    slot 129 @h6: W 6 | L 5   margin +1
  PAIRED MARGIN (missions cleared, all pairs): +0.20 ±0.70 SE  (n=10 pairs)
  by objective (greedy / sloppy / gap):
    Decapitate :   75% /   50% / gap   25
    Defend     :   80% /   83% / gap   -3
    Eliminate  :   83% /   91% / gap   -8
    Escort     :  100% /  100% / gap    0
    Hack       :  100% /  100% / gap    0
    Rescue     :   50% /   25% / gap   25
    Sabotage   :   75% /   67% / gap    8

DECISION RICHNESS / SWING:
  meaningful-choices/turn 2.07   lead-swings/match 0.6   avg max-swing 55.2
  [shot-gate] acting-soldiers/turn 3.19   armed-soldiers/turn 0.90   armed-fraction 28%   turns-with-a-shot 45%   choices/ARMED-soldier-turn 2.29
  [choice-split] los-targets/ARMED 2.12   target-choices/ARMED 0.17   position-choices/ARMED 2.12

RUN COMPLETION BY HEAT (full-campaign clears):
  heat 6:   25% ±10  (n=20 runs, avg 3.4 missions)
  HEAT LEAK: pinned=yes  heat-raising picks=0  campaigns raised=0  missions off-rung=0/61
  STALEMATES: mission-cap 1  run-cap 0   [slot 122 s m4 Rescue mis rt=57]

INTEL ECONOMY BY HEAT (campaign runs; heat-bonus = the Heat.IntelBonus share of income):
  heat 6: earned  164.3/run   heat-bonus  73.8 (  45% of income)   spent  147.2   unspent   17.1

MISSION WIN-RATE BY HEAT:
  heat 6:   75%  (n=61, avg 5.9 turns)

MISSION WIN-RATE BY OBJECTIVE:
  Eliminate  :   87% ±7  (n=23, avg 3.9 turns)
  Defend     :   82% ±12  (n=11, avg 9.0 turns)
  Rescue     :   38% ±17  (n=8, avg 10.5 turns)
  Decapitate :   63% ±17  (n=8, avg 4.6 turns)
  Sabotage   :   71% ±17  (n=7, avg 4.6 turns)
  Hack       :  100% ±0  (n=2, avg 3.0 turns)
  Escort     :  100% ±0  (n=2, avg 5.0 turns)

MISSION WIN-RATE BY OBJECTIVE x NODE KIND (a capstone must never pool with a mid-run node):
  Eliminate  : Start: 100%(n=20)  Combat:   0%(n=3)
               depth: m1:100%(20) m2:0%(2) m5:0%(1)
  Defend     : Combat:  83%(n=6)  Elite:  67%(n=3)  Supply: 100%(n=2)
               depth: m2:50%(4) m3:100%(4) m4:100%(1) m5:100%(2)
  Rescue     : Elite:  25%(n=4)  Combat:  50%(n=4)
               depth: m3:100%(2) m4:17%(6)
  Decapitate : Boss:  83%(n=6)  Combat:   0%(n=2)
               depth: m4:0%(2) m6:83%(6)
  Sabotage   : Supply: 100%(n=4)  Elite:   0%(n=2)  Combat: 100%(n=1)
               depth: m2:100%(2) m3:33%(3) m4:100%(2)
  Hack       : Combat: 100%(n=2)
               depth: m3:100%(2)
  Escort     : Combat: 100%(n=2)
               depth: m2:100%(2)

ENCOUNTER COMPLETION on MID-RUN nodes (Combat+Elite) — clear% is the share of the fight actually fought:
  objective     n   win%   turns   force    +rf  killed  clear%   prs  WONclear%
  Defend         9   78%     9.0    6.33   5.67    1.89    15.7  0.00     15.9 (n=7)
  Rescue         8   38%    10.5   10.25   0.00    2.75    26.8  0.00     34.5 (n=3)
  Sabotage       3   33%     5.3    8.33   0.00    1.33    16.0  0.00     28.6 (n=1)
  Eliminate      3    0%     8.0    7.67   0.00    2.33    30.4  1.67      0.0 (n=0)
  Hack           2  100%     3.0    9.00   0.00    0.50     5.6  0.00      5.6 (n=2)
  Decapitate     2    0%     5.5   10.00   0.00    0.00     0.0  0.50      0.0 (n=0)
  Escort         2  100%     5.0    6.00   0.00    3.50    58.3  0.00     58.3 (n=2)
  ---- the two classes ----
  KILL           5    0%     7.0    8.60   0.00    1.40    16.3  1.20      0.0 (n=0)
  NON-KILL      24   63%     8.2    8.08   2.13    2.13    20.8  0.00     22.1 (n=15)

DECAPITATE HVT (buff = +6+1*mission HP, +6 aim; ELITE exempt):
  EXEMPT  :   83% ±15  (n=6, avg 4.3 turns, HVT 22.3 max HP)  [m6:83%(6)]
  BUFFED  :    0% ±0  (n=2, avg 5.5 turns, HVT 30.0 max HP)  [m4:0%(2)]

MISSION WIN-RATE BY MISSION #:
  m1:  100% ±0  (n=20)
  m2:   60% ±15  (n=10)
  m3:   82% ±12  (n=11)
  m4:   36% ±15  (n=11)
  m5:   67% ±27  (n=3)
  m6:   83% ±15  (n=6)

LOSS CAUSES (missions):
  RUN OVER              : 10
  CAPTIVE LOST          : 4
  STALEMATE-MISSION     : 1

MISSION WIN-RATE BY ARENA (authored layouts, n>=3; procedural fallback   16% of 61 missions):
  arena  4:   50% ±25  (n=4, avg 4.3 turns)  [m2:100%(2) m4:0%(2)]
  arena 10:  100% ±0  (n=3, avg 3.3 turns)  [m3:100%(3)]
  arena 13:  100% ±0  (n=6, avg 4.2 turns)  [m1:100%(2) m2:100%(2) m4:100%(2)]
  arena 14:   67% ±27  (n=3, avg 4.3 turns)  [m1:100%(2) m3:0%(1)]
  arena 15:  100% ±0  (n=3, avg 5.3 turns)  [m1:100%(2) m2:100%(1)]
  arena 18:   50% ±25  (n=4, avg 4.8 turns)  [m1:100%(2) m4:0%(2)]
  arena 21:  100% ±0  (n=4, avg 2.5 turns)  [m1:100%(4)]
  arena 28:   67% ±19  (n=6, avg 12.7 turns)  [m1:100%(2) m4:50%(2) m6:50%(2)]
  arena 34:   75% ±22  (n=4, avg 6.8 turns)  [m2:50%(2) m6:100%(2)]
  procedural:   80% ±13  (n=10, avg 5.3 turns)  [m1:100%(4) m2:0%(1) m3:67%(3) m5:100%(1) m6:100%(1)]

DEPLOYMENT GEOMETRY (opening shape; choices/ARMED is the wave's real gate):
  FRONTAL   :   75% ±9  (n=24, avg 7.9 turns)  choices/turn 1.33  choices/ARMED 2.14  los-targets/ARMED 2.17
  PINCER    :   72% ±9  (n=25, avg 4.2 turns)  choices/turn 3.21  choices/ARMED 2.47  los-targets/ARMED 1.87
  CROSSFIRE :  100% ±0  (n=3, avg 8.0 turns)  choices/turn 1.59  choices/ARMED 1.52  los-targets/ARMED 3.48
  ENVELOP   :   78% ±14  (n=9, avg 4.4 turns)  choices/turn 2.81  choices/ARMED 2.54  los-targets/ARMED 1.98

ARENA FUNNEL (Mission.Build exits, n=68 builds, all modes):
  authored-applied    :  82.4%  (n=56)
  connectivity-reject :   0.0%  (n=0)
  procedural-roll     :  17.6%  (n=12)

DECK EXPOSURE (campaign runs n=20):
  distinct authored arenas/run : 2.55 mean (all runs)
  ... full-depth runs only     : 3.40 mean over 4.0 fights/run (n=5)
  Defend dealt on the route    :   50% of runs (n=10)

ENEMY DECISION MIX (contested acts=1240; all-downed acts not counted=269):
  shoot           557    45%
  hunker          453    37%
  move             96     8%
  overwatch        31     3%
  grenade          25     2%
  reload           21     2%
  brace            17     1%
  heal             17     1%
  siege            12     1%
  item              6     0%
  sap               3     0%
  shove             1     0%
  staleplan         1     0%

  the shot on the table (acts where the chosen tile HAD a shot = 635):
    hit% band     taken   share   E[dmg]/shot   declined   share   E[dmg]/shot
      0-19           5      1%          0.53         29     91%          0.21
     20-39          14      3%          0.99          1      3%          0.76
     40-59          90     16%          1.43          2      6%          1.77
     60-79         189     34%          2.50          0      0%          0.00
      80+          259     46%          3.70          0      0%          0.00
    TOTAL           557                             32
  taken   88% / DECLINED    5% / preempted by another verb    7%
  enemy lanes held (overwatch+brace) 48; reaction shots fired 4  ->    8% of lanes paid off   [C2: DeclineWatchRatio is a bet on this number]

ACTION MIX (verbs issued, by policy):
  verb                  greedy        sloppy
  MOVE               400   42%     390   36%
  SHOOT              234   24%     226   21%
  BRACE               21    2%     139   13%
  OVERWATCH           56    6%      70    6%
  HUNKER              38    4%      70    6%
  FOCUS               46    5%      42    4%
  INTEL               31    3%      22    2%
  SLIPSTREAM          24    2%      27    2%
  STABILIZE           26    3%      24    2%
  RELOAD              21    2%      18    2%
  ITEM:SMOKE          12    1%      10    1%
  MARK                 9    1%      13    1%
  PLANT               11    1%       7    1%
  DRAG                 9    1%       8    1%
  PIN                  8    1%       5    0%
  GRENADE              3    0%       6    1%
  REARM                4    0%       2    0%
  GRAPPLE              3    0%       2    0%
  BARREL               2    0%       3    0%
  HACK                 2    0%       2    0%
  PATCH                2    0%       2    0%
  BEACON               1    0%       2    0%
  ITEM:INCENDIARY       0    0%       1    0%

PLAYER CLASS PERFORMANCE:
  class        shots   hit%   dmg   kills
  SHARPSHOOTER    111    93%    771     45
  ASSAULT        127    91%    600     31
  GUNNER         118    82%    518     42
  RANGER          73    96%    487     41
  CORPSMAN        28    75%     81      5

SOLDIER DEATHS BY ENEMY CLASS (threat ranking):
  BERSERKER  : 8
  SNIPER     : 8
  BRUISER    : 7
  GRUNT      : 7
  LANCER     : 5
  STRIKE     : 5
  SAPPER     : 5
  BURN       : 4
  HOUND      : 3
  SHIELD     : 3
  MORTAR     : 3
  HUNTER     : 2
  TURRET     : 2
  SCREENER   : 2
  ELITE      : 2
  PIKEMAN    : 2
  SCOUT      : 1
  DRONE      : 1
  CUSTODIAN  : 1
  WARBRINGER : 1

SOLDIER DOWNS (FUL-7 bleed-out): 153 downs -> revived 3 / recovered 42 / bled out 88 / finished 12  (save-rate   35%)
  corpsman fielded in 16 missions

ENEMY COMPOSITION (spawns; faction-stamped fights n=410 / default-cascade fights n=124):
  class        faction         default
  GRUNT           43   10%       48   39%
  SCOUT           10    2%       35   28%
  SNIPER          36    9%        2    2%
  BERSERKER       35    9%        1    1%
  MORTAR          26    6%        6    5%
  BRUISER         25    6%        0    0%
  ELITE           22    5%        2    2%
  MEDIC           20    5%        4    3%
  SHIELD          18    4%        3    2%
  TURRET          21    5%        0    0%
  SCREENER        20    5%        0    0%
  LANCER          16    4%        3    2%
  HOUND           15    4%        4    3%
  DRONE           16    4%        3    2%
  CUSTODIAN       17    4%        1    1%
  SPOTTER         14    3%        3    2%
  PIKEMAN         14    3%        2    2%
  HUNTER          13    3%        0    0%
  SAPPER           9    2%        4    3%
  STRIKER          8    2%        3    2%
  WARBRINGER       6    1%        0    0%
  BOMBARD          6    1%        0    0%

PERK PICK FREQUENCY:
  SKR           : 10
  LCK           : 9
  CQB           : 8
  GUN           : 8
  MOM           : 8
  RFX           : 7
  SGE           : 7
  OUT           : 7
  FST           : 5
  BND           : 5
  MRK           : 5
  GRD           : 5
  HRD           : 4
  BRK           : 4
  EXC           : 3
  TNK           : 3
  CLH           : 2
  VNT           : 2
  PLT           : 1

SHOP PURCHASE FREQUENCY:
  FIELD MEDKIT      : 59
  WPN: HOLLOW POINT : 45
  WPN: SCOPE        : 33
  WPN: STABILIZER   : 26
  WPN: BIPOD        : 23
  WPN: EXTENDED MAG : 19
  COUNTER-PREP      : 16
  BALLISTIC PLATING : 13
  WPN: SUPPRESSOR   : 11
  ADV. TRAINING     : 11
  FRAG CACHE        : 9
  ARMORY            : 6
  COMBAT STIMS      : 6

BOON PICK FREQUENCY (PROCS = effect fires at instrumented sites; '-' = not instrumented;
                      PYR counts the +2-turn-burn half only — the Burning-immunity half is uninstrumented):
  code                 picks   PROCS
  SHK               :     7       3
  GHO               :     5       -
  FRT               :     4       -
  MRK               :     4       -
  RPD               :     4       -
  FDR               :     3       0
  FST               :     3      43
  SCV               :     3       -
  ADR               :     2       -
  GRN               :     2       -
  EXE               :     1       -
  FVR               :     1       -
  PYR               :     1       0
  VNM               :     1       -

RUN WIN-RATE BY BOON (campaign runs holding it):
  SHK               :   14% ±13  (in 7 runs)
  GHO               :   40% ±22  (in 5 runs)
  FRT               :   50% ±25  (in 4 runs)
  MRK               :   50% ±25  (in 4 runs)
  RPD               :   25% ±22  (in 4 runs)
  FDR               :   67% ±27  (in 3 runs)
  FST               :   33% ±27  (in 3 runs)
  SCV               :   33% ±27  (in 3 runs)
  ADR               :   50% ±35  (in 2 runs)
  GRN               :    0% ±0  (in 2 runs)
  EXE               :    0% ±0  (in 1 runs)
  FVR               :  100% ±0  (in 1 runs)
  PYR               :  100% ±0  (in 1 runs)
  VNM               :    0% ±0  (in 1 runs)

RUN WIN-RATE BY SPEC (campaign runs fielding it):
  ADN               :   50% ±25  (in 4 runs)
  SNT               :   67% ±27  (in 3 runs)
  ANC               :    0% ±0  (in 1 runs)
  BRC               :  100% ±0  (in 1 runs)
  HHT               :    0% ±0  (in 1 runs)
  PHN               :  100% ±0  (in 1 runs)
  PTH               :    0% ±0  (in 1 runs)

RUN WIN-RATE BY PERK (campaign runs holding it):
  MOM               :   43% ±19  (in 7 runs)
  RFX               :   14% ±13  (in 7 runs)
  SGE               :   29% ±17  (in 7 runs)
  CQB               :   33% ±19  (in 6 runs)
  GUN               :   50% ±20  (in 6 runs)
  LCK               :   33% ±19  (in 6 runs)
  OUT               :   33% ±19  (in 6 runs)
  SKR               :   50% ±20  (in 6 runs)
  MRK               :   40% ±22  (in 5 runs)
  BND               :   25% ±22  (in 4 runs)
  FST               :   25% ±22  (in 4 runs)
  GRD               :   50% ±25  (in 4 runs)
  HRD               :    0% ±0  (in 4 runs)
  BRK               :    0% ±0  (in 2 runs)
  CLH               :    0% ±0  (in 2 runs)
  EXC               :   50% ±35  (in 2 runs)
  TNK               :  100% ±0  (in 2 runs)
  VNT               :   50% ±35  (in 2 runs)
  PLT               :  100% ±0  (in 1 runs)

RUN WIN-RATE BY PURCHASE (campaign runs buying it):
  FIELD MEDKIT      :   28% ±11  (in 18 runs)
  WPN: HOLLOW POINT :   36% ±13  (in 14 runs)
  COUNTER-PREP      :   33% ±14  (in 12 runs)
  WPN: SCOPE        :   36% ±15  (in 11 runs)
  WPN: STABILIZER   :   44% ±17  (in 9 runs)
  BALLISTIC PLATING :   50% ±18  (in 8 runs)
  WPN: BIPOD        :   38% ±17  (in 8 runs)
  ADV. TRAINING     :   57% ±19  (in 7 runs)
  WPN: EXTENDED MAG :   57% ±19  (in 7 runs)
  ARMORY            :   50% ±20  (in 6 runs)
  FRAG CACHE        :   17% ±15  (in 6 runs)
  WPN: SUPPRESSOR   :   40% ±22  (in 5 runs)
  COMBAT STIMS      :    0% ±0  (in 4 runs)

RUN WIN-RATE BY EVENT-CHOICE (campaign runs taking id:arm):
  blackmarket:2     :   25% ±22  (in 4 runs)
  cache:1           :  100% ±0  (in 3 runs)
  defector:1        :   50% ±35  (in 2 runs)
  fieldhospital:2   :    0% ±0  (in 2 runs)
  informant:2       :    0% ±0  (in 2 runs)
  medic:0           :   50% ±35  (in 2 runs)
  medic:1           :  100% ±0  (in 2 runs)
  warchest:1        :    0% ±0  (in 2 runs)
  drill:1           :  100% ±0  (in 1 runs)
  relic:1           :  100% ±0  (in 1 runs)
  reservecall:0     :    0% ±0  (in 1 runs)
═══════════════════════════════════════════════════════════════════════

batch wall-time: 8.4s  (20 matches across 10 campaigns × 2 policy, frame-cap hits: 0)
aggregate JSON -> /home/user/wt/heat-pin/docs/measurements/l5/L5fac-m0a1b1-h6-b120.json
INFO: TEXTURE: [ID 2] Unloaded texture data from VRAM (GPU)
INFO: SHADER: [ID 3] Default shader unloaded successfully
INFO: TEXTURE: [ID 1] Default texture unloaded successfully
INFO: Window closed successfully
