BALANCE: heat PINNED for this batch (field-event AddHeat is a no-op; SIGHTLINE_HEATPIN=0 restores the leak)
INFO: Initializing raylib 6.0
INFO: Platform backend: DESKTOP (GLFW)
INFO: Supported raylib modules:
INFO:     > rcore:..... loaded (mandatory)
INFO:     > rlgl:...... loaded (mandatory)
INFO:     > rshapes:... loaded (optional)
INFO:     > rtextures:. loaded (optional)
INFO:     > rtext:..... loaded (optional)
INFO:     > rmodels:... loaded (optional)
INFO:     > raudio:.... loaded (optional)
INFO: DISPLAY: Trying to enable MSAA x4
INFO: DISPLAY: Device initialized successfully 
INFO:     > Display size: 1280 x 800
INFO:     > Screen size:  1280 x 800
INFO:     > Render size:  1280 x 800
INFO:     > Viewport offsets: 0, 0
INFO: GLAD: OpenGL extensions loaded successfully
INFO: GL: Supported extensions count: 229
INFO: GL: OpenGL device information:
INFO:     > Vendor:   Mesa
INFO:     > Renderer: llvmpipe (LLVM 20.1.2, 256 bits)
INFO:     > Version:  4.5 (Core Profile) Mesa 25.2.8-0ubuntu0.24.04.2
INFO:     > GLSL:     4.50
INFO: GL: VAO extension detected, VAO functions loaded successfully
INFO: GL: NPOT textures extension detected, full NPOT textures supported
INFO: GL: DXT compressed textures supported
INFO: GL: ETC2/EAC compressed textures supported
INFO: PLATFORM: DESKTOP (GLFW - X11): Initialized successfully
INFO: TEXTURE: [ID 1] Texture loaded successfully (1x1 | R8G8B8A8 | 1 mipmaps)
INFO: TEXTURE: [ID 1] Default texture loaded successfully
INFO: SHADER: [ID 1] Vertex shader compiled successfully
INFO: SHADER: [ID 2] Fragment shader compiled successfully
INFO: SHADER: [ID 3] Program shader loaded successfully
INFO: SHADER: [ID 3] Default shader loaded successfully
INFO: RLGL: Render batch vertex buffers loaded successfully in RAM (CPU)
INFO: RLGL: Render batch vertex buffers loaded successfully in VRAM (GPU)
INFO: RLGL: Default OpenGL state initialized successfully
INFO: TEXTURE: [ID 2] Texture loaded successfully (128x128 | GRAY_ALPHA | 1 mipmaps)
INFO: FONT: Default font loaded successfully (224 glyphs)
INFO: SYSTEM: Working Directory: /home/user/wt/heat-pin
INFO: TIMER: Target time per frame: 0.000 milliseconds
FINALE-KIT: Syndicate
WAVE: +2 (SHIELD,DRONE) [rich]
WAVE: +2 (SPOTTER,SPOTTER) [rich]
WAVE: +2 (DRONE,GRUNT) [rich]
FINALE-KIT: Syndicate
WAVE: +2 (GRUNT,GRUNT) [rich]
WAVE: +2 (GRUNT,GRUNT) [rich]
WAVE: +2 (DRONE,SAPPER) [rich]
REINFORCEMENTS: +2 (SCOUT,SCOUT)
FINALE-KIT: Wardens
FINALE-KIT: Wardens
FINALE-KIT: Wardens
WAVE: +2 (LANCER,SHIELD) [rich]
WAVE: +2 (CUSTODIAN,BERSERKER) [rich]
WAVE: +2 (SNIPER,SNIPER) [rich]
REINFORCEMENTS: +2 (GRUNT,GRUNT)
REINFORCEMENTS: +2 (SCOUT,GRUNT)
match 5/20  (W:1 L:4 cap:0)  4.7s
FINALE-KIT: Wardens
WAVE: +2 (MORTAR,SNIPER) [rich]
WAVE: +2 (STRIKER,HOUND) [rich]
WAVE: +2 (BERSERKER,BERSERKER) [rich]
REINFORCEMENTS: +2 (SCOUT,SCOUT)
REINFORCEMENTS: +2 (GRUNT,SCOUT)
REINFORCEMENTS: +3 (GRUNT,SCOUT,SCOUT)
REINFORCEMENTS: +2 (GRUNT,GRUNT)
FINALE-KIT: Legion
WAVE: +2 (SPOTTER,SAPPER) [rich]
WAVE: +2 (SAPPER,SAPPER) [rich]
WAVE: +2 (DRONE,DRONE) [rich]
WAVE: +3 (BERSERKER,STRIKER,LANCER) [rich]
WAVE: +3 (HUNTER,SCOUT,WARBRINGER) [rich]
FINALE-KIT: Legion
WAVE: +2 (SHIELD,SHIELD) [rich]
WAVE: +2 (SPOTTER,GRUNT) [rich]
WAVE: +1 (SPOTTER) [rich]
WAVE: +3 (HUNTER,STRIKER,BERSERKER) [rich]
WAVE: +2 (BERSERKER,BRUISER) [rich]
REINFORCEMENTS: +2 (SCOUT,GRUNT)
REINFORCEMENTS: +2 (GRUNT,GRUNT)
FINALE-KIT: Syndicate
WAVE: +3 (SPOTTER,SHIELD,SHIELD) [rich]
WAVE: +3 (GRUNT,SHIELD,SAPPER) [rich]
WAVE: +2 (SAPPER,DRONE) [rich]
WAVE: +3 (DRONE,DRONE,SAPPER) [rich]
WAVE: +3 (CUSTODIAN,SCREENER,SCREENER) [rich]
WAVE: +3 (SCREENER,DRONE,DRONE) [rich]
REINFORCEMENTS: +2 (SCOUT,SCOUT)
FINALE-KIT: Syndicate
match 10/20  (W:1 L:9 cap:0)  7.1s
FINALE-KIT: Wardens
WAVE: +2 (BERSERKER,BRUISER) [rich]
WAVE: +2 (HUNTER,BRUISER) [rich]
WAVE: +2 (BERSERKER,HOUND) [rich]
FINALE-KIT: Wardens
WAVE: +2 (BRUISER,HOUND) [rich]
WAVE: +2 (BRUISER,SCOUT) [rich]
WAVE: +2 (BERSERKER,BERSERKER) [rich]
REINFORCEMENTS: +2 (GRUNT,GRUNT)
FINALE-KIT: Wardens
WAVE: +2 (BRUISER,SCOUT) [rich]
WAVE: +2 (BRUISER,BRUISER) [rich]
WAVE: +2 (SCOUT,HUNTER) [rich]
FINALE-KIT: Wardens
WAVE: +2 (SCOUT,HUNTER) [rich]
WAVE: +2 (LANCER,SCOUT) [rich]
WAVE: +2 (SNIPER,BRUISER) [rich]
REINFORCEMENTS: +2 (GRUNT,GRUNT)
REINFORCEMENTS: +2 (SCOUT,SCOUT)
REINFORCEMENTS: +2 (GRUNT,GRUNT)
FINALE-KIT: Wardens
WAVE: +2 (HOUND,SCOUT) [rich]
WAVE: +2 (SNIPER,STRIKER) [rich]
WAVE: +2 (HUNTER,STRIKER) [rich]
match 15/20  (W:1 L:14 cap:0)  8.2s
FINALE-KIT: Wardens
WAVE: +2 (SCOUT,DRONE) [rich]
WAVE: +2 (HOUND,LANCER) [rich]
WAVE: +2 (STRIKER,SNIPER) [rich]
WAVE: +3 (STRIKER,BRUISER,HOUND) [rich]
WAVE: +2 (HUNTER,HOUND) [rich]
WAVE: +1 (GRUNT) [rich]
FINALE-KIT: Legion
WAVE: +3 (LANCER,SHIELD,GRUNT) [rich]
WAVE: +1 (BERSERKER) [rich]
FINALE-KIT: Legion
FINALE-KIT: Legion
FINALE-KIT: Legion
match 20/20  (W:3 L:17 cap:0)  9.4s

══════════════════════ SIGHTLINE BALANCE REPORT ══════════════════════
runs=20  missions=72

RUN OUTCOMES (campaign):  win-rate   15%   avg missions cleared 3.9

POLICY GAP (optimal vs human-error; campaign runs only):
  greedy win-rate   20%  (n=10)
  sloppy win-rate   10%  (n=10)
  GAP   10 pts  (healthy slack)
  PAIRED (same-seed slots): pairs=10  concordant=7  discordant greedy-only-won=2 / sloppy-only-won=1  paired gap   10 pts
  PER-SLOT RECORDS (greedy | sloppy: outcome + missions cleared; margin = g−s):
    slot  70 @h6: L 1 | L 5   margin -4
    slot  71 @h6: L 2 | L 2   margin +0
    slot  72 @h6: W 6 | L 5   margin +1
    slot  73 @h6: L 5 | L 5   margin +0
    slot  74 @h6: L 5 | L 2   margin +3
    slot  75 @h6: L 2 | L 5   margin -3
    slot  76 @h6: L 2 | L 5   margin -3
    slot  77 @h6: L 2 | W 6   margin -4
    slot  78 @h6: L 5 | L 2   margin +3
    slot  79 @h6: W 6 | L 5   margin +1
  PAIRED MARGIN (missions cleared, all pairs): -0.60 ±0.86 SE  (n=10 pairs)
  by objective (greedy / sloppy / gap):
    Decapitate :   50% /   33% / gap   17
    Defend     :   89% /  100% / gap  -11
    Eliminate  :   92% /   92% / gap    0
    Escort     :   67% /   60% / gap    7
    Hack       :   50% /  100% / gap  -50
    Rescue     :  100% /  100% / gap    0
    Sabotage   :    0% /  100% / gap -100

DECISION RICHNESS / SWING:
  meaningful-choices/turn 2.25   lead-swings/match 0.9   avg max-swing 59.3
  [shot-gate] acting-soldiers/turn 2.99   armed-soldiers/turn 0.98   armed-fraction 33%   turns-with-a-shot 52%   choices/ARMED-soldier-turn 2.30
  [choice-split] los-targets/ARMED 2.44   target-choices/ARMED 0.37   position-choices/ARMED 1.93

RUN COMPLETION BY HEAT (full-campaign clears):
  heat 6:   15% ±8  (n=20 runs, avg 3.9 missions)
  HEAT LEAK: pinned=yes  heat-raising picks=3  campaigns raised=0  missions off-rung=0/72

INTEL ECONOMY BY HEAT (campaign runs; heat-bonus = the Heat.IntelBonus share of income):
  heat 6: earned  210.8/run   heat-bonus  93.6 (  44% of income)   spent  193.3   unspent   17.5

MISSION WIN-RATE BY HEAT:
  heat 6:   76%  (n=72, avg 6.4 turns)

MISSION WIN-RATE BY OBJECTIVE:
  Eliminate  :   92% ±6  (n=24, avg 5.5 turns)
  Defend     :   94% ±6  (n=17, avg 8.9 turns)
  Decapitate :   40% ±13  (n=15, avg 5.6 turns)
  Escort     :   63% ±17  (n=8, avg 6.5 turns)
  Hack       :   67% ±27  (n=3, avg 4.0 turns)
  Sabotage   :   50% ±35  (n=2, avg 6.0 turns)
  Rescue     :  100% ±0  (n=2, avg 5.0 turns)
  Evac       :  100% ±0  (n=1, avg 4.0 turns)

MISSION WIN-RATE BY OBJECTIVE x NODE KIND (a capstone must never pool with a mid-run node):
  Eliminate  : Start: 100%(n=20)  Elite:  50%(n=2)  Combat:  50%(n=2)
               depth: m1:100%(20) m3:50%(4)
  Defend     : Combat:  90%(n=10)  Supply: 100%(n=7)
               depth: m2:88%(8) m3:100%(4) m4:100%(3) m5:100%(2)
  Decapitate : Boss:  25%(n=12)  Elite: 100%(n=3)
               depth: m5:100%(3) m6:25%(12)
  Escort     : Combat:  40%(n=5)  Supply: 100%(n=2)  Elite: 100%(n=1)
               depth: m3:25%(4) m4:100%(3) m5:100%(1)
  Hack       : Combat:  50%(n=2)  Supply: 100%(n=1)
               depth: m3:50%(2) m5:100%(1)
  Sabotage   : Combat:  50%(n=2)
               depth: m3:50%(2)
  Rescue     : Elite: 100%(n=2)
               depth: m3:100%(2)
  Evac       : Combat: 100%(n=1)
               depth: m4:100%(1)

ENCOUNTER COMPLETION on MID-RUN nodes (Combat+Elite) — clear% is the share of the fight actually fought:
  objective     n   win%   turns   force    +rf  killed  clear%   prs  WONclear%
  Defend        10   90%     8.9    5.90   6.10    3.60    30.0  0.00     29.7 (n=9)
  Escort         6   50%     6.0    9.67   0.00    2.67    27.6  0.00     29.0 (n=3)
  Eliminate      4   50%    16.8   10.00   0.00    7.00    70.0  2.25    100.0 (n=2)
  Decapitate     3  100%     2.0   11.00   0.00    2.33    21.2  0.00     21.2 (n=3)
  Sabotage       2   50%     6.0    7.00   0.00    3.50    50.0  0.00     71.4 (n=1)
  Hack           2   50%     4.5    9.00   0.00    1.00    11.1  0.50      0.0 (n=1)
  Rescue         2  100%     5.0   11.00   0.00    3.50    31.8  0.00     31.8 (n=2)
  Evac           1  100%     4.0   10.00   0.00    0.00     0.0  0.00      0.0 (n=1)
  ---- the two classes ----
  KILL           7   71%    10.4   10.43   0.00    5.00    47.9  1.29     50.9 (n=5)
  NON-KILL      23   74%     7.0    7.87   2.65    2.96    28.1  0.04     28.4 (n=17)

DECAPITATE HVT (buff = +6+1*mission HP, +6 aim; ELITE exempt):
  EXEMPT  :   40% ±13  (n=15, avg 5.6 turns, HVT 23.5 max HP)  [m5:100%(3) m6:25%(12)]

MISSION WIN-RATE BY MISSION #:
  m1:  100% ±0  (n=20)
  m2:   88% ±12  (n=8)
  m3:   61% ±11  (n=18)
  m4:  100% ±0  (n=7)
  m5:  100% ±0  (n=7)
  m6:   25% ±13  (n=12)

LOSS CAUSES (missions):
  RUN OVER              : 14
  VIP LOST              : 3

MISSION WIN-RATE BY ARENA (authored layouts, n>=3; procedural fallback   19% of 72 missions):
  arena 10:   83% ±15  (n=6, avg 8.3 turns)  [m2:100%(1) m3:100%(2) m4:100%(1) m5:100%(1) m6:0%(1)]
  arena 13:   50% ±25  (n=4, avg 4.5 turns)  [m1:100%(2) m3:0%(2)]
  arena 15:   67% ±27  (n=3, avg 8.0 turns)  [m4:100%(1) m6:50%(2)]
  arena 19:   80% ±18  (n=5, avg 7.4 turns)  [m2:100%(2) m3:50%(2) m5:100%(1)]
  arena 20:  100% ±0  (n=3, avg 7.0 turns)  [m3:100%(1) m4:100%(2)]
  arena 28:  100% ±0  (n=6, avg 7.2 turns)  [m1:100%(2) m3:100%(2) m5:100%(2)]
  arena 33:  100% ±0  (n=6, avg 6.0 turns)  [m1:100%(2) m2:100%(2) m3:100%(2)]
  arena 34:   80% ±18  (n=5, avg 14.4 turns)  [m2:100%(2) m3:50%(2) m6:100%(1)]
  procedural:   64% ±13  (n=14, avg 5.3 turns)  [m1:100%(4) m2:0%(1) m3:0%(1) m4:100%(2) m5:100%(2) m6:25%(4)]

DEPLOYMENT GEOMETRY (opening shape; choices/ARMED is the wave's real gate):
  FRONTAL   :   81% ±8  (n=26, avg 5.8 turns)  choices/turn 2.41  choices/ARMED 2.18  los-targets/ARMED 2.28
  PINCER    :   78% ±9  (n=23, avg 8.0 turns)  choices/turn 2.08  choices/ARMED 2.76  los-targets/ARMED 2.90
  CROSSFIRE :   57% ±19  (n=7, avg 6.1 turns)  choices/turn 1.53  choices/ARMED 2.26  los-targets/ARMED 2.56
  ENVELOP   :   75% ±11  (n=16, avg 5.1 turns)  choices/turn 2.70  choices/ARMED 1.90  los-targets/ARMED 2.10

ARENA FUNNEL (Mission.Build exits, n=85 builds, all modes):
  authored-applied    :  76.5%  (n=65)
  connectivity-reject :   0.0%  (n=0)
  procedural-roll     :  23.5%  (n=20)

DECK EXPOSURE (campaign runs n=20):
  distinct authored arenas/run : 2.90 mean (all runs)
  ... full-depth runs only     : 4.00 mean over 4.7 fights/run (n=3)
  Defend dealt on the route    :   70% of runs (n=14)

ENEMY DECISION MIX (contested acts=1677; all-downed acts not counted=478):
  shoot           811    48%
  hunker          588    35%
  move            118     7%
  grenade          45     3%
  reload           30     2%
  heal             21     1%
  siege            21     1%
  item             16     1%
  brace            11     1%
  shove             7     0%
  staleplan         4     0%
  overwatch         3     0%
  sap               2     0%

  the shot on the table (acts where the chosen tile HAD a shot = 898):
    hit% band     taken   share   E[dmg]/shot   declined   share   E[dmg]/shot
      0-19           5      1%          0.54          0      0%          0.00
     20-39          35      4%          1.18          0      0%          0.00
     40-59         147     18%          1.51          0      0%          0.00
     60-79         316     39%          2.36          0      0%          0.00
      80+          308     38%          3.53          0      0%          0.00
    TOTAL           811                              0
  taken   90% / DECLINED    0% / preempted by another verb   10%
  enemy lanes held (overwatch+brace) 14; reaction shots fired 4  ->   29% of lanes paid off   [C2: DeclineWatchRatio is a bet on this number]

ACTION MIX (verbs issued, by policy):
  verb                  greedy        sloppy
  MOVE               398   32%     584   39%
  SHOOT              368   30%     379   25%
  OVERWATCH           84    7%     103    7%
  BRACE               75    6%      82    5%
  FOCUS               68    5%      45    3%
  SLIPSTREAM          44    4%      49    3%
  RELOAD              56    5%      36    2%
  HUNKER              25    2%      55    4%
  INTEL               31    2%      37    2%
  STABILIZE           23    2%      35    2%
  PIN                  9    1%      18    1%
  ITEM:SMOKE          12    1%      15    1%
  MARK                13    1%      13    1%
  DRAG                 4    0%      12    1%
  REARM                8    1%       6    0%
  PATCH                7    1%       6    0%
  GRENADE              4    0%       8    1%
  GRAPPLE              6    0%       5    0%
  BEACON               3    0%       4    0%
  PLANT                3    0%       3    0%
  HACK                 2    0%       2    0%
  BARREL               1    0%       2    0%

PLAYER CLASS PERFORMANCE:
  class        shots   hit%   dmg   kills
  GUNNER         258    86%   1176     69
  SHARPSHOOTER    146    95%    982     66
  ASSAULT        189    86%    896     48
  RANGER         154    75%    664     42
  CORPSMAN        18    94%     69      1

SOLDIER DEATHS BY ENEMY CLASS (threat ranking):
  BRUISER    : 10
  STRIKE     : 9
  BURN       : 9
  DRONE      : 8
  HUNTER     : 8
  SHIELD     : 7
  ELITE      : 7
  GRUNT      : 6
  STRIKER    : 6
  SCREENER   : 5
  LANCER     : 5
  BERSERKER  : 5
  SAPPER     : 4
  TURRET     : 4
  SCOUT      : 4
  SPOTTER    : 3
  MORTAR     : 3
  WARBRINGER : 2
  MEDIC      : 1
  SLAM       : 1
  SNIPER     : 1

SOLDIER DOWNS (FUL-7 bleed-out): 216 downs -> revived 9 / recovered 43 / bled out 138 / finished 24  (save-rate   25%)
  corpsman fielded in 14 missions

ENEMY COMPOSITION (spawns; faction-stamped fights n=577 / default-cascade fights n=180):
  class        faction         default
  GRUNT           56   10%       39   22%
  SCOUT           22    4%       53   29%
  BRUISER         61   11%        4    2%
  DRONE           48    8%        8    4%
  ELITE           44    8%        4    2%
  HUNTER          35    6%        8    4%
  BERSERKER       38    7%        4    2%
  LANCER          36    6%        6    3%
  SAPPER          32    6%        5    3%
  HOUND           16    3%       14    8%
  SHIELD          27    5%        2    1%
  SPOTTER         24    4%        3    2%
  SCREENER        26    5%        0    0%
  TURRET          16    3%        9    5%
  STRIKER         16    3%        5    3%
  MORTAR          16    3%        3    2%
  SNIPER          12    2%        6    3%
  MEDIC           13    2%        4    2%
  CUSTODIAN       13    2%        3    2%
  WARBRINGER      15    3%        0    0%
  PIKEMAN          7    1%        0    0%
  BOMBARD          4    1%        0    0%

PERK PICK FREQUENCY:
  MOM           : 14
  GUN           : 14
  LCK           : 12
  FST           : 11
  OUT           : 10
  SKR           : 10
  MRK           : 9
  SGE           : 8
  CQB           : 8
  GRD           : 7
  BND           : 6
  HRD           : 6
  TNK           : 6
  BRK           : 6
  EXC           : 5
  PLT           : 5
  VNT           : 3
  CLH           : 2
  RFX           : 2

SHOP PURCHASE FREQUENCY:
  WPN: HOLLOW POINT : 62
  FIELD MEDKIT      : 54
  WPN: SCOPE        : 53
  WPN: STABILIZER   : 28
  WPN: EXTENDED MAG : 26
  BALLISTIC PLATING : 26
  COMBAT STIMS      : 21
  COUNTER-PREP      : 20
  WPN: BIPOD        : 19
  WPN: SUPPRESSOR   : 16
  FRAG CACHE        : 14
  ARMORY            : 14
  ADV. TRAINING     : 8

BOON PICK FREQUENCY (PROCS = effect fires at instrumented sites; '-' = not instrumented;
                      PYR counts the +2-turn-burn half only — the Burning-immunity half is uninstrumented):
  code                 picks   PROCS
  SHK               :     6       5
  GHO               :     5       -
  SCV               :     5       -
  ADR               :     4       -
  EXE               :     4       -
  FVR               :     4       -
  MRK               :     4       -
  PYR               :     4       1
  TRR               :     4      12
  GRN               :     3       -
  RCL               :     3       1
  VNM               :     3       -
  FDR               :     1       0
  FST               :     1      12
  RPD               :     1       -

RUN WIN-RATE BY BOON (campaign runs holding it):
  SHK               :   17% ±15  (in 6 runs)
  GHO               :   20% ±18  (in 5 runs)
  SCV               :   20% ±18  (in 5 runs)
  ADR               :   25% ±22  (in 4 runs)
  EXE               :    0% ±0  (in 4 runs)
  FVR               :   25% ±22  (in 4 runs)
  MRK               :   50% ±25  (in 4 runs)
  PYR               :    0% ±0  (in 4 runs)
  TRR               :    0% ±0  (in 4 runs)
  GRN               :   33% ±27  (in 3 runs)
  RCL               :   33% ±27  (in 3 runs)
  VNM               :   33% ±27  (in 3 runs)
  FDR               :    0% ±0  (in 1 runs)
  FST               :    0% ±0  (in 1 runs)
  RPD               :  100% ±0  (in 1 runs)

RUN WIN-RATE BY SPEC (campaign runs fielding it):
  ANC               :   14% ±13  (in 7 runs)
  JUG               :   40% ±22  (in 5 runs)
  SNT               :   20% ±18  (in 5 runs)
  HHT               :    0% ±0  (in 4 runs)
  ADN               :    0% ±0  (in 2 runs)
  PTH               :    0% ±0  (in 2 runs)
  BRC               :  100% ±0  (in 1 runs)

RUN WIN-RATE BY PERK (campaign runs holding it):
  LCK               :    9% ±9  (in 11 runs)
  GUN               :   10% ±9  (in 10 runs)
  MOM               :   30% ±14  (in 10 runs)
  FST               :   22% ±14  (in 9 runs)
  MRK               :   38% ±17  (in 8 runs)
  SGE               :   13% ±12  (in 8 runs)
  OUT               :   29% ±17  (in 7 runs)
  BND               :   17% ±15  (in 6 runs)
  GRD               :   17% ±15  (in 6 runs)
  HRD               :   17% ±15  (in 6 runs)
  SKR               :   17% ±15  (in 6 runs)
  CQB               :   20% ±18  (in 5 runs)
  PLT               :   20% ±18  (in 5 runs)
  TNK               :    0% ±0  (in 5 runs)
  BRK               :    0% ±0  (in 4 runs)
  EXC               :    0% ±0  (in 4 runs)
  VNT               :    0% ±0  (in 3 runs)
  CLH               :    0% ±0  (in 2 runs)
  RFX               :    0% ±0  (in 2 runs)

RUN WIN-RATE BY PURCHASE (campaign runs buying it):
  FIELD MEDKIT      :   18% ±9  (in 17 runs)
  WPN: SCOPE        :    7% ±6  (in 15 runs)
  COUNTER-PREP      :   15% ±10  (in 13 runs)
  WPN: HOLLOW POINT :   25% ±13  (in 12 runs)
  WPN: BIPOD        :   18% ±12  (in 11 runs)
  ARMORY            :   20% ±13  (in 10 runs)
  WPN: STABILIZER   :   30% ±14  (in 10 runs)
  BALLISTIC PLATING :   22% ±14  (in 9 runs)
  COMBAT STIMS      :   22% ±14  (in 9 runs)
  WPN: EXTENDED MAG :   13% ±12  (in 8 runs)
  WPN: SUPPRESSOR   :   25% ±15  (in 8 runs)
  ADV. TRAINING     :   14% ±13  (in 7 runs)
  FRAG CACHE        :   17% ±15  (in 6 runs)

RUN WIN-RATE BY EVENT-CHOICE (campaign runs taking id:arm):
  informant:2       :   25% ±22  (in 4 runs)
  quartermaster:1   :    0% ±0  (in 4 runs)
  bloodfeud:2       :    0% ±0  (in 2 runs)
  depot:0           :   50% ±35  (in 2 runs)
  informant:1       :   50% ±35  (in 2 runs)
  profiteer:1       :    0% ±0  (in 2 runs)
  warpension:1      :    0% ±0  (in 2 runs)
  warpension:2      :   50% ±35  (in 2 runs)
  drill:1           :    0% ±0  (in 1 runs)
  reservecall:1     :    0% ±0  (in 1 runs)
  warchest:0        :    0% ±0  (in 1 runs)
═══════════════════════════════════════════════════════════════════════

batch wall-time: 9.4s  (20 matches across 10 campaigns × 2 policy, frame-cap hits: 0)
aggregate JSON -> /home/user/wt/heat-pin/docs/measurements/l5/L5fac-m0a0b0-h6-b70.json
INFO: TEXTURE: [ID 2] Unloaded texture data from VRAM (GPU)
INFO: SHADER: [ID 3] Default shader unloaded successfully
INFO: TEXTURE: [ID 1] Default texture unloaded successfully
INFO: Window closed successfully
