BALANCE: heat PINNED for this batch (field-event AddHeat is a no-op; SIGHTLINE_HEATPIN=0 restores the leak)
INFO: Initializing raylib 6.0
INFO: Platform backend: DESKTOP (GLFW)
INFO: Supported raylib modules:
INFO:     > rcore:..... loaded (mandatory)
INFO:     > rlgl:...... loaded (mandatory)
INFO:     > rshapes:... loaded (optional)
INFO:     > rtextures:. loaded (optional)
INFO:     > rtext:..... loaded (optional)
INFO:     > rmodels:... loaded (optional)
INFO:     > raudio:.... loaded (optional)
INFO: DISPLAY: Trying to enable MSAA x4
INFO: DISPLAY: Device initialized successfully 
INFO:     > Display size: 1280 x 800
INFO:     > Screen size:  1280 x 800
INFO:     > Render size:  1280 x 800
INFO:     > Viewport offsets: 0, 0
INFO: GLAD: OpenGL extensions loaded successfully
INFO: GL: Supported extensions count: 229
INFO: GL: OpenGL device information:
INFO:     > Vendor:   Mesa
INFO:     > Renderer: llvmpipe (LLVM 20.1.2, 256 bits)
INFO:     > Version:  4.5 (Core Profile) Mesa 25.2.8-0ubuntu0.24.04.2
INFO:     > GLSL:     4.50
INFO: GL: VAO extension detected, VAO functions loaded successfully
INFO: GL: NPOT textures extension detected, full NPOT textures supported
INFO: GL: DXT compressed textures supported
INFO: GL: ETC2/EAC compressed textures supported
INFO: PLATFORM: DESKTOP (GLFW - X11): Initialized successfully
INFO: TEXTURE: [ID 1] Texture loaded successfully (1x1 | R8G8B8A8 | 1 mipmaps)
INFO: TEXTURE: [ID 1] Default texture loaded successfully
INFO: SHADER: [ID 1] Vertex shader compiled successfully
INFO: SHADER: [ID 2] Fragment shader compiled successfully
INFO: SHADER: [ID 3] Program shader loaded successfully
INFO: SHADER: [ID 3] Default shader loaded successfully
INFO: RLGL: Render batch vertex buffers loaded successfully in RAM (CPU)
INFO: RLGL: Render batch vertex buffers loaded successfully in VRAM (GPU)
INFO: RLGL: Default OpenGL state initialized successfully
INFO: TEXTURE: [ID 2] Texture loaded successfully (128x128 | GRAY_ALPHA | 1 mipmaps)
INFO: FONT: Default font loaded successfully (224 glyphs)
INFO: SYSTEM: Working Directory: /home/user/wt/heat-pin
INFO: TIMER: Target time per frame: 0.000 milliseconds
FINALE-KIT: Syndicate
WAVE: +2 (DRONE,SHIELD) [rich]
WAVE: +2 (SHIELD,GRUNT) [rich]
WAVE: +2 (SHIELD,DRONE) [rich]
REINFORCEMENTS: +2 (GRUNT,GRUNT)
FINALE-KIT: Syndicate
WAVE: +2 (DRONE,SPOTTER) [rich]
WAVE: +2 (SHIELD,SAPPER) [rich]
WAVE: +2 (SPOTTER,SHIELD) [rich]
REINFORCEMENTS: +2 (GRUNT,GRUNT)
FINALE-KIT: Wardens
FINALE-KIT: Wardens
FINALE-KIT: Wardens
WAVE: +2 (LANCER,SHIELD) [rich]
WAVE: +2 (CUSTODIAN,BERSERKER) [rich]
WAVE: +2 (BERSERKER,HOUND) [rich]
REINFORCEMENTS: +2 (GRUNT,SCOUT)
REINFORCEMENTS: +2 (SCOUT,SCOUT)
match 5/20  (W:0 L:5 cap:0)  3.0s
FINALE-KIT: Wardens
WAVE: +2 (MORTAR,SNIPER) [rich]
WAVE: +2 (STRIKER,HOUND) [rich]
WAVE: +2 (HUNTER,STRIKER) [rich]
REINFORCEMENTS: +2 (SCOUT,SCOUT)
REINFORCEMENTS: +2 (SCOUT,GRUNT)
REINFORCEMENTS: +3 (GRUNT,SCOUT,GRUNT)
FINALE-KIT: Legion
WAVE: +2 (SPOTTER,CUSTODIAN) [rich]
WAVE: +2 (SAPPER,DRONE) [rich]
WAVE: +2 (SCREENER,DRONE) [rich]
WAVE: +3 (HUNTER,STRIKER,BRUISER) [rich]
WAVE: +1 (HUNTER) [rich]
FINALE-KIT: Legion
WAVE: +2 (CUSTODIAN,SAPPER) [rich]
WAVE: +2 (SHIELD,GRUNT) [rich]
WAVE: +2 (SHIELD,SAPPER) [rich]
WAVE: +3 (HOUND,STRIKER,WARBRINGER) [rich]
WAVE: +2 (BERSERKER,BRUISER) [rich]
WAVE: +1 (BERSERKER) [rich]
FINALE-KIT: Syndicate
WAVE: +3 (SCREENER,DRONE,SPOTTER) [rich]
WAVE: +3 (SPOTTER,SPOTTER,SAPPER) [rich]
WAVE: +3 (SPOTTER,SAPPER,SAPPER) [rich]
REINFORCEMENTS: +2 (GRUNT,SCOUT)
REINFORCEMENTS: +2 (GRUNT,GRUNT)
REINFORCEMENTS: +2 (SCOUT,SCOUT)
REINFORCEMENTS: +2 (GRUNT,GRUNT)
REINFORCEMENTS: +3 (GRUNT,GRUNT,SCOUT)
FINALE-KIT: Syndicate
match 10/20  (W:2 L:8 cap:0)  5.4s
FINALE-KIT: Wardens
WAVE: +2 (BERSERKER,BRUISER) [rich]
WAVE: +2 (BERSERKER,LANCER) [rich]
WAVE: +2 (SCOUT,HUNTER) [rich]
FINALE-KIT: Wardens
WAVE: +2 (BRUISER,HOUND) [rich]
WAVE: +2 (BRUISER,SCOUT) [rich]
WAVE: +2 (BERSERKER,STRIKER) [rich]
FINALE-KIT: Wardens
WAVE: +2 (HOUND,LANCER) [rich]
WAVE: +2 (DRONE,HUNTER) [rich]
WAVE: +2 (SCOUT,BRUISER) [rich]
FINALE-KIT: Wardens
WAVE: +2 (BRUISER,STRIKER) [rich]
WAVE: +2 (LANCER,HOUND) [rich]
WAVE: +2 (HUNTER,SCOUT) [rich]
FINALE-KIT: Wardens
WAVE: +2 (DRONE,SNIPER) [rich]
WAVE: +2 (DRONE,SCOUT) [rich]
WAVE: +2 (LANCER,HUNTER) [rich]
WAVE: +3 (BERSERKER,HUNTER,BERSERKER) [rich]
WAVE: +1 (HUNTER) [rich]
WAVE: +1 (HUNTER) [rich]
match 15/20  (W:3 L:12 cap:0)  7.0s
FINALE-KIT: Wardens
WAVE: +2 (HOUND,SNIPER) [rich]
WAVE: +2 (HUNTER,DRONE) [rich]
WAVE: +2 (STRIKER,LANCER) [rich]
FINALE-KIT: Legion
FINALE-KIT: Legion
WAVE: +3 (SAPPER,HUNTER,SNIPER) [rich]
WAVE: +2 (LANCER,PIKEMAN) [rich]
REINFORCEMENTS: +2 (SCOUT,SCOUT)
FINALE-KIT: Legion
FINALE-KIT: Legion
match 20/20  (W:4 L:16 cap:0)  8.1s

══════════════════════ SIGHTLINE BALANCE REPORT ══════════════════════
runs=20  missions=65

RUN OUTCOMES (campaign):  win-rate   20%   avg missions cleared 3.6

POLICY GAP (optimal vs human-error; campaign runs only):
  greedy win-rate   20%  (n=10)
  sloppy win-rate   20%  (n=10)
  GAP    0 pts  (healthy slack)
  PAIRED (same-seed slots): pairs=10  concordant=8  discordant greedy-only-won=1 / sloppy-only-won=1  paired gap    0 pts
  PER-SLOT RECORDS (greedy | sloppy: outcome + missions cleared; margin = g−s):
    slot  70 @h6: L 4 | L 4   margin +0
    slot  71 @h6: L 2 | L 0   margin +2
    slot  72 @h6: L 4 | L 4   margin +0
    slot  73 @h6: W 6 | W 6   margin +0
    slot  74 @h6: L 5 | L 2   margin +3
    slot  75 @h6: L 5 | L 2   margin +3
    slot  76 @h6: L 4 | L 2   margin +2
    slot  77 @h6: W 6 | L 2   margin +4
    slot  78 @h6: L 2 | W 6   margin -4
    slot  79 @h6: L 3 | L 2   margin +1
  PAIRED MARGIN (missions cleared, all pairs): +1.10 ±0.72 SE  (n=10 pairs)
  by objective (greedy / sloppy / gap):
    Decapitate :   33% /   50% / gap  -17
    Defend     :  100% /  100% / gap    0
    Eliminate  :  100% /   75% / gap   25
    Escort     :   20% /  100% / gap  -80
    Hack       :  100% /    0% / gap  100
    Rescue     :  100% /    0% / gap  100
    Sabotage   :  100% /    0% / gap  100

DECISION RICHNESS / SWING:
  meaningful-choices/turn 2.11   lead-swings/match 0.9   avg max-swing 54.5
  [shot-gate] acting-soldiers/turn 3.02   armed-soldiers/turn 0.86   armed-fraction 29%   turns-with-a-shot 43%   choices/ARMED-soldier-turn 2.45
  [choice-split] los-targets/ARMED 2.43   target-choices/ARMED 0.45   position-choices/ARMED 1.99

RUN COMPLETION BY HEAT (full-campaign clears):
  heat 6:   20% ±9  (n=20 runs, avg 3.6 missions)
  HEAT LEAK: pinned=yes  heat-raising picks=3  campaigns raised=0  missions off-rung=0/65
  STALEMATES: mission-cap 1  run-cap 0   [slot 79 g m4 Escort mis rt=61]

INTEL ECONOMY BY HEAT (campaign runs; heat-bonus = the Heat.IntelBonus share of income):
  heat 6: earned  177.5/run   heat-bonus  81.0 (  46% of income)   spent  162.2   unspent   15.3

MISSION WIN-RATE BY HEAT:
  heat 6:   75%  (n=65, avg 6.9 turns)

MISSION WIN-RATE BY OBJECTIVE:
  Eliminate  :   88% ±7  (n=24, avg 5.5 turns)
  Defend     :  100% ±0  (n=17, avg 9.0 turns)
  Decapitate :   40% ±15  (n=10, avg 5.5 turns)
  Escort     :   33% ±19  (n=6, avg 13.2 turns)
  Hack       :   67% ±27  (n=3, avg 3.7 turns)
  Sabotage   :   50% ±35  (n=2, avg 4.5 turns)
  Rescue     :   50% ±35  (n=2, avg 4.0 turns)
  Evac       :  100% ±0  (n=1, avg 2.0 turns)

MISSION WIN-RATE BY OBJECTIVE x NODE KIND (a capstone must never pool with a mid-run node):
  Eliminate  : Start:  95%(n=20)  Elite:  50%(n=2)  Combat:  50%(n=2)
               depth: m1:95%(20) m3:50%(4)
  Defend     : Combat: 100%(n=10)  Supply: 100%(n=7)
               depth: m2:100%(8) m3:100%(4) m4:100%(3) m5:100%(2)
  Decapitate : Boss:  67%(n=6)  Elite:   0%(n=4)
               depth: m5:0%(4) m6:67%(6)
  Escort     : Combat:  25%(n=4)  Elite: 100%(n=1)  Supply:   0%(n=1)
               depth: m3:33%(3) m4:50%(2) m5:0%(1)
  Hack       : Combat:  50%(n=2)  Supply: 100%(n=1)
               depth: m3:50%(2) m5:100%(1)
  Sabotage   : Combat:  50%(n=2)
               depth: m3:50%(2)
  Rescue     : Elite:  50%(n=2)
               depth: m3:50%(2)
  Evac       : Combat: 100%(n=1)
               depth: m4:100%(1)

ENCOUNTER COMPLETION on MID-RUN nodes (Combat+Elite) — clear% is the share of the fight actually fought:
  objective     n   win%   turns   force    +rf  killed  clear%   prs  WONclear%
  Defend        10  100%     9.0    5.90   6.00    3.10    26.1  0.00     26.1 (n=10)
  Escort         5   40%     5.6    9.80   0.00    2.20    22.4  0.00     40.0 (n=2)
  Decapitate     4    0%     7.0   11.00   1.00    0.25     2.1  1.25      0.0 (n=0)
  Eliminate      4   50%    17.0   10.00   0.00    5.25    52.5  2.50    100.0 (n=2)
  Sabotage       2   50%     4.5    7.00   0.00    0.50     7.1  0.00      0.0 (n=1)
  Hack           2   50%     4.0    9.00   0.00    0.00     0.0  0.00      0.0 (n=1)
  Rescue         2   50%     4.0   11.00   0.00    2.00    18.2  0.00     36.4 (n=1)
  Evac           1  100%     2.0   10.00   0.00    1.00    10.0  0.00     10.0 (n=1)
  ---- the two classes ----
  KILL           8   25%    12.0   10.50   0.50    2.75    25.0  1.88    100.0 (n=2)
  NON-KILL      22   73%     6.6    7.82   2.73    2.18    20.7  0.00     25.0 (n=16)

DECAPITATE HVT (buff = +6+1*mission HP, +6 aim; ELITE exempt):
  EXEMPT  :   40% ±15  (n=10, avg 5.5 turns, HVT 24.4 max HP)  [m5:0%(4) m6:67%(6)]

MISSION WIN-RATE BY MISSION #:
  m1:   95% ±5  (n=20)
  m2:  100% ±0  (n=8)
  m3:   59% ±12  (n=17)
  m4:   83% ±15  (n=6)
  m5:   38% ±17  (n=8)
  m6:   67% ±19  (n=6)

LOSS CAUSES (missions):
  RUN OVER              : 11
  VIP LOST              : 3
  STALEMATE-MISSION     : 1
  CAPTIVE LOST          : 1

MISSION WIN-RATE BY ARENA (authored layouts, n>=3; procedural fallback   22% of 65 missions):
  arena 10:   86% ±13  (n=7, avg 6.4 turns)  [m2:100%(1) m3:100%(2) m4:100%(1) m5:0%(1) m6:100%(2)]
  arena 13:   67% ±27  (n=3, avg 3.0 turns)  [m1:100%(2) m3:0%(1)]
  arena 19:   50% ±25  (n=4, avg 7.5 turns)  [m2:100%(1) m3:100%(1) m5:0%(2)]
  arena 20:  100% ±0  (n=3, avg 7.0 turns)  [m3:100%(1) m4:100%(2)]
  arena 28:  100% ±0  (n=4, avg 6.3 turns)  [m1:100%(2) m3:100%(1) m5:100%(1)]
  arena 33:   83% ±15  (n=6, avg 5.5 turns)  [m1:100%(2) m2:100%(2) m3:50%(2)]
  arena 34:   67% ±27  (n=3, avg 21.3 turns)  [m2:100%(1) m3:50%(2)]
  procedural:   71% ±12  (n=14, avg 6.0 turns)  [m1:75%(4) m2:100%(3) m3:40%(5) m5:100%(1) m6:100%(1)]

DEPLOYMENT GEOMETRY (opening shape; choices/ARMED is the wave's real gate):
  FRONTAL   :   57% ±10  (n=23, avg 8.0 turns)  choices/turn 2.12  choices/ARMED 2.39  los-targets/ARMED 2.28
  PINCER    :   78% ±9  (n=23, avg 7.7 turns)  choices/turn 1.85  choices/ARMED 2.77  los-targets/ARMED 3.00
  CROSSFIRE :   75% ±22  (n=4, avg 6.0 turns)  choices/turn 1.32  choices/ARMED 2.23  los-targets/ARMED 2.00
  ENVELOP   :  100% ±0  (n=15, avg 4.2 turns)  choices/turn 3.15  choices/ARMED 2.16  los-targets/ARMED 2.05

ARENA FUNNEL (Mission.Build exits, n=76 builds, all modes):
  authored-applied    :  77.6%  (n=59)
  connectivity-reject :   0.0%  (n=0)
  procedural-roll     :  22.4%  (n=17)

DECK EXPOSURE (campaign runs n=20):
  distinct authored arenas/run : 2.55 mean (all runs)
  ... full-depth runs only     : 4.00 mean over 4.8 fights/run (n=4)
  Defend dealt on the route    :   70% of runs (n=14)

ENEMY DECISION MIX (contested acts=1505; all-downed acts not counted=408):
  hunker          667    44%
  shoot           593    39%
  move            120     8%
  grenade          28     2%
  reload           26     2%
  heal             18     1%
  brace            16     1%
  item             15     1%
  siege             8     1%
  overwatch         5     0%
  staleplan         4     0%
  sap               3     0%
  shove             2     0%

  the shot on the table (acts where the chosen tile HAD a shot = 661):
    hit% band     taken   share   E[dmg]/shot   declined   share   E[dmg]/shot
      0-19           2      0%          1.17          0      0%          0.00
     20-39          17      3%          1.41          2     50%          0.89
     40-59          79     13%          2.09          2     50%          1.84
     60-79         228     38%          3.02          0      0%          0.00
      80+          267     45%          4.40          0      0%          0.00
    TOTAL           593                              4
  taken   90% / DECLINED    1% / preempted by another verb   10%
  enemy lanes held (overwatch+brace) 21; reaction shots fired 4  ->   19% of lanes paid off   [C2: DeclineWatchRatio is a bet on this number]

ACTION MIX (verbs issued, by policy):
  verb                  greedy        sloppy
  MOVE               443   30%     333   33%
  SHOOT              341   23%     228   23%
  OVERWATCH          212   14%     111   11%
  BRACE               93    6%      93    9%
  FOCUS               60    4%      39    4%
  SLIPSTREAM          53    4%      43    4%
  HUNKER              79    5%      14    1%
  RELOAD              67    5%      23    2%
  INTEL               32    2%      28    3%
  STABILIZE           29    2%      17    2%
  ITEM:SMOKE          16    1%      10    1%
  MARK                13    1%      12    1%
  PIN                 12    1%      10    1%
  GRENADE              4    0%       8    1%
  REARM                8    1%       4    0%
  GRAPPLE              3    0%       7    1%
  PATCH                3    0%       7    1%
  DRAG                 3    0%       3    0%
  HACK                 4    0%       2    0%
  PLANT                4    0%       2    0%
  BARREL               1    0%       2    0%
  BEACON               2    0%       1    0%
  ITEM:BARRICADE       1    0%       0    0%
  ITEM:INCENDIARY       0    0%       1    0%

PLAYER CLASS PERFORMANCE:
  class        shots   hit%   dmg   kills
  GUNNER         184    89%    852     54
  ASSAULT        175    87%    819     47
  RANGER         149    75%    688     49
  SHARPSHOOTER    107    87%    661     43
  CORPSMAN        24    75%     79      1

SOLDIER DEATHS BY ENEMY CLASS (threat ranking):
  GRUNT      : 13
  BERSERKER  : 8
  BRUISER    : 8
  ELITE      : 7
  SPOTTER    : 6
  DRONE      : 5
  BURN       : 5
  MORTAR     : 5
  SAPPER     : 4
  MEDIC      : 4
  HUNTER     : 4
  TURRET     : 3
  STRIKER    : 3
  STRIKE     : 2
  LANCER     : 2
  SHIELD     : 1
  SCOUT      : 1
  WARBRINGER : 1

SOLDIER DOWNS (FUL-7 bleed-out): 178 downs -> revived 4 / recovered 32 / bled out 117 / finished 13  (save-rate   27%)
  corpsman fielded in 16 missions

ENEMY COMPOSITION (spawns; faction-stamped fights n=503 / default-cascade fights n=172):
  class        faction         default
  GRUNT           46    9%       36   21%
  SCOUT           16    3%       50   29%
  SAPPER          50   10%        4    2%
  HUNTER          43    9%       10    6%
  BRUISER         43    9%        5    3%
  DRONE           38    8%        8    5%
  ELITE           38    8%        4    2%
  LANCER          29    6%       13    8%
  BERSERKER       34    7%        4    2%
  STRIKER         22    4%        7    4%
  HOUND           16    3%       10    6%
  SHIELD          19    4%        3    2%
  SCREENER        19    4%        3    2%
  SPOTTER         21    4%        0    0%
  MORTAR          11    2%        6    3%
  TURRET          13    3%        0    0%
  PIKEMAN          9    2%        4    2%
  MEDIC           12    2%        0    0%
  SNIPER           5    1%        4    2%
  CUSTODIAN        8    2%        1    1%
  WARBRINGER       8    2%        0    0%
  BOMBARD          3    1%        0    0%

PERK PICK FREQUENCY:
  MOM           : 12
  OUT           : 11
  GUN           : 11
  GRD           : 10
  BND           : 10
  CQB           : 10
  FST           : 9
  SKR           : 9
  EXC           : 8
  LCK           : 7
  SGE           : 7
  TNK           : 7
  MRK           : 5
  RFX           : 5
  CLH           : 4
  BRK           : 4
  HRD           : 4
  VNT           : 2
  PLT           : 1

SHOP PURCHASE FREQUENCY:
  WPN: SCOPE        : 52
  WPN: HOLLOW POINT : 47
  FIELD MEDKIT      : 45
  WPN: STABILIZER   : 25
  WPN: BIPOD        : 23
  BALLISTIC PLATING : 18
  COUNTER-PREP      : 16
  ADV. TRAINING     : 15
  WPN: EXTENDED MAG : 13
  ARMORY            : 12
  FRAG CACHE        : 12
  WPN: SUPPRESSOR   : 9
  COMBAT STIMS      : 8

BOON PICK FREQUENCY (PROCS = effect fires at instrumented sites; '-' = not instrumented;
                      PYR counts the +2-turn-burn half only — the Burning-immunity half is uninstrumented):
  code                 picks   PROCS
  FDR               :     6       2
  FVR               :     4       -
  GHO               :     4       -
  MRK               :     4       -
  SCV               :     4       -
  ADR               :     3       -
  EXE               :     3       -
  FRT               :     3       -
  SHK               :     3       2
  TRR               :     3      13
  PYR               :     2       0
  RPD               :     2       -
  FST               :     1      10
  GRN               :     1       -
  RCL               :     1       0
  VNM               :     1       -

RUN WIN-RATE BY BOON (campaign runs holding it):
  FDR               :   33% ±19  (in 6 runs)
  FVR               :   50% ±25  (in 4 runs)
  GHO               :    0% ±0  (in 4 runs)
  MRK               :    0% ±0  (in 4 runs)
  SCV               :    0% ±0  (in 4 runs)
  ADR               :   67% ±27  (in 3 runs)
  EXE               :   67% ±27  (in 3 runs)
  FRT               :   67% ±27  (in 3 runs)
  SHK               :   33% ±27  (in 3 runs)
  TRR               :   33% ±27  (in 3 runs)
  PYR               :    0% ±0  (in 2 runs)
  RPD               :   50% ±35  (in 2 runs)
  FST               :  100% ±0  (in 1 runs)
  GRN               :  100% ±0  (in 1 runs)
  RCL               :    0% ±0  (in 1 runs)
  VNM               :    0% ±0  (in 1 runs)

RUN WIN-RATE BY SPEC (campaign runs fielding it):
  HHT               :   43% ±19  (in 7 runs)
  ADN               :   67% ±27  (in 3 runs)
  ANC               :    0% ±0  (in 2 runs)
  JUG               :    0% ±0  (in 2 runs)
  PHN               :    0% ±0  (in 2 runs)
  PTH               :    0% ±0  (in 2 runs)
  SNT               :   50% ±35  (in 2 runs)
  BRC               :    0% ±0  (in 1 runs)

RUN WIN-RATE BY PERK (campaign runs holding it):
  BND               :   22% ±14  (in 9 runs)
  CQB               :   22% ±14  (in 9 runs)
  GRD               :   22% ±14  (in 9 runs)
  OUT               :   22% ±14  (in 9 runs)
  FST               :   25% ±15  (in 8 runs)
  GUN               :   13% ±12  (in 8 runs)
  MOM               :   13% ±12  (in 8 runs)
  EXC               :   43% ±19  (in 7 runs)
  LCK               :   14% ±13  (in 7 runs)
  SGE               :   14% ±13  (in 7 runs)
  SKR               :   50% ±20  (in 6 runs)
  TNK               :   33% ±19  (in 6 runs)
  RFX               :   60% ±22  (in 5 runs)
  BRK               :   25% ±22  (in 4 runs)
  CLH               :   25% ±22  (in 4 runs)
  MRK               :   25% ±22  (in 4 runs)
  HRD               :   33% ±27  (in 3 runs)
  VNT               :   50% ±35  (in 2 runs)
  PLT               :    0% ±0  (in 1 runs)

RUN WIN-RATE BY PURCHASE (campaign runs buying it):
  FIELD MEDKIT      :   25% ±11  (in 16 runs)
  WPN: SCOPE        :   20% ±10  (in 15 runs)
  WPN: HOLLOW POINT :   31% ±13  (in 13 runs)
  WPN: BIPOD        :   18% ±12  (in 11 runs)
  ARMORY            :   30% ±14  (in 10 runs)
  COUNTER-PREP      :   40% ±15  (in 10 runs)
  ADV. TRAINING     :   22% ±14  (in 9 runs)
  BALLISTIC PLATING :   57% ±19  (in 7 runs)
  FRAG CACHE        :   43% ±19  (in 7 runs)
  WPN: STABILIZER   :   14% ±13  (in 7 runs)
  WPN: SUPPRESSOR   :   14% ±13  (in 7 runs)
  WPN: EXTENDED MAG :   67% ±19  (in 6 runs)
  COMBAT STIMS      :   60% ±22  (in 5 runs)

RUN WIN-RATE BY EVENT-CHOICE (campaign runs taking id:arm):
  informant:2       :    0% ±0  (in 5 runs)
  quartermaster:1   :   75% ±22  (in 4 runs)
  bloodfeud:2       :    0% ±0  (in 2 runs)
  depot:0           :    0% ±0  (in 2 runs)
  informant:1       :    0% ±0  (in 2 runs)
  profiteer:1       :  100% ±0  (in 2 runs)
  warchest:0        :    0% ±0  (in 2 runs)
  drill:1           :    0% ±0  (in 1 runs)
  reservecall:1     :    0% ±0  (in 1 runs)
  warpension:1      :    0% ±0  (in 1 runs)
═══════════════════════════════════════════════════════════════════════

batch wall-time: 8.1s  (20 matches across 10 campaigns × 2 policy, frame-cap hits: 0)
aggregate JSON -> /home/user/wt/heat-pin/docs/measurements/l5/L5fac-m3a1b0-h6-b70.json
INFO: TEXTURE: [ID 2] Unloaded texture data from VRAM (GPU)
INFO: SHADER: [ID 3] Default shader unloaded successfully
INFO: TEXTURE: [ID 1] Default texture unloaded successfully
INFO: Window closed successfully
