BALANCE: heat PINNED for this batch (field-event AddHeat is a no-op; SIGHTLINE_HEATPIN=0 restores the leak)
INFO: Initializing raylib 6.0
INFO: Platform backend: DESKTOP (GLFW)
INFO: Supported raylib modules:
INFO:     > rcore:..... loaded (mandatory)
INFO:     > rlgl:...... loaded (mandatory)
INFO:     > rshapes:... loaded (optional)
INFO:     > rtextures:. loaded (optional)
INFO:     > rtext:..... loaded (optional)
INFO:     > rmodels:... loaded (optional)
INFO:     > raudio:.... loaded (optional)
INFO: DISPLAY: Trying to enable MSAA x4
INFO: DISPLAY: Device initialized successfully 
INFO:     > Display size: 1280 x 800
INFO:     > Screen size:  1280 x 800
INFO:     > Render size:  1280 x 800
INFO:     > Viewport offsets: 0, 0
INFO: GLAD: OpenGL extensions loaded successfully
INFO: GL: Supported extensions count: 229
INFO: GL: OpenGL device information:
INFO:     > Vendor:   Mesa
INFO:     > Renderer: llvmpipe (LLVM 20.1.2, 256 bits)
INFO:     > Version:  4.5 (Core Profile) Mesa 25.2.8-0ubuntu0.24.04.2
INFO:     > GLSL:     4.50
INFO: GL: VAO extension detected, VAO functions loaded successfully
INFO: GL: NPOT textures extension detected, full NPOT textures supported
INFO: GL: DXT compressed textures supported
INFO: GL: ETC2/EAC compressed textures supported
INFO: PLATFORM: DESKTOP (GLFW - X11): Initialized successfully
INFO: TEXTURE: [ID 1] Texture loaded successfully (1x1 | R8G8B8A8 | 1 mipmaps)
INFO: TEXTURE: [ID 1] Default texture loaded successfully
INFO: SHADER: [ID 1] Vertex shader compiled successfully
INFO: SHADER: [ID 2] Fragment shader compiled successfully
INFO: SHADER: [ID 3] Program shader loaded successfully
INFO: SHADER: [ID 3] Default shader loaded successfully
INFO: RLGL: Render batch vertex buffers loaded successfully in RAM (CPU)
INFO: RLGL: Render batch vertex buffers loaded successfully in VRAM (GPU)
INFO: RLGL: Default OpenGL state initialized successfully
INFO: TEXTURE: [ID 2] Texture loaded successfully (128x128 | GRAY_ALPHA | 1 mipmaps)
INFO: FONT: Default font loaded successfully (224 glyphs)
INFO: SYSTEM: Working Directory: /home/user/wt/heat-pin
INFO: TIMER: Target time per frame: 0.000 milliseconds
FINALE-KIT: Syndicate
FINALE-KIT: Syndicate
FINALE-KIT: Syndicate
REINFORCEMENTS: +2 (SCOUT,SCOUT)
FINALE-KIT: Syndicate
FINALE-KIT: Legion
WAVE: +2 (DRONE,DRONE) [rich]
WAVE: +2 (SHIELD,SHIELD) [rich]
WAVE: +2 (DRONE,DRONE) [rich]
match 5/20  (W:0 L:5 cap:0)  2.2s
FINALE-KIT: Legion
WAVE: +2 (DRONE,SHIELD) [rich]
WAVE: +2 (SAPPER,SPOTTER) [rich]
WAVE: +2 (DRONE,SAPPER) [rich]
REINFORCEMENTS: +2 (GRUNT,GRUNT)
REINFORCEMENTS: +2 (SCOUT,GRUNT)
REINFORCEMENTS: +3 (GRUNT,SCOUT,SCOUT)
REINFORCEMENTS: +2 (SCOUT,GRUNT)
FINALE-KIT: Wardens
FINALE-KIT: Wardens
FINALE-KIT: Legion
WAVE: +3 (HUNTER,HUNTER,HUNTER) [rich]
WAVE: +3 (SNIPER,SNIPER,MEDIC) [rich]
WAVE: +2 (SHIELD,DRONE) [rich]
FINALE-KIT: Legion
match 10/20  (W:1 L:9 cap:0)  5.2s
FINALE-KIT: Syndicate
FINALE-KIT: Syndicate
FINALE-KIT: Legion
FINALE-KIT: Legion
FINALE-KIT: Legion
match 15/20  (W:1 L:14 cap:0)  6.4s
FINALE-KIT: Legion
FINALE-KIT: Wardens
WAVE: +2 (SAPPER,SHIELD) [rich]
WAVE: +2 (DRONE,SAPPER) [rich]
WAVE: +2 (DRONE,DRONE) [rich]
WAVE: +2 (SAPPER,SCREENER) [rich]
FINALE-KIT: Wardens
WAVE: +2 (SCREENER,SAPPER) [rich]
WAVE: +2 (DRONE,DRONE) [rich]
WAVE: +2 (DRONE,SHIELD) [rich]
FINALE-KIT: Wardens
WAVE: +2 (SCOUT,SCOUT) [rich]
WAVE: +2 (GRUNT,SNIPER) [rich]
WAVE: +2 (SCOUT,SCOUT) [rich]
FINALE-KIT: Wardens
WAVE: +2 (SCOUT,SCOUT) [rich]
WAVE: +2 (SCOUT,SNIPER) [rich]
WAVE: +2 (SCOUT,MORTAR) [rich]
match 20/20  (W:2 L:18 cap:0)  7.7s

══════════════════════ SIGHTLINE BALANCE REPORT ══════════════════════
runs=20  missions=55

RUN OUTCOMES (campaign):  win-rate   10%   avg missions cleared 2.8

POLICY GAP (optimal vs human-error; campaign runs only):
  greedy win-rate   10%  (n=10)
  sloppy win-rate   10%  (n=10)
  GAP    0 pts  (healthy slack)
  PAIRED (same-seed slots): pairs=10  concordant=8  discordant greedy-only-won=1 / sloppy-only-won=1  paired gap    0 pts
  PER-SLOT RECORDS (greedy | sloppy: outcome + missions cleared; margin = g−s):
    slot  50 @h6: L 2 | L 2   margin +0
    slot  51 @h6: L 1 | L 0   margin +1
    slot  52 @h6: L 5 | L 5   margin +0
    slot  53 @h6: L 3 | L 3   margin +0
    slot  54 @h6: W 6 | L 2   margin +4
    slot  55 @h6: L 3 | L 4   margin -1
    slot  56 @h6: L 1 | L 1   margin +0
    slot  57 @h6: L 2 | L 2   margin +0
    slot  58 @h6: L 2 | L 2   margin +0
    slot  59 @h6: L 4 | W 6   margin -2
  PAIRED MARGIN (missions cleared, all pairs): +0.20 ±0.49 SE  (n=10 pairs)
  by objective (greedy / sloppy / gap):
    Decapitate :   25% /   33% / gap   -8
    Defend     :   75% /   67% / gap    8
    Eliminate  :   91% /   82% / gap    9
    Escort     :  100% /  100% / gap    0
    Evac       :   50% /  100% / gap  -50
    Hack       :  100% /  100% / gap    0
    Rescue     :   67% /   67% / gap    0
    Sabotage   :    0% /    0% / gap    0

DECISION RICHNESS / SWING:
  meaningful-choices/turn 1.89   lead-swings/match 0.8   avg max-swing 64.4
  [shot-gate] acting-soldiers/turn 2.75   armed-soldiers/turn 0.99   armed-fraction 36%   turns-with-a-shot 48%   choices/ARMED-soldier-turn 1.91
  [choice-split] los-targets/ARMED 2.12   target-choices/ARMED 0.23   position-choices/ARMED 1.68

RUN COMPLETION BY HEAT (full-campaign clears):
  heat 6:   10% ±7  (n=20 runs, avg 2.8 missions)
  HEAT LEAK: pinned=yes  heat-raising picks=0  campaigns raised=0  missions off-rung=0/55

INTEL ECONOMY BY HEAT (campaign runs; heat-bonus = the Heat.IntelBonus share of income):
  heat 6: earned  139.1/run   heat-bonus  63.0 (  45% of income)   spent  121.8   unspent   17.3

MISSION WIN-RATE BY HEAT:
  heat 6:   67%  (n=55, avg 5.2 turns)

MISSION WIN-RATE BY OBJECTIVE:
  Eliminate  :   86% ±7  (n=22, avg 3.9 turns)
  Decapitate :   29% ±17  (n=7, avg 5.4 turns)
  Defend     :   71% ±17  (n=7, avg 8.1 turns)
  Rescue     :   67% ±19  (n=6, avg 7.5 turns)
  Sabotage   :    0% ±0  (n=5, avg 6.4 turns)
  Evac       :   75% ±22  (n=4, avg 4.0 turns)
  Hack       :  100% ±0  (n=2, avg 3.0 turns)
  Escort     :  100% ±0  (n=2, avg 4.0 turns)

MISSION WIN-RATE BY OBJECTIVE x NODE KIND (a capstone must never pool with a mid-run node):
  Eliminate  : Start:  95%(n=20)  Combat:   0%(n=2)
               depth: m1:95%(20) m2:0%(2)
  Decapitate : Boss:  50%(n=4)  Elite:   0%(n=2)  Supply:   0%(n=1)
               depth: m2:0%(1) m4:0%(2) m6:50%(4)
  Defend     : Elite:  50%(n=4)  Combat: 100%(n=2)  Supply: 100%(n=1)
               depth: m2:100%(4) m3:0%(2) m4:100%(1)
  Rescue     : Combat:  75%(n=4)  Supply:  50%(n=2)
               depth: m3:75%(4) m4:50%(2)
  Sabotage   : Combat:   0%(n=3)  Elite:   0%(n=2)
               depth: m3:0%(4) m5:0%(1)
  Evac       : Supply: 100%(n=2)  Combat:  50%(n=2)
               depth: m3:100%(2) m5:50%(2)
  Hack       : Supply: 100%(n=2)
               depth: m5:100%(2)
  Escort     : Supply: 100%(n=2)
               depth: m3:100%(2)

ENCOUNTER COMPLETION on MID-RUN nodes (Combat+Elite) — clear% is the share of the fight actually fought:
  objective     n   win%   turns   force    +rf  killed  clear%   prs  WONclear%
  Defend         6   67%     8.0    5.67   5.33    3.00    27.3  0.00     40.0 (n=4)
  Sabotage       5    0%     6.4    8.20   0.00    1.00    12.2  0.00      0.0 (n=0)
  Rescue         4   75%     8.5    9.50   0.00    2.50    26.3  0.00     21.4 (n=3)
  Decapitate     2    0%     5.5   11.00   0.00    0.50     4.5  0.50      0.0 (n=0)
  Eliminate      2    0%     7.5    6.00   0.00    3.50    58.3  1.50      0.0 (n=0)
  Evac           2   50%     6.0   11.00   0.00    0.00     0.0  0.00      0.0 (n=1)
  ---- the two classes ----
  KILL           4    0%     6.5    8.50   0.00    2.00    23.5  1.00      0.0 (n=0)
  NON-KILL      17   47%     7.4    7.94   1.88    1.94    19.8  0.00     27.8 (n=8)

DECAPITATE HVT (buff = +6+1*mission HP, +6 aim; ELITE exempt):
  EXEMPT  :   50% ±25  (n=4, avg 4.8 turns, HVT 23.0 max HP)  [m6:50%(4)]
  BUFFED  :    0% ±0  (n=3, avg 6.3 turns, HVT 23.0 max HP)  [m2:0%(1) m4:0%(2)]

MISSION WIN-RATE BY MISSION #:
  m1:   95% ±5  (n=20)
  m2:   57% ±19  (n=7)
  m3:   50% ±13  (n=14)
  m4:   40% ±22  (n=5)
  m5:   60% ±22  (n=5)
  m6:   50% ±25  (n=4)

LOSS CAUSES (missions):
  RUN OVER              : 16
  CAPTIVE LOST          : 2

MISSION WIN-RATE BY ARENA (authored layouts, n>=3; procedural fallback   16% of 55 missions):
  arena 10:  100% ±0  (n=4, avg 4.3 turns)  [m1:100%(2) m3:100%(2)]
  arena 20:    0% ±0  (n=3, avg 7.0 turns)  [m3:0%(2) m6:0%(1)]
  arena 24:   67% ±27  (n=3, avg 3.3 turns)  [m3:100%(2) m4:0%(1)]
  arena 28:   75% ±22  (n=4, avg 4.5 turns)  [m5:75%(4)]
  arena 31:   67% ±27  (n=3, avg 5.3 turns)  [m1:100%(2) m5:0%(1)]
  arena 32:   44% ±17  (n=9, avg 4.9 turns)  [m1:100%(4) m2:0%(3) m3:0%(2)]
  arena 34:   80% ±18  (n=5, avg 7.0 turns)  [m1:100%(2) m4:67%(3)]
  procedural:   67% ±16  (n=9, avg 5.4 turns)  [m1:75%(4) m2:100%(2) m4:0%(1) m6:50%(2)]

DEPLOYMENT GEOMETRY (opening shape; choices/ARMED is the wave's real gate):
  FRONTAL   :   72% ±11  (n=18, avg 5.8 turns)  choices/turn 1.47  choices/ARMED 2.09  los-targets/ARMED 2.25
  PINCER    :   80% ±10  (n=15, avg 4.5 turns)  choices/turn 1.82  choices/ARMED 1.66  los-targets/ARMED 2.11
  CROSSFIRE :   60% ±15  (n=10, avg 4.8 turns)  choices/turn 2.55  choices/ARMED 2.04  los-targets/ARMED 1.75
  ENVELOP   :   50% ±14  (n=12, avg 5.6 turns)  choices/turn 2.17  choices/ARMED 1.88  los-targets/ARMED 2.31

ARENA FUNNEL (Mission.Build exits, n=67 builds, all modes):
  authored-applied    :  83.6%  (n=56)
  connectivity-reject :   0.0%  (n=0)
  procedural-roll     :  16.4%  (n=11)

DECK EXPOSURE (campaign runs n=20):
  distinct authored arenas/run : 2.30 mean (all runs)
  ... full-depth runs only     : 3.50 mean over 4.5 fights/run (n=2)
  Defend dealt on the route    :   35% of runs (n=7)

ENEMY DECISION MIX (contested acts=1009; all-downed acts not counted=412):
  shoot           585    58%
  hunker          251    25%
  move             62     6%
  grenade          38     4%
  reload           25     2%
  siege            16     2%
  brace            10     1%
  item             10     1%
  heal              5     0%
  sap               3     0%
  overwatch         2     0%
  shove             2     0%

  the shot on the table (acts where the chosen tile HAD a shot = 645):
    hit% band     taken   share   E[dmg]/shot   declined   share   E[dmg]/shot
      0-19           1      0%          0.30          1     33%          0.32
     20-39           8      1%          0.74          1     33%          1.51
     40-59          80     14%          1.39          0      0%          0.00
     60-79         242     41%          2.45          1     33%          2.21
      80+          254     43%          3.53          0      0%          0.00
    TOTAL           585                              3
  taken   91% / DECLINED    0% / preempted by another verb    9%
  enemy lanes held (overwatch+brace) 12; reaction shots fired 7  ->   58% of lanes paid off   [C2: DeclineWatchRatio is a bet on this number]

ACTION MIX (verbs issued, by policy):
  verb                  greedy        sloppy
  MOVE               479   52%     401   46%
  SHOOT              196   21%     237   27%
  OVERWATCH           43    5%      24    3%
  HUNKER              35    4%      30    3%
  INTEL               31    3%      26    3%
  STABILIZE           25    3%      22    3%
  FOCUS               22    2%      25    3%
  BRACE               23    2%      11    1%
  SLIPSTREAM          14    2%      19    2%
  RELOAD              16    2%      17    2%
  ITEM:SMOKE           6    1%      12    1%
  MARK                 6    1%       8    1%
  PIN                  8    1%       5    1%
  PLANT                4    0%       7    1%
  BEACON               5    1%       4    0%
  REARM                5    1%       3    0%
  GRAPPLE              3    0%       4    0%
  HACK                 3    0%       2    0%
  DRAG                 2    0%       3    0%
  GRENADE              1    0%       3    0%
  PATCH                2    0%       1    0%
  BARREL               1    0%       1    0%
  ITEM:INCENDIARY       0    0%       1    0%

PLAYER CLASS PERFORMANCE:
  class        shots   hit%   dmg   kills
  SHARPSHOOTER    103    95%    723     56
  ASSAULT         98    90%    469     24
  GUNNER         116    74%    460     32
  RANGER          62    90%    409     28
  CORPSMAN        18    78%     53      3

SOLDIER DEATHS BY ENEMY CLASS (threat ranking):
  TURRET     : 16
  DRONE      : 12
  ELITE      : 12
  GRUNT      : 8
  SAPPER     : 7
  BURN       : 6
  SHIELD     : 6
  SNIPER     : 5
  SCREENER   : 5
  MEDIC      : 5
  MORTAR     : 3
  SPOTTER    : 3
  PIKEMAN    : 2
  SCOUT      : 2
  HUNTER     : 2
  STRIKE     : 2
  BERSERKER  : 2
  BRUISER    : 1
  HOUND      : 1
  LANCER     : 1

SOLDIER DOWNS (FUL-7 bleed-out): 181 downs -> revived 3 / recovered 27 / bled out 133 / finished 14  (save-rate   19%)
  corpsman fielded in 18 missions

ENEMY COMPOSITION (spawns; faction-stamped fights n=353 / default-cascade fights n=180):
  class        faction         default
  SCOUT           15    4%       54   30%
  GRUNT           36   10%       31   17%
  SHIELD          42   12%       15    8%
  DRONE           46   13%       10    6%
  TURRET          30    8%        6    3%
  SAPPER          32    9%        4    2%
  ELITE           24    7%        9    5%
  SNIPER          19    5%        7    4%
  MORTAR          21    6%        3    2%
  SCREENER        21    6%        0    0%
  SPOTTER         16    5%        2    1%
  LANCER           9    3%        7    4%
  MEDIC           10    3%        3    2%
  HUNTER           8    2%        3    2%
  BERSERKER        3    1%        8    4%
  PIKEMAN         10    3%        0    0%
  STRIKER          1    0%        9    5%
  BRUISER          4    1%        2    1%
  HOUND            2    1%        4    2%
  WARBRINGER       1    0%        3    2%
  BOMBARD          3    1%        0    0%

PERK PICK FREQUENCY:
  HRD           : 9
  SKR           : 8
  EXC           : 8
  MRK           : 7
  RFX           : 7
  MOM           : 7
  LCK           : 6
  FST           : 6
  VNT           : 5
  GRD           : 5
  PLT           : 5
  CQB           : 5
  TNK           : 5
  OUT           : 4
  GUN           : 3
  BND           : 3
  BRK           : 3
  SGE           : 3

SHOP PURCHASE FREQUENCY:
  FIELD MEDKIT      : 37
  WPN: HOLLOW POINT : 35
  WPN: SCOPE        : 31
  WPN: STABILIZER   : 22
  WPN: EXTENDED MAG : 21
  WPN: BIPOD        : 18
  COUNTER-PREP      : 13
  WPN: SUPPRESSOR   : 9
  BALLISTIC PLATING : 9
  ADV. TRAINING     : 8
  COMBAT STIMS      : 8
  ARMORY            : 8
  FRAG CACHE        : 6

BOON PICK FREQUENCY (PROCS = effect fires at instrumented sites; '-' = not instrumented;
                      PYR counts the +2-turn-burn half only — the Burning-immunity half is uninstrumented):
  code                 picks   PROCS
  FST               :     7      78
  ADR               :     4       -
  GHO               :     3       -
  PYR               :     3       0
  RCL               :     3       0
  RPD               :     3       -
  FRT               :     2       -
  GRN               :     2       -
  SHK               :     2       1
  VNM               :     2       -
  FDR               :     1       0
  FVR               :     1       -
  SCV               :     1       -
  TRR               :     1       3

RUN WIN-RATE BY BOON (campaign runs holding it):
  FST               :   14% ±13  (in 7 runs)
  ADR               :    0% ±0  (in 4 runs)
  GHO               :   33% ±27  (in 3 runs)
  PYR               :   33% ±27  (in 3 runs)
  RCL               :   33% ±27  (in 3 runs)
  RPD               :   33% ±27  (in 3 runs)
  FRT               :   50% ±35  (in 2 runs)
  GRN               :    0% ±0  (in 2 runs)
  SHK               :    0% ±0  (in 2 runs)
  VNM               :    0% ±0  (in 2 runs)
  FDR               :    0% ±0  (in 1 runs)
  FVR               :    0% ±0  (in 1 runs)
  SCV               :    0% ±0  (in 1 runs)
  TRR               :  100% ±0  (in 1 runs)

RUN WIN-RATE BY SPEC (campaign runs fielding it):
  HHT               :   20% ±18  (in 5 runs)
  ANC               :   50% ±35  (in 2 runs)
  PTH               :    0% ±0  (in 2 runs)
  SNT               :    0% ±0  (in 2 runs)
  JUG               :  100% ±0  (in 1 runs)
  PHN               :    0% ±0  (in 1 runs)

RUN WIN-RATE BY PERK (campaign runs holding it):
  EXC               :    0% ±0  (in 8 runs)
  HRD               :   14% ±13  (in 7 runs)
  SKR               :   29% ±17  (in 7 runs)
  FST               :    0% ±0  (in 6 runs)
  MOM               :    0% ±0  (in 6 runs)
  MRK               :    0% ±0  (in 6 runs)
  CQB               :    0% ±0  (in 5 runs)
  GRD               :    0% ±0  (in 5 runs)
  LCK               :   20% ±18  (in 5 runs)
  RFX               :   20% ±18  (in 5 runs)
  VNT               :    0% ±0  (in 5 runs)
  OUT               :    0% ±0  (in 4 runs)
  PLT               :   25% ±22  (in 4 runs)
  TNK               :   25% ±22  (in 4 runs)
  BND               :    0% ±0  (in 3 runs)
  BRK               :    0% ±0  (in 3 runs)
  GUN               :    0% ±0  (in 3 runs)
  SGE               :   67% ±27  (in 3 runs)

RUN WIN-RATE BY PURCHASE (campaign runs buying it):
  FIELD MEDKIT      :   15% ±10  (in 13 runs)
  WPN: HOLLOW POINT :   18% ±12  (in 11 runs)
  COUNTER-PREP      :   20% ±13  (in 10 runs)
  WPN: STABILIZER   :   20% ±13  (in 10 runs)
  WPN: BIPOD        :   11% ±10  (in 9 runs)
  WPN: SCOPE        :    0% ±0  (in 8 runs)
  ARMORY            :   29% ±17  (in 7 runs)
  WPN: EXTENDED MAG :   29% ±17  (in 7 runs)
  WPN: SUPPRESSOR   :   14% ±13  (in 7 runs)
  BALLISTIC PLATING :    0% ±0  (in 5 runs)
  FRAG CACHE        :   20% ±18  (in 5 runs)
  ADV. TRAINING     :   25% ±22  (in 4 runs)
  COMBAT STIMS      :   33% ±27  (in 3 runs)

RUN WIN-RATE BY EVENT-CHOICE (campaign runs taking id:arm):
  grave:1           :   25% ±22  (in 4 runs)
  warpension:2      :    0% ±0  (in 4 runs)
  blackmarket:2     :    0% ±0  (in 2 runs)
  bloodfeud:0       :    0% ±0  (in 2 runs)
  depot:0           :    0% ±0  (in 2 runs)
  fieldhospital:2   :    0% ±0  (in 2 runs)
  profiteer:0       :   50% ±35  (in 2 runs)
  quartermaster:2   :  100% ±0  (in 1 runs)
═══════════════════════════════════════════════════════════════════════

batch wall-time: 7.7s  (20 matches across 10 campaigns × 2 policy, frame-cap hits: 0)
aggregate JSON -> /home/user/wt/heat-pin/docs/measurements/l5/L5fac-m0a1b0-h6-b50.json
INFO: TEXTURE: [ID 2] Unloaded texture data from VRAM (GPU)
INFO: SHADER: [ID 3] Default shader unloaded successfully
INFO: TEXTURE: [ID 1] Default texture unloaded successfully
INFO: Window closed successfully
