BALANCE: heat PINNED for this batch (field-event AddHeat is a no-op; SIGHTLINE_HEATPIN=0 restores the leak)
INFO: Initializing raylib 6.0
INFO: Platform backend: DESKTOP (GLFW)
INFO: Supported raylib modules:
INFO:     > rcore:..... loaded (mandatory)
INFO:     > rlgl:...... loaded (mandatory)
INFO:     > rshapes:... loaded (optional)
INFO:     > rtextures:. loaded (optional)
INFO:     > rtext:..... loaded (optional)
INFO:     > rmodels:... loaded (optional)
INFO:     > raudio:.... loaded (optional)
INFO: DISPLAY: Trying to enable MSAA x4
INFO: DISPLAY: Device initialized successfully 
INFO:     > Display size: 1280 x 800
INFO:     > Screen size:  1280 x 800
INFO:     > Render size:  1280 x 800
INFO:     > Viewport offsets: 0, 0
INFO: GLAD: OpenGL extensions loaded successfully
INFO: GL: Supported extensions count: 229
INFO: GL: OpenGL device information:
INFO:     > Vendor:   Mesa
INFO:     > Renderer: llvmpipe (LLVM 20.1.2, 256 bits)
INFO:     > Version:  4.5 (Core Profile) Mesa 25.2.8-0ubuntu0.24.04.2
INFO:     > GLSL:     4.50
INFO: GL: VAO extension detected, VAO functions loaded successfully
INFO: GL: NPOT textures extension detected, full NPOT textures supported
INFO: GL: DXT compressed textures supported
INFO: GL: ETC2/EAC compressed textures supported
INFO: PLATFORM: DESKTOP (GLFW - X11): Initialized successfully
INFO: TEXTURE: [ID 1] Texture loaded successfully (1x1 | R8G8B8A8 | 1 mipmaps)
INFO: TEXTURE: [ID 1] Default texture loaded successfully
INFO: SHADER: [ID 1] Vertex shader compiled successfully
INFO: SHADER: [ID 2] Fragment shader compiled successfully
INFO: SHADER: [ID 3] Program shader loaded successfully
INFO: SHADER: [ID 3] Default shader loaded successfully
INFO: RLGL: Render batch vertex buffers loaded successfully in RAM (CPU)
INFO: RLGL: Render batch vertex buffers loaded successfully in VRAM (GPU)
INFO: RLGL: Default OpenGL state initialized successfully
INFO: TEXTURE: [ID 2] Texture loaded successfully (128x128 | GRAY_ALPHA | 1 mipmaps)
INFO: FONT: Default font loaded successfully (224 glyphs)
INFO: SYSTEM: Working Directory: /home/user/wt/heat-pin
INFO: TIMER: Target time per frame: 0.000 milliseconds
FINALE-KIT: Legion
WAVE: +2 (STRIKER,LANCER) [rich]
WAVE: +2 (STRIKER,BRUISER) [rich]
WAVE: +2 (DRONE,SCOUT) [rich]
FINALE-KIT: Legion
WAVE: +2 (STRIKER,LANCER) [rich]
WAVE: +2 (STRIKER,BRUISER) [rich]
WAVE: +2 (DRONE,SCOUT) [rich]
FINALE-KIT: Syndicate
FINALE-KIT: Syndicate
FINALE-KIT: Syndicate
WAVE: +2 (SNIPER,SHIELD) [rich]
WAVE: +2 (SCREENER,SAPPER) [rich]
WAVE: +2 (SNIPER,BERSERKER) [rich]
WAVE: +2 (BRUISER,SNIPER) [rich]
WAVE: +2 (BERSERKER,HUNTER) [rich]
WAVE: +2 (SAPPER,SHIELD) [rich]
REINFORCEMENTS: +2 (SCOUT,SCOUT)
REINFORCEMENTS: +2 (SCOUT,SCOUT)
match 5/20  (W:0 L:5 cap:0)  2.7s
FINALE-KIT: Syndicate
WAVE: +2 (PIKEMAN,SNIPER) [rich]
WAVE: +2 (SPOTTER,MORTAR) [rich]
WAVE: +2 (DRONE,SHIELD) [rich]
WAVE: +2 (DRONE,HUNTER) [rich]
WAVE: +2 (STRIKER,WARBRINGER) [rich]
REINFORCEMENTS: +2 (GRUNT,GRUNT)
FINALE-KIT: Syndicate
WAVE: +2 (SPOTTER,DRONE) [rich]
WAVE: +2 (DRONE,SAPPER) [rich]
WAVE: +2 (SHIELD,SHIELD) [rich]
FINALE-KIT: Syndicate
WAVE: +2 (SPOTTER,DRONE) [rich]
WAVE: +2 (DRONE,SAPPER) [rich]
WAVE: +2 (SHIELD,SHIELD) [rich]
FINALE-KIT: Syndicate
WAVE: +2 (DRONE,SHIELD) [rich]
WAVE: +2 (DRONE,SHIELD) [rich]
WAVE: +2 (DRONE,SHIELD) [rich]
FINALE-KIT: Syndicate
WAVE: +2 (GRUNT,SAPPER) [rich]
WAVE: +2 (SAPPER,SHIELD) [rich]
WAVE: +2 (GRUNT,GRUNT) [rich]
REINFORCEMENTS: +2 (GRUNT,GRUNT)
REINFORCEMENTS: +2 (GRUNT,GRUNT)
REINFORCEMENTS: +3 (GRUNT,GRUNT,SCOUT)
REINFORCEMENTS: +2 (GRUNT,GRUNT)
match 10/20  (W:2 L:8 cap:0)  5.1s
FINALE-KIT: Syndicate
WAVE: +2 (BERSERKER,BERSERKER) [rich]
WAVE: +2 (BERSERKER,LANCER) [rich]
WAVE: +2 (BRUISER,BERSERKER) [rich]
FINALE-KIT: Syndicate
WAVE: +2 (BERSERKER,BRUISER) [rich]
WAVE: +2 (BERSERKER,SCOUT) [rich]
WAVE: +2 (HUNTER,BERSERKER) [rich]
WAVE: +3 (LANCER,BERSERKER,LANCER) [rich]
WAVE: +1 (BRUISER) [rich]
WAVE: +3 (BRUISER,BERSERKER,BRUISER) [rich]
REINFORCEMENTS: +2 (SCOUT,GRUNT)
FINALE-KIT: Syndicate
WAVE: +3 (DRONE,DRONE,SHIELD) [rich]
WAVE: +3 (CUSTODIAN,CUSTODIAN,SAPPER) [rich]
WAVE: +3 (DRONE,SPOTTER,SAPPER) [rich]
WAVE: +3 (SCREENER,SHIELD,SHIELD) [rich]
WAVE: +3 (CUSTODIAN,SPOTTER,SAPPER) [rich]
WAVE: +3 (DRONE,SAPPER,SPOTTER) [rich]
FINALE-KIT: Syndicate
FINALE-KIT: Legion
WAVE: +2 (GRUNT,HUNTER) [rich]
WAVE: +2 (SCOUT,LANCER) [rich]
WAVE: +2 (GRUNT,GRUNT) [rich]
match 15/20  (W:3 L:12 cap:0)  7.3s
FINALE-KIT: Legion
WAVE: +2 (BERSERKER,LANCER) [rich]
WAVE: +2 (LANCER,HUNTER) [rich]
WAVE: +2 (LANCER,SCOUT) [rich]
FINALE-KIT: Syndicate
WAVE: +2 (GRUNT,SPOTTER) [rich]
WAVE: +2 (BERSERKER,BERSERKER) [rich]
WAVE: +2 (STRIKER,PIKEMAN) [rich]
FINALE-KIT: Syndicate
WAVE: +2 (MORTAR,MORTAR) [rich]
WAVE: +2 (STRIKER,HOUND) [rich]
WAVE: +2 (SHIELD,MORTAR) [rich]
FINALE-KIT: Legion
WAVE: +3 (MEDIC,WARBRINGER,MORTAR) [rich]
WAVE: +2 (SNIPER,LANCER) [rich]
WAVE: +2 (SAPPER,DRONE) [rich]
FINALE-KIT: Legion
match 20/20  (W:3 L:17 cap:0)  8.9s

══════════════════════ SIGHTLINE BALANCE REPORT ══════════════════════
runs=20  missions=81

RUN OUTCOMES (campaign):  win-rate   15%   avg missions cleared 3.7

POLICY GAP (optimal vs human-error; campaign runs only):
  greedy win-rate   20%  (n=10)
  sloppy win-rate   10%  (n=10)
  GAP   10 pts  (healthy slack)
  PAIRED (same-seed slots): pairs=10  concordant=9  discordant greedy-only-won=1 / sloppy-only-won=0  paired gap   10 pts
  PER-SLOT RECORDS (greedy | sloppy: outcome + missions cleared; margin = g−s):
    slot 140 @h6: L 2 | L 2   margin +0
    slot 141 @h6: L 2 | L 2   margin +0
    slot 142 @h6: L 3 | L 3   margin +0
    slot 143 @h6: W 6 | W 6   margin +0
    slot 144 @h6: L 4 | L 5   margin -1
    slot 145 @h6: L 2 | L 5   margin -3
    slot 146 @h6: W 6 | L 1   margin +5
    slot 147 @h6: L 5 | L 4   margin +1
    slot 148 @h6: L 4 | L 4   margin +0
    slot 149 @h6: L 5 | L 3   margin +2
  PAIRED MARGIN (missions cleared, all pairs): +0.40 ±0.65 SE  (n=10 pairs)
  by objective (greedy / sloppy / gap):
    Decapitate :   43% /   17% / gap   26
    Defend     :  100% /  100% / gap    0
    Eliminate  :   91% /   91% / gap    0
    Escort     :   33% /  100% / gap  -67
    Hack       :  100% /  100% / gap    0
    Rescue     :   83% /   50% / gap   33
    Sabotage   :  100% /  100% / gap    0

DECISION RICHNESS / SWING:
  meaningful-choices/turn 2.25   lead-swings/match 1.0   avg max-swing 59.4
  [shot-gate] acting-soldiers/turn 3.41   armed-soldiers/turn 1.05   armed-fraction 31%   turns-with-a-shot 47%   choices/ARMED-soldier-turn 2.16
  [choice-split] los-targets/ARMED 2.09   target-choices/ARMED 0.31   position-choices/ARMED 1.85

RUN COMPLETION BY HEAT (full-campaign clears):
  heat 6:   15% ±8  (n=20 runs, avg 3.7 missions)
  HEAT LEAK: pinned=yes  heat-raising picks=0  campaigns raised=0  missions off-rung=0/81

INTEL ECONOMY BY HEAT (campaign runs; heat-bonus = the Heat.IntelBonus share of income):
  heat 6: earned  233.0/run   heat-bonus 109.8 (  47% of income)   spent  216.9   unspent   16.1

MISSION WIN-RATE BY HEAT:
  heat 6:   79%  (n=81, avg 5.3 turns)

MISSION WIN-RATE BY OBJECTIVE:
  Eliminate  :   91% ±6  (n=22, avg 3.2 turns)
  Defend     :  100% ±0  (n=18, avg 9.0 turns)
  Decapitate :   31% ±13  (n=13, avg 5.1 turns)
  Rescue     :   67% ±14  (n=12, avg 4.8 turns)
  Hack       :  100% ±0  (n=8, avg 3.0 turns)
  Escort     :   67% ±19  (n=6, avg 7.3 turns)
  Sabotage   :  100% ±0  (n=2, avg 2.0 turns)

MISSION WIN-RATE BY OBJECTIVE x NODE KIND (a capstone must never pool with a mid-run node):
  Eliminate  : Start: 100%(n=20)  Combat:   0%(n=2)
               depth: m1:100%(20) m3:0%(2)
  Defend     : Supply: 100%(n=7)  Combat: 100%(n=6)  Elite: 100%(n=5)
               depth: m2:100%(10) m3:100%(4) m4:100%(2) m5:100%(2)
  Decapitate : Boss:  43%(n=7)  Combat:   0%(n=4)  Elite:  50%(n=2)
               depth: m2:50%(2) m3:0%(2) m4:0%(2) m6:43%(7)
  Rescue     : Combat:  67%(n=12)
               depth: m2:100%(2) m3:100%(4) m4:50%(2) m5:25%(4)
  Hack       : Combat: 100%(n=6)  Supply: 100%(n=2)
               depth: m2:100%(2) m4:100%(4) m5:100%(2)
  Escort     : Combat: 100%(n=2)  Elite:  50%(n=2)  Supply:  50%(n=2)
               depth: m3:50%(2) m4:100%(2) m5:50%(2)
  Sabotage   : Combat: 100%(n=2)
               depth: m3:100%(2)

ENCOUNTER COMPLETION on MID-RUN nodes (Combat+Elite) — clear% is the share of the fight actually fought:
  objective     n   win%   turns   force    +rf  killed  clear%   prs  WONclear%
  Rescue        12   67%     4.8    9.33   0.00    3.17    33.9  0.00     36.2 (n=8)
  Defend        11  100%     9.0    5.18   6.64    5.27    44.6  0.00     44.6 (n=11)
  Decapitate     6   17%     6.2    9.00   1.00    0.33     3.3  1.00     12.5 (n=1)
  Hack           6  100%     3.0    8.67   0.00    1.33    15.4  0.00     15.4 (n=6)
  Escort         4   75%     8.3   10.50   0.00    6.75    64.3  0.00     71.0 (n=3)
  Eliminate      2    0%     9.5    9.00   0.00    4.00    44.4  2.50      0.0 (n=0)
  Sabotage       2  100%     2.0    7.00   0.00    2.00    28.6  0.00     28.6 (n=2)
  ---- the two classes ----
  KILL           8   13%     7.0    9.00   0.75    1.25    12.8  1.38     12.5 (n=1)
  NON-KILL      35   86%     6.1    7.91   2.09    3.86    38.6  0.00     39.5 (n=30)

DECAPITATE HVT (buff = +6+1*mission HP, +6 aim; ELITE exempt):
  EXEMPT  :   33% ±16  (n=9, avg 4.3 turns, HVT 21.9 max HP)  [m3:0%(2) m6:43%(7)]
  BUFFED  :   25% ±22  (n=4, avg 6.8 turns, HVT 23.0 max HP)  [m2:50%(2) m4:0%(2)]

MISSION WIN-RATE BY MISSION #:
  m1:  100% ±0  (n=20)
  m2:   94% ±6  (n=16)
  m3:   69% ±12  (n=16)
  m4:   75% ±13  (n=12)
  m5:   60% ±15  (n=10)
  m6:   43% ±19  (n=7)

LOSS CAUSES (missions):
  RUN OVER              : 11
  CAPTIVE LOST          : 4
  VIP LOST              : 2

MISSION WIN-RATE BY ARENA (authored layouts, n>=3; procedural fallback   20% of 81 missions):
  arena  5:  100% ±0  (n=5, avg 4.8 turns)  [m1:100%(2) m2:100%(3)]
  arena 10:   25% ±22  (n=4, avg 7.8 turns)  [m3:0%(2) m5:50%(2)]
  arena 12:  100% ±0  (n=4, avg 7.5 turns)  [m2:100%(2) m4:100%(2)]
  arena 13:   33% ±27  (n=3, avg 5.3 turns)  [m3:50%(2) m6:0%(1)]
  arena 15:   67% ±27  (n=3, avg 5.3 turns)  [m1:100%(2) m3:0%(1)]
  arena 19:  100% ±0  (n=4, avg 2.0 turns)  [m1:100%(2) m6:100%(2)]
  arena 28:   60% ±22  (n=5, avg 5.6 turns)  [m1:100%(2) m4:33%(3)]
  arena 30:   25% ±22  (n=4, avg 8.8 turns)  [m5:50%(2) m6:0%(2)]
  arena 31:   67% ±19  (n=6, avg 2.8 turns)  [m1:100%(2) m2:100%(2) m5:0%(2)]
  arena 32:  100% ±0  (n=9, avg 4.1 turns)  [m1:100%(2) m2:100%(1) m3:100%(3) m4:100%(2) m5:100%(1)]
  procedural:   75% ±11  (n=16, avg 5.2 turns)  [m1:100%(4) m2:67%(3) m3:67%(3) m4:50%(2) m5:100%(2) m6:50%(2)]

DEPLOYMENT GEOMETRY (opening shape; choices/ARMED is the wave's real gate):
  FRONTAL   :   80%  (n=30, avg 5.3 turns)  choices/turn 1.88  choices/ARMED 2.06  los-targets/ARMED 1.85
  PINCER    :   73% ±9  (n=26, avg 6.2 turns)  choices/turn 2.12  choices/ARMED 2.40  los-targets/ARMED 2.37
  CROSSFIRE :   89% ±10  (n=9, avg 6.3 turns)  choices/turn 2.06  choices/ARMED 1.88  los-targets/ARMED 2.24
  ENVELOP   :   81% ±10  (n=16, avg 3.3 turns)  choices/turn 4.00  choices/ARMED 2.13  los-targets/ARMED 1.95

ARENA FUNNEL (Mission.Build exits, n=92 builds, all modes):
  authored-applied    :  80.4%  (n=74)
  connectivity-reject :   0.0%  (n=0)
  procedural-roll     :  19.6%  (n=18)

DECK EXPOSURE (campaign runs n=20):
  distinct authored arenas/run : 3.25 mean (all runs)
  ... full-depth runs only     : 3.67 mean over 5.0 fights/run (n=3)
  Defend dealt on the route    :   80% of runs (n=16)

ENEMY DECISION MIX (contested acts=1277; all-downed acts not counted=377):
  shoot           778    61%
  hunker          279    22%
  move            117     9%
  grenade          34     3%
  reload           30     2%
  item             16     1%
  siege            14     1%
  heal              3     0%
  sap               3     0%
  staleplan         2     0%
  brace             1     0%

  the shot on the table (acts where the chosen tile HAD a shot = 847):
    hit% band     taken   share   E[dmg]/shot   declined   share   E[dmg]/shot
      0-19           4      1%          0.55          0      0%          0.00
     20-39          57      7%          1.13          0      0%          0.00
     40-59         151     19%          1.75          0      0%          0.00
     60-79         242     31%          2.90          0      0%          0.00
      80+          324     42%          4.11          0      0%          0.00
    TOTAL           778                              0
  taken   92% / DECLINED    0% / preempted by another verb    8%
  enemy lanes held (overwatch+brace) 1; reaction shots fired 0  ->    0% of lanes paid off   [C2: DeclineWatchRatio is a bet on this number]

ACTION MIX (verbs issued, by policy):
  verb                  greedy        sloppy
  MOVE               402   30%     500   36%
  SHOOT              354   27%     339   24%
  OVERWATCH          105    8%     113    8%
  BRACE               88    7%      74    5%
  FOCUS               76    6%      63    5%
  HUNKER              49    4%      61    4%
  SLIPSTREAM          54    4%      36    3%
  INTEL               33    2%      37    3%
  STABILIZE           33    2%      35    3%
  RELOAD              35    3%      32    2%
  DRAG                14    1%      18    1%
  MARK                18    1%      12    1%
  ITEM:SMOKE          15    1%      13    1%
  PIN                 12    1%       9    1%
  HACK                 8    1%       9    1%
  REARM                6    0%       8    1%
  GRENADE              7    1%       5    0%
  BEACON               4    0%       5    0%
  BARREL               5    0%       3    0%
  PLANT                5    0%       3    0%
  PATCH                2    0%       4    0%
  GRAPPLE              1    0%       3    0%
  ITEM:FLASH           0    0%       1    0%
  EXTRACT              0    0%       1    0%

PLAYER CLASS PERFORMANCE:
  class        shots   hit%   dmg   kills
  SHARPSHOOTER    221    93%   1539     89
  GUNNER         211    81%    893     49
  RANGER         132    92%    816     62
  ASSAULT        163    83%    613     39
  CORPSMAN        19    79%     46      3
  VIP              2   100%      4      1

SOLDIER DEATHS BY ENEMY CLASS (threat ranking):
  ELITE      : 12
  BRUISER    : 11
  LANCER     : 6
  HUNTER     : 6
  GRUNT      : 5
  SCOUT      : 5
  STRIKE     : 5
  STRIKER    : 4
  BERSERKER  : 4
  MORTAR     : 4
  SCREENER   : 4
  SNIPER     : 4
  BURN       : 4
  SAPPER     : 4
  HOUND      : 3
  SHIELD     : 3
  MEDIC      : 2
  BARREL     : 2
  DRONE      : 2
  CUSTODIAN  : 1
  TURRET     : 1
  SPOTTER    : 1
  WARBRINGER : 1

SOLDIER DOWNS (FUL-7 bleed-out): 205 downs -> revived 3 / recovered 54 / bled out 122 / finished 17  (save-rate   32%)
  corpsman fielded in 23 missions

ENEMY COMPOSITION (spawns; faction-stamped fights n=572 / default-cascade fights n=229):
  class        faction         default
  SCOUT           29    5%       58   25%
  GRUNT           50    9%       27   12%
  DRONE           47    8%       13    6%
  HUNTER          46    8%        9    4%
  BERSERKER       35    6%       17    7%
  BRUISER         46    8%        5    2%
  STRIKER         32    6%       14    6%
  ELITE           32    6%       12    5%
  SHIELD          31    5%        9    4%
  SAPPER          35    6%        3    1%
  HOUND           27    5%       10    4%
  TURRET          31    5%        6    3%
  LANCER          29    5%        7    3%
  SNIPER          27    5%        9    4%
  SCREENER        22    4%        3    1%
  MORTAR          10    2%       10    4%
  SPOTTER         13    2%        4    2%
  CUSTODIAN       14    2%        0    0%
  MEDIC            7    1%        3    1%
  WARBRINGER       6    1%        2    1%
  PIKEMAN          0    0%        7    3%
  BOMBARD          3    1%        1    0%

PERK PICK FREQUENCY:
  LCK           : 23
  GUN           : 16
  MOM           : 16
  SKR           : 15
  CQB           : 12
  MRK           : 12
  RFX           : 11
  FST           : 10
  GRD           : 10
  OUT           : 10
  VNT           : 9
  BRK           : 9
  PLT           : 8
  BND           : 8
  EXC           : 8
  TNK           : 7
  HRD           : 7
  SGE           : 5
  CLH           : 5

SHOP PURCHASE FREQUENCY:
  FIELD MEDKIT      : 76
  WPN: HOLLOW POINT : 65
  WPN: SCOPE        : 50
  ADV. TRAINING     : 39
  WPN: STABILIZER   : 37
  WPN: BIPOD        : 31
  WPN: EXTENDED MAG : 20
  BALLISTIC PLATING : 16
  FRAG CACHE        : 16
  ARMORY            : 14
  COMBAT STIMS      : 12
  COUNTER-PREP      : 11
  WPN: SUPPRESSOR   : 9

BOON PICK FREQUENCY (PROCS = effect fires at instrumented sites; '-' = not instrumented;
                      PYR counts the +2-turn-burn half only — the Burning-immunity half is uninstrumented):
  code                 picks   PROCS
  FVR               :     7       -
  VNM               :     7       -
  ADR               :     5       -
  FST               :     5      70
  RCL               :     5       0
  FRT               :     4       -
  PYR               :     4       2
  SHK               :     4       7
  GRN               :     3       -
  MRK               :     3       -
  RPD               :     3       -
  SCV               :     3       -
  TRR               :     3      10
  EXE               :     2       -
  FDR               :     2       5
  GHO               :     1       -

RUN WIN-RATE BY BOON (campaign runs holding it):
  FVR               :    0% ±0  (in 7 runs)
  VNM               :   43% ±19  (in 7 runs)
  ADR               :   20% ±18  (in 5 runs)
  FST               :    0% ±0  (in 5 runs)
  RCL               :   20% ±18  (in 5 runs)
  FRT               :    0% ±0  (in 4 runs)
  PYR               :   50% ±25  (in 4 runs)
  SHK               :   25% ±22  (in 4 runs)
  GRN               :   33% ±27  (in 3 runs)
  MRK               :    0% ±0  (in 3 runs)
  RPD               :    0% ±0  (in 3 runs)
  SCV               :   67% ±27  (in 3 runs)
  TRR               :   33% ±27  (in 3 runs)
  EXE               :    0% ±0  (in 2 runs)
  FDR               :    0% ±0  (in 2 runs)
  GHO               :    0% ±0  (in 1 runs)

RUN WIN-RATE BY SPEC (campaign runs fielding it):
  SNT               :   22% ±14  (in 9 runs)
  PHN               :   14% ±13  (in 7 runs)
  ADN               :   33% ±27  (in 3 runs)
  ANC               :    0% ±0  (in 3 runs)
  PTH               :   33% ±27  (in 3 runs)
  HHT               :    0% ±0  (in 2 runs)
  JUG               :    0% ±0  (in 2 runs)
  BRC               :    0% ±0  (in 1 runs)
  SRG               :    0% ±0  (in 1 runs)

RUN WIN-RATE BY PERK (campaign runs holding it):
  LCK               :    7% ±7  (in 14 runs)
  MOM               :   23% ±12  (in 13 runs)
  GUN               :   20% ±13  (in 10 runs)
  RFX               :   20% ±13  (in 10 runs)
  SKR               :   20% ±13  (in 10 runs)
  CQB               :   11% ±10  (in 9 runs)
  MRK               :   22% ±14  (in 9 runs)
  BND               :   38% ±17  (in 8 runs)
  FST               :    0% ±0  (in 8 runs)
  GRD               :   13% ±12  (in 8 runs)
  EXC               :   14% ±13  (in 7 runs)
  PLT               :   43% ±19  (in 7 runs)
  TNK               :   29% ±17  (in 7 runs)
  VNT               :   14% ±13  (in 7 runs)
  BRK               :   50% ±20  (in 6 runs)
  HRD               :   50% ±20  (in 6 runs)
  OUT               :   33% ±19  (in 6 runs)
  CLH               :    0% ±0  (in 5 runs)
  SGE               :   40% ±22  (in 5 runs)

RUN WIN-RATE BY PURCHASE (campaign runs buying it):
  WPN: HOLLOW POINT :   18% ±9  (in 17 runs)
  FIELD MEDKIT      :   20% ±10  (in 15 runs)
  ADV. TRAINING     :   25% ±13  (in 12 runs)
  WPN: BIPOD        :   18% ±12  (in 11 runs)
  COUNTER-PREP      :   30% ±14  (in 10 runs)
  WPN: STABILIZER   :   20% ±13  (in 10 runs)
  ARMORY            :    0% ±0  (in 9 runs)
  FRAG CACHE        :   33% ±16  (in 9 runs)
  WPN: EXTENDED MAG :   22% ±14  (in 9 runs)
  WPN: SCOPE        :    0% ±0  (in 9 runs)
  BALLISTIC PLATING :   38% ±17  (in 8 runs)
  COMBAT STIMS      :   17% ±15  (in 6 runs)
  WPN: SUPPRESSOR   :   50% ±20  (in 6 runs)

RUN WIN-RATE BY EVENT-CHOICE (campaign runs taking id:arm):
  blackmarket:2     :  100% ±0  (in 2 runs)
  distress:1        :    0% ±0  (in 2 runs)
  grave:1           :    0% ±0  (in 2 runs)
  profiteer:0       :    0% ±0  (in 2 runs)
  depot:1           :  100% ±0  (in 1 runs)
  warchest:2        :    0% ±0  (in 1 runs)
═══════════════════════════════════════════════════════════════════════

batch wall-time: 8.9s  (20 matches across 10 campaigns × 2 policy, frame-cap hits: 0)
aggregate JSON -> /home/user/wt/heat-pin/docs/measurements/l5/L5fac-m3a0b0-h6-b140.json
INFO: TEXTURE: [ID 2] Unloaded texture data from VRAM (GPU)
INFO: SHADER: [ID 3] Default shader unloaded successfully
INFO: TEXTURE: [ID 1] Default texture unloaded successfully
INFO: Window closed successfully
