BALANCE: heat PINNED for this batch (field-event AddHeat is a no-op; SIGHTLINE_HEATPIN=0 restores the leak)
INFO: Initializing raylib 6.0
INFO: Platform backend: DESKTOP (GLFW)
INFO: Supported raylib modules:
INFO:     > rcore:..... loaded (mandatory)
INFO:     > rlgl:...... loaded (mandatory)
INFO:     > rshapes:... loaded (optional)
INFO:     > rtextures:. loaded (optional)
INFO:     > rtext:..... loaded (optional)
INFO:     > rmodels:... loaded (optional)
INFO:     > raudio:.... loaded (optional)
INFO: DISPLAY: Trying to enable MSAA x4
INFO: DISPLAY: Device initialized successfully 
INFO:     > Display size: 1280 x 800
INFO:     > Screen size:  1280 x 800
INFO:     > Render size:  1280 x 800
INFO:     > Viewport offsets: 0, 0
INFO: GLAD: OpenGL extensions loaded successfully
INFO: GL: Supported extensions count: 229
INFO: GL: OpenGL device information:
INFO:     > Vendor:   Mesa
INFO:     > Renderer: llvmpipe (LLVM 20.1.2, 256 bits)
INFO:     > Version:  4.5 (Core Profile) Mesa 25.2.8-0ubuntu0.24.04.2
INFO:     > GLSL:     4.50
INFO: GL: VAO extension detected, VAO functions loaded successfully
INFO: GL: NPOT textures extension detected, full NPOT textures supported
INFO: GL: DXT compressed textures supported
INFO: GL: ETC2/EAC compressed textures supported
INFO: PLATFORM: DESKTOP (GLFW - X11): Initialized successfully
INFO: TEXTURE: [ID 1] Texture loaded successfully (1x1 | R8G8B8A8 | 1 mipmaps)
INFO: TEXTURE: [ID 1] Default texture loaded successfully
INFO: SHADER: [ID 1] Vertex shader compiled successfully
INFO: SHADER: [ID 2] Fragment shader compiled successfully
INFO: SHADER: [ID 3] Program shader loaded successfully
INFO: SHADER: [ID 3] Default shader loaded successfully
INFO: RLGL: Render batch vertex buffers loaded successfully in RAM (CPU)
INFO: RLGL: Render batch vertex buffers loaded successfully in VRAM (GPU)
INFO: RLGL: Default OpenGL state initialized successfully
INFO: TEXTURE: [ID 2] Texture loaded successfully (128x128 | GRAY_ALPHA | 1 mipmaps)
INFO: FONT: Default font loaded successfully (224 glyphs)
INFO: SYSTEM: Working Directory: /home/user/wt/heat-pin
INFO: TIMER: Target time per frame: 0.000 milliseconds
FINALE-KIT: Legion
WAVE: +2 (STRIKER,LANCER) [rich]
WAVE: +2 (STRIKER,BRUISER) [rich]
WAVE: +2 (DRONE,SCOUT) [rich]
FINALE-KIT: Legion
WAVE: +2 (STRIKER,LANCER) [rich]
WAVE: +2 (STRIKER,BRUISER) [rich]
WAVE: +2 (DRONE,SCOUT) [rich]
FINALE-KIT: Syndicate
FINALE-KIT: Syndicate
FINALE-KIT: Syndicate
WAVE: +2 (SNIPER,SHIELD) [rich]
WAVE: +2 (SCREENER,SAPPER) [rich]
WAVE: +2 (SNIPER,BERSERKER) [rich]
WAVE: +2 (BRUISER,SNIPER) [rich]
WAVE: +2 (BERSERKER,HUNTER) [rich]
WAVE: +2 (SAPPER,SHIELD) [rich]
match 5/20  (W:0 L:5 cap:0)  2.7s
FINALE-KIT: Syndicate
WAVE: +2 (PIKEMAN,SNIPER) [rich]
WAVE: +2 (SAPPER,SCREENER) [rich]
WAVE: +2 (BRUISER,SHIELD) [rich]
WAVE: +2 (GRUNT,SNIPER) [rich]
WAVE: +2 (SHIELD,SHIELD) [rich]
WAVE: +2 (SCREENER,SNIPER) [rich]
REINFORCEMENTS: +2 (GRUNT,SCOUT)
REINFORCEMENTS: +2 (GRUNT,GRUNT)
REINFORCEMENTS: +2 (SCOUT,SCOUT)
FINALE-KIT: Syndicate
WAVE: +2 (SPOTTER,DRONE) [rich]
WAVE: +2 (DRONE,SAPPER) [rich]
WAVE: +2 (SHIELD,SHIELD) [rich]
FINALE-KIT: Syndicate
WAVE: +2 (SPOTTER,DRONE) [rich]
WAVE: +2 (DRONE,SAPPER) [rich]
WAVE: +2 (SHIELD,SHIELD) [rich]
FINALE-KIT: Syndicate
WAVE: +2 (DRONE,SHIELD) [rich]
WAVE: +2 (DRONE,SHIELD) [rich]
WAVE: +2 (SAPPER,SHIELD) [rich]
REINFORCEMENTS: +2 (SCOUT,GRUNT)
REINFORCEMENTS: +2 (GRUNT,SCOUT)
REINFORCEMENTS: +2 (GRUNT,GRUNT)
REINFORCEMENTS: +3 (SCOUT,SCOUT,GRUNT)
FINALE-KIT: Syndicate
WAVE: +2 (GRUNT,SAPPER) [rich]
WAVE: +2 (SAPPER,SHIELD) [rich]
WAVE: +2 (GRUNT,GRUNT) [rich]
REINFORCEMENTS: +2 (GRUNT,GRUNT)
match 10/20  (W:2 L:8 cap:0)  5.2s
FINALE-KIT: Syndicate
WAVE: +2 (BERSERKER,BERSERKER) [rich]
WAVE: +2 (BERSERKER,LANCER) [rich]
WAVE: +2 (BRUISER,BERSERKER) [rich]
FINALE-KIT: Syndicate
WAVE: +2 (BERSERKER,BRUISER) [rich]
WAVE: +2 (BERSERKER,SCOUT) [rich]
WAVE: +2 (HUNTER,BERSERKER) [rich]
WAVE: +3 (LANCER,BERSERKER,LANCER) [rich]
WAVE: +1 (BRUISER) [rich]
WAVE: +3 (BRUISER,BERSERKER,BRUISER) [rich]
REINFORCEMENTS: +2 (SCOUT,GRUNT)
REINFORCEMENTS: +2 (SCOUT,GRUNT)
FINALE-KIT: Syndicate
WAVE: +3 (DRONE,DRONE,SHIELD) [rich]
WAVE: +3 (SHIELD,SPOTTER,SCREENER) [rich]
WAVE: +2 (DRONE,SAPPER) [rich]
WAVE: +3 (GRUNT,DRONE,SAPPER) [rich]
WAVE: +3 (SPOTTER,DRONE,SAPPER) [rich]
FINALE-KIT: Syndicate
FINALE-KIT: Legion
WAVE: +2 (GRUNT,HUNTER) [rich]
WAVE: +2 (SCOUT,LANCER) [rich]
WAVE: +2 (GRUNT,GRUNT) [rich]
match 15/20  (W:3 L:12 cap:0)  7.3s
FINALE-KIT: Legion
WAVE: +2 (BERSERKER,LANCER) [rich]
WAVE: +2 (LANCER,HUNTER) [rich]
WAVE: +2 (LANCER,SCOUT) [rich]
FINALE-KIT: Syndicate
WAVE: +2 (GRUNT,SPOTTER) [rich]
WAVE: +2 (BERSERKER,BERSERKER) [rich]
WAVE: +2 (STRIKER,PIKEMAN) [rich]
FINALE-KIT: Syndicate
WAVE: +2 (MORTAR,MORTAR) [rich]
WAVE: +2 (STRIKER,HOUND) [rich]
WAVE: +2 (SHIELD,MORTAR) [rich]
FINALE-KIT: Legion
FINALE-KIT: Legion
WAVE: +3 (MEDIC,SPOTTER,SAPPER) [rich]
WAVE: +3 (SNIPER,MORTAR,HOUND) [rich]
WAVE: +3 (MEDIC,MEDIC,SAPPER) [rich]
match 20/20  (W:4 L:16 cap:0)  9.5s

══════════════════════ SIGHTLINE BALANCE REPORT ══════════════════════
runs=20  missions=82

RUN OUTCOMES (campaign):  win-rate   20%   avg missions cleared 3.8

POLICY GAP (optimal vs human-error; campaign runs only):
  greedy win-rate   20%  (n=10)
  sloppy win-rate   20%  (n=10)
  GAP    0 pts  (healthy slack)
  PAIRED (same-seed slots): pairs=10  concordant=10  discordant greedy-only-won=0 / sloppy-only-won=0  paired gap    0 pts
  PER-SLOT RECORDS (greedy | sloppy: outcome + missions cleared; margin = g−s):
    slot 140 @h6: L 2 | L 2   margin +0
    slot 141 @h6: L 2 | L 2   margin +0
    slot 142 @h6: L 3 | L 3   margin +0
    slot 143 @h6: W 6 | W 6   margin +0
    slot 144 @h6: L 5 | L 5   margin +0
    slot 145 @h6: L 2 | L 5   margin -3
    slot 146 @h6: L 4 | L 1   margin +3
    slot 147 @h6: W 6 | W 6   margin +0
    slot 148 @h6: L 5 | L 4   margin +1
    slot 149 @h6: L 2 | L 5   margin -3
  PAIRED MARGIN (missions cleared, all pairs): -0.20 ±0.55 SE  (n=10 pairs)
  by objective (greedy / sloppy / gap):
    Decapitate :   43% /   25% / gap   18
    Defend     :   89% /  100% / gap  -11
    Eliminate  :   91% /   91% / gap    0
    Escort     :   67% /  100% / gap  -33
    Hack       :  100% /  100% / gap    0
    Rescue     :  100% /   83% / gap   17
    Sabotage   :    0% /  100% / gap -100

DECISION RICHNESS / SWING:
  meaningful-choices/turn 2.62   lead-swings/match 0.9   avg max-swing 56.3
  [shot-gate] acting-soldiers/turn 3.42   armed-soldiers/turn 1.22   armed-fraction 36%   turns-with-a-shot 54%   choices/ARMED-soldier-turn 2.14
  [choice-split] los-targets/ARMED 2.08   target-choices/ARMED 0.28   position-choices/ARMED 1.87

RUN COMPLETION BY HEAT (full-campaign clears):
  heat 6:   20% ±9  (n=20 runs, avg 3.8 missions)
  HEAT LEAK: pinned=yes  heat-raising picks=0  campaigns raised=0  missions off-rung=0/82

INTEL ECONOMY BY HEAT (campaign runs; heat-bonus = the Heat.IntelBonus share of income):
  heat 6: earned  241.1/run   heat-bonus 111.6 (  46% of income)   spent  223.2   unspent   17.9

MISSION WIN-RATE BY HEAT:
  heat 6:   80%  (n=82, avg 5.4 turns)

MISSION WIN-RATE BY OBJECTIVE:
  Eliminate  :   91% ±6  (n=22, avg 3.2 turns)
  Defend     :   94% ±5  (n=18, avg 8.8 turns)
  Decapitate :   33% ±12  (n=15, avg 6.2 turns)
  Rescue     :   91% ±9  (n=11, avg 4.9 turns)
  Hack       :  100% ±0  (n=8, avg 3.0 turns)
  Escort     :   83% ±15  (n=6, avg 5.7 turns)
  Sabotage   :   50% ±35  (n=2, avg 4.5 turns)

MISSION WIN-RATE BY OBJECTIVE x NODE KIND (a capstone must never pool with a mid-run node):
  Eliminate  : Start: 100%(n=20)  Combat:   0%(n=2)
               depth: m1:100%(20) m3:0%(2)
  Defend     : Supply: 100%(n=7)  Combat: 100%(n=6)  Elite:  80%(n=5)
               depth: m2:100%(10) m3:100%(4) m4:100%(2) m5:50%(2)
  Decapitate : Boss:  44%(n=9)  Combat:   0%(n=4)  Elite:  50%(n=2)
               depth: m2:50%(2) m3:0%(2) m4:0%(2) m6:44%(9)
  Rescue     : Combat:  91%(n=11)
               depth: m2:100%(2) m3:100%(4) m4:100%(1) m5:75%(4)
  Hack       : Combat: 100%(n=6)  Supply: 100%(n=2)
               depth: m2:100%(2) m4:100%(4) m5:100%(2)
  Escort     : Combat: 100%(n=2)  Elite: 100%(n=2)  Supply:  50%(n=2)
               depth: m3:50%(2) m4:100%(2) m5:100%(2)
  Sabotage   : Combat:  50%(n=2)
               depth: m3:50%(2)

ENCOUNTER COMPLETION on MID-RUN nodes (Combat+Elite) — clear% is the share of the fight actually fought:
  objective     n   win%   turns   force    +rf  killed  clear%   prs  WONclear%
  Defend        11   91%     8.6    5.18   6.00    3.91    35.0  0.00     36.9 (n=10)
  Rescue        11   91%     4.9    9.27   0.00    3.82    41.2  0.00     40.7 (n=10)
  Decapitate     6   17%     7.3    9.00   1.00    0.83     8.3  1.33     12.5 (n=1)
  Hack           6  100%     3.0    8.67   0.00    1.00    11.5  0.00     11.5 (n=6)
  Escort         4  100%     6.3   10.50   0.00    6.25    59.5  0.00     59.5 (n=4)
  Eliminate      2    0%     9.5    9.00   0.00    1.00    11.1  2.50      0.0 (n=0)
  Sabotage       2   50%     4.5    7.00   0.00    2.00    28.6  0.00     28.6 (n=1)
  ---- the two classes ----
  KILL           8   13%     7.9    9.00   0.75    0.88     9.0  1.63     12.5 (n=1)
  NON-KILL      34   91%     5.9    7.85   1.94    3.53    36.0  0.00     36.6 (n=31)

DECAPITATE HVT (buff = +6+1*mission HP, +6 aim; ELITE exempt):
  EXEMPT  :   36% ±15  (n=11, avg 5.5 turns, HVT 21.9 max HP)  [m3:0%(2) m6:44%(9)]
  BUFFED  :   25% ±22  (n=4, avg 8.0 turns, HVT 23.5 max HP)  [m2:50%(2) m4:0%(2)]

MISSION WIN-RATE BY MISSION #:
  m1:  100% ±0  (n=20)
  m2:   94% ±6  (n=16)
  m3:   63% ±12  (n=16)
  m4:   82% ±12  (n=11)
  m5:   80% ±13  (n=10)
  m6:   44% ±17  (n=9)

LOSS CAUSES (missions):
  RUN OVER              : 14
  VIP LOST              : 1
  CAPTIVE LOST          : 1

MISSION WIN-RATE BY ARENA (authored layouts, n>=3; procedural fallback   16% of 82 missions):
  arena  5:  100% ±0  (n=5, avg 4.8 turns)  [m1:100%(2) m2:100%(3)]
  arena 10:   50% ±25  (n=4, avg 6.8 turns)  [m3:0%(2) m5:100%(2)]
  arena 12:  100% ±0  (n=4, avg 7.0 turns)  [m2:100%(2) m4:100%(2)]
  arena 13:   33% ±27  (n=3, avg 5.0 turns)  [m3:50%(2) m6:0%(1)]
  arena 15:   50% ±25  (n=4, avg 6.5 turns)  [m1:100%(2) m3:0%(2)]
  arena 16:   67% ±27  (n=3, avg 3.0 turns)  [m5:0%(1) m6:100%(2)]
  arena 19:  100% ±0  (n=4, avg 2.3 turns)  [m1:100%(2) m6:100%(2)]
  arena 28:   60% ±22  (n=5, avg 6.6 turns)  [m1:100%(2) m4:33%(3)]
  arena 30:   25% ±22  (n=4, avg 7.8 turns)  [m5:100%(1) m6:0%(3)]
  arena 31:   80% ±18  (n=5, avg 3.4 turns)  [m1:100%(2) m2:100%(2) m5:0%(1)]
  arena 32:   91% ±9  (n=11, avg 4.9 turns)  [m1:100%(2) m2:100%(1) m3:75%(4) m4:100%(2) m5:100%(2)]
  procedural:   85% ±10  (n=13, avg 5.1 turns)  [m1:100%(4) m2:67%(3) m3:100%(2) m4:100%(1) m5:100%(2) m6:0%(1)]

DEPLOYMENT GEOMETRY (opening shape; choices/ARMED is the wave's real gate):
  FRONTAL   :   80%  (n=30, avg 5.4 turns)  choices/turn 2.75  choices/ARMED 2.30  los-targets/ARMED 1.78
  PINCER    :   85% ±7  (n=26, avg 6.2 turns)  choices/turn 2.07  choices/ARMED 2.03  los-targets/ARMED 2.41
  CROSSFIRE :   89% ±10  (n=9, avg 6.2 turns)  choices/turn 2.46  choices/ARMED 1.91  los-targets/ARMED 2.04
  ENVELOP   :   71% ±11  (n=17, avg 3.7 turns)  choices/turn 3.81  choices/ARMED 2.19  los-targets/ARMED 2.13

ARENA FUNNEL (Mission.Build exits, n=96 builds, all modes):
  authored-applied    :  84.4%  (n=81)
  connectivity-reject :   0.0%  (n=0)
  procedural-roll     :  15.6%  (n=15)

DECK EXPOSURE (campaign runs n=20):
  distinct authored arenas/run : 3.45 mean (all runs)
  ... full-depth runs only     : 3.75 mean over 5.0 fights/run (n=4)
  Defend dealt on the route    :   80% of runs (n=16)

ENEMY DECISION MIX (contested acts=1419; all-downed acts not counted=457):
  shoot           865    61%
  hunker          279    20%
  move            116     8%
  grenade          55     4%
  reload           28     2%
  item             27     2%
  heal             17     1%
  siege            12     1%
  brace             8     1%
  sap               8     1%
  staleplan         2     0%
  overwatch         1     0%
  shove             1     0%

  the shot on the table (acts where the chosen tile HAD a shot = 971):
    hit% band     taken   share   E[dmg]/shot   declined   share   E[dmg]/shot
      0-19           4      0%          0.74          0      0%          0.00
     20-39          55      6%          0.88          0      0%          0.00
     40-59         142     16%          1.41          0      0%          0.00
     60-79         267     31%          2.32          0      0%          0.00
      80+          397     46%          3.32          0      0%          0.00
    TOTAL           865                              0
  taken   89% / DECLINED    0% / preempted by another verb   11%
  enemy lanes held (overwatch+brace) 9; reaction shots fired 4  ->   44% of lanes paid off   [C2: DeclineWatchRatio is a bet on this number]

ACTION MIX (verbs issued, by policy):
  verb                  greedy        sloppy
  MOVE               471   34%     521   34%
  SHOOT              395   29%     419   27%
  OVERWATCH           81    6%     136    9%
  FOCUS               65    5%      80    5%
  BRACE               68    5%      77    5%
  HUNKER              41    3%      49    3%
  INTEL               40    3%      40    3%
  SLIPSTREAM          41    3%      35    2%
  RELOAD              33    2%      43    3%
  STABILIZE           36    3%      35    2%
  ITEM:SMOKE          21    2%      13    1%
  DRAG                11    1%      17    1%
  MARK                15    1%      11    1%
  PIN                 14    1%       8    1%
  REARM                7    1%      10    1%
  HACK                 8    1%       8    1%
  PATCH                7    1%       7    0%
  GRENADE              9    1%       4    0%
  BEACON               5    0%       6    0%
  PLANT                4    0%       3    0%
  BARREL               3    0%       3    0%
  GRAPPLE              1    0%       2    0%
  ITEM:FLASH           0    0%       1    0%
  EXTRACT              0    0%       1    0%

PLAYER CLASS PERFORMANCE:
  class        shots   hit%   dmg   kills
  SHARPSHOOTER    230    90%   1626     96
  GUNNER         259    83%   1146     63
  ASSAULT        195    83%    756     43
  RANGER         125    95%    744     53
  CORPSMAN        49    86%    151      5
  VIP              3   100%      8      1

SOLDIER DEATHS BY ENEMY CLASS (threat ranking):
  HUNTER     : 13
  ELITE      : 11
  BERSERKER  : 10
  SHIELD     : 10
  SPOTTER    : 8
  SCREENER   : 7
  STRIKER    : 5
  SCOUT      : 5
  BRUISER    : 5
  SAPPER     : 5
  MORTAR     : 4
  BURN       : 2
  GRUNT      : 2
  BARREL     : 2
  DRONE      : 2
  SLAM       : 1
  PIKEMAN    : 1
  CUSTODIAN  : 1
  STRIKE     : 1
  TURRET     : 1
  HOUND      : 1
  LANCER     : 1
  WARBRINGER : 1

SOLDIER DOWNS (FUL-7 bleed-out): 221 downs -> revived 8 / recovered 49 / bled out 137 / finished 22  (save-rate   28%)
  corpsman fielded in 23 missions

ENEMY COMPOSITION (spawns; faction-stamped fights n=616 / default-cascade fights n=223):
  class        faction         default
  SCOUT           33    5%       58   26%
  GRUNT           48    8%       28   13%
  BERSERKER       59   10%       12    5%
  DRONE           51    8%       11    5%
  BRUISER         51    8%        6    3%
  SHIELD          41    7%       11    5%
  HUNTER          43    7%        8    4%
  ELITE           38    6%       11    5%
  STRIKER         32    5%       10    4%
  SAPPER          34    6%        7    3%
  SCREENER        34    6%        5    2%
  TURRET          30    5%        6    3%
  LANCER          25    4%        7    3%
  SPOTTER         20    3%       10    4%
  HOUND           19    3%        9    4%
  PIKEMAN         14    2%        5    2%
  SNIPER          10    2%        9    4%
  MEDIC           10    2%        5    2%
  MORTAR          10    2%        4    2%
  CUSTODIAN        6    1%        0    0%
  WARBRINGER       5    1%        0    0%
  BOMBARD          3    0%        1    0%

PERK PICK FREQUENCY:
  LCK           : 22
  GUN           : 16
  RFX           : 14
  MOM           : 14
  CQB           : 12
  PLT           : 12
  SKR           : 11
  MRK           : 11
  FST           : 10
  EXC           : 9
  VNT           : 8
  TNK           : 8
  BRK           : 7
  GRD           : 7
  BND           : 7
  OUT           : 6
  HRD           : 5
  CLH           : 4
  SGE           : 3

SHOP PURCHASE FREQUENCY:
  WPN: HOLLOW POINT : 69
  FIELD MEDKIT      : 69
  WPN: SCOPE        : 52
  WPN: STABILIZER   : 37
  ADV. TRAINING     : 34
  WPN: BIPOD        : 30
  WPN: EXTENDED MAG : 28
  COUNTER-PREP      : 18
  ARMORY            : 17
  BALLISTIC PLATING : 14
  FRAG CACHE        : 14
  COMBAT STIMS      : 13
  WPN: SUPPRESSOR   : 10

BOON PICK FREQUENCY (PROCS = effect fires at instrumented sites; '-' = not instrumented;
                      PYR counts the +2-turn-burn half only — the Burning-immunity half is uninstrumented):
  code                 picks   PROCS
  FST               :     9     141
  FVR               :     7       -
  ADR               :     6       -
  FRT               :     5       -
  PYR               :     5       1
  SHK               :     4       7
  VNM               :     4       -
  EXE               :     3       -
  GRN               :     3       -
  MRK               :     3       -
  RPD               :     3       -
  SCV               :     3       -
  FDR               :     2       4
  RCL               :     2       0
  TRR               :     2       9
  GHO               :     1       -

RUN WIN-RATE BY BOON (campaign runs holding it):
  FST               :   22% ±14  (in 9 runs)
  FVR               :   14% ±13  (in 7 runs)
  ADR               :   17% ±15  (in 6 runs)
  FRT               :   40% ±22  (in 5 runs)
  PYR               :   40% ±22  (in 5 runs)
  SHK               :    0% ±0  (in 4 runs)
  VNM               :   50% ±25  (in 4 runs)
  EXE               :   33% ±27  (in 3 runs)
  GRN               :   67% ±27  (in 3 runs)
  MRK               :    0% ±0  (in 3 runs)
  RPD               :   33% ±27  (in 3 runs)
  SCV               :   67% ±27  (in 3 runs)
  FDR               :    0% ±0  (in 2 runs)
  RCL               :    0% ±0  (in 2 runs)
  TRR               :    0% ±0  (in 2 runs)
  GHO               :    0% ±0  (in 1 runs)

RUN WIN-RATE BY SPEC (campaign runs fielding it):
  SNT               :   22% ±14  (in 9 runs)
  HHT               :   33% ±19  (in 6 runs)
  PHN               :    0% ±0  (in 5 runs)
  ANC               :    0% ±0  (in 4 runs)
  PTH               :   33% ±27  (in 3 runs)
  ADN               :    0% ±0  (in 2 runs)
  BRC               :    0% ±0  (in 1 runs)
  JUG               :  100% ±0  (in 1 runs)

RUN WIN-RATE BY PERK (campaign runs holding it):
  LCK               :   14% ±9  (in 14 runs)
  GUN               :   30% ±14  (in 10 runs)
  MOM               :    0% ±0  (in 9 runs)
  MRK               :   22% ±14  (in 9 runs)
  RFX               :   33% ±16  (in 9 runs)
  SKR               :   22% ±14  (in 9 runs)
  CQB               :   13% ±12  (in 8 runs)
  FST               :   25% ±15  (in 8 runs)
  PLT               :   38% ±17  (in 8 runs)
  BND               :   29% ±17  (in 7 runs)
  BRK               :   43% ±19  (in 7 runs)
  EXC               :   43% ±19  (in 7 runs)
  GRD               :   14% ±13  (in 7 runs)
  TNK               :   14% ±13  (in 7 runs)
  OUT               :   33% ±19  (in 6 runs)
  HRD               :   40% ±22  (in 5 runs)
  VNT               :   20% ±18  (in 5 runs)
  CLH               :   33% ±27  (in 3 runs)
  SGE               :    0% ±0  (in 3 runs)

RUN WIN-RATE BY PURCHASE (campaign runs buying it):
  WPN: HOLLOW POINT :   24% ±10  (in 17 runs)
  FIELD MEDKIT      :   29% ±12  (in 14 runs)
  ARMORY            :   31% ±13  (in 13 runs)
  ADV. TRAINING     :   25% ±13  (in 12 runs)
  COUNTER-PREP      :   33% ±14  (in 12 runs)
  WPN: BIPOD        :   25% ±13  (in 12 runs)
  WPN: STABILIZER   :   36% ±15  (in 11 runs)
  FRAG CACHE        :   40% ±15  (in 10 runs)
  WPN: EXTENDED MAG :   20% ±13  (in 10 runs)
  WPN: SCOPE        :   20% ±13  (in 10 runs)
  BALLISTIC PLATING :   33% ±16  (in 9 runs)
  COMBAT STIMS      :    0% ±0  (in 7 runs)
  WPN: SUPPRESSOR   :   50% ±20  (in 6 runs)

RUN WIN-RATE BY EVENT-CHOICE (campaign runs taking id:arm):
  blackmarket:2     :  100% ±0  (in 2 runs)
  distress:1        :    0% ±0  (in 2 runs)
  grave:1           :  100% ±0  (in 2 runs)
  profiteer:0       :    0% ±0  (in 2 runs)
  depot:1           :    0% ±0  (in 1 runs)
  warchest:2        :    0% ±0  (in 1 runs)
═══════════════════════════════════════════════════════════════════════

batch wall-time: 9.5s  (20 matches across 10 campaigns × 2 policy, frame-cap hits: 0)
aggregate JSON -> /home/user/wt/heat-pin/docs/measurements/l5/L5fac-m0a0b0-h6-b140.json
INFO: TEXTURE: [ID 2] Unloaded texture data from VRAM (GPU)
INFO: SHADER: [ID 3] Default shader unloaded successfully
INFO: TEXTURE: [ID 1] Default texture unloaded successfully
INFO: Window closed successfully
