BALANCE: heat PINNED for this batch (field-event AddHeat is a no-op; SIGHTLINE_HEATPIN=0 restores the leak)
INFO: Initializing raylib 6.0
INFO: Platform backend: DESKTOP (GLFW)
INFO: Supported raylib modules:
INFO:     > rcore:..... loaded (mandatory)
INFO:     > rlgl:...... loaded (mandatory)
INFO:     > rshapes:... loaded (optional)
INFO:     > rtextures:. loaded (optional)
INFO:     > rtext:..... loaded (optional)
INFO:     > rmodels:... loaded (optional)
INFO:     > raudio:.... loaded (optional)
INFO: DISPLAY: Trying to enable MSAA x4
INFO: DISPLAY: Device initialized successfully 
INFO:     > Display size: 1280 x 800
INFO:     > Screen size:  1280 x 800
INFO:     > Render size:  1280 x 800
INFO:     > Viewport offsets: 0, 0
INFO: GLAD: OpenGL extensions loaded successfully
INFO: GL: Supported extensions count: 229
INFO: GL: OpenGL device information:
INFO:     > Vendor:   Mesa
INFO:     > Renderer: llvmpipe (LLVM 20.1.2, 256 bits)
INFO:     > Version:  4.5 (Core Profile) Mesa 25.2.8-0ubuntu0.24.04.2
INFO:     > GLSL:     4.50
INFO: GL: VAO extension detected, VAO functions loaded successfully
INFO: GL: NPOT textures extension detected, full NPOT textures supported
INFO: GL: DXT compressed textures supported
INFO: GL: ETC2/EAC compressed textures supported
INFO: PLATFORM: DESKTOP (GLFW - X11): Initialized successfully
INFO: TEXTURE: [ID 1] Texture loaded successfully (1x1 | R8G8B8A8 | 1 mipmaps)
INFO: TEXTURE: [ID 1] Default texture loaded successfully
INFO: SHADER: [ID 1] Vertex shader compiled successfully
INFO: SHADER: [ID 2] Fragment shader compiled successfully
INFO: SHADER: [ID 3] Program shader loaded successfully
INFO: SHADER: [ID 3] Default shader loaded successfully
INFO: RLGL: Render batch vertex buffers loaded successfully in RAM (CPU)
INFO: RLGL: Render batch vertex buffers loaded successfully in VRAM (GPU)
INFO: RLGL: Default OpenGL state initialized successfully
INFO: TEXTURE: [ID 2] Texture loaded successfully (128x128 | GRAY_ALPHA | 1 mipmaps)
INFO: FONT: Default font loaded successfully (224 glyphs)
INFO: SYSTEM: Working Directory: /home/user/wt/heat-pin
INFO: TIMER: Target time per frame: 0.000 milliseconds
FINALE-KIT: Syndicate
FINALE-KIT: Syndicate
REINFORCEMENTS: +2 (SCOUT,SCOUT)
FINALE-KIT: Wardens
WAVE: +2 (SCREENER,SCREENER) [rich]
WAVE: +2 (SCOUT,GRUNT) [rich]
WAVE: +2 (PIKEMAN,SNIPER) [rich]
REINFORCEMENTS: +2 (GRUNT,SCOUT)
FINALE-KIT: Wardens
WAVE: +2 (SNIPER,MORTAR) [rich]
WAVE: +2 (GRUNT,MORTAR) [rich]
WAVE: +2 (MEDIC,PIKEMAN) [rich]
FINALE-KIT: Syndicate
WAVE: +3 (BERSERKER,GRUNT,STRIKER) [rich]
WAVE: +3 (GRUNT,DRONE,SCREENER) [rich]
WAVE: +1 (SHIELD) [rich]
match 5/20  (W:0 L:5 cap:0)  6.2s
FINALE-KIT: Syndicate
FINALE-KIT: Syndicate
FINALE-KIT: Syndicate
WAVE: +3 (BRUISER,HOUND,BERSERKER) [rich]
WAVE: +3 (BRUISER,BERSERKER,STRIKER) [rich]
WAVE: +3 (BRUISER,GRUNT,LANCER) [rich]
FINALE-KIT: Legion
REINFORCEMENTS: +2 (SCOUT,GRUNT)
WAVE: +3 (HUNTER,BRUISER,STRIKER) [rich]
WAVE: +3 (BERSERKER,LANCER,HOUND) [rich]
WAVE: +3 (BRUISER,HUNTER,BRUISER) [rich]
FINALE-KIT: Legion
REINFORCEMENTS: +2 (SCOUT,SCOUT)
match 10/20  (W:1 L:9 cap:0)  7.4s
FINALE-KIT: Wardens
FINALE-KIT: Wardens
WAVE: +3 (DRONE,SAPPER,SCOUT) [rich]
WAVE: +3 (STRIKER,DRONE,STRIKER) [rich]
WAVE: +3 (LANCER,GRUNT,WARBRINGER) [rich]
FINALE-KIT: Syndicate
WAVE: +2 (GRUNT,SCOUT) [rich]
WAVE: +2 (PIKEMAN,SCOUT) [rich]
WAVE: +2 (SNIPER,GRUNT) [rich]
REINFORCEMENTS: +2 (GRUNT,SCOUT)
FINALE-KIT: Syndicate
WAVE: +2 (SNIPER,MORTAR) [rich]
WAVE: +2 (GRUNT,SCOUT) [rich]
WAVE: +2 (MORTAR,PIKEMAN) [rich]
FINALE-KIT: Legion
match 15/20  (W:4 L:11 cap:0)  9.1s
FINALE-KIT: Legion
FINALE-KIT: Syndicate
WAVE: +3 (BERSERKER,BERSERKER,BRUISER) [rich]
WAVE: +2 (BERSERKER,BRUISER) [rich]
FINALE-KIT: Syndicate
WAVE: +3 (BRUISER,HOUND,HUNTER) [rich]
WAVE: +3 (BRUISER,BERSERKER,BRUISER) [rich]
WAVE: +3 (LANCER,SCOUT,LANCER) [rich]
FINALE-KIT: Wardens
FINALE-KIT: Wardens
match 20/20  (W:5 L:15 cap:0)  10.2s

══════════════════════ SIGHTLINE BALANCE REPORT ══════════════════════
runs=20  missions=77

RUN OUTCOMES (campaign):  win-rate   25%   avg missions cleared 3.9

POLICY GAP (optimal vs human-error; campaign runs only):
  greedy win-rate   30%  (n=10)
  sloppy win-rate   20%  (n=10)
  GAP   10 pts  (healthy slack)
  PAIRED (same-seed slots): pairs=10  concordant=7  discordant greedy-only-won=2 / sloppy-only-won=1  paired gap   10 pts
  PER-SLOT RECORDS (greedy | sloppy: outcome + missions cleared; margin = g−s):
    slot  60 @h6: L 5 | L 5   margin +0
    slot  61 @h6: L 5 | L 4   margin +1
    slot  62 @h6: L 4 | L 2   margin +2
    slot  63 @h6: L 1 | L 3   margin -2
    slot  64 @h6: W 6 | L 1   margin +5
    slot  65 @h6: L 2 | W 6   margin -4
    slot  66 @h6: W 6 | W 6   margin +0
    slot  67 @h6: L 1 | L 1   margin +0
    slot  68 @h6: W 6 | L 5   margin +1
    slot  69 @h6: L 5 | L 3   margin +2
  PAIRED MARGIN (missions cleared, all pairs): +0.50 ±0.76 SE  (n=10 pairs)
  by objective (greedy / sloppy / gap):
    Decapitate :   63% /   40% / gap   23
    Defend     :  100% /   80% / gap   20
    Eliminate  :  100% /  100% / gap    0
    Escort     :  100% /   60% / gap   40
    Evac       :  100% /  100% / gap    0
    Hack       :  100% /  100% / gap    0
    Rescue     :   50% /   67% / gap  -17

DECISION RICHNESS / SWING:
  meaningful-choices/turn 2.27   lead-swings/match 0.9   avg max-swing 58.8
  [shot-gate] acting-soldiers/turn 3.01   armed-soldiers/turn 1.10   armed-fraction 36%   turns-with-a-shot 54%   choices/ARMED-soldier-turn 2.08
  [choice-split] los-targets/ARMED 2.30   target-choices/ARMED 0.34   position-choices/ARMED 1.74

RUN COMPLETION BY HEAT (full-campaign clears):
  heat 6:   25% ±10  (n=20 runs, avg 3.9 missions)
  HEAT LEAK: pinned=yes  heat-raising picks=0  campaigns raised=0  missions off-rung=0/77

INTEL ECONOMY BY HEAT (campaign runs; heat-bonus = the Heat.IntelBonus share of income):
  heat 6: earned  227.7/run   heat-bonus 102.6 (  45% of income)   spent  212.6   unspent   15.1

MISSION WIN-RATE BY HEAT:
  heat 6:   81%  (n=77, avg 5.5 turns)

MISSION WIN-RATE BY OBJECTIVE:
  Eliminate  :  100% ±0  (n=24, avg 3.2 turns)
  Decapitate :   54% ±14  (n=13, avg 5.1 turns)
  Rescue     :   58% ±14  (n=12, avg 4.8 turns)
  Escort     :   80% ±13  (n=10, avg 8.5 turns)
  Defend     :   90% ±9  (n=10, avg 9.0 turns)
  Evac       :  100% ±0  (n=4, avg 8.3 turns)
  Hack       :  100% ±0  (n=3, avg 2.7 turns)
  Sabotage   :    0% ±0  (n=1, avg 6.0 turns)

MISSION WIN-RATE BY OBJECTIVE x NODE KIND (a capstone must never pool with a mid-run node):
  Eliminate  : Start: 100%(n=20)  Supply: 100%(n=2)  Combat: 100%(n=2)
               depth: m1:100%(20) m2:100%(4)
  Decapitate : Boss:  50%(n=10)  Supply:  50%(n=2)  Combat: 100%(n=1)
               depth: m2:50%(2) m4:100%(1) m6:50%(10)
  Rescue     : Elite:  50%(n=6)  Combat:  67%(n=6)
               depth: m2:25%(4) m3:75%(4) m4:75%(4)
  Escort     : Combat:  80%(n=5)  Supply: 100%(n=3)  Elite:  50%(n=2)
               depth: m2:100%(2) m3:67%(3) m4:100%(2) m5:67%(3)
  Defend     : Combat:  83%(n=6)  Supply: 100%(n=2)  Elite: 100%(n=2)
               depth: m2:100%(2) m3:100%(2) m4:80%(5) m5:100%(1)
  Evac       : Combat: 100%(n=2)  Elite: 100%(n=2)
               depth: m3:100%(4)
  Hack       : Elite: 100%(n=3)
               depth: m3:100%(2) m5:100%(1)
  Sabotage   : Combat:   0%(n=1)
               depth: m5:0%(1)

ENCOUNTER COMPLETION on MID-RUN nodes (Combat+Elite) — clear% is the share of the fight actually fought:
  objective     n   win%   turns   force    +rf  killed  clear%   prs  WONclear%
  Rescue        12   58%     4.8    9.17   0.00    3.50    38.2  0.00     43.3 (n=7)
  Defend         8   88%     9.0    7.13   6.63    3.88    28.2  0.00     30.2 (n=7)
  Escort         7   71%     9.6    9.29   0.00    3.86    41.5  0.00     48.8 (n=5)
  Evac           4  100%     8.3   10.00   0.00    0.50     5.0  0.00      5.0 (n=4)
  Hack           3  100%     2.7   11.00   0.00    0.67     6.1  0.00      6.1 (n=3)
  Eliminate      2  100%     5.0    6.00   0.00    6.00   100.0  0.50    100.0 (n=2)
  Sabotage       1    0%     6.0    9.00   0.00    1.00    11.1  0.00      0.0 (n=0)
  Decapitate     1  100%     7.0   10.00   2.00    4.00    33.3  2.00     33.3 (n=1)
  ---- the two classes ----
  KILL           3  100%     5.7    7.33   0.67    5.33    66.7  1.00     66.7 (n=3)
  NON-KILL      35   74%     7.0    8.97   1.51    3.00    28.6  0.00     29.7 (n=26)

DECAPITATE HVT (buff = +6+1*mission HP, +6 aim; ELITE exempt):
  EXEMPT  :   50% ±16  (n=10, avg 4.9 turns, HVT 21.8 max HP)  [m6:50%(10)]
  BUFFED  :   67% ±27  (n=3, avg 5.7 turns, HVT 22.0 max HP)  [m2:50%(2) m4:100%(1)]

MISSION WIN-RATE BY MISSION #:
  m1:  100% ±0  (n=20)
  m2:   71% ±12  (n=14)
  m3:   87% ±9  (n=15)
  m4:   83% ±11  (n=12)
  m5:   67% ±19  (n=6)
  m6:   50% ±16  (n=10)

LOSS CAUSES (missions):
  RUN OVER              : 9
  CAPTIVE LOST          : 5
  VIP LOST              : 1

MISSION WIN-RATE BY ARENA (authored layouts, n>=3; procedural fallback   25% of 77 missions):
  arena 12:  100% ±0  (n=3, avg 3.3 turns)  [m1:100%(2) m4:100%(1)]
  arena 23:   75% ±22  (n=4, avg 3.3 turns)  [m1:100%(2) m6:50%(2)]
  arena 25:  100% ±0  (n=6, avg 7.0 turns)  [m2:100%(2) m3:100%(1) m4:100%(2) m5:100%(1)]
  arena 28:   67% ±27  (n=3, avg 4.3 turns)  [m1:100%(2) m6:0%(1)]
  arena 29:  100% ±0  (n=4, avg 3.5 turns)  [m1:100%(2) m2:100%(2)]
  arena 30:  100% ±0  (n=3, avg 5.0 turns)  [m3:100%(1) m4:100%(2)]
  procedural:   63% ±11  (n=19, avg 6.6 turns)  [m1:100%(4) m2:50%(4) m3:80%(5) m4:0%(2) m5:50%(2) m6:50%(2)]

DEPLOYMENT GEOMETRY (opening shape; choices/ARMED is the wave's real gate):
  FRONTAL   :   90%  (n=48, avg 4.8 turns)  choices/turn 2.11  choices/ARMED 2.03  los-targets/ARMED 2.07
  PINCER    :   60% ±11  (n=20, avg 7.5 turns)  choices/turn 2.36  choices/ARMED 2.26  los-targets/ARMED 2.69
  ENVELOP   :   78% ±14  (n=9, avg 5.0 turns)  choices/turn 2.85  choices/ARMED 1.83  los-targets/ARMED 2.25

ARENA FUNNEL (Mission.Build exits, n=88 builds, all modes):
  authored-applied    :  72.7%  (n=64)
  connectivity-reject :   0.0%  (n=0)
  procedural-roll     :  27.3%  (n=24)

DECK EXPOSURE (campaign runs n=20):
  distinct authored arenas/run : 2.90 mean (all runs)
  ... full-depth runs only     : 3.80 mean over 5.2 fights/run (n=5)
  Defend dealt on the route    :   50% of runs (n=10)

ENEMY DECISION MIX (contested acts=1571; all-downed acts not counted=356):
  shoot           840    53%
  hunker          455    29%
  move            101     6%
  grenade          49     3%
  reload           33     2%
  heal             29     2%
  item             22     1%
  siege            20     1%
  brace            18     1%
  shove             2     0%
  overwatch         1     0%
  staleplan         1     0%

  the shot on the table (acts where the chosen tile HAD a shot = 922):
    hit% band     taken   share   E[dmg]/shot   declined   share   E[dmg]/shot
      0-19           3      0%          0.47          0      0%          0.00
     20-39          47      6%          1.07          0      0%          0.00
     40-59         143     17%          1.57          0      0%          0.00
     60-79         318     38%          2.26          0      0%          0.00
      80+          329     39%          3.46          0      0%          0.00
    TOTAL           840                              0
  taken   91% / DECLINED    0% / preempted by another verb    9%
  enemy lanes held (overwatch+brace) 19; reaction shots fired 3  ->   16% of lanes paid off   [C2: DeclineWatchRatio is a bet on this number]

ACTION MIX (verbs issued, by policy):
  verb                  greedy        sloppy
  MOVE               611   44%     543   43%
  SHOOT              360   26%     353   28%
  HUNKER              72    5%      64    5%
  BRACE               50    4%      39    3%
  OVERWATCH           55    4%      22    2%
  INTEL               35    3%      35    3%
  RELOAD              30    2%      33    3%
  FOCUS               38    3%      24    2%
  STABILIZE           23    2%      29    2%
  ITEM:SMOKE          20    1%      19    2%
  SLIPSTREAM          21    2%      16    1%
  DRAG                18    1%      18    1%
  MARK                11    1%      15    1%
  REARM               13    1%       8    1%
  BEACON               7    1%       9    1%
  PATCH                6    0%       8    1%
  PIN                  6    0%       5    0%
  BARREL               5    0%       4    0%
  GRAPPLE              2    0%       6    0%
  GRENADE              2    0%       6    0%
  HACK                 4    0%       2    0%
  EXTRACT              2    0%       3    0%
  PLANT                3    0%       0    0%
  ITEM:INCENDIARY       1    0%       0    0%

PLAYER CLASS PERFORMANCE:
  class        shots   hit%   dmg   kills
  SHARPSHOOTER    243    91%   1609     98
  GUNNER         169    86%    839     50
  ASSAULT        153    84%    666     30
  RANGER          98    88%    625     40
  CORPSMAN        62    84%    232     11
  VIP              2   100%      4      0

SOLDIER DEATHS BY ENEMY CLASS (threat ranking):
  GRUNT      : 11
  SNIPER     : 11
  SHIELD     : 9
  ELITE      : 9
  BERSERKER  : 7
  BURN       : 6
  SCREENER   : 5
  LANCER     : 5
  SAPPER     : 4
  TURRET     : 4
  SCOUT      : 4
  BRUISER    : 4
  STRIKE     : 4
  STRIKER    : 3
  PIKEMAN    : 2
  MEDIC      : 2
  CUSTODIAN  : 2
  MORTAR     : 1
  DRONE      : 1
  HUNTER     : 1
  WARBRINGER : 1

SOLDIER DOWNS (FUL-7 bleed-out): 201 downs -> revived 5 / recovered 47 / bled out 121 / finished 18  (save-rate   31%)
  corpsman fielded in 25 missions

ENEMY COMPOSITION (spawns; faction-stamped fights n=598 / default-cascade fights n=160):
  class        faction         default
  SCOUT           33    6%       67   42%
  GRUNT           58   10%       28   18%
  BRUISER         50    8%        2    1%
  BERSERKER       50    8%        1    1%
  DRONE           41    7%        7    4%
  ELITE           39    7%        1    1%
  SAPPER          32    5%        6    4%
  SCREENER        32    5%        6    4%
  SHIELD          35    6%        1    1%
  SNIPER          29    5%        7    4%
  TURRET          22    4%        5    3%
  MEDIC           19    3%        8    5%
  HUNTER          25    4%        0    0%
  MORTAR          21    4%        3    2%
  STRIKER         19    3%        3    2%
  LANCER          14    2%        8    5%
  PIKEMAN         19    3%        2    1%
  CUSTODIAN       17    3%        0    0%
  SPOTTER         16    3%        0    0%
  HOUND           14    2%        1    1%
  WARBRINGER       8    1%        2    1%
  BOMBARD          5    1%        2    1%

PERK PICK FREQUENCY:
  EXC           : 15
  LCK           : 14
  GRD           : 13
  TNK           : 12
  CQB           : 12
  MOM           : 11
  MRK           : 11
  GUN           : 10
  FST           : 10
  SKR           : 10
  OUT           : 8
  RFX           : 8
  BND           : 7
  PLT           : 7
  BRK           : 7
  VNT           : 6
  HRD           : 5
  CLH           : 5
  SGE           : 3

SHOP PURCHASE FREQUENCY:
  WPN: SCOPE        : 70
  FIELD MEDKIT      : 61
  WPN: HOLLOW POINT : 56
  WPN: STABILIZER   : 44
  WPN: BIPOD        : 28
  BALLISTIC PLATING : 24
  ARMORY            : 21
  FRAG CACHE        : 18
  ADV. TRAINING     : 18
  COUNTER-PREP      : 14
  WPN: EXTENDED MAG : 13
  WPN: SUPPRESSOR   : 13
  COMBAT STIMS      : 11

BOON PICK FREQUENCY (PROCS = effect fires at instrumented sites; '-' = not instrumented;
                      PYR counts the +2-turn-burn half only — the Burning-immunity half is uninstrumented):
  code                 picks   PROCS
  SHK               :     7      13
  FVR               :     6       -
  SCV               :     6       -
  GHO               :     5       -
  PYR               :     5       0
  TRR               :     4      20
  FDR               :     3       2
  FRT               :     3       -
  GRN               :     3       -
  VNM               :     3       -
  ADR               :     2       -
  EXE               :     2       -
  FST               :     2      30
  MRK               :     2       -
  RCL               :     2       0
  RPD               :     2       -

RUN WIN-RATE BY BOON (campaign runs holding it):
  SHK               :   14% ±13  (in 7 runs)
  FVR               :   50% ±20  (in 6 runs)
  SCV               :   67% ±19  (in 6 runs)
  GHO               :   60% ±22  (in 5 runs)
  PYR               :   40% ±22  (in 5 runs)
  TRR               :   25% ±22  (in 4 runs)
  FDR               :    0% ±0  (in 3 runs)
  FRT               :   33% ±27  (in 3 runs)
  GRN               :   33% ±27  (in 3 runs)
  VNM               :   33% ±27  (in 3 runs)
  ADR               :    0% ±0  (in 2 runs)
  EXE               :   50% ±35  (in 2 runs)
  FST               :    0% ±0  (in 2 runs)
  MRK               :    0% ±0  (in 2 runs)
  RCL               :   50% ±35  (in 2 runs)
  RPD               :  100% ±0  (in 2 runs)

RUN WIN-RATE BY SPEC (campaign runs fielding it):
  HHT               :   36% ±15  (in 11 runs)
  SNT               :   40% ±22  (in 5 runs)
  ADN               :   33% ±27  (in 3 runs)
  ANC               :  100% ±0  (in 2 runs)
  JUG               :   50% ±35  (in 2 runs)
  PTH               :   50% ±35  (in 2 runs)
  BRC               :  100% ±0  (in 1 runs)
  PHN               :    0% ±0  (in 1 runs)
  SRG               :    0% ±0  (in 1 runs)

RUN WIN-RATE BY PERK (campaign runs holding it):
  CQB               :   27% ±13  (in 11 runs)
  MOM               :   20% ±13  (in 10 runs)
  EXC               :   33% ±16  (in 9 runs)
  FST               :   33% ±16  (in 9 runs)
  GRD               :   44% ±17  (in 9 runs)
  GUN               :   33% ±16  (in 9 runs)
  MRK               :   33% ±16  (in 9 runs)
  SKR               :   33% ±16  (in 9 runs)
  TNK               :   22% ±14  (in 9 runs)
  LCK               :   63% ±17  (in 8 runs)
  RFX               :   38% ±17  (in 8 runs)
  OUT               :   14% ±13  (in 7 runs)
  BND               :   83% ±15  (in 6 runs)
  BRK               :   83% ±15  (in 6 runs)
  VNT               :   67% ±19  (in 6 runs)
  HRD               :   40% ±22  (in 5 runs)
  PLT               :   40% ±22  (in 5 runs)
  CLH               :   25% ±22  (in 4 runs)
  SGE               :   33% ±27  (in 3 runs)

RUN WIN-RATE BY PURCHASE (campaign runs buying it):
  FIELD MEDKIT      :   31% ±12  (in 16 runs)
  WPN: SCOPE        :   27% ±11  (in 15 runs)
  ARMORY            :   36% ±13  (in 14 runs)
  BALLISTIC PLATING :   38% ±13  (in 13 runs)
  COUNTER-PREP      :   27% ±13  (in 11 runs)
  WPN: HOLLOW POINT :   36% ±15  (in 11 runs)
  WPN: STABILIZER   :   36% ±15  (in 11 runs)
  WPN: SUPPRESSOR   :   50% ±16  (in 10 runs)
  ADV. TRAINING     :   56% ±17  (in 9 runs)
  COMBAT STIMS      :   22% ±14  (in 9 runs)
  WPN: BIPOD        :   22% ±14  (in 9 runs)
  FRAG CACHE        :   38% ±17  (in 8 runs)
  WPN: EXTENDED MAG :   25% ±15  (in 8 runs)

RUN WIN-RATE BY EVENT-CHOICE (campaign runs taking id:arm):
  grave:1           :    0% ±0  (in 3 runs)
  bloodfeud:1       :   50% ±35  (in 2 runs)
  defector:0        :    0% ±0  (in 2 runs)
  distress:1        :    0% ±0  (in 2 runs)
  profiteer:0       :   50% ±35  (in 2 runs)
  reservecall:0     :    0% ±0  (in 2 runs)
  warpension:1      :  100% ±0  (in 2 runs)
═══════════════════════════════════════════════════════════════════════

batch wall-time: 10.2s  (20 matches across 10 campaigns × 2 policy, frame-cap hits: 0)
aggregate JSON -> /home/user/wt/heat-pin/docs/measurements/l5/L5fac-m0a0b0-h6-b60.json
INFO: TEXTURE: [ID 2] Unloaded texture data from VRAM (GPU)
INFO: SHADER: [ID 3] Default shader unloaded successfully
INFO: TEXTURE: [ID 1] Default texture unloaded successfully
INFO: Window closed successfully
