BALANCE: heat PINNED for this batch (field-event AddHeat is a no-op; SIGHTLINE_HEATPIN=0 restores the leak)
INFO: Initializing raylib 6.0
INFO: Platform backend: DESKTOP (GLFW)
INFO: Supported raylib modules:
INFO:     > rcore:..... loaded (mandatory)
INFO:     > rlgl:...... loaded (mandatory)
INFO:     > rshapes:... loaded (optional)
INFO:     > rtextures:. loaded (optional)
INFO:     > rtext:..... loaded (optional)
INFO:     > rmodels:... loaded (optional)
INFO:     > raudio:.... loaded (optional)
INFO: DISPLAY: Trying to enable MSAA x4
INFO: DISPLAY: Device initialized successfully 
INFO:     > Display size: 1280 x 800
INFO:     > Screen size:  1280 x 800
INFO:     > Render size:  1280 x 800
INFO:     > Viewport offsets: 0, 0
INFO: GLAD: OpenGL extensions loaded successfully
INFO: GL: Supported extensions count: 229
INFO: GL: OpenGL device information:
INFO:     > Vendor:   Mesa
INFO:     > Renderer: llvmpipe (LLVM 20.1.2, 256 bits)
INFO:     > Version:  4.5 (Core Profile) Mesa 25.2.8-0ubuntu0.24.04.2
INFO:     > GLSL:     4.50
INFO: GL: VAO extension detected, VAO functions loaded successfully
INFO: GL: NPOT textures extension detected, full NPOT textures supported
INFO: GL: DXT compressed textures supported
INFO: GL: ETC2/EAC compressed textures supported
INFO: PLATFORM: DESKTOP (GLFW - X11): Initialized successfully
INFO: TEXTURE: [ID 1] Texture loaded successfully (1x1 | R8G8B8A8 | 1 mipmaps)
INFO: TEXTURE: [ID 1] Default texture loaded successfully
INFO: SHADER: [ID 1] Vertex shader compiled successfully
INFO: SHADER: [ID 2] Fragment shader compiled successfully
INFO: SHADER: [ID 3] Program shader loaded successfully
INFO: SHADER: [ID 3] Default shader loaded successfully
INFO: RLGL: Render batch vertex buffers loaded successfully in RAM (CPU)
INFO: RLGL: Render batch vertex buffers loaded successfully in VRAM (GPU)
INFO: RLGL: Default OpenGL state initialized successfully
INFO: TEXTURE: [ID 2] Texture loaded successfully (128x128 | GRAY_ALPHA | 1 mipmaps)
INFO: FONT: Default font loaded successfully (224 glyphs)
INFO: SYSTEM: Working Directory: /home/user/wt/heat-pin
INFO: TIMER: Target time per frame: 0.000 milliseconds
FINALE-KIT: Wardens
WAVE: +3 (BRUISER,BERSERKER,BERSERKER) [rich]
WAVE: +2 (STRIKER,BRUISER) [rich]
REINFORCEMENTS: +2 (SCOUT,SCOUT)
REINFORCEMENTS: +2 (GRUNT,SCOUT)
FINALE-KIT: Wardens
WAVE: +3 (HUNTER,BRUISER,BERSERKER) [rich]
WAVE: +1 (LANCER) [rich]
REINFORCEMENTS: +2 (GRUNT,SCOUT)
FINALE-KIT: Syndicate
WAVE: +2 (PIKEMAN,GRUNT) [rich]
WAVE: +2 (MEDIC,GRUNT) [rich]
WAVE: +2 (SNIPER,SNIPER) [rich]
REINFORCEMENTS: +2 (GRUNT,GRUNT)
REINFORCEMENTS: +2 (GRUNT,SCOUT)
REINFORCEMENTS: +2 (GRUNT,SCOUT)
FINALE-KIT: Syndicate
WAVE: +2 (SNIPER,GRUNT) [rich]
WAVE: +2 (SCOUT,PIKEMAN) [rich]
WAVE: +2 (GRUNT,MEDIC) [rich]
REINFORCEMENTS: +2 (SCOUT,SCOUT)
REINFORCEMENTS: +2 (GRUNT,SCOUT)
REINFORCEMENTS: +3 (SCOUT,GRUNT,SCOUT)
REINFORCEMENTS: +2 (SCOUT,SCOUT)
REINFORCEMENTS: +2 (SCOUT,GRUNT)
FINALE-KIT: Syndicate
WAVE: +2 (BRUISER,HUNTER) [rich]
WAVE: +1 (HUNTER) [rich]
WAVE: +2 (BERSERKER,HUNTER) [rich]
REINFORCEMENTS: +2 (GRUNT,SCOUT)
REINFORCEMENTS: +2 (SCOUT,GRUNT)
REINFORCEMENTS: +2 (SCOUT,GRUNT)
match 5/20  (W:0 L:5 cap:0)  3.2s
FINALE-KIT: Syndicate
WAVE: +2 (GRUNT,BERSERKER) [rich]
WAVE: +2 (BERSERKER,HOUND) [rich]
WAVE: +2 (HOUND,STRIKER) [rich]
FINALE-KIT: Legion
FINALE-KIT: Legion
FINALE-KIT: Legion
FINALE-KIT: Legion
match 10/20  (W:0 L:10 cap:0)  4.4s
FINALE-KIT: Syndicate
FINALE-KIT: Syndicate
FINALE-KIT: Legion
FINALE-KIT: Legion
FINALE-KIT: Legion
match 15/20  (W:0 L:15 cap:0)  5.3s
FINALE-KIT: Legion
FINALE-KIT: Syndicate
FINALE-KIT: Syndicate
FINALE-KIT: Wardens
WAVE: +3 (HOUND,HUNTER,HUNTER) [rich]
WAVE: +3 (HUNTER,GRUNT,HUNTER) [rich]
WAVE: +3 (HUNTER,BRUISER,WARBRINGER) [rich]
REINFORCEMENTS: +2 (SCOUT,SCOUT)
FINALE-KIT: Wardens
match 20/20  (W:0 L:20 cap:0)  6.3s

══════════════════════ SIGHTLINE BALANCE REPORT ══════════════════════
runs=20  missions=57

RUN OUTCOMES (campaign):  win-rate    0%   avg missions cleared 2.6

POLICY GAP (optimal vs human-error; campaign runs only):
  greedy win-rate    0%  (n=10)
  sloppy win-rate    0%  (n=10)
  GAP    0 pts  (healthy slack)
  PAIRED (same-seed slots): pairs=10  concordant=10  discordant greedy-only-won=0 / sloppy-only-won=0  paired gap    0 pts
  PER-SLOT RECORDS (greedy | sloppy: outcome + missions cleared; margin = g−s):
    slot  80 @h6: L 5 | L 5   margin +0
    slot  81 @h6: L 3 | L 3   margin +0
    slot  82 @h6: L 3 | L 3   margin +0
    slot  83 @h6: L 2 | L 0   margin +2
    slot  84 @h6: L 5 | L 2   margin +3
    slot  85 @h6: L 0 | L 0   margin +0
    slot  86 @h6: L 4 | L 4   margin +0
    slot  87 @h6: L 1 | L 1   margin +0
    slot  88 @h6: L 2 | L 2   margin +0
    slot  89 @h6: L 4 | L 2   margin +2
  PAIRED MARGIN (missions cleared, all pairs): +0.70 ±0.37 SE  (n=10 pairs)
  by objective (greedy / sloppy / gap):
    Decapitate :   13% /    0% / gap   13
    Defend     :  100% /  100% / gap    0
    Eliminate  :   90% /   80% / gap   10
    Escort     :  100% /  100% / gap    0
    Evac       :   67% /  100% / gap  -33
    Rescue     :   80% /   50% / gap   30

DECISION RICHNESS / SWING:
  meaningful-choices/turn 1.79   lead-swings/match 0.7   avg max-swing 65.0
  [shot-gate] acting-soldiers/turn 2.78   armed-soldiers/turn 0.84   armed-fraction 30%   turns-with-a-shot 41%   choices/ARMED-soldier-turn 2.12
  [choice-split] los-targets/ARMED 1.98   target-choices/ARMED 0.29   position-choices/ARMED 1.83

RUN COMPLETION BY HEAT (full-campaign clears):
  heat 6:    0% ±0  (n=20 runs, avg 2.6 missions)
  HEAT LEAK: pinned=yes  heat-raising picks=0  campaigns raised=0  missions off-rung=0/57

INTEL ECONOMY BY HEAT (campaign runs; heat-bonus = the Heat.IntelBonus share of income):
  heat 6: earned  149.6/run   heat-bonus  66.6 (  45% of income)   spent  132.7   unspent   17.0

MISSION WIN-RATE BY HEAT:
  heat 6:   65%  (n=57, avg 6.4 turns)

MISSION WIN-RATE BY OBJECTIVE:
  Eliminate  :   85% ±8  (n=20, avg 5.2 turns)
  Decapitate :    7% ±7  (n=14, avg 6.6 turns)
  Rescue     :   67% ±16  (n=9, avg 5.0 turns)
  Defend     :  100% ±0  (n=7, avg 9.0 turns)
  Evac       :   80% ±18  (n=5, avg 10.6 turns)
  Escort     :  100% ±0  (n=2, avg 5.5 turns)

MISSION WIN-RATE BY OBJECTIVE x NODE KIND (a capstone must never pool with a mid-run node):
  Eliminate  : Start:  85%(n=20)
               depth: m1:85%(20)
  Decapitate : Combat:   0%(n=5)  Elite:   0%(n=4)  Boss:   0%(n=3)  Supply:  50%(n=2)
               depth: m2:0%(2) m3:25%(4) m4:0%(4) m5:0%(1) m6:0%(3)
  Rescue     : Supply:  75%(n=4)  Combat:  33%(n=3)  Elite: 100%(n=2)
               depth: m2:100%(2) m3:75%(4) m4:100%(1) m5:0%(2)
  Defend     : Elite: 100%(n=4)  Combat: 100%(n=3)
               depth: m3:100%(4) m4:100%(3)
  Evac       : Combat: 100%(n=4)  Supply:   0%(n=1)
               depth: m2:100%(2) m3:67%(3)
  Escort     : Supply: 100%(n=2)
               depth: m2:100%(2)

ENCOUNTER COMPLETION on MID-RUN nodes (Combat+Elite) — clear% is the share of the fight actually fought:
  objective     n   win%   turns   force    +rf  killed  clear%   prs  WONclear%
  Decapitate     9    0%     7.1    9.89   1.11    1.44    13.1  1.33      0.0 (n=0)
  Defend         7  100%     9.0    8.29   5.86    4.00    28.3  0.00     28.3 (n=7)
  Rescue         5   60%     5.2    9.60   0.00    2.40    25.0  0.00     42.3 (n=3)
  Evac           4  100%    12.0    7.50   0.00    0.50     6.7  0.00      6.7 (n=4)
  ---- the two classes ----
  KILL           9    0%     7.1    9.89   1.11    1.44    13.1  1.33      0.0 (n=0)
  NON-KILL      16   88%     8.6    8.50   2.56    2.63    23.7  0.00     26.5 (n=14)

DECAPITATE HVT (buff = +6+1*mission HP, +6 aim; ELITE exempt):
  EXEMPT  :   13% ±12  (n=8, avg 6.1 turns, HVT 23.5 max HP)  [m3:25%(4) m5:0%(1) m6:0%(3)]
  BUFFED  :    0% ±0  (n=6, avg 7.2 turns, HVT 26.0 max HP)  [m2:0%(2) m4:0%(4)]

MISSION WIN-RATE BY MISSION #:
  m1:   85% ±8  (n=20)
  m2:   75% ±15  (n=8)
  m3:   67% ±12  (n=15)
  m4:   50% ±18  (n=8)
  m5:    0% ±0  (n=3)
  m6:    0% ±0  (n=3)

LOSS CAUSES (missions):
  RUN OVER              : 17
  CAPTIVE LOST          : 3

MISSION WIN-RATE BY ARENA (authored layouts, n>=3; procedural fallback   23% of 57 missions):
  arena  1:  100% ±0  (n=6, avg 2.8 turns)  [m1:100%(6)]
  arena 10:   50% ±25  (n=4, avg 5.8 turns)  [m2:100%(2) m3:0%(2)]
  arena 15:   33% ±27  (n=3, avg 6.0 turns)  [m2:100%(1) m4:0%(2)]
  arena 19:   33% ±27  (n=3, avg 4.7 turns)  [m2:0%(2) m3:100%(1)]
  arena 28:   67% ±19  (n=6, avg 10.0 turns)  [m1:50%(4) m3:100%(2)]
  arena 32:   67% ±27  (n=3, avg 3.3 turns)  [m1:100%(2) m3:0%(1)]
  arena 33:    0% ±0  (n=3, avg 9.0 turns)  [m4:0%(2) m6:0%(1)]
  procedural:   62% ±13  (n=13, avg 8.5 turns)  [m1:75%(4) m2:100%(2) m3:75%(4) m5:0%(1) m6:0%(2)]

DEPLOYMENT GEOMETRY (opening shape; choices/ARMED is the wave's real gate):
  FRONTAL   :   71% ±10  (n=21, avg 6.5 turns)  choices/turn 1.77  choices/ARMED 2.32  los-targets/ARMED 1.73
  PINCER    :   47% ±13  (n=15, avg 5.9 turns)  choices/turn 2.29  choices/ARMED 1.97  los-targets/ARMED 1.95
  CROSSFIRE :   75% ±15  (n=8, avg 8.1 turns)  choices/turn 0.90  choices/ARMED 1.29  los-targets/ARMED 1.63
  ENVELOP   :   69% ±13  (n=13, avg 5.9 turns)  choices/turn 2.00  choices/ARMED 2.65  los-targets/ARMED 2.73

ARENA FUNNEL (Mission.Build exits, n=69 builds, all modes):
  authored-applied    :  72.5%  (n=50)
  connectivity-reject :   0.0%  (n=0)
  procedural-roll     :  27.5%  (n=19)

DECK EXPOSURE (campaign runs n=20):
  distinct authored arenas/run : 2.20 mean (all runs)
  Defend dealt on the route    :   35% of runs (n=7)

ENEMY DECISION MIX (contested acts=1175; all-downed acts not counted=486):
  shoot           645    55%
  hunker          314    27%
  move            102     9%
  grenade          23     2%
  overwatch        23     2%
  reload           18     2%
  siege            15     1%
  heal             12     1%
  item             11     1%
  brace             7     1%
  sap               4     0%
  shove             1     0%

  the shot on the table (acts where the chosen tile HAD a shot = 710):
    hit% band     taken   share   E[dmg]/shot   declined   share   E[dmg]/shot
      0-19           1      0%          0.60          3     21%          0.48
     20-39          24      4%          1.01          4     29%          1.86
     40-59          92     14%          2.10          4     29%          2.05
     60-79         225     35%          3.06          3     21%          1.95
      80+          303     47%          4.34          0      0%          0.00
    TOTAL           645                             14
  taken   91% / DECLINED    2% / preempted by another verb    7%
  enemy lanes held (overwatch+brace) 30; reaction shots fired 7  ->   23% of lanes paid off   [C2: DeclineWatchRatio is a bet on this number]

ACTION MIX (verbs issued, by policy):
  verb                  greedy        sloppy
  MOVE               542   48%     464   51%
  SHOOT              239   21%     190   21%
  HUNKER              80    7%      42    5%
  BRACE               60    5%      28    3%
  OVERWATCH           40    4%      33    4%
  INTEL               31    3%      28    3%
  STABILIZE           25    2%      20    2%
  SLIPSTREAM          18    2%      26    3%
  RELOAD              21    2%      15    2%
  ITEM:SMOKE          12    1%      17    2%
  PIN                 14    1%       6    1%
  DRAG                 7    1%       6    1%
  FOCUS                8    1%       5    1%
  BEACON               7    1%       4    0%
  MARK                 4    0%       5    1%
  PATCH                5    0%       2    0%
  GRENADE              1    0%       5    1%
  BARREL               5    0%       0    0%
  REARM                3    0%       2    0%
  GRAPPLE              0    0%       2    0%
  ITEM:BARRICADE       1    0%       0    0%
  EXTRACT              0    0%       1    0%

PLAYER CLASS PERFORMANCE:
  class        shots   hit%   dmg   kills
  GUNNER         182    82%    777     42
  SHARPSHOOTER     93    96%    616     49
  ASSAULT         90    81%    348     26
  RANGER          47    89%    305     18
  CORPSMAN        21    76%     53      4

SOLDIER DEATHS BY ENEMY CLASS (threat ranking):
  SAPPER     : 18
  BURN       : 16
  SHIELD     : 10
  ELITE      : 9
  BERSERKER  : 8
  GRUNT      : 7
  WARBRINGER : 6
  SCOUT      : 6
  SNIPER     : 5
  STRIKE     : 5
  DRONE      : 4
  SCREENER   : 4
  MORTAR     : 3
  HUNTER     : 3
  CUSTODIAN  : 3
  BRUISER    : 2
  SPOTTER    : 2
  HOUND      : 2
  LANCER     : 1
  PIKEMAN    : 1
  MEDIC      : 1

SOLDIER DOWNS (FUL-7 bleed-out): 204 downs -> revived 1 / recovered 32 / bled out 140 / finished 27  (save-rate   18%)
  corpsman fielded in 15 missions

ENEMY COMPOSITION (spawns; faction-stamped fights n=413 / default-cascade fights n=170):
  class        faction         default
  SCOUT           23    6%       47   28%
  GRUNT           31    8%       36   21%
  SAPPER          42   10%        5    3%
  SHIELD          39    9%        4    2%
  HUNTER          39    9%        3    2%
  DRONE           33    8%        5    3%
  SCREENER        28    7%        8    5%
  SNIPER          15    4%       18   11%
  ELITE           19    5%       10    6%
  BRUISER         25    6%        0    0%
  TURRET          21    5%        2    1%
  LANCER           9    2%       12    7%
  BERSERKER       14    3%        4    2%
  SPOTTER          9    2%        8    5%
  MEDIC           13    3%        2    1%
  STRIKER          9    2%        4    2%
  CUSTODIAN       13    3%        0    0%
  WARBRINGER       8    2%        0    0%
  PIKEMAN          8    2%        0    0%
  MORTAR           6    1%        2    1%
  HOUND            6    1%        0    0%
  BOMBARD          3    1%        0    0%

PERK PICK FREQUENCY:
  MOM           : 11
  GUN           : 9
  LCK           : 9
  OUT           : 8
  RFX           : 7
  TNK           : 7
  MRK           : 7
  FST           : 6
  CQB           : 6
  GRD           : 5
  SGE           : 5
  BRK           : 4
  HRD           : 4
  BND           : 4
  SKR           : 4
  VNT           : 3
  PLT           : 3
  CLH           : 3
  EXC           : 3

SHOP PURCHASE FREQUENCY:
  FIELD MEDKIT      : 52
  WPN: SCOPE        : 43
  COMBAT STIMS      : 34
  WPN: HOLLOW POINT : 33
  WPN: STABILIZER   : 19
  COUNTER-PREP      : 12
  BALLISTIC PLATING : 11
  FRAG CACHE        : 11
  WPN: BIPOD        : 11
  ADV. TRAINING     : 10
  WPN: EXTENDED MAG : 8
  WPN: SUPPRESSOR   : 6
  ARMORY            : 5

BOON PICK FREQUENCY (PROCS = effect fires at instrumented sites; '-' = not instrumented;
                      PYR counts the +2-turn-burn half only — the Burning-immunity half is uninstrumented):
  code                 picks   PROCS
  FDR               :     4       0
  FRT               :     4       -
  FST               :     3      31
  GRN               :     3       -
  RCL               :     3       0
  SHK               :     3       3
  TRR               :     3       6
  ADR               :     2       -
  EXE               :     2       -
  FVR               :     2       -
  RPD               :     2       -
  VNM               :     2       -
  GHO               :     1       -
  MRK               :     1       -
  PYR               :     1       1
  SCV               :     1       -

RUN WIN-RATE BY BOON (campaign runs holding it):
  FDR               :    0% ±0  (in 4 runs)
  FRT               :    0% ±0  (in 4 runs)
  FST               :    0% ±0  (in 3 runs)
  GRN               :    0% ±0  (in 3 runs)
  RCL               :    0% ±0  (in 3 runs)
  SHK               :    0% ±0  (in 3 runs)
  TRR               :    0% ±0  (in 3 runs)
  ADR               :    0% ±0  (in 2 runs)
  EXE               :    0% ±0  (in 2 runs)
  FVR               :    0% ±0  (in 2 runs)
  RPD               :    0% ±0  (in 2 runs)
  VNM               :    0% ±0  (in 2 runs)
  GHO               :    0% ±0  (in 1 runs)
  MRK               :    0% ±0  (in 1 runs)
  PYR               :    0% ±0  (in 1 runs)
  SCV               :    0% ±0  (in 1 runs)

RUN WIN-RATE BY SPEC (campaign runs fielding it):
  ADN               :    0% ±0  (in 4 runs)
  HHT               :    0% ±0  (in 3 runs)
  ANC               :    0% ±0  (in 2 runs)
  JUG               :    0% ±0  (in 2 runs)
  SNT               :    0% ±0  (in 2 runs)

RUN WIN-RATE BY PERK (campaign runs holding it):
  GUN               :    0% ±0  (in 8 runs)
  LCK               :    0% ±0  (in 8 runs)
  MOM               :    0% ±0  (in 8 runs)
  OUT               :    0% ±0  (in 8 runs)
  MRK               :    0% ±0  (in 6 runs)
  RFX               :    0% ±0  (in 6 runs)
  TNK               :    0% ±0  (in 6 runs)
  GRD               :    0% ±0  (in 5 runs)
  SGE               :    0% ±0  (in 5 runs)
  BND               :    0% ±0  (in 4 runs)
  BRK               :    0% ±0  (in 4 runs)
  CQB               :    0% ±0  (in 4 runs)
  FST               :    0% ±0  (in 4 runs)
  HRD               :    0% ±0  (in 4 runs)
  CLH               :    0% ±0  (in 3 runs)
  PLT               :    0% ±0  (in 3 runs)
  SKR               :    0% ±0  (in 3 runs)
  EXC               :    0% ±0  (in 2 runs)
  VNT               :    0% ±0  (in 2 runs)

RUN WIN-RATE BY PURCHASE (campaign runs buying it):
  FIELD MEDKIT      :    0% ±0  (in 16 runs)
  WPN: SCOPE        :    0% ±0  (in 13 runs)
  WPN: HOLLOW POINT :    0% ±0  (in 11 runs)
  COUNTER-PREP      :    0% ±0  (in 9 runs)
  ADV. TRAINING     :    0% ±0  (in 8 runs)
  COMBAT STIMS      :    0% ±0  (in 8 runs)
  FRAG CACHE        :    0% ±0  (in 7 runs)
  WPN: BIPOD        :    0% ±0  (in 7 runs)
  WPN: STABILIZER   :    0% ±0  (in 7 runs)
  ARMORY            :    0% ±0  (in 5 runs)
  WPN: SUPPRESSOR   :    0% ±0  (in 4 runs)
  BALLISTIC PLATING :    0% ±0  (in 3 runs)
  WPN: EXTENDED MAG :    0% ±0  (in 3 runs)

RUN WIN-RATE BY EVENT-CHOICE (campaign runs taking id:arm):
  cache:2           :    0% ±0  (in 2 runs)
  drill:1           :    0% ±0  (in 2 runs)
  fieldhospital:2   :    0% ±0  (in 2 runs)
  profiteer:0       :    0% ±0  (in 2 runs)
  reservecall:0     :    0% ±0  (in 2 runs)
  warchest:0        :    0% ±0  (in 2 runs)
  distress:1        :    0% ±0  (in 1 runs)
  quartermaster:1   :    0% ±0  (in 1 runs)
═══════════════════════════════════════════════════════════════════════

batch wall-time: 6.3s  (20 matches across 10 campaigns × 2 policy, frame-cap hits: 0)
aggregate JSON -> /home/user/wt/heat-pin/docs/measurements/l5/L5fac-m3a1b1-h6-b80.json
INFO: TEXTURE: [ID 2] Unloaded texture data from VRAM (GPU)
INFO: SHADER: [ID 3] Default shader unloaded successfully
INFO: TEXTURE: [ID 1] Default texture unloaded successfully
INFO: Window closed successfully
