BALANCE: heat PINNED for this batch (field-event AddHeat is a no-op; SIGHTLINE_HEATPIN=0 restores the leak)
INFO: Initializing raylib 6.0
INFO: Platform backend: DESKTOP (GLFW)
INFO: Supported raylib modules:
INFO:     > rcore:..... loaded (mandatory)
INFO:     > rlgl:...... loaded (mandatory)
INFO:     > rshapes:... loaded (optional)
INFO:     > rtextures:. loaded (optional)
INFO:     > rtext:..... loaded (optional)
INFO:     > rmodels:... loaded (optional)
INFO:     > raudio:.... loaded (optional)
INFO: DISPLAY: Trying to enable MSAA x4
INFO: DISPLAY: Device initialized successfully 
INFO:     > Display size: 1280 x 800
INFO:     > Screen size:  1280 x 800
INFO:     > Render size:  1280 x 800
INFO:     > Viewport offsets: 0, 0
INFO: GLAD: OpenGL extensions loaded successfully
INFO: GL: Supported extensions count: 229
INFO: GL: OpenGL device information:
INFO:     > Vendor:   Mesa
INFO:     > Renderer: llvmpipe (LLVM 20.1.2, 256 bits)
INFO:     > Version:  4.5 (Core Profile) Mesa 25.2.8-0ubuntu0.24.04.2
INFO:     > GLSL:     4.50
INFO: GL: VAO extension detected, VAO functions loaded successfully
INFO: GL: NPOT textures extension detected, full NPOT textures supported
INFO: GL: DXT compressed textures supported
INFO: GL: ETC2/EAC compressed textures supported
INFO: PLATFORM: DESKTOP (GLFW - X11): Initialized successfully
INFO: TEXTURE: [ID 1] Texture loaded successfully (1x1 | R8G8B8A8 | 1 mipmaps)
INFO: TEXTURE: [ID 1] Default texture loaded successfully
INFO: SHADER: [ID 1] Vertex shader compiled successfully
INFO: SHADER: [ID 2] Fragment shader compiled successfully
INFO: SHADER: [ID 3] Program shader loaded successfully
INFO: SHADER: [ID 3] Default shader loaded successfully
INFO: RLGL: Render batch vertex buffers loaded successfully in RAM (CPU)
INFO: RLGL: Render batch vertex buffers loaded successfully in VRAM (GPU)
INFO: RLGL: Default OpenGL state initialized successfully
INFO: TEXTURE: [ID 2] Texture loaded successfully (128x128 | GRAY_ALPHA | 1 mipmaps)
INFO: FONT: Default font loaded successfully (224 glyphs)
INFO: SYSTEM: Working Directory: /home/user/wt/heat-pin
INFO: TIMER: Target time per frame: 0.000 milliseconds
FINALE-KIT: Legion
WAVE: +2 (BERSERKER,BERSERKER) [rich]
WAVE: +2 (BERSERKER,HUNTER) [rich]
WAVE: +2 (HUNTER,BERSERKER) [rich]
WAVE: +2 (LANCER,HUNTER) [rich]
FINALE-KIT: Legion
WAVE: +2 (BERSERKER,HOUND) [rich]
WAVE: +2 (BRUISER,HOUND) [rich]
WAVE: +2 (HUNTER,HOUND) [rich]
WAVE: +2 (GRUNT,SCOUT) [rich]
WAVE: +2 (GRUNT,HOUND) [rich]
FINALE-KIT: Syndicate
WAVE: +2 (DRONE,SCOUT) [rich]
WAVE: +2 (DRONE,BRUISER) [rich]
WAVE: +2 (STRIKER,HOUND) [rich]
FINALE-KIT: Syndicate
WAVE: +2 (DRONE,SCOUT) [rich]
WAVE: +2 (DRONE,BRUISER) [rich]
WAVE: +2 (STRIKER,HOUND) [rich]
FINALE-KIT: Wardens
match 5/20  (W:0 L:5 cap:0)  4.3s
FINALE-KIT: Wardens
WAVE: +3 (DRONE,SAPPER,SPOTTER) [rich]
WAVE: +3 (GRUNT,DRONE,CUSTODIAN) [rich]
WAVE: +3 (DRONE,DRONE,SAPPER) [rich]
REINFORCEMENTS: +2 (SCOUT,SCOUT)
FINALE-KIT: Legion
FINALE-KIT: Legion
FINALE-KIT: Wardens
WAVE: +2 (STRIKER,HOUND) [rich]
WAVE: +2 (SNIPER,HOUND) [rich]
WAVE: +2 (SNIPER,HUNTER) [rich]
FINALE-KIT: Wardens
WAVE: +2 (HOUND,DRONE) [rich]
WAVE: +2 (LANCER,DRONE) [rich]
WAVE: +2 (STRIKER,HUNTER) [rich]
match 10/20  (W:0 L:10 cap:0)  6.6s
FINALE-KIT: Wardens
FINALE-KIT: Wardens
WAVE: +3 (STRIKER,GRUNT,HUNTER) [rich]
WAVE: +2 (SNIPER,GRUNT) [rich]
WAVE: +2 (SHIELD,DRONE) [rich]
REINFORCEMENTS: +2 (SCOUT,GRUNT)
REINFORCEMENTS: +2 (SCOUT,SCOUT)
REINFORCEMENTS: +3 (SCOUT,GRUNT,GRUNT)
REINFORCEMENTS: +2 (GRUNT,GRUNT)
FINALE-KIT: Wardens
REINFORCEMENTS: +2 (GRUNT,SCOUT)
FINALE-KIT: Wardens
FINALE-KIT: Legion
WAVE: +2 (HOUND,SNIPER) [rich]
WAVE: +2 (SCOUT,STRIKER) [rich]
WAVE: +2 (HOUND,SNIPER) [rich]
match 15/20  (W:0 L:15 cap:0)  7.7s
FINALE-KIT: Legion
WAVE: +2 (HOUND,SCOUT) [rich]
WAVE: +2 (SNIPER,STRIKER) [rich]
WAVE: +2 (DRONE,STRIKER) [rich]
FINALE-KIT: Wardens
FINALE-KIT: Wardens
FINALE-KIT: Wardens
FINALE-KIT: Wardens
match 20/20  (W:0 L:20 cap:0)  8.6s

══════════════════════ SIGHTLINE BALANCE REPORT ══════════════════════
runs=20  missions=56

RUN OUTCOMES (campaign):  win-rate    0%   avg missions cleared 2.8

POLICY GAP (optimal vs human-error; campaign runs only):
  greedy win-rate    0%  (n=10)
  sloppy win-rate    0%  (n=10)
  GAP    0 pts  (healthy slack)
  PAIRED (same-seed slots): pairs=10  concordant=10  discordant greedy-only-won=0 / sloppy-only-won=0  paired gap    0 pts
  PER-SLOT RECORDS (greedy | sloppy: outcome + missions cleared; margin = g−s):
    slot  20 @h6: L 4 | L 2   margin +2
    slot  21 @h6: L 4 | L 4   margin +0
    slot  22 @h6: L 2 | L 5   margin -3
    slot  23 @h6: L 1 | L 2   margin -1
    slot  24 @h6: L 3 | L 3   margin +0
    slot  25 @h6: L 1 | L 5   margin -4
    slot  26 @h6: L 2 | L 2   margin +0
    slot  27 @h6: L 4 | L 4   margin +0
    slot  28 @h6: L 3 | L 2   margin +1
    slot  29 @h6: L 1 | L 1   margin +0
  PAIRED MARGIN (missions cleared, all pairs): -0.50 ±0.56 SE  (n=10 pairs)
  by objective (greedy / sloppy / gap):
    Decapitate :    0% /    0% / gap    0
    Defend     :  100% /   83% / gap   17
    Eliminate  :   91% /   91% / gap    0
    Evac       :   50% /   67% / gap  -17
    Rescue     :   20% /   50% / gap  -30
    Sabotage   :    0% /   33% / gap  -33

DECISION RICHNESS / SWING:
  meaningful-choices/turn 2.28   lead-swings/match 0.8   avg max-swing 55.2
  [shot-gate] acting-soldiers/turn 2.88   armed-soldiers/turn 1.06   armed-fraction 37%   turns-with-a-shot 49%   choices/ARMED-soldier-turn 2.15
  [choice-split] los-targets/ARMED 2.29   target-choices/ARMED 0.41   position-choices/ARMED 1.74

RUN COMPLETION BY HEAT (full-campaign clears):
  heat 6:    0% ±0  (n=20 runs, avg 2.8 missions)
  HEAT LEAK: pinned=yes  heat-raising picks=0  campaigns raised=0  missions off-rung=0/56

INTEL ECONOMY BY HEAT (campaign runs; heat-bonus = the Heat.IntelBonus share of income):
  heat 6: earned  141.1/run   heat-bonus  64.8 (  46% of income)   spent  123.1   unspent   18.0

MISSION WIN-RATE BY HEAT:
  heat 6:   64%  (n=56, avg 5.7 turns)

MISSION WIN-RATE BY OBJECTIVE:
  Eliminate  :   91% ±6  (n=22, avg 4.0 turns)
  Defend     :   90% ±9  (n=10, avg 8.9 turns)
  Rescue     :   33% ±16  (n=9, avg 5.3 turns)
  Sabotage   :   20% ±18  (n=5, avg 6.4 turns)
  Evac       :   60% ±22  (n=5, avg 5.2 turns)
  Decapitate :    0% ±0  (n=4, avg 7.5 turns)
  Hack       :    0% ±0  (n=1, avg 5.0 turns)

MISSION WIN-RATE BY OBJECTIVE x NODE KIND (a capstone must never pool with a mid-run node):
  Eliminate  : Start: 100%(n=20)  Combat:   0%(n=2)
               depth: m1:100%(20) m5:0%(2)
  Defend     : Supply: 100%(n=7)  Combat:  67%(n=3)
               depth: m2:100%(6) m3:50%(2) m4:100%(2)
  Rescue     : Combat:  43%(n=7)  Elite:   0%(n=2)
               depth: m2:50%(2) m4:40%(5) m5:0%(2)
  Sabotage   : Elite:  25%(n=4)  Combat:   0%(n=1)
               depth: m2:0%(2) m3:33%(3)
  Evac       : Combat:  50%(n=4)  Supply: 100%(n=1)
               depth: m2:50%(2) m3:50%(2) m5:100%(1)
  Decapitate : Boss:   0%(n=2)  Combat:   0%(n=2)
               depth: m3:0%(2) m6:0%(2)
  Hack       : Combat:   0%(n=1)
               depth: m5:0%(1)

ENCOUNTER COMPLETION on MID-RUN nodes (Combat+Elite) — clear% is the share of the fight actually fought:
  objective     n   win%   turns   force    +rf  killed  clear%   prs  WONclear%
  Rescue         9   33%     5.3    9.56   0.00    3.56    37.2  0.00     61.5 (n=3)
  Sabotage       5   20%     6.4    7.40   0.00    1.20    16.2  0.00      0.0 (n=1)
  Evac           4   50%     4.8    7.50   0.00    0.00     0.0  0.00      0.0 (n=2)
  Defend         3   67%     8.7    7.33   7.00    6.33    44.2  0.00     56.7 (n=2)
  Eliminate      2    0%     9.0   11.00   0.00    4.00    36.4  2.00      0.0 (n=0)
  Decapitate     2    0%     6.5    9.00   0.00    0.00     0.0  1.00      0.0 (n=0)
  Hack           1    0%     5.0   11.00   0.00    1.00     9.1  0.00      0.0 (n=0)
  ---- the two classes ----
  KILL           4    0%     7.8   10.00   0.00    2.00    20.0  1.50      0.0 (n=0)
  NON-KILL      22   36%     5.9    8.45   0.95    2.64    28.0  0.00     41.3 (n=8)

DECAPITATE HVT (buff = +6+1*mission HP, +6 aim; ELITE exempt):
  EXEMPT  :    0% ±0  (n=4, avg 7.5 turns, HVT 23.0 max HP)  [m3:0%(2) m6:0%(2)]

MISSION WIN-RATE BY MISSION #:
  m1:  100% ±0  (n=20)
  m2:   67% ±14  (n=12)
  m3:   33% ±16  (n=9)
  m4:   57% ±19  (n=7)
  m5:   17% ±15  (n=6)
  m6:    0% ±0  (n=2)

LOSS CAUSES (missions):
  RUN OVER              : 14
  CAPTIVE LOST          : 6

MISSION WIN-RATE BY ARENA (authored layouts, n>=3; procedural fallback   21% of 56 missions):
  arena 15:   67% ±27  (n=3, avg 8.7 turns)  [m2:100%(2) m6:0%(1)]
  arena 16:   67% ±27  (n=3, avg 6.0 turns)  [m3:50%(2) m4:100%(1)]
  arena 19:  100% ±0  (n=4, avg 1.8 turns)  [m1:100%(4)]
  arena 28:   33% ±27  (n=3, avg 6.3 turns)  [m4:100%(1) m5:0%(2)]
  arena 30:  100% ±0  (n=3, avg 4.0 turns)  [m1:100%(2) m5:100%(1)]
  arena 31:   50% ±25  (n=4, avg 9.0 turns)  [m2:100%(2) m5:0%(2)]
  arena 33:   67% ±27  (n=3, avg 5.0 turns)  [m1:100%(2) m3:0%(1)]
  procedural:   83% ±11  (n=12, avg 6.2 turns)  [m1:100%(6) m3:50%(4) m4:100%(2)]

DEPLOYMENT GEOMETRY (opening shape; choices/ARMED is the wave's real gate):
  FRONTAL   :   58% ±10  (n=26, avg 5.6 turns)  choices/turn 2.16  choices/ARMED 2.52  los-targets/ARMED 2.13
  PINCER    :   65% ±12  (n=17, avg 5.6 turns)  choices/turn 2.19  choices/ARMED 1.88  los-targets/ARMED 2.47
  CROSSFIRE :   50% ±25  (n=4, avg 5.5 turns)  choices/turn 2.71  choices/ARMED 1.97  los-targets/ARMED 3.00
  ENVELOP   :   89% ±10  (n=9, avg 5.9 turns)  choices/turn 2.58  choices/ARMED 2.03  los-targets/ARMED 1.93

ARENA FUNNEL (Mission.Build exits, n=68 builds, all modes):
  authored-applied    :  80.9%  (n=55)
  connectivity-reject :   0.0%  (n=0)
  procedural-roll     :  19.1%  (n=13)

DECK EXPOSURE (campaign runs n=20):
  distinct authored arenas/run : 2.20 mean (all runs)
  Defend dealt on the route    :   50% of runs (n=10)

ENEMY DECISION MIX (contested acts=1178; all-downed acts not counted=400):
  shoot           694    59%
  hunker          252    21%
  move             75     6%
  reload           38     3%
  grenade          35     3%
  heal             24     2%
  item             16     1%
  siege            16     1%
  shove             9     1%
  brace             7     1%
  sap               7     1%
  staleplan         3     0%
  overwatch         1     0%
  relock            1     0%

  the shot on the table (acts where the chosen tile HAD a shot = 769):
    hit% band     taken   share   E[dmg]/shot   declined   share   E[dmg]/shot
      0-19           1      0%          1.15          0      0%          0.00
     20-39          26      4%          1.20          0      0%          0.00
     40-59         106     15%          1.35          0      0%          0.00
     60-79         266     38%          2.39          0      0%          0.00
      80+          295     43%          3.49          0      0%          0.00
    TOTAL           694                              0
  taken   90% / DECLINED    0% / preempted by another verb   10%
  enemy lanes held (overwatch+brace) 8; reaction shots fired 3  ->   38% of lanes paid off   [C2: DeclineWatchRatio is a bet on this number]

ACTION MIX (verbs issued, by policy):
  verb                  greedy        sloppy
  MOVE               402   41%     424   41%
  SHOOT              255   26%     281   27%
  OVERWATCH           55    6%      50    5%
  BRACE               31    3%      52    5%
  HUNKER              49    5%      18    2%
  STABILIZE           25    3%      34    3%
  RELOAD              29    3%      28    3%
  INTEL               26    3%      30    3%
  SLIPSTREAM          21    2%      23    2%
  FOCUS               20    2%       9    1%
  MARK                 5    1%      18    2%
  ITEM:SMOKE           9    1%      13    1%
  PIN                 12    1%       9    1%
  DRAG                 8    1%       7    1%
  GRENADE              6    1%       8    1%
  PLANT                5    1%       9    1%
  PATCH                2    0%       6    1%
  BEACON               3    0%       5    0%
  GRAPPLE              5    1%       3    0%
  REARM                1    0%       7    1%
  EXTRACT              1    0%       2    0%
  BARREL               2    0%       1    0%
  HACK                 1    0%       0    0%

PLAYER CLASS PERFORMANCE:
  class        shots   hit%   dmg   kills
  SHARPSHOOTER    141    92%    907     53
  ASSAULT        150    83%    626     42
  GUNNER         141    79%    547     49
  RANGER          63    79%    303     23
  CORPSMAN        32    78%     98      2

SOLDIER DEATHS BY ENEMY CLASS (threat ranking):
  BURN       : 11
  ELITE      : 10
  SCOUT      : 9
  HUNTER     : 8
  SNIPER     : 8
  SHIELD     : 7
  SAPPER     : 6
  DRONE      : 5
  SCREENER   : 5
  CUSTODIAN  : 5
  STRIKE     : 5
  MORTAR     : 4
  BERSERKER  : 4
  STRIKER    : 4
  HOUND      : 3
  GRUNT      : 3
  BRUISER    : 2
  LANCER     : 2
  TURRET     : 1
  WARBRINGER : 1
  PIKEMAN    : 1

SOLDIER DOWNS (FUL-7 bleed-out): 191 downs -> revived 7 / recovered 28 / bled out 129 / finished 19  (save-rate   23%)
  corpsman fielded in 16 missions

ENEMY COMPOSITION (spawns; faction-stamped fights n=383 / default-cascade fights n=168):
  class        faction         default
  SCOUT           19    5%       66   39%
  GRUNT           26    7%       26   15%
  DRONE           40   10%        8    5%
  SNIPER          28    7%       12    7%
  BERSERKER       29    8%        2    1%
  SHIELD          30    8%        1    1%
  ELITE           27    7%        2    1%
  HUNTER          23    6%        6    4%
  HOUND           16    4%       12    7%
  STRIKER          7    2%       16   10%
  BRUISER         21    5%        2    1%
  SCREENER        20    5%        2    1%
  SAPPER          17    4%        2    1%
  SPOTTER         11    3%        7    4%
  LANCER          12    3%        2    1%
  TURRET          13    3%        0    0%
  MORTAR           9    2%        2    1%
  MEDIC           10    3%        0    0%
  PIKEMAN          9    2%        0    0%
  CUSTODIAN        8    2%        0    0%
  BOMBARD          4    1%        0    0%
  WARBRINGER       4    1%        0    0%

PERK PICK FREQUENCY:
  CQB           : 12
  MRK           : 12
  MOM           : 11
  SKR           : 9
  RFX           : 8
  GUN           : 7
  SGE           : 7
  LCK           : 6
  CLH           : 5
  OUT           : 5
  EXC           : 5
  FST           : 4
  HRD           : 4
  BND           : 3
  PLT           : 3
  BRK           : 3
  GRD           : 2
  TNK           : 2
  VNT           : 2

SHOP PURCHASE FREQUENCY:
  FIELD MEDKIT      : 40
  WPN: HOLLOW POINT : 36
  WPN: SCOPE        : 35
  WPN: STABILIZER   : 22
  WPN: EXTENDED MAG : 22
  WPN: BIPOD        : 20
  FRAG CACHE        : 10
  WPN: SUPPRESSOR   : 9
  ARMORY            : 8
  BALLISTIC PLATING : 8
  COUNTER-PREP      : 7
  ADV. TRAINING     : 6
  COMBAT STIMS      : 4

BOON PICK FREQUENCY (PROCS = effect fires at instrumented sites; '-' = not instrumented;
                      PYR counts the +2-turn-burn half only — the Burning-immunity half is uninstrumented):
  code                 picks   PROCS
  RPD               :     6       -
  EXE               :     5       -
  GRN               :     3       -
  SHK               :     3       0
  ADR               :     2       -
  FDR               :     2       2
  FRT               :     2       -
  FST               :     2      14
  FVR               :     2       -
  RCL               :     2       0
  TRR               :     2       4
  GHO               :     1       -
  MRK               :     1       -
  PYR               :     1       0
  SCV               :     1       -
  VNM               :     1       -

RUN WIN-RATE BY BOON (campaign runs holding it):
  RPD               :    0% ±0  (in 6 runs)
  EXE               :    0% ±0  (in 5 runs)
  GRN               :    0% ±0  (in 3 runs)
  SHK               :    0% ±0  (in 3 runs)
  ADR               :    0% ±0  (in 2 runs)
  FDR               :    0% ±0  (in 2 runs)
  FRT               :    0% ±0  (in 2 runs)
  FST               :    0% ±0  (in 2 runs)
  FVR               :    0% ±0  (in 2 runs)
  RCL               :    0% ±0  (in 2 runs)
  TRR               :    0% ±0  (in 2 runs)
  GHO               :    0% ±0  (in 1 runs)
  MRK               :    0% ±0  (in 1 runs)
  PYR               :    0% ±0  (in 1 runs)
  SCV               :    0% ±0  (in 1 runs)
  VNM               :    0% ±0  (in 1 runs)

RUN WIN-RATE BY SPEC (campaign runs fielding it):
  ADN               :    0% ±0  (in 4 runs)
  HHT               :    0% ±0  (in 4 runs)
  BRC               :    0% ±0  (in 3 runs)
  JUG               :    0% ±0  (in 2 runs)
  PTH               :    0% ±0  (in 2 runs)
  SRG               :    0% ±0  (in 1 runs)

RUN WIN-RATE BY PERK (campaign runs holding it):
  CQB               :    0% ±0  (in 11 runs)
  MOM               :    0% ±0  (in 10 runs)
  MRK               :    0% ±0  (in 10 runs)
  RFX               :    0% ±0  (in 8 runs)
  SKR               :    0% ±0  (in 8 runs)
  GUN               :    0% ±0  (in 6 runs)
  SGE               :    0% ±0  (in 6 runs)
  CLH               :    0% ±0  (in 5 runs)
  EXC               :    0% ±0  (in 5 runs)
  OUT               :    0% ±0  (in 5 runs)
  FST               :    0% ±0  (in 4 runs)
  LCK               :    0% ±0  (in 4 runs)
  BND               :    0% ±0  (in 3 runs)
  BRK               :    0% ±0  (in 3 runs)
  HRD               :    0% ±0  (in 3 runs)
  PLT               :    0% ±0  (in 3 runs)
  GRD               :    0% ±0  (in 2 runs)
  TNK               :    0% ±0  (in 2 runs)
  VNT               :    0% ±0  (in 2 runs)

RUN WIN-RATE BY PURCHASE (campaign runs buying it):
  FIELD MEDKIT      :    0% ±0  (in 15 runs)
  WPN: EXTENDED MAG :    0% ±0  (in 10 runs)
  WPN: HOLLOW POINT :    0% ±0  (in 10 runs)
  WPN: SCOPE        :    0% ±0  (in 9 runs)
  FRAG CACHE        :    0% ±0  (in 8 runs)
  WPN: STABILIZER   :    0% ±0  (in 8 runs)
  ARMORY            :    0% ±0  (in 7 runs)
  WPN: BIPOD        :    0% ±0  (in 7 runs)
  ADV. TRAINING     :    0% ±0  (in 5 runs)
  COUNTER-PREP      :    0% ±0  (in 5 runs)
  WPN: SUPPRESSOR   :    0% ±0  (in 5 runs)
  BALLISTIC PLATING :    0% ±0  (in 4 runs)
  COMBAT STIMS      :    0% ±0  (in 2 runs)

RUN WIN-RATE BY EVENT-CHOICE (campaign runs taking id:arm):
  distress:1        :    0% ±0  (in 3 runs)
  drill:1           :    0% ±0  (in 3 runs)
  blackmarket:0     :    0% ±0  (in 2 runs)
  bloodfeud:1       :    0% ±0  (in 2 runs)
  bloodfeud:2       :    0% ±0  (in 2 runs)
  grave:0           :    0% ±0  (in 2 runs)
  grave:1           :    0% ±0  (in 2 runs)
  reservecall:0     :    0% ±0  (in 2 runs)
  drill:0           :    0% ±0  (in 1 runs)
═══════════════════════════════════════════════════════════════════════

batch wall-time: 8.6s  (20 matches across 10 campaigns × 2 policy, frame-cap hits: 0)
aggregate JSON -> /home/user/wt/heat-pin/docs/measurements/l5/L5fac-m0a0b0-h6-b20.json
INFO: TEXTURE: [ID 2] Unloaded texture data from VRAM (GPU)
INFO: SHADER: [ID 3] Default shader unloaded successfully
INFO: TEXTURE: [ID 1] Default texture unloaded successfully
INFO: Window closed successfully
