BALANCE: heat PINNED for this batch (field-event AddHeat is a no-op; SIGHTLINE_HEATPIN=0 restores the leak)
INFO: Initializing raylib 6.0
INFO: Platform backend: DESKTOP (GLFW)
INFO: Supported raylib modules:
INFO:     > rcore:..... loaded (mandatory)
INFO:     > rlgl:...... loaded (mandatory)
INFO:     > rshapes:... loaded (optional)
INFO:     > rtextures:. loaded (optional)
INFO:     > rtext:..... loaded (optional)
INFO:     > rmodels:... loaded (optional)
INFO:     > raudio:.... loaded (optional)
INFO: DISPLAY: Trying to enable MSAA x4
INFO: DISPLAY: Device initialized successfully 
INFO:     > Display size: 1280 x 800
INFO:     > Screen size:  1280 x 800
INFO:     > Render size:  1280 x 800
INFO:     > Viewport offsets: 0, 0
INFO: GLAD: OpenGL extensions loaded successfully
INFO: GL: Supported extensions count: 229
INFO: GL: OpenGL device information:
INFO:     > Vendor:   Mesa
INFO:     > Renderer: llvmpipe (LLVM 20.1.2, 256 bits)
INFO:     > Version:  4.5 (Core Profile) Mesa 25.2.8-0ubuntu0.24.04.2
INFO:     > GLSL:     4.50
INFO: GL: VAO extension detected, VAO functions loaded successfully
INFO: GL: NPOT textures extension detected, full NPOT textures supported
INFO: GL: DXT compressed textures supported
INFO: GL: ETC2/EAC compressed textures supported
INFO: PLATFORM: DESKTOP (GLFW - X11): Initialized successfully
INFO: TEXTURE: [ID 1] Texture loaded successfully (1x1 | R8G8B8A8 | 1 mipmaps)
INFO: TEXTURE: [ID 1] Default texture loaded successfully
INFO: SHADER: [ID 1] Vertex shader compiled successfully
INFO: SHADER: [ID 2] Fragment shader compiled successfully
INFO: SHADER: [ID 3] Program shader loaded successfully
INFO: SHADER: [ID 3] Default shader loaded successfully
INFO: RLGL: Render batch vertex buffers loaded successfully in RAM (CPU)
INFO: RLGL: Render batch vertex buffers loaded successfully in VRAM (GPU)
INFO: RLGL: Default OpenGL state initialized successfully
INFO: TEXTURE: [ID 2] Texture loaded successfully (128x128 | GRAY_ALPHA | 1 mipmaps)
INFO: FONT: Default font loaded successfully (224 glyphs)
INFO: SYSTEM: Working Directory: /home/user/wt/heat-pin
INFO: TIMER: Target time per frame: 0.000 milliseconds
FINALE-KIT: Syndicate
FINALE-KIT: Syndicate
FINALE-KIT: Legion
FINALE-KIT: Legion
FINALE-KIT: Wardens
REINFORCEMENTS: +2 (SCOUT,GRUNT)
REINFORCEMENTS: +2 (GRUNT,SCOUT)
REINFORCEMENTS: +3 (GRUNT,SCOUT,SCOUT)
REINFORCEMENTS: +2 (GRUNT,SCOUT)
match 5/20  (W:0 L:5 cap:0)  2.3s
FINALE-KIT: Wardens
REINFORCEMENTS: +2 (SCOUT,GRUNT)
FINALE-KIT: Wardens
WAVE: +2 (BRUISER,LANCER) [rich]
WAVE: +2 (BRUISER,HUNTER) [rich]
WAVE: +2 (SCOUT,SCOUT) [rich]
WAVE: +3 (SNIPER,SNIPER,CUSTODIAN) [rich]
WAVE: +1 (GRUNT) [rich]
WAVE: +2 (PIKEMAN,SNIPER) [rich]
FINALE-KIT: Wardens
WAVE: +2 (BRUISER,SCOUT) [rich]
WAVE: +2 (BRUISER,BRUISER) [rich]
WAVE: +2 (BERSERKER,STRIKER) [rich]
WAVE: +3 (MORTAR,MEDIC,SNIPER) [rich]
WAVE: +1 (MEDIC) [rich]
FINALE-KIT: Syndicate
FINALE-KIT: Syndicate
match 10/20  (W:2 L:8 cap:0)  5.1s
FINALE-KIT: Legion
FINALE-KIT: Legion
FINALE-KIT: Wardens
WAVE: +2 (SHIELD,SPOTTER) [rich]
WAVE: +2 (GRUNT,SHIELD) [rich]
WAVE: +2 (DRONE,DRONE) [rich]
FINALE-KIT: Wardens
WAVE: +2 (DRONE,DRONE) [rich]
WAVE: +2 (SHIELD,GRUNT) [rich]
WAVE: +2 (GRUNT,SHIELD) [rich]
FINALE-KIT: Syndicate
WAVE: +3 (MORTAR,MORTAR,MORTAR) [rich]
WAVE: +1 (SNIPER) [rich]
match 15/20  (W:3 L:12 cap:0)  6.2s
FINALE-KIT: Syndicate
WAVE: +3 (MEDIC,MORTAR,SCOUT) [rich]
WAVE: +2 (MEDIC,GRUNT) [rich]
WAVE: +2 (PIKEMAN,MEDIC) [rich]
FINALE-KIT: Syndicate
WAVE: +2 (SCOUT,CUSTODIAN) [rich]
WAVE: +2 (MORTAR,MORTAR) [rich]
WAVE: +2 (WARBRINGER,STRIKER) [rich]
FINALE-KIT: Syndicate
WAVE: +2 (BERSERKER,MEDIC) [rich]
WAVE: +2 (SHIELD,SHIELD) [rich]
WAVE: +2 (MORTAR,MORTAR) [rich]
FINALE-KIT: Wardens
WAVE: +2 (GRUNT,MORTAR) [rich]
WAVE: +2 (SCOUT,GRUNT) [rich]
WAVE: +2 (GRUNT,GRUNT) [rich]
FINALE-KIT: Wardens
WAVE: +2 (SCREENER,MORTAR) [rich]
WAVE: +2 (PIKEMAN,PIKEMAN) [rich]
WAVE: +1 (MORTAR) [rich]
match 20/20  (W:7 L:13 cap:0)  7.4s

══════════════════════ SIGHTLINE BALANCE REPORT ══════════════════════
runs=20  missions=64

RUN OUTCOMES (campaign):  win-rate   35%   avg missions cleared 3.9

POLICY GAP (optimal vs human-error; campaign runs only):
  greedy win-rate   30%  (n=10)
  sloppy win-rate   40%  (n=10)
  GAP  -10 pts  (healthy slack)
  PAIRED (same-seed slots): pairs=10  concordant=9  discordant greedy-only-won=0 / sloppy-only-won=1  paired gap  -10 pts
  PER-SLOT RECORDS (greedy | sloppy: outcome + missions cleared; margin = g−s):
    slot 120 @h6: L 3 | L 3   margin +0
    slot 121 @h6: L 2 | L 2   margin +0
    slot 122 @h6: L 5 | L 5   margin +0
    slot 123 @h6: W 6 | W 6   margin +0
    slot 124 @h6: L 2 | L 2   margin +0
    slot 125 @h6: L 1 | L 1   margin +0
    slot 126 @h6: L 4 | L 2   margin +2
    slot 127 @h6: W 6 | W 6   margin +0
    slot 128 @h6: L 3 | W 6   margin -3
    slot 129 @h6: W 6 | W 6   margin +0
  PAIRED MARGIN (missions cleared, all pairs): -0.10 ±0.38 SE  (n=10 pairs)
  by objective (greedy / sloppy / gap):
    Decapitate :   60% /   83% / gap  -23
    Defend     :  100% /  100% / gap    0
    Eliminate  :   83% /   91% / gap   -8
    Escort     :  100% /  100% / gap    0
    Hack       :  100% /  100% / gap    0
    Rescue     :   33% /   33% / gap    0
    Sabotage   :   75% /   50% / gap   25

DECISION RICHNESS / SWING:
  meaningful-choices/turn 2.22   lead-swings/match 0.8   avg max-swing 54.8
  [shot-gate] acting-soldiers/turn 3.35   armed-soldiers/turn 1.02   armed-fraction 31%   turns-with-a-shot 50%   choices/ARMED-soldier-turn 2.17
  [choice-split] los-targets/ARMED 2.13   target-choices/ARMED 0.21   position-choices/ARMED 1.95

RUN COMPLETION BY HEAT (full-campaign clears):
  heat 6:   35% ±11  (n=20 runs, avg 3.9 missions)
  HEAT LEAK: pinned=yes  heat-raising picks=0  campaigns raised=0  missions off-rung=0/64

INTEL ECONOMY BY HEAT (campaign runs; heat-bonus = the Heat.IntelBonus share of income):
  heat 6: earned  180.6/run   heat-bonus  79.2 (  44% of income)   spent  160.7   unspent   19.9

MISSION WIN-RATE BY HEAT:
  heat 6:   80%  (n=64, avg 5.1 turns)

MISSION WIN-RATE BY OBJECTIVE:
  Eliminate  :   87% ±7  (n=23, avg 3.9 turns)
  Defend     :  100% ±0  (n=12, avg 9.0 turns)
  Decapitate :   73% ±13  (n=11, avg 4.2 turns)
  Sabotage   :   63% ±17  (n=8, avg 4.4 turns)
  Rescue     :   33% ±19  (n=6, avg 5.7 turns)
  Hack       :  100% ±0  (n=2, avg 3.5 turns)
  Escort     :  100% ±0  (n=2, avg 4.0 turns)

MISSION WIN-RATE BY OBJECTIVE x NODE KIND (a capstone must never pool with a mid-run node):
  Eliminate  : Start: 100%(n=20)  Combat:   0%(n=3)
               depth: m1:100%(20) m2:0%(2) m5:0%(1)
  Defend     : Combat: 100%(n=6)  Elite: 100%(n=4)  Supply: 100%(n=2)
               depth: m2:100%(4) m3:100%(4) m4:100%(2) m5:100%(2)
  Decapitate : Boss:  78%(n=9)  Combat:  50%(n=2)
               depth: m4:50%(2) m6:78%(9)
  Sabotage   : Supply: 100%(n=4)  Elite:   0%(n=2)  Combat:  50%(n=2)
               depth: m2:100%(2) m3:25%(4) m4:100%(2)
  Rescue     : Elite:  50%(n=4)  Combat:   0%(n=2)
               depth: m3:0%(2) m4:50%(4)
  Hack       : Combat: 100%(n=2)
               depth: m3:100%(2)
  Escort     : Combat: 100%(n=2)
               depth: m2:100%(2)

ENCOUNTER COMPLETION on MID-RUN nodes (Combat+Elite) — clear% is the share of the fight actually fought:
  objective     n   win%   turns   force    +rf  killed  clear%   prs  WONclear%
  Defend        10  100%     9.0    6.60   5.60    2.00    16.4  0.00     16.4 (n=10)
  Rescue         6   33%     5.7   10.33   0.00    2.17    21.0  0.00     18.2 (n=2)
  Sabotage       4   25%     5.5    8.00   0.00    0.25     3.1  0.00      0.0 (n=1)
  Eliminate      3    0%     8.3    7.67   0.00    3.00    39.1  2.00      0.0 (n=0)
  Hack           2  100%     3.5    9.00   0.00    0.50     5.6  0.00      5.6 (n=2)
  Decapitate     2   50%     6.5   10.00   0.00    2.00    20.0  1.00     30.0 (n=1)
  Escort         2  100%     4.0    6.00   0.00    3.00    50.0  0.00     50.0 (n=2)
  ---- the two classes ----
  KILL           5   20%     7.6    8.60   0.00    2.60    30.2  1.60     30.0 (n=1)
  NON-KILL      24   71%     6.7    7.92   2.33    1.71    16.7  0.00     17.1 (n=17)

DECAPITATE HVT (buff = +6+1*mission HP, +6 aim; ELITE exempt):
  EXEMPT  :   78% ±14  (n=9, avg 3.7 turns, HVT 22.3 max HP)  [m6:78%(9)]
  BUFFED  :   50% ±35  (n=2, avg 6.5 turns, HVT 30.0 max HP)  [m4:50%(2)]

MISSION WIN-RATE BY MISSION #:
  m1:  100% ±0  (n=20)
  m2:   80% ±13  (n=10)
  m3:   58% ±14  (n=12)
  m4:   70% ±14  (n=10)
  m5:   67% ±27  (n=3)
  m6:   78% ±14  (n=9)

LOSS CAUSES (missions):
  RUN OVER              : 9
  CAPTIVE LOST          : 4

MISSION WIN-RATE BY ARENA (authored layouts, n>=3; procedural fallback   25% of 64 missions):
  arena 10:   50% ±25  (n=4, avg 3.3 turns)  [m3:33%(3) m6:100%(1)]
  arena 13:  100% ±0  (n=6, avg 3.7 turns)  [m1:100%(2) m2:100%(2) m4:100%(2)]
  arena 14:   67% ±27  (n=3, avg 4.0 turns)  [m1:100%(2) m3:0%(1)]
  arena 15:   60% ±22  (n=5, avg 7.0 turns)  [m1:100%(2) m2:100%(1) m6:0%(2)]
  arena 21:  100% ±0  (n=4, avg 2.5 turns)  [m1:100%(4)]
  arena 28:  100% ±0  (n=5, avg 5.0 turns)  [m1:100%(2) m4:100%(2) m6:100%(1)]
  arena 34:  100% ±0  (n=4, avg 6.0 turns)  [m2:100%(2) m6:100%(2)]
  procedural:   75% ±11  (n=16, avg 6.1 turns)  [m1:100%(4) m2:100%(1) m3:67%(3) m4:60%(5) m5:50%(2) m6:100%(1)]

DEPLOYMENT GEOMETRY (opening shape; choices/ARMED is the wave's real gate):
  FRONTAL   :   88% ±7  (n=24, avg 6.0 turns)  choices/turn 1.51  choices/ARMED 1.91  los-targets/ARMED 2.42
  PINCER    :   68% ±9  (n=25, avg 4.3 turns)  choices/turn 3.01  choices/ARMED 2.45  los-targets/ARMED 1.77
  CROSSFIRE :   50% ±25  (n=4, avg 9.0 turns)  choices/turn 1.75  choices/ARMED 1.87  los-targets/ARMED 1.57
  ENVELOP   :  100% ±0  (n=11, avg 3.6 turns)  choices/turn 3.03  choices/ARMED 2.21  los-targets/ARMED 2.71

ARENA FUNNEL (Mission.Build exits, n=71 builds, all modes):
  authored-applied    :  77.5%  (n=55)
  connectivity-reject :   0.0%  (n=0)
  procedural-roll     :  22.5%  (n=16)

DECK EXPOSURE (campaign runs n=20):
  distinct authored arenas/run : 2.40 mean (all runs)
  ... full-depth runs only     : 3.14 mean over 4.0 fights/run (n=7)
  Defend dealt on the route    :   50% of runs (n=10)

ENEMY DECISION MIX (contested acts=1004; all-downed acts not counted=230):
  shoot           524    52%
  hunker          285    28%
  move             79     8%
  reload           26     3%
  grenade          24     2%
  heal             24     2%
  item             13     1%
  siege            13     1%
  brace            10     1%
  sap               3     0%
  overwatch         1     0%
  shove             1     0%
  staleplan         1     0%

  the shot on the table (acts where the chosen tile HAD a shot = 570):
    hit% band     taken   share   E[dmg]/shot   declined   share   E[dmg]/shot
      0-19           7      1%          0.60          0      0%          0.00
     20-39          50     10%          0.92          0      0%          0.00
     40-59          79     15%          1.76          0      0%          0.00
     60-79         193     37%          2.97          0      0%          0.00
      80+          195     37%          4.52          0      0%          0.00
    TOTAL           524                              0
  taken   92% / DECLINED    0% / preempted by another verb    8%
  enemy lanes held (overwatch+brace) 11; reaction shots fired 3  ->   27% of lanes paid off   [C2: DeclineWatchRatio is a bet on this number]

ACTION MIX (verbs issued, by policy):
  verb                  greedy        sloppy
  MOVE               399   39%     349   37%
  SHOOT              228   23%     235   25%
  OVERWATCH           84    8%      66    7%
  FOCUS               62    6%      55    6%
  BRACE               51    5%      44    5%
  SLIPSTREAM          34    3%      29    3%
  INTEL               29    3%      27    3%
  STABILIZE           28    3%      23    2%
  HUNKER              23    2%      25    3%
  RELOAD              20    2%      21    2%
  ITEM:SMOKE          12    1%      14    1%
  PLANT               13    1%      11    1%
  MARK                 9    1%      15    2%
  DRAG                 3    0%      11    1%
  PIN                  5    0%       9    1%
  REARM                3    0%       7    1%
  GRENADE              2    0%       5    1%
  PATCH                3    0%       3    0%
  HACK                 2    0%       2    0%
  GRAPPLE              1    0%       1    0%
  BEACON               1    0%       1    0%
  BARREL               1    0%       1    0%

PLAYER CLASS PERFORMANCE:
  class        shots   hit%   dmg   kills
  SHARPSHOOTER    146    97%   1044     53
  GUNNER         145    85%    661     44
  ASSAULT        104    88%    485     23
  RANGER          73    92%    447     38
  CORPSMAN        18    72%     64      2

SOLDIER DEATHS BY ENEMY CLASS (threat ranking):
  SHIELD     : 7
  SNIPER     : 6
  ELITE      : 6
  STRIKE     : 6
  BRUISER    : 6
  SPOTTER    : 5
  BURN       : 4
  MORTAR     : 4
  SCREENER   : 4
  BERSERKER  : 3
  PIKEMAN    : 3
  LANCER     : 2
  HUNTER     : 2
  WARBRINGER : 2
  HOUND      : 1
  SCOUT      : 1
  DRONE      : 1
  GRUNT      : 1
  SAPPER     : 1

SOLDIER DOWNS (FUL-7 bleed-out): 139 downs -> revived 6 / recovered 39 / bled out 75 / finished 13  (save-rate   37%)
  corpsman fielded in 15 missions

ENEMY COMPOSITION (spawns; faction-stamped fights n=441 / default-cascade fights n=124):
  class        faction         default
  GRUNT           30    7%       48   39%
  SCOUT           19    4%       37   30%
  MORTAR          45   10%        8    6%
  SCREENER        39    9%        0    0%
  SNIPER          35    8%        2    2%
  SHIELD          31    7%        2    2%
  ELITE           28    6%        2    2%
  MEDIC           24    5%        3    2%
  BERSERKER       24    5%        1    1%
  BRUISER         24    5%        0    0%
  DRONE           18    4%        3    2%
  PIKEMAN         19    4%        2    2%
  SPOTTER         17    4%        2    2%
  SAPPER          13    3%        3    2%
  TURRET          15    3%        0    0%
  LANCER          10    2%        3    2%
  HUNTER          13    3%        0    0%
  CUSTODIAN       11    2%        1    1%
  HOUND            7    2%        4    3%
  WARBRINGER       7    2%        1    1%
  BOMBARD          8    2%        0    0%
  STRIKER          4    1%        2    2%

PERK PICK FREQUENCY:
  LCK           : 17
  SKR           : 10
  RFX           : 9
  GUN           : 9
  SGE           : 9
  FST           : 8
  PLT           : 7
  TNK           : 7
  OUT           : 6
  EXC           : 6
  MOM           : 6
  BRK           : 5
  GRD           : 5
  MRK           : 5
  VNT           : 5
  CQB           : 4
  BND           : 4
  CLH           : 4
  HRD           : 2

SHOP PURCHASE FREQUENCY:
  FIELD MEDKIT      : 50
  WPN: HOLLOW POINT : 45
  WPN: SCOPE        : 34
  WPN: STABILIZER   : 34
  WPN: EXTENDED MAG : 29
  WPN: BIPOD        : 20
  ADV. TRAINING     : 20
  COUNTER-PREP      : 14
  BALLISTIC PLATING : 13
  COMBAT STIMS      : 11
  ARMORY            : 10
  FRAG CACHE        : 8
  WPN: SUPPRESSOR   : 8

BOON PICK FREQUENCY (PROCS = effect fires at instrumented sites; '-' = not instrumented;
                      PYR counts the +2-turn-burn half only — the Burning-immunity half is uninstrumented):
  code                 picks   PROCS
  FRT               :     5       -
  GHO               :     5       -
  FVR               :     4       -
  MRK               :     4       -
  PYR               :     4       0
  ADR               :     3       -
  FDR               :     3       0
  GRN               :     3       -
  SCV               :     3       -
  VNM               :     3       -
  FST               :     2      28
  EXE               :     1       -
  RCL               :     1       0
  RPD               :     1       -
  SHK               :     1       0
  TRR               :     1       2

RUN WIN-RATE BY BOON (campaign runs holding it):
  FRT               :   40% ±22  (in 5 runs)
  GHO               :   20% ±18  (in 5 runs)
  FVR               :   50% ±25  (in 4 runs)
  MRK               :   50% ±25  (in 4 runs)
  PYR               :  100% ±0  (in 4 runs)
  ADR               :    0% ±0  (in 3 runs)
  FDR               :   67% ±27  (in 3 runs)
  GRN               :   67% ±27  (in 3 runs)
  SCV               :   33% ±27  (in 3 runs)
  VNM               :   33% ±27  (in 3 runs)
  FST               :   50% ±35  (in 2 runs)
  EXE               :  100% ±0  (in 1 runs)
  RCL               :    0% ±0  (in 1 runs)
  RPD               :  100% ±0  (in 1 runs)
  SHK               :    0% ±0  (in 1 runs)
  TRR               :  100% ±0  (in 1 runs)

RUN WIN-RATE BY SPEC (campaign runs fielding it):
  HHT               :   60% ±22  (in 5 runs)
  ANC               :  100% ±0  (in 3 runs)
  PHN               :   50% ±35  (in 2 runs)
  ADN               :    0% ±0  (in 1 runs)
  PTH               :  100% ±0  (in 1 runs)

RUN WIN-RATE BY PERK (campaign runs holding it):
  LCK               :   42% ±14  (in 12 runs)
  RFX               :   25% ±15  (in 8 runs)
  SGE               :   25% ±15  (in 8 runs)
  SKR               :   38% ±17  (in 8 runs)
  FST               :   33% ±19  (in 6 runs)
  GUN               :   33% ±19  (in 6 runs)
  BRK               :   20% ±18  (in 5 runs)
  EXC               :   20% ±18  (in 5 runs)
  MOM               :   60% ±22  (in 5 runs)
  MRK               :   60% ±22  (in 5 runs)
  OUT               :   20% ±18  (in 5 runs)
  PLT               :   40% ±22  (in 5 runs)
  TNK               :   80% ±18  (in 5 runs)
  CLH               :   75% ±22  (in 4 runs)
  GRD               :   50% ±25  (in 4 runs)
  VNT               :   25% ±22  (in 4 runs)
  BND               :   67% ±27  (in 3 runs)
  CQB               :  100% ±0  (in 3 runs)
  HRD               :   50% ±35  (in 2 runs)

RUN WIN-RATE BY PURCHASE (campaign runs buying it):
  FIELD MEDKIT      :   47% ±13  (in 15 runs)
  WPN: HOLLOW POINT :   43% ±13  (in 14 runs)
  COUNTER-PREP      :   50% ±14  (in 12 runs)
  WPN: BIPOD        :   33% ±14  (in 12 runs)
  WPN: SCOPE        :   42% ±14  (in 12 runs)
  WPN: EXTENDED MAG :   55% ±15  (in 11 runs)
  BALLISTIC PLATING :   60% ±15  (in 10 runs)
  ADV. TRAINING     :   56% ±17  (in 9 runs)
  WPN: STABILIZER   :   56% ±17  (in 9 runs)
  ARMORY            :   43% ±19  (in 7 runs)
  COMBAT STIMS      :   17% ±15  (in 6 runs)
  FRAG CACHE        :   33% ±19  (in 6 runs)
  WPN: SUPPRESSOR   :   60% ±22  (in 5 runs)

RUN WIN-RATE BY EVENT-CHOICE (campaign runs taking id:arm):
  blackmarket:2     :    0% ±0  (in 4 runs)
  cache:1           :  100% ±0  (in 4 runs)
  warchest:1        :   33% ±27  (in 3 runs)
  defector:1        :  100% ±0  (in 2 runs)
  drill:1           :    0% ±0  (in 2 runs)
  fieldhospital:2   :   50% ±35  (in 2 runs)
  informant:2       :    0% ±0  (in 2 runs)
  medic:0           :  100% ±0  (in 2 runs)
  medic:1           :  100% ±0  (in 2 runs)
  relic:1           :  100% ±0  (in 2 runs)
  reservecall:0     :    0% ±0  (in 1 runs)
═══════════════════════════════════════════════════════════════════════

batch wall-time: 7.4s  (20 matches across 10 campaigns × 2 policy, frame-cap hits: 0)
aggregate JSON -> /home/user/wt/heat-pin/docs/measurements/l5/L5fac-m3a0b1-h6-b120.json
INFO: TEXTURE: [ID 2] Unloaded texture data from VRAM (GPU)
INFO: SHADER: [ID 3] Default shader unloaded successfully
INFO: TEXTURE: [ID 1] Default texture unloaded successfully
INFO: Window closed successfully
