BALANCE: heat PINNED for this batch (field-event AddHeat is a no-op; SIGHTLINE_HEATPIN=0 restores the leak)
INFO: Initializing raylib 6.0
INFO: Platform backend: DESKTOP (GLFW)
INFO: Supported raylib modules:
INFO:     > rcore:..... loaded (mandatory)
INFO:     > rlgl:...... loaded (mandatory)
INFO:     > rshapes:... loaded (optional)
INFO:     > rtextures:. loaded (optional)
INFO:     > rtext:..... loaded (optional)
INFO:     > rmodels:... loaded (optional)
INFO:     > raudio:.... loaded (optional)
INFO: DISPLAY: Trying to enable MSAA x4
INFO: DISPLAY: Device initialized successfully 
INFO:     > Display size: 1280 x 800
INFO:     > Screen size:  1280 x 800
INFO:     > Render size:  1280 x 800
INFO:     > Viewport offsets: 0, 0
INFO: GLAD: OpenGL extensions loaded successfully
INFO: GL: Supported extensions count: 229
INFO: GL: OpenGL device information:
INFO:     > Vendor:   Mesa
INFO:     > Renderer: llvmpipe (LLVM 20.1.2, 256 bits)
INFO:     > Version:  4.5 (Core Profile) Mesa 25.2.8-0ubuntu0.24.04.2
INFO:     > GLSL:     4.50
INFO: GL: VAO extension detected, VAO functions loaded successfully
INFO: GL: NPOT textures extension detected, full NPOT textures supported
INFO: GL: DXT compressed textures supported
INFO: GL: ETC2/EAC compressed textures supported
INFO: PLATFORM: DESKTOP (GLFW - X11): Initialized successfully
INFO: TEXTURE: [ID 1] Texture loaded successfully (1x1 | R8G8B8A8 | 1 mipmaps)
INFO: TEXTURE: [ID 1] Default texture loaded successfully
INFO: SHADER: [ID 1] Vertex shader compiled successfully
INFO: SHADER: [ID 2] Fragment shader compiled successfully
INFO: SHADER: [ID 3] Program shader loaded successfully
INFO: SHADER: [ID 3] Default shader loaded successfully
INFO: RLGL: Render batch vertex buffers loaded successfully in RAM (CPU)
INFO: RLGL: Render batch vertex buffers loaded successfully in VRAM (GPU)
INFO: RLGL: Default OpenGL state initialized successfully
INFO: TEXTURE: [ID 2] Texture loaded successfully (128x128 | GRAY_ALPHA | 1 mipmaps)
INFO: FONT: Default font loaded successfully (224 glyphs)
INFO: SYSTEM: Working Directory: /home/user/wt/heat-pin
INFO: TIMER: Target time per frame: 0.000 milliseconds
FINALE-KIT: Syndicate
WAVE: +2 (DRONE,DRONE) [rich]
WAVE: +2 (SAPPER,DRONE) [rich]
WAVE: +2 (SHIELD,DRONE) [rich]
WAVE: +2 (SHIELD,SAPPER) [rich]
WAVE: +2 (SHIELD,SHIELD) [rich]
REINFORCEMENTS: +2 (SCOUT,GRUNT)
FINALE-KIT: Syndicate
WAVE: +2 (DRONE,GRUNT) [rich]
WAVE: +2 (SHIELD,CUSTODIAN) [rich]
WAVE: +2 (CUSTODIAN,DRONE) [rich]
REINFORCEMENTS: +2 (SCOUT,GRUNT)
FINALE-KIT: Wardens
WAVE: +2 (CUSTODIAN,SHIELD) [rich]
WAVE: +2 (STRIKER,BERSERKER) [rich]
WAVE: +2 (SPOTTER,MEDIC) [rich]
FINALE-KIT: Wardens
WAVE: +2 (LANCER,BERSERKER) [rich]
WAVE: +2 (SAPPER,SCREENER) [rich]
WAVE: +2 (LANCER,STRIKER) [rich]
FINALE-KIT: Syndicate
WAVE: +3 (SPOTTER,HUNTER,MEDIC) [rich]
WAVE: +3 (SCREENER,LANCER,DRONE) [rich]
WAVE: +2 (GRUNT,LANCER) [rich]
match 5/20  (W:0 L:5 cap:0)  5.4s
FINALE-KIT: Syndicate
WAVE: +3 (SAPPER,MEDIC,CUSTODIAN) [rich]
WAVE: +2 (PIKEMAN,SNIPER) [rich]
WAVE: +3 (MEDIC,DRONE,DRONE) [rich]
WAVE: +3 (GRUNT,BERSERKER,MORTAR) [rich]
WAVE: +2 (WARBRINGER,STRIKER) [rich]
FINALE-KIT: Legion
WAVE: +2 (DRONE,SPOTTER) [rich]
WAVE: +2 (SAPPER,SHIELD) [rich]
WAVE: +2 (DRONE,SPOTTER) [rich]
FINALE-KIT: Legion
WAVE: +2 (DRONE,SPOTTER) [rich]
WAVE: +2 (SAPPER,SAPPER) [rich]
WAVE: +2 (DRONE,DRONE) [rich]
FINALE-KIT: Wardens
FINALE-KIT: Wardens
match 10/20  (W:0 L:10 cap:0)  7.0s
FINALE-KIT: Wardens
FINALE-KIT: Wardens
FINALE-KIT: Legion
REINFORCEMENTS: +2 (SCOUT,GRUNT)
FINALE-KIT: Legion
FINALE-KIT: Syndicate
WAVE: +2 (BERSERKER,HUNTER) [rich]
WAVE: +2 (LANCER,BERSERKER) [rich]
WAVE: +2 (SHIELD,HUNTER) [rich]
match 15/20  (W:0 L:15 cap:0)  8.1s
FINALE-KIT: Syndicate
WAVE: +2 (HUNTER,HUNTER) [rich]
WAVE: +2 (MEDIC,STRIKER) [rich]
WAVE: +2 (DRONE,STRIKER) [rich]
FINALE-KIT: Syndicate
WAVE: +3 (SCOUT,SCOUT,GRUNT) [rich]
WAVE: +3 (CUSTODIAN,GRUNT,SCREENER) [rich]
WAVE: +3 (PIKEMAN,MORTAR,CUSTODIAN) [rich]
FINALE-KIT: Syndicate
REINFORCEMENTS: +2 (GRUNT,GRUNT)
REINFORCEMENTS: +2 (GRUNT,SCOUT)
FINALE-KIT: Syndicate
WAVE: +2 (DRONE,SCOUT) [rich]
WAVE: +2 (HUNTER,HUNTER) [rich]
WAVE: +2 (LANCER,HUNTER) [rich]
WAVE: +2 (HOUND,LANCER) [rich]
WAVE: +2 (HOUND,LANCER) [rich]
WAVE: +2 (HUNTER,SHIELD) [rich]
FINALE-KIT: Syndicate
WAVE: +2 (STRIKER,STRIKER) [rich]
WAVE: +2 (DRONE,LANCER) [rich]
WAVE: +2 (LANCER,HUNTER) [rich]
WAVE: +2 (SAPPER,SNIPER) [rich]
WAVE: +2 (SHIELD,BERSERKER) [rich]
WAVE: +2 (BERSERKER,WARBRINGER) [rich]
WAVE: +2 (GRUNT,HUNTER) [rich]
WAVE: +2 (PIKEMAN,BERSERKER) [rich]
WAVE: +2 (BERSERKER,SNIPER) [rich]
REINFORCEMENTS: +2 (SCOUT,GRUNT)
match 20/20  (W:2 L:18 cap:0)  9.6s

══════════════════════ SIGHTLINE BALANCE REPORT ══════════════════════
runs=20  missions=73

RUN OUTCOMES (campaign):  win-rate   10%   avg missions cleared 3.9

POLICY GAP (optimal vs human-error; campaign runs only):
  greedy win-rate   20%  (n=10)
  sloppy win-rate    0%  (n=10)
  GAP   20 pts  (swingy/unforgiving)
  PAIRED (same-seed slots): pairs=10  concordant=8  discordant greedy-only-won=2 / sloppy-only-won=0  paired gap   20 pts
  PER-SLOT RECORDS (greedy | sloppy: outcome + missions cleared; margin = g−s):
    slot  40 @h6: L 5 | L 5   margin +0
    slot  41 @h6: L 3 | L 5   margin -2
    slot  42 @h6: L 5 | L 4   margin +1
    slot  43 @h6: L 4 | L 3   margin +1
    slot  44 @h6: L 2 | L 2   margin +0
    slot  45 @h6: L 3 | L 4   margin -1
    slot  46 @h6: L 5 | L 2   margin +3
    slot  47 @h6: L 3 | L 3   margin +0
    slot  48 @h6: W 6 | L 2   margin +4
    slot  49 @h6: W 6 | L 5   margin +1
  PAIRED MARGIN (missions cleared, all pairs): +0.70 ±0.56 SE  (n=10 pairs)
  by objective (greedy / sloppy / gap):
    Decapitate :   50% /    0% / gap   50
    Defend     :  100% /  100% / gap    0
    Eliminate  :   92% /   91% / gap    1
    Escort     :   67% /   40% / gap   27
    Evac       :  100% /  100% / gap    0
    Rescue     :   60% /   75% / gap  -15
    Sabotage   :  100% /  100% / gap    0

DECISION RICHNESS / SWING:
  meaningful-choices/turn 1.99   lead-swings/match 0.6   avg max-swing 58.1
  [shot-gate] acting-soldiers/turn 3.18   armed-soldiers/turn 1.06   armed-fraction 33%   turns-with-a-shot 51%   choices/ARMED-soldier-turn 1.89
  [choice-split] los-targets/ARMED 2.11   target-choices/ARMED 0.29   position-choices/ARMED 1.60

RUN COMPLETION BY HEAT (full-campaign clears):
  heat 6:   10% ±7  (n=20 runs, avg 3.9 missions)
  HEAT LEAK: pinned=yes  heat-raising picks=2  campaigns raised=0  missions off-rung=0/73

INTEL ECONOMY BY HEAT (campaign runs; heat-bonus = the Heat.IntelBonus share of income):
  heat 6: earned  218.8/run   heat-bonus  95.4 (  44% of income)   spent  200.2   unspent   18.7

MISSION WIN-RATE BY HEAT:
  heat 6:   75%  (n=73, avg 5.6 turns)

MISSION WIN-RATE BY OBJECTIVE:
  Eliminate  :   91% ±6  (n=23, avg 3.5 turns)
  Defend     :  100% ±0  (n=15, avg 9.0 turns)
  Decapitate :   27% ±13  (n=11, avg 6.1 turns)
  Escort     :   55% ±15  (n=11, avg 4.9 turns)
  Rescue     :   67% ±16  (n=9, avg 4.3 turns)
  Evac       :  100% ±0  (n=2, avg 13.0 turns)
  Sabotage   :  100% ±0  (n=2, avg 2.5 turns)

MISSION WIN-RATE BY OBJECTIVE x NODE KIND (a capstone must never pool with a mid-run node):
  Eliminate  : Start: 100%(n=20)  Supply:  50%(n=2)  Combat:   0%(n=1)
               depth: m1:100%(20) m4:50%(2) m5:0%(1)
  Defend     : Supply: 100%(n=10)  Combat: 100%(n=3)  Elite: 100%(n=2)
               depth: m2:100%(2) m3:100%(10) m4:100%(2) m5:100%(1)
  Decapitate : Boss:  25%(n=8)  Supply:  50%(n=2)  Combat:   0%(n=1)
               depth: m3:50%(2) m5:0%(1) m6:25%(8)
  Escort     : Combat:  57%(n=7)  Elite:  50%(n=2)  Supply:  50%(n=2)
               depth: m3:50%(2) m4:57%(7) m5:50%(2)
  Rescue     : Supply:  67%(n=9)
               depth: m2:100%(2) m3:0%(2) m4:75%(4) m5:100%(1)
  Evac       : Combat: 100%(n=2)
               depth: m3:100%(2)
  Sabotage   : Combat: 100%(n=2)
               depth: m2:100%(2)

ENCOUNTER COMPLETION on MID-RUN nodes (Combat+Elite) — clear% is the share of the fight actually fought:
  objective     n   win%   turns   force    +rf  killed  clear%   prs  WONclear%
  Escort         9   56%     5.1   10.22   0.00    3.56    34.8  0.00     41.2 (n=5)
  Defend         5  100%     9.0    8.20   6.60    4.40    29.7  0.00     29.7 (n=5)
  Evac           2  100%    13.0    9.00   0.00    1.50    16.7  0.00     16.7 (n=2)
  Sabotage       2  100%     2.5    4.00   0.00    1.50    37.5  0.00     37.5 (n=2)
  Eliminate      1    0%     5.0   11.00   0.00    2.00    18.2  0.00      0.0 (n=0)
  Decapitate     1    0%     7.0   11.00   0.00    0.00     0.0  1.00      0.0 (n=0)
  ---- the two classes ----
  KILL           2    0%     6.0   11.00   0.00    1.00     9.1  0.50      0.0 (n=0)
  NON-KILL      18   78%     6.8    8.83   1.83    3.33    31.3  0.00     32.5 (n=14)

DECAPITATE HVT (buff = +6+1*mission HP, +6 aim; ELITE exempt):
  EXEMPT  :   27% ±13  (n=11, avg 6.1 turns, HVT 22.3 max HP)  [m3:50%(2) m5:0%(1) m6:25%(8)]

MISSION WIN-RATE BY MISSION #:
  m1:  100% ±0  (n=20)
  m2:  100% ±0  (n=6)
  m3:   78% ±10  (n=18)
  m4:   67% ±12  (n=15)
  m5:   50% ±20  (n=6)
  m6:   25% ±15  (n=8)

LOSS CAUSES (missions):
  RUN OVER              : 10
  VIP LOST              : 5
  CAPTIVE LOST          : 3

MISSION WIN-RATE BY ARENA (authored layouts, n>=3; procedural fallback   21% of 73 missions):
  arena  7:  100% ±0  (n=4, avg 5.8 turns)  [m4:100%(4)]
  arena  8:   25% ±22  (n=4, avg 4.8 turns)  [m4:25%(4)]
  arena 16:  100% ±0  (n=3, avg 2.7 turns)  [m1:100%(2) m4:100%(1)]
  arena 27:  100% ±0  (n=3, avg 4.3 turns)  [m1:100%(2) m3:100%(1)]
  arena 28:   75% ±22  (n=4, avg 5.0 turns)  [m1:100%(2) m3:50%(2)]
  arena 29:   75% ±22  (n=4, avg 4.0 turns)  [m1:100%(2) m5:50%(2)]
  arena 30:   40% ±22  (n=5, avg 8.6 turns)  [m3:100%(2) m6:0%(3)]
  arena 34:  100% ±0  (n=4, avg 2.8 turns)  [m1:100%(4)]
  procedural:   73% ±11  (n=15, avg 6.5 turns)  [m1:100%(4) m2:100%(1) m3:100%(3) m4:50%(2) m5:33%(3) m6:50%(2)]

DEPLOYMENT GEOMETRY (opening shape; choices/ARMED is the wave's real gate):
  FRONTAL   :   69% ±9  (n=29, avg 5.9 turns)  choices/turn 2.10  choices/ARMED 2.03  los-targets/ARMED 2.19
  PINCER    :   74% ±9  (n=23, avg 4.8 turns)  choices/turn 1.89  choices/ARMED 1.71  los-targets/ARMED 2.23
  CROSSFIRE :   80% ±13  (n=10, avg 6.0 turns)  choices/turn 2.02  choices/ARMED 2.02  los-targets/ARMED 1.54
  ENVELOP   :   91% ±9  (n=11, avg 6.1 turns)  choices/turn 1.85  choices/ARMED 1.71  los-targets/ARMED 2.17

ARENA FUNNEL (Mission.Build exits, n=86 builds, all modes):
  authored-applied    :  79.1%  (n=68)
  connectivity-reject :   0.0%  (n=0)
  procedural-roll     :  20.9%  (n=18)

DECK EXPOSURE (campaign runs n=20):
  distinct authored arenas/run : 2.90 mean (all runs)
  ... full-depth runs only     : 4.50 mean over 5.0 fights/run (n=2)
  Defend dealt on the route    :   65% of runs (n=13)

ENEMY DECISION MIX (contested acts=1474; all-downed acts not counted=380):
  shoot           829    56%
  hunker          362    25%
  move            119     8%
  reload           38     3%
  grenade          33     2%
  heal             31     2%
  item             20     1%
  siege            19     1%
  brace            10     1%
  overwatch         5     0%
  staleplan         4     0%
  sap               3     0%
  shove             1     0%

  the shot on the table (acts where the chosen tile HAD a shot = 908):
    hit% band     taken   share   E[dmg]/shot   declined   share   E[dmg]/shot
      0-19           0      0%          0.00          0      0%          0.00
     20-39          22      3%          1.20          2     40%          0.99
     40-59         115     14%          1.82          3     60%          1.37
     60-79         336     41%          2.74          0      0%          0.00
      80+          356     43%          4.27          0      0%          0.00
    TOTAL           829                              5
  taken   91% / DECLINED    1% / preempted by another verb    8%
  enemy lanes held (overwatch+brace) 15; reaction shots fired 3  ->   20% of lanes paid off   [C2: DeclineWatchRatio is a bet on this number]

ACTION MIX (verbs issued, by policy):
  verb                  greedy        sloppy
  MOVE               450   35%     488   37%
  SHOOT              358   28%     300   23%
  OVERWATCH           90    7%     111    8%
  HUNKER              62    5%      90    7%
  BRACE               55    4%      54    4%
  FOCUS               41    3%      48    4%
  SLIPSTREAM          37    3%      43    3%
  INTEL               36    3%      36    3%
  RELOAD              35    3%      28    2%
  STABILIZE           31    2%      27    2%
  ITEM:SMOKE          20    2%      21    2%
  MARK                14    1%      14    1%
  DRAG                12    1%      10    1%
  PIN                 15    1%       4    0%
  PATCH                6    0%       7    1%
  REARM                6    0%       5    0%
  GRENADE              3    0%       6    0%
  BEACON               3    0%       4    0%
  GRAPPLE              5    0%       2    0%
  PLANT                3    0%       3    0%
  BARREL               3    0%       2    0%
  EXTRACT              0    0%       2    0%
  ITEM:BARRICADE       0    0%       1    0%

PLAYER CLASS PERFORMANCE:
  class        shots   hit%   dmg   kills
  SHARPSHOOTER    181    91%   1245     73
  GUNNER         208    88%    997     60
  RANGER         114    84%    630     35
  ASSAULT        139    84%    558     34
  CORPSMAN        53    87%    204     12
  VIP              4    75%     20      2

SOLDIER DEATHS BY ENEMY CLASS (threat ranking):
  BERSERKER  : 15
  ELITE      : 11
  TURRET     : 9
  SHIELD     : 9
  GRUNT      : 8
  SAPPER     : 6
  HUNTER     : 5
  STRIKER    : 4
  CUSTODIAN  : 4
  DRONE      : 4
  BURN       : 3
  SPOTTER    : 3
  SCREENER   : 3
  STRIKE     : 3
  LANCER     : 3
  BRUISER    : 2
  WARBRINGER : 2
  SNIPER     : 2
  PIKEMAN    : 2
  SCOUT      : 1
  MORTAR     : 1
  MEDIC      : 1
  HOUND      : 1

SOLDIER DOWNS (FUL-7 bleed-out): 229 downs -> revived 5 / recovered 46 / bled out 140 / finished 15  (save-rate   32%)
  corpsman fielded in 34 missions

ENEMY COMPOSITION (spawns; faction-stamped fights n=374 / default-cascade fights n=377):
  class        faction         default
  GRUNT           33    9%       47   12%
  SCOUT            7    2%       52   14%
  DRONE           43   11%       15    4%
  SHIELD          32    9%       20    5%
  HUNTER          21    6%       27    7%
  SAPPER          30    8%       17    5%
  BERSERKER       23    6%       23    6%
  STRIKER         14    4%       29    8%
  ELITE           25    7%       16    4%
  SNIPER           7    2%       28    7%
  TURRET          26    7%        6    2%
  CUSTODIAN       19    5%       11    3%
  MEDIC           15    4%       15    4%
  LANCER           6    2%       22    6%
  SPOTTER         18    5%        7    2%
  SCREENER        19    5%        4    1%
  BRUISER         10    3%        6    2%
  PIKEMAN         10    3%        6    2%
  HOUND            4    1%       12    3%
  MORTAR           3    1%        8    2%
  WARBRINGER       6    2%        3    1%
  BOMBARD          3    1%        3    1%

PERK PICK FREQUENCY:
  MOM           : 20
  TNK           : 15
  CQB           : 14
  GRD           : 14
  GUN           : 13
  OUT           : 12
  LCK           : 12
  PLT           : 11
  HRD           : 10
  RFX           : 10
  MRK           : 9
  SKR           : 8
  EXC           : 8
  CLH           : 7
  BRK           : 6
  VNT           : 5
  FST           : 5
  SGE           : 2
  BND           : 1

SHOP PURCHASE FREQUENCY:
  WPN: SCOPE        : 63
  FIELD MEDKIT      : 62
  WPN: HOLLOW POINT : 42
  WPN: STABILIZER   : 35
  ADV. TRAINING     : 30
  WPN: EXTENDED MAG : 25
  WPN: BIPOD        : 23
  COMBAT STIMS      : 22
  FRAG CACHE        : 16
  WPN: SUPPRESSOR   : 13
  BALLISTIC PLATING : 13
  ARMORY            : 11
  COUNTER-PREP      : 11

BOON PICK FREQUENCY (PROCS = effect fires at instrumented sites; '-' = not instrumented;
                      PYR counts the +2-turn-burn half only — the Burning-immunity half is uninstrumented):
  code                 picks   PROCS
  EXE               :     5       -
  FRT               :     5       -
  MRK               :     5       -
  ADR               :     4       -
  FVR               :     4       -
  RCL               :     4       2
  TRR               :     4      10
  VNM               :     4       -
  GHO               :     3       -
  SCV               :     3       -
  SHK               :     3       0
  FDR               :     2       0
  FST               :     2      13
  GRN               :     2       -
  PYR               :     2       0
  RPD               :     1       -

RUN WIN-RATE BY BOON (campaign runs holding it):
  EXE               :    0% ±0  (in 5 runs)
  FRT               :    0% ±0  (in 5 runs)
  MRK               :   40% ±22  (in 5 runs)
  ADR               :   25% ±22  (in 4 runs)
  FVR               :   25% ±22  (in 4 runs)
  RCL               :   25% ±22  (in 4 runs)
  TRR               :   25% ±22  (in 4 runs)
  VNM               :   25% ±22  (in 4 runs)
  GHO               :    0% ±0  (in 3 runs)
  SCV               :   33% ±27  (in 3 runs)
  SHK               :    0% ±0  (in 3 runs)
  FDR               :    0% ±0  (in 2 runs)
  FST               :    0% ±0  (in 2 runs)
  GRN               :    0% ±0  (in 2 runs)
  PYR               :    0% ±0  (in 2 runs)
  RPD               :    0% ±0  (in 1 runs)

RUN WIN-RATE BY SPEC (campaign runs fielding it):
  ANC               :   17% ±15  (in 6 runs)
  SNT               :    0% ±0  (in 5 runs)
  HHT               :   50% ±25  (in 4 runs)
  ADN               :    0% ±0  (in 3 runs)
  PHN               :   33% ±27  (in 3 runs)
  BRC               :    0% ±0  (in 2 runs)
  JUG               :    0% ±0  (in 2 runs)
  PTH               :    0% ±0  (in 2 runs)
  MED               :    0% ±0  (in 1 runs)

RUN WIN-RATE BY PERK (campaign runs holding it):
  CQB               :   18% ±12  (in 11 runs)
  PLT               :   18% ±12  (in 11 runs)
  HRD               :   20% ±13  (in 10 runs)
  LCK               :   20% ±13  (in 10 runs)
  MOM               :   20% ±13  (in 10 runs)
  GRD               :   22% ±14  (in 9 runs)
  OUT               :   22% ±14  (in 9 runs)
  TNK               :   22% ±14  (in 9 runs)
  MRK               :   25% ±15  (in 8 runs)
  RFX               :   25% ±15  (in 8 runs)
  GUN               :   14% ±13  (in 7 runs)
  CLH               :    0% ±0  (in 6 runs)
  EXC               :   17% ±15  (in 6 runs)
  SKR               :   17% ±15  (in 6 runs)
  BRK               :   20% ±18  (in 5 runs)
  FST               :   20% ±18  (in 5 runs)
  VNT               :   25% ±22  (in 4 runs)
  SGE               :    0% ±0  (in 2 runs)
  BND               :  100% ±0  (in 1 runs)

RUN WIN-RATE BY PURCHASE (campaign runs buying it):
  FIELD MEDKIT      :   11% ±7  (in 18 runs)
  WPN: HOLLOW POINT :    8% ±7  (in 13 runs)
  WPN: SCOPE        :    8% ±7  (in 13 runs)
  WPN: EXTENDED MAG :    9% ±9  (in 11 runs)
  WPN: STABILIZER   :    0% ±0  (in 11 runs)
  ARMORY            :   10% ±9  (in 10 runs)
  FRAG CACHE        :   20% ±13  (in 10 runs)
  ADV. TRAINING     :   22% ±14  (in 9 runs)
  COMBAT STIMS      :   11% ±10  (in 9 runs)
  WPN: BIPOD        :   11% ±10  (in 9 runs)
  WPN: SUPPRESSOR   :    0% ±0  (in 9 runs)
  BALLISTIC PLATING :   25% ±15  (in 8 runs)
  COUNTER-PREP      :   25% ±15  (in 8 runs)

RUN WIN-RATE BY EVENT-CHOICE (campaign runs taking id:arm):
  warchest:1        :    0% ±0  (in 4 runs)
  quartermaster:1   :   33% ±27  (in 3 runs)
  bloodfeud:1       :    0% ±0  (in 2 runs)
  bloodfeud:2       :   50% ±35  (in 2 runs)
  defector:0        :    0% ±0  (in 2 runs)
  drill:0           :    0% ±0  (in 2 runs)
  informant:1       :    0% ±0  (in 2 runs)
  reservecall:0     :    0% ±0  (in 2 runs)
  blackmarket:1     :    0% ±0  (in 1 runs)
  blackmarket:2     :    0% ±0  (in 1 runs)
  cache:1           :    0% ±0  (in 1 runs)
═══════════════════════════════════════════════════════════════════════

batch wall-time: 9.6s  (20 matches across 10 campaigns × 2 policy, frame-cap hits: 0)
aggregate JSON -> /home/user/wt/heat-pin/docs/measurements/l5/L5fac-m3a1b0-h6-b40.json
INFO: TEXTURE: [ID 2] Unloaded texture data from VRAM (GPU)
INFO: SHADER: [ID 3] Default shader unloaded successfully
INFO: TEXTURE: [ID 1] Default texture unloaded successfully
INFO: Window closed successfully
