BALANCE: heat PINNED for this batch (field-event AddHeat is a no-op; SIGHTLINE_HEATPIN=0 restores the leak)
INFO: Initializing raylib 6.0
INFO: Platform backend: DESKTOP (GLFW)
INFO: Supported raylib modules:
INFO:     > rcore:..... loaded (mandatory)
INFO:     > rlgl:...... loaded (mandatory)
INFO:     > rshapes:... loaded (optional)
INFO:     > rtextures:. loaded (optional)
INFO:     > rtext:..... loaded (optional)
INFO:     > rmodels:... loaded (optional)
INFO:     > raudio:.... loaded (optional)
INFO: DISPLAY: Trying to enable MSAA x4
INFO: DISPLAY: Device initialized successfully 
INFO:     > Display size: 1280 x 800
INFO:     > Screen size:  1280 x 800
INFO:     > Render size:  1280 x 800
INFO:     > Viewport offsets: 0, 0
INFO: GLAD: OpenGL extensions loaded successfully
INFO: GL: Supported extensions count: 229
INFO: GL: OpenGL device information:
INFO:     > Vendor:   Mesa
INFO:     > Renderer: llvmpipe (LLVM 20.1.2, 256 bits)
INFO:     > Version:  4.5 (Core Profile) Mesa 25.2.8-0ubuntu0.24.04.2
INFO:     > GLSL:     4.50
INFO: GL: VAO extension detected, VAO functions loaded successfully
INFO: GL: NPOT textures extension detected, full NPOT textures supported
INFO: GL: DXT compressed textures supported
INFO: GL: ETC2/EAC compressed textures supported
INFO: PLATFORM: DESKTOP (GLFW - X11): Initialized successfully
INFO: TEXTURE: [ID 1] Texture loaded successfully (1x1 | R8G8B8A8 | 1 mipmaps)
INFO: TEXTURE: [ID 1] Default texture loaded successfully
INFO: SHADER: [ID 1] Vertex shader compiled successfully
INFO: SHADER: [ID 2] Fragment shader compiled successfully
INFO: SHADER: [ID 3] Program shader loaded successfully
INFO: SHADER: [ID 3] Default shader loaded successfully
INFO: RLGL: Render batch vertex buffers loaded successfully in RAM (CPU)
INFO: RLGL: Render batch vertex buffers loaded successfully in VRAM (GPU)
INFO: RLGL: Default OpenGL state initialized successfully
INFO: TEXTURE: [ID 2] Texture loaded successfully (128x128 | GRAY_ALPHA | 1 mipmaps)
INFO: FONT: Default font loaded successfully (224 glyphs)
INFO: SYSTEM: Working Directory: /home/user/wt/heat-pin
INFO: TIMER: Target time per frame: 0.000 milliseconds
FINALE-KIT: Wardens
FINALE-KIT: Wardens
FINALE-KIT: Wardens
FINALE-KIT: Wardens
FINALE-KIT: Syndicate
WAVE: +2 (BRUISER,DRONE) [rich]
WAVE: +2 (LANCER,HOUND) [rich]
WAVE: +2 (BRUISER,DRONE) [rich]
match 5/20  (W:0 L:5 cap:0)  3.4s
FINALE-KIT: Syndicate
WAVE: +2 (DRONE,HUNTER) [rich]
WAVE: +2 (DRONE,DRONE) [rich]
WAVE: +2 (SNIPER,SNIPER) [rich]
FINALE-KIT: Legion
WAVE: +3 (GRUNT,MORTAR,SNIPER) [rich]
WAVE: +2 (SNIPER,PIKEMAN) [rich]
WAVE: +2 (MORTAR,MORTAR) [rich]
FINALE-KIT: Legion
WAVE: +3 (MORTAR,SCOUT,MEDIC) [rich]
WAVE: +2 (PIKEMAN,SNIPER) [rich]
WAVE: +1 (SCREENER) [rich]
FINALE-KIT: Legion
WAVE: +2 (SHIELD,DRONE) [rich]
WAVE: +2 (SAPPER,SHIELD) [rich]
WAVE: +2 (SHIELD,SHIELD) [rich]
FINALE-KIT: Legion
WAVE: +2 (SHIELD,DRONE) [rich]
WAVE: +2 (SHIELD,SHIELD) [rich]
WAVE: +2 (SHIELD,GRUNT) [rich]
WAVE: +3 (MEDIC,MORTAR,SCREENER) [rich]
WAVE: +3 (STRIKER,STRIKER,DRONE) [rich]
WAVE: +3 (SPOTTER,BRUISER,SPOTTER) [rich]
match 10/20  (W:1 L:9 cap:0)  6.3s
FINALE-KIT: Wardens
WAVE: +2 (SCOUT,LANCER) [rich]
WAVE: +2 (DRONE,HOUND) [rich]
WAVE: +2 (HOUND,SCOUT) [rich]
FINALE-KIT: Wardens
WAVE: +2 (BRUISER,SCOUT) [rich]
WAVE: +2 (SCOUT,SCOUT) [rich]
WAVE: +2 (BRUISER,BRUISER) [rich]
REINFORCEMENTS: +2 (SCOUT,SCOUT)
FINALE-KIT: Syndicate
WAVE: +2 (GRUNT,MEDIC) [rich]
WAVE: +2 (SNIPER,CUSTODIAN) [rich]
WAVE: +2 (PIKEMAN,MORTAR) [rich]
FINALE-KIT: Syndicate
WAVE: +2 (MORTAR,PIKEMAN) [rich]
WAVE: +2 (GRUNT,SNIPER) [rich]
WAVE: +2 (MORTAR,SNIPER) [rich]
REINFORCEMENTS: +2 (GRUNT,GRUNT)
REINFORCEMENTS: +2 (SCOUT,SCOUT)
FINALE-KIT: Legion
WAVE: +2 (DRONE,SHIELD) [rich]
WAVE: +2 (SAPPER,HOUND) [rich]
WAVE: +2 (STRIKER,SPOTTER) [rich]
WAVE: +2 (SNIPER,BERSERKER) [rich]
WAVE: +2 (STRIKER,MORTAR) [rich]
WAVE: +2 (HOUND,MORTAR) [rich]
match 15/20  (W:2 L:13 cap:0)  8.5s
FINALE-KIT: Legion
WAVE: +2 (DRONE,SHIELD) [rich]
WAVE: +2 (SPOTTER,HUNTER) [rich]
WAVE: +2 (SHIELD,SNIPER) [rich]
FINALE-KIT: Syndicate
WAVE: +2 (SNIPER,SCOUT) [rich]
WAVE: +2 (GRUNT,MEDIC) [rich]
WAVE: +2 (SNIPER,SCOUT) [rich]
WAVE: +2 (BERSERKER,BRUISER) [rich]
WAVE: +2 (LANCER,BRUISER) [rich]
WAVE: +2 (HOUND,WARBRINGER) [rich]
FINALE-KIT: Syndicate
WAVE: +2 (GRUNT,GRUNT) [rich]
WAVE: +2 (MEDIC,MEDIC) [rich]
WAVE: +2 (SNIPER,SCOUT) [rich]
WAVE: +2 (BRUISER,LANCER) [rich]
WAVE: +2 (STRIKER,BRUISER) [rich]
WAVE: +2 (STRIKER,HUNTER) [rich]
WAVE: +2 (STRIKER,HUNTER) [rich]
WAVE: +2 (HUNTER,BERSERKER) [rich]
WAVE: +2 (BERSERKER,BERSERKER) [rich]
FINALE-KIT: Syndicate
WAVE: +2 (DRONE,MORTAR) [rich]
WAVE: +2 (BERSERKER,SAPPER) [rich]
WAVE: +2 (MEDIC,SNIPER) [rich]
FINALE-KIT: Syndicate
WAVE: +2 (DRONE,SNIPER) [rich]
WAVE: +2 (STRIKER,SNIPER) [rich]
WAVE: +2 (SPOTTER,MEDIC) [rich]
match 20/20  (W:4 L:16 cap:0)  10.4s

══════════════════════ SIGHTLINE BALANCE REPORT ══════════════════════
runs=20  missions=75

RUN OUTCOMES (campaign):  win-rate   20%   avg missions cleared 3.9

POLICY GAP (optimal vs human-error; campaign runs only):
  greedy win-rate   20%  (n=10)
  sloppy win-rate   20%  (n=10)
  GAP    0 pts  (healthy slack)
  PAIRED (same-seed slots): pairs=10  concordant=8  discordant greedy-only-won=1 / sloppy-only-won=1  paired gap    0 pts
  PER-SLOT RECORDS (greedy | sloppy: outcome + missions cleared; margin = g−s):
    slot  10 @h6: L 0 | L 1   margin -1
    slot  11 @h6: L 2 | L 2   margin +0
    slot  12 @h6: L 5 | W 6   margin -1
    slot  13 @h6: L 5 | L 5   margin +0
    slot  14 @h6: L 3 | L 5   margin -2
    slot  15 @h6: W 6 | L 5   margin +1
    slot  16 @h6: L 3 | L 3   margin +0
    slot  17 @h6: L 4 | L 4   margin +0
    slot  18 @h6: W 6 | W 6   margin +0
    slot  19 @h6: L 3 | L 3   margin +0
  PAIRED MARGIN (missions cleared, all pairs): -0.30 ±0.26 SE  (n=10 pairs)
  by objective (greedy / sloppy / gap):
    Decapitate :   33% /   43% / gap  -10
    Defend     :  100% /  100% / gap    0
    Eliminate  :   85% /   86% / gap   -1
    Escort     :   75% /   75% / gap    0
    Hack       :  100% /  100% / gap    0
    Rescue     :    0% /    0% / gap    0
    Sabotage   :  100% /  100% / gap    0

DECISION RICHNESS / SWING:
  meaningful-choices/turn 2.40   lead-swings/match 0.9   avg max-swing 64.9
  [shot-gate] acting-soldiers/turn 3.10   armed-soldiers/turn 1.13   armed-fraction 37%   turns-with-a-shot 52%   choices/ARMED-soldier-turn 2.12
  [choice-split] los-targets/ARMED 2.28   target-choices/ARMED 0.34   position-choices/ARMED 1.78

RUN COMPLETION BY HEAT (full-campaign clears):
  heat 6:   20% ±9  (n=20 runs, avg 3.9 missions)
  HEAT LEAK: pinned=yes  heat-raising picks=2  campaigns raised=0  missions off-rung=0/75

INTEL ECONOMY BY HEAT (campaign runs; heat-bonus = the Heat.IntelBonus share of income):
  heat 6: earned  225.5/run   heat-bonus  99.0 (  44% of income)   spent  208.8   unspent   16.8

MISSION WIN-RATE BY HEAT:
  heat 6:   79%  (n=75, avg 6.4 turns)

MISSION WIN-RATE BY OBJECTIVE:
  Eliminate  :   85% ±7  (n=27, avg 4.7 turns)
  Defend     :  100% ±0  (n=19, avg 9.0 turns)
  Decapitate :   38% ±13  (n=13, avg 5.2 turns)
  Escort     :   75% ±15  (n=8, avg 10.4 turns)
  Sabotage   :  100% ±0  (n=4, avg 3.0 turns)
  Rescue     :    0% ±0  (n=2, avg 4.0 turns)
  Hack       :  100% ±0  (n=2, avg 5.5 turns)

MISSION WIN-RATE BY OBJECTIVE x NODE KIND (a capstone must never pool with a mid-run node):
  Eliminate  : Start:  95%(n=20)  Supply:  50%(n=4)  Combat: 100%(n=2)  Elite:   0%(n=1)
               depth: m1:95%(20) m2:67%(3) m4:50%(4)
  Defend     : Supply: 100%(n=9)  Combat: 100%(n=8)  Elite: 100%(n=2)
               depth: m2:100%(6) m3:100%(10) m4:100%(2) m5:100%(1)
  Decapitate : Boss:  44%(n=9)  Elite:  50%(n=2)  Combat:   0%(n=2)
               depth: m4:25%(4) m6:44%(9)
  Escort     : Elite:  50%(n=4)  Combat: 100%(n=2)  Supply: 100%(n=2)
               depth: m3:100%(2) m4:100%(2) m5:50%(4)
  Sabotage   : Combat: 100%(n=4)
               depth: m3:100%(2) m4:100%(2)
  Rescue     : Elite:   0%(n=2)
               depth: m3:0%(2)
  Hack       : Combat: 100%(n=2)
               depth: m5:100%(2)

ENCOUNTER COMPLETION on MID-RUN nodes (Combat+Elite) — clear% is the share of the fight actually fought:
  objective     n   win%   turns   force    +rf  killed  clear%   prs  WONclear%
  Defend        10  100%     9.0    6.60   6.10    3.00    23.6  0.00     23.6 (n=10)
  Escort         6   67%    10.8   10.33   0.00    3.83    37.1  0.00     47.5 (n=4)
  Sabotage       4  100%     3.0    7.50   0.00    1.75    23.3  0.00     23.3 (n=4)
  Decapitate     4   25%     5.8   10.50   0.50    0.75     6.8  0.75     18.2 (n=1)
  Eliminate      3   67%     7.3    6.67   0.00    5.00    75.0  1.67    100.0 (n=2)
  Rescue         2    0%     4.0   11.00   0.00    2.00    18.2  0.00      0.0 (n=0)
  Hack           2  100%     5.5   11.00   0.00    1.50    13.6  0.50     13.6 (n=2)
  ---- the two classes ----
  KILL           7   43%     6.4    8.86   0.29    2.57    28.1  1.14     60.9 (n=3)
  NON-KILL      24   83%     7.8    8.42   2.54    2.79    25.5  0.04     26.9 (n=20)

DECAPITATE HVT (buff = +6+1*mission HP, +6 aim; ELITE exempt):
  EXEMPT  :   44% ±17  (n=9, avg 5.0 turns, HVT 22.1 max HP)  [m6:44%(9)]
  BUFFED  :   25% ±22  (n=4, avg 5.8 turns, HVT 28.8 max HP)  [m4:25%(4)]

MISSION WIN-RATE BY MISSION #:
  m1:   95% ±5  (n=20)
  m2:   89% ±10  (n=9)
  m3:   88% ±8  (n=16)
  m4:   64% ±13  (n=14)
  m5:   71% ±17  (n=7)
  m6:   44% ±17  (n=9)

LOSS CAUSES (missions):
  RUN OVER              : 13
  CAPTIVE LOST          : 2
  VIP LOST              : 1

MISSION WIN-RATE BY ARENA (authored layouts, n>=3; procedural fallback   24% of 75 missions):
  arena  0:  100% ±0  (n=4, avg 5.0 turns)  [m1:100%(2) m4:100%(2)]
  arena  3:   50% ±25  (n=4, avg 6.5 turns)  [m2:100%(2) m3:0%(2)]
  arena  4:    0% ±0  (n=4, avg 7.0 turns)  [m4:0%(2) m6:0%(2)]
  arena  6:   75% ±22  (n=4, avg 5.5 turns)  [m1:100%(2) m6:50%(2)]
  arena  7:  100% ±0  (n=4, avg 9.0 turns)  [m3:100%(2) m4:100%(2)]
  arena 10:   75% ±22  (n=4, avg 4.3 turns)  [m1:100%(2) m6:50%(2)]
  arena 13:   75% ±22  (n=4, avg 6.3 turns)  [m3:100%(2) m4:50%(2)]
  arena 28:   67% ±27  (n=3, avg 3.0 turns)  [m1:100%(2) m6:0%(1)]
  arena 30:  100% ±0  (n=3, avg 7.3 turns)  [m3:100%(2) m5:100%(1)]
  arena 31:   67% ±27  (n=3, avg 6.7 turns)  [m1:50%(2) m5:100%(1)]
  arena 34:  100% ±0  (n=4, avg 5.5 turns)  [m3:100%(4)]
  procedural:   83% ±9  (n=18, avg 6.7 turns)  [m1:100%(8) m2:100%(4) m3:100%(1) m4:0%(2) m5:67%(3)]

DEPLOYMENT GEOMETRY (opening shape; choices/ARMED is the wave's real gate):
  FRONTAL   :   88%  (n=33, avg 6.4 turns)  choices/turn 2.39  choices/ARMED 2.14  los-targets/ARMED 2.15
  PINCER    :   65% ±12  (n=17, avg 6.8 turns)  choices/turn 1.72  choices/ARMED 1.72  los-targets/ARMED 1.98
  CROSSFIRE :   75% ±15  (n=8, avg 7.9 turns)  choices/turn 1.72  choices/ARMED 1.92  los-targets/ARMED 2.45
  ENVELOP   :   76% ±10  (n=17, avg 5.2 turns)  choices/turn 3.79  choices/ARMED 2.52  los-targets/ARMED 2.70

ARENA FUNNEL (Mission.Build exits, n=87 builds, all modes):
  authored-applied    :  75.9%  (n=66)
  connectivity-reject :   4.6%  (n=4)
  procedural-roll     :  19.5%  (n=17)

DECK EXPOSURE (campaign runs n=20):
  distinct authored arenas/run : 2.85 mean (all runs)
  ... full-depth runs only     : 4.75 mean over 5.3 fights/run (n=4)
  Defend dealt on the route    :   80% of runs (n=16)

ENEMY DECISION MIX (contested acts=1699; all-downed acts not counted=429):
  shoot           941    55%
  hunker          417    25%
  move            160     9%
  reload           43     3%
  heal             33     2%
  siege            32     2%
  grenade          30     2%
  item             16     1%
  brace             8     0%
  sap               8     0%
  overwatch         7     0%
  shove             3     0%
  staleplan         1     0%

  the shot on the table (acts where the chosen tile HAD a shot = 1026):
    hit% band     taken   share   E[dmg]/shot   declined   share   E[dmg]/shot
      0-19           3      0%          0.32          1     25%          0.20
     20-39          23      2%          0.98          2     50%          0.97
     40-59         136     14%          1.59          1     25%          1.15
     60-79         347     37%          2.28          0      0%          0.00
      80+          432     46%          3.28          0      0%          0.00
    TOTAL           941                              4
  taken   92% / DECLINED    0% / preempted by another verb    8%
  enemy lanes held (overwatch+brace) 15; reaction shots fired 0  ->    0% of lanes paid off   [C2: DeclineWatchRatio is a bet on this number]

ACTION MIX (verbs issued, by policy):
  verb                  greedy        sloppy
  MOVE               537   37%     474   31%
  SHOOT              393   27%     392   26%
  OVERWATCH          104    7%     131    9%
  BRACE               89    6%      69    5%
  FOCUS               35    2%     103    7%
  RELOAD              56    4%      56    4%
  SLIPSTREAM          49    3%      58    4%
  HUNKER              42    3%      50    3%
  INTEL               36    2%      38    2%
  STABILIZE           42    3%      31    2%
  ITEM:SMOKE          18    1%      22    1%
  MARK                20    1%      18    1%
  PIN                  9    1%      21    1%
  PATCH                9    1%      13    1%
  DRAG                 8    1%       9    1%
  GRENADE              5    0%      11    1%
  GRAPPLE              5    0%      10    1%
  PLANT                6    0%       6    0%
  REARM                5    0%       6    0%
  HACK                 2    0%       2    0%
  BARREL               1    0%       1    0%
  BEACON               0    0%       2    0%
  EXTRACT              0    0%       1    0%
  ITEM:FLASH           0    0%       1    0%

PLAYER CLASS PERFORMANCE:
  class        shots   hit%   dmg   kills
  GUNNER         246    88%   1199     70
  SHARPSHOOTER    165    95%   1099     64
  ASSAULT        223    86%    949     52
  RANGER         153    84%    837     49
  CORPSMAN        51    84%    168      8
  VIP              4    75%     10      1

SOLDIER DEATHS BY ENEMY CLASS (threat ranking):
  STRIKE     : 12
  BRUISER    : 10
  SAPPER     : 10
  ELITE      : 9
  BERSERKER  : 9
  SCOUT      : 7
  TURRET     : 6
  SHIELD     : 6
  MORTAR     : 6
  SNIPER     : 5
  CUSTODIAN  : 5
  GRUNT      : 4
  SCREENER   : 4
  BURN       : 3
  MEDIC      : 3
  LANCER     : 3
  SPOTTER    : 3
  STRIKER    : 2
  DRONE      : 2
  HOUND      : 1
  SLAM       : 1

SOLDIER DOWNS (FUL-7 bleed-out): 224 downs -> revived 11 / recovered 51 / bled out 137 / finished 18  (save-rate   31%)
  corpsman fielded in 27 missions

ENEMY COMPOSITION (spawns; faction-stamped fights n=501 / default-cascade fights n=265):
  class        faction         default
  GRUNT           42    8%       30   11%
  SCOUT           13    3%       58   22%
  SHIELD          47    9%       12    5%
  DRONE           31    6%       22    8%
  SCREENER        42    8%        6    2%
  SNIPER          33    7%       13    5%
  ELITE           33    7%        6    2%
  SAPPER          34    7%        5    2%
  TURRET          29    6%        8    3%
  LANCER          26    5%       10    4%
  CUSTODIAN       26    5%        6    2%
  MORTAR          26    5%        4    2%
  HUNTER          11    2%       17    6%
  SPOTTER          9    2%       18    7%
  BRUISER         20    4%        6    2%
  BERSERKER       15    3%       11    4%
  MEDIC           17    3%        9    3%
  HOUND           14    3%       11    4%
  STRIKER         10    2%       10    4%
  PIKEMAN          9    2%        2    1%
  WARBRINGER       9    2%        1    0%
  BOMBARD          5    1%        0    0%

PERK PICK FREQUENCY:
  MOM           : 23
  GUN           : 17
  GRD           : 14
  LCK           : 13
  MRK           : 11
  HRD           : 11
  OUT           : 10
  CQB           : 10
  TNK           : 10
  PLT           : 9
  BND           : 8
  RFX           : 8
  FST           : 7
  SGE           : 7
  CLH           : 6
  SKR           : 6
  EXC           : 5
  VNT           : 5
  BRK           : 3

SHOP PURCHASE FREQUENCY:
  FIELD MEDKIT      : 75
  WPN: HOLLOW POINT : 57
  WPN: SCOPE        : 41
  WPN: BIPOD        : 37
  WPN: STABILIZER   : 33
  ADV. TRAINING     : 29
  COMBAT STIMS      : 29
  WPN: EXTENDED MAG : 19
  BALLISTIC PLATING : 19
  COUNTER-PREP      : 18
  FRAG CACHE        : 14
  WPN: SUPPRESSOR   : 12
  ARMORY            : 11

BOON PICK FREQUENCY (PROCS = effect fires at instrumented sites; '-' = not instrumented;
                      PYR counts the +2-turn-burn half only — the Burning-immunity half is uninstrumented):
  code                 picks   PROCS
  TRR               :     7      13
  RCL               :     6       2
  EXE               :     5       -
  PYR               :     5       2
  FDR               :     4       1
  GHO               :     4       -
  FST               :     3      43
  FVR               :     3       -
  MRK               :     3       -
  SHK               :     3       2
  ADR               :     2       -
  FRT               :     2       -
  GRN               :     2       -
  RPD               :     2       -
  SCV               :     2       -
  VNM               :     2       -

RUN WIN-RATE BY BOON (campaign runs holding it):
  TRR               :   14% ±13  (in 7 runs)
  RCL               :   33% ±19  (in 6 runs)
  EXE               :   20% ±18  (in 5 runs)
  PYR               :    0% ±0  (in 5 runs)
  FDR               :   25% ±22  (in 4 runs)
  GHO               :   25% ±22  (in 4 runs)
  FST               :   67% ±27  (in 3 runs)
  FVR               :   67% ±27  (in 3 runs)
  MRK               :   67% ±27  (in 3 runs)
  SHK               :   33% ±27  (in 3 runs)
  ADR               :   50% ±35  (in 2 runs)
  FRT               :   50% ±35  (in 2 runs)
  GRN               :   50% ±35  (in 2 runs)
  RPD               :    0% ±0  (in 2 runs)
  SCV               :   50% ±35  (in 2 runs)
  VNM               :    0% ±0  (in 2 runs)

RUN WIN-RATE BY SPEC (campaign runs fielding it):
  ADN               :   29% ±17  (in 7 runs)
  HHT               :   17% ±15  (in 6 runs)
  ANC               :   40% ±22  (in 5 runs)
  BRC               :    0% ±0  (in 4 runs)
  JUG               :   67% ±27  (in 3 runs)
  PHN               :   50% ±35  (in 2 runs)
  PTH               :    0% ±0  (in 2 runs)
  SNT               :   50% ±35  (in 2 runs)

RUN WIN-RATE BY PERK (campaign runs holding it):
  MOM               :   27% ±11  (in 15 runs)
  LCK               :    9% ±9  (in 11 runs)
  GUN               :   30% ±14  (in 10 runs)
  GRD               :   25% ±15  (in 8 runs)
  HRD               :   25% ±15  (in 8 runs)
  MRK               :   25% ±15  (in 8 runs)
  OUT               :   25% ±15  (in 8 runs)
  TNK               :   38% ±17  (in 8 runs)
  BND               :   29% ±17  (in 7 runs)
  PLT               :   29% ±17  (in 7 runs)
  CLH               :   17% ±15  (in 6 runs)
  CQB               :   33% ±19  (in 6 runs)
  FST               :   17% ±15  (in 6 runs)
  RFX               :   33% ±19  (in 6 runs)
  SGE               :   50% ±20  (in 6 runs)
  EXC               :   20% ±18  (in 5 runs)
  SKR               :    0% ±0  (in 4 runs)
  VNT               :   50% ±25  (in 4 runs)
  BRK               :    0% ±0  (in 3 runs)

RUN WIN-RATE BY PURCHASE (campaign runs buying it):
  FIELD MEDKIT      :   24% ±10  (in 17 runs)
  ADV. TRAINING     :   31% ±13  (in 13 runs)
  WPN: BIPOD        :   25% ±13  (in 12 runs)
  FRAG CACHE        :   18% ±12  (in 11 runs)
  WPN: HOLLOW POINT :   27% ±13  (in 11 runs)
  COMBAT STIMS      :   30% ±14  (in 10 runs)
  COUNTER-PREP      :   40% ±15  (in 10 runs)
  WPN: EXTENDED MAG :   30% ±14  (in 10 runs)
  WPN: SCOPE        :   30% ±14  (in 10 runs)
  WPN: STABILIZER   :   30% ±14  (in 10 runs)
  ARMORY            :   38% ±17  (in 8 runs)
  BALLISTIC PLATING :   38% ±17  (in 8 runs)
  WPN: SUPPRESSOR   :   14% ±13  (in 7 runs)

RUN WIN-RATE BY EVENT-CHOICE (campaign runs taking id:arm):
  bloodfeud:1       :    0% ±0  (in 2 runs)
  bloodfeud:2       :    0% ±0  (in 2 runs)
  depot:0           :    0% ±0  (in 2 runs)
  drill:1           :    0% ±0  (in 2 runs)
  fieldhospital:2   :    0% ±0  (in 2 runs)
  grave:1           :    0% ±0  (in 2 runs)
  medic:1           :   50% ±35  (in 2 runs)
  reservecall:1     :  100% ±0  (in 2 runs)
  warpension:2      :    0% ±0  (in 2 runs)
═══════════════════════════════════════════════════════════════════════

batch wall-time: 10.4s  (20 matches across 10 campaigns × 2 policy, frame-cap hits: 0)
aggregate JSON -> /home/user/wt/heat-pin/docs/measurements/l5/L5fac-m0a1b1-h6-b10.json
INFO: TEXTURE: [ID 2] Unloaded texture data from VRAM (GPU)
INFO: SHADER: [ID 3] Default shader unloaded successfully
INFO: TEXTURE: [ID 1] Default texture unloaded successfully
INFO: Window closed successfully
