BALANCE: heat PINNED for this batch (field-event AddHeat is a no-op; SIGHTLINE_HEATPIN=0 restores the leak)
INFO: Initializing raylib 6.0
INFO: Platform backend: DESKTOP (GLFW)
INFO: Supported raylib modules:
INFO:     > rcore:..... loaded (mandatory)
INFO:     > rlgl:...... loaded (mandatory)
INFO:     > rshapes:... loaded (optional)
INFO:     > rtextures:. loaded (optional)
INFO:     > rtext:..... loaded (optional)
INFO:     > rmodels:... loaded (optional)
INFO:     > raudio:.... loaded (optional)
INFO: DISPLAY: Trying to enable MSAA x4
INFO: DISPLAY: Device initialized successfully 
INFO:     > Display size: 1280 x 800
INFO:     > Screen size:  1280 x 800
INFO:     > Render size:  1280 x 800
INFO:     > Viewport offsets: 0, 0
INFO: GLAD: OpenGL extensions loaded successfully
INFO: GL: Supported extensions count: 229
INFO: GL: OpenGL device information:
INFO:     > Vendor:   Mesa
INFO:     > Renderer: llvmpipe (LLVM 20.1.2, 256 bits)
INFO:     > Version:  4.5 (Core Profile) Mesa 25.2.8-0ubuntu0.24.04.2
INFO:     > GLSL:     4.50
INFO: GL: VAO extension detected, VAO functions loaded successfully
INFO: GL: NPOT textures extension detected, full NPOT textures supported
INFO: GL: DXT compressed textures supported
INFO: GL: ETC2/EAC compressed textures supported
INFO: PLATFORM: DESKTOP (GLFW - X11): Initialized successfully
INFO: TEXTURE: [ID 1] Texture loaded successfully (1x1 | R8G8B8A8 | 1 mipmaps)
INFO: TEXTURE: [ID 1] Default texture loaded successfully
INFO: SHADER: [ID 1] Vertex shader compiled successfully
INFO: SHADER: [ID 2] Fragment shader compiled successfully
INFO: SHADER: [ID 3] Program shader loaded successfully
INFO: SHADER: [ID 3] Default shader loaded successfully
INFO: RLGL: Render batch vertex buffers loaded successfully in RAM (CPU)
INFO: RLGL: Render batch vertex buffers loaded successfully in VRAM (GPU)
INFO: RLGL: Default OpenGL state initialized successfully
INFO: TEXTURE: [ID 2] Texture loaded successfully (128x128 | GRAY_ALPHA | 1 mipmaps)
INFO: FONT: Default font loaded successfully (224 glyphs)
INFO: SYSTEM: Working Directory: /home/user/wt/heat-pin
INFO: TIMER: Target time per frame: 0.000 milliseconds
FINALE-KIT: Wardens
WAVE: +3 (LANCER,BRUISER,BRUISER) [rich]
WAVE: +1 (BERSERKER) [rich]
REINFORCEMENTS: +2 (GRUNT,GRUNT)
REINFORCEMENTS: +2 (SCOUT,GRUNT)
FINALE-KIT: Wardens
WAVE: +3 (HUNTER,LANCER,SCOUT) [rich]
WAVE: +1 (GRUNT) [rich]
FINALE-KIT: Syndicate
WAVE: +2 (PIKEMAN,GRUNT) [rich]
WAVE: +2 (MORTAR,GRUNT) [rich]
WAVE: +2 (MORTAR,SNIPER) [rich]
REINFORCEMENTS: +2 (SCOUT,SCOUT)
REINFORCEMENTS: +2 (SCOUT,GRUNT)
REINFORCEMENTS: +2 (GRUNT,GRUNT)
REINFORCEMENTS: +2 (SCOUT,SCOUT)
REINFORCEMENTS: +2 (SCOUT,GRUNT)
FINALE-KIT: Syndicate
WAVE: +2 (SNIPER,GRUNT) [rich]
WAVE: +2 (SCOUT,PIKEMAN) [rich]
WAVE: +2 (GRUNT,MEDIC) [rich]
REINFORCEMENTS: +2 (GRUNT,SCOUT)
REINFORCEMENTS: +2 (GRUNT,GRUNT)
REINFORCEMENTS: +2 (SCOUT,GRUNT)
FINALE-KIT: Syndicate
WAVE: +2 (BRUISER,HUNTER) [rich]
WAVE: +1 (HUNTER) [rich]
WAVE: +2 (BERSERKER,HUNTER) [rich]
WAVE: +3 (HOUND,DRONE,DRONE) [rich]
WAVE: +3 (GRUNT,SHIELD,WARBRINGER) [rich]
WAVE: +2 (GRUNT,PIKEMAN) [rich]
match 5/20  (W:2 L:3 cap:0)  5.1s
FINALE-KIT: Syndicate
WAVE: +2 (GRUNT,BERSERKER) [rich]
WAVE: +2 (WARBRINGER,BRUISER) [rich]
WAVE: +2 (HUNTER,HUNTER) [rich]
WAVE: +3 (STRIKER,MORTAR,MORTAR) [rich]
WAVE: +1 (GRUNT) [rich]
WAVE: +2 (SHIELD,MEDIC) [rich]
REINFORCEMENTS: +2 (SCOUT,GRUNT)
REINFORCEMENTS: +2 (SCOUT,GRUNT)
FINALE-KIT: Legion
FINALE-KIT: Legion
FINALE-KIT: Legion
FINALE-KIT: Legion
REINFORCEMENTS: +2 (GRUNT,GRUNT)
REINFORCEMENTS: +2 (GRUNT,SCOUT)
REINFORCEMENTS: +2 (GRUNT,SCOUT)
match 10/20  (W:2 L:8 cap:0)  6.9s
FINALE-KIT: Syndicate
WAVE: +3 (DRONE,SCREENER,SAPPER) [rich]
WAVE: +1 (CUSTODIAN) [rich]
WAVE: +3 (SCREENER,SHIELD,SPOTTER) [rich]
REINFORCEMENTS: +2 (SCOUT,SCOUT)
REINFORCEMENTS: +2 (GRUNT,GRUNT)
REINFORCEMENTS: +2 (SCOUT,SCOUT)
FINALE-KIT: Syndicate
WAVE: +3 (DRONE,DRONE,DRONE) [rich]
WAVE: +2 (SAPPER,SPOTTER) [rich]
WAVE: +3 (DRONE,DRONE,SAPPER) [rich]
WAVE: +1 (SPOTTER) [rich]
WAVE: +3 (SPOTTER,SAPPER,SHIELD) [rich]
WAVE: +1 (SHIELD) [rich]
REINFORCEMENTS: +2 (GRUNT,SCOUT)
FINALE-KIT: Legion
FINALE-KIT: Legion
FINALE-KIT: Legion
match 15/20  (W:2 L:13 cap:0)  8.6s
FINALE-KIT: Legion
FINALE-KIT: Syndicate
REINFORCEMENTS: +2 (GRUNT,GRUNT)
FINALE-KIT: Syndicate
FINALE-KIT: Wardens
WAVE: +3 (WARBRINGER,HUNTER,STRIKER) [rich]
WAVE: +3 (HUNTER,BERSERKER,BERSERKER) [rich]
WAVE: +3 (BERSERKER,WARBRINGER,BERSERKER) [rich]
WAVE: +3 (HUNTER,BERSERKER,BERSERKER) [rich]
WAVE: +3 (GRUNT,BERSERKER,BRUISER) [rich]
WAVE: +1 (GRUNT) [rich]
FINALE-KIT: Wardens
match 20/20  (W:2 L:18 cap:0)  9.7s

══════════════════════ SIGHTLINE BALANCE REPORT ══════════════════════
runs=20  missions=65

RUN OUTCOMES (campaign):  win-rate   10%   avg missions cleared 3.2

POLICY GAP (optimal vs human-error; campaign runs only):
  greedy win-rate   20%  (n=10)
  sloppy win-rate    0%  (n=10)
  GAP   20 pts  (swingy/unforgiving)
  PAIRED (same-seed slots): pairs=10  concordant=8  discordant greedy-only-won=2 / sloppy-only-won=0  paired gap   20 pts
  PER-SLOT RECORDS (greedy | sloppy: outcome + missions cleared; margin = g−s):
    slot  80 @h6: W 6 | L 5   margin +1
    slot  81 @h6: L 3 | L 3   margin +0
    slot  82 @h6: W 6 | L 5   margin +1
    slot  83 @h6: L 2 | L 0   margin +2
    slot  84 @h6: L 3 | L 5   margin -2
    slot  85 @h6: L 5 | L 5   margin +0
    slot  86 @h6: L 1 | L 4   margin -3
    slot  87 @h6: L 1 | L 1   margin +0
    slot  88 @h6: L 2 | L 2   margin +0
    slot  89 @h6: L 3 | L 2   margin +1
  PAIRED MARGIN (missions cleared, all pairs): +0.00 ±0.47 SE  (n=10 pairs)
  by objective (greedy / sloppy / gap):
    Decapitate :   50% /   11% / gap   39
    Defend     :   86% /  100% / gap  -14
    Eliminate  :  100% /   90% / gap   10
    Escort     :  100% /  100% / gap    0
    Evac       :   50% /  100% / gap  -50
    Rescue     :   50% /   80% / gap  -30

DECISION RICHNESS / SWING:
  meaningful-choices/turn 2.08   lead-swings/match 0.8   avg max-swing 64.3
  [shot-gate] acting-soldiers/turn 3.05   armed-soldiers/turn 0.90   armed-fraction 29%   turns-with-a-shot 47%   choices/ARMED-soldier-turn 2.32
  [choice-split] los-targets/ARMED 2.18   target-choices/ARMED 0.35   position-choices/ARMED 1.97

RUN COMPLETION BY HEAT (full-campaign clears):
  heat 6:   10% ±7  (n=20 runs, avg 3.2 missions)
  HEAT LEAK: pinned=yes  heat-raising picks=0  campaigns raised=0  missions off-rung=0/65

INTEL ECONOMY BY HEAT (campaign runs; heat-bonus = the Heat.IntelBonus share of income):
  heat 6: earned  182.1/run   heat-bonus  81.0 (  44% of income)   spent  165.5   unspent   16.6

MISSION WIN-RATE BY HEAT:
  heat 6:   72%  (n=65, avg 6.5 turns)

MISSION WIN-RATE BY OBJECTIVE:
  Eliminate  :   95% ±5  (n=20, avg 3.8 turns)
  Decapitate :   29% ±11  (n=17, avg 6.9 turns)
  Defend     :   92% ±7  (n=13, avg 8.9 turns)
  Rescue     :   67% ±16  (n=9, avg 5.7 turns)
  Evac       :   75% ±22  (n=4, avg 13.5 turns)
  Escort     :  100% ±0  (n=2, avg 5.5 turns)

MISSION WIN-RATE BY OBJECTIVE x NODE KIND (a capstone must never pool with a mid-run node):
  Eliminate  : Start:  95%(n=20)
               depth: m1:95%(20)
  Decapitate : Boss:  29%(n=7)  Combat:  50%(n=4)  Elite:   0%(n=4)  Supply:  50%(n=2)
               depth: m2:0%(2) m3:25%(4) m4:50%(4) m6:29%(7)
  Defend     : Elite: 100%(n=6)  Combat:  80%(n=5)  Supply: 100%(n=2)
               depth: m3:100%(4) m4:80%(5) m5:100%(4)
  Rescue     : Supply: 100%(n=4)  Combat:  33%(n=3)  Elite:  50%(n=2)
               depth: m2:50%(2) m3:100%(4) m4:50%(2) m5:0%(1)
  Evac       : Combat: 100%(n=3)  Supply:   0%(n=1)
               depth: m2:100%(2) m3:50%(2)
  Escort     : Supply: 100%(n=2)
               depth: m2:100%(2)

ENCOUNTER COMPLETION on MID-RUN nodes (Combat+Elite) — clear% is the share of the fight actually fought:
  objective     n   win%   turns   force    +rf  killed  clear%   prs  WONclear%
  Defend        11   91%     8.9    8.55   4.82    2.09    15.6  0.00     15.2 (n=10)
  Decapitate     8   25%     6.6    9.75   0.75    0.88     8.3  1.25     20.0 (n=2)
  Rescue         5   40%     5.6    9.40   0.00    3.00    31.9  0.00     38.9 (n=2)
  Evac           3  100%    16.3    7.00   0.00    1.00    14.3  0.00     14.3 (n=3)
  ---- the two classes ----
  KILL           8   25%     6.6    9.75   0.75    0.88     8.3  1.25     20.0 (n=2)
  NON-KILL      19   79%     9.2    8.53   2.79    2.16    19.1  0.00     17.5 (n=15)

DECAPITATE HVT (buff = +6+1*mission HP, +6 aim; ELITE exempt):
  EXEMPT  :   27% ±13  (n=11, avg 7.1 turns, HVT 22.3 max HP)  [m3:25%(4) m6:29%(7)]
  BUFFED  :   33% ±19  (n=6, avg 6.5 turns, HVT 27.3 max HP)  [m2:0%(2) m4:50%(4)]

MISSION WIN-RATE BY MISSION #:
  m1:   95% ±5  (n=20)
  m2:   63% ±17  (n=8)
  m3:   71% ±12  (n=14)
  m4:   64% ±15  (n=11)
  m5:   80% ±18  (n=5)
  m6:   29% ±17  (n=7)

LOSS CAUSES (missions):
  RUN OVER              : 15
  CAPTIVE LOST          : 3

MISSION WIN-RATE BY ARENA (authored layouts, n>=3; procedural fallback   29% of 65 missions):
  arena  1:  100% ±0  (n=6, avg 3.2 turns)  [m1:100%(6)]
  arena 10:   33% ±27  (n=3, avg 5.3 turns)  [m2:50%(2) m3:0%(1)]
  arena 19:   50% ±25  (n=4, avg 5.0 turns)  [m2:0%(2) m3:100%(2)]
  arena 28:  100% ±0  (n=8, avg 6.1 turns)  [m1:100%(4) m3:100%(2) m5:100%(2)]
  arena 32:   50% ±25  (n=4, avg 4.5 turns)  [m1:100%(2) m3:0%(1) m6:0%(1)]
  arena 33:   20% ±18  (n=5, avg 8.4 turns)  [m4:0%(2) m6:33%(3)]
  procedural:   74% ±10  (n=19, avg 9.5 turns)  [m1:75%(4) m2:100%(2) m3:67%(3) m4:83%(6) m5:100%(1) m6:33%(3)]

DEPLOYMENT GEOMETRY (opening shape; choices/ARMED is the wave's real gate):
  FRONTAL   :   67% ±10  (n=21, avg 7.3 turns)  choices/turn 1.79  choices/ARMED 2.27  los-targets/ARMED 2.03
  PINCER    :   62% ±11  (n=21, avg 6.9 turns)  choices/turn 2.56  choices/ARMED 2.30  los-targets/ARMED 2.24
  CROSSFIRE :   89% ±10  (n=9, avg 8.7 turns)  choices/turn 0.81  choices/ARMED 1.78  los-targets/ARMED 1.63
  ENVELOP   :   86% ±9  (n=14, avg 3.6 turns)  choices/turn 3.50  choices/ARMED 2.75  los-targets/ARMED 2.61

ARENA FUNNEL (Mission.Build exits, n=77 builds, all modes):
  authored-applied    :  70.1%  (n=54)
  connectivity-reject :   2.6%  (n=2)
  procedural-roll     :  27.3%  (n=21)

DECK EXPOSURE (campaign runs n=20):
  distinct authored arenas/run : 2.30 mean (all runs)
  ... full-depth runs only     : 3.00 mean over 5.0 fights/run (n=2)
  Defend dealt on the route    :   45% of runs (n=9)

ENEMY DECISION MIX (contested acts=1543; all-downed acts not counted=600):
  shoot           860    56%
  hunker          412    27%
  move            146     9%
  reload           38     2%
  grenade          29     2%
  item             15     1%
  siege            11     1%
  heal             10     1%
  overwatch         7     0%
  brace             5     0%
  shove             5     0%
  sap               3     0%
  staleplan         2     0%

  the shot on the table (acts where the chosen tile HAD a shot = 929):
    hit% band     taken   share   E[dmg]/shot   declined   share   E[dmg]/shot
      0-19           1      0%          0.42          4     57%          0.58
     20-39          29      3%          0.90          2     29%          1.30
     40-59         114     13%          1.54          1     14%          1.31
     60-79         332     39%          2.31          0      0%          0.00
      80+          384     45%          3.29          0      0%          0.00
    TOTAL           860                              7
  taken   93% / DECLINED    1% / preempted by another verb    7%
  enemy lanes held (overwatch+brace) 12; reaction shots fired 3  ->   25% of lanes paid off   [C2: DeclineWatchRatio is a bet on this number]

ACTION MIX (verbs issued, by policy):
  verb                  greedy        sloppy
  MOVE               493   40%     523   43%
  SHOOT              257   21%     260   21%
  OVERWATCH           72    6%      84    7%
  BRACE               89    7%      51    4%
  HUNKER              77    6%      51    4%
  FOCUS               27    2%      52    4%
  STABILIZE           38    3%      33    3%
  SLIPSTREAM          25    2%      44    4%
  INTEL               29    2%      35    3%
  RELOAD              34    3%      26    2%
  ITEM:SMOKE          23    2%      16    1%
  PIN                 17    1%      11    1%
  MARK                10    1%       7    1%
  DRAG                 7    1%       9    1%
  BEACON               6    0%       4    0%
  PATCH                5    0%       4    0%
  GRENADE              2    0%       6    0%
  REARM                3    0%       3    0%
  BARREL               4    0%       0    0%
  GRAPPLE              3    0%       1    0%
  ITEM:FLASH           1    0%       0    0%
  EXTRACT              0    0%       1    0%

PLAYER CLASS PERFORMANCE:
  class        shots   hit%   dmg   kills
  GUNNER         180    86%    778     46
  SHARPSHOOTER    102    92%    655     45
  ASSAULT        134    84%    594     36
  RANGER          95    83%    529     32
  CORPSMAN        25    84%     68      3

SOLDIER DEATHS BY ENEMY CLASS (threat ranking):
  DRONE      : 15
  ELITE      : 14
  GRUNT      : 11
  BURN       : 9
  BERSERKER  : 8
  SHIELD     : 7
  SPOTTER    : 7
  SCREENER   : 6
  STRIKE     : 6
  SAPPER     : 6
  TURRET     : 5
  BRUISER    : 4
  STRIKER    : 4
  SCOUT      : 3
  HOUND      : 3
  SNIPER     : 2
  WARBRINGER : 2
  MEDIC      : 1
  CUSTODIAN  : 1

SOLDIER DOWNS (FUL-7 bleed-out): 220 downs -> revived 4 / recovered 49 / bled out 143 / finished 17  (save-rate   27%)
  corpsman fielded in 21 missions

ENEMY COMPOSITION (spawns; faction-stamped fights n=506 / default-cascade fights n=192):
  class        faction         default
  GRUNT           40    8%       42   22%
  SHIELD          75   15%        6    3%
  SCOUT           24    5%       44   23%
  DRONE           56   11%        7    4%
  TURRET          46    9%        2    1%
  BERSERKER       35    7%       11    6%
  SCREENER        34    7%        7    4%
  ELITE           22    4%       11    6%
  HUNTER          26    5%        4    2%
  SPOTTER         21    4%        9    5%
  STRIKER         19    4%        8    4%
  SAPPER          18    4%        3    2%
  SNIPER           9    2%       11    6%
  BRUISER         19    4%        0    0%
  LANCER           8    2%       10    5%
  CUSTODIAN       14    3%        0    0%
  MEDIC            9    2%        3    2%
  HOUND            9    2%        3    2%
  WARBRINGER       9    2%        1    1%
  MORTAR           5    1%        4    2%
  PIKEMAN          4    1%        4    2%
  BOMBARD          4    1%        2    1%

PERK PICK FREQUENCY:
  LCK           : 13
  MOM           : 12
  CQB           : 11
  GRD           : 8
  GUN           : 8
  RFX           : 8
  OUT           : 7
  SKR           : 7
  TNK           : 7
  PLT           : 6
  EXC           : 6
  MRK           : 6
  BRK           : 6
  BND           : 6
  FST           : 5
  HRD           : 5
  VNT           : 4
  SGE           : 4
  CLH           : 3

SHOP PURCHASE FREQUENCY:
  FIELD MEDKIT      : 69
  WPN: SCOPE        : 57
  WPN: HOLLOW POINT : 41
  COMBAT STIMS      : 34
  WPN: STABILIZER   : 24
  BALLISTIC PLATING : 20
  ADV. TRAINING     : 15
  FRAG CACHE        : 13
  WPN: BIPOD        : 12
  COUNTER-PREP      : 11
  WPN: SUPPRESSOR   : 8
  WPN: EXTENDED MAG : 7
  ARMORY            : 6

BOON PICK FREQUENCY (PROCS = effect fires at instrumented sites; '-' = not instrumented;
                      PYR counts the +2-turn-burn half only — the Burning-immunity half is uninstrumented):
  code                 picks   PROCS
  FRT               :     4       -
  GHO               :     4       -
  SHK               :     4       4
  TRR               :     4      15
  ADR               :     3       -
  EXE               :     3       -
  FDR               :     3       2
  FST               :     3      35
  FVR               :     3       -
  PYR               :     3       0
  GRN               :     2       -
  MRK               :     2       -
  RCL               :     2       0
  SCV               :     2       -
  VNM               :     2       -
  RPD               :     1       -

RUN WIN-RATE BY BOON (campaign runs holding it):
  FRT               :   25% ±22  (in 4 runs)
  GHO               :   25% ±22  (in 4 runs)
  SHK               :   25% ±22  (in 4 runs)
  TRR               :   25% ±22  (in 4 runs)
  ADR               :    0% ±0  (in 3 runs)
  EXE               :    0% ±0  (in 3 runs)
  FDR               :   33% ±27  (in 3 runs)
  FST               :    0% ±0  (in 3 runs)
  FVR               :    0% ±0  (in 3 runs)
  PYR               :    0% ±0  (in 3 runs)
  GRN               :    0% ±0  (in 2 runs)
  MRK               :  100% ±0  (in 2 runs)
  RCL               :    0% ±0  (in 2 runs)
  SCV               :    0% ±0  (in 2 runs)
  VNM               :    0% ±0  (in 2 runs)
  RPD               :  100% ±0  (in 1 runs)

RUN WIN-RATE BY SPEC (campaign runs fielding it):
  ADN               :   33% ±27  (in 3 runs)
  SNT               :    0% ±0  (in 3 runs)
  ANC               :   50% ±35  (in 2 runs)
  BRC               :    0% ±0  (in 1 runs)
  HHT               :  100% ±0  (in 1 runs)
  JUG               :    0% ±0  (in 1 runs)
  PTH               :    0% ±0  (in 1 runs)

RUN WIN-RATE BY PERK (campaign runs holding it):
  LCK               :    0% ±0  (in 8 runs)
  CQB               :   14% ±13  (in 7 runs)
  GUN               :   14% ±13  (in 7 runs)
  MOM               :   29% ±17  (in 7 runs)
  RFX               :   14% ±13  (in 7 runs)
  EXC               :   17% ±15  (in 6 runs)
  GRD               :   17% ±15  (in 6 runs)
  OUT               :   17% ±15  (in 6 runs)
  SKR               :   33% ±19  (in 6 runs)
  TNK               :   17% ±15  (in 6 runs)
  BND               :   20% ±18  (in 5 runs)
  HRD               :    0% ±0  (in 5 runs)
  MRK               :   20% ±18  (in 5 runs)
  BRK               :   25% ±22  (in 4 runs)
  FST               :   50% ±25  (in 4 runs)
  PLT               :   25% ±22  (in 4 runs)
  SGE               :   25% ±22  (in 4 runs)
  VNT               :   25% ±22  (in 4 runs)
  CLH               :   67% ±27  (in 3 runs)

RUN WIN-RATE BY PURCHASE (campaign runs buying it):
  FIELD MEDKIT      :   11% ±7  (in 18 runs)
  WPN: SCOPE        :   13% ±8  (in 16 runs)
  WPN: HOLLOW POINT :   15% ±10  (in 13 runs)
  ADV. TRAINING     :   18% ±12  (in 11 runs)
  COUNTER-PREP      :   11% ±10  (in 9 runs)
  FRAG CACHE        :   25% ±15  (in 8 runs)
  WPN: STABILIZER   :   13% ±12  (in 8 runs)
  COMBAT STIMS      :   14% ±13  (in 7 runs)
  WPN: BIPOD        :    0% ±0  (in 7 runs)
  ARMORY            :   17% ±15  (in 6 runs)
  WPN: SUPPRESSOR   :   33% ±19  (in 6 runs)
  BALLISTIC PLATING :   40% ±22  (in 5 runs)
  WPN: EXTENDED MAG :    0% ±0  (in 3 runs)

RUN WIN-RATE BY EVENT-CHOICE (campaign runs taking id:arm):
  cache:2           :    0% ±0  (in 2 runs)
  drill:1           :   50% ±35  (in 2 runs)
  fieldhospital:2   :    0% ±0  (in 2 runs)
  profiteer:0       :    0% ±0  (in 2 runs)
  relic:1           :    0% ±0  (in 2 runs)
  warchest:0        :   50% ±35  (in 2 runs)
  warpension:2      :    0% ±0  (in 2 runs)
  distress:1        :    0% ±0  (in 1 runs)
  quartermaster:1   :    0% ±0  (in 1 runs)
  reservecall:0     :    0% ±0  (in 1 runs)
═══════════════════════════════════════════════════════════════════════

batch wall-time: 9.7s  (20 matches across 10 campaigns × 2 policy, frame-cap hits: 0)
aggregate JSON -> /home/user/wt/heat-pin/docs/measurements/l5/L5fac-m0a1b0-h6-b80.json
INFO: TEXTURE: [ID 2] Unloaded texture data from VRAM (GPU)
INFO: SHADER: [ID 3] Default shader unloaded successfully
INFO: TEXTURE: [ID 1] Default texture unloaded successfully
INFO: Window closed successfully
