BALANCE: heat PINNED for this batch (field-event AddHeat is a no-op; SIGHTLINE_HEATPIN=0 restores the leak)
INFO: Initializing raylib 6.0
INFO: Platform backend: DESKTOP (GLFW)
INFO: Supported raylib modules:
INFO:     > rcore:..... loaded (mandatory)
INFO:     > rlgl:...... loaded (mandatory)
INFO:     > rshapes:... loaded (optional)
INFO:     > rtextures:. loaded (optional)
INFO:     > rtext:..... loaded (optional)
INFO:     > rmodels:... loaded (optional)
INFO:     > raudio:.... loaded (optional)
INFO: DISPLAY: Trying to enable MSAA x4
INFO: DISPLAY: Device initialized successfully 
INFO:     > Display size: 1280 x 800
INFO:     > Screen size:  1280 x 800
INFO:     > Render size:  1280 x 800
INFO:     > Viewport offsets: 0, 0
INFO: GLAD: OpenGL extensions loaded successfully
INFO: GL: Supported extensions count: 229
INFO: GL: OpenGL device information:
INFO:     > Vendor:   Mesa
INFO:     > Renderer: llvmpipe (LLVM 20.1.2, 256 bits)
INFO:     > Version:  4.5 (Core Profile) Mesa 25.2.8-0ubuntu0.24.04.2
INFO:     > GLSL:     4.50
INFO: GL: VAO extension detected, VAO functions loaded successfully
INFO: GL: NPOT textures extension detected, full NPOT textures supported
INFO: GL: DXT compressed textures supported
INFO: GL: ETC2/EAC compressed textures supported
INFO: PLATFORM: DESKTOP (GLFW - X11): Initialized successfully
INFO: TEXTURE: [ID 1] Texture loaded successfully (1x1 | R8G8B8A8 | 1 mipmaps)
INFO: TEXTURE: [ID 1] Default texture loaded successfully
INFO: SHADER: [ID 1] Vertex shader compiled successfully
INFO: SHADER: [ID 2] Fragment shader compiled successfully
INFO: SHADER: [ID 3] Program shader loaded successfully
INFO: SHADER: [ID 3] Default shader loaded successfully
INFO: RLGL: Render batch vertex buffers loaded successfully in RAM (CPU)
INFO: RLGL: Render batch vertex buffers loaded successfully in VRAM (GPU)
INFO: RLGL: Default OpenGL state initialized successfully
INFO: TEXTURE: [ID 2] Texture loaded successfully (128x128 | GRAY_ALPHA | 1 mipmaps)
INFO: FONT: Default font loaded successfully (224 glyphs)
INFO: SYSTEM: Working Directory: /home/user/wt/heat-pin
INFO: TIMER: Target time per frame: 0.000 milliseconds
FINALE-KIT: Syndicate
FINALE-KIT: Syndicate
FINALE-KIT: Legion
FINALE-KIT: Legion
FINALE-KIT: Wardens
REINFORCEMENTS: +2 (GRUNT,GRUNT)
REINFORCEMENTS: +2 (SCOUT,GRUNT)
match 5/20  (W:1 L:4 cap:0)  2.4s
FINALE-KIT: Wardens
FINALE-KIT: Wardens
WAVE: +2 (BRUISER,LANCER) [rich]
WAVE: +2 (BRUISER,HUNTER) [rich]
WAVE: +2 (SCOUT,SCOUT) [rich]
WAVE: +3 (SNIPER,SNIPER,CUSTODIAN) [rich]
WAVE: +1 (GRUNT) [rich]
WAVE: +2 (PIKEMAN,SNIPER) [rich]
FINALE-KIT: Wardens
WAVE: +2 (BRUISER,SCOUT) [rich]
WAVE: +2 (BRUISER,BRUISER) [rich]
WAVE: +2 (BERSERKER,STRIKER) [rich]
WAVE: +3 (MORTAR,MEDIC,SNIPER) [rich]
WAVE: +1 (MEDIC) [rich]
FINALE-KIT: Syndicate
FINALE-KIT: Syndicate
match 10/20  (W:2 L:8 cap:0)  5.6s
FINALE-KIT: Legion
FINALE-KIT: Legion
FINALE-KIT: Wardens
WAVE: +2 (SAPPER,GRUNT) [rich]
WAVE: +2 (GRUNT,GRUNT) [rich]
WAVE: +2 (SPOTTER,GRUNT) [rich]
FINALE-KIT: Wardens
WAVE: +2 (GRUNT,DRONE) [rich]
WAVE: +2 (SHIELD,SHIELD) [rich]
WAVE: +2 (GRUNT,GRUNT) [rich]
FINALE-KIT: Syndicate
WAVE: +3 (GRUNT,MORTAR,MORTAR) [rich]
WAVE: +2 (CUSTODIAN,SNIPER) [rich]
WAVE: +1 (GRUNT) [rich]
match 15/20  (W:3 L:12 cap:0)  6.6s
FINALE-KIT: Syndicate
WAVE: +3 (SNIPER,MORTAR,SNIPER) [rich]
WAVE: +2 (SCOUT,MORTAR) [rich]
WAVE: +2 (SCREENER,SCREENER) [rich]
REINFORCEMENTS: +2 (GRUNT,GRUNT)
REINFORCEMENTS: +2 (SCOUT,SCOUT)
REINFORCEMENTS: +3 (SCOUT,GRUNT,GRUNT)
FINALE-KIT: Syndicate
WAVE: +2 (SCOUT,CUSTODIAN) [rich]
WAVE: +2 (MORTAR,MORTAR) [rich]
WAVE: +2 (WARBRINGER,STRIKER) [rich]
FINALE-KIT: Syndicate
WAVE: +2 (BERSERKER,MEDIC) [rich]
WAVE: +2 (SHIELD,SHIELD) [rich]
WAVE: +2 (MORTAR,MORTAR) [rich]
FINALE-KIT: Wardens
WAVE: +2 (MEDIC,CUSTODIAN) [rich]
WAVE: +2 (GRUNT,MORTAR) [rich]
WAVE: +2 (SCREENER,SNIPER) [rich]
REINFORCEMENTS: +2 (GRUNT,GRUNT)
FINALE-KIT: Wardens
WAVE: +2 (SCREENER,SCOUT) [rich]
WAVE: +2 (PIKEMAN,GRUNT) [rich]
WAVE: +2 (GRUNT,SNIPER) [rich]
match 20/20  (W:6 L:14 cap:0)  8.4s

══════════════════════ SIGHTLINE BALANCE REPORT ══════════════════════
runs=20  missions=62

RUN OUTCOMES (campaign):  win-rate   30%   avg missions cleared 3.7

POLICY GAP (optimal vs human-error; campaign runs only):
  greedy win-rate   20%  (n=10)
  sloppy win-rate   40%  (n=10)
  GAP  -20 pts  (noisy (need more runs))
  PAIRED (same-seed slots): pairs=10  concordant=6  discordant greedy-only-won=1 / sloppy-only-won=3  paired gap  -20 pts
  PER-SLOT RECORDS (greedy | sloppy: outcome + missions cleared; margin = g−s):
    slot 120 @h6: L 3 | L 3   margin +0
    slot 121 @h6: L 2 | L 2   margin +0
    slot 122 @h6: W 6 | L 3   margin +3
    slot 123 @h6: L 5 | W 6   margin -1
    slot 124 @h6: L 2 | L 2   margin +0
    slot 125 @h6: L 1 | L 1   margin +0
    slot 126 @h6: L 1 | L 4   margin -3
    slot 127 @h6: W 6 | W 6   margin +0
    slot 128 @h6: L 3 | W 6   margin -3
    slot 129 @h6: L 5 | W 6   margin -1
  PAIRED MARGIN (missions cleared, all pairs): -0.50 ±0.54 SE  (n=10 pairs)
  by objective (greedy / sloppy / gap):
    Decapitate :   40% /  100% / gap  -60
    Defend     :   83% /  100% / gap  -17
    Eliminate  :   91% /   83% / gap    8
    Escort     :  100% /  100% / gap    0
    Hack       :  100% /  100% / gap    0
    Rescue     :   33% /    0% / gap   33
    Sabotage   :   67% /   75% / gap   -8

DECISION RICHNESS / SWING:
  meaningful-choices/turn 1.97   lead-swings/match 0.8   avg max-swing 50.7
  [shot-gate] acting-soldiers/turn 3.04   armed-soldiers/turn 0.95   armed-fraction 31%   turns-with-a-shot 46%   choices/ARMED-soldier-turn 2.07
  [choice-split] los-targets/ARMED 2.20   target-choices/ARMED 0.20   position-choices/ARMED 1.88

RUN COMPLETION BY HEAT (full-campaign clears):
  heat 6:   30% ±10  (n=20 runs, avg 3.7 missions)
  HEAT LEAK: pinned=yes  heat-raising picks=0  campaigns raised=0  missions off-rung=0/62
  STALEMATES: mission-cap 1  run-cap 0   [slot 122 s m4 Rescue mis rt=57]

INTEL ECONOMY BY HEAT (campaign runs; heat-bonus = the Heat.IntelBonus share of income):
  heat 6: earned  171.0/run   heat-bonus  75.6 (  44% of income)   spent  151.5   unspent   19.5

MISSION WIN-RATE BY HEAT:
  heat 6:   77%  (n=62, avg 6.0 turns)

MISSION WIN-RATE BY OBJECTIVE:
  Eliminate  :   87% ±7  (n=23, avg 4.0 turns)
  Defend     :   92% ±8  (n=12, avg 9.0 turns)
  Decapitate :   70% ±14  (n=10, avg 5.7 turns)
  Sabotage   :   71% ±17  (n=7, avg 4.1 turns)
  Rescue     :   17% ±15  (n=6, avg 11.2 turns)
  Hack       :  100% ±0  (n=2, avg 3.0 turns)
  Escort     :  100% ±0  (n=2, avg 7.5 turns)

MISSION WIN-RATE BY OBJECTIVE x NODE KIND (a capstone must never pool with a mid-run node):
  Eliminate  : Start: 100%(n=20)  Combat:   0%(n=3)
               depth: m1:100%(20) m2:0%(2) m5:0%(1)
  Defend     : Combat: 100%(n=6)  Elite:  75%(n=4)  Supply: 100%(n=2)
               depth: m2:75%(4) m3:100%(4) m4:100%(2) m5:100%(2)
  Decapitate : Boss:  75%(n=8)  Combat:  50%(n=2)
               depth: m4:50%(2) m6:75%(8)
  Sabotage   : Supply: 100%(n=4)  Elite:   0%(n=2)  Combat: 100%(n=1)
               depth: m2:100%(2) m3:33%(3) m4:100%(2)
  Rescue     : Elite:  25%(n=4)  Combat:   0%(n=2)
               depth: m3:0%(2) m4:25%(4)
  Hack       : Combat: 100%(n=2)
               depth: m3:100%(2)
  Escort     : Combat: 100%(n=2)
               depth: m2:100%(2)

ENCOUNTER COMPLETION on MID-RUN nodes (Combat+Elite) — clear% is the share of the fight actually fought:
  objective     n   win%   turns   force    +rf  killed  clear%   prs  WONclear%
  Defend        10   90%     9.0    6.60   5.90    2.90    23.2  0.00     23.7 (n=9)
  Rescue         6   17%    11.2   10.33   0.00    1.17    11.3  0.00     36.4 (n=1)
  Sabotage       3   33%     4.7    8.33   0.00    0.67     8.0  0.00     28.6 (n=1)
  Eliminate      3    0%     7.3    7.67   0.00    2.33    30.4  1.33      0.0 (n=0)
  Hack           2  100%     3.0    9.00   0.00    1.50    16.7  0.00     16.7 (n=2)
  Decapitate     2   50%     5.0   10.00   0.00    2.50    25.0  0.50     40.0 (n=1)
  Escort         2  100%     7.5    6.00   0.00    5.00    83.3  0.00     83.3 (n=2)
  ---- the two classes ----
  KILL           5   20%     6.4    8.60   0.00    2.40    27.9  1.00     40.0 (n=1)
  NON-KILL      23   65%     8.3    7.96   2.57    2.22    21.1  0.00     28.4 (n=15)

DECAPITATE HVT (buff = +6+1*mission HP, +6 aim; ELITE exempt):
  EXEMPT  :   75% ±15  (n=8, avg 5.9 turns, HVT 22.3 max HP)  [m6:75%(8)]
  BUFFED  :   50% ±35  (n=2, avg 5.0 turns, HVT 30.0 max HP)  [m4:50%(2)]

MISSION WIN-RATE BY MISSION #:
  m1:  100% ±0  (n=20)
  m2:   70% ±14  (n=10)
  m3:   64% ±15  (n=11)
  m4:   60% ±15  (n=10)
  m5:   67% ±27  (n=3)
  m6:   75% ±15  (n=8)

LOSS CAUSES (missions):
  RUN OVER              : 9
  CAPTIVE LOST          : 4
  STALEMATE-MISSION     : 1

MISSION WIN-RATE BY ARENA (authored layouts, n>=3; procedural fallback   24% of 62 missions):
  arena 10:   50% ±25  (n=4, avg 2.3 turns)  [m3:33%(3) m6:100%(1)]
  arena 13:  100% ±0  (n=5, avg 4.0 turns)  [m1:100%(2) m2:100%(1) m4:100%(2)]
  arena 14:   50% ±25  (n=4, avg 4.5 turns)  [m1:100%(2) m3:0%(2)]
  arena 15:  100% ±0  (n=4, avg 7.3 turns)  [m1:100%(2) m2:100%(1) m6:100%(1)]
  arena 21:  100% ±0  (n=4, avg 2.3 turns)  [m1:100%(4)]
  arena 28:   60% ±22  (n=5, avg 14.6 turns)  [m1:100%(2) m4:50%(2) m6:0%(1)]
  arena 34:   67% ±27  (n=3, avg 7.3 turns)  [m2:50%(2) m6:100%(1)]
  procedural:   93% ±6  (n=15, avg 6.7 turns)  [m1:100%(4) m2:100%(2) m3:100%(2) m4:75%(4) m5:100%(1) m6:100%(2)]

DEPLOYMENT GEOMETRY (opening shape; choices/ARMED is the wave's real gate):
  FRONTAL   :   83% ±8  (n=24, avg 8.4 turns)  choices/turn 1.30  choices/ARMED 1.89  los-targets/ARMED 2.52
  PINCER    :   71% ±9  (n=24, avg 4.1 turns)  choices/turn 2.57  choices/ARMED 2.08  los-targets/ARMED 1.64
  CROSSFIRE :  100% ±0  (n=3, avg 9.3 turns)  choices/turn 2.58  choices/ARMED 2.39  los-targets/ARMED 1.50
  ENVELOP   :   73% ±13  (n=11, avg 4.2 turns)  choices/turn 3.33  choices/ARMED 2.33  los-targets/ARMED 2.87

ARENA FUNNEL (Mission.Build exits, n=70 builds, all modes):
  authored-applied    :  78.6%  (n=55)
  connectivity-reject :   0.0%  (n=0)
  procedural-roll     :  21.4%  (n=15)

DECK EXPOSURE (campaign runs n=20):
  distinct authored arenas/run : 2.35 mean (all runs)
  ... full-depth runs only     : 2.83 mean over 4.0 fights/run (n=6)
  Defend dealt on the route    :   50% of runs (n=10)

ENEMY DECISION MIX (contested acts=1610; all-downed acts not counted=263):
  hunker          871    54%
  shoot           556    35%
  move             71     4%
  heal             29     2%
  siege            24     1%
  grenade          21     1%
  reload           18     1%
  brace             8     0%
  item              7     0%
  overwatch         3     0%
  sap               1     0%
  staleplan         1     0%

  the shot on the table (acts where the chosen tile HAD a shot = 592):
    hit% band     taken   share   E[dmg]/shot   declined   share   E[dmg]/shot
      0-19           2      0%          0.42          0      0%          0.00
     20-39          27      5%          1.11          0      0%          0.00
     40-59          82     15%          1.65          0      0%          0.00
     60-79         231     42%          2.58          0      0%          0.00
      80+          214     38%          3.89          0      0%          0.00
    TOTAL           556                              0
  taken   94% / DECLINED    0% / preempted by another verb    6%
  enemy lanes held (overwatch+brace) 11; reaction shots fired 2  ->   18% of lanes paid off   [C2: DeclineWatchRatio is a bet on this number]

ACTION MIX (verbs issued, by policy):
  verb                  greedy        sloppy
  MOVE               366   38%     385   35%
  SHOOT              235   24%     264   24%
  OVERWATCH           74    8%      75    7%
  HUNKER              20    2%     116   10%
  FOCUS               51    5%      49    4%
  BRACE               45    5%      40    4%
  SLIPSTREAM          35    4%      25    2%
  INTEL               26    3%      29    3%
  RELOAD              22    2%      28    3%
  STABILIZE           28    3%      21    2%
  MARK                 8    1%      18    2%
  PIN                 14    1%       8    1%
  PLANT                9    1%      13    1%
  ITEM:SMOKE           9    1%       9    1%
  DRAG                 2    0%       9    1%
  REARM                3    0%       5    0%
  GRENADE              3    0%       4    0%
  HACK                 2    0%       2    0%
  PATCH                2    0%       2    0%
  GRAPPLE              3    0%       0    0%
  BEACON               2    0%       1    0%
  BARREL               1    0%       2    0%
  ITEM:FLASH           0    0%       1    0%

PLAYER CLASS PERFORMANCE:
  class        shots   hit%   dmg   kills
  SHARPSHOOTER    131    92%    925     51
  GUNNER         180    87%    831     54
  RANGER          85    91%    496     36
  ASSAULT        116    84%    470     27
  CORPSMAN        21    67%     57      1

SOLDIER DEATHS BY ENEMY CLASS (threat ranking):
  GRUNT      : 8
  TURRET     : 8
  SHIELD     : 8
  STRIKE     : 8
  SNIPER     : 5
  ELITE      : 5
  MORTAR     : 5
  BERSERKER  : 4
  BURN       : 4
  HUNTER     : 3
  DRONE      : 2
  CUSTODIAN  : 2
  SCOUT      : 2
  PIKEMAN    : 2
  SAPPER     : 1
  BRUISER    : 1
  WARBRINGER : 1

SOLDIER DOWNS (FUL-7 bleed-out): 144 downs -> revived 2 / recovered 31 / bled out 87 / finished 13  (save-rate   31%)
  corpsman fielded in 15 missions

ENEMY COMPOSITION (spawns; faction-stamped fights n=427 / default-cascade fights n=138):
  class        faction         default
  GRUNT           44   10%       50   36%
  SCOUT           19    4%       37   27%
  SNIPER          50   12%        2    1%
  MORTAR          31    7%       13    9%
  TURRET          34    8%        2    1%
  SCREENER        28    7%        0    0%
  MEDIC           25    6%        3    2%
  ELITE           25    6%        2    1%
  SHIELD          20    5%        5    4%
  BERSERKER       22    5%        1    1%
  BRUISER         22    5%        0    0%
  DRONE           13    3%        7    5%
  PIKEMAN         19    4%        0    0%
  HUNTER          18    4%        0    0%
  SAPPER          15    4%        0    0%
  CUSTODIAN       11    3%        1    1%
  STRIKER          8    2%        2    1%
  WARBRINGER       8    2%        1    1%
  BOMBARD          8    2%        1    1%
  LANCER           1    0%        8    6%
  SPOTTER          4    1%        2    1%
  HOUND            2    0%        1    1%

PERK PICK FREQUENCY:
  GUN           : 12
  LCK           : 11
  OUT           : 9
  RFX           : 9
  SGE           : 8
  CQB           : 8
  SKR           : 7
  MOM           : 7
  BND           : 6
  EXC           : 6
  TNK           : 6
  FST           : 6
  MRK           : 6
  VNT           : 5
  HRD           : 5
  CLH           : 3
  GRD           : 3
  PLT           : 3
  BRK           : 3

SHOP PURCHASE FREQUENCY:
  WPN: HOLLOW POINT : 42
  FIELD MEDKIT      : 40
  WPN: SCOPE        : 34
  WPN: STABILIZER   : 34
  WPN: BIPOD        : 27
  BALLISTIC PLATING : 18
  WPN: EXTENDED MAG : 18
  ADV. TRAINING     : 15
  COUNTER-PREP      : 13
  COMBAT STIMS      : 12
  WPN: SUPPRESSOR   : 10
  ARMORY            : 8
  FRAG CACHE        : 7

BOON PICK FREQUENCY (PROCS = effect fires at instrumented sites; '-' = not instrumented;
                      PYR counts the +2-turn-burn half only — the Burning-immunity half is uninstrumented):
  code                 picks   PROCS
  ADR               :     4       -
  FVR               :     4       -
  MRK               :     4       -
  FDR               :     3       0
  FRT               :     3       -
  GHO               :     3       -
  GRN               :     3       -
  PYR               :     3       0
  SCV               :     3       -
  SHK               :     3       3
  FST               :     2      15
  RPD               :     2       -
  VNM               :     2       -
  EXE               :     1       -
  RCL               :     1       0
  TRR               :     1       2

RUN WIN-RATE BY BOON (campaign runs holding it):
  ADR               :    0% ±0  (in 4 runs)
  FVR               :   75% ±22  (in 4 runs)
  MRK               :   50% ±25  (in 4 runs)
  FDR               :   33% ±27  (in 3 runs)
  FRT               :  100% ±0  (in 3 runs)
  GHO               :   33% ±27  (in 3 runs)
  GRN               :   33% ±27  (in 3 runs)
  PYR               :    0% ±0  (in 3 runs)
  SCV               :   33% ±27  (in 3 runs)
  SHK               :   33% ±27  (in 3 runs)
  FST               :   50% ±35  (in 2 runs)
  RPD               :   50% ±35  (in 2 runs)
  VNM               :   50% ±35  (in 2 runs)
  EXE               :  100% ±0  (in 1 runs)
  RCL               :    0% ±0  (in 1 runs)
  TRR               :  100% ±0  (in 1 runs)

RUN WIN-RATE BY SPEC (campaign runs fielding it):
  SNT               :   40% ±22  (in 5 runs)
  ANC               :   67% ±27  (in 3 runs)
  PHN               :  100% ±0  (in 3 runs)
  ADN               :   50% ±35  (in 2 runs)
  HHT               :   50% ±35  (in 2 runs)
  JUG               :  100% ±0  (in 1 runs)

RUN WIN-RATE BY PERK (campaign runs holding it):
  LCK               :   30% ±14  (in 10 runs)
  GUN               :   33% ±16  (in 9 runs)
  OUT               :   38% ±17  (in 8 runs)
  RFX               :   50% ±18  (in 8 runs)
  SGE               :   43% ±19  (in 7 runs)
  EXC               :   50% ±20  (in 6 runs)
  SKR               :   17% ±15  (in 6 runs)
  CQB               :   60% ±22  (in 5 runs)
  FST               :   60% ±22  (in 5 runs)
  HRD               :   60% ±22  (in 5 runs)
  MOM               :   40% ±22  (in 5 runs)
  MRK               :   40% ±22  (in 5 runs)
  TNK               :   40% ±22  (in 5 runs)
  VNT               :   20% ±18  (in 5 runs)
  BND               :   25% ±22  (in 4 runs)
  BRK               :   33% ±27  (in 3 runs)
  CLH               :   67% ±27  (in 3 runs)
  GRD               :  100% ±0  (in 3 runs)
  PLT               :  100% ±0  (in 2 runs)

RUN WIN-RATE BY PURCHASE (campaign runs buying it):
  FIELD MEDKIT      :   31% ±12  (in 16 runs)
  WPN: HOLLOW POINT :   36% ±13  (in 14 runs)
  WPN: SCOPE        :   42% ±14  (in 12 runs)
  BALLISTIC PLATING :   55% ±15  (in 11 runs)
  COUNTER-PREP      :   60% ±15  (in 10 runs)
  WPN: BIPOD        :   30% ±14  (in 10 runs)
  WPN: STABILIZER   :   56% ±17  (in 9 runs)
  ARMORY            :   43% ±19  (in 7 runs)
  COMBAT STIMS      :   43% ±19  (in 7 runs)
  WPN: EXTENDED MAG :   43% ±19  (in 7 runs)
  ADV. TRAINING     :   67% ±19  (in 6 runs)
  WPN: SUPPRESSOR   :   33% ±19  (in 6 runs)
  FRAG CACHE        :   40% ±22  (in 5 runs)

RUN WIN-RATE BY EVENT-CHOICE (campaign runs taking id:arm):
  blackmarket:2     :   25% ±22  (in 4 runs)
  cache:1           :   75% ±22  (in 4 runs)
  warchest:1        :   33% ±27  (in 3 runs)
  defector:1        :   50% ±35  (in 2 runs)
  fieldhospital:2   :   50% ±35  (in 2 runs)
  informant:2       :    0% ±0  (in 2 runs)
  medic:0           :   50% ±35  (in 2 runs)
  medic:1           :  100% ±0  (in 2 runs)
  relic:1           :   50% ±35  (in 2 runs)
  drill:1           :  100% ±0  (in 1 runs)
  reservecall:0     :    0% ±0  (in 1 runs)
═══════════════════════════════════════════════════════════════════════

batch wall-time: 8.4s  (20 matches across 10 campaigns × 2 policy, frame-cap hits: 0)
aggregate JSON -> /home/user/wt/heat-pin/docs/measurements/l5/L5fac-m0a0b0-h6-b120.json
INFO: TEXTURE: [ID 2] Unloaded texture data from VRAM (GPU)
INFO: SHADER: [ID 3] Default shader unloaded successfully
INFO: TEXTURE: [ID 1] Default texture unloaded successfully
INFO: Window closed successfully
