BALANCE: heat PINNED for this batch (field-event AddHeat is a no-op; SIGHTLINE_HEATPIN=0 restores the leak)
INFO: Initializing raylib 6.0
INFO: Platform backend: DESKTOP (GLFW)
INFO: Supported raylib modules:
INFO:     > rcore:..... loaded (mandatory)
INFO:     > rlgl:...... loaded (mandatory)
INFO:     > rshapes:... loaded (optional)
INFO:     > rtextures:. loaded (optional)
INFO:     > rtext:..... loaded (optional)
INFO:     > rmodels:... loaded (optional)
INFO:     > raudio:.... loaded (optional)
INFO: DISPLAY: Trying to enable MSAA x4
INFO: DISPLAY: Device initialized successfully 
INFO:     > Display size: 1280 x 800
INFO:     > Screen size:  1280 x 800
INFO:     > Render size:  1280 x 800
INFO:     > Viewport offsets: 0, 0
INFO: GLAD: OpenGL extensions loaded successfully
INFO: GL: Supported extensions count: 229
INFO: GL: OpenGL device information:
INFO:     > Vendor:   Mesa
INFO:     > Renderer: llvmpipe (LLVM 20.1.2, 256 bits)
INFO:     > Version:  4.5 (Core Profile) Mesa 25.2.8-0ubuntu0.24.04.2
INFO:     > GLSL:     4.50
INFO: GL: VAO extension detected, VAO functions loaded successfully
INFO: GL: NPOT textures extension detected, full NPOT textures supported
INFO: GL: DXT compressed textures supported
INFO: GL: ETC2/EAC compressed textures supported
INFO: PLATFORM: DESKTOP (GLFW - X11): Initialized successfully
INFO: TEXTURE: [ID 1] Texture loaded successfully (1x1 | R8G8B8A8 | 1 mipmaps)
INFO: TEXTURE: [ID 1] Default texture loaded successfully
INFO: SHADER: [ID 1] Vertex shader compiled successfully
INFO: SHADER: [ID 2] Fragment shader compiled successfully
INFO: SHADER: [ID 3] Program shader loaded successfully
INFO: SHADER: [ID 3] Default shader loaded successfully
INFO: RLGL: Render batch vertex buffers loaded successfully in RAM (CPU)
INFO: RLGL: Render batch vertex buffers loaded successfully in VRAM (GPU)
INFO: RLGL: Default OpenGL state initialized successfully
INFO: TEXTURE: [ID 2] Texture loaded successfully (128x128 | GRAY_ALPHA | 1 mipmaps)
INFO: FONT: Default font loaded successfully (224 glyphs)
INFO: SYSTEM: Working Directory: /home/user/wt/heat-pin
INFO: TIMER: Target time per frame: 0.000 milliseconds
FINALE-KIT: Wardens
WAVE: +3 (BERSERKER,HUNTER,BERSERKER) [rich]
WAVE: +2 (HOUND,BERSERKER) [rich]
WAVE: +1 (BERSERKER) [rich]
FINALE-KIT: Wardens
WAVE: +3 (STRIKER,LANCER,BERSERKER) [rich]
WAVE: +2 (HOUND,BERSERKER) [rich]
WAVE: +2 (BERSERKER,LANCER) [rich]
FINALE-KIT: Syndicate
WAVE: +2 (PIKEMAN,GRUNT) [rich]
WAVE: +2 (MEDIC,GRUNT) [rich]
WAVE: +2 (SNIPER,SNIPER) [rich]
FINALE-KIT: Syndicate
WAVE: +2 (SNIPER,GRUNT) [rich]
WAVE: +2 (GRUNT,SNIPER) [rich]
WAVE: +1 (MEDIC) [rich]
REINFORCEMENTS: +2 (SCOUT,SCOUT)
FINALE-KIT: Syndicate
WAVE: +2 (HOUND,HUNTER) [rich]
WAVE: +2 (HOUND,BERSERKER) [rich]
WAVE: +1 (HOUND) [rich]
WAVE: +3 (MEDIC,GRUNT,WARBRINGER) [rich]
WAVE: +3 (WARBRINGER,BERSERKER,PIKEMAN) [rich]
WAVE: +1 (SCREENER) [rich]
match 5/20  (W:2 L:3 cap:0)  4.2s
FINALE-KIT: Syndicate
WAVE: +2 (HUNTER,BERSERKER) [rich]
WAVE: +2 (HUNTER,BRUISER) [rich]
WAVE: +1 (SCOUT) [rich]
FINALE-KIT: Legion
FINALE-KIT: Legion
FINALE-KIT: Legion
REINFORCEMENTS: +2 (SCOUT,GRUNT)
FINALE-KIT: Legion
match 10/20  (W:2 L:8 cap:0)  6.8s
FINALE-KIT: Syndicate
FINALE-KIT: Syndicate
FINALE-KIT: Legion
FINALE-KIT: Legion
FINALE-KIT: Legion
match 15/20  (W:2 L:13 cap:0)  7.5s
FINALE-KIT: Legion
FINALE-KIT: Syndicate
FINALE-KIT: Syndicate
FINALE-KIT: Wardens
WAVE: +3 (HUNTER,HUNTER,BERSERKER) [rich]
WAVE: +2 (BERSERKER,BRUISER) [rich]
FINALE-KIT: Wardens
WAVE: +3 (HOUND,STRIKER,BRUISER) [rich]
WAVE: +1 (BRUISER) [rich]
WAVE: +1 (GRUNT) [rich]
match 20/20  (W:2 L:18 cap:0)  8.8s

══════════════════════ SIGHTLINE BALANCE REPORT ══════════════════════
runs=20  missions=65

RUN OUTCOMES (campaign):  win-rate   10%   avg missions cleared 3.2

POLICY GAP (optimal vs human-error; campaign runs only):
  greedy win-rate   20%  (n=10)
  sloppy win-rate    0%  (n=10)
  GAP   20 pts  (swingy/unforgiving)
  PAIRED (same-seed slots): pairs=10  concordant=8  discordant greedy-only-won=2 / sloppy-only-won=0  paired gap   20 pts
  PER-SLOT RECORDS (greedy | sloppy: outcome + missions cleared; margin = g−s):
    slot  80 @h6: L 5 | L 5   margin +0
    slot  81 @h6: W 6 | L 3   margin +3
    slot  82 @h6: W 6 | L 3   margin +3
    slot  83 @h6: L 3 | L 3   margin +0
    slot  84 @h6: L 5 | L 5   margin +0
    slot  85 @h6: L 0 | L 0   margin +0
    slot  86 @h6: L 1 | L 4   margin -3
    slot  87 @h6: L 1 | L 1   margin +0
    slot  88 @h6: L 2 | L 2   margin +0
    slot  89 @h6: L 4 | L 4   margin +0
  PAIRED MARGIN (missions cleared, all pairs): +0.30 ±0.54 SE  (n=10 pairs)
  by objective (greedy / sloppy / gap):
    Decapitate :   50% /   13% / gap   38
    Defend     :  100% /  100% / gap    0
    Eliminate  :   90% /   90% / gap    0
    Escort     :  100% /  100% / gap    0
    Evac       :  100% /  100% / gap    0
    Hack       :    0% /    0% / gap    0
    Rescue     :   75% /   80% / gap   -5

DECISION RICHNESS / SWING:
  meaningful-choices/turn 2.16   lead-swings/match 0.7   avg max-swing 64.2
  [shot-gate] acting-soldiers/turn 2.84   armed-soldiers/turn 1.01   armed-fraction 36%   turns-with-a-shot 50%   choices/ARMED-soldier-turn 2.14
  [choice-split] los-targets/ARMED 2.26   target-choices/ARMED 0.33   position-choices/ARMED 1.81

RUN COMPLETION BY HEAT (full-campaign clears):
  heat 6:   10% ±7  (n=20 runs, avg 3.2 missions)
  HEAT LEAK: pinned=yes  heat-raising picks=0  campaigns raised=0  missions off-rung=0/65

INTEL ECONOMY BY HEAT (campaign runs; heat-bonus = the Heat.IntelBonus share of income):
  heat 6: earned  179.0/run   heat-bonus  81.0 (  45% of income)   spent  164.3   unspent   14.7

MISSION WIN-RATE BY HEAT:
  heat 6:   72%  (n=65, avg 5.4 turns)

MISSION WIN-RATE BY OBJECTIVE:
  Eliminate  :   90% ±7  (n=20, avg 4.7 turns)
  Decapitate :   33% ±11  (n=18, avg 5.0 turns)
  Rescue     :   78% ±14  (n=9, avg 5.0 turns)
  Defend     :  100% ±0  (n=9, avg 9.0 turns)
  Evac       :  100% ±0  (n=5, avg 3.8 turns)
  Escort     :  100% ±0  (n=2, avg 5.0 turns)
  Hack       :    0% ±0  (n=2, avg 6.5 turns)

MISSION WIN-RATE BY OBJECTIVE x NODE KIND (a capstone must never pool with a mid-run node):
  Eliminate  : Start:  90%(n=20)
               depth: m1:90%(20)
  Decapitate : Boss:  33%(n=6)  Combat:  33%(n=6)  Elite:   0%(n=4)  Supply: 100%(n=2)
               depth: m2:0%(2) m3:50%(4) m4:50%(4) m5:0%(2) m6:33%(6)
  Rescue     : Supply: 100%(n=4)  Combat:  67%(n=3)  Elite:  50%(n=2)
               depth: m2:50%(2) m3:100%(4) m4:100%(2) m5:0%(1)
  Defend     : Elite: 100%(n=4)  Combat: 100%(n=4)  Supply: 100%(n=1)
               depth: m3:100%(4) m4:100%(4) m5:100%(1)
  Evac       : Combat: 100%(n=3)  Supply: 100%(n=2)
               depth: m2:100%(2) m3:100%(3)
  Escort     : Supply: 100%(n=2)
               depth: m2:100%(2)
  Hack       : Supply:   0%(n=2)
               depth: m4:0%(2)

ENCOUNTER COMPLETION on MID-RUN nodes (Combat+Elite) — clear% is the share of the fight actually fought:
  objective     n   win%   turns   force    +rf  killed  clear%   prs  WONclear%
  Decapitate    10   20%     5.3   10.00   0.00    0.90     9.0  0.50     15.0 (n=2)
  Defend         8  100%     9.0    8.25   5.50    2.25    16.4  0.00     16.4 (n=8)
  Rescue         5   60%     5.4    9.40   0.00    3.80    40.4  0.00     46.4 (n=3)
  Evac           3  100%     3.7    7.00   0.00    0.00     0.0  0.00      0.0 (n=3)
  ---- the two classes ----
  KILL          10   20%     5.3   10.00   0.00    0.90     9.0  0.50     15.0 (n=2)
  NON-KILL      16   88%     6.9    8.38   2.75    2.31    20.8  0.00     19.5 (n=14)

DECAPITATE HVT (buff = +6+1*mission HP, +6 aim; ELITE exempt):
  EXEMPT  :   33% ±14  (n=12, avg 5.0 turns, HVT 23.3 max HP)  [m3:50%(4) m5:0%(2) m6:33%(6)]
  BUFFED  :   33% ±19  (n=6, avg 5.0 turns, HVT 24.0 max HP)  [m2:0%(2) m4:50%(4)]

MISSION WIN-RATE BY MISSION #:
  m1:   90% ±7  (n=20)
  m2:   63% ±17  (n=8)
  m3:   87% ±9  (n=15)
  m4:   67% ±14  (n=12)
  m5:   25% ±22  (n=4)
  m6:   33% ±19  (n=6)

LOSS CAUSES (missions):
  RUN OVER              : 16
  CAPTIVE LOST          : 2

MISSION WIN-RATE BY ARENA (authored layouts, n>=3; procedural fallback   25% of 65 missions):
  arena  1:  100% ±0  (n=6, avg 2.3 turns)  [m1:100%(6)]
  arena 10:   33% ±27  (n=3, avg 5.7 turns)  [m2:100%(1) m3:0%(2)]
  arena 15:   67% ±27  (n=3, avg 5.0 turns)  [m2:100%(2) m4:0%(1)]
  arena 19:   67% ±27  (n=3, avg 4.0 turns)  [m2:0%(1) m3:100%(2)]
  arena 28:   71% ±17  (n=7, avg 9.4 turns)  [m1:50%(4) m3:100%(2) m5:100%(1)]
  arena 32:   80% ±18  (n=5, avg 4.0 turns)  [m1:100%(2) m3:100%(2) m6:0%(1)]
  arena 33:   33% ±27  (n=3, avg 5.3 turns)  [m4:100%(1) m6:0%(2)]
  arena 34:  100% ±0  (n=3, avg 8.0 turns)  [m4:100%(2) m6:100%(1)]
  procedural:   69% ±12  (n=16, avg 6.0 turns)  [m1:100%(4) m2:33%(3) m3:100%(2) m4:75%(4) m5:0%(1) m6:50%(2)]

DEPLOYMENT GEOMETRY (opening shape; choices/ARMED is the wave's real gate):
  FRONTAL   :   79% ±8  (n=24, avg 4.8 turns)  choices/turn 2.12  choices/ARMED 2.06  los-targets/ARMED 2.44
  PINCER    :   58% ±11  (n=19, avg 5.4 turns)  choices/turn 2.78  choices/ARMED 2.34  los-targets/ARMED 1.86
  CROSSFIRE :   86% ±13  (n=7, avg 8.3 turns)  choices/turn 1.25  choices/ARMED 1.63  los-targets/ARMED 2.30
  ENVELOP   :   73% ±11  (n=15, avg 5.1 turns)  choices/turn 2.11  choices/ARMED 2.26  los-targets/ARMED 2.60

ARENA FUNNEL (Mission.Build exits, n=77 builds, all modes):
  authored-applied    :  76.6%  (n=59)
  connectivity-reject :   1.3%  (n=1)
  procedural-roll     :  22.1%  (n=17)

DECK EXPOSURE (campaign runs n=20):
  distinct authored arenas/run : 2.45 mean (all runs)
  ... full-depth runs only     : 3.50 mean over 4.5 fights/run (n=2)
  Defend dealt on the route    :   40% of runs (n=8)

ENEMY DECISION MIX (contested acts=1096; all-downed acts not counted=470):
  shoot           693    63%
  hunker          235    21%
  move             71     6%
  grenade          42     4%
  heal             16     1%
  reload           14     1%
  siege            11     1%
  brace             5     0%
  item              5     0%
  shove             3     0%
  sap               1     0%

  the shot on the table (acts where the chosen tile HAD a shot = 756):
    hit% band     taken   share   E[dmg]/shot   declined   share   E[dmg]/shot
      0-19           9      1%          0.79          0      0%          0.00
     20-39          54      8%          1.12          0      0%          0.00
     40-59         139     20%          1.89          0      0%          0.00
     60-79         255     37%          3.03          0      0%          0.00
      80+          236     34%          4.43          0      0%          0.00
    TOTAL           693                              0
  taken   92% / DECLINED    0% / preempted by another verb    8%
  enemy lanes held (overwatch+brace) 5; reaction shots fired 3  ->   60% of lanes paid off   [C2: DeclineWatchRatio is a bet on this number]

ACTION MIX (verbs issued, by policy):
  verb                  greedy        sloppy
  MOVE               421   44%     470   48%
  SHOOT              211   22%     220   22%
  OVERWATCH           73    8%      41    4%
  BRACE               49    5%      44    4%
  INTEL               27    3%      30    3%
  HUNKER              21    2%      33    3%
  STABILIZE           24    3%      29    3%
  SLIPSTREAM          26    3%      26    3%
  FOCUS               22    2%      12    1%
  RELOAD              16    2%      16    2%
  ITEM:SMOKE          15    2%      11    1%
  MARK                 9    1%      10    1%
  PIN                 13    1%       6    1%
  DRAG                 8    1%       7    1%
  REARM                8    1%       6    1%
  BEACON               4    0%       8    1%
  PATCH                3    0%       5    1%
  GRENADE              1    0%       6    1%
  GRAPPLE              4    0%       1    0%
  BARREL               2    0%       2    0%
  ITEM:BARRICADE       1    0%       0    0%
  HACK                 0    0%       1    0%

PLAYER CLASS PERFORMANCE:
  class        shots   hit%   dmg   kills
  SHARPSHOOTER    111    93%    725     42
  GUNNER         149    88%    679     42
  ASSAULT        119    86%    525     38
  RANGER          67    85%    380     27
  CORPSMAN        20    80%     50      1

SOLDIER DEATHS BY ENEMY CLASS (threat ranking):
  BURN       : 18
  BERSERKER  : 12
  DRONE      : 10
  ELITE      : 8
  GRUNT      : 8
  STRIKE     : 6
  MORTAR     : 6
  LANCER     : 5
  STRIKER    : 5
  SCREENER   : 4
  CUSTODIAN  : 4
  TURRET     : 4
  HUNTER     : 4
  SHIELD     : 4
  SAPPER     : 4
  SCOUT      : 3
  WARBRINGER : 2
  SNIPER     : 2
  SPOTTER    : 2
  HOUND      : 2
  BRUISER    : 1

SOLDIER DOWNS (FUL-7 bleed-out): 210 downs -> revived 6 / recovered 38 / bled out 140 / finished 24  (save-rate   22%)
  corpsman fielded in 18 missions

ENEMY COMPOSITION (spawns; faction-stamped fights n=425 / default-cascade fights n=212):
  class        faction         default
  GRUNT           29    7%       39   18%
  SCOUT           12    3%       44   21%
  BERSERKER       38    9%       16    8%
  DRONE           39    9%        4    2%
  ELITE           23    5%       11    5%
  TURRET          27    6%        7    3%
  HUNTER          25    6%        6    3%
  SCREENER        25    6%        5    2%
  SHIELD          27    6%        3    1%
  SNIPER          18    4%       10    5%
  SPOTTER         21    5%        7    3%
  STRIKER         16    4%       11    5%
  LANCER          10    2%       17    8%
  MEDIC           16    4%        8    4%
  BRUISER         22    5%        0    0%
  HOUND           12    3%        9    4%
  CUSTODIAN       20    5%        0    0%
  SAPPER          14    3%        5    2%
  MORTAR          12    3%        2    1%
  PIKEMAN          8    2%        5    2%
  WARBRINGER       7    2%        2    1%
  BOMBARD          4    1%        1    0%

PERK PICK FREQUENCY:
  LCK           : 12
  OUT           : 11
  GRD           : 9
  CQB           : 9
  MOM           : 8
  MRK           : 8
  BND           : 7
  SGE           : 7
  RFX           : 7
  EXC           : 7
  GUN           : 7
  SKR           : 7
  PLT           : 6
  BRK           : 6
  FST           : 5
  TNK           : 4
  HRD           : 4
  VNT           : 2
  CLH           : 2

SHOP PURCHASE FREQUENCY:
  FIELD MEDKIT      : 60
  WPN: SCOPE        : 43
  WPN: HOLLOW POINT : 42
  WPN: STABILIZER   : 33
  BALLISTIC PLATING : 19
  COMBAT STIMS      : 19
  FRAG CACHE        : 18
  ADV. TRAINING     : 17
  COUNTER-PREP      : 15
  ARMORY            : 14
  WPN: SUPPRESSOR   : 11
  WPN: EXTENDED MAG : 11
  WPN: BIPOD        : 10

BOON PICK FREQUENCY (PROCS = effect fires at instrumented sites; '-' = not instrumented;
                      PYR counts the +2-turn-burn half only — the Burning-immunity half is uninstrumented):
  code                 picks   PROCS
  ADR               :     6       -
  FST               :     5      59
  GHO               :     4       -
  EXE               :     3       -
  FVR               :     3       -
  GRN               :     3       -
  RPD               :     3       -
  SHK               :     3       3
  TRR               :     3      11
  VNM               :     3       -
  FRT               :     2       -
  MRK               :     2       -
  RCL               :     2       0
  FDR               :     1       0
  PYR               :     1       0
  SCV               :     1       -

RUN WIN-RATE BY BOON (campaign runs holding it):
  ADR               :    0% ±0  (in 6 runs)
  FST               :   40% ±22  (in 5 runs)
  GHO               :   25% ±22  (in 4 runs)
  EXE               :    0% ±0  (in 3 runs)
  FVR               :   33% ±27  (in 3 runs)
  GRN               :    0% ±0  (in 3 runs)
  RPD               :    0% ±0  (in 3 runs)
  SHK               :    0% ±0  (in 3 runs)
  TRR               :   33% ±27  (in 3 runs)
  VNM               :    0% ±0  (in 3 runs)
  FRT               :    0% ±0  (in 2 runs)
  MRK               :    0% ±0  (in 2 runs)
  RCL               :   50% ±35  (in 2 runs)
  FDR               :    0% ±0  (in 1 runs)
  PYR               :    0% ±0  (in 1 runs)
  SCV               :  100% ±0  (in 1 runs)

RUN WIN-RATE BY SPEC (campaign runs fielding it):
  BRC               :   25% ±22  (in 4 runs)
  ADN               :   33% ±27  (in 3 runs)
  PHN               :    0% ±0  (in 3 runs)
  ANC               :    0% ±0  (in 2 runs)
  HHT               :    0% ±0  (in 2 runs)
  SNT               :    0% ±0  (in 1 runs)

RUN WIN-RATE BY PERK (campaign runs holding it):
  LCK               :   20% ±13  (in 10 runs)
  GRD               :   13% ±12  (in 8 runs)
  OUT               :   13% ±12  (in 8 runs)
  BND               :    0% ±0  (in 7 runs)
  CQB               :    0% ±0  (in 7 runs)
  RFX               :   14% ±13  (in 7 runs)
  BRK               :   17% ±15  (in 6 runs)
  GUN               :   17% ±15  (in 6 runs)
  SGE               :   17% ±15  (in 6 runs)
  EXC               :    0% ±0  (in 5 runs)
  FST               :   20% ±18  (in 5 runs)
  MOM               :   20% ±18  (in 5 runs)
  MRK               :   20% ±18  (in 5 runs)
  PLT               :   20% ±18  (in 5 runs)
  SKR               :   20% ±18  (in 5 runs)
  HRD               :    0% ±0  (in 3 runs)
  CLH               :    0% ±0  (in 2 runs)
  TNK               :    0% ±0  (in 2 runs)
  VNT               :    0% ±0  (in 2 runs)

RUN WIN-RATE BY PURCHASE (campaign runs buying it):
  FIELD MEDKIT      :   11% ±7  (in 18 runs)
  WPN: HOLLOW POINT :   17% ±11  (in 12 runs)
  ARMORY            :   18% ±12  (in 11 runs)
  WPN: SCOPE        :   18% ±12  (in 11 runs)
  ADV. TRAINING     :   20% ±13  (in 10 runs)
  COUNTER-PREP      :   20% ±13  (in 10 runs)
  FRAG CACHE        :   13% ±12  (in 8 runs)
  WPN: STABILIZER   :   13% ±12  (in 8 runs)
  COMBAT STIMS      :   14% ±13  (in 7 runs)
  WPN: SUPPRESSOR   :   29% ±17  (in 7 runs)
  BALLISTIC PLATING :    0% ±0  (in 6 runs)
  WPN: BIPOD        :   17% ±15  (in 6 runs)
  WPN: EXTENDED MAG :   25% ±22  (in 4 runs)

RUN WIN-RATE BY EVENT-CHOICE (campaign runs taking id:arm):
  drill:1           :   67% ±27  (in 3 runs)
  cache:2           :   50% ±35  (in 2 runs)
  distress:1        :    0% ±0  (in 2 runs)
  fieldhospital:2   :    0% ±0  (in 2 runs)
  profiteer:0       :    0% ±0  (in 2 runs)
  quartermaster:1   :    0% ±0  (in 2 runs)
  warchest:0        :    0% ±0  (in 2 runs)
  reservecall:0     :    0% ±0  (in 1 runs)
═══════════════════════════════════════════════════════════════════════

batch wall-time: 8.8s  (20 matches across 10 campaigns × 2 policy, frame-cap hits: 0)
aggregate JSON -> /home/user/wt/heat-pin/docs/measurements/l5/L5fac-m3a0b1-h6-b80.json
INFO: TEXTURE: [ID 2] Unloaded texture data from VRAM (GPU)
INFO: SHADER: [ID 3] Default shader unloaded successfully
INFO: TEXTURE: [ID 1] Default texture unloaded successfully
INFO: Window closed successfully
