BALANCE: heat PINNED for this batch (field-event AddHeat is a no-op; SIGHTLINE_HEATPIN=0 restores the leak)
INFO: Initializing raylib 6.0
INFO: Platform backend: DESKTOP (GLFW)
INFO: Supported raylib modules:
INFO:     > rcore:..... loaded (mandatory)
INFO:     > rlgl:...... loaded (mandatory)
INFO:     > rshapes:... loaded (optional)
INFO:     > rtextures:. loaded (optional)
INFO:     > rtext:..... loaded (optional)
INFO:     > rmodels:... loaded (optional)
INFO:     > raudio:.... loaded (optional)
INFO: DISPLAY: Trying to enable MSAA x4
INFO: DISPLAY: Device initialized successfully 
INFO:     > Display size: 1280 x 800
INFO:     > Screen size:  1280 x 800
INFO:     > Render size:  1280 x 800
INFO:     > Viewport offsets: 0, 0
INFO: GLAD: OpenGL extensions loaded successfully
INFO: GL: Supported extensions count: 229
INFO: GL: OpenGL device information:
INFO:     > Vendor:   Mesa
INFO:     > Renderer: llvmpipe (LLVM 20.1.2, 256 bits)
INFO:     > Version:  4.5 (Core Profile) Mesa 25.2.8-0ubuntu0.24.04.2
INFO:     > GLSL:     4.50
INFO: GL: VAO extension detected, VAO functions loaded successfully
INFO: GL: NPOT textures extension detected, full NPOT textures supported
INFO: GL: DXT compressed textures supported
INFO: GL: ETC2/EAC compressed textures supported
INFO: PLATFORM: DESKTOP (GLFW - X11): Initialized successfully
INFO: TEXTURE: [ID 1] Texture loaded successfully (1x1 | R8G8B8A8 | 1 mipmaps)
INFO: TEXTURE: [ID 1] Default texture loaded successfully
INFO: SHADER: [ID 1] Vertex shader compiled successfully
INFO: SHADER: [ID 2] Fragment shader compiled successfully
INFO: SHADER: [ID 3] Program shader loaded successfully
INFO: SHADER: [ID 3] Default shader loaded successfully
INFO: RLGL: Render batch vertex buffers loaded successfully in RAM (CPU)
INFO: RLGL: Render batch vertex buffers loaded successfully in VRAM (GPU)
INFO: RLGL: Default OpenGL state initialized successfully
INFO: TEXTURE: [ID 2] Texture loaded successfully (128x128 | GRAY_ALPHA | 1 mipmaps)
INFO: FONT: Default font loaded successfully (224 glyphs)
INFO: SYSTEM: Working Directory: /home/user/wt/heat-pin
INFO: TIMER: Target time per frame: 0.000 milliseconds
FINALE-KIT: Wardens
FINALE-KIT: Wardens
FINALE-KIT: Wardens
FINALE-KIT: Wardens
FINALE-KIT: Syndicate
match 5/20  (W:0 L:5 cap:0)  2.4s
FINALE-KIT: Syndicate
FINALE-KIT: Syndicate
WAVE: +2 (DRONE,DRONE) [rich]
WAVE: +2 (GRUNT,SHIELD) [rich]
WAVE: +2 (SHIELD,SAPPER) [rich]
FINALE-KIT: Syndicate
WAVE: +2 (SHIELD,GRUNT) [rich]
WAVE: +2 (SAPPER,SAPPER) [rich]
WAVE: +2 (SAPPER,GRUNT) [rich]
FINALE-KIT: Syndicate
WAVE: +3 (GRUNT,LANCER,HUNTER) [rich]
WAVE: +3 (WARBRINGER,MEDIC,SHIELD) [rich]
WAVE: +3 (SAPPER,LANCER,SNIPER) [rich]
WAVE: +3 (LANCER,MEDIC,LANCER) [rich]
FINALE-KIT: Syndicate
WAVE: +3 (STRIKER,MORTAR,DRONE) [rich]
WAVE: +3 (HUNTER,MORTAR,SCREENER) [rich]
WAVE: +3 (SPOTTER,STRIKER,SNIPER) [rich]
WAVE: +3 (MEDIC,SAPPER,CUSTODIAN) [rich]
WAVE: +3 (GRUNT,HOUND,LANCER) [rich]
REINFORCEMENTS: +2 (SCOUT,GRUNT)
REINFORCEMENTS: +2 (SCOUT,SCOUT)
match 10/20  (W:1 L:9 cap:0)  5.9s
FINALE-KIT: Syndicate
FINALE-KIT: Syndicate
FINALE-KIT: Wardens
FINALE-KIT: Wardens
FINALE-KIT: Wardens
WAVE: +2 (SNIPER,SNIPER) [rich]
WAVE: +2 (MORTAR,MEDIC) [rich]
WAVE: +2 (GRUNT,SNIPER) [rich]
match 15/20  (W:1 L:14 cap:0)  7.0s
FINALE-KIT: Wardens
WAVE: +2 (SNIPER,SNIPER) [rich]
WAVE: +2 (MORTAR,MEDIC) [rich]
WAVE: +2 (GRUNT,SNIPER) [rich]
FINALE-KIT: Legion
WAVE: +2 (DRONE,DRONE) [rich]
WAVE: +2 (SAPPER,DRONE) [rich]
WAVE: +2 (DRONE,DRONE) [rich]
FINALE-KIT: Legion
WAVE: +2 (SAPPER,CUSTODIAN) [rich]
WAVE: +2 (SPOTTER,DRONE) [rich]
WAVE: +2 (SAPPER,GRUNT) [rich]
FINALE-KIT: Wardens
FINALE-KIT: Wardens
match 20/20  (W:3 L:17 cap:0)  7.8s

══════════════════════ SIGHTLINE BALANCE REPORT ══════════════════════
runs=20  missions=53

RUN OUTCOMES (campaign):  win-rate   15%   avg missions cleared 2.6

POLICY GAP (optimal vs human-error; campaign runs only):
  greedy win-rate   10%  (n=10)
  sloppy win-rate   20%  (n=10)
  GAP  -10 pts  (healthy slack)
  PAIRED (same-seed slots): pairs=10  concordant=9  discordant greedy-only-won=0 / sloppy-only-won=1  paired gap  -10 pts
  PER-SLOT RECORDS (greedy | sloppy: outcome + missions cleared; margin = g−s):
    slot 110 @h6: L 0 | L 2   margin -2
    slot 111 @h6: L 0 | L 0   margin +0
    slot 112 @h6: L 4 | W 6   margin -2
    slot 113 @h6: L 4 | L 5   margin -1
    slot 114 @h6: L 4 | L 5   margin -1
    slot 115 @h6: L 2 | L 2   margin +0
    slot 116 @h6: L 1 | L 1   margin +0
    slot 117 @h6: L 2 | L 2   margin +0
    slot 118 @h6: W 6 | W 6   margin +0
    slot 119 @h6: L 0 | L 0   margin +0
  PAIRED MARGIN (missions cleared, all pairs): -0.60 ±0.27 SE  (n=10 pairs)
  by objective (greedy / sloppy / gap):
    Decapitate :   33% /   50% / gap  -17
    Defend     :   75% /  100% / gap  -25
    Eliminate  :   58% /   69% / gap  -11
    Evac       :  100% /  100% / gap    0
    Rescue     :   75% /   80% / gap   -5

DECISION RICHNESS / SWING:
  meaningful-choices/turn 2.37   lead-swings/match 0.8   avg max-swing 51.1
  [shot-gate] acting-soldiers/turn 3.03   armed-soldiers/turn 1.10   armed-fraction 36%   turns-with-a-shot 48%   choices/ARMED-soldier-turn 2.16
  [choice-split] los-targets/ARMED 2.21   target-choices/ARMED 0.33   position-choices/ARMED 1.83

RUN COMPLETION BY HEAT (full-campaign clears):
  heat 6:   15% ±8  (n=20 runs, avg 2.6 missions)
  HEAT LEAK: pinned=yes  heat-raising picks=4  campaigns raised=0  missions off-rung=0/53

INTEL ECONOMY BY HEAT (campaign runs; heat-bonus = the Heat.IntelBonus share of income):
  heat 6: earned  134.0/run   heat-bonus  59.4 (  44% of income)   spent  117.9   unspent   16.1

MISSION WIN-RATE BY HEAT:
  heat 6:   68%  (n=53, avg 5.2 turns)

MISSION WIN-RATE BY OBJECTIVE:
  Eliminate  :   64% ±10  (n=25, avg 4.7 turns)
  Rescue     :   78% ±14  (n=9, avg 3.8 turns)
  Decapitate :   44% ±17  (n=9, avg 4.7 turns)
  Defend     :   88% ±12  (n=8, avg 9.0 turns)
  Evac       :  100% ±0  (n=2, avg 6.0 turns)

MISSION WIN-RATE BY OBJECTIVE x NODE KIND (a capstone must never pool with a mid-run node):
  Eliminate  : Start:  75%(n=20)  Combat:  33%(n=3)  Elite:   0%(n=2)
               depth: m1:75%(20) m2:33%(3) m3:0%(2)
  Rescue     : Combat: 100%(n=6)  Elite:  50%(n=2)  Supply:   0%(n=1)
               depth: m2:100%(2) m3:67%(3) m4:100%(2) m5:50%(2)
  Decapitate : Boss:  60%(n=5)  Supply:  50%(n=2)  Elite:   0%(n=2)
               depth: m3:0%(2) m5:50%(2) m6:60%(5)
  Defend     : Combat: 100%(n=4)  Elite: 100%(n=2)  Supply:  50%(n=2)
               depth: m2:100%(4) m3:100%(2) m5:50%(2)
  Evac       : Supply: 100%(n=2)
               depth: m4:100%(2)

ENCOUNTER COMPLETION on MID-RUN nodes (Combat+Elite) — clear% is the share of the fight actually fought:
  objective     n   win%   turns   force    +rf  killed  clear%   prs  WONclear%
  Rescue         8   88%     3.9    9.00   0.00    2.88    31.9  0.00     32.8 (n=7)
  Defend         6  100%     9.0    5.00   6.00    2.83    25.8  0.00     25.8 (n=6)
  Eliminate      5   20%     8.6    8.00   0.00    3.60    45.0  2.00    100.0 (n=1)
  Decapitate     2    0%     5.5   11.00   0.00    0.00     0.0  0.50      0.0 (n=0)
  ---- the two classes ----
  KILL           7   14%     7.7    8.86   0.00    2.57    29.0  1.57    100.0 (n=1)
  NON-KILL      14   93%     6.1    7.29   2.57    2.86    29.0  0.00     29.1 (n=13)

DECAPITATE HVT (buff = +6+1*mission HP, +6 aim; ELITE exempt):
  EXEMPT  :   44% ±17  (n=9, avg 4.7 turns, HVT 23.2 max HP)  [m3:0%(2) m5:50%(2) m6:60%(5)]

MISSION WIN-RATE BY MISSION #:
  m1:   75% ±10  (n=20)
  m2:   78% ±14  (n=9)
  m3:   44% ±17  (n=9)
  m4:  100% ±0  (n=4)
  m5:   50% ±20  (n=6)
  m6:   60% ±22  (n=5)

LOSS CAUSES (missions):
  RUN OVER              : 15
  CAPTIVE LOST          : 2

MISSION WIN-RATE BY ARENA (authored layouts, n>=3; procedural fallback   15% of 53 missions):
  arena  3:  100% ±0  (n=4, avg 5.8 turns)  [m1:100%(2) m2:100%(2)]
  arena  5:   50% ±25  (n=4, avg 6.8 turns)  [m1:100%(2) m2:0%(2)]
  arena 28:   75% ±22  (n=4, avg 4.3 turns)  [m1:75%(4)]
  arena 29:   25% ±22  (n=4, avg 7.3 turns)  [m3:0%(2) m5:50%(2)]
  arena 32:   40% ±22  (n=5, avg 4.0 turns)  [m1:0%(2) m3:0%(1) m4:100%(2)]
  procedural:   88% ±12  (n=8, avg 4.8 turns)  [m1:100%(4) m2:100%(2) m5:50%(2)]

DEPLOYMENT GEOMETRY (opening shape; choices/ARMED is the wave's real gate):
  FRONTAL   :   69% ±9  (n=26, avg 4.9 turns)  choices/turn 2.25  choices/ARMED 2.56  los-targets/ARMED 2.46
  PINCER    :   30% ±14  (n=10, avg 6.0 turns)  choices/turn 1.62  choices/ARMED 1.72  los-targets/ARMED 2.16
  CROSSFIRE :  100% ±0  (n=5, avg 7.8 turns)  choices/turn 1.26  choices/ARMED 1.48  los-targets/ARMED 2.17
  ENVELOP   :   83% ±11  (n=12, avg 4.3 turns)  choices/turn 4.24  choices/ARMED 2.17  los-targets/ARMED 1.97

ARENA FUNNEL (Mission.Build exits, n=63 builds, all modes):
  authored-applied    :  79.4%  (n=50)
  connectivity-reject :   0.0%  (n=0)
  procedural-roll     :  20.6%  (n=13)

DECK EXPOSURE (campaign runs n=20):
  distinct authored arenas/run : 2.25 mean (all runs)
  ... full-depth runs only     : 4.00 mean over 4.3 fights/run (n=3)
  Defend dealt on the route    :   40% of runs (n=8)

ENEMY DECISION MIX (contested acts=731; all-downed acts not counted=360):
  shoot           473    65%
  hunker          135    18%
  move             62     8%
  grenade          19     3%
  siege            12     2%
  heal             10     1%
  brace             7     1%
  reload            6     1%
  item              5     1%
  overwatch         1     0%
  sap               1     0%

  the shot on the table (acts where the chosen tile HAD a shot = 504):
    hit% band     taken   share   E[dmg]/shot   declined   share   E[dmg]/shot
      0-19           1      0%          0.84          0      0%          0.00
     20-39          20      4%          1.41          0      0%          0.00
     40-59          81     17%          2.17          0      0%          0.00
     60-79         170     36%          3.05          0      0%          0.00
      80+          201     42%          4.37          0      0%          0.00
    TOTAL           473                              0
  taken   94% / DECLINED    0% / preempted by another verb    6%
  enemy lanes held (overwatch+brace) 8; reaction shots fired 6  ->   75% of lanes paid off   [C2: DeclineWatchRatio is a bet on this number]

ACTION MIX (verbs issued, by policy):
  verb                  greedy        sloppy
  MOVE               273   39%     338   38%
  SHOOT              196   28%     247   27%
  OVERWATCH           28    4%      55    6%
  BRACE               27    4%      32    4%
  FOCUS               34    5%      24    3%
  INTEL               27    4%      27    3%
  SLIPSTREAM          21    3%      27    3%
  STABILIZE           23    3%      23    3%
  RELOAD              14    2%      27    3%
  HUNKER              17    2%      24    3%
  MARK                15    2%      13    1%
  ITEM:SMOKE           8    1%      14    2%
  PIN                 10    1%       9    1%
  DRAG                 2    0%       9    1%
  GRENADE              1    0%       9    1%
  BEACON               3    0%       5    1%
  PATCH                2    0%       5    1%
  REARM                2    0%       4    0%
  GRAPPLE              2    0%       3    0%
  BARREL               0    0%       3    0%
  EXTRACT              0    0%       2    0%
  ITEM:BARRICADE       1    0%       0    0%
  ITEM:INCENDIARY       0    0%       1    0%

PLAYER CLASS PERFORMANCE:
  class        shots   hit%   dmg   kills
  SHARPSHOOTER    116    91%    743     48
  RANGER          90    83%    477     30
  GUNNER         107    84%    449     30
  ASSAULT         91    74%    319     18
  CORPSMAN        38    87%    113      7

SOLDIER DEATHS BY ENEMY CLASS (threat ranking):
  BURN       : 19
  GRUNT      : 11
  BERSERKER  : 11
  ELITE      : 10
  SCREENER   : 8
  SNIPER     : 4
  SAPPER     : 4
  LANCER     : 4
  HUNTER     : 4
  SCOUT      : 3
  STRIKER    : 3
  STRIKE     : 2
  SHIELD     : 2
  HOUND      : 1
  DRONE      : 1
  CUSTODIAN  : 1
  BARREL     : 1
  MEDIC      : 1
  BRUISER    : 1

SOLDIER DOWNS (FUL-7 bleed-out): 164 downs -> revived 3 / recovered 24 / bled out 116 / finished 18  (save-rate   18%)
  corpsman fielded in 19 missions

ENEMY COMPOSITION (spawns; faction-stamped fights n=307 / default-cascade fights n=205):
  class        faction         default
  GRUNT           32   10%       35   17%
  SCOUT           12    4%       52   25%
  BERSERKER       28    9%       12    6%
  SAPPER          28    9%       10    5%
  DRONE           30   10%        7    3%
  ELITE           21    7%        9    4%
  LANCER          19    6%        7    3%
  SNIPER          13    4%       11    5%
  MEDIC           11    4%       12    6%
  SCREENER        17    6%        5    2%
  HUNTER          14    5%        8    4%
  BRUISER         19    6%        0    0%
  STRIKER         10    3%        8    4%
  HOUND            8    3%        5    2%
  PIKEMAN          7    2%        5    2%
  SPOTTER         11    4%        1    0%
  TURRET           7    2%        5    2%
  SHIELD          10    3%        1    0%
  CUSTODIAN        3    1%        4    2%
  WARBRINGER       4    1%        3    1%
  MORTAR           2    1%        4    2%
  BOMBARD          1    0%        1    0%

PERK PICK FREQUENCY:
  MOM           : 13
  LCK           : 10
  BND           : 9
  GUN           : 7
  PLT           : 7
  BRK           : 6
  CLH           : 6
  HRD           : 5
  GRD           : 5
  SKR           : 5
  VNT           : 4
  TNK           : 4
  CQB           : 4
  RFX           : 4
  OUT           : 3
  FST           : 2
  SGE           : 2
  MRK           : 2
  EXC           : 1

SHOP PURCHASE FREQUENCY:
  WPN: SCOPE        : 44
  FIELD MEDKIT      : 41
  WPN: STABILIZER   : 20
  WPN: HOLLOW POINT : 18
  ADV. TRAINING     : 17
  COMBAT STIMS      : 17
  COUNTER-PREP      : 13
  WPN: BIPOD        : 11
  FRAG CACHE        : 10
  BALLISTIC PLATING : 10
  WPN: SUPPRESSOR   : 7
  ARMORY            : 6
  WPN: EXTENDED MAG : 4

BOON PICK FREQUENCY (PROCS = effect fires at instrumented sites; '-' = not instrumented;
                      PYR counts the +2-turn-burn half only — the Burning-immunity half is uninstrumented):
  code                 picks   PROCS
  GRN               :     6       -
  FST               :     4      48
  TRR               :     4       9
  GHO               :     3       -
  VNM               :     3       -
  FDR               :     2       1
  FRT               :     2       -
  MRK               :     2       -
  RCL               :     2       3
  ADR               :     1       -
  EXE               :     1       -
  FVR               :     1       -
  PYR               :     1       0
  SCV               :     1       -

RUN WIN-RATE BY BOON (campaign runs holding it):
  GRN               :   17% ±15  (in 6 runs)
  FST               :   25% ±22  (in 4 runs)
  TRR               :   75% ±22  (in 4 runs)
  GHO               :    0% ±0  (in 3 runs)
  VNM               :    0% ±0  (in 3 runs)
  FDR               :   50% ±35  (in 2 runs)
  FRT               :    0% ±0  (in 2 runs)
  MRK               :   50% ±35  (in 2 runs)
  RCL               :  100% ±0  (in 2 runs)
  ADR               :  100% ±0  (in 1 runs)
  EXE               :    0% ±0  (in 1 runs)
  FVR               :    0% ±0  (in 1 runs)
  PYR               :    0% ±0  (in 1 runs)
  SCV               :    0% ±0  (in 1 runs)

RUN WIN-RATE BY SPEC (campaign runs fielding it):
  SNT               :   33% ±27  (in 3 runs)
  ANC               :   50% ±35  (in 2 runs)
  HHT               :   50% ±35  (in 2 runs)
  PTH               :    0% ±0  (in 2 runs)
  ADN               :  100% ±0  (in 1 runs)
  MED               :    0% ±0  (in 1 runs)
  PHN               :    0% ±0  (in 1 runs)

RUN WIN-RATE BY PERK (campaign runs holding it):
  MOM               :   22% ±14  (in 9 runs)
  LCK               :   25% ±15  (in 8 runs)
  BND               :   17% ±15  (in 6 runs)
  PLT               :   17% ±15  (in 6 runs)
  CLH               :   20% ±18  (in 5 runs)
  GUN               :   40% ±22  (in 5 runs)
  BRK               :   25% ±22  (in 4 runs)
  CQB               :   25% ±22  (in 4 runs)
  GRD               :   75% ±22  (in 4 runs)
  HRD               :    0% ±0  (in 4 runs)
  SKR               :   25% ±22  (in 4 runs)
  VNT               :   50% ±25  (in 4 runs)
  RFX               :   33% ±27  (in 3 runs)
  TNK               :   67% ±27  (in 3 runs)
  FST               :    0% ±0  (in 2 runs)
  MRK               :  100% ±0  (in 2 runs)
  OUT               :    0% ±0  (in 2 runs)
  SGE               :    0% ±0  (in 2 runs)
  EXC               :    0% ±0  (in 1 runs)

RUN WIN-RATE BY PURCHASE (campaign runs buying it):
  FIELD MEDKIT      :   21% ±11  (in 14 runs)
  COUNTER-PREP      :   18% ±12  (in 11 runs)
  WPN: SCOPE        :   30% ±14  (in 10 runs)
  COMBAT STIMS      :   38% ±17  (in 8 runs)
  WPN: HOLLOW POINT :   25% ±15  (in 8 runs)
  ADV. TRAINING     :   29% ±17  (in 7 runs)
  BALLISTIC PLATING :    0% ±0  (in 7 runs)
  FRAG CACHE        :   43% ±19  (in 7 runs)
  ARMORY            :   17% ±15  (in 6 runs)
  WPN: STABILIZER   :   33% ±19  (in 6 runs)
  WPN: BIPOD        :   20% ±18  (in 5 runs)
  WPN: EXTENDED MAG :   75% ±22  (in 4 runs)
  WPN: SUPPRESSOR   :    0% ±0  (in 3 runs)

RUN WIN-RATE BY EVENT-CHOICE (campaign runs taking id:arm):
  blackmarket:2     :  100% ±0  (in 2 runs)
  bloodfeud:2       :  100% ±0  (in 2 runs)
  cache:1           :    0% ±0  (in 2 runs)
  distress:1        :    0% ±0  (in 2 runs)
  drill:1           :    0% ±0  (in 2 runs)
  informant:1       :   50% ±35  (in 2 runs)
  profiteer:0       :    0% ±0  (in 2 runs)
  relic:0           :    0% ±0  (in 2 runs)
═══════════════════════════════════════════════════════════════════════

batch wall-time: 7.8s  (20 matches across 10 campaigns × 2 policy, frame-cap hits: 0)
aggregate JSON -> /home/user/wt/heat-pin/docs/measurements/l5/L5fac-m3a0b1-h6-b110.json
INFO: TEXTURE: [ID 2] Unloaded texture data from VRAM (GPU)
INFO: SHADER: [ID 3] Default shader unloaded successfully
INFO: TEXTURE: [ID 1] Default texture unloaded successfully
INFO: Window closed successfully
