BALANCE: heat PINNED for this batch (field-event AddHeat is a no-op; SIGHTLINE_HEATPIN=0 restores the leak)
INFO: Initializing raylib 6.0
INFO: Platform backend: DESKTOP (GLFW)
INFO: Supported raylib modules:
INFO:     > rcore:..... loaded (mandatory)
INFO:     > rlgl:...... loaded (mandatory)
INFO:     > rshapes:... loaded (optional)
INFO:     > rtextures:. loaded (optional)
INFO:     > rtext:..... loaded (optional)
INFO:     > rmodels:... loaded (optional)
INFO:     > raudio:.... loaded (optional)
INFO: DISPLAY: Trying to enable MSAA x4
INFO: DISPLAY: Device initialized successfully 
INFO:     > Display size: 1280 x 800
INFO:     > Screen size:  1280 x 800
INFO:     > Render size:  1280 x 800
INFO:     > Viewport offsets: 0, 0
INFO: GLAD: OpenGL extensions loaded successfully
INFO: GL: Supported extensions count: 229
INFO: GL: OpenGL device information:
INFO:     > Vendor:   Mesa
INFO:     > Renderer: llvmpipe (LLVM 20.1.2, 256 bits)
INFO:     > Version:  4.5 (Core Profile) Mesa 25.2.8-0ubuntu0.24.04.2
INFO:     > GLSL:     4.50
INFO: GL: VAO extension detected, VAO functions loaded successfully
INFO: GL: NPOT textures extension detected, full NPOT textures supported
INFO: GL: DXT compressed textures supported
INFO: GL: ETC2/EAC compressed textures supported
INFO: PLATFORM: DESKTOP (GLFW - X11): Initialized successfully
INFO: TEXTURE: [ID 1] Texture loaded successfully (1x1 | R8G8B8A8 | 1 mipmaps)
INFO: TEXTURE: [ID 1] Default texture loaded successfully
INFO: SHADER: [ID 1] Vertex shader compiled successfully
INFO: SHADER: [ID 2] Fragment shader compiled successfully
INFO: SHADER: [ID 3] Program shader loaded successfully
INFO: SHADER: [ID 3] Default shader loaded successfully
INFO: RLGL: Render batch vertex buffers loaded successfully in RAM (CPU)
INFO: RLGL: Render batch vertex buffers loaded successfully in VRAM (GPU)
INFO: RLGL: Default OpenGL state initialized successfully
INFO: TEXTURE: [ID 2] Texture loaded successfully (128x128 | GRAY_ALPHA | 1 mipmaps)
INFO: FONT: Default font loaded successfully (224 glyphs)
INFO: SYSTEM: Working Directory: /home/user/wt/heat-pin
INFO: TIMER: Target time per frame: 0.000 milliseconds
FINALE-KIT: Syndicate
WAVE: +2 (SHIELD,SHIELD) [rich]
WAVE: +2 (SHIELD,GRUNT) [rich]
WAVE: +2 (SAPPER,DRONE) [rich]
FINALE-KIT: Syndicate
WAVE: +2 (SHIELD,SHIELD) [rich]
WAVE: +2 (SHIELD,GRUNT) [rich]
WAVE: +2 (SAPPER,DRONE) [rich]
FINALE-KIT: Wardens
FINALE-KIT: Wardens
FINALE-KIT: Wardens
WAVE: +2 (LANCER,SHIELD) [rich]
WAVE: +2 (CUSTODIAN,BERSERKER) [rich]
WAVE: +2 (GRUNT,SNIPER) [rich]
match 5/20  (W:1 L:4 cap:0)  4.5s
FINALE-KIT: Wardens
WAVE: +2 (MORTAR,SNIPER) [rich]
WAVE: +2 (STRIKER,HOUND) [rich]
WAVE: +2 (SCOUT,SAPPER) [rich]
FINALE-KIT: Legion
WAVE: +2 (SPOTTER,SAPPER) [rich]
WAVE: +2 (DRONE,SHIELD) [rich]
WAVE: +2 (SHIELD,SAPPER) [rich]
WAVE: +3 (HUNTER,HUNTER,BRUISER) [rich]
WAVE: +3 (HOUND,BRUISER,BERSERKER) [rich]
WAVE: +2 (BERSERKER,LANCER) [rich]
FINALE-KIT: Legion
WAVE: +2 (SHIELD,SHIELD) [rich]
WAVE: +2 (DRONE,SHIELD) [rich]
WAVE: +1 (DRONE) [rich]
WAVE: +3 (HOUND,STRIKER,STRIKER) [rich]
WAVE: +3 (BRUISER,LANCER,GRUNT) [rich]
WAVE: +1 (BRUISER) [rich]
FINALE-KIT: Syndicate
FINALE-KIT: Syndicate
match 10/20  (W:2 L:8 cap:0)  6.2s
FINALE-KIT: Wardens
WAVE: +2 (BERSERKER,BRUISER) [rich]
WAVE: +2 (HUNTER,BRUISER) [rich]
WAVE: +2 (BERSERKER,HOUND) [rich]
FINALE-KIT: Wardens
WAVE: +2 (BRUISER,HOUND) [rich]
WAVE: +2 (BRUISER,SCOUT) [rich]
WAVE: +2 (BERSERKER,BERSERKER) [rich]
REINFORCEMENTS: +2 (GRUNT,GRUNT)
FINALE-KIT: Wardens
FINALE-KIT: Wardens
FINALE-KIT: Wardens
WAVE: +2 (SCOUT,SNIPER) [rich]
WAVE: +2 (SCOUT,LANCER) [rich]
WAVE: +2 (BRUISER,SNIPER) [rich]
WAVE: +3 (BRUISER,HOUND,GRUNT) [rich]
WAVE: +1 (STRIKER) [rich]
WAVE: +2 (BRUISER,HOUND) [rich]
match 15/20  (W:3 L:12 cap:0)  7.3s
FINALE-KIT: Wardens
WAVE: +2 (BRUISER,SNIPER) [rich]
WAVE: +2 (BRUISER,STRIKER) [rich]
WAVE: +2 (DRONE,SNIPER) [rich]
FINALE-KIT: Legion
WAVE: +3 (LANCER,SHIELD,GRUNT) [rich]
WAVE: +1 (HOUND) [rich]
WAVE: +1 (SHIELD) [rich]
REINFORCEMENTS: +2 (GRUNT,GRUNT)
REINFORCEMENTS: +2 (GRUNT,SCOUT)
REINFORCEMENTS: +3 (GRUNT,GRUNT,SCOUT)
FINALE-KIT: Legion
FINALE-KIT: Legion
FINALE-KIT: Legion
match 20/20  (W:4 L:16 cap:0)  8.5s

══════════════════════ SIGHTLINE BALANCE REPORT ══════════════════════
runs=20  missions=61

RUN OUTCOMES (campaign):  win-rate   20%   avg missions cleared 3.4

POLICY GAP (optimal vs human-error; campaign runs only):
  greedy win-rate   10%  (n=10)
  sloppy win-rate   30%  (n=10)
  GAP  -20 pts  (noisy (need more runs))
  PAIRED (same-seed slots): pairs=10  concordant=6  discordant greedy-only-won=1 / sloppy-only-won=3  paired gap  -20 pts
  PER-SLOT RECORDS (greedy | sloppy: outcome + missions cleared; margin = g−s):
    slot  70 @h6: L 4 | W 6   margin -2
    slot  71 @h6: L 2 | L 2   margin +0
    slot  72 @h6: L 4 | L 4   margin +0
    slot  73 @h6: L 5 | W 6   margin -1
    slot  74 @h6: L 2 | L 2   margin +0
    slot  75 @h6: L 2 | L 5   margin -3
    slot  76 @h6: L 0 | L 0   margin +0
    slot  77 @h6: W 6 | L 3   margin +3
    slot  78 @h6: L 5 | L 2   margin +3
    slot  79 @h6: L 2 | W 6   margin -4
  PAIRED MARGIN (missions cleared, all pairs): -0.40 ±0.72 SE  (n=10 pairs)
  by objective (greedy / sloppy / gap):
    Decapitate :   20% /   67% / gap  -47
    Defend     :  100% /  100% / gap    0
    Eliminate  :   82% /   82% / gap    0
    Escort     :   67% /   25% / gap   42
    Hack       :  100% /  100% / gap    0
    Rescue     :    0% /  100% / gap -100
    Sabotage   :    0% /  100% / gap -100

DECISION RICHNESS / SWING:
  meaningful-choices/turn 1.97   lead-swings/match 1.0   avg max-swing 55.5
  [shot-gate] acting-soldiers/turn 3.08   armed-soldiers/turn 0.95   armed-fraction 31%   turns-with-a-shot 44%   choices/ARMED-soldier-turn 2.08
  [choice-split] los-targets/ARMED 2.31   target-choices/ARMED 0.32   position-choices/ARMED 1.76

RUN COMPLETION BY HEAT (full-campaign clears):
  heat 6:   20% ±9  (n=20 runs, avg 3.4 missions)
  HEAT LEAK: pinned=yes  heat-raising picks=3  campaigns raised=0  missions off-rung=0/61

INTEL ECONOMY BY HEAT (campaign runs; heat-bonus = the Heat.IntelBonus share of income):
  heat 6: earned  164.4/run   heat-bonus  73.8 (  45% of income)   spent  146.4   unspent   18.0

MISSION WIN-RATE BY HEAT:
  heat 6:   74%  (n=61, avg 5.6 turns)

MISSION WIN-RATE BY OBJECTIVE:
  Eliminate  :   82% ±8  (n=22, avg 3.7 turns)
  Defend     :  100% ±0  (n=14, avg 9.0 turns)
  Decapitate :   45% ±15  (n=11, avg 5.3 turns)
  Escort     :   43% ±19  (n=7, avg 6.4 turns)
  Sabotage   :   50% ±35  (n=2, avg 6.0 turns)
  Hack       :  100% ±0  (n=2, avg 4.5 turns)
  Rescue     :   50% ±35  (n=2, avg 4.0 turns)
  Evac       :  100% ±0  (n=1, avg 4.0 turns)

MISSION WIN-RATE BY OBJECTIVE x NODE KIND (a capstone must never pool with a mid-run node):
  Eliminate  : Start:  90%(n=20)  Elite:   0%(n=2)
               depth: m1:90%(20) m3:0%(2)
  Defend     : Combat: 100%(n=9)  Supply: 100%(n=5)
               depth: m2:100%(6) m3:100%(4) m4:100%(2) m5:100%(2)
  Decapitate : Boss:  57%(n=7)  Elite:  25%(n=4)
               depth: m5:25%(4) m6:57%(7)
  Escort     : Combat:  25%(n=4)  Elite:  50%(n=2)  Supply: 100%(n=1)
               depth: m3:25%(4) m4:67%(3)
  Sabotage   : Combat:  50%(n=2)
               depth: m3:50%(2)
  Hack       : Combat: 100%(n=2)
               depth: m3:100%(2)
  Rescue     : Elite:  50%(n=2)
               depth: m3:50%(2)
  Evac       : Combat: 100%(n=1)
               depth: m4:100%(1)

ENCOUNTER COMPLETION on MID-RUN nodes (Combat+Elite) — clear% is the share of the fight actually fought:
  objective     n   win%   turns   force    +rf  killed  clear%   prs  WONclear%
  Defend         9  100%     9.0    5.67   6.22    3.22    27.1  0.00     27.1 (n=9)
  Escort         6   33%     6.2    9.67   0.00    2.17    22.4  0.00     30.0 (n=2)
  Decapitate     4   25%     5.8   11.00   0.00    1.00     9.1  0.75     27.3 (n=1)
  Eliminate      2    0%     8.0   11.00   0.00    1.00     9.1  1.50      0.0 (n=0)
  Sabotage       2   50%     6.0    7.00   0.00    3.50    50.0  0.00     71.4 (n=1)
  Hack           2  100%     4.5    9.00   0.00    0.50     5.6  0.50      5.6 (n=2)
  Rescue         2   50%     4.0   11.00   0.00    1.50    13.6  0.00      9.1 (n=1)
  Evac           1  100%     4.0   10.00   0.00    0.00     0.0  0.00      0.0 (n=1)
  ---- the two classes ----
  KILL           6   17%     6.5   11.00   0.00    1.00     9.1  1.00     27.3 (n=1)
  NON-KILL      22   73%     6.9    7.86   2.55    2.41    23.1  0.05     24.3 (n=16)

DECAPITATE HVT (buff = +6+1*mission HP, +6 aim; ELITE exempt):
  EXEMPT  :   45% ±15  (n=11, avg 5.3 turns, HVT 24.3 max HP)  [m5:25%(4) m6:57%(7)]

MISSION WIN-RATE BY MISSION #:
  m1:   90% ±7  (n=20)
  m2:  100% ±0  (n=6)
  m3:   56% ±12  (n=16)
  m4:   83% ±15  (n=6)
  m5:   50% ±20  (n=6)
  m6:   57% ±19  (n=7)

LOSS CAUSES (missions):
  RUN OVER              : 11
  VIP LOST              : 4
  CAPTIVE LOST          : 1

MISSION WIN-RATE BY ARENA (authored layouts, n>=3; procedural fallback   21% of 61 missions):
  arena 10:  100% ±0  (n=5, avg 8.0 turns)  [m2:100%(2) m3:100%(2) m6:100%(1)]
  arena 13:   50% ±25  (n=4, avg 4.3 turns)  [m1:100%(2) m3:0%(2)]
  arena 19:   75% ±22  (n=4, avg 7.0 turns)  [m2:100%(2) m5:50%(2)]
  arena 28:  100% ±0  (n=6, avg 7.0 turns)  [m1:100%(2) m3:100%(2) m5:100%(2)]
  arena 33:   75% ±22  (n=4, avg 4.0 turns)  [m1:100%(2) m3:50%(2)]
  arena 34:   67% ±27  (n=3, avg 3.7 turns)  [m3:0%(1) m6:100%(2)]
  procedural:   54% ±14  (n=13, avg 7.2 turns)  [m1:50%(4) m2:100%(2) m3:50%(2) m4:67%(3) m6:0%(2)]

DEPLOYMENT GEOMETRY (opening shape; choices/ARMED is the wave's real gate):
  FRONTAL   :   63% ±11  (n=19, avg 4.9 turns)  choices/turn 2.53  choices/ARMED 2.65  los-targets/ARMED 2.43
  PINCER    :   81% ±9  (n=21, avg 6.6 turns)  choices/turn 1.25  choices/ARMED 1.70  los-targets/ARMED 2.17
  CROSSFIRE :   60% ±22  (n=5, avg 6.6 turns)  choices/turn 2.74  choices/ARMED 2.83  los-targets/ARMED 3.10
  ENVELOP   :   81% ±10  (n=16, avg 4.9 turns)  choices/turn 2.18  choices/ARMED 1.69  los-targets/ARMED 2.08

ARENA FUNNEL (Mission.Build exits, n=73 builds, all modes):
  authored-applied    :  76.7%  (n=56)
  connectivity-reject :   0.0%  (n=0)
  procedural-roll     :  23.3%  (n=17)

DECK EXPOSURE (campaign runs n=20):
  distinct authored arenas/run : 2.40 mean (all runs)
  ... full-depth runs only     : 4.00 mean over 4.5 fights/run (n=4)
  Defend dealt on the route    :   55% of runs (n=11)

ENEMY DECISION MIX (contested acts=1246; all-downed acts not counted=383):
  shoot           700    56%
  hunker          321    26%
  move            102     8%
  grenade          37     3%
  reload           36     3%
  heal             13     1%
  brace            11     1%
  siege             9     1%
  item              8     1%
  shove             5     0%
  sap               3     0%
  staleplan         1     0%

  the shot on the table (acts where the chosen tile HAD a shot = 773):
    hit% band     taken   share   E[dmg]/shot   declined   share   E[dmg]/shot
      0-19           6      1%          0.44          0      0%          0.00
     20-39          41      6%          0.74          0      0%          0.00
     40-59         140     20%          1.42          0      0%          0.00
     60-79         272     39%          2.45          0      0%          0.00
      80+          241     34%          3.80          0      0%          0.00
    TOTAL           700                              0
  taken   91% / DECLINED    0% / preempted by another verb    9%
  enemy lanes held (overwatch+brace) 11; reaction shots fired 8  ->   73% of lanes paid off   [C2: DeclineWatchRatio is a bet on this number]

ACTION MIX (verbs issued, by policy):
  verb                  greedy        sloppy
  MOVE               372   36%     384   38%
  SHOOT              248   24%     252   25%
  OVERWATCH           91    9%      78    8%
  BRACE               68    7%      58    6%
  FOCUS               56    5%      30    3%
  HUNKER              27    3%      46    5%
  SLIPSTREAM          33    3%      31    3%
  INTEL               32    3%      28    3%
  STABILIZE           32    3%      20    2%
  RELOAD              25    2%      25    2%
  ITEM:SMOKE          11    1%      15    1%
  MARK                 9    1%       8    1%
  PIN                  9    1%       7    1%
  DRAG                 5    0%      11    1%
  PATCH                8    1%       7    1%
  GRENADE              5    0%       5    0%
  REARM                4    0%       3    0%
  PLANT                3    0%       3    0%
  BEACON               2    0%       3    0%
  GRAPPLE              3    0%       1    0%
  HACK                 2    0%       2    0%
  BARREL               1    0%       1    0%

PLAYER CLASS PERFORMANCE:
  class        shots   hit%   dmg   kills
  SHARPSHOOTER    119    92%    782     48
  GUNNER         165    84%    717     44
  ASSAULT        140    84%    615     35
  RANGER          74    78%    360     21
  CORPSMAN        32    88%    109      6

SOLDIER DEATHS BY ENEMY CLASS (threat ranking):
  HUNTER     : 13
  BURN       : 11
  STRIKE     : 10
  DRONE      : 8
  ELITE      : 6
  MORTAR     : 6
  SAPPER     : 5
  SPOTTER    : 4
  SNIPER     : 3
  LANCER     : 3
  BERSERKER  : 3
  BRUISER    : 3
  SHIELD     : 3
  CUSTODIAN  : 3
  HOUND      : 3
  WARBRINGER : 2
  SCOUT      : 2
  GRUNT      : 2
  BARREL     : 1
  STRIKER    : 1
  SCREENER   : 1
  TURRET     : 1
  SLAM       : 1

SOLDIER DOWNS (FUL-7 bleed-out): 185 downs -> revived 7 / recovered 32 / bled out 119 / finished 23  (save-rate   23%)
  corpsman fielded in 21 missions

ENEMY COMPOSITION (spawns; faction-stamped fights n=488 / default-cascade fights n=144):
  class        faction         default
  GRUNT           40    8%       40   28%
  SCOUT            5    1%       47   33%
  SHIELD          45    9%        3    2%
  BRUISER         44    9%        4    3%
  HUNTER          45    9%        3    2%
  ELITE           36    7%        3    2%
  SAPPER          31    6%        6    4%
  BERSERKER       36    7%        1    1%
  DRONE           31    6%        3    2%
  SCREENER        28    6%        0    0%
  LANCER          23    5%        3    2%
  SNIPER          17    3%        7    5%
  MORTAR          17    3%        6    4%
  HOUND           14    3%        8    6%
  SPOTTER         21    4%        0    0%
  TURRET          20    4%        0    0%
  STRIKER          7    1%        6    4%
  MEDIC            8    2%        0    0%
  CUSTODIAN        5    1%        3    2%
  PIKEMAN          7    1%        0    0%
  WARBRINGER       6    1%        1    1%
  BOMBARD          2    0%        0    0%

PERK PICK FREQUENCY:
  GUN           : 13
  SKR           : 10
  LCK           : 9
  RFX           : 7
  FST           : 7
  EXC           : 7
  PLT           : 6
  OUT           : 6
  CQB           : 5
  SGE           : 5
  BRK           : 5
  TNK           : 5
  HRD           : 4
  VNT           : 4
  MOM           : 4
  BND           : 4
  GRD           : 3
  CLH           : 3
  MRK           : 2

SHOP PURCHASE FREQUENCY:
  WPN: HOLLOW POINT : 46
  WPN: SCOPE        : 42
  FIELD MEDKIT      : 39
  WPN: BIPOD        : 25
  WPN: STABILIZER   : 24
  BALLISTIC PLATING : 24
  WPN: EXTENDED MAG : 19
  WPN: SUPPRESSOR   : 13
  COUNTER-PREP      : 10
  COMBAT STIMS      : 10
  FRAG CACHE        : 7
  ARMORY            : 7
  ADV. TRAINING     : 5

BOON PICK FREQUENCY (PROCS = effect fires at instrumented sites; '-' = not instrumented;
                      PYR counts the +2-turn-burn half only — the Burning-immunity half is uninstrumented):
  code                 picks   PROCS
  ADR               :     4       -
  EXE               :     4       -
  SCV               :     4       -
  SHK               :     4       3
  VNM               :     4       -
  FVR               :     3       -
  GHO               :     3       -
  MRK               :     3       -
  PYR               :     3       1
  TRR               :     3       7
  FST               :     2      10
  RCL               :     2       0
  FDR               :     1       1
  GRN               :     1       -

RUN WIN-RATE BY BOON (campaign runs holding it):
  ADR               :   25% ±22  (in 4 runs)
  EXE               :   25% ±22  (in 4 runs)
  SCV               :   25% ±22  (in 4 runs)
  SHK               :   25% ±22  (in 4 runs)
  VNM               :   75% ±22  (in 4 runs)
  FVR               :    0% ±0  (in 3 runs)
  GHO               :    0% ±0  (in 3 runs)
  MRK               :   33% ±27  (in 3 runs)
  PYR               :   33% ±27  (in 3 runs)
  TRR               :   33% ±27  (in 3 runs)
  FST               :  100% ±0  (in 2 runs)
  RCL               :   50% ±35  (in 2 runs)
  FDR               :    0% ±0  (in 1 runs)
  GRN               :  100% ±0  (in 1 runs)

RUN WIN-RATE BY SPEC (campaign runs fielding it):
  SNT               :   60% ±22  (in 5 runs)
  ANC               :    0% ±0  (in 4 runs)
  JUG               :   67% ±27  (in 3 runs)
  HHT               :    0% ±0  (in 2 runs)
  PHN               :   50% ±35  (in 2 runs)
  ADN               :  100% ±0  (in 1 runs)
  BRC               :    0% ±0  (in 1 runs)

RUN WIN-RATE BY PERK (campaign runs holding it):
  GUN               :   33% ±16  (in 9 runs)
  SKR               :   50% ±18  (in 8 runs)
  FST               :   29% ±17  (in 7 runs)
  LCK               :   29% ±17  (in 7 runs)
  BRK               :   60% ±22  (in 5 runs)
  EXC               :    0% ±0  (in 5 runs)
  RFX               :   40% ±22  (in 5 runs)
  SGE               :   20% ±18  (in 5 runs)
  TNK               :   60% ±22  (in 5 runs)
  BND               :    0% ±0  (in 4 runs)
  CQB               :   75% ±22  (in 4 runs)
  HRD               :   25% ±22  (in 4 runs)
  MOM               :   50% ±25  (in 4 runs)
  OUT               :   25% ±22  (in 4 runs)
  PLT               :   25% ±22  (in 4 runs)
  VNT               :   50% ±25  (in 4 runs)
  CLH               :   33% ±27  (in 3 runs)
  GRD               :    0% ±0  (in 3 runs)
  MRK               :    0% ±0  (in 2 runs)

RUN WIN-RATE BY PURCHASE (campaign runs buying it):
  FIELD MEDKIT      :   27% ±11  (in 15 runs)
  WPN: SCOPE        :   15% ±10  (in 13 runs)
  WPN: BIPOD        :   36% ±15  (in 11 runs)
  WPN: HOLLOW POINT :   33% ±16  (in 9 runs)
  COUNTER-PREP      :   29% ±17  (in 7 runs)
  WPN: STABILIZER   :   43% ±19  (in 7 runs)
  BALLISTIC PLATING :   33% ±19  (in 6 runs)
  COMBAT STIMS      :   17% ±15  (in 6 runs)
  WPN: SUPPRESSOR   :   17% ±15  (in 6 runs)
  ADV. TRAINING     :   40% ±22  (in 5 runs)
  ARMORY            :   20% ±18  (in 5 runs)
  WPN: EXTENDED MAG :   50% ±25  (in 4 runs)
  FRAG CACHE        :   67% ±27  (in 3 runs)

RUN WIN-RATE BY EVENT-CHOICE (campaign runs taking id:arm):
  informant:2       :   25% ±22  (in 4 runs)
  quartermaster:1   :   25% ±22  (in 4 runs)
  bloodfeud:2       :    0% ±0  (in 2 runs)
  depot:0           :    0% ±0  (in 2 runs)
  informant:1       :   50% ±35  (in 2 runs)
  profiteer:1       :   50% ±35  (in 2 runs)
  warchest:0        :   50% ±35  (in 2 runs)
  warpension:1      :    0% ±0  (in 2 runs)
  drill:1           :    0% ±0  (in 1 runs)
  reservecall:1     :    0% ±0  (in 1 runs)
  warpension:2      :  100% ±0  (in 1 runs)
═══════════════════════════════════════════════════════════════════════

batch wall-time: 8.5s  (20 matches across 10 campaigns × 2 policy, frame-cap hits: 0)
aggregate JSON -> /home/user/wt/heat-pin/docs/measurements/l5/L5fac-m0a0b1-h6-b70.json
INFO: TEXTURE: [ID 2] Unloaded texture data from VRAM (GPU)
INFO: SHADER: [ID 3] Default shader unloaded successfully
INFO: TEXTURE: [ID 1] Default texture unloaded successfully
INFO: Window closed successfully
