BALANCE: heat PINNED for this batch (field-event AddHeat is a no-op; SIGHTLINE_HEATPIN=0 restores the leak)
INFO: Initializing raylib 6.0
INFO: Platform backend: DESKTOP (GLFW)
INFO: Supported raylib modules:
INFO:     > rcore:..... loaded (mandatory)
INFO:     > rlgl:...... loaded (mandatory)
INFO:     > rshapes:... loaded (optional)
INFO:     > rtextures:. loaded (optional)
INFO:     > rtext:..... loaded (optional)
INFO:     > rmodels:... loaded (optional)
INFO:     > raudio:.... loaded (optional)
INFO: DISPLAY: Trying to enable MSAA x4
INFO: DISPLAY: Device initialized successfully 
INFO:     > Display size: 1280 x 800
INFO:     > Screen size:  1280 x 800
INFO:     > Render size:  1280 x 800
INFO:     > Viewport offsets: 0, 0
INFO: GLAD: OpenGL extensions loaded successfully
INFO: GL: Supported extensions count: 229
INFO: GL: OpenGL device information:
INFO:     > Vendor:   Mesa
INFO:     > Renderer: llvmpipe (LLVM 20.1.2, 256 bits)
INFO:     > Version:  4.5 (Core Profile) Mesa 25.2.8-0ubuntu0.24.04.2
INFO:     > GLSL:     4.50
INFO: GL: VAO extension detected, VAO functions loaded successfully
INFO: GL: NPOT textures extension detected, full NPOT textures supported
INFO: GL: DXT compressed textures supported
INFO: GL: ETC2/EAC compressed textures supported
INFO: PLATFORM: DESKTOP (GLFW - X11): Initialized successfully
INFO: TEXTURE: [ID 1] Texture loaded successfully (1x1 | R8G8B8A8 | 1 mipmaps)
INFO: TEXTURE: [ID 1] Default texture loaded successfully
INFO: SHADER: [ID 1] Vertex shader compiled successfully
INFO: SHADER: [ID 2] Fragment shader compiled successfully
INFO: SHADER: [ID 3] Program shader loaded successfully
INFO: SHADER: [ID 3] Default shader loaded successfully
INFO: RLGL: Render batch vertex buffers loaded successfully in RAM (CPU)
INFO: RLGL: Render batch vertex buffers loaded successfully in VRAM (GPU)
INFO: RLGL: Default OpenGL state initialized successfully
INFO: TEXTURE: [ID 2] Texture loaded successfully (128x128 | GRAY_ALPHA | 1 mipmaps)
INFO: FONT: Default font loaded successfully (224 glyphs)
INFO: SYSTEM: Working Directory: /home/user/wt/heat-pin
INFO: TIMER: Target time per frame: 0.000 milliseconds
FINALE-KIT: Legion
WAVE: +3 (BERSERKER,BERSERKER,SCOUT) [rich]
WAVE: +2 (BRUISER,BRUISER) [rich]
WAVE: +3 (BRUISER,BERSERKER,BERSERKER) [rich]
WAVE: +2 (GRUNT,WARBRINGER) [rich]
WAVE: +2 (HUNTER,STRIKER) [rich]
FINALE-KIT: Legion
WAVE: +3 (HUNTER,BERSERKER,WARBRINGER) [rich]
WAVE: +2 (LANCER,BERSERKER) [rich]
WAVE: +2 (SCOUT,WARBRINGER) [rich]
FINALE-KIT: Syndicate
FINALE-KIT: Syndicate
FINALE-KIT: Syndicate
match 5/20  (W:2 L:3 cap:0)  3.7s
FINALE-KIT: Syndicate
FINALE-KIT: Wardens
WAVE: +2 (HUNTER,STRIKER) [rich]
WAVE: +2 (SPOTTER,PIKEMAN) [rich]
WAVE: +2 (MORTAR,SAPPER) [rich]
WAVE: +3 (DRONE,SHIELD,SHIELD) [rich]
WAVE: +3 (SHIELD,DRONE,DRONE) [rich]
REINFORCEMENTS: +2 (SCOUT,SCOUT)
FINALE-KIT: Wardens
WAVE: +2 (HUNTER,STRIKER) [rich]
WAVE: +2 (STRIKER,BERSERKER) [rich]
WAVE: +2 (DRONE,GRUNT) [rich]
WAVE: +3 (SHIELD,SAPPER,SHIELD) [rich]
WAVE: +2 (DRONE,DRONE) [rich]
WAVE: +3 (DRONE,SHIELD,SAPPER) [rich]
WAVE: +2 (SHIELD,SAPPER) [rich]
WAVE: +1 (CUSTODIAN) [rich]
FINALE-KIT: Syndicate
FINALE-KIT: Syndicate
match 10/20  (W:2 L:8 cap:0)  6.0s
FINALE-KIT: Syndicate
FINALE-KIT: Syndicate
FINALE-KIT: Wardens
WAVE: +2 (HUNTER,HUNTER) [rich]
WAVE: +2 (BRUISER,STRIKER) [rich]
WAVE: +2 (STRIKER,GRUNT) [rich]
FINALE-KIT: Wardens
WAVE: +2 (LANCER,BRUISER) [rich]
WAVE: +2 (HUNTER,LANCER) [rich]
WAVE: +2 (BRUISER,STRIKER) [rich]
FINALE-KIT: Legion
WAVE: +3 (SAPPER,HUNTER,CUSTODIAN) [rich]
WAVE: +3 (GRUNT,SCREENER,BERSERKER) [rich]
WAVE: +2 (LANCER,SHIELD) [rich]
WAVE: +1 (BERSERKER) [rich]
match 15/20  (W:2 L:13 cap:0)  7.6s
FINALE-KIT: Legion
WAVE: +3 (SNIPER,DRONE,SNIPER) [rich]
WAVE: +3 (LANCER,HUNTER,HOUND) [rich]
WAVE: +3 (HOUND,SCREENER,STRIKER) [rich]
FINALE-KIT: Wardens
FINALE-KIT: Wardens
FINALE-KIT: Wardens
FINALE-KIT: Wardens
match 20/20  (W:2 L:18 cap:0)  8.7s

══════════════════════ SIGHTLINE BALANCE REPORT ══════════════════════
runs=20  missions=60

RUN OUTCOMES (campaign):  win-rate   10%   avg missions cleared 3.5

POLICY GAP (optimal vs human-error; campaign runs only):
  greedy win-rate   10%  (n=10)
  sloppy win-rate   10%  (n=10)
  GAP    0 pts  (healthy slack)
  PAIRED (same-seed slots): pairs=10  concordant=10  discordant greedy-only-won=0 / sloppy-only-won=0  paired gap    0 pts
  PER-SLOT RECORDS (greedy | sloppy: outcome + missions cleared; margin = g−s):
    slot 100 @h6: W 6 | W 6   margin +0
    slot 101 @h6: L 3 | L 3   margin +0
    slot 102 @h6: L 3 | L 3   margin +0
    slot 103 @h6: L 5 | L 5   margin +0
    slot 104 @h6: L 2 | L 2   margin +0
    slot 105 @h6: L 4 | L 3   margin +1
    slot 106 @h6: L 3 | L 3   margin +0
    slot 107 @h6: L 5 | L 5   margin +0
    slot 108 @h6: L 2 | L 2   margin +0
    slot 109 @h6: L 2 | L 3   margin -1
  PAIRED MARGIN (missions cleared, all pairs): +0.00 ±0.15 SE  (n=10 pairs)
  by objective (greedy / sloppy / gap):
    Decapitate :   33% /   33% / gap    0
    Defend     :  100% /  100% / gap    0
    Eliminate  :   92% /   83% / gap    8
    Escort     :  100% /  100% / gap    0
    Hack       :    0% /    0% / gap    0
    Rescue     :   20% /   33% / gap  -13
    Sabotage   :   50% /  100% / gap  -50

DECISION RICHNESS / SWING:
  meaningful-choices/turn 2.91   lead-swings/match 0.8   avg max-swing 55.6
  [shot-gate] acting-soldiers/turn 3.04   armed-soldiers/turn 1.23   armed-fraction 40%   turns-with-a-shot 58%   choices/ARMED-soldier-turn 2.36
  [choice-split] los-targets/ARMED 2.19   target-choices/ARMED 0.36   position-choices/ARMED 2.01

RUN COMPLETION BY HEAT (full-campaign clears):
  heat 6:   10% ±7  (n=20 runs, avg 3.5 missions)
  HEAT LEAK: pinned=yes  heat-raising picks=0  campaigns raised=0  missions off-rung=0/60

INTEL ECONOMY BY HEAT (campaign runs; heat-bonus = the Heat.IntelBonus share of income):
  heat 6: earned  166.0/run   heat-bonus  72.0 (  43% of income)   spent  147.4   unspent   18.6

MISSION WIN-RATE BY HEAT:
  heat 6:   70%  (n=60, avg 5.2 turns)

MISSION WIN-RATE BY OBJECTIVE:
  Eliminate  :   88% ±7  (n=24, avg 4.3 turns)
  Rescue     :   27% ±13  (n=11, avg 3.8 turns)
  Defend     :  100% ±0  (n=10, avg 9.0 turns)
  Decapitate :   33% ±19  (n=6, avg 5.5 turns)
  Escort     :  100% ±0  (n=4, avg 6.0 turns)
  Sabotage   :   67% ±27  (n=3, avg 4.0 turns)
  Hack       :    0% ±0  (n=2, avg 5.5 turns)

MISSION WIN-RATE BY OBJECTIVE x NODE KIND (a capstone must never pool with a mid-run node):
  Eliminate  : Start: 100%(n=20)  Combat:  25%(n=4)
               depth: m1:100%(20) m3:0%(2) m4:50%(2)
  Rescue     : Supply:  43%(n=7)  Elite:   0%(n=2)  Combat:   0%(n=2)
               depth: m2:100%(2) m3:25%(4) m4:0%(5)
  Defend     : Supply: 100%(n=4)  Elite: 100%(n=4)  Combat: 100%(n=2)
               depth: m2:100%(2) m3:100%(2) m4:100%(4) m5:100%(2)
  Decapitate : Boss:  33%(n=6)
               depth: m6:33%(6)
  Escort     : Supply: 100%(n=4)
               depth: m2:100%(4)
  Sabotage   : Supply: 100%(n=2)  Combat:   0%(n=1)
               depth: m2:100%(2) m5:0%(1)
  Hack       : Supply:   0%(n=2)
               depth: m4:0%(2)

ENCOUNTER COMPLETION on MID-RUN nodes (Combat+Elite) — clear% is the share of the fight actually fought:
  objective     n   win%   turns   force    +rf  killed  clear%   prs  WONclear%
  Defend         6  100%     9.0    7.67   6.33    3.67    26.2  0.00     26.2 (n=6)
  Rescue         4    0%     3.3   10.50   0.00    0.50     4.8  0.00      0.0 (n=0)
  Eliminate      4   25%     7.5    9.50   0.00    4.50    47.4  1.50    100.0 (n=1)
  Sabotage       1    0%     6.0    9.00   0.00    1.00    11.1  0.00      0.0 (n=0)
  ---- the two classes ----
  KILL           4   25%     7.5    9.50   0.00    4.50    47.4  1.50    100.0 (n=1)
  NON-KILL      11   55%     6.6    8.82   3.45    2.27    18.5  0.00     26.2 (n=6)

DECAPITATE HVT (buff = +6+1*mission HP, +6 aim; ELITE exempt):
  EXEMPT  :   33% ±19  (n=6, avg 5.5 turns, HVT 23.0 max HP)  [m6:33%(6)]

MISSION WIN-RATE BY MISSION #:
  m1:  100% ±0  (n=20)
  m2:  100% ±0  (n=10)
  m3:   38% ±17  (n=8)
  m4:   38% ±13  (n=13)
  m5:   67% ±27  (n=3)
  m6:   33% ±19  (n=6)

LOSS CAUSES (missions):
  RUN OVER              : 10
  CAPTIVE LOST          : 8

MISSION WIN-RATE BY ARENA (authored layouts, n>=3; procedural fallback   10% of 60 missions):
  arena  8:   50% ±25  (n=4, avg 6.8 turns)  [m4:0%(2) m5:100%(2)]
  arena 10:   50% ±25  (n=4, avg 5.0 turns)  [m1:100%(2) m4:0%(2)]
  arena 11:   80% ±18  (n=5, avg 6.8 turns)  [m2:100%(2) m4:100%(2) m5:0%(1)]
  arena 15:   50% ±25  (n=4, avg 3.5 turns)  [m1:100%(2) m4:0%(2)]
  arena 32:   60% ±22  (n=5, avg 3.8 turns)  [m1:100%(2) m3:33%(3)]
  procedural:   50% ±20  (n=6, avg 6.8 turns)  [m2:100%(2) m3:50%(2) m6:0%(2)]

DEPLOYMENT GEOMETRY (opening shape; choices/ARMED is the wave's real gate):
  FRONTAL   :   79% ±9  (n=19, avg 4.2 turns)  choices/turn 2.68  choices/ARMED 2.29  los-targets/ARMED 1.94
  PINCER    :   63% ±11  (n=19, avg 4.9 turns)  choices/turn 2.59  choices/ARMED 2.46  los-targets/ARMED 1.97
  CROSSFIRE :   70% ±14  (n=10, avg 6.9 turns)  choices/turn 3.95  choices/ARMED 2.56  los-targets/ARMED 3.01
  ENVELOP   :   67% ±14  (n=12, avg 6.0 turns)  choices/turn 2.58  choices/ARMED 2.09  los-targets/ARMED 1.71

ARENA FUNNEL (Mission.Build exits, n=72 builds, all modes):
  authored-applied    :  88.9%  (n=64)
  connectivity-reject :   0.0%  (n=0)
  procedural-roll     :  11.1%  (n=8)

DECK EXPOSURE (campaign runs n=20):
  distinct authored arenas/run : 2.70 mean (all runs)
  ... full-depth runs only     : 3.50 mean over 4.0 fights/run (n=2)
  Defend dealt on the route    :   40% of runs (n=8)

ENEMY DECISION MIX (contested acts=936; all-downed acts not counted=365):
  shoot           550    59%
  hunker          150    16%
  move             99    11%
  grenade          44     5%
  heal             37     4%
  siege            14     1%
  item             12     1%
  reload           10     1%
  brace             9     1%
  overwatch         7     1%
  sap               2     0%
  staleplan         2     0%

  the shot on the table (acts where the chosen tile HAD a shot = 632):
    hit% band     taken   share   E[dmg]/shot   declined   share   E[dmg]/shot
      0-19           0      0%          0.00          4     50%          0.59
     20-39          11      2%          1.13          4     50%          1.08
     40-59          88     16%          2.09          0      0%          0.00
     60-79         224     41%          2.90          0      0%          0.00
      80+          227     41%          4.23          0      0%          0.00
    TOTAL           550                              8
  taken   87% / DECLINED    1% / preempted by another verb   12%
  enemy lanes held (overwatch+brace) 16; reaction shots fired 5  ->   31% of lanes paid off   [C2: DeclineWatchRatio is a bet on this number]

ACTION MIX (verbs issued, by policy):
  verb                  greedy        sloppy
  MOVE               309   33%     322   33%
  SHOOT              289   31%     266   27%
  OVERWATCH           61    7%      75    8%
  BRACE               45    5%      47    5%
  RELOAD              44    5%      33    3%
  HUNKER              30    3%      41    4%
  INTEL               30    3%      28    3%
  SLIPSTREAM          23    2%      31    3%
  STABILIZE           23    2%      30    3%
  FOCUS               14    1%      35    4%
  PIN                 13    1%      14    1%
  ITEM:SMOKE          10    1%      12    1%
  MARK                10    1%       9    1%
  PATCH                9    1%       4    0%
  GRENADE              3    0%       6    1%
  GRAPPLE              7    1%       2    0%
  REARM                6    1%       2    0%
  PLANT                4    0%       3    0%
  DRAG                 2    0%       5    1%
  BEACON               2    0%       3    0%
  BARREL               1    0%       1    0%
  HACK                 1    0%       1    0%
  ITEM:BARRICADE       1    0%       0    0%
  EXTRACT              0    0%       1    0%
  ITEM:INCENDIARY       0    0%       1    0%

PLAYER CLASS PERFORMANCE:
  class        shots   hit%   dmg   kills
  ASSAULT        211    84%    846     54
  SHARPSHOOTER    119    82%    683     45
  GUNNER         147    84%    650     37
  RANGER          81    81%    442     35
  CORPSMAN        47    74%    131      8
  VIP              4    75%     13      0

SOLDIER DEATHS BY ENEMY CLASS (threat ranking):
  SHIELD     : 10
  BERSERKER  : 8
  ELITE      : 8
  BURN       : 7
  GRUNT      : 6
  STRIKE     : 6
  WARBRINGER : 5
  BRUISER    : 4
  TURRET     : 4
  SPOTTER    : 4
  LANCER     : 4
  PIKEMAN    : 3
  SNIPER     : 3
  CUSTODIAN  : 2
  MORTAR     : 2
  SCOUT      : 1
  MEDIC      : 1
  HOUND      : 1
  STRIKER    : 1
  DRONE      : 1
  SCREENER   : 1
  SAPPER     : 1

SOLDIER DOWNS (FUL-7 bleed-out): 178 downs -> revived 7 / recovered 31 / bled out 112 / finished 16  (save-rate   28%)
  corpsman fielded in 23 missions

ENEMY COMPOSITION (spawns; faction-stamped fights n=322 / default-cascade fights n=256):
  class        faction         default
  GRUNT           22    7%       42   16%
  SCOUT            7    2%       54   21%
  BERSERKER       34   11%       16    6%
  BRUISER         29    9%       10    4%
  LANCER          18    6%       17    7%
  HOUND           12    4%       20    8%
  DRONE           15    5%       14    5%
  SNIPER          20    6%        7    3%
  HUNTER          18    6%        8    3%
  MEDIC           16    5%        8    3%
  SHIELD          20    6%        4    2%
  ELITE           17    5%        6    2%
  TURRET          18    6%        3    1%
  SAPPER           6    2%       15    6%
  SCREENER        17    5%        2    1%
  STRIKER          7    2%       11    4%
  MORTAR          12    4%        4    2%
  CUSTODIAN        9    3%        3    1%
  SPOTTER          5    2%        7    3%
  WARBRINGER       8    2%        1    0%
  PIKEMAN          6    2%        3    1%
  BOMBARD          6    2%        1    0%

PERK PICK FREQUENCY:
  LCK           : 12
  EXC           : 10
  CQB           : 10
  OUT           : 10
  SKR           : 10
  MOM           : 9
  RFX           : 9
  CLH           : 9
  GUN           : 8
  FST           : 8
  HRD           : 8
  MRK           : 7
  BND           : 7
  TNK           : 7
  SGE           : 5
  BRK           : 4
  PLT           : 4
  VNT           : 4
  GRD           : 3

SHOP PURCHASE FREQUENCY:
  WPN: HOLLOW POINT : 43
  BALLISTIC PLATING : 41
  WPN: STABILIZER   : 38
  FIELD MEDKIT      : 38
  WPN: SCOPE        : 25
  ADV. TRAINING     : 16
  WPN: EXTENDED MAG : 14
  FRAG CACHE        : 14
  WPN: BIPOD        : 12
  COUNTER-PREP      : 10
  COMBAT STIMS      : 10
  ARMORY            : 8
  WPN: SUPPRESSOR   : 7

BOON PICK FREQUENCY (PROCS = effect fires at instrumented sites; '-' = not instrumented;
                      PYR counts the +2-turn-burn half only — the Burning-immunity half is uninstrumented):
  code                 picks   PROCS
  FDR               :     5       0
  FRT               :     4       -
  TRR               :     4       8
  GRN               :     3       -
  RCL               :     3       0
  SCV               :     3       -
  SHK               :     3      11
  ADR               :     2       -
  EXE               :     2       -
  FST               :     2      26
  GHO               :     2       -
  MRK               :     2       -
  RPD               :     2       -
  FVR               :     1       -
  PYR               :     1       0
  VNM               :     1       -

RUN WIN-RATE BY BOON (campaign runs holding it):
  FDR               :   40% ±22  (in 5 runs)
  FRT               :    0% ±0  (in 4 runs)
  TRR               :    0% ±0  (in 4 runs)
  GRN               :   33% ±27  (in 3 runs)
  RCL               :    0% ±0  (in 3 runs)
  SCV               :    0% ±0  (in 3 runs)
  SHK               :   33% ±27  (in 3 runs)
  ADR               :    0% ±0  (in 2 runs)
  EXE               :   50% ±35  (in 2 runs)
  FST               :    0% ±0  (in 2 runs)
  GHO               :    0% ±0  (in 2 runs)
  MRK               :    0% ±0  (in 2 runs)
  RPD               :    0% ±0  (in 2 runs)
  FVR               :    0% ±0  (in 1 runs)
  PYR               :  100% ±0  (in 1 runs)
  VNM               :    0% ±0  (in 1 runs)

RUN WIN-RATE BY SPEC (campaign runs fielding it):
  JUG               :   33% ±19  (in 6 runs)
  ADN               :    0% ±0  (in 3 runs)
  SNT               :    0% ±0  (in 3 runs)
  ANC               :    0% ±0  (in 2 runs)
  BRC               :    0% ±0  (in 2 runs)
  HHT               :    0% ±0  (in 2 runs)
  PTH               :   50% ±35  (in 2 runs)
  MED               :  100% ±0  (in 1 runs)
  PHN               :    0% ±0  (in 1 runs)

RUN WIN-RATE BY PERK (campaign runs holding it):
  OUT               :   20% ±13  (in 10 runs)
  EXC               :   22% ±14  (in 9 runs)
  LCK               :   11% ±10  (in 9 runs)
  CQB               :   13% ±12  (in 8 runs)
  FST               :   13% ±12  (in 8 runs)
  RFX               :   13% ±12  (in 8 runs)
  SKR               :    0% ±0  (in 8 runs)
  CLH               :    0% ±0  (in 7 runs)
  MRK               :   14% ±13  (in 7 runs)
  GUN               :   17% ±15  (in 6 runs)
  MOM               :   33% ±19  (in 6 runs)
  TNK               :   17% ±15  (in 6 runs)
  BND               :   20% ±18  (in 5 runs)
  HRD               :   20% ±18  (in 5 runs)
  SGE               :    0% ±0  (in 5 runs)
  BRK               :    0% ±0  (in 4 runs)
  GRD               :   33% ±27  (in 3 runs)
  PLT               :    0% ±0  (in 3 runs)
  VNT               :    0% ±0  (in 3 runs)

RUN WIN-RATE BY PURCHASE (campaign runs buying it):
  FIELD MEDKIT      :   12% ±8  (in 17 runs)
  BALLISTIC PLATING :    0% ±0  (in 12 runs)
  WPN: HOLLOW POINT :   17% ±11  (in 12 runs)
  WPN: STABILIZER   :   17% ±11  (in 12 runs)
  ADV. TRAINING     :   25% ±15  (in 8 runs)
  COMBAT STIMS      :   13% ±12  (in 8 runs)
  COUNTER-PREP      :   13% ±12  (in 8 runs)
  FRAG CACHE        :   13% ±12  (in 8 runs)
  ARMORY            :   29% ±17  (in 7 runs)
  WPN: BIPOD        :   29% ±17  (in 7 runs)
  WPN: SUPPRESSOR   :    0% ±0  (in 7 runs)
  WPN: SCOPE        :   33% ±19  (in 6 runs)
  WPN: EXTENDED MAG :   25% ±22  (in 4 runs)

RUN WIN-RATE BY EVENT-CHOICE (campaign runs taking id:arm):
  bloodfeud:2       :   50% ±25  (in 4 runs)
  quartermaster:1   :   50% ±25  (in 4 runs)
  reservecall:0     :    0% ±0  (in 4 runs)
  blackmarket:1     :    0% ±0  (in 2 runs)
  bloodfeud:0       :    0% ±0  (in 2 runs)
  drill:0           :    0% ±0  (in 2 runs)
  grave:1           :    0% ±0  (in 2 runs)
  medic:1           :    0% ±0  (in 2 runs)
  warchest:0        :    0% ±0  (in 2 runs)
  warchest:1        :    0% ±0  (in 2 runs)
  defector:0        :    0% ±0  (in 1 runs)
  defector:1        :    0% ±0  (in 1 runs)
═══════════════════════════════════════════════════════════════════════

batch wall-time: 8.7s  (20 matches across 10 campaigns × 2 policy, frame-cap hits: 0)
aggregate JSON -> /home/user/wt/heat-pin/docs/measurements/l5/L5fac-m3a1b0-h6-b100.json
INFO: TEXTURE: [ID 2] Unloaded texture data from VRAM (GPU)
INFO: SHADER: [ID 3] Default shader unloaded successfully
INFO: TEXTURE: [ID 1] Default texture unloaded successfully
INFO: Window closed successfully
