BALANCE: heat PINNED for this batch (field-event AddHeat is a no-op; SIGHTLINE_HEATPIN=0 restores the leak)
INFO: Initializing raylib 6.0
INFO: Platform backend: DESKTOP (GLFW)
INFO: Supported raylib modules:
INFO:     > rcore:..... loaded (mandatory)
INFO:     > rlgl:...... loaded (mandatory)
INFO:     > rshapes:... loaded (optional)
INFO:     > rtextures:. loaded (optional)
INFO:     > rtext:..... loaded (optional)
INFO:     > rmodels:... loaded (optional)
INFO:     > raudio:.... loaded (optional)
INFO: DISPLAY: Trying to enable MSAA x4
INFO: DISPLAY: Device initialized successfully 
INFO:     > Display size: 1280 x 800
INFO:     > Screen size:  1280 x 800
INFO:     > Render size:  1280 x 800
INFO:     > Viewport offsets: 0, 0
INFO: GLAD: OpenGL extensions loaded successfully
INFO: GL: Supported extensions count: 229
INFO: GL: OpenGL device information:
INFO:     > Vendor:   Mesa
INFO:     > Renderer: llvmpipe (LLVM 20.1.2, 256 bits)
INFO:     > Version:  4.5 (Core Profile) Mesa 25.2.8-0ubuntu0.24.04.2
INFO:     > GLSL:     4.50
INFO: GL: VAO extension detected, VAO functions loaded successfully
INFO: GL: NPOT textures extension detected, full NPOT textures supported
INFO: GL: DXT compressed textures supported
INFO: GL: ETC2/EAC compressed textures supported
INFO: PLATFORM: DESKTOP (GLFW - X11): Initialized successfully
INFO: TEXTURE: [ID 1] Texture loaded successfully (1x1 | R8G8B8A8 | 1 mipmaps)
INFO: TEXTURE: [ID 1] Default texture loaded successfully
INFO: SHADER: [ID 1] Vertex shader compiled successfully
INFO: SHADER: [ID 2] Fragment shader compiled successfully
INFO: SHADER: [ID 3] Program shader loaded successfully
INFO: SHADER: [ID 3] Default shader loaded successfully
INFO: RLGL: Render batch vertex buffers loaded successfully in RAM (CPU)
INFO: RLGL: Render batch vertex buffers loaded successfully in VRAM (GPU)
INFO: RLGL: Default OpenGL state initialized successfully
INFO: TEXTURE: [ID 2] Texture loaded successfully (128x128 | GRAY_ALPHA | 1 mipmaps)
INFO: FONT: Default font loaded successfully (224 glyphs)
INFO: SYSTEM: Working Directory: /home/user/wt/heat-pin
INFO: TIMER: Target time per frame: 0.000 milliseconds
FINALE-KIT: Legion
WAVE: +3 (LANCER,HUNTER,BERSERKER) [rich]
WAVE: +3 (BERSERKER,BERSERKER,BRUISER) [rich]
WAVE: +2 (BRUISER,BRUISER) [rich]
FINALE-KIT: Legion
WAVE: +3 (HUNTER,BERSERKER,WARBRINGER) [rich]
WAVE: +2 (LANCER,BERSERKER) [rich]
WAVE: +2 (SCOUT,WARBRINGER) [rich]
REINFORCEMENTS: +2 (SCOUT,GRUNT)
FINALE-KIT: Syndicate
FINALE-KIT: Syndicate
FINALE-KIT: Syndicate
match 5/20  (W:0 L:5 cap:0)  2.8s
FINALE-KIT: Syndicate
FINALE-KIT: Wardens
WAVE: +2 (HUNTER,STRIKER) [rich]
WAVE: +2 (SPOTTER,PIKEMAN) [rich]
WAVE: +2 (MORTAR,SAPPER) [rich]
WAVE: +3 (DRONE,SHIELD,SHIELD) [rich]
WAVE: +3 (SPOTTER,SAPPER,DRONE) [rich]
WAVE: +1 (SAPPER) [rich]
REINFORCEMENTS: +2 (SCOUT,GRUNT)
REINFORCEMENTS: +2 (SCOUT,SCOUT)
REINFORCEMENTS: +3 (GRUNT,GRUNT,SCOUT)
FINALE-KIT: Wardens
WAVE: +2 (HUNTER,STRIKER) [rich]
WAVE: +2 (STRIKER,BERSERKER) [rich]
WAVE: +2 (DRONE,GRUNT) [rich]
WAVE: +3 (SHIELD,SAPPER,SHIELD) [rich]
WAVE: +3 (CUSTODIAN,DRONE,SAPPER) [rich]
WAVE: +3 (CUSTODIAN,SAPPER,SPOTTER) [rich]
WAVE: +3 (SAPPER,SPOTTER,SHIELD) [rich]
REINFORCEMENTS: +2 (GRUNT,GRUNT)
FINALE-KIT: Syndicate
FINALE-KIT: Syndicate
match 10/20  (W:1 L:9 cap:0)  4.7s
FINALE-KIT: Syndicate
REINFORCEMENTS: +2 (SCOUT,SCOUT)
FINALE-KIT: Syndicate
FINALE-KIT: Wardens
WAVE: +2 (HUNTER,HUNTER) [rich]
WAVE: +2 (BRUISER,STRIKER) [rich]
WAVE: +2 (STRIKER,GRUNT) [rich]
FINALE-KIT: Wardens
WAVE: +2 (LANCER,BRUISER) [rich]
WAVE: +2 (HUNTER,LANCER) [rich]
WAVE: +2 (BRUISER,STRIKER) [rich]
FINALE-KIT: Legion
WAVE: +3 (SAPPER,HUNTER,CUSTODIAN) [rich]
WAVE: +3 (GRUNT,SCREENER,BERSERKER) [rich]
WAVE: +2 (LANCER,SHIELD) [rich]
WAVE: +1 (BERSERKER) [rich]
match 15/20  (W:2 L:13 cap:0)  7.0s
FINALE-KIT: Legion
WAVE: +3 (SNIPER,STRIKER,SHIELD) [rich]
WAVE: +3 (CUSTODIAN,SPOTTER,STRIKER) [rich]
FINALE-KIT: Wardens
FINALE-KIT: Wardens
FINALE-KIT: Wardens
FINALE-KIT: Wardens
match 20/20  (W:2 L:18 cap:0)  8.1s

══════════════════════ SIGHTLINE BALANCE REPORT ══════════════════════
runs=20  missions=62

RUN OUTCOMES (campaign):  win-rate   10%   avg missions cleared 3.6

POLICY GAP (optimal vs human-error; campaign runs only):
  greedy win-rate   10%  (n=10)
  sloppy win-rate   10%  (n=10)
  GAP    0 pts  (healthy slack)
  PAIRED (same-seed slots): pairs=10  concordant=8  discordant greedy-only-won=1 / sloppy-only-won=1  paired gap    0 pts
  PER-SLOT RECORDS (greedy | sloppy: outcome + missions cleared; margin = g−s):
    slot 100 @h6: L 5 | L 5   margin +0
    slot 101 @h6: L 3 | L 3   margin +0
    slot 102 @h6: L 3 | L 1   margin +2
    slot 103 @h6: W 6 | L 5   margin +1
    slot 104 @h6: L 2 | L 3   margin -1
    slot 105 @h6: L 5 | W 6   margin -1
    slot 106 @h6: L 3 | L 3   margin +0
    slot 107 @h6: L 5 | L 5   margin +0
    slot 108 @h6: L 2 | L 2   margin +0
    slot 109 @h6: L 2 | L 2   margin +0
  PAIRED MARGIN (missions cleared, all pairs): +0.10 ±0.28 SE  (n=10 pairs)
  by objective (greedy / sloppy / gap):
    Decapitate :   25% /   25% / gap    0
    Defend     :  100% /  100% / gap    0
    Eliminate  :   92% /   85% / gap    7
    Escort     :  100% /   50% / gap   50
    Hack       :    0% /    0% / gap    0
    Rescue     :   20% /   50% / gap  -30
    Sabotage   :  100% /  100% / gap    0

DECISION RICHNESS / SWING:
  meaningful-choices/turn 2.69   lead-swings/match 0.7   avg max-swing 58.2
  [shot-gate] acting-soldiers/turn 3.12   armed-soldiers/turn 1.12   armed-fraction 36%   turns-with-a-shot 52%   choices/ARMED-soldier-turn 2.41
  [choice-split] los-targets/ARMED 2.33   target-choices/ARMED 0.37   position-choices/ARMED 2.04

RUN COMPLETION BY HEAT (full-campaign clears):
  heat 6:   10% ±7  (n=20 runs, avg 3.6 missions)
  HEAT LEAK: pinned=yes  heat-raising picks=0  campaigns raised=0  missions off-rung=0/62
  STALEMATES: mission-cap 1  run-cap 0   [slot 102 s m2 Escort mis rt=57]

INTEL ECONOMY BY HEAT (campaign runs; heat-bonus = the Heat.IntelBonus share of income):
  heat 6: earned  176.6/run   heat-bonus  75.6 (  43% of income)   spent  154.6   unspent   22.0

MISSION WIN-RATE BY HEAT:
  heat 6:   71%  (n=62, avg 6.1 turns)

MISSION WIN-RATE BY OBJECTIVE:
  Eliminate  :   88% ±6  (n=25, avg 4.7 turns)
  Defend     :  100% ±0  (n=10, avg 9.0 turns)
  Rescue     :   33% ±16  (n=9, avg 3.4 turns)
  Decapitate :   25% ±15  (n=8, avg 5.3 turns)
  Sabotage   :  100% ±0  (n=4, avg 3.8 turns)
  Escort     :   75% ±22  (n=4, avg 17.5 turns)
  Hack       :    0% ±0  (n=2, avg 6.0 turns)

MISSION WIN-RATE BY OBJECTIVE x NODE KIND (a capstone must never pool with a mid-run node):
  Eliminate  : Start: 100%(n=20)  Combat:  50%(n=4)  Elite:   0%(n=1)
               depth: m1:100%(20) m3:0%(2) m4:67%(3)
  Defend     : Supply: 100%(n=4)  Elite: 100%(n=4)  Combat: 100%(n=2)
               depth: m2:100%(2) m3:100%(2) m4:100%(4) m5:100%(2)
  Rescue     : Supply:  50%(n=6)  Elite:   0%(n=2)  Combat:   0%(n=1)
               depth: m2:100%(2) m3:25%(4) m4:0%(3)
  Decapitate : Boss:  25%(n=8)
               depth: m6:25%(8)
  Sabotage   : Supply: 100%(n=2)  Combat: 100%(n=2)
               depth: m2:100%(2) m5:100%(2)
  Escort     : Supply:  75%(n=4)
               depth: m2:75%(4)
  Hack       : Supply:   0%(n=2)
               depth: m4:0%(2)

ENCOUNTER COMPLETION on MID-RUN nodes (Combat+Elite) — clear% is the share of the fight actually fought:
  objective     n   win%   turns   force    +rf  killed  clear%   prs  WONclear%
  Defend         6  100%     9.0    7.67   6.67    4.00    27.9  0.00     27.9 (n=6)
  Eliminate      5   40%     9.2    9.80   0.00    6.20    63.3  2.00    100.0 (n=2)
  Rescue         3    0%     3.7   10.67   0.00    2.00    18.8  0.00      0.0 (n=0)
  Sabotage       2  100%     4.5    9.00   0.00    1.00    11.1  0.00     11.1 (n=2)
  ---- the two classes ----
  KILL           5   40%     9.2    9.80   0.00    6.20    63.3  2.00    100.0 (n=2)
  NON-KILL      11   73%     6.7    8.73   3.64    2.91    23.5  0.00     25.0 (n=8)

DECAPITATE HVT (buff = +6+1*mission HP, +6 aim; ELITE exempt):
  EXEMPT  :   25% ±15  (n=8, avg 5.3 turns, HVT 22.5 max HP)  [m6:25%(8)]

MISSION WIN-RATE BY MISSION #:
  m1:  100% ±0  (n=20)
  m2:   90% ±9  (n=10)
  m3:   38% ±17  (n=8)
  m4:   50% ±14  (n=12)
  m5:  100% ±0  (n=4)
  m6:   25% ±15  (n=8)

LOSS CAUSES (missions):
  RUN OVER              : 11
  CAPTIVE LOST          : 6
  STALEMATE-MISSION     : 1

MISSION WIN-RATE BY ARENA (authored layouts, n>=3; procedural fallback    5% of 62 missions):
  arena  8:   50% ±25  (n=4, avg 6.3 turns)  [m4:0%(2) m5:100%(2)]
  arena 10:   50% ±20  (n=6, avg 5.5 turns)  [m1:100%(2) m4:0%(2) m6:50%(2)]
  arena 11:   83% ±15  (n=6, avg 13.8 turns)  [m2:50%(2) m4:100%(2) m5:100%(2)]
  arena 15:   67% ±27  (n=3, avg 4.7 turns)  [m1:100%(2) m4:0%(1)]
  arena 32:   33% ±19  (n=6, avg 4.8 turns)  [m1:100%(2) m3:0%(4)]
  procedural:   67% ±27  (n=3, avg 8.7 turns)  [m2:100%(1) m3:100%(1) m6:0%(1)]

DEPLOYMENT GEOMETRY (opening shape; choices/ARMED is the wave's real gate):
  FRONTAL   :   81% ±9  (n=21, avg 4.3 turns)  choices/turn 2.85  choices/ARMED 2.16  los-targets/ARMED 1.83
  PINCER    :   65% ±12  (n=17, avg 7.5 turns)  choices/turn 1.76  choices/ARMED 2.48  los-targets/ARMED 2.13
  CROSSFIRE :   70% ±14  (n=10, avg 7.7 turns)  choices/turn 3.66  choices/ARMED 3.02  los-targets/ARMED 3.20
  ENVELOP   :   64% ±13  (n=14, avg 5.8 turns)  choices/turn 3.14  choices/ARMED 2.13  los-targets/ARMED 2.35

ARENA FUNNEL (Mission.Build exits, n=75 builds, all modes):
  authored-applied    :  90.7%  (n=68)
  connectivity-reject :   0.0%  (n=0)
  procedural-roll     :   9.3%  (n=7)

DECK EXPOSURE (campaign runs n=20):
  distinct authored arenas/run : 2.95 mean (all runs)
  ... full-depth runs only     : 4.00 mean over 4.5 fights/run (n=2)
  Defend dealt on the route    :   40% of runs (n=8)

ENEMY DECISION MIX (contested acts=1184; all-downed acts not counted=370):
  shoot           636    54%
  hunker          279    24%
  move            113    10%
  grenade          41     3%
  heal             32     3%
  reload           24     2%
  siege            24     2%
  item             18     2%
  overwatch         5     0%
  sap               5     0%
  brace             4     0%
  staleplan         2     0%
  shove             1     0%

  the shot on the table (acts where the chosen tile HAD a shot = 724):
    hit% band     taken   share   E[dmg]/shot   declined   share   E[dmg]/shot
      0-19           0      0%          0.00          2     40%          0.62
     20-39           7      1%          0.93          2     40%          1.04
     40-59          57      9%          2.04          1     20%          1.02
     60-79         247     39%          2.40          0      0%          0.00
      80+          325     51%          3.50          0      0%          0.00
    TOTAL           636                              5
  taken   88% / DECLINED    1% / preempted by another verb   11%
  enemy lanes held (overwatch+brace) 9; reaction shots fired 2  ->   22% of lanes paid off   [C2: DeclineWatchRatio is a bet on this number]

ACTION MIX (verbs issued, by policy):
  verb                  greedy        sloppy
  MOVE               375   37%     330   26%
  SHOOT              286   28%     326   26%
  OVERWATCH           63    6%     201   16%
  HUNKER              34    3%     117    9%
  BRACE               42    4%      61    5%
  RELOAD              36    4%      38    3%
  INTEL               32    3%      32    3%
  STABILIZE           26    3%      28    2%
  SLIPSTREAM          22    2%      27    2%
  MARK                16    2%      15    1%
  ITEM:SMOKE          16    2%      13    1%
  FOCUS               14    1%      12    1%
  PIN                 14    1%      11    1%
  PATCH                6    1%      15    1%
  GRAPPLE              8    1%       8    1%
  PLANT                6    1%       6    0%
  GRENADE              3    0%       7    1%
  DRAG                 2    0%       6    0%
  REARM                5    0%       2    0%
  BEACON               2    0%       3    0%
  BARREL               1    0%       2    0%
  HACK                 1    0%       1    0%
  ITEM:INCENDIARY       0    0%       1    0%

PLAYER CLASS PERFORMANCE:
  class        shots   hit%   dmg   kills
  SHARPSHOOTER    155    86%    953     53
  GUNNER         164    84%    755     47
  ASSAULT        176    83%    677     42
  RANGER          86    83%    464     33
  CORPSMAN        42    79%    119      7
  VIP              2   100%     10      2

SOLDIER DEATHS BY ENEMY CLASS (threat ranking):
  TURRET     : 9
  ELITE      : 8
  STRIKE     : 7
  BRUISER    : 7
  LANCER     : 7
  SAPPER     : 7
  GRUNT      : 6
  SCREENER   : 6
  BERSERKER  : 5
  BURN       : 4
  SHIELD     : 4
  BARREL     : 3
  HOUND      : 3
  SNIPER     : 3
  HUNTER     : 3
  CUSTODIAN  : 2
  MORTAR     : 1
  SPOTTER    : 1
  WARBRINGER : 1
  DRONE      : 1
  STRIKER    : 1

SOLDIER DOWNS (FUL-7 bleed-out): 194 downs -> revived 13 / recovered 35 / bled out 109 / finished 27  (save-rate   30%)
  corpsman fielded in 20 missions

ENEMY COMPOSITION (spawns; faction-stamped fights n=368 / default-cascade fights n=244):
  class        faction         default
  GRUNT           26    7%       40   16%
  SCOUT            8    2%       56   23%
  BERSERKER       36   10%       16    7%
  LANCER          24    7%       15    6%
  HOUND           17    5%       18    7%
  BRUISER         24    7%        9    4%
  SCREENER        28    8%        4    2%
  SAPPER          15    4%       15    6%
  ELITE           22    6%        6    2%
  DRONE           17    5%       11    5%
  STRIKER         13    4%       12    5%
  TURRET          22    6%        3    1%
  SNIPER          18    5%        6    2%
  HUNTER          15    4%        8    3%
  SHIELD          17    5%        5    2%
  MEDIC           12    3%        5    2%
  MORTAR          15    4%        1    0%
  SPOTTER          8    2%        5    2%
  CUSTODIAN        8    2%        5    2%
  PIKEMAN          9    2%        3    1%
  WARBRINGER      10    3%        0    0%
  BOMBARD          4    1%        1    0%

PERK PICK FREQUENCY:
  LCK           : 13
  RFX           : 11
  EXC           : 9
  FST           : 9
  OUT           : 9
  SKR           : 9
  HRD           : 8
  MOM           : 7
  CLH           : 7
  CQB           : 6
  GUN           : 6
  MRK           : 6
  TNK           : 5
  VNT           : 5
  BRK           : 5
  BND           : 5
  GRD           : 4
  PLT           : 4
  SGE           : 3

SHOP PURCHASE FREQUENCY:
  FIELD MEDKIT      : 49
  WPN: HOLLOW POINT : 43
  BALLISTIC PLATING : 43
  WPN: STABILIZER   : 37
  WPN: EXTENDED MAG : 28
  WPN: SCOPE        : 24
  FRAG CACHE        : 16
  WPN: BIPOD        : 13
  COMBAT STIMS      : 11
  ADV. TRAINING     : 11
  COUNTER-PREP      : 10
  ARMORY            : 7
  WPN: SUPPRESSOR   : 7

BOON PICK FREQUENCY (PROCS = effect fires at instrumented sites; '-' = not instrumented;
                      PYR counts the +2-turn-burn half only — the Burning-immunity half is uninstrumented):
  code                 picks   PROCS
  GHO               :     5       -
  TRR               :     5      16
  FDR               :     4       0
  SHK               :     4      10
  RCL               :     3       0
  RPD               :     3       -
  VNM               :     3       -
  ADR               :     2       -
  FRT               :     2       -
  FVR               :     2       -
  GRN               :     2       -
  PYR               :     2       0
  SCV               :     2       -
  EXE               :     1       -
  FST               :     1      21
  MRK               :     1       -

RUN WIN-RATE BY BOON (campaign runs holding it):
  GHO               :   20% ±18  (in 5 runs)
  TRR               :   20% ±18  (in 5 runs)
  FDR               :   25% ±22  (in 4 runs)
  SHK               :    0% ±0  (in 4 runs)
  RCL               :    0% ±0  (in 3 runs)
  RPD               :   33% ±27  (in 3 runs)
  VNM               :    0% ±0  (in 3 runs)
  ADR               :   50% ±35  (in 2 runs)
  FRT               :   50% ±35  (in 2 runs)
  FVR               :    0% ±0  (in 2 runs)
  GRN               :    0% ±0  (in 2 runs)
  PYR               :   50% ±35  (in 2 runs)
  SCV               :    0% ±0  (in 2 runs)
  EXE               :    0% ±0  (in 1 runs)
  FST               :    0% ±0  (in 1 runs)
  MRK               :    0% ±0  (in 1 runs)

RUN WIN-RATE BY SPEC (campaign runs fielding it):
  JUG               :    0% ±0  (in 4 runs)
  ADN               :   33% ±27  (in 3 runs)
  PTH               :    0% ±0  (in 3 runs)
  HHT               :   50% ±35  (in 2 runs)
  SNT               :   50% ±35  (in 2 runs)
  ANC               :    0% ±0  (in 1 runs)

RUN WIN-RATE BY PERK (campaign runs holding it):
  LCK               :   11% ±10  (in 9 runs)
  OUT               :   11% ±10  (in 9 runs)
  EXC               :   25% ±15  (in 8 runs)
  FST               :   13% ±12  (in 8 runs)
  RFX               :    0% ±0  (in 8 runs)
  SKR               :   29% ±17  (in 7 runs)
  CLH               :   17% ±15  (in 6 runs)
  MOM               :   17% ±15  (in 6 runs)
  MRK               :   17% ±15  (in 6 runs)
  BRK               :    0% ±0  (in 5 runs)
  CQB               :   20% ±18  (in 5 runs)
  GUN               :   40% ±22  (in 5 runs)
  HRD               :   20% ±18  (in 5 runs)
  BND               :   50% ±25  (in 4 runs)
  GRD               :    0% ±0  (in 4 runs)
  PLT               :   25% ±22  (in 4 runs)
  TNK               :    0% ±0  (in 4 runs)
  VNT               :   25% ±22  (in 4 runs)
  SGE               :    0% ±0  (in 3 runs)

RUN WIN-RATE BY PURCHASE (campaign runs buying it):
  FIELD MEDKIT      :   12% ±8  (in 17 runs)
  WPN: HOLLOW POINT :    8% ±8  (in 12 runs)
  WPN: STABILIZER   :   17% ±11  (in 12 runs)
  BALLISTIC PLATING :   10% ±9  (in 10 runs)
  COMBAT STIMS      :   22% ±14  (in 9 runs)
  COUNTER-PREP      :   11% ±10  (in 9 runs)
  FRAG CACHE        :   11% ±10  (in 9 runs)
  ADV. TRAINING     :   29% ±17  (in 7 runs)
  WPN: EXTENDED MAG :   14% ±13  (in 7 runs)
  WPN: SUPPRESSOR   :    0% ±0  (in 7 runs)
  WPN: SCOPE        :   17% ±15  (in 6 runs)
  ARMORY            :   20% ±18  (in 5 runs)
  WPN: BIPOD        :   40% ±22  (in 5 runs)

RUN WIN-RATE BY EVENT-CHOICE (campaign runs taking id:arm):
  bloodfeud:2       :   25% ±22  (in 4 runs)
  quartermaster:1   :    0% ±0  (in 4 runs)
  reservecall:0     :   33% ±27  (in 3 runs)
  blackmarket:1     :    0% ±0  (in 2 runs)
  bloodfeud:0       :    0% ±0  (in 2 runs)
  drill:0           :    0% ±0  (in 2 runs)
  grave:1           :    0% ±0  (in 2 runs)
  medic:1           :   50% ±35  (in 2 runs)
  warchest:0        :    0% ±0  (in 2 runs)
  warchest:1        :    0% ±0  (in 2 runs)
  defector:0        :    0% ±0  (in 1 runs)
  defector:1        :    0% ±0  (in 1 runs)
═══════════════════════════════════════════════════════════════════════

batch wall-time: 8.1s  (20 matches across 10 campaigns × 2 policy, frame-cap hits: 0)
aggregate JSON -> /home/user/wt/heat-pin/docs/measurements/l5/L5fac-m0a1b0-h6-b100.json
INFO: TEXTURE: [ID 2] Unloaded texture data from VRAM (GPU)
INFO: SHADER: [ID 3] Default shader unloaded successfully
INFO: TEXTURE: [ID 1] Default texture unloaded successfully
INFO: Window closed successfully
