BALANCE: heat PINNED for this batch (field-event AddHeat is a no-op; SIGHTLINE_HEATPIN=0 restores the leak)
INFO: Initializing raylib 6.0
INFO: Platform backend: DESKTOP (GLFW)
INFO: Supported raylib modules:
INFO:     > rcore:..... loaded (mandatory)
INFO:     > rlgl:...... loaded (mandatory)
INFO:     > rshapes:... loaded (optional)
INFO:     > rtextures:. loaded (optional)
INFO:     > rtext:..... loaded (optional)
INFO:     > rmodels:... loaded (optional)
INFO:     > raudio:.... loaded (optional)
INFO: DISPLAY: Trying to enable MSAA x4
INFO: DISPLAY: Device initialized successfully 
INFO:     > Display size: 1280 x 800
INFO:     > Screen size:  1280 x 800
INFO:     > Render size:  1280 x 800
INFO:     > Viewport offsets: 0, 0
INFO: GLAD: OpenGL extensions loaded successfully
INFO: GL: Supported extensions count: 229
INFO: GL: OpenGL device information:
INFO:     > Vendor:   Mesa
INFO:     > Renderer: llvmpipe (LLVM 20.1.2, 256 bits)
INFO:     > Version:  4.5 (Core Profile) Mesa 25.2.8-0ubuntu0.24.04.2
INFO:     > GLSL:     4.50
INFO: GL: VAO extension detected, VAO functions loaded successfully
INFO: GL: NPOT textures extension detected, full NPOT textures supported
INFO: GL: DXT compressed textures supported
INFO: GL: ETC2/EAC compressed textures supported
INFO: PLATFORM: DESKTOP (GLFW - X11): Initialized successfully
INFO: TEXTURE: [ID 1] Texture loaded successfully (1x1 | R8G8B8A8 | 1 mipmaps)
INFO: TEXTURE: [ID 1] Default texture loaded successfully
INFO: SHADER: [ID 1] Vertex shader compiled successfully
INFO: SHADER: [ID 2] Fragment shader compiled successfully
INFO: SHADER: [ID 3] Program shader loaded successfully
INFO: SHADER: [ID 3] Default shader loaded successfully
INFO: RLGL: Render batch vertex buffers loaded successfully in RAM (CPU)
INFO: RLGL: Render batch vertex buffers loaded successfully in VRAM (GPU)
INFO: RLGL: Default OpenGL state initialized successfully
INFO: TEXTURE: [ID 2] Texture loaded successfully (128x128 | GRAY_ALPHA | 1 mipmaps)
INFO: FONT: Default font loaded successfully (224 glyphs)
INFO: SYSTEM: Working Directory: /home/user/wt/heat-pin
INFO: TIMER: Target time per frame: 0.000 milliseconds
FINALE-KIT: Legion
WAVE: +3 (LANCER,HUNTER,BERSERKER) [rich]
WAVE: +3 (BERSERKER,BERSERKER,BRUISER) [rich]
WAVE: +2 (BRUISER,BRUISER) [rich]
FINALE-KIT: Legion
WAVE: +3 (HUNTER,BERSERKER,WARBRINGER) [rich]
WAVE: +2 (LANCER,BERSERKER) [rich]
WAVE: +2 (SCOUT,WARBRINGER) [rich]
REINFORCEMENTS: +2 (SCOUT,GRUNT)
FINALE-KIT: Syndicate
FINALE-KIT: Syndicate
FINALE-KIT: Syndicate
match 5/20  (W:0 L:5 cap:0)  4.1s
FINALE-KIT: Syndicate
FINALE-KIT: Wardens
WAVE: +2 (HUNTER,STRIKER) [rich]
WAVE: +2 (SPOTTER,PIKEMAN) [rich]
WAVE: +2 (MORTAR,SAPPER) [rich]
WAVE: +3 (DRONE,SHIELD,SHIELD) [rich]
WAVE: +3 (SPOTTER,SAPPER,DRONE) [rich]
WAVE: +1 (SAPPER) [rich]
REINFORCEMENTS: +2 (SCOUT,SCOUT)
REINFORCEMENTS: +2 (GRUNT,GRUNT)
REINFORCEMENTS: +3 (GRUNT,GRUNT,SCOUT)
REINFORCEMENTS: +2 (GRUNT,SCOUT)
FINALE-KIT: Wardens
WAVE: +2 (HUNTER,STRIKER) [rich]
WAVE: +2 (STRIKER,BERSERKER) [rich]
WAVE: +2 (DRONE,GRUNT) [rich]
WAVE: +3 (SHIELD,SAPPER,SHIELD) [rich]
WAVE: +3 (CUSTODIAN,DRONE,SAPPER) [rich]
WAVE: +3 (CUSTODIAN,SAPPER,SPOTTER) [rich]
WAVE: +3 (SAPPER,SPOTTER,SHIELD) [rich]
FINALE-KIT: Syndicate
FINALE-KIT: Syndicate
match 10/20  (W:0 L:10 cap:0)  6.5s
FINALE-KIT: Syndicate
FINALE-KIT: Syndicate
FINALE-KIT: Wardens
WAVE: +2 (HUNTER,BRUISER) [rich]
WAVE: +2 (BERSERKER,BERSERKER) [rich]
WAVE: +2 (LANCER,BRUISER) [rich]
FINALE-KIT: Wardens
WAVE: +2 (LANCER,BRUISER) [rich]
WAVE: +2 (BERSERKER,BERSERKER) [rich]
WAVE: +2 (SCOUT,BERSERKER) [rich]
FINALE-KIT: Legion
WAVE: +3 (BERSERKER,SCREENER,STRIKER) [rich]
WAVE: +3 (HUNTER,GRUNT,SAPPER) [rich]
WAVE: +3 (DRONE,BERSERKER,GRUNT) [rich]
WAVE: +3 (GRUNT,SAPPER,CUSTODIAN) [rich]
WAVE: +3 (SHIELD,BERSERKER,LANCER) [rich]
match 15/20  (W:2 L:13 cap:0)  8.4s
FINALE-KIT: Legion
WAVE: +3 (SNIPER,STRIKER,SHIELD) [rich]
WAVE: +3 (HOUND,DRONE,STRIKER) [rich]
WAVE: +3 (MORTAR,PIKEMAN,LANCER) [rich]
FINALE-KIT: Wardens
FINALE-KIT: Wardens
FINALE-KIT: Wardens
REINFORCEMENTS: +2 (SCOUT,GRUNT)
REINFORCEMENTS: +2 (GRUNT,GRUNT)
FINALE-KIT: Wardens
match 20/20  (W:3 L:17 cap:0)  9.4s

══════════════════════ SIGHTLINE BALANCE REPORT ══════════════════════
runs=20  missions=67

RUN OUTCOMES (campaign):  win-rate   15%   avg missions cleared 3.8

POLICY GAP (optimal vs human-error; campaign runs only):
  greedy win-rate   10%  (n=10)
  sloppy win-rate   20%  (n=10)
  GAP  -10 pts  (healthy slack)
  PAIRED (same-seed slots): pairs=10  concordant=7  discordant greedy-only-won=1 / sloppy-only-won=2  paired gap  -10 pts
  PER-SLOT RECORDS (greedy | sloppy: outcome + missions cleared; margin = g−s):
    slot 100 @h6: L 5 | L 5   margin +0
    slot 101 @h6: L 0 | L 3   margin -3
    slot 102 @h6: L 4 | L 1   margin +3
    slot 103 @h6: L 5 | L 5   margin +0
    slot 104 @h6: L 3 | L 3   margin +0
    slot 105 @h6: L 5 | W 6   margin -1
    slot 106 @h6: W 6 | L 3   margin +3
    slot 107 @h6: L 5 | W 6   margin -1
    slot 108 @h6: L 2 | L 2   margin +0
    slot 109 @h6: L 5 | L 2   margin +3
  PAIRED MARGIN (missions cleared, all pairs): +0.40 ±0.64 SE  (n=10 pairs)
  by objective (greedy / sloppy / gap):
    Decapitate :   17% /   50% / gap  -33
    Defend     :  100% /  100% / gap    0
    Eliminate  :   71% /   85% / gap  -13
    Escort     :  100% /   50% / gap   50
    Hack       :  100% /    0% / gap  100
    Rescue     :  100% /   50% / gap   50
    Sabotage   :  100% /  100% / gap    0

DECISION RICHNESS / SWING:
  meaningful-choices/turn 2.88   lead-swings/match 0.9   avg max-swing 58.6
  [shot-gate] acting-soldiers/turn 2.89   armed-soldiers/turn 1.26   armed-fraction 43%   turns-with-a-shot 57%   choices/ARMED-soldier-turn 2.29
  [choice-split] los-targets/ARMED 2.33   target-choices/ARMED 0.32   position-choices/ARMED 1.98

RUN COMPLETION BY HEAT (full-campaign clears):
  heat 6:   15% ±8  (n=20 runs, avg 3.8 missions)
  HEAT LEAK: pinned=yes  heat-raising picks=0  campaigns raised=0  missions off-rung=0/67

INTEL ECONOMY BY HEAT (campaign runs; heat-bonus = the Heat.IntelBonus share of income):
  heat 6: earned  201.4/run   heat-bonus  84.6 (  42% of income)   spent  179.5   unspent   21.9

MISSION WIN-RATE BY HEAT:
  heat 6:   75%  (n=67, avg 5.6 turns)

MISSION WIN-RATE BY OBJECTIVE:
  Eliminate  :   78% ±8  (n=27, avg 4.8 turns)
  Defend     :  100% ±0  (n=10, avg 9.0 turns)
  Decapitate :   30% ±14  (n=10, avg 5.8 turns)
  Rescue     :   80% ±13  (n=10, avg 4.3 turns)
  Sabotage   :  100% ±0  (n=4, avg 3.8 turns)
  Escort     :   75% ±22  (n=4, avg 7.0 turns)
  Hack       :   50% ±35  (n=2, avg 4.5 turns)

MISSION WIN-RATE BY OBJECTIVE x NODE KIND (a capstone must never pool with a mid-run node):
  Eliminate  : Start:  95%(n=20)  Combat:  40%(n=5)  Elite:   0%(n=2)
               depth: m1:95%(20) m3:0%(2) m4:50%(4) m5:0%(1)
  Defend     : Supply: 100%(n=4)  Elite: 100%(n=4)  Combat: 100%(n=2)
               depth: m2:100%(2) m3:100%(2) m4:100%(4) m5:100%(2)
  Decapitate : Boss:  30%(n=10)
               depth: m6:30%(10)
  Rescue     : Supply:  86%(n=7)  Combat: 100%(n=2)  Elite:   0%(n=1)
               depth: m2:100%(2) m3:75%(4) m4:67%(3) m5:100%(1)
  Sabotage   : Supply: 100%(n=2)  Combat: 100%(n=2)
               depth: m2:100%(2) m5:100%(2)
  Escort     : Supply:  75%(n=4)
               depth: m2:75%(4)
  Hack       : Supply:  50%(n=2)
               depth: m4:50%(2)

ENCOUNTER COMPLETION on MID-RUN nodes (Combat+Elite) — clear% is the share of the fight actually fought:
  objective     n   win%   turns   force    +rf  killed  clear%   prs  WONclear%
  Eliminate      7   29%     8.3   10.14   0.00    3.57    35.2  1.57    100.0 (n=2)
  Defend         6  100%     9.0    7.67   6.67    3.67    25.6  0.00     25.6 (n=6)
  Rescue         3   67%     5.3   10.67   0.00    1.67    15.6  0.00     14.3 (n=2)
  Sabotage       2  100%     4.5    9.00   0.00    1.00    11.1  0.00     11.1 (n=2)
  ---- the two classes ----
  KILL           7   29%     8.3   10.14   0.00    3.57    35.2  1.57    100.0 (n=2)
  NON-KILL      11   91%     7.2    8.73   3.64    2.64    21.3  0.00     21.6 (n=10)

DECAPITATE HVT (buff = +6+1*mission HP, +6 aim; ELITE exempt):
  EXEMPT  :   30% ±14  (n=10, avg 5.8 turns, HVT 22.6 max HP)  [m6:30%(10)]

MISSION WIN-RATE BY MISSION #:
  m1:   95% ±5  (n=20)
  m2:   90% ±9  (n=10)
  m3:   63% ±17  (n=8)
  m4:   69% ±13  (n=13)
  m5:   83% ±15  (n=6)
  m6:   30% ±14  (n=10)

LOSS CAUSES (missions):
  RUN OVER              : 14
  CAPTIVE LOST          : 2
  VIP LOST              : 1

MISSION WIN-RATE BY ARENA (authored layouts, n>=3; procedural fallback    7% of 67 missions):
  arena  8:   75% ±22  (n=4, avg 6.5 turns)  [m4:0%(1) m5:100%(2) m6:100%(1)]
  arena 10:   50% ±20  (n=6, avg 4.7 turns)  [m1:100%(2) m4:50%(2) m6:0%(2)]
  arena 11:  100% ±0  (n=5, avg 7.0 turns)  [m2:100%(1) m4:100%(2) m5:100%(2)]
  arena 15:  100% ±0  (n=3, avg 4.3 turns)  [m1:100%(2) m4:100%(1)]
  arena 28:   67% ±27  (n=3, avg 9.7 turns)  [m4:100%(2) m5:0%(1)]
  arena 32:   50% ±20  (n=6, avg 3.3 turns)  [m1:100%(2) m3:25%(4)]
  procedural:   40% ±22  (n=5, avg 8.4 turns)  [m2:50%(2) m3:100%(1) m6:0%(2)]

DEPLOYMENT GEOMETRY (opening shape; choices/ARMED is the wave's real gate):
  FRONTAL   :   74% ±9  (n=23, avg 4.5 turns)  choices/turn 2.86  choices/ARMED 2.20  los-targets/ARMED 1.81
  PINCER    :   72% ±11  (n=18, avg 5.5 turns)  choices/turn 1.86  choices/ARMED 2.06  los-targets/ARMED 2.26
  CROSSFIRE :   82% ±12  (n=11, avg 8.1 turns)  choices/turn 3.52  choices/ARMED 3.11  los-targets/ARMED 2.69
  ENVELOP   :   73% ±11  (n=15, avg 5.4 turns)  choices/turn 3.52  choices/ARMED 1.95  los-targets/ARMED 2.61

ARENA FUNNEL (Mission.Build exits, n=82 builds, all modes):
  authored-applied    :  87.8%  (n=72)
  connectivity-reject :   0.0%  (n=0)
  procedural-roll     :  12.2%  (n=10)

DECK EXPOSURE (campaign runs n=20):
  distinct authored arenas/run : 3.10 mean (all runs)
  ... full-depth runs only     : 4.33 mean over 4.3 fights/run (n=3)
  Defend dealt on the route    :   40% of runs (n=8)

ENEMY DECISION MIX (contested acts=1384; all-downed acts not counted=475):
  shoot           756    55%
  hunker          319    23%
  move            143    10%
  grenade          44     3%
  heal             29     2%
  reload           28     2%
  siege            28     2%
  item             13     1%
  brace             9     1%
  overwatch         6     0%
  sap               6     0%
  staleplan         2     0%
  shove             1     0%

  the shot on the table (acts where the chosen tile HAD a shot = 845):
    hit% band     taken   share   E[dmg]/shot   declined   share   E[dmg]/shot
      0-19           0      0%          0.00          1     14%          0.55
     20-39          15      2%          0.69          4     57%          1.09
     40-59          84     11%          1.65          2     29%          1.27
     60-79         273     36%          2.35          0      0%          0.00
      80+          384     51%          3.47          0      0%          0.00
    TOTAL           756                              7
  taken   89% / DECLINED    1% / preempted by another verb   10%
  enemy lanes held (overwatch+brace) 15; reaction shots fired 3  ->   20% of lanes paid off   [C2: DeclineWatchRatio is a bet on this number]

ACTION MIX (verbs issued, by policy):
  verb                  greedy        sloppy
  MOVE               523   40%     348   32%
  SHOOT              360   28%     348   32%
  OVERWATCH           69    5%      61    6%
  BRACE               35    3%      55    5%
  RELOAD              41    3%      47    4%
  INTEL               42    3%      30    3%
  STABILIZE           42    3%      29    3%
  HUNKER              39    3%      31    3%
  SLIPSTREAM          28    2%      30    3%
  ITEM:SMOKE          20    2%      14    1%
  MARK                16    1%      16    1%
  PIN                 16    1%      11    1%
  FOCUS               14    1%      12    1%
  PATCH                6    0%      17    2%
  GRENADE             10    1%       7    1%
  PLANT                6    0%       6    1%
  GRAPPLE              8    1%       4    0%
  DRAG                 5    0%       3    0%
  REARM                6    0%       2    0%
  BEACON               4    0%       2    0%
  BARREL               4    0%       1    0%
  HACK                 2    0%       1    0%
  EXTRACT              1    0%       0    0%
  ITEM:FLASH           1    0%       0    0%
  ITEM:BARRICADE       0    0%       1    0%
  ITEM:INCENDIARY       0    0%       1    0%

PLAYER CLASS PERFORMANCE:
  class        shots   hit%   dmg   kills
  SHARPSHOOTER    168    89%   1023     58
  ASSAULT        188    82%    799     40
  GUNNER         156    84%    747     45
  RANGER          97    80%    514     46
  CORPSMAN        61    72%    154      9

SOLDIER DEATHS BY ENEMY CLASS (threat ranking):
  SNIPER     : 19
  GRUNT      : 12
  ELITE      : 10
  STRIKE     : 9
  BRUISER    : 8
  LANCER     : 7
  BURN       : 6
  BERSERKER  : 5
  SAPPER     : 5
  HOUND      : 4
  SHIELD     : 4
  DRONE      : 3
  MORTAR     : 3
  BARREL     : 2
  PIKEMAN    : 2
  TURRET     : 2
  MEDIC      : 2
  SPOTTER    : 2
  SCREENER   : 2
  WARBRINGER : 1
  SCOUT      : 1
  STRIKER    : 1
  HUNTER     : 1

SOLDIER DOWNS (FUL-7 bleed-out): 227 downs -> revived 9 / recovered 41 / bled out 141 / finished 31  (save-rate   24%)
  corpsman fielded in 26 missions

ENEMY COMPOSITION (spawns; faction-stamped fights n=441 / default-cascade fights n=253):
  class        faction         default
  GRUNT           40    9%       41   16%
  SCOUT           15    3%       56   22%
  BERSERKER       36    8%       15    6%
  LANCER          24    5%       18    7%
  SNIPER          34    8%        6    2%
  STRIKER         18    4%       20    8%
  DRONE           24    5%       14    6%
  ELITE           28    6%        6    2%
  BRUISER         26    6%        6    2%
  SAPPER          13    3%       19    8%
  HUNTER          23    5%        4    2%
  HOUND           10    2%       17    7%
  MEDIC           22    5%        3    1%
  SHIELD          18    4%        4    2%
  SCREENER        21    5%        1    0%
  TURRET          18    4%        3    1%
  MORTAR          12    3%        7    3%
  SPOTTER          9    2%        9    4%
  CUSTODIAN       16    4%        1    0%
  WARBRINGER      16    4%        0    0%
  PIKEMAN         14    3%        2    1%
  BOMBARD          4    1%        1    0%

PERK PICK FREQUENCY:
  LCK           : 15
  OUT           : 15
  GRD           : 12
  MOM           : 12
  CQB           : 10
  RFX           : 8
  EXC           : 8
  SKR           : 8
  CLH           : 7
  TNK           : 6
  FST           : 6
  GUN           : 6
  MRK           : 6
  VNT           : 5
  PLT           : 5
  HRD           : 5
  BND           : 5
  SGE           : 4
  BRK           : 4

SHOP PURCHASE FREQUENCY:
  BALLISTIC PLATING : 53
  FIELD MEDKIT      : 50
  WPN: HOLLOW POINT : 49
  WPN: SCOPE        : 45
  WPN: STABILIZER   : 41
  WPN: EXTENDED MAG : 25
  WPN: BIPOD        : 18
  FRAG CACHE        : 16
  ADV. TRAINING     : 12
  COUNTER-PREP      : 9
  COMBAT STIMS      : 8
  ARMORY            : 8
  WPN: SUPPRESSOR   : 6

BOON PICK FREQUENCY (PROCS = effect fires at instrumented sites; '-' = not instrumented;
                      PYR counts the +2-turn-burn half only — the Burning-immunity half is uninstrumented):
  code                 picks   PROCS
  FDR               :     6       1
  GHO               :     6       -
  FRT               :     4       -
  SHK               :     4       5
  ADR               :     3       -
  FVR               :     3       -
  RCL               :     3       0
  SCV               :     3       -
  TRR               :     3      12
  FST               :     2      38
  GRN               :     2       -
  PYR               :     2       0
  RPD               :     2       -
  VNM               :     2       -
  EXE               :     1       -
  MRK               :     1       -

RUN WIN-RATE BY BOON (campaign runs holding it):
  FDR               :   33% ±19  (in 6 runs)
  GHO               :   33% ±19  (in 6 runs)
  FRT               :   25% ±22  (in 4 runs)
  SHK               :    0% ±0  (in 4 runs)
  ADR               :    0% ±0  (in 3 runs)
  FVR               :   33% ±27  (in 3 runs)
  RCL               :    0% ±0  (in 3 runs)
  SCV               :    0% ±0  (in 3 runs)
  TRR               :    0% ±0  (in 3 runs)
  FST               :   50% ±35  (in 2 runs)
  GRN               :    0% ±0  (in 2 runs)
  PYR               :   50% ±35  (in 2 runs)
  RPD               :    0% ±0  (in 2 runs)
  VNM               :   50% ±35  (in 2 runs)
  EXE               :    0% ±0  (in 1 runs)
  MRK               :  100% ±0  (in 1 runs)

RUN WIN-RATE BY SPEC (campaign runs fielding it):
  ANC               :    0% ±0  (in 3 runs)
  PHN               :   33% ±27  (in 3 runs)
  SNT               :   33% ±27  (in 3 runs)
  ADN               :    0% ±0  (in 2 runs)
  HHT               :   50% ±35  (in 2 runs)
  JUG               :   50% ±35  (in 2 runs)
  PTH               :    0% ±0  (in 2 runs)

RUN WIN-RATE BY PERK (campaign runs holding it):
  LCK               :   18% ±12  (in 11 runs)
  MOM               :   27% ±13  (in 11 runs)
  OUT               :    9% ±9  (in 11 runs)
  GRD               :    0% ±0  (in 9 runs)
  CQB               :   25% ±15  (in 8 runs)
  EXC               :   14% ±13  (in 7 runs)
  SKR               :   29% ±17  (in 7 runs)
  CLH               :   33% ±19  (in 6 runs)
  RFX               :    0% ±0  (in 6 runs)
  TNK               :   17% ±15  (in 6 runs)
  FST               :   20% ±18  (in 5 runs)
  GUN               :   20% ±18  (in 5 runs)
  MRK               :   40% ±22  (in 5 runs)
  PLT               :   40% ±22  (in 5 runs)
  BND               :   50% ±25  (in 4 runs)
  BRK               :   25% ±22  (in 4 runs)
  VNT               :   50% ±25  (in 4 runs)
  SGE               :   33% ±27  (in 3 runs)
  HRD               :   50% ±35  (in 2 runs)

RUN WIN-RATE BY PURCHASE (campaign runs buying it):
  FIELD MEDKIT      :   18% ±9  (in 17 runs)
  WPN: HOLLOW POINT :   15% ±10  (in 13 runs)
  BALLISTIC PLATING :   17% ±11  (in 12 runs)
  WPN: STABILIZER   :   25% ±13  (in 12 runs)
  FRAG CACHE        :   20% ±13  (in 10 runs)
  WPN: SCOPE        :   20% ±13  (in 10 runs)
  COUNTER-PREP      :   22% ±14  (in 9 runs)
  ADV. TRAINING     :   13% ±12  (in 8 runs)
  WPN: BIPOD        :   25% ±15  (in 8 runs)
  COMBAT STIMS      :   29% ±17  (in 7 runs)
  WPN: EXTENDED MAG :   33% ±19  (in 6 runs)
  ARMORY            :   40% ±22  (in 5 runs)
  WPN: SUPPRESSOR   :   40% ±22  (in 5 runs)

RUN WIN-RATE BY EVENT-CHOICE (campaign runs taking id:arm):
  bloodfeud:2       :   25% ±22  (in 4 runs)
  quartermaster:1   :    0% ±0  (in 4 runs)
  reservecall:0     :    0% ±0  (in 3 runs)
  bloodfeud:0       :   50% ±35  (in 2 runs)
  drill:0           :    0% ±0  (in 2 runs)
  medic:1           :    0% ±0  (in 2 runs)
  warchest:0        :   50% ±35  (in 2 runs)
  warchest:1        :    0% ±0  (in 2 runs)
  blackmarket:1     :    0% ±0  (in 1 runs)
  cache:1           :  100% ±0  (in 1 runs)
  defector:0        :    0% ±0  (in 1 runs)
  defector:1        :  100% ±0  (in 1 runs)
  grave:1           :    0% ±0  (in 1 runs)
═══════════════════════════════════════════════════════════════════════

batch wall-time: 9.4s  (20 matches across 10 campaigns × 2 policy, frame-cap hits: 0)
aggregate JSON -> /home/user/wt/heat-pin/docs/measurements/l5/L5fac-m0a1b1-h6-b100.json
INFO: TEXTURE: [ID 2] Unloaded texture data from VRAM (GPU)
INFO: SHADER: [ID 3] Default shader unloaded successfully
INFO: TEXTURE: [ID 1] Default texture unloaded successfully
INFO: Window closed successfully
