BALANCE: heat PINNED for this batch (field-event AddHeat is a no-op; SIGHTLINE_HEATPIN=0 restores the leak)
INFO: Initializing raylib 6.0
INFO: Platform backend: DESKTOP (GLFW)
INFO: Supported raylib modules:
INFO:     > rcore:..... loaded (mandatory)
INFO:     > rlgl:...... loaded (mandatory)
INFO:     > rshapes:... loaded (optional)
INFO:     > rtextures:. loaded (optional)
INFO:     > rtext:..... loaded (optional)
INFO:     > rmodels:... loaded (optional)
INFO:     > raudio:.... loaded (optional)
INFO: DISPLAY: Trying to enable MSAA x4
INFO: DISPLAY: Device initialized successfully 
INFO:     > Display size: 1280 x 800
INFO:     > Screen size:  1280 x 800
INFO:     > Render size:  1280 x 800
INFO:     > Viewport offsets: 0, 0
INFO: GLAD: OpenGL extensions loaded successfully
INFO: GL: Supported extensions count: 229
INFO: GL: OpenGL device information:
INFO:     > Vendor:   Mesa
INFO:     > Renderer: llvmpipe (LLVM 20.1.2, 256 bits)
INFO:     > Version:  4.5 (Core Profile) Mesa 25.2.8-0ubuntu0.24.04.2
INFO:     > GLSL:     4.50
INFO: GL: VAO extension detected, VAO functions loaded successfully
INFO: GL: NPOT textures extension detected, full NPOT textures supported
INFO: GL: DXT compressed textures supported
INFO: GL: ETC2/EAC compressed textures supported
INFO: PLATFORM: DESKTOP (GLFW - X11): Initialized successfully
INFO: TEXTURE: [ID 1] Texture loaded successfully (1x1 | R8G8B8A8 | 1 mipmaps)
INFO: TEXTURE: [ID 1] Default texture loaded successfully
INFO: SHADER: [ID 1] Vertex shader compiled successfully
INFO: SHADER: [ID 2] Fragment shader compiled successfully
INFO: SHADER: [ID 3] Program shader loaded successfully
INFO: SHADER: [ID 3] Default shader loaded successfully
INFO: RLGL: Render batch vertex buffers loaded successfully in RAM (CPU)
INFO: RLGL: Render batch vertex buffers loaded successfully in VRAM (GPU)
INFO: RLGL: Default OpenGL state initialized successfully
INFO: TEXTURE: [ID 2] Texture loaded successfully (128x128 | GRAY_ALPHA | 1 mipmaps)
INFO: FONT: Default font loaded successfully (224 glyphs)
INFO: SYSTEM: Working Directory: /home/user/wt/heat-pin
INFO: TIMER: Target time per frame: 0.000 milliseconds
FINALE-KIT: Syndicate
FINALE-KIT: Syndicate
FINALE-KIT: Wardens
WAVE: +2 (GRUNT,MORTAR) [rich]
WAVE: +2 (GRUNT,SCOUT) [rich]
WAVE: +2 (PIKEMAN,MEDIC) [rich]
REINFORCEMENTS: +2 (SCOUT,SCOUT)
REINFORCEMENTS: +2 (GRUNT,GRUNT)
FINALE-KIT: Wardens
WAVE: +2 (GRUNT,MEDIC) [rich]
WAVE: +2 (GRUNT,SNIPER) [rich]
WAVE: +2 (SNIPER,GRUNT) [rich]
REINFORCEMENTS: +2 (SCOUT,SCOUT)
REINFORCEMENTS: +2 (GRUNT,GRUNT)
FINALE-KIT: Syndicate
match 5/20  (W:0 L:5 cap:0)  4.5s
FINALE-KIT: Syndicate
FINALE-KIT: Syndicate
FINALE-KIT: Syndicate
WAVE: +3 (GRUNT,GRUNT,BRUISER) [rich]
WAVE: +3 (HOUND,BRUISER,HOUND) [rich]
WAVE: +2 (BERSERKER,HUNTER) [rich]
WAVE: +3 (BERSERKER,HUNTER,HUNTER) [rich]
WAVE: +3 (BERSERKER,BERSERKER,HUNTER) [rich]
WAVE: +3 (BRUISER,HOUND,BRUISER) [rich]
FINALE-KIT: Legion
REINFORCEMENTS: +2 (GRUNT,SCOUT)
REINFORCEMENTS: +2 (SCOUT,SCOUT)
FINALE-KIT: Legion
REINFORCEMENTS: +2 (SCOUT,SCOUT)
match 10/20  (W:0 L:10 cap:0)  5.8s
FINALE-KIT: Wardens
WAVE: +3 (BERSERKER,DRONE,SAPPER) [rich]
WAVE: +3 (HUNTER,SHIELD,DRONE) [rich]
WAVE: +2 (STRIKER,SAPPER) [rich]
FINALE-KIT: Wardens
FINALE-KIT: Syndicate
WAVE: +2 (GRUNT,SCOUT) [rich]
WAVE: +2 (PIKEMAN,SCOUT) [rich]
WAVE: +2 (SNIPER,GRUNT) [rich]
FINALE-KIT: Syndicate
WAVE: +2 (SNIPER,MORTAR) [rich]
WAVE: +2 (GRUNT,SCOUT) [rich]
WAVE: +2 (MORTAR,PIKEMAN) [rich]
FINALE-KIT: Legion
match 15/20  (W:2 L:13 cap:0)  7.9s
FINALE-KIT: Legion
FINALE-KIT: Syndicate
WAVE: +3 (BERSERKER,WARBRINGER,HUNTER) [rich]
WAVE: +3 (HUNTER,HUNTER,BRUISER) [rich]
WAVE: +3 (LANCER,HUNTER,STRIKER) [rich]
FINALE-KIT: Syndicate
WAVE: +3 (LANCER,BRUISER,BRUISER) [rich]
WAVE: +1 (HUNTER) [rich]
WAVE: +1 (HUNTER) [rich]
FINALE-KIT: Wardens
FINALE-KIT: Wardens
match 20/20  (W:5 L:15 cap:0)  8.8s

══════════════════════ SIGHTLINE BALANCE REPORT ══════════════════════
runs=20  missions=71

RUN OUTCOMES (campaign):  win-rate   25%   avg missions cleared 3.5

POLICY GAP (optimal vs human-error; campaign runs only):
  greedy win-rate   30%  (n=10)
  sloppy win-rate   20%  (n=10)
  GAP   10 pts  (healthy slack)
  PAIRED (same-seed slots): pairs=10  concordant=9  discordant greedy-only-won=1 / sloppy-only-won=0  paired gap   10 pts
  PER-SLOT RECORDS (greedy | sloppy: outcome + missions cleared; margin = g−s):
    slot  60 @h6: L 3 | L 3   margin +0
    slot  61 @h6: L 5 | L 5   margin +0
    slot  62 @h6: L 1 | L 1   margin +0
    slot  63 @h6: L 1 | L 4   margin -3
    slot  64 @h6: L 3 | L 1   margin +2
    slot  65 @h6: L 4 | L 2   margin +2
    slot  66 @h6: W 6 | W 6   margin +0
    slot  67 @h6: L 0 | L 1   margin -1
    slot  68 @h6: W 6 | L 5   margin +1
    slot  69 @h6: W 6 | W 6   margin +0
  PAIRED MARGIN (missions cleared, all pairs): +0.10 ±0.46 SE  (n=10 pairs)
  by objective (greedy / sloppy / gap):
    Decapitate :   67% /   40% / gap   27
    Defend     :  100% /  100% / gap    0
    Eliminate  :   83% /   92% / gap   -8
    Escort     :   80% /   75% / gap    5
    Evac       :  100% /  100% / gap    0
    Hack       :  100% /  100% / gap    0
    Rescue     :   60% /   50% / gap   10

DECISION RICHNESS / SWING:
  meaningful-choices/turn 2.45   lead-swings/match 0.9   avg max-swing 65.5
  [shot-gate] acting-soldiers/turn 3.01   armed-soldiers/turn 1.20   armed-fraction 40%   turns-with-a-shot 56%   choices/ARMED-soldier-turn 2.04
  [choice-split] los-targets/ARMED 2.35   target-choices/ARMED 0.32   position-choices/ARMED 1.72

RUN COMPLETION BY HEAT (full-campaign clears):
  heat 6:   25% ±10  (n=20 runs, avg 3.5 missions)
  HEAT LEAK: pinned=yes  heat-raising picks=0  campaigns raised=0  missions off-rung=0/71

INTEL ECONOMY BY HEAT (campaign runs; heat-bonus = the Heat.IntelBonus share of income):
  heat 6: earned  196.6/run   heat-bonus  91.8 (  47% of income)   spent  184.0   unspent   12.6

MISSION WIN-RATE BY HEAT:
  heat 6:   79%  (n=71, avg 5.3 turns)

MISSION WIN-RATE BY OBJECTIVE:
  Eliminate  :   88% ±7  (n=24, avg 3.8 turns)
  Rescue     :   55% ±15  (n=11, avg 4.9 turns)
  Decapitate :   55% ±15  (n=11, avg 6.4 turns)
  Escort     :   78% ±14  (n=9, avg 6.8 turns)
  Defend     :  100% ±0  (n=8, avg 9.0 turns)
  Evac       :  100% ±0  (n=4, avg 3.5 turns)
  Hack       :  100% ±0  (n=4, avg 2.8 turns)

MISSION WIN-RATE BY OBJECTIVE x NODE KIND (a capstone must never pool with a mid-run node):
  Eliminate  : Start:  95%(n=20)  Supply:   0%(n=2)  Combat: 100%(n=2)
               depth: m1:95%(20) m2:50%(4)
  Rescue     : Combat:  83%(n=6)  Elite:  20%(n=5)
               depth: m2:33%(3) m3:75%(4) m4:50%(4)
  Decapitate : Boss:  63%(n=8)  Supply:  50%(n=2)  Combat:   0%(n=1)
               depth: m2:50%(2) m4:0%(1) m6:62%(8)
  Escort     : Combat:  83%(n=6)  Supply:  67%(n=3)
               depth: m2:100%(2) m3:100%(1) m4:100%(2) m5:50%(4)
  Defend     : Combat: 100%(n=5)  Elite: 100%(n=2)  Supply: 100%(n=1)
               depth: m2:100%(2) m3:100%(2) m4:100%(4)
  Evac       : Combat: 100%(n=2)  Elite: 100%(n=2)
               depth: m3:100%(4)
  Hack       : Elite: 100%(n=4)
               depth: m3:100%(2) m5:100%(2)

ENCOUNTER COMPLETION on MID-RUN nodes (Combat+Elite) — clear% is the share of the fight actually fought:
  objective     n   win%   turns   force    +rf  killed  clear%   prs  WONclear%
  Rescue        11   55%     4.9    9.27   0.00    3.36    36.3  0.00     36.4 (n=6)
  Defend         7  100%     9.0    6.86   6.71    4.71    34.7  0.00     34.7 (n=7)
  Escort         6   83%     7.2    9.00   0.00    3.00    33.3  0.00     32.6 (n=5)
  Evac           4  100%     3.5   10.00   0.00    0.00     0.0  0.00      0.0 (n=4)
  Hack           4  100%     2.8   11.00   0.00    0.75     6.8  0.00      6.8 (n=4)
  Eliminate      2  100%     5.0    6.00   0.00    6.00   100.0  0.50    100.0 (n=2)
  Decapitate     1    0%    11.0   10.00   4.00    2.00    14.3  3.00      0.0 (n=0)
  ---- the two classes ----
  KILL           3   67%     7.0    7.33   1.33    4.67    53.8  1.33    100.0 (n=2)
  NON-KILL      32   81%     5.8    9.00   1.47    2.84    27.2  0.00     25.3 (n=26)

DECAPITATE HVT (buff = +6+1*mission HP, +6 aim; ELITE exempt):
  EXEMPT  :   63% ±17  (n=8, avg 6.1 turns, HVT 22.0 max HP)  [m6:62%(8)]
  BUFFED  :   33% ±27  (n=3, avg 7.0 turns, HVT 23.0 max HP)  [m2:50%(2) m4:0%(1)]

MISSION WIN-RATE BY MISSION #:
  m1:   95% ±5  (n=20)
  m2:   62% ±13  (n=13)
  m3:   92% ±7  (n=13)
  m4:   73% ±13  (n=11)
  m5:   67% ±19  (n=6)
  m6:   63% ±17  (n=8)

LOSS CAUSES (missions):
  RUN OVER              : 9
  CAPTIVE LOST          : 5
  VIP LOST              : 1

MISSION WIN-RATE BY ARENA (authored layouts, n>=3; procedural fallback   20% of 71 missions):
  arena  2:   67% ±27  (n=3, avg 4.0 turns)  [m2:100%(1) m3:50%(2)]
  arena 12:  100% ±0  (n=4, avg 3.0 turns)  [m1:100%(2) m4:100%(2)]
  arena 23:   75% ±22  (n=4, avg 4.3 turns)  [m1:100%(2) m6:50%(2)]
  arena 25:   57% ±19  (n=7, avg 7.9 turns)  [m2:0%(2) m3:100%(2) m4:100%(2) m5:0%(1)]
  arena 28:   67% ±27  (n=3, avg 6.0 turns)  [m1:100%(2) m6:0%(1)]
  arena 29:  100% ±0  (n=4, avg 4.0 turns)  [m1:100%(2) m2:100%(2)]
  arena 30:  100% ±0  (n=4, avg 5.3 turns)  [m3:100%(2) m4:100%(2)]
  procedural:   57% ±13  (n=14, avg 6.4 turns)  [m1:75%(4) m2:67%(3) m3:100%(2) m4:33%(3) m5:0%(1) m6:0%(1)]

DEPLOYMENT GEOMETRY (opening shape; choices/ARMED is the wave's real gate):
  FRONTAL   :   80%  (n=46, avg 4.7 turns)  choices/turn 1.96  choices/ARMED 1.85  los-targets/ARMED 2.57
  PINCER    :   80% ±10  (n=15, avg 6.1 turns)  choices/turn 2.81  choices/ARMED 2.16  los-targets/ARMED 2.18
  ENVELOP   :   70% ±14  (n=10, avg 6.6 turns)  choices/turn 3.61  choices/ARMED 2.34  los-targets/ARMED 2.04

ARENA FUNNEL (Mission.Build exits, n=78 builds, all modes):
  authored-applied    :  80.8%  (n=63)
  connectivity-reject :   0.0%  (n=0)
  procedural-roll     :  19.2%  (n=15)

DECK EXPOSURE (campaign runs n=20):
  distinct authored arenas/run : 2.85 mean (all runs)
  ... full-depth runs only     : 4.00 mean over 4.8 fights/run (n=5)
  Defend dealt on the route    :   40% of runs (n=8)

ENEMY DECISION MIX (contested acts=1349; all-downed acts not counted=229):
  shoot           797    59%
  hunker          289    21%
  move            103     8%
  grenade          45     3%
  heal             31     2%
  reload           30     2%
  siege            27     2%
  item             18     1%
  brace             3     0%
  sap               3     0%
  overwatch         1     0%
  shove             1     0%
  staleplan         1     0%

  the shot on the table (acts where the chosen tile HAD a shot = 871):
    hit% band     taken   share   E[dmg]/shot   declined   share   E[dmg]/shot
      0-19           2      0%          0.57          0      0%          0.00
     20-39          23      3%          1.06          0      0%          0.00
     40-59         127     16%          1.49          0      0%          0.00
     60-79         322     40%          2.15          0      0%          0.00
      80+          323     41%          3.28          0      0%          0.00
    TOTAL           797                              0
  taken   92% / DECLINED    0% / preempted by another verb    8%
  enemy lanes held (overwatch+brace) 4; reaction shots fired 3  ->   75% of lanes paid off   [C2: DeclineWatchRatio is a bet on this number]

ACTION MIX (verbs issued, by policy):
  verb                  greedy        sloppy
  MOVE               520   43%     479   43%
  SHOOT              345   29%     322   29%
  HUNKER              60    5%      50    5%
  OVERWATCH           46    4%      37    3%
  INTEL               29    2%      34    3%
  RELOAD              38    3%      25    2%
  STABILIZE           24    2%      31    3%
  FOCUS               24    2%      19    2%
  SLIPSTREAM          22    2%      20    2%
  BRACE               12    1%      27    2%
  DRAG                24    2%       6    1%
  ITEM:SMOKE          13    1%      12    1%
  PIN                 12    1%       4    0%
  PATCH                8    1%       6    1%
  MARK                 4    0%       9    1%
  BEACON               5    0%       7    1%
  GRENADE              3    0%       8    1%
  REARM                5    0%       5    0%
  HACK                 4    0%       4    0%
  EXTRACT              3    0%       2    0%
  GRAPPLE              1    0%       3    0%
  BARREL               2    0%       0    0%
  ITEM:FLASH           0    0%       1    0%

PLAYER CLASS PERFORMANCE:
  class        shots   hit%   dmg   kills
  SHARPSHOOTER    165    92%   1127     66
  GUNNER         200    85%    976     70
  ASSAULT        166    86%    770     43
  RANGER          85    86%    512     25
  CORPSMAN        46    87%    166      7

SOLDIER DEATHS BY ENEMY CLASS (threat ranking):
  BURN       : 19
  BRUISER    : 9
  ELITE      : 8
  SNIPER     : 8
  DRONE      : 8
  TURRET     : 7
  STRIKE     : 6
  SCOUT      : 6
  BERSERKER  : 6
  GRUNT      : 5
  SAPPER     : 4
  MEDIC      : 4
  MORTAR     : 3
  HUNTER     : 3
  WARBRINGER : 2
  LANCER     : 2
  HOUND      : 1
  CUSTODIAN  : 1
  SCREENER   : 1
  SHIELD     : 1
  STRIKER    : 1

SOLDIER DOWNS (FUL-7 bleed-out): 199 downs -> revived 4 / recovered 60 / bled out 105 / finished 22  (save-rate   36%)
  corpsman fielded in 23 missions

ENEMY COMPOSITION (spawns; faction-stamped fights n=514 / default-cascade fights n=145):
  class        faction         default
  SCOUT           33    6%       66   46%
  GRUNT           55   11%       25   17%
  BRUISER         36    7%        4    3%
  DRONE           33    6%        6    4%
  HUNTER          35    7%        4    3%
  BERSERKER       35    7%        1    1%
  MEDIC           29    6%        6    4%
  SNIPER          25    5%        9    6%
  ELITE           31    6%        1    1%
  TURRET          29    6%        0    0%
  STRIKER         22    4%        3    2%
  SAPPER          22    4%        2    1%
  MORTAR          20    4%        3    2%
  SCREENER        20    4%        3    2%
  SHIELD          20    4%        1    1%
  SPOTTER         18    4%        0    0%
  HOUND           16    3%        1    1%
  WARBRINGER      11    2%        2    1%
  PIKEMAN          9    2%        2    1%
  LANCER           6    1%        5    3%
  BOMBARD          5    1%        1    1%
  CUSTODIAN        4    1%        0    0%

PERK PICK FREQUENCY:
  LCK           : 13
  RFX           : 11
  FST           : 11
  MRK           : 10
  MOM           : 9
  TNK           : 9
  BND           : 9
  GUN           : 8
  OUT           : 6
  HRD           : 6
  CQB           : 6
  CLH           : 5
  EXC           : 5
  GRD           : 5
  SKR           : 4
  VNT           : 4
  PLT           : 4
  SGE           : 3
  BRK           : 3

SHOP PURCHASE FREQUENCY:
  FIELD MEDKIT      : 75
  WPN: SCOPE        : 51
  WPN: HOLLOW POINT : 49
  BALLISTIC PLATING : 31
  WPN: STABILIZER   : 29
  COUNTER-PREP      : 19
  COMBAT STIMS      : 19
  WPN: BIPOD        : 18
  FRAG CACHE        : 16
  WPN: SUPPRESSOR   : 15
  WPN: EXTENDED MAG : 12
  ADV. TRAINING     : 11
  ARMORY            : 10

BOON PICK FREQUENCY (PROCS = effect fires at instrumented sites; '-' = not instrumented;
                      PYR counts the +2-turn-burn half only — the Burning-immunity half is uninstrumented):
  code                 picks   PROCS
  PYR               :     6       0
  TRR               :     6      22
  FRT               :     5       -
  FST               :     5      56
  FVR               :     5       -
  ADR               :     3       -
  GHO               :     3       -
  RCL               :     3       0
  RPD               :     3       -
  EXE               :     2       -
  FDR               :     2       2
  GRN               :     2       -
  SCV               :     2       -
  VNM               :     2       -
  MRK               :     1       -
  SHK               :     1       0

RUN WIN-RATE BY BOON (campaign runs holding it):
  PYR               :   33% ±19  (in 6 runs)
  TRR               :   50% ±20  (in 6 runs)
  FRT               :   60% ±22  (in 5 runs)
  FST               :   40% ±22  (in 5 runs)
  FVR               :   20% ±18  (in 5 runs)
  ADR               :    0% ±0  (in 3 runs)
  GHO               :   33% ±27  (in 3 runs)
  RCL               :   33% ±27  (in 3 runs)
  RPD               :   33% ±27  (in 3 runs)
  EXE               :    0% ±0  (in 2 runs)
  FDR               :   50% ±35  (in 2 runs)
  GRN               :   50% ±35  (in 2 runs)
  SCV               :  100% ±0  (in 2 runs)
  VNM               :    0% ±0  (in 2 runs)
  MRK               :    0% ±0  (in 1 runs)
  SHK               :  100% ±0  (in 1 runs)

RUN WIN-RATE BY SPEC (campaign runs fielding it):
  HHT               :   33% ±19  (in 6 runs)
  ANC               :   50% ±25  (in 4 runs)
  SNT               :   50% ±25  (in 4 runs)
  ADN               :   33% ±27  (in 3 runs)
  JUG               :  100% ±0  (in 3 runs)
  BRC               :  100% ±0  (in 1 runs)
  PTH               :    0% ±0  (in 1 runs)

RUN WIN-RATE BY PERK (campaign runs holding it):
  FST               :   44% ±17  (in 9 runs)
  LCK               :   33% ±16  (in 9 runs)
  RFX               :   33% ±16  (in 9 runs)
  MRK               :   50% ±18  (in 8 runs)
  BND               :   57% ±19  (in 7 runs)
  GUN               :   14% ±13  (in 7 runs)
  MOM               :   14% ±13  (in 7 runs)
  TNK               :   43% ±19  (in 7 runs)
  CQB               :   33% ±19  (in 6 runs)
  HRD               :   33% ±19  (in 6 runs)
  GRD               :   40% ±22  (in 5 runs)
  OUT               :   60% ±22  (in 5 runs)
  CLH               :   50% ±25  (in 4 runs)
  EXC               :    0% ±0  (in 4 runs)
  SKR               :    0% ±0  (in 4 runs)
  VNT               :   25% ±22  (in 4 runs)
  BRK               :   67% ±27  (in 3 runs)
  PLT               :   33% ±27  (in 3 runs)
  SGE               :   33% ±27  (in 3 runs)

RUN WIN-RATE BY PURCHASE (campaign runs buying it):
  FIELD MEDKIT      :   31% ±12  (in 16 runs)
  WPN: SCOPE        :   38% ±13  (in 13 runs)
  BALLISTIC PLATING :   33% ±14  (in 12 runs)
  COUNTER-PREP      :   33% ±14  (in 12 runs)
  COMBAT STIMS      :   36% ±15  (in 11 runs)
  WPN: HOLLOW POINT :   36% ±15  (in 11 runs)
  FRAG CACHE        :   40% ±15  (in 10 runs)
  ARMORY            :   33% ±16  (in 9 runs)
  WPN: STABILIZER   :   33% ±16  (in 9 runs)
  WPN: SUPPRESSOR   :   44% ±17  (in 9 runs)
  ADV. TRAINING     :   50% ±18  (in 8 runs)
  WPN: BIPOD        :   14% ±13  (in 7 runs)
  WPN: EXTENDED MAG :   33% ±19  (in 6 runs)

RUN WIN-RATE BY EVENT-CHOICE (campaign runs taking id:arm):
  grave:1           :    0% ±0  (in 3 runs)
  bloodfeud:1       :   50% ±35  (in 2 runs)
  defector:0        :  100% ±0  (in 2 runs)
  distress:1        :    0% ±0  (in 2 runs)
  profiteer:0       :   50% ±35  (in 2 runs)
  warpension:1      :  100% ±0  (in 2 runs)
═══════════════════════════════════════════════════════════════════════

batch wall-time: 8.8s  (20 matches across 10 campaigns × 2 policy, frame-cap hits: 0)
aggregate JSON -> /home/user/wt/heat-pin/docs/measurements/l5/L5fac-m0a0b1-h6-b60.json
INFO: TEXTURE: [ID 2] Unloaded texture data from VRAM (GPU)
INFO: SHADER: [ID 3] Default shader unloaded successfully
INFO: TEXTURE: [ID 1] Default texture unloaded successfully
INFO: Window closed successfully
