BALANCE: heat PINNED for this batch (field-event AddHeat is a no-op; SIGHTLINE_HEATPIN=0 restores the leak)
INFO: Initializing raylib 6.0
INFO: Platform backend: DESKTOP (GLFW)
INFO: Supported raylib modules:
INFO:     > rcore:..... loaded (mandatory)
INFO:     > rlgl:...... loaded (mandatory)
INFO:     > rshapes:... loaded (optional)
INFO:     > rtextures:. loaded (optional)
INFO:     > rtext:..... loaded (optional)
INFO:     > rmodels:... loaded (optional)
INFO:     > raudio:.... loaded (optional)
INFO: DISPLAY: Trying to enable MSAA x4
INFO: DISPLAY: Device initialized successfully 
INFO:     > Display size: 1280 x 800
INFO:     > Screen size:  1280 x 800
INFO:     > Render size:  1280 x 800
INFO:     > Viewport offsets: 0, 0
INFO: GLAD: OpenGL extensions loaded successfully
INFO: GL: Supported extensions count: 229
INFO: GL: OpenGL device information:
INFO:     > Vendor:   Mesa
INFO:     > Renderer: llvmpipe (LLVM 20.1.2, 256 bits)
INFO:     > Version:  4.5 (Core Profile) Mesa 25.2.8-0ubuntu0.24.04.2
INFO:     > GLSL:     4.50
INFO: GL: VAO extension detected, VAO functions loaded successfully
INFO: GL: NPOT textures extension detected, full NPOT textures supported
INFO: GL: DXT compressed textures supported
INFO: GL: ETC2/EAC compressed textures supported
INFO: PLATFORM: DESKTOP (GLFW - X11): Initialized successfully
INFO: TEXTURE: [ID 1] Texture loaded successfully (1x1 | R8G8B8A8 | 1 mipmaps)
INFO: TEXTURE: [ID 1] Default texture loaded successfully
INFO: SHADER: [ID 1] Vertex shader compiled successfully
INFO: SHADER: [ID 2] Fragment shader compiled successfully
INFO: SHADER: [ID 3] Program shader loaded successfully
INFO: SHADER: [ID 3] Default shader loaded successfully
INFO: RLGL: Render batch vertex buffers loaded successfully in RAM (CPU)
INFO: RLGL: Render batch vertex buffers loaded successfully in VRAM (GPU)
INFO: RLGL: Default OpenGL state initialized successfully
INFO: TEXTURE: [ID 2] Texture loaded successfully (128x128 | GRAY_ALPHA | 1 mipmaps)
INFO: FONT: Default font loaded successfully (224 glyphs)
INFO: SYSTEM: Working Directory: /home/user/wt/heat-pin
INFO: TIMER: Target time per frame: 0.000 milliseconds
FINALE-KIT: Wardens
WAVE: +2 (SNIPER,SNIPER) [rich]
WAVE: +2 (SCOUT,SCOUT) [rich]
WAVE: +2 (SCOUT,BRUISER) [rich]
WAVE: +3 (GRUNT,SNIPER,MORTAR) [rich]
WAVE: +1 (PIKEMAN) [rich]
FINALE-KIT: Wardens
WAVE: +2 (SNIPER,BRUISER) [rich]
WAVE: +2 (SCOUT,STRIKER) [rich]
WAVE: +2 (SNIPER,HOUND) [rich]
WAVE: +3 (SNIPER,SCREENER,MORTAR) [rich]
REINFORCEMENTS: +2 (SCOUT,SCOUT)
REINFORCEMENTS: +2 (SCOUT,GRUNT)
REINFORCEMENTS: +3 (SCOUT,GRUNT,GRUNT)
FINALE-KIT: Wardens
FINALE-KIT: Wardens
WAVE: +3 (MORTAR,MORTAR,MEDIC) [rich]
WAVE: +1 (SCOUT) [rich]
REINFORCEMENTS: +2 (SCOUT,GRUNT)
FINALE-KIT: Syndicate
WAVE: +2 (DRONE,SHIELD) [rich]
WAVE: +2 (SCREENER,SAPPER) [rich]
WAVE: +2 (SHIELD,SPOTTER) [rich]
WAVE: +2 (GRUNT,DRONE) [rich]
WAVE: +2 (GRUNT,DRONE) [rich]
match 5/20  (W:1 L:4 cap:0)  4.6s
FINALE-KIT: Syndicate
WAVE: +2 (SAPPER,SAPPER) [rich]
WAVE: +2 (SHIELD,SCREENER) [rich]
WAVE: +2 (SHIELD,SCREENER) [rich]
WAVE: +2 (SHIELD,SAPPER) [rich]
FINALE-KIT: Legion
WAVE: +3 (LANCER,LANCER,HUNTER) [rich]
WAVE: +3 (MEDIC,STRIKER,MORTAR) [rich]
WAVE: +3 (MEDIC,CUSTODIAN,SNIPER) [rich]
FINALE-KIT: Legion
WAVE: +3 (GRUNT,HOUND,LANCER) [rich]
WAVE: +3 (BERSERKER,LANCER,SPOTTER) [rich]
WAVE: +3 (SPOTTER,HOUND,SPOTTER) [rich]
FINALE-KIT: Legion
FINALE-KIT: Legion
match 10/20  (W:1 L:9 cap:0)  6.8s
FINALE-KIT: Legion
FINALE-KIT: Legion
WAVE: +3 (SNIPER,MEDIC,GRUNT) [rich]
WAVE: +3 (SNIPER,CUSTODIAN,SNIPER) [rich]
WAVE: +1 (PIKEMAN) [rich]
WAVE: +3 (SCREENER,MEDIC,MORTAR) [rich]
WAVE: +3 (SNIPER,MEDIC,GRUNT) [rich]
WAVE: +1 (SNIPER) [rich]
FINALE-KIT: Legion
WAVE: +2 (STRIKER,STRIKER) [rich]
WAVE: +2 (STRIKER,DRONE) [rich]
WAVE: +2 (HOUND,STRIKER) [rich]
FINALE-KIT: Legion
WAVE: +2 (BRUISER,HUNTER) [rich]
WAVE: +2 (STRIKER,HOUND) [rich]
WAVE: +2 (HOUND,BRUISER) [rich]
REINFORCEMENTS: +2 (SCOUT,SCOUT)
FINALE-KIT: Legion
WAVE: +2 (SNIPER,GRUNT) [rich]
WAVE: +2 (SCREENER,MEDIC) [rich]
WAVE: +2 (MEDIC,PIKEMAN) [rich]
match 15/20  (W:2 L:13 cap:0)  9.2s
FINALE-KIT: Legion
WAVE: +2 (MEDIC,SNIPER) [rich]
WAVE: +2 (PIKEMAN,SCREENER) [rich]
WAVE: +2 (MORTAR,SNIPER) [rich]
FINALE-KIT: Wardens
WAVE: +2 (HUNTER,BRUISER) [rich]
WAVE: +2 (WARBRINGER,LANCER) [rich]
WAVE: +2 (LANCER,SCOUT) [rich]
FINALE-KIT: Wardens
WAVE: +2 (HUNTER,BRUISER) [rich]
WAVE: +2 (WARBRINGER,LANCER) [rich]
WAVE: +2 (LANCER,SCOUT) [rich]
FINALE-KIT: Wardens
WAVE: +2 (BRUISER,GRUNT) [rich]
WAVE: +2 (BERSERKER,LANCER) [rich]
WAVE: +2 (BRUISER,BERSERKER) [rich]
FINALE-KIT: Wardens
WAVE: +2 (HUNTER,BRUISER) [rich]
WAVE: +2 (BRUISER,STRIKER) [rich]
WAVE: +2 (HUNTER,BERSERKER) [rich]
match 20/20  (W:2 L:18 cap:0)  10.3s

══════════════════════ SIGHTLINE BALANCE REPORT ══════════════════════
runs=20  missions=72

RUN OUTCOMES (campaign):  win-rate   10%   avg missions cleared 3.5

POLICY GAP (optimal vs human-error; campaign runs only):
  greedy win-rate   10%  (n=10)
  sloppy win-rate   10%  (n=10)
  GAP    0 pts  (healthy slack)
  PAIRED (same-seed slots): pairs=10  concordant=8  discordant greedy-only-won=1 / sloppy-only-won=1  paired gap    0 pts
  PER-SLOT RECORDS (greedy | sloppy: outcome + missions cleared; margin = g−s):
    slot   0 @h6: W 6 | L 5   margin +1
    slot   1 @h6: L 0 | L 5   margin -5
    slot   2 @h6: L 3 | L 3   margin +0
    slot   3 @h6: L 4 | L 4   margin +0
    slot   4 @h6: L 3 | L 2   margin +1
    slot   5 @h6: L 2 | W 6   margin -4
    slot   6 @h6: L 3 | L 5   margin -2
    slot   7 @h6: L 4 | L 4   margin +0
    slot   8 @h6: L 3 | L 3   margin +0
    slot   9 @h6: L 3 | L 1   margin +2
  PAIRED MARGIN (missions cleared, all pairs): -0.70 ±0.72 SE  (n=10 pairs)
  by objective (greedy / sloppy / gap):
    Decapitate :   67% /   33% / gap   33
    Defend     :  100% /   90% / gap   10
    Eliminate  :   83% /  100% / gap  -17
    Escort     :   25% /   67% / gap  -42
    Evac       :    0% /  100% / gap -100
    Hack       :   50% /   50% / gap    0
    Rescue     :   50% /   50% / gap    0
    Sabotage   :  100% /  100% / gap    0

DECISION RICHNESS / SWING:
  meaningful-choices/turn 2.75   lead-swings/match 0.9   avg max-swing 57.3
  [shot-gate] acting-soldiers/turn 3.09   armed-soldiers/turn 1.15   armed-fraction 37%   turns-with-a-shot 54%   choices/ARMED-soldier-turn 2.39
  [choice-split] los-targets/ARMED 2.28   target-choices/ARMED 0.29   position-choices/ARMED 2.09

RUN COMPLETION BY HEAT (full-campaign clears):
  heat 6:   10% ±7  (n=20 runs, avg 3.5 missions)
  HEAT LEAK: pinned=yes  heat-raising picks=2  campaigns raised=0  missions off-rung=0/72

INTEL ECONOMY BY HEAT (campaign runs; heat-bonus = the Heat.IntelBonus share of income):
  heat 6: earned  210.9/run   heat-bonus  93.6 (  44% of income)   spent  199.7   unspent   11.2

MISSION WIN-RATE BY HEAT:
  heat 6:   75%  (n=72, avg 6.0 turns)

MISSION WIN-RATE BY OBJECTIVE:
  Eliminate  :   91% ±6  (n=23, avg 4.1 turns)
  Defend     :   94% ±5  (n=18, avg 9.0 turns)
  Decapitate :   44% ±17  (n=9, avg 6.3 turns)
  Escort     :   43% ±19  (n=7, avg 7.1 turns)
  Hack       :   50% ±20  (n=6, avg 4.7 turns)
  Rescue     :   50% ±25  (n=4, avg 4.5 turns)
  Sabotage   :  100% ±0  (n=3, avg 4.0 turns)
  Evac       :   50% ±35  (n=2, avg 4.5 turns)

MISSION WIN-RATE BY OBJECTIVE x NODE KIND (a capstone must never pool with a mid-run node):
  Eliminate  : Start:  95%(n=20)  Supply:  67%(n=3)
               depth: m1:95%(20) m3:100%(2) m4:0%(1)
  Defend     : Combat:  92%(n=12)  Supply: 100%(n=6)
               depth: m2:83%(6) m3:100%(6) m4:100%(4) m5:100%(2)
  Decapitate : Boss:  40%(n=5)  Combat:  33%(n=3)  Supply: 100%(n=1)
               depth: m3:100%(1) m4:0%(2) m5:100%(1) m6:40%(5)
  Escort     : Combat:  50%(n=4)  Elite:  33%(n=3)
               depth: m4:60%(5) m5:0%(2)
  Hack       : Combat:  50%(n=4)  Elite:  50%(n=2)
               depth: m3:67%(3) m4:0%(2) m5:100%(1)
  Rescue     : Elite:  50%(n=4)
               depth: m2:100%(2) m5:0%(2)
  Sabotage   : Combat: 100%(n=3)
               depth: m3:100%(2) m5:100%(1)
  Evac       : Supply:  50%(n=2)
               depth: m3:50%(2)

ENCOUNTER COMPLETION on MID-RUN nodes (Combat+Elite) — clear% is the share of the fight actually fought:
  objective     n   win%   turns   force    +rf  killed  clear%   prs  WONclear%
  Defend        12   92%     9.0    6.83   5.50    3.42    27.7  0.00     28.1 (n=11)
  Escort         7   43%     7.1   10.71   0.00    3.00    28.0  0.00     35.5 (n=3)
  Hack           6   50%     4.7   10.33   0.00    1.00     9.7  0.33      9.7 (n=3)
  Rescue         4   50%     4.5    9.50   0.00    3.25    34.2  0.00     50.0 (n=2)
  Sabotage       3  100%     4.0    7.67   0.00    4.00    52.2  0.00     52.2 (n=3)
  Decapitate     3   33%     5.7   10.33   0.00    0.67     6.5  1.00      9.1 (n=1)
  ---- the two classes ----
  KILL           3   33%     5.7   10.33   0.00    0.67     6.5  1.00      9.1 (n=1)
  NON-KILL      32   69%     6.8    8.75   2.06    2.91    26.9  0.06     30.4 (n=22)

DECAPITATE HVT (buff = +6+1*mission HP, +6 aim; ELITE exempt):
  EXEMPT  :   57% ±19  (n=7, avg 6.4 turns, HVT 23.6 max HP)  [m3:100%(1) m5:100%(1) m6:40%(5)]
  BUFFED  :    0% ±0  (n=2, avg 6.0 turns, HVT 28.0 max HP)  [m4:0%(2)]

MISSION WIN-RATE BY MISSION #:
  m1:   95% ±5  (n=20)
  m2:   88% ±12  (n=8)
  m3:   88% ±8  (n=16)
  m4:   50% ±13  (n=14)
  m5:   56% ±17  (n=9)
  m6:   40% ±22  (n=5)

LOSS CAUSES (missions):
  RUN OVER              : 14
  VIP LOST              : 2
  CAPTIVE LOST          : 2

MISSION WIN-RATE BY ARENA (authored layouts, n>=3; procedural fallback   17% of 72 missions):
  arena  7:  100% ±0  (n=4, avg 8.3 turns)  [m3:100%(2) m4:100%(2)]
  arena 11:   67% ±27  (n=3, avg 9.7 turns)  [m3:100%(2) m6:0%(1)]
  arena 12:   67% ±27  (n=3, avg 8.0 turns)  [m3:100%(2) m4:0%(1)]
  arena 14:    0% ±0  (n=5, avg 6.4 turns)  [m4:0%(4) m5:0%(1)]
  arena 15:   75% ±22  (n=4, avg 5.0 turns)  [m1:100%(2) m4:50%(2)]
  arena 24:  100% ±0  (n=5, avg 6.8 turns)  [m3:100%(4) m4:100%(1)]
  arena 29:  100% ±0  (n=3, avg 3.0 turns)  [m1:100%(2) m5:100%(1)]
  arena 32:   71% ±17  (n=7, avg 6.9 turns)  [m2:100%(2) m3:67%(3) m4:100%(1) m5:0%(1)]
  arena 33:   67% ±19  (n=6, avg 6.8 turns)  [m1:100%(2) m2:50%(2) m4:50%(2)]
  arena 34:   75% ±22  (n=4, avg 6.3 turns)  [m1:100%(2) m6:50%(2)]
  procedural:   83% ±11  (n=12, avg 5.0 turns)  [m1:100%(4) m2:100%(3) m3:100%(1) m4:100%(1) m5:33%(3)]

DEPLOYMENT GEOMETRY (opening shape; choices/ARMED is the wave's real gate):
  FRONTAL   :   81% ±9  (n=21, avg 6.0 turns)  choices/turn 3.04  choices/ARMED 2.41  los-targets/ARMED 2.47
  PINCER    :   59% ±9  (n=29, avg 6.0 turns)  choices/turn 2.04  choices/ARMED 2.36  los-targets/ARMED 2.50
  CROSSFIRE :   86% ±13  (n=7, avg 3.6 turns)  choices/turn 2.17  choices/ARMED 1.49  los-targets/ARMED 1.71
  ENVELOP   :   93% ±6  (n=15, avg 7.0 turns)  choices/turn 3.72  choices/ARMED 2.62  los-targets/ARMED 2.01

ARENA FUNNEL (Mission.Build exits, n=86 builds, all modes):
  authored-applied    :  83.7%  (n=72)
  connectivity-reject :   0.0%  (n=0)
  procedural-roll     :  16.3%  (n=14)

DECK EXPOSURE (campaign runs n=20):
  distinct authored arenas/run : 3.00 mean (all runs)
  ... full-depth runs only     : 4.00 mean over 5.5 fights/run (n=2)
  Defend dealt on the route    :   80% of runs (n=16)

ENEMY DECISION MIX (contested acts=1509; all-downed acts not counted=423):
  shoot           781    52%
  hunker          431    29%
  move            109     7%
  heal             54     4%
  grenade          39     3%
  reload           31     2%
  siege            26     2%
  item             21     1%
  brace            10     1%
  shove             5     0%
  overwatch         1     0%
  staleplan         1     0%

  the shot on the table (acts where the chosen tile HAD a shot = 872):
    hit% band     taken   share   E[dmg]/shot   declined   share   E[dmg]/shot
      0-19           6      1%          0.45          0      0%          0.00
     20-39          39      5%          1.37          0      0%          0.00
     40-59         143     18%          1.84          0      0%          0.00
     60-79         288     37%          2.84          0      0%          0.00
      80+          305     39%          4.11          0      0%          0.00
    TOTAL           781                              0
  taken   90% / DECLINED    0% / preempted by another verb   10%
  enemy lanes held (overwatch+brace) 11; reaction shots fired 2  ->   18% of lanes paid off   [C2: DeclineWatchRatio is a bet on this number]

ACTION MIX (verbs issued, by policy):
  verb                  greedy        sloppy
  MOVE               391   36%     538   35%
  SHOOT              267   25%     409   27%
  OVERWATCH           88    8%      99    7%
  BRACE               51    5%     101    7%
  RELOAD              40    4%      52    3%
  HUNKER              36    3%      44    3%
  FOCUS               42    4%      30    2%
  INTEL               31    3%      38    3%
  STABILIZE           31    3%      34    2%
  SLIPSTREAM          24    2%      39    3%
  MARK                14    1%      20    1%
  DRAG                16    1%      16    1%
  PIN                  7    1%      24    2%
  ITEM:SMOKE           6    1%      18    1%
  REARM                7    1%      12    1%
  GRENADE              7    1%      11    1%
  PATCH                8    1%       8    1%
  PLANT                4    0%       6    0%
  HACK                 3    0%       6    0%
  BEACON               3    0%       4    0%
  GRAPPLE              3    0%       3    0%
  BARREL               1    0%       4    0%
  ITEM:FLASH           0    0%       1    0%
  ITEM:INCENDIARY       0    0%       1    0%

PLAYER CLASS PERFORMANCE:
  class        shots   hit%   dmg   kills
  SHARPSHOOTER    185    93%   1219     76
  GUNNER         213    82%    907     55
  ASSAULT        211    85%    899     50
  RANGER          88    81%    451     30
  CORPSMAN        62    84%    206      9

SOLDIER DEATHS BY ENEMY CLASS (threat ranking):
  BERSERKER  : 19
  GRUNT      : 16
  HUNTER     : 16
  SNIPER     : 13
  BURN       : 10
  BRUISER    : 6
  LANCER     : 5
  STRIKE     : 5
  SCREENER   : 5
  ELITE      : 4
  SCOUT      : 3
  SHIELD     : 2
  DRONE      : 2
  HOUND      : 2
  TURRET     : 1
  MEDIC      : 1
  STRIKER    : 1
  PIKEMAN    : 1
  SAPPER     : 1
  WARBRINGER : 1

SOLDIER DOWNS (FUL-7 bleed-out): 225 downs -> revived 4 / recovered 42 / bled out 151 / finished 19  (save-rate   24%)
  corpsman fielded in 33 missions

ENEMY COMPOSITION (spawns; faction-stamped fights n=545 / default-cascade fights n=222):
  class        faction         default
  GRUNT           56   10%       32   14%
  SCOUT           31    6%       56   25%
  BERSERKER       54   10%       11    5%
  HUNTER          49    9%       12    5%
  BRUISER         54   10%        5    2%
  SNIPER          36    7%       14    6%
  ELITE           32    6%        7    3%
  HOUND           19    3%       16    7%
  SCREENER        27    5%        7    3%
  LANCER          19    3%       15    7%
  MEDIC           19    3%       10    5%
  PIKEMAN         24    4%        2    1%
  SAPPER          18    3%        7    3%
  DRONE           19    3%        2    1%
  SHIELD          17    3%        3    1%
  STRIKER         12    2%        8    4%
  SPOTTER          9    2%       10    5%
  MORTAR          16    3%        1    0%
  WARBRINGER      12    2%        0    0%
  BOMBARD         10    2%        0    0%
  CUSTODIAN        8    1%        1    0%
  TURRET           4    1%        3    1%

PERK PICK FREQUENCY:
  MOM           : 15
  LCK           : 14
  GUN           : 14
  RFX           : 12
  TNK           : 11
  OUT           : 11
  HRD           : 10
  BND           : 9
  GRD           : 9
  CQB           : 8
  PLT           : 8
  MRK           : 8
  EXC           : 8
  SKR           : 8
  CLH           : 6
  FST           : 5
  VNT           : 4
  SGE           : 4
  BRK           : 3

SHOP PURCHASE FREQUENCY:
  FIELD MEDKIT      : 64
  WPN: SCOPE        : 60
  WPN: BIPOD        : 41
  WPN: HOLLOW POINT : 35
  WPN: EXTENDED MAG : 34
  BALLISTIC PLATING : 29
  COMBAT STIMS      : 26
  WPN: STABILIZER   : 24
  COUNTER-PREP      : 21
  ARMORY            : 19
  ADV. TRAINING     : 15
  FRAG CACHE        : 10
  WPN: SUPPRESSOR   : 8

BOON PICK FREQUENCY (PROCS = effect fires at instrumented sites; '-' = not instrumented;
                      PYR counts the +2-turn-burn half only — the Burning-immunity half is uninstrumented):
  code                 picks   PROCS
  EXE               :     8       -
  FRT               :     7       -
  GHO               :     5       -
  FDR               :     4       1
  TRR               :     4       4
  FVR               :     3       -
  PYR               :     3       3
  RCL               :     3       0
  SHK               :     3       3
  ADR               :     2       -
  FST               :     2      19
  GRN               :     2       -
  MRK               :     2       -
  SCV               :     2       -
  VNM               :     2       -

RUN WIN-RATE BY BOON (campaign runs holding it):
  EXE               :   25% ±15  (in 8 runs)
  FRT               :   14% ±13  (in 7 runs)
  GHO               :    0% ±0  (in 5 runs)
  FDR               :   50% ±25  (in 4 runs)
  TRR               :    0% ±0  (in 4 runs)
  FVR               :    0% ±0  (in 3 runs)
  PYR               :   33% ±27  (in 3 runs)
  RCL               :    0% ±0  (in 3 runs)
  SHK               :   33% ±27  (in 3 runs)
  ADR               :    0% ±0  (in 2 runs)
  FST               :    0% ±0  (in 2 runs)
  GRN               :   50% ±35  (in 2 runs)
  MRK               :   50% ±35  (in 2 runs)
  SCV               :    0% ±0  (in 2 runs)
  VNM               :    0% ±0  (in 2 runs)

RUN WIN-RATE BY SPEC (campaign runs fielding it):
  BRC               :    0% ±0  (in 5 runs)
  HHT               :    0% ±0  (in 5 runs)
  SNT               :    0% ±0  (in 5 runs)
  ADN               :   25% ±22  (in 4 runs)
  ANC               :   33% ±27  (in 3 runs)
  JUG               :    0% ±0  (in 3 runs)
  PTH               :   50% ±35  (in 2 runs)
  PHN               :  100% ±0  (in 1 runs)

RUN WIN-RATE BY PERK (campaign runs holding it):
  MOM               :    9% ±9  (in 11 runs)
  LCK               :   20% ±13  (in 10 runs)
  OUT               :   22% ±14  (in 9 runs)
  BND               :    0% ±0  (in 8 runs)
  PLT               :    0% ±0  (in 8 runs)
  TNK               :   25% ±15  (in 8 runs)
  CQB               :   29% ±17  (in 7 runs)
  EXC               :   14% ±13  (in 7 runs)
  GRD               :    0% ±0  (in 7 runs)
  GUN               :   14% ±13  (in 7 runs)
  MRK               :    0% ±0  (in 7 runs)
  RFX               :    0% ±0  (in 7 runs)
  HRD               :   17% ±15  (in 6 runs)
  SKR               :   17% ±15  (in 6 runs)
  CLH               :   40% ±22  (in 5 runs)
  FST               :    0% ±0  (in 5 runs)
  SGE               :    0% ±0  (in 4 runs)
  VNT               :    0% ±0  (in 4 runs)
  BRK               :    0% ±0  (in 3 runs)

RUN WIN-RATE BY PURCHASE (campaign runs buying it):
  FIELD MEDKIT      :   12% ±8  (in 17 runs)
  COMBAT STIMS      :   13% ±9  (in 15 runs)
  ARMORY            :    8% ±7  (in 13 runs)
  COUNTER-PREP      :   15% ±10  (in 13 runs)
  WPN: BIPOD        :   15% ±10  (in 13 runs)
  BALLISTIC PLATING :   17% ±11  (in 12 runs)
  WPN: HOLLOW POINT :   17% ±11  (in 12 runs)
  WPN: SCOPE        :   17% ±11  (in 12 runs)
  FRAG CACHE        :   25% ±15  (in 8 runs)
  WPN: EXTENDED MAG :   25% ±15  (in 8 runs)
  WPN: STABILIZER   :    0% ±0  (in 8 runs)
  WPN: SUPPRESSOR   :   29% ±17  (in 7 runs)
  ADV. TRAINING     :    0% ±0  (in 6 runs)

RUN WIN-RATE BY EVENT-CHOICE (campaign runs taking id:arm):
  blackmarket:2     :    0% ±0  (in 2 runs)
  defector:0        :    0% ±0  (in 2 runs)
  drill:1           :    0% ±0  (in 2 runs)
  informant:1       :    0% ±0  (in 2 runs)
  medic:1           :    0% ±0  (in 2 runs)
  quartermaster:1   :   50% ±35  (in 2 runs)
  relic:1           :    0% ±0  (in 2 runs)
  warchest:2        :    0% ±0  (in 1 runs)
═══════════════════════════════════════════════════════════════════════

batch wall-time: 10.3s  (20 matches across 10 campaigns × 2 policy, frame-cap hits: 0)
aggregate JSON -> /home/user/wt/heat-pin/docs/measurements/l5/L5fac-m3a0b1-h6-b0.json
INFO: TEXTURE: [ID 2] Unloaded texture data from VRAM (GPU)
INFO: SHADER: [ID 3] Default shader unloaded successfully
INFO: TEXTURE: [ID 1] Default texture unloaded successfully
INFO: Window closed successfully
