BALANCE: heat PINNED for this batch (field-event AddHeat is a no-op; SIGHTLINE_HEATPIN=0 restores the leak)
INFO: Initializing raylib 6.0
INFO: Platform backend: DESKTOP (GLFW)
INFO: Supported raylib modules:
INFO:     > rcore:..... loaded (mandatory)
INFO:     > rlgl:...... loaded (mandatory)
INFO:     > rshapes:... loaded (optional)
INFO:     > rtextures:. loaded (optional)
INFO:     > rtext:..... loaded (optional)
INFO:     > rmodels:... loaded (optional)
INFO:     > raudio:.... loaded (optional)
INFO: DISPLAY: Trying to enable MSAA x4
INFO: DISPLAY: Device initialized successfully 
INFO:     > Display size: 1280 x 800
INFO:     > Screen size:  1280 x 800
INFO:     > Render size:  1280 x 800
INFO:     > Viewport offsets: 0, 0
INFO: GLAD: OpenGL extensions loaded successfully
INFO: GL: Supported extensions count: 229
INFO: GL: OpenGL device information:
INFO:     > Vendor:   Mesa
INFO:     > Renderer: llvmpipe (LLVM 20.1.2, 256 bits)
INFO:     > Version:  4.5 (Core Profile) Mesa 25.2.8-0ubuntu0.24.04.2
INFO:     > GLSL:     4.50
INFO: GL: VAO extension detected, VAO functions loaded successfully
INFO: GL: NPOT textures extension detected, full NPOT textures supported
INFO: GL: DXT compressed textures supported
INFO: GL: ETC2/EAC compressed textures supported
INFO: PLATFORM: DESKTOP (GLFW - X11): Initialized successfully
INFO: TEXTURE: [ID 1] Texture loaded successfully (1x1 | R8G8B8A8 | 1 mipmaps)
INFO: TEXTURE: [ID 1] Default texture loaded successfully
INFO: SHADER: [ID 1] Vertex shader compiled successfully
INFO: SHADER: [ID 2] Fragment shader compiled successfully
INFO: SHADER: [ID 3] Program shader loaded successfully
INFO: SHADER: [ID 3] Default shader loaded successfully
INFO: RLGL: Render batch vertex buffers loaded successfully in RAM (CPU)
INFO: RLGL: Render batch vertex buffers loaded successfully in VRAM (GPU)
INFO: RLGL: Default OpenGL state initialized successfully
INFO: TEXTURE: [ID 2] Texture loaded successfully (128x128 | GRAY_ALPHA | 1 mipmaps)
INFO: FONT: Default font loaded successfully (224 glyphs)
INFO: SYSTEM: Working Directory: /home/user/wt/heat-pin
INFO: TIMER: Target time per frame: 0.000 milliseconds
FINALE-KIT: Legion
WAVE: +2 (BERSERKER,BERSERKER) [rich]
WAVE: +2 (LANCER,WARBRINGER) [rich]
WAVE: +2 (BERSERKER,GRUNT) [rich]
WAVE: +2 (BERSERKER,HOUND) [rich]
FINALE-KIT: Legion
WAVE: +2 (BERSERKER,HOUND) [rich]
WAVE: +2 (LANCER,BRUISER) [rich]
WAVE: +2 (HUNTER,STRIKER) [rich]
WAVE: +2 (LANCER,HUNTER) [rich]
WAVE: +2 (LANCER,BRUISER) [rich]
FINALE-KIT: Syndicate
WAVE: +2 (DRONE,SCOUT) [rich]
WAVE: +2 (DRONE,BRUISER) [rich]
WAVE: +2 (STRIKER,HOUND) [rich]
FINALE-KIT: Syndicate
WAVE: +2 (DRONE,SCOUT) [rich]
WAVE: +2 (DRONE,BRUISER) [rich]
WAVE: +2 (STRIKER,HOUND) [rich]
FINALE-KIT: Wardens
WAVE: +3 (SHIELD,SHIELD,CUSTODIAN) [rich]
match 5/20  (W:1 L:4 cap:0)  4.8s
FINALE-KIT: Wardens
FINALE-KIT: Legion
FINALE-KIT: Legion
FINALE-KIT: Wardens
WAVE: +2 (STRIKER,HOUND) [rich]
WAVE: +2 (SNIPER,HOUND) [rich]
WAVE: +2 (SNIPER,HUNTER) [rich]
FINALE-KIT: Wardens
WAVE: +2 (HOUND,DRONE) [rich]
WAVE: +2 (LANCER,DRONE) [rich]
WAVE: +2 (STRIKER,HUNTER) [rich]
match 10/20  (W:1 L:9 cap:0)  6.1s
FINALE-KIT: Wardens
FINALE-KIT: Wardens
WAVE: +3 (STRIKER,MORTAR,PIKEMAN) [rich]
WAVE: +2 (HUNTER,BERSERKER) [rich]
WAVE: +1 (MORTAR) [rich]
REINFORCEMENTS: +2 (GRUNT,GRUNT)
REINFORCEMENTS: +2 (SCOUT,GRUNT)
REINFORCEMENTS: +2 (GRUNT,GRUNT)
REINFORCEMENTS: +3 (GRUNT,GRUNT,SCOUT)
FINALE-KIT: Wardens
FINALE-KIT: Wardens
FINALE-KIT: Legion
WAVE: +2 (STRIKER,HUNTER) [rich]
WAVE: +2 (LANCER,SCOUT) [rich]
WAVE: +2 (HOUND,LANCER) [rich]
match 15/20  (W:1 L:14 cap:0)  7.4s
FINALE-KIT: Legion
WAVE: +2 (SCOUT,DRONE) [rich]
WAVE: +2 (STRIKER,STRIKER) [rich]
WAVE: +2 (HOUND,BRUISER) [rich]
FINALE-KIT: Wardens
FINALE-KIT: Wardens
FINALE-KIT: Wardens
FINALE-KIT: Wardens
match 20/20  (W:1 L:19 cap:0)  8.4s

══════════════════════ SIGHTLINE BALANCE REPORT ══════════════════════
runs=20  missions=58

RUN OUTCOMES (campaign):  win-rate    5%   avg missions cleared 3.0

POLICY GAP (optimal vs human-error; campaign runs only):
  greedy win-rate    0%  (n=10)
  sloppy win-rate   10%  (n=10)
  GAP  -10 pts  (healthy slack)
  PAIRED (same-seed slots): pairs=10  concordant=9  discordant greedy-only-won=0 / sloppy-only-won=1  paired gap  -10 pts
  PER-SLOT RECORDS (greedy | sloppy: outcome + missions cleared; margin = g−s):
    slot  20 @h6: L 2 | W 6   margin -4
    slot  21 @h6: L 5 | L 3   margin +2
    slot  22 @h6: L 3 | L 2   margin +1
    slot  23 @h6: L 5 | L 2   margin +3
    slot  24 @h6: L 3 | L 3   margin +0
    slot  25 @h6: L 1 | L 5   margin -4
    slot  26 @h6: L 2 | L 2   margin +0
    slot  27 @h6: L 4 | L 4   margin +0
    slot  28 @h6: L 3 | L 3   margin +0
    slot  29 @h6: L 1 | L 1   margin +0
  PAIRED MARGIN (missions cleared, all pairs): -0.20 ±0.71 SE  (n=10 pairs)
  by objective (greedy / sloppy / gap):
    Decapitate :    0% /   33% / gap  -33
    Defend     :   60% /  100% / gap  -40
    Eliminate  :  100% /  100% / gap    0
    Evac       :   50% /  100% / gap  -50
    Rescue     :   40% /   20% / gap   20
    Sabotage   :   67% /    0% / gap   67

DECISION RICHNESS / SWING:
  meaningful-choices/turn 2.47   lead-swings/match 0.7   avg max-swing 54.2
  [shot-gate] acting-soldiers/turn 3.03   armed-soldiers/turn 1.11   armed-fraction 37%   turns-with-a-shot 49%   choices/ARMED-soldier-turn 2.22
  [choice-split] los-targets/ARMED 2.24   target-choices/ARMED 0.30   position-choices/ARMED 1.92

RUN COMPLETION BY HEAT (full-campaign clears):
  heat 6:    5% ±5  (n=20 runs, avg 3.0 missions)
  HEAT LEAK: pinned=yes  heat-raising picks=0  campaigns raised=0  missions off-rung=0/58

INTEL ECONOMY BY HEAT (campaign runs; heat-bonus = the Heat.IntelBonus share of income):
  heat 6: earned  151.5/run   heat-bonus  68.4 (  45% of income)   spent  133.7   unspent   17.8

MISSION WIN-RATE BY HEAT:
  heat 6:   67%  (n=58, avg 5.1 turns)

MISSION WIN-RATE BY OBJECTIVE:
  Eliminate  :  100% ±0  (n=21, avg 3.7 turns)
  Defend     :   80% ±13  (n=10, avg 8.6 turns)
  Rescue     :   30% ±14  (n=10, avg 4.9 turns)
  Decapitate :   17% ±15  (n=6, avg 5.8 turns)
  Sabotage   :   33% ±19  (n=6, avg 4.8 turns)
  Evac       :   75% ±22  (n=4, avg 4.5 turns)
  Hack       :  100% ±0  (n=1, avg 2.0 turns)

MISSION WIN-RATE BY OBJECTIVE x NODE KIND (a capstone must never pool with a mid-run node):
  Eliminate  : Start: 100%(n=20)  Combat: 100%(n=1)
               depth: m1:100%(20) m5:100%(1)
  Defend     : Supply: 100%(n=7)  Combat:  33%(n=3)
               depth: m2:100%(6) m3:50%(2) m4:50%(2)
  Rescue     : Combat:  38%(n=8)  Elite:   0%(n=2)
               depth: m2:100%(2) m4:17%(6) m5:0%(2)
  Decapitate : Boss:  25%(n=4)  Combat:   0%(n=2)
               depth: m3:0%(2) m6:25%(4)
  Sabotage   : Elite:  25%(n=4)  Combat:  50%(n=2)
               depth: m2:0%(2) m3:50%(4)
  Evac       : Combat:  75%(n=4)
               depth: m2:50%(2) m3:100%(2)
  Hack       : Combat: 100%(n=1)
               depth: m5:100%(1)

ENCOUNTER COMPLETION on MID-RUN nodes (Combat+Elite) — clear% is the share of the fight actually fought:
  objective     n   win%   turns   force    +rf  killed  clear%   prs  WONclear%
  Rescue        10   30%     4.9    9.60   0.00    3.60    37.5  0.00     59.1 (n=3)
  Sabotage       6   33%     4.8    7.33   0.00    1.17    15.9  0.00     18.8 (n=2)
  Evac           4   75%     4.5    7.50   0.00    0.75    10.0  0.00     12.5 (n=3)
  Defend         3   33%     7.7    7.33   5.00    3.00    24.3  0.00     46.2 (n=1)
  Decapitate     2    0%     5.5    9.00   0.00    0.00     0.0  0.50      0.0 (n=0)
  Hack           1  100%     2.0   11.00   0.00    0.00     0.0  0.00      0.0 (n=1)
  Eliminate      1  100%     8.0   11.00   0.00   11.00   100.0  2.00    100.0 (n=1)
  ---- the two classes ----
  KILL           3   33%     6.3    9.67   0.00    3.67    37.9  1.00    100.0 (n=1)
  NON-KILL      24   42%     5.0    8.46   0.63    2.29    25.2  0.00     29.1 (n=10)

DECAPITATE HVT (buff = +6+1*mission HP, +6 aim; ELITE exempt):
  EXEMPT  :   17% ±15  (n=6, avg 5.8 turns, HVT 22.7 max HP)  [m3:0%(2) m6:25%(4)]

MISSION WIN-RATE BY MISSION #:
  m1:  100% ±0  (n=20)
  m2:   75% ±13  (n=12)
  m3:   50% ±16  (n=10)
  m4:   25% ±15  (n=8)
  m5:   50% ±25  (n=4)
  m6:   25% ±22  (n=4)

LOSS CAUSES (missions):
  RUN OVER              : 12
  CAPTIVE LOST          : 7

MISSION WIN-RATE BY ARENA (authored layouts, n>=3; procedural fallback   19% of 58 missions):
  arena 15:   67% ±27  (n=3, avg 10.0 turns)  [m2:100%(2) m6:0%(1)]
  arena 16:   67% ±27  (n=3, avg 4.3 turns)  [m3:100%(2) m4:0%(1)]
  arena 19:  100% ±0  (n=4, avg 1.8 turns)  [m1:100%(4)]
  arena 28:   33% ±27  (n=3, avg 7.3 turns)  [m4:100%(1) m5:0%(2)]
  arena 31:  100% ±0  (n=3, avg 8.7 turns)  [m2:100%(2) m5:100%(1)]
  arena 33:  100% ±0  (n=3, avg 5.3 turns)  [m1:100%(2) m3:100%(1)]
  procedural:   64% ±15  (n=11, avg 5.8 turns)  [m1:100%(6) m3:0%(3) m4:50%(2)]

DEPLOYMENT GEOMETRY (opening shape; choices/ARMED is the wave's real gate):
  FRONTAL   :   76% ±9  (n=25, avg 5.4 turns)  choices/turn 2.54  choices/ARMED 2.52  los-targets/ARMED 1.88
  PINCER    :   56% ±12  (n=16, avg 5.4 turns)  choices/turn 2.68  choices/ARMED 2.23  los-targets/ARMED 2.30
  CROSSFIRE :   50% ±20  (n=6, avg 3.2 turns)  choices/turn 2.17  choices/ARMED 1.63  los-targets/ARMED 3.50
  ENVELOP   :   73% ±13  (n=11, avg 5.2 turns)  choices/turn 2.12  choices/ARMED 1.83  los-targets/ARMED 2.41

ARENA FUNNEL (Mission.Build exits, n=69 builds, all modes):
  authored-applied    :  82.6%  (n=57)
  connectivity-reject :   0.0%  (n=0)
  procedural-roll     :  17.4%  (n=12)

DECK EXPOSURE (campaign runs n=20):
  distinct authored arenas/run : 2.35 mean (all runs)
  ... full-depth runs only     : 4.00 mean over 4.0 fights/run (n=1)
  Defend dealt on the route    :   50% of runs (n=10)

ENEMY DECISION MIX (contested acts=914; all-downed acts not counted=389):
  shoot           619    68%
  hunker          178    19%
  move             51     6%
  grenade          29     3%
  reload           17     2%
  heal              9     1%
  item              7     1%
  brace             1     0%
  sap               1     0%
  shove             1     0%
  staleplan         1     0%

  the shot on the table (acts where the chosen tile HAD a shot = 666):
    hit% band     taken   share   E[dmg]/shot   declined   share   E[dmg]/shot
      0-19           0      0%          0.00          0      0%          0.00
     20-39          35      6%          1.25          0      0%          0.00
     40-59         104     17%          1.75          0      0%          0.00
     60-79         257     42%          2.80          0      0%          0.00
      80+          223     36%          4.68          0      0%          0.00
    TOTAL           619                              0
  taken   93% / DECLINED    0% / preempted by another verb    7%
  enemy lanes held (overwatch+brace) 1; reaction shots fired 1  ->  100% of lanes paid off   [C2: DeclineWatchRatio is a bet on this number]

ACTION MIX (verbs issued, by policy):
  verb                  greedy        sloppy
  MOVE               347   39%     414   44%
  SHOOT              248   28%     222   23%
  OVERWATCH           41    5%      60    6%
  BRACE               36    4%      37    4%
  HUNKER              30    3%      28    3%
  INTEL               29    3%      27    3%
  RELOAD              27    3%      20    2%
  SLIPSTREAM          22    3%      22    2%
  STABILIZE           19    2%      24    3%
  FOCUS               18    2%      23    2%
  PIN                 13    1%       7    1%
  MARK                 7    1%      13    1%
  DRAG                 7    1%      12    1%
  PLANT               10    1%       8    1%
  ITEM:SMOKE           6    1%       7    1%
  GRENADE              5    1%       6    1%
  PATCH                5    1%       4    0%
  BEACON               4    0%       3    0%
  REARM                1    0%       6    1%
  BARREL               2    0%       3    0%
  GRAPPLE              1    0%       1    0%
  HACK                 0    0%       2    0%
  EXTRACT              1    0%       0    0%

PLAYER CLASS PERFORMANCE:
  class        shots   hit%   dmg   kills
  SHARPSHOOTER    117    94%    833     56
  ASSAULT        156    76%    640     40
  GUNNER         138    79%    558     48
  RANGER          56    80%    249     22
  CORPSMAN        38    74%     77      3

SOLDIER DEATHS BY ENEMY CLASS (threat ranking):
  SAPPER     : 13
  ELITE      : 10
  SCOUT      : 8
  BURN       : 7
  BRUISER    : 7
  SNIPER     : 7
  LANCER     : 6
  GRUNT      : 6
  MORTAR     : 5
  BERSERKER  : 4
  SCREENER   : 4
  SHIELD     : 3
  TURRET     : 3
  DRONE      : 3
  WARBRINGER : 2
  STRIKER    : 2
  HUNTER     : 2
  CUSTODIAN  : 1
  PIKEMAN    : 1
  MEDIC      : 1
  SPOTTER    : 1

SOLDIER DOWNS (FUL-7 bleed-out): 169 downs -> revived 6 / recovered 22 / bled out 123 / finished 9  (save-rate   22%)
  corpsman fielded in 18 missions

ENEMY COMPOSITION (spawns; faction-stamped fights n=393 / default-cascade fights n=147):
  class        faction         default
  SCOUT           20    5%       64   44%
  GRUNT           32    8%       24   16%
  BRUISER         35    9%        6    4%
  DRONE           30    8%        7    5%
  SNIPER          28    7%        5    3%
  ELITE           29    7%        0    0%
  STRIKER         17    4%       11    7%
  SAPPER          28    7%        0    0%
  HUNTER          20    5%        7    5%
  BERSERKER       24    6%        1    1%
  LANCER          22    6%        3    2%
  SHIELD          23    6%        2    1%
  HOUND           12    3%       11    7%
  TURRET          12    3%        3    2%
  SCREENER        14    4%        0    0%
  SPOTTER         12    3%        0    0%
  MORTAR           7    2%        2    1%
  PIKEMAN          7    2%        1    1%
  WARBRINGER       6    2%        0    0%
  CUSTODIAN        6    2%        0    0%
  MEDIC            6    2%        0    0%
  BOMBARD          3    1%        0    0%

PERK PICK FREQUENCY:
  MOM           : 13
  MRK           : 13
  CQB           : 12
  GUN           : 9
  CLH           : 9
  RFX           : 6
  EXC           : 6
  SGE           : 6
  LCK           : 6
  SKR           : 5
  BRK           : 5
  HRD           : 4
  OUT           : 4
  BND           : 3
  PLT           : 3
  VNT           : 3
  FST           : 3
  TNK           : 2
  GRD           : 2

SHOP PURCHASE FREQUENCY:
  WPN: SCOPE        : 48
  FIELD MEDKIT      : 36
  WPN: HOLLOW POINT : 30
  WPN: STABILIZER   : 30
  WPN: EXTENDED MAG : 23
  WPN: BIPOD        : 19
  FRAG CACHE        : 13
  WPN: SUPPRESSOR   : 11
  ARMORY            : 7
  ADV. TRAINING     : 7
  COUNTER-PREP      : 7
  BALLISTIC PLATING : 6
  COMBAT STIMS      : 4

BOON PICK FREQUENCY (PROCS = effect fires at instrumented sites; '-' = not instrumented;
                      PYR counts the +2-turn-burn half only — the Burning-immunity half is uninstrumented):
  code                 picks   PROCS
  RPD               :     5       -
  SHK               :     5       0
  TRR               :     5       5
  FST               :     3      34
  PYR               :     3       1
  ADR               :     2       -
  EXE               :     2       -
  FRT               :     2       -
  GHO               :     2       -
  RCL               :     2       0
  SCV               :     2       -
  FDR               :     1       2
  FVR               :     1       -
  GRN               :     1       -
  MRK               :     1       -
  VNM               :     1       -

RUN WIN-RATE BY BOON (campaign runs holding it):
  RPD               :   20% ±18  (in 5 runs)
  SHK               :   20% ±18  (in 5 runs)
  TRR               :    0% ±0  (in 5 runs)
  FST               :    0% ±0  (in 3 runs)
  PYR               :    0% ±0  (in 3 runs)
  ADR               :    0% ±0  (in 2 runs)
  EXE               :    0% ±0  (in 2 runs)
  FRT               :    0% ±0  (in 2 runs)
  GHO               :    0% ±0  (in 2 runs)
  RCL               :    0% ±0  (in 2 runs)
  SCV               :    0% ±0  (in 2 runs)
  FDR               :    0% ±0  (in 1 runs)
  FVR               :    0% ±0  (in 1 runs)
  GRN               :    0% ±0  (in 1 runs)
  MRK               :  100% ±0  (in 1 runs)
  VNM               :    0% ±0  (in 1 runs)

RUN WIN-RATE BY SPEC (campaign runs fielding it):
  ADN               :    0% ±0  (in 5 runs)
  HHT               :    0% ±0  (in 3 runs)
  SNT               :   33% ±27  (in 3 runs)
  BRC               :    0% ±0  (in 2 runs)
  PTH               :    0% ±0  (in 1 runs)

RUN WIN-RATE BY PERK (campaign runs holding it):
  CQB               :    8% ±8  (in 12 runs)
  MOM               :    9% ±9  (in 11 runs)
  MRK               :   10% ±9  (in 10 runs)
  GUN               :    0% ±0  (in 9 runs)
  CLH               :    0% ±0  (in 6 runs)
  EXC               :   17% ±15  (in 6 runs)
  RFX               :    0% ±0  (in 6 runs)
  BRK               :    0% ±0  (in 5 runs)
  SGE               :    0% ±0  (in 5 runs)
  SKR               :   20% ±18  (in 5 runs)
  LCK               :    0% ±0  (in 4 runs)
  OUT               :    0% ±0  (in 4 runs)
  FST               :    0% ±0  (in 3 runs)
  HRD               :   33% ±27  (in 3 runs)
  PLT               :    0% ±0  (in 3 runs)
  VNT               :    0% ±0  (in 3 runs)
  BND               :   50% ±35  (in 2 runs)
  GRD               :   50% ±35  (in 2 runs)
  TNK               :  100% ±0  (in 1 runs)

RUN WIN-RATE BY PURCHASE (campaign runs buying it):
  FIELD MEDKIT      :    6% ±6  (in 16 runs)
  FRAG CACHE        :    0% ±0  (in 11 runs)
  WPN: EXTENDED MAG :    0% ±0  (in 11 runs)
  WPN: STABILIZER   :    9% ±9  (in 11 runs)
  WPN: HOLLOW POINT :   10% ±9  (in 10 runs)
  WPN: SCOPE        :   10% ±9  (in 10 runs)
  COUNTER-PREP      :    0% ±0  (in 7 runs)
  WPN: BIPOD        :    0% ±0  (in 7 runs)
  ADV. TRAINING     :   17% ±15  (in 6 runs)
  ARMORY            :   17% ±15  (in 6 runs)
  WPN: SUPPRESSOR   :    0% ±0  (in 6 runs)
  BALLISTIC PLATING :    0% ±0  (in 3 runs)
  COMBAT STIMS      :   33% ±27  (in 3 runs)

RUN WIN-RATE BY EVENT-CHOICE (campaign runs taking id:arm):
  distress:1        :    0% ±0  (in 3 runs)
  drill:1           :   33% ±27  (in 3 runs)
  blackmarket:0     :    0% ±0  (in 2 runs)
  bloodfeud:1       :    0% ±0  (in 2 runs)
  bloodfeud:2       :    0% ±0  (in 2 runs)
  grave:0           :   50% ±35  (in 2 runs)
  grave:1           :    0% ±0  (in 2 runs)
  reservecall:0     :    0% ±0  (in 2 runs)
  cache:1           :    0% ±0  (in 1 runs)
  drill:0           :    0% ±0  (in 1 runs)
  quartermaster:2   :    0% ±0  (in 1 runs)
═══════════════════════════════════════════════════════════════════════

batch wall-time: 8.4s  (20 matches across 10 campaigns × 2 policy, frame-cap hits: 0)
aggregate JSON -> /home/user/wt/heat-pin/docs/measurements/l5/L5fac-m3a0b0-h6-b20.json
INFO: TEXTURE: [ID 2] Unloaded texture data from VRAM (GPU)
INFO: SHADER: [ID 3] Default shader unloaded successfully
INFO: TEXTURE: [ID 1] Default texture unloaded successfully
INFO: Window closed successfully
