BALANCE: heat PINNED for this batch (field-event AddHeat is a no-op; SIGHTLINE_HEATPIN=0 restores the leak)
INFO: Initializing raylib 6.0
INFO: Platform backend: DESKTOP (GLFW)
INFO: Supported raylib modules:
INFO:     > rcore:..... loaded (mandatory)
INFO:     > rlgl:...... loaded (mandatory)
INFO:     > rshapes:... loaded (optional)
INFO:     > rtextures:. loaded (optional)
INFO:     > rtext:..... loaded (optional)
INFO:     > rmodels:... loaded (optional)
INFO:     > raudio:.... loaded (optional)
INFO: DISPLAY: Trying to enable MSAA x4
INFO: DISPLAY: Device initialized successfully 
INFO:     > Display size: 1280 x 800
INFO:     > Screen size:  1280 x 800
INFO:     > Render size:  1280 x 800
INFO:     > Viewport offsets: 0, 0
INFO: GLAD: OpenGL extensions loaded successfully
INFO: GL: Supported extensions count: 229
INFO: GL: OpenGL device information:
INFO:     > Vendor:   Mesa
INFO:     > Renderer: llvmpipe (LLVM 20.1.2, 256 bits)
INFO:     > Version:  4.5 (Core Profile) Mesa 25.2.8-0ubuntu0.24.04.2
INFO:     > GLSL:     4.50
INFO: GL: VAO extension detected, VAO functions loaded successfully
INFO: GL: NPOT textures extension detected, full NPOT textures supported
INFO: GL: DXT compressed textures supported
INFO: GL: ETC2/EAC compressed textures supported
INFO: PLATFORM: DESKTOP (GLFW - X11): Initialized successfully
INFO: TEXTURE: [ID 1] Texture loaded successfully (1x1 | R8G8B8A8 | 1 mipmaps)
INFO: TEXTURE: [ID 1] Default texture loaded successfully
INFO: SHADER: [ID 1] Vertex shader compiled successfully
INFO: SHADER: [ID 2] Fragment shader compiled successfully
INFO: SHADER: [ID 3] Program shader loaded successfully
INFO: SHADER: [ID 3] Default shader loaded successfully
INFO: RLGL: Render batch vertex buffers loaded successfully in RAM (CPU)
INFO: RLGL: Render batch vertex buffers loaded successfully in VRAM (GPU)
INFO: RLGL: Default OpenGL state initialized successfully
INFO: TEXTURE: [ID 2] Texture loaded successfully (128x128 | GRAY_ALPHA | 1 mipmaps)
INFO: FONT: Default font loaded successfully (224 glyphs)
INFO: SYSTEM: Working Directory: /home/user/wt/heat-pin
INFO: TIMER: Target time per frame: 0.000 milliseconds
FINALE-KIT: Legion
WAVE: +2 (BRUISER,STRIKER) [rich]
WAVE: +2 (BRUISER,BRUISER) [rich]
WAVE: +2 (LANCER,HUNTER) [rich]
FINALE-KIT: Legion
WAVE: +2 (BRUISER,STRIKER) [rich]
WAVE: +2 (WARBRINGER,HOUND) [rich]
WAVE: +2 (BERSERKER,BERSERKER) [rich]
WAVE: +2 (STRIKER,SCOUT) [rich]
FINALE-KIT: Syndicate
WAVE: +2 (DRONE,SCOUT) [rich]
WAVE: +2 (DRONE,BRUISER) [rich]
WAVE: +2 (STRIKER,HOUND) [rich]
FINALE-KIT: Syndicate
WAVE: +2 (DRONE,SCOUT) [rich]
WAVE: +2 (DRONE,BRUISER) [rich]
WAVE: +2 (STRIKER,HOUND) [rich]
FINALE-KIT: Wardens
match 5/20  (W:0 L:5 cap:0)  4.3s
FINALE-KIT: Wardens
WAVE: +3 (SHIELD,DRONE,CUSTODIAN) [rich]
WAVE: +2 (SHIELD,DRONE) [rich]
FINALE-KIT: Legion
FINALE-KIT: Legion
FINALE-KIT: Wardens
WAVE: +2 (STRIKER,DRONE) [rich]
WAVE: +2 (HOUND,BRUISER) [rich]
WAVE: +2 (STRIKER,HUNTER) [rich]
FINALE-KIT: Wardens
WAVE: +2 (SNIPER,HOUND) [rich]
WAVE: +2 (SCOUT,HOUND) [rich]
WAVE: +2 (LANCER,HOUND) [rich]
REINFORCEMENTS: +2 (SCOUT,SCOUT)
REINFORCEMENTS: +2 (GRUNT,SCOUT)
REINFORCEMENTS: +3 (GRUNT,SCOUT,GRUNT)
REINFORCEMENTS: +2 (GRUNT,GRUNT)
REINFORCEMENTS: +2 (GRUNT,GRUNT)
match 10/20  (W:0 L:10 cap:0)  6.5s
FINALE-KIT: Wardens
WAVE: +3 (DRONE,LANCER,WARBRINGER) [rich]
WAVE: +3 (DRONE,DRONE,BERSERKER) [rich]
WAVE: +3 (HOUND,BERSERKER,MORTAR) [rich]
FINALE-KIT: Wardens
WAVE: +3 (LANCER,BERSERKER,SNIPER) [rich]
WAVE: +3 (MEDIC,SHIELD,GRUNT) [rich]
WAVE: +2 (SNIPER,MEDIC) [rich]
FINALE-KIT: Wardens
FINALE-KIT: Wardens
FINALE-KIT: Legion
WAVE: +2 (DRONE,STRIKER) [rich]
WAVE: +2 (HOUND,HOUND) [rich]
WAVE: +2 (SCOUT,SCOUT) [rich]
REINFORCEMENTS: +2 (GRUNT,GRUNT)
match 15/20  (W:2 L:13 cap:0)  7.7s
FINALE-KIT: Legion
WAVE: +2 (BRUISER,DRONE) [rich]
WAVE: +2 (SNIPER,DRONE) [rich]
WAVE: +2 (SNIPER,BRUISER) [rich]
FINALE-KIT: Wardens
WAVE: +3 (BRUISER,BRUISER,BERSERKER) [rich]
WAVE: +3 (WARBRINGER,LANCER,BERSERKER) [rich]
FINALE-KIT: Wardens
FINALE-KIT: Wardens
WAVE: +3 (MEDIC,SAPPER,GRUNT) [rich]
WAVE: +3 (SCREENER,SHIELD,SNIPER) [rich]
WAVE: +3 (HUNTER,SAPPER,MORTAR) [rich]
WAVE: +3 (SNIPER,MORTAR,DRONE) [rich]
FINALE-KIT: Wardens
match 20/20  (W:2 L:18 cap:0)  9.2s

══════════════════════ SIGHTLINE BALANCE REPORT ══════════════════════
runs=20  missions=60

RUN OUTCOMES (campaign):  win-rate   10%   avg missions cleared 3.3

POLICY GAP (optimal vs human-error; campaign runs only):
  greedy win-rate   10%  (n=10)
  sloppy win-rate   10%  (n=10)
  GAP    0 pts  (healthy slack)
  PAIRED (same-seed slots): pairs=10  concordant=10  discordant greedy-only-won=0 / sloppy-only-won=0  paired gap    0 pts
  PER-SLOT RECORDS (greedy | sloppy: outcome + missions cleared; margin = g−s):
    slot  20 @h6: L 2 | L 2   margin +0
    slot  21 @h6: L 4 | L 3   margin +1
    slot  22 @h6: L 2 | L 3   margin -1
    slot  23 @h6: L 1 | L 1   margin +0
    slot  24 @h6: L 5 | L 5   margin +0
    slot  25 @h6: W 6 | W 6   margin +0
    slot  26 @h6: L 2 | L 2   margin +0
    slot  27 @h6: L 5 | L 4   margin +1
    slot  28 @h6: L 4 | L 2   margin +2
    slot  29 @h6: L 4 | L 3   margin +1
  PAIRED MARGIN (missions cleared, all pairs): +0.40 ±0.27 SE  (n=10 pairs)
  by objective (greedy / sloppy / gap):
    Decapitate :   25% /   33% / gap   -8
    Defend     :   57% /   67% / gap  -10
    Eliminate  :   92% /   91% / gap    1
    Evac       :  100% /   50% / gap   50
    Rescue     :   80% /   25% / gap   55
    Sabotage   :   50% /  100% / gap  -50

DECISION RICHNESS / SWING:
  meaningful-choices/turn 1.95   lead-swings/match 0.8   avg max-swing 57.1
  [shot-gate] acting-soldiers/turn 2.71   armed-soldiers/turn 0.93   armed-fraction 34%   turns-with-a-shot 43%   choices/ARMED-soldier-turn 2.09
  [choice-split] los-targets/ARMED 2.29   target-choices/ARMED 0.29   position-choices/ARMED 1.80

RUN COMPLETION BY HEAT (full-campaign clears):
  heat 6:   10% ±7  (n=20 runs, avg 3.3 missions)
  HEAT LEAK: pinned=yes  heat-raising picks=2  campaigns raised=0  missions off-rung=0/60
  STALEMATES: mission-cap 1  run-cap 0   [slot 21 s m4 Rescue mis rt=62]

INTEL ECONOMY BY HEAT (campaign runs; heat-bonus = the Heat.IntelBonus share of income):
  heat 6: earned  163.6/run   heat-bonus  72.0 (  44% of income)   spent  141.3   unspent   22.3

MISSION WIN-RATE BY HEAT:
  heat 6:   70%  (n=60, avg 6.9 turns)

MISSION WIN-RATE BY OBJECTIVE:
  Eliminate  :   91% ±6  (n=23, avg 4.7 turns)
  Defend     :   62% ±13  (n=13, avg 7.9 turns)
  Rescue     :   56% ±17  (n=9, avg 14.9 turns)
  Decapitate :   29% ±17  (n=7, avg 5.9 turns)
  Sabotage   :   75% ±22  (n=4, avg 3.5 turns)
  Evac       :   75% ±22  (n=4, avg 4.3 turns)

MISSION WIN-RATE BY OBJECTIVE x NODE KIND (a capstone must never pool with a mid-run node):
  Eliminate  : Start: 100%(n=20)  Combat:  33%(n=3)
               depth: m1:100%(20) m4:50%(2) m5:0%(1)
  Defend     : Supply:  89%(n=9)  Combat:   0%(n=3)  Elite:   0%(n=1)
               depth: m2:100%(6) m3:0%(2) m4:67%(3) m5:0%(2)
  Rescue     : Combat:  43%(n=7)  Elite: 100%(n=2)
               depth: m2:0%(2) m4:80%(5) m5:50%(2)
  Decapitate : Boss:  40%(n=5)  Combat:   0%(n=2)
               depth: m3:0%(2) m6:40%(5)
  Sabotage   : Elite:  75%(n=4)
               depth: m2:100%(2) m3:50%(2)
  Evac       : Combat:  75%(n=4)
               depth: m2:100%(2) m3:50%(2)

ENCOUNTER COMPLETION on MID-RUN nodes (Combat+Elite) — clear% is the share of the fight actually fought:
  objective     n   win%   turns   force    +rf  killed  clear%   prs  WONclear%
  Rescue         9   56%    14.9    9.56   0.00    4.22    44.2  0.00     56.6 (n=5)
  Defend         4    0%     5.8    7.75   3.50    1.50    13.3  0.00      0.0 (n=0)
  Sabotage       4   75%     3.5    7.50   0.00    1.50    20.0  0.00     19.0 (n=3)
  Evac           4   75%     4.3    7.50   0.00    2.25    30.0  0.00     42.9 (n=3)
  Eliminate      3   33%    14.0   10.33   0.00    5.33    51.6  3.67    100.0 (n=1)
  Decapitate     2    0%     5.5    9.00   0.00    0.00     0.0  0.50      0.0 (n=0)
  ---- the two classes ----
  KILL           5   20%    10.6    9.80   0.00    3.20    32.7  2.40    100.0 (n=1)
  NON-KILL      21   52%     9.0    8.43   0.67    2.81    30.9  0.00     45.3 (n=11)

DECAPITATE HVT (buff = +6+1*mission HP, +6 aim; ELITE exempt):
  EXEMPT  :   29% ±17  (n=7, avg 5.9 turns, HVT 23.0 max HP)  [m3:0%(2) m6:40%(5)]

MISSION WIN-RATE BY MISSION #:
  m1:  100% ±0  (n=20)
  m2:   83% ±11  (n=12)
  m3:   25% ±15  (n=8)
  m4:   70% ±14  (n=10)
  m5:   20% ±18  (n=5)
  m6:   40% ±22  (n=5)

LOSS CAUSES (missions):
  RUN OVER              : 14
  CAPTIVE LOST          : 3
  STALEMATE-MISSION     : 1

MISSION WIN-RATE BY ARENA (authored layouts, n>=3; procedural fallback   22% of 60 missions):
  arena  3:   67% ±27  (n=3, avg 3.0 turns)  [m1:100%(2) m5:0%(1)]
  arena 10:   67% ±27  (n=3, avg 4.3 turns)  [m2:100%(2) m6:0%(1)]
  arena 16:   33% ±27  (n=3, avg 5.0 turns)  [m3:50%(2) m4:0%(1)]
  arena 19:  100% ±0  (n=4, avg 1.8 turns)  [m1:100%(4)]
  arena 28:   75% ±22  (n=4, avg 8.3 turns)  [m4:100%(2) m5:50%(2)]
  arena 30:   67% ±27  (n=3, avg 5.3 turns)  [m1:100%(2) m6:0%(1)]
  arena 31:   67% ±27  (n=3, avg 9.3 turns)  [m2:100%(2) m5:0%(1)]
  arena 33:   67% ±27  (n=3, avg 5.3 turns)  [m1:100%(2) m3:0%(1)]
  procedural:   69% ±13  (n=13, avg 6.4 turns)  [m1:100%(6) m3:0%(2) m4:100%(1) m5:0%(1) m6:67%(3)]

DEPLOYMENT GEOMETRY (opening shape; choices/ARMED is the wave's real gate):
  FRONTAL   :   70% ±9  (n=27, avg 5.2 turns)  choices/turn 2.57  choices/ARMED 2.38  los-targets/ARMED 2.10
  PINCER    :   74% ±10  (n=19, avg 10.9 turns)  choices/turn 1.40  choices/ARMED 1.94  los-targets/ARMED 2.27
  CROSSFIRE :  100% ±0  (n=3, avg 2.7 turns)  choices/turn 4.25  choices/ARMED 1.89  los-targets/ARMED 2.78
  ENVELOP   :   55% ±15  (n=11, avg 5.4 turns)  choices/turn 2.21  choices/ARMED 1.85  los-targets/ARMED 2.65

ARENA FUNNEL (Mission.Build exits, n=74 builds, all modes):
  authored-applied    :  79.7%  (n=59)
  connectivity-reject :   0.0%  (n=0)
  procedural-roll     :  20.3%  (n=15)

DECK EXPOSURE (campaign runs n=20):
  distinct authored arenas/run : 2.35 mean (all runs)
  ... full-depth runs only     : 3.00 mean over 4.0 fights/run (n=2)
  Defend dealt on the route    :   65% of runs (n=13)

ENEMY DECISION MIX (contested acts=1375; all-downed acts not counted=479):
  shoot           687    50%
  hunker          460    33%
  move             91     7%
  grenade          43     3%
  reload           30     2%
  item             19     1%
  siege            13     1%
  brace             8     1%
  heal              7     1%
  staleplan         7     1%
  overwatch         6     0%
  sap               2     0%
  shove             2     0%

  the shot on the table (acts where the chosen tile HAD a shot = 779):
    hit% band     taken   share   E[dmg]/shot   declined   share   E[dmg]/shot
      0-19           0      0%          0.00          1     11%          0.21
     20-39          22      3%          0.91          4     44%          1.22
     40-59          85     12%          1.40          4     44%          2.03
     60-79         258     38%          2.35          0      0%          0.00
      80+          322     47%          3.75          0      0%          0.00
    TOTAL           687                              9
  taken   88% / DECLINED    1% / preempted by another verb   11%
  enemy lanes held (overwatch+brace) 14; reaction shots fired 5  ->   36% of lanes paid off   [C2: DeclineWatchRatio is a bet on this number]

ACTION MIX (verbs issued, by policy):
  verb                  greedy        sloppy
  MOVE               599   44%     511   44%
  SHOOT              339   25%     233   20%
  HUNKER              53    4%      99    9%
  BRACE               49    4%      61    5%
  OVERWATCH           52    4%      47    4%
  STABILIZE           38    3%      24    2%
  FOCUS               37    3%      25    2%
  INTEL               31    2%      28    2%
  SLIPSTREAM          31    2%      26    2%
  RELOAD              34    3%      18    2%
  DRAG                13    1%      17    1%
  ITEM:SMOKE          10    1%      13    1%
  MARK                15    1%       8    1%
  PIN                 14    1%       6    1%
  PLANT                6    0%       7    1%
  GRENADE              3    0%       9    1%
  PATCH                6    0%       6    1%
  REARM                5    0%       5    0%
  BEACON               5    0%       2    0%
  BARREL               4    0%       3    0%
  EXTRACT              1    0%       0    0%
  GRAPPLE              1    0%       0    0%
  ITEM:BARRICADE       1    0%       0    0%
  ITEM:FLASH           0    0%       1    0%

PLAYER CLASS PERFORMANCE:
  class        shots   hit%   dmg   kills
  GUNNER         175    89%    935     65
  SHARPSHOOTER    135    90%    863     49
  ASSAULT        173    84%    755     49
  RANGER          65    89%    373     25
  CORPSMAN        20    70%     43      2

SOLDIER DEATHS BY ENEMY CLASS (threat ranking):
  ELITE      : 17
  BRUISER    : 15
  GRUNT      : 13
  BERSERKER  : 10
  SPOTTER    : 10
  HUNTER     : 6
  BURN       : 6
  TURRET     : 5
  SCOUT      : 5
  SHIELD     : 4
  CUSTODIAN  : 4
  SNIPER     : 3
  DRONE      : 2
  SCREENER   : 2
  WARBRINGER : 2
  MEDIC      : 2
  STRIKE     : 2
  BARREL     : 2
  PIKEMAN    : 1
  STRIKER    : 1
  LANCER     : 1
  HOUND      : 1
  SAPPER     : 1

SOLDIER DOWNS (FUL-7 bleed-out): 208 downs -> revived 6 / recovered 29 / bled out 144 / finished 24  (save-rate   19%)
  corpsman fielded in 17 missions

ENEMY COMPOSITION (spawns; faction-stamped fights n=425 / default-cascade fights n=193):
  class        faction         default
  SCOUT           20    5%       66   34%
  GRUNT           42   10%       26   13%
  HUNTER          40    9%        6    3%
  BRUISER         39    9%        7    4%
  BERSERKER       39    9%        3    2%
  DRONE           20    5%       15    8%
  ELITE           29    7%        2    1%
  SNIPER          21    5%       10    5%
  LANCER          18    4%       10    5%
  SHIELD          20    5%        4    2%
  HOUND            8    2%       15    8%
  TURRET          16    4%        5    3%
  STRIKER         13    3%        5    3%
  SPOTTER         16    4%        0    0%
  MEDIC           11    3%        5    3%
  CUSTODIAN       15    4%        0    0%
  SAPPER          11    3%        4    2%
  MORTAR          10    2%        5    3%
  PIKEMAN         11    3%        3    2%
  SCREENER        12    3%        1    1%
  WARBRINGER       8    2%        1    1%
  BOMBARD          6    1%        0    0%

PERK PICK FREQUENCY:
  OUT           : 11
  MRK           : 11
  CLH           : 11
  CQB           : 10
  GRD           : 8
  HRD           : 8
  BRK           : 8
  LCK           : 7
  EXC           : 6
  RFX           : 6
  SKR           : 5
  FST           : 5
  MOM           : 5
  SGE           : 4
  PLT           : 4
  VNT           : 3
  GUN           : 3
  BND           : 2

SHOP PURCHASE FREQUENCY:
  WPN: SCOPE        : 45
  FIELD MEDKIT      : 44
  WPN: HOLLOW POINT : 41
  WPN: STABILIZER   : 32
  WPN: EXTENDED MAG : 24
  WPN: BIPOD        : 20
  COUNTER-PREP      : 10
  WPN: SUPPRESSOR   : 10
  ARMORY            : 10
  FRAG CACHE        : 10
  BALLISTIC PLATING : 5
  COMBAT STIMS      : 4
  ADV. TRAINING     : 3

BOON PICK FREQUENCY (PROCS = effect fires at instrumented sites; '-' = not instrumented;
                      PYR counts the +2-turn-burn half only — the Burning-immunity half is uninstrumented):
  code                 picks   PROCS
  RPD               :     7       -
  SHK               :     6       8
  GHO               :     4       -
  EXE               :     3       -
  FVR               :     3       -
  MRK               :     3       -
  GRN               :     2       -
  PYR               :     2       0
  RCL               :     2       0
  SCV               :     2       -
  TRR               :     2       9
  VNM               :     2       -
  ADR               :     1       -
  FDR               :     1       0

RUN WIN-RATE BY BOON (campaign runs holding it):
  RPD               :    0% ±0  (in 7 runs)
  SHK               :   17% ±15  (in 6 runs)
  GHO               :    0% ±0  (in 4 runs)
  EXE               :   33% ±27  (in 3 runs)
  FVR               :   33% ±27  (in 3 runs)
  MRK               :   33% ±27  (in 3 runs)
  GRN               :    0% ±0  (in 2 runs)
  PYR               :    0% ±0  (in 2 runs)
  RCL               :    0% ±0  (in 2 runs)
  SCV               :   50% ±35  (in 2 runs)
  TRR               :    0% ±0  (in 2 runs)
  VNM               :   50% ±35  (in 2 runs)
  ADR               :    0% ±0  (in 1 runs)
  FDR               :    0% ±0  (in 1 runs)

RUN WIN-RATE BY SPEC (campaign runs fielding it):
  ANC               :   25% ±22  (in 4 runs)
  ADN               :   33% ±27  (in 3 runs)
  JUG               :   33% ±27  (in 3 runs)
  SNT               :    0% ±0  (in 3 runs)
  BRC               :    0% ±0  (in 2 runs)
  HHT               :    0% ±0  (in 2 runs)

RUN WIN-RATE BY PERK (campaign runs holding it):
  OUT               :    0% ±0  (in 10 runs)
  CLH               :   22% ±14  (in 9 runs)
  CQB               :   11% ±10  (in 9 runs)
  MRK               :   11% ±10  (in 9 runs)
  BRK               :   13% ±12  (in 8 runs)
  GRD               :   14% ±13  (in 7 runs)
  EXC               :    0% ±0  (in 6 runs)
  HRD               :   17% ±15  (in 6 runs)
  RFX               :   17% ±15  (in 6 runs)
  FST               :    0% ±0  (in 5 runs)
  LCK               :   20% ±18  (in 5 runs)
  MOM               :    0% ±0  (in 5 runs)
  SKR               :   20% ±18  (in 5 runs)
  PLT               :   25% ±22  (in 4 runs)
  SGE               :    0% ±0  (in 3 runs)
  VNT               :   33% ±27  (in 3 runs)
  BND               :    0% ±0  (in 2 runs)
  GUN               :   50% ±35  (in 2 runs)

RUN WIN-RATE BY PURCHASE (campaign runs buying it):
  FIELD MEDKIT      :   13% ±9  (in 15 runs)
  WPN: HOLLOW POINT :   17% ±11  (in 12 runs)
  WPN: SCOPE        :   18% ±12  (in 11 runs)
  WPN: STABILIZER   :   18% ±12  (in 11 runs)
  WPN: EXTENDED MAG :   10% ±9  (in 10 runs)
  ARMORY            :   22% ±14  (in 9 runs)
  WPN: BIPOD        :   11% ±10  (in 9 runs)
  COUNTER-PREP      :   25% ±15  (in 8 runs)
  WPN: SUPPRESSOR   :    0% ±0  (in 7 runs)
  FRAG CACHE        :   17% ±15  (in 6 runs)
  ADV. TRAINING     :    0% ±0  (in 3 runs)
  BALLISTIC PLATING :    0% ±0  (in 3 runs)
  COMBAT STIMS      :   50% ±35  (in 2 runs)

RUN WIN-RATE BY EVENT-CHOICE (campaign runs taking id:arm):
  distress:1        :   50% ±25  (in 4 runs)
  blackmarket:0     :    0% ±0  (in 2 runs)
  bloodfeud:1       :    0% ±0  (in 2 runs)
  bloodfeud:2       :    0% ±0  (in 2 runs)
  drill:0           :  100% ±0  (in 2 runs)
  drill:1           :    0% ±0  (in 2 runs)
  grave:0           :    0% ±0  (in 2 runs)
  grave:1           :    0% ±0  (in 2 runs)
  informant:1       :    0% ±0  (in 2 runs)
  relic:1           :    0% ±0  (in 2 runs)
  reservecall:0     :    0% ±0  (in 2 runs)
═══════════════════════════════════════════════════════════════════════

batch wall-time: 9.2s  (20 matches across 10 campaigns × 2 policy, frame-cap hits: 0)
aggregate JSON -> /home/user/wt/heat-pin/docs/measurements/l5/L5fac-m0a1b0-h6-b20.json
INFO: TEXTURE: [ID 2] Unloaded texture data from VRAM (GPU)
INFO: SHADER: [ID 3] Default shader unloaded successfully
INFO: TEXTURE: [ID 1] Default texture unloaded successfully
INFO: Window closed successfully
