BALANCE: heat PINNED for this batch (field-event AddHeat is a no-op; SIGHTLINE_HEATPIN=0 restores the leak)
INFO: Initializing raylib 6.0
INFO: Platform backend: DESKTOP (GLFW)
INFO: Supported raylib modules:
INFO:     > rcore:..... loaded (mandatory)
INFO:     > rlgl:...... loaded (mandatory)
INFO:     > rshapes:... loaded (optional)
INFO:     > rtextures:. loaded (optional)
INFO:     > rtext:..... loaded (optional)
INFO:     > rmodels:... loaded (optional)
INFO:     > raudio:.... loaded (optional)
INFO: DISPLAY: Trying to enable MSAA x4
INFO: DISPLAY: Device initialized successfully 
INFO:     > Display size: 1280 x 800
INFO:     > Screen size:  1280 x 800
INFO:     > Render size:  1280 x 800
INFO:     > Viewport offsets: 0, 0
INFO: GLAD: OpenGL extensions loaded successfully
INFO: GL: Supported extensions count: 229
INFO: GL: OpenGL device information:
INFO:     > Vendor:   Mesa
INFO:     > Renderer: llvmpipe (LLVM 20.1.2, 256 bits)
INFO:     > Version:  4.5 (Core Profile) Mesa 25.2.8-0ubuntu0.24.04.2
INFO:     > GLSL:     4.50
INFO: GL: VAO extension detected, VAO functions loaded successfully
INFO: GL: NPOT textures extension detected, full NPOT textures supported
INFO: GL: DXT compressed textures supported
INFO: GL: ETC2/EAC compressed textures supported
INFO: PLATFORM: DESKTOP (GLFW - X11): Initialized successfully
INFO: TEXTURE: [ID 1] Texture loaded successfully (1x1 | R8G8B8A8 | 1 mipmaps)
INFO: TEXTURE: [ID 1] Default texture loaded successfully
INFO: SHADER: [ID 1] Vertex shader compiled successfully
INFO: SHADER: [ID 2] Fragment shader compiled successfully
INFO: SHADER: [ID 3] Program shader loaded successfully
INFO: SHADER: [ID 3] Default shader loaded successfully
INFO: RLGL: Render batch vertex buffers loaded successfully in RAM (CPU)
INFO: RLGL: Render batch vertex buffers loaded successfully in VRAM (GPU)
INFO: RLGL: Default OpenGL state initialized successfully
INFO: TEXTURE: [ID 2] Texture loaded successfully (128x128 | GRAY_ALPHA | 1 mipmaps)
INFO: FONT: Default font loaded successfully (224 glyphs)
INFO: SYSTEM: Working Directory: /home/user/wt/heat-pin
INFO: TIMER: Target time per frame: 0.000 milliseconds
FINALE-KIT: Syndicate
FINALE-KIT: Syndicate
WAVE: +3 (DRONE,SHIELD,SPOTTER) [rich]
WAVE: +2 (DRONE,SCREENER) [rich]
FINALE-KIT: Syndicate
WAVE: +2 (DRONE,DRONE) [rich]
WAVE: +2 (DRONE,SPOTTER) [rich]
WAVE: +2 (SPOTTER,SAPPER) [rich]
FINALE-KIT: Syndicate
WAVE: +2 (SHIELD,GRUNT) [rich]
WAVE: +2 (GRUNT,SHIELD) [rich]
WAVE: +2 (SHIELD,SAPPER) [rich]
FINALE-KIT: Syndicate
WAVE: +2 (GRUNT,MEDIC) [rich]
WAVE: +2 (MEDIC,GRUNT) [rich]
WAVE: +1 (CUSTODIAN) [rich]
WAVE: +3 (BERSERKER,HOUND,SPOTTER) [rich]
WAVE: +3 (SHIELD,LANCER,SNIPER) [rich]
WAVE: +3 (BERSERKER,SNIPER,SNIPER) [rich]
WAVE: +2 (SAPPER,STRIKER) [rich]
match 5/20  (W:0 L:5 cap:0)  4.3s
FINALE-KIT: Syndicate
WAVE: +2 (MORTAR,MORTAR) [rich]
WAVE: +2 (SCREENER,SNIPER) [rich]
WAVE: +1 (SCREENER) [rich]
WAVE: +3 (DRONE,DRONE,CUSTODIAN) [rich]
WAVE: +3 (HOUND,LANCER,SPOTTER) [rich]
WAVE: +3 (SAPPER,HOUND,GRUNT) [rich]
REINFORCEMENTS: +2 (GRUNT,GRUNT)
REINFORCEMENTS: +2 (SCOUT,GRUNT)
REINFORCEMENTS: +3 (SCOUT,GRUNT,GRUNT)
FINALE-KIT: Legion
FINALE-KIT: Legion
FINALE-KIT: Legion
FINALE-KIT: Legion
match 10/20  (W:1 L:9 cap:0)  7.2s
FINALE-KIT: Legion
REINFORCEMENTS: +2 (SCOUT,GRUNT)
FINALE-KIT: Legion
FINALE-KIT: Legion
WAVE: +3 (PIKEMAN,SCREENER,MEDIC) [rich]
WAVE: +1 (GRUNT) [rich]
WAVE: +3 (MORTAR,MEDIC,MEDIC) [rich]
WAVE: +1 (CUSTODIAN) [rich]
FINALE-KIT: Legion
WAVE: +3 (SCREENER,MEDIC,MEDIC) [rich]
WAVE: +1 (GRUNT) [rich]
FINALE-KIT: Wardens
WAVE: +2 (GRUNT,MORTAR) [rich]
WAVE: +1 (CUSTODIAN) [rich]
WAVE: +1 (GRUNT) [rich]
REINFORCEMENTS: +2 (GRUNT,SCOUT)
REINFORCEMENTS: +2 (GRUNT,GRUNT)
REINFORCEMENTS: +2 (GRUNT,GRUNT)
REINFORCEMENTS: +3 (GRUNT,GRUNT,SCOUT)
match 15/20  (W:2 L:13 cap:0)  8.1s
FINALE-KIT: Wardens
WAVE: +2 (PIKEMAN,MORTAR) [rich]
WAVE: +2 (MORTAR,SNIPER) [rich]
WAVE: +1 (MORTAR) [rich]
REINFORCEMENTS: +2 (SCOUT,SCOUT)
REINFORCEMENTS: +2 (GRUNT,SCOUT)
FINALE-KIT: Wardens
WAVE: +3 (LANCER,HUNTER,STRIKER) [rich]
WAVE: +3 (HUNTER,SCOUT,SNIPER) [rich]
WAVE: +2 (SNIPER,SPOTTER) [rich]
FINALE-KIT: Wardens
FINALE-KIT: Wardens
WAVE: +3 (DRONE,SCREENER,CUSTODIAN) [rich]
WAVE: +3 (SAPPER,SAPPER,SHIELD) [rich]
WAVE: +3 (GRUNT,SAPPER,GRUNT) [rich]
FINALE-KIT: Wardens
WAVE: +3 (SHIELD,DRONE,DRONE) [rich]
WAVE: +3 (SAPPER,SAPPER,DRONE) [rich]
WAVE: +3 (CUSTODIAN,SHIELD,GRUNT) [rich]
WAVE: +3 (SHIELD,SPOTTER,CUSTODIAN) [rich]
WAVE: +3 (SHIELD,SAPPER,DRONE) [rich]
match 20/20  (W:2 L:18 cap:0)  9.9s

══════════════════════ SIGHTLINE BALANCE REPORT ══════════════════════
runs=20  missions=68

RUN OUTCOMES (campaign):  win-rate   10%   avg missions cleared 3.5

POLICY GAP (optimal vs human-error; campaign runs only):
  greedy win-rate    0%  (n=10)
  sloppy win-rate   20%  (n=10)
  GAP  -20 pts  (noisy (need more runs))
  PAIRED (same-seed slots): pairs=10  concordant=8  discordant greedy-only-won=0 / sloppy-only-won=2  paired gap  -20 pts
  PER-SLOT RECORDS (greedy | sloppy: outcome + missions cleared; margin = g−s):
    slot  90 @h6: L 3 | L 5   margin -2
    slot  91 @h6: L 4 | L 1   margin +3
    slot  92 @h6: L 4 | L 5   margin -1
    slot  93 @h6: L 5 | W 6   margin -1
    slot  94 @h6: L 2 | L 2   margin +0
    slot  95 @h6: L 1 | L 1   margin +0
    slot  96 @h6: L 4 | W 6   margin -2
    slot  97 @h6: L 3 | L 5   margin -2
    slot  98 @h6: L 4 | L 2   margin +2
    slot  99 @h6: L 4 | L 3   margin +1
  PAIRED MARGIN (missions cleared, all pairs): -0.20 ±0.55 SE  (n=10 pairs)
  by objective (greedy / sloppy / gap):
    Decapitate :    0% /   33% / gap  -33
    Defend     :   86% /   71% / gap   14
    Eliminate  :   77% /   92% / gap  -15
    Escort     :   67% /  100% / gap  -33
    Evac       :   67% /  100% / gap  -33
    Hack       :   33% /   50% / gap  -17
    Rescue     :  100% /  100% / gap    0

DECISION RICHNESS / SWING:
  meaningful-choices/turn 1.66   lead-swings/match 0.8   avg max-swing 56.7
  [shot-gate] acting-soldiers/turn 2.98   armed-soldiers/turn 0.90   armed-fraction 30%   turns-with-a-shot 42%   choices/ARMED-soldier-turn 1.85
  [choice-split] los-targets/ARMED 1.96   target-choices/ARMED 0.19   position-choices/ARMED 1.66

RUN COMPLETION BY HEAT (full-campaign clears):
  heat 6:   10% ±7  (n=20 runs, avg 3.5 missions)
  HEAT LEAK: pinned=yes  heat-raising picks=4  campaigns raised=0  missions off-rung=0/68
  STALEMATES: mission-cap 1  run-cap 0   [slot 92 s m6 Decapitate mis rt=76]

INTEL ECONOMY BY HEAT (campaign runs; heat-bonus = the Heat.IntelBonus share of income):
  heat 6: earned  188.3/run   heat-bonus  86.4 (  46% of income)   spent  173.9   unspent   14.4

MISSION WIN-RATE BY HEAT:
  heat 6:   74%  (n=68, avg 6.7 turns)

MISSION WIN-RATE BY OBJECTIVE:
  Eliminate  :   84% ±7  (n=25, avg 5.3 turns)
  Defend     :   79% ±11  (n=14, avg 8.8 turns)
  Decapitate :   25% ±15  (n=8, avg 11.3 turns)
  Escort     :   83% ±15  (n=6, avg 5.8 turns)
  Evac       :   80% ±18  (n=5, avg 3.6 turns)
  Hack       :   40% ±22  (n=5, avg 6.4 turns)
  Rescue     :  100% ±0  (n=4, avg 5.8 turns)
  Sabotage   :  100% ±0  (n=1, avg 3.0 turns)

MISSION WIN-RATE BY OBJECTIVE x NODE KIND (a capstone must never pool with a mid-run node):
  Eliminate  : Start: 100%(n=20)  Supply:  33%(n=3)  Combat:   0%(n=2)
               depth: m1:100%(20) m3:0%(2) m5:33%(3)
  Defend     : Combat:  86%(n=7)  Elite:  75%(n=4)  Supply:  67%(n=3)
               depth: m2:50%(2) m3:100%(4) m4:80%(5) m5:67%(3)
  Decapitate : Boss:  33%(n=6)  Combat:   0%(n=2)
               depth: m2:0%(2) m6:33%(6)
  Escort     : Elite: 100%(n=3)  Combat:  67%(n=3)
               depth: m4:100%(4) m5:50%(2)
  Evac       : Combat:  75%(n=4)  Elite: 100%(n=1)
               depth: m3:100%(2) m4:67%(3)
  Hack       : Combat:  50%(n=2)  Elite:  50%(n=2)  Supply:   0%(n=1)
               depth: m3:50%(2) m4:50%(2) m5:0%(1)
  Rescue     : Supply: 100%(n=2)  Elite: 100%(n=2)
               depth: m2:100%(4)
  Sabotage   : Supply: 100%(n=1)
               depth: m3:100%(1)

ENCOUNTER COMPLETION on MID-RUN nodes (Combat+Elite) — clear% is the share of the fight actually fought:
  objective     n   win%   turns   force    +rf  killed  clear%   prs  WONclear%
  Defend        11   82%     8.7    7.55   5.36    1.91    14.8  0.00     15.4 (n=9)
  Escort         6   83%     5.8   10.67   0.00    2.67    25.0  0.00     26.4 (n=5)
  Evac           5   80%     3.6    9.80   0.00    0.80     8.2  0.00      5.1 (n=4)
  Hack           4   50%     6.5   10.50   1.75    1.50    12.2  1.25      0.0 (n=2)
  Rescue         2  100%     6.0    8.00   0.00    3.50    43.8  0.00     43.8 (n=2)
  Eliminate      2    0%     7.5    9.00   0.00    6.00    66.7  1.50      0.0 (n=0)
  Decapitate     2    0%     7.0    6.00   1.00    1.50    21.4  1.50      0.0 (n=0)
  ---- the two classes ----
  KILL           4    0%     7.3    7.50   0.50    3.75    46.9  1.50      0.0 (n=0)
  NON-KILL      28   79%     6.7    9.07   2.36    1.93    16.9  0.18     16.7 (n=22)

DECAPITATE HVT (buff = +6+1*mission HP, +6 aim; ELITE exempt):
  EXEMPT  :   33% ±19  (n=6, avg 12.7 turns, HVT 22.3 max HP)  [m6:33%(6)]
  BUFFED  :    0% ±0  (n=2, avg 7.0 turns, HVT 17.5 max HP)  [m2:0%(2)]

MISSION WIN-RATE BY MISSION #:
  m1:  100% ±0  (n=20)
  m2:   63% ±17  (n=8)
  m3:   73% ±13  (n=11)
  m4:   79% ±11  (n=14)
  m5:   44% ±17  (n=9)
  m6:   33% ±19  (n=6)

LOSS CAUSES (missions):
  RUN OVER              : 16
  STALEMATE-MISSION     : 1
  VIP LOST              : 1

MISSION WIN-RATE BY ARENA (authored layouts, n>=3; procedural fallback   16% of 68 missions):
  arena  5:   43% ±19  (n=7, avg 5.9 turns)  [m3:33%(3) m4:50%(2) m5:50%(2)]
  arena  7:   75% ±22  (n=4, avg 5.3 turns)  [m1:100%(2) m4:50%(2)]
  arena  9:   75% ±22  (n=4, avg 5.8 turns)  [m4:75%(4)]
  arena 10:   60% ±22  (n=5, avg 5.8 turns)  [m2:67%(3) m5:0%(1) m6:100%(1)]
  arena 14:   75% ±22  (n=4, avg 6.5 turns)  [m2:50%(2) m4:100%(2)]
  arena 15:   60% ±22  (n=5, avg 13.6 turns)  [m1:100%(2) m3:100%(1) m6:0%(2)]
  arena 30:  100% ±0  (n=4, avg 3.5 turns)  [m1:100%(4)]
  procedural:   64% ±15  (n=11, avg 6.6 turns)  [m1:100%(2) m2:67%(3) m3:50%(2) m4:100%(2) m5:0%(2)]

DEPLOYMENT GEOMETRY (opening shape; choices/ARMED is the wave's real gate):
  FRONTAL   :   86% ±7  (n=28, avg 8.1 turns)  choices/turn 1.11  choices/ARMED 1.82  los-targets/ARMED 1.82
  PINCER    :   63% ±11  (n=19, avg 6.2 turns)  choices/turn 1.91  choices/ARMED 1.96  los-targets/ARMED 2.07
  CROSSFIRE :  100% ±0  (n=5, avg 4.2 turns)  choices/turn 0.74  choices/ARMED 0.74  los-targets/ARMED 1.79
  ENVELOP   :   56% ±12  (n=16, avg 5.7 turns)  choices/turn 2.98  choices/ARMED 1.95  los-targets/ARMED 2.03

ARENA FUNNEL (Mission.Build exits, n=82 builds, all modes):
  authored-applied    :  81.7%  (n=67)
  connectivity-reject :   0.0%  (n=0)
  procedural-roll     :  18.3%  (n=15)

DECK EXPOSURE (campaign runs n=20):
  distinct authored arenas/run : 2.85 mean (all runs)
  ... full-depth runs only     : 3.50 mean over 4.5 fights/run (n=2)
  Defend dealt on the route    :   60% of runs (n=12)

ENEMY DECISION MIX (contested acts=2035; all-downed acts not counted=441):
  hunker         1033    51%
  shoot           716    35%
  move            137     7%
  grenade          39     2%
  reload           31     2%
  siege            25     1%
  brace            17     1%
  heal             14     1%
  item             11     1%
  overwatch         8     0%
  sap               4     0%

  the shot on the table (acts where the chosen tile HAD a shot = 794):
    hit% band     taken   share   E[dmg]/shot   declined   share   E[dmg]/shot
      0-19           0      0%          0.00          3     50%          0.41
     20-39           9      1%          1.00          2     33%          0.99
     40-59          82     11%          1.78          1     17%          0.79
     60-79         308     43%          2.92          0      0%          0.00
      80+          317     44%          4.36          0      0%          0.00
    TOTAL           716                              6
  taken   90% / DECLINED    1% / preempted by another verb    9%
  enemy lanes held (overwatch+brace) 25; reaction shots fired 9  ->   36% of lanes paid off   [C2: DeclineWatchRatio is a bet on this number]

ACTION MIX (verbs issued, by policy):
  verb                  greedy        sloppy
  MOVE               523   36%     566   42%
  SHOOT              348   24%     342   25%
  BRACE              132    9%      40    3%
  OVERWATCH           62    4%      82    6%
  FOCUS               74    5%      57    4%
  SLIPSTREAM          72    5%      37    3%
  HUNKER              38    3%      45    3%
  RELOAD              43    3%      38    3%
  STABILIZE           37    3%      31    2%
  INTEL               33    2%      31    2%
  ITEM:SMOKE          24    2%      18    1%
  DRAG                19    1%      11    1%
  MARK                19    1%       9    1%
  GRENADE              5    0%       9    1%
  REARM                7    0%       6    0%
  PATCH                9    1%       4    0%
  BEACON               3    0%       7    1%
  PIN                  5    0%       5    0%
  GRAPPLE              6    0%       1    0%
  HACK                 4    0%       2    0%
  BARREL               3    0%       0    0%
  PLANT                3    0%       0    0%
  EXTRACT              1    0%       0    0%
  ITEM:INCENDIARY       0    0%       1    0%

PLAYER CLASS PERFORMANCE:
  class        shots   hit%   dmg   kills
  SHARPSHOOTER    166    91%   1118     69
  GUNNER         180    84%    862     53
  RANGER         125    82%    683     43
  ASSAULT        122    77%    491     25
  CORPSMAN        24    71%     59      0
  VIP              2    50%      3      0

SOLDIER DEATHS BY ENEMY CLASS (threat ranking):
  STRIKE     : 18
  SNIPER     : 14
  ELITE      : 13
  MORTAR     : 10
  GRUNT      : 10
  SAPPER     : 7
  SHIELD     : 6
  SPOTTER    : 5
  TURRET     : 5
  STRIKER    : 4
  DRONE      : 4
  BRUISER    : 4
  BERSERKER  : 3
  LANCER     : 3
  SCREENER   : 2
  CUSTODIAN  : 1
  HUNTER     : 1
  HOUND      : 1
  SLAM       : 1
  SCOUT      : 1
  PIKEMAN    : 1
  BURN       : 1

SOLDIER DOWNS (FUL-7 bleed-out): 228 downs -> revived 6 / recovered 40 / bled out 151 / finished 24  (save-rate   23%)
  corpsman fielded in 25 missions

ENEMY COMPOSITION (spawns; faction-stamped fights n=536 / default-cascade fights n=215):
  class        faction         default
  GRUNT           61   11%       39   18%
  SCOUT           21    4%       49   23%
  SNIPER          47    9%       11    5%
  MORTAR          44    8%        5    2%
  SCREENER        45    8%        0    0%
  DRONE           29    5%       13    6%
  CUSTODIAN       35    7%        5    2%
  SHIELD          30    6%       10    5%
  ELITE           25    5%       10    5%
  TURRET          26    5%        3    1%
  MEDIC           26    5%        2    1%
  STRIKER         15    3%       11    5%
  SAPPER          19    4%        7    3%
  BERSERKER       13    2%       11    5%
  PIKEMAN         20    4%        3    1%
  BRUISER         19    4%        3    1%
  LANCER          14    3%        8    4%
  HOUND           13    2%        7    3%
  HUNTER           9    2%        9    4%
  SPOTTER          8    1%        8    4%
  BOMBARD         12    2%        1    0%
  WARBRINGER       5    1%        0    0%

PERK PICK FREQUENCY:
  LCK           : 14
  CQB           : 12
  GUN           : 11
  EXC           : 11
  CLH           : 9
  MOM           : 9
  PLT           : 8
  OUT           : 7
  SGE           : 7
  RFX           : 7
  SKR           : 6
  GRD           : 6
  FST           : 5
  HRD           : 5
  TNK           : 4
  BND           : 4
  BRK           : 3
  VNT           : 3
  MRK           : 3

SHOP PURCHASE FREQUENCY:
  WPN: HOLLOW POINT : 64
  FIELD MEDKIT      : 63
  WPN: SCOPE        : 36
  WPN: STABILIZER   : 30
  COMBAT STIMS      : 25
  BALLISTIC PLATING : 23
  FRAG CACHE        : 23
  WPN: BIPOD        : 16
  COUNTER-PREP      : 14
  ARMORY            : 13
  WPN: EXTENDED MAG : 12
  ADV. TRAINING     : 10
  WPN: SUPPRESSOR   : 6

BOON PICK FREQUENCY (PROCS = effect fires at instrumented sites; '-' = not instrumented;
                      PYR counts the +2-turn-burn half only — the Burning-immunity half is uninstrumented):
  code                 picks   PROCS
  ADR               :     5       -
  FST               :     4      82
  GRN               :     4       -
  MRK               :     4       -
  RCL               :     4       0
  VNM               :     4       -
  EXE               :     3       -
  FDR               :     3       2
  GHO               :     3       -
  RPD               :     3       -
  SCV               :     3       -
  TRR               :     3      11
  FRT               :     2       -
  FVR               :     1       -
  PYR               :     1       0
  SHK               :     1       0

RUN WIN-RATE BY BOON (campaign runs holding it):
  ADR               :   40% ±22  (in 5 runs)
  FST               :    0% ±0  (in 4 runs)
  GRN               :    0% ±0  (in 4 runs)
  MRK               :    0% ±0  (in 4 runs)
  RCL               :    0% ±0  (in 4 runs)
  VNM               :   25% ±22  (in 4 runs)
  EXE               :    0% ±0  (in 3 runs)
  FDR               :    0% ±0  (in 3 runs)
  GHO               :   33% ±27  (in 3 runs)
  RPD               :   33% ±27  (in 3 runs)
  SCV               :    0% ±0  (in 3 runs)
  TRR               :   33% ±27  (in 3 runs)
  FRT               :    0% ±0  (in 2 runs)
  FVR               :    0% ±0  (in 1 runs)
  PYR               :    0% ±0  (in 1 runs)
  SHK               :  100% ±0  (in 1 runs)

RUN WIN-RATE BY SPEC (campaign runs fielding it):
  HHT               :   17% ±15  (in 6 runs)
  ANC               :   25% ±22  (in 4 runs)
  BRC               :    0% ±0  (in 2 runs)
  PHN               :    0% ±0  (in 2 runs)
  SNT               :   50% ±35  (in 2 runs)
  ADN               :    0% ±0  (in 1 runs)
  PTH               :    0% ±0  (in 1 runs)

RUN WIN-RATE BY PERK (campaign runs holding it):
  CQB               :   20% ±13  (in 10 runs)
  LCK               :    0% ±0  (in 10 runs)
  EXC               :   22% ±14  (in 9 runs)
  GUN               :    0% ±0  (in 9 runs)
  CLH               :    0% ±0  (in 8 runs)
  MOM               :    0% ±0  (in 7 runs)
  SGE               :   14% ±13  (in 7 runs)
  GRD               :   17% ±15  (in 6 runs)
  OUT               :   17% ±15  (in 6 runs)
  PLT               :   33% ±19  (in 6 runs)
  HRD               :   20% ±18  (in 5 runs)
  RFX               :   20% ±18  (in 5 runs)
  SKR               :   40% ±22  (in 5 runs)
  BND               :   25% ±22  (in 4 runs)
  FST               :    0% ±0  (in 4 runs)
  TNK               :    0% ±0  (in 4 runs)
  BRK               :    0% ±0  (in 3 runs)
  MRK               :   33% ±27  (in 3 runs)
  VNT               :    0% ±0  (in 3 runs)

RUN WIN-RATE BY PURCHASE (campaign runs buying it):
  FIELD MEDKIT      :   12% ±8  (in 17 runs)
  WPN: HOLLOW POINT :   13% ±9  (in 15 runs)
  FRAG CACHE        :   15% ±10  (in 13 runs)
  ARMORY            :    9% ±9  (in 11 runs)
  BALLISTIC PLATING :   18% ±12  (in 11 runs)
  COMBAT STIMS      :    9% ±9  (in 11 runs)
  WPN: SCOPE        :   18% ±12  (in 11 runs)
  WPN: STABILIZER   :   10% ±9  (in 10 runs)
  WPN: BIPOD        :   25% ±15  (in 8 runs)
  COUNTER-PREP      :   14% ±13  (in 7 runs)
  WPN: EXTENDED MAG :   14% ±13  (in 7 runs)
  ADV. TRAINING     :   17% ±15  (in 6 runs)
  WPN: SUPPRESSOR   :    0% ±0  (in 4 runs)

RUN WIN-RATE BY EVENT-CHOICE (campaign runs taking id:arm):
  depot:0           :    0% ±0  (in 4 runs)
  relic:0           :   25% ±22  (in 4 runs)
  defector:0        :    0% ±0  (in 2 runs)
  depot:1           :   50% ±35  (in 2 runs)
  profiteer:0       :   50% ±35  (in 2 runs)
  profiteer:1       :    0% ±0  (in 2 runs)
  quartermaster:1   :    0% ±0  (in 2 runs)
  warchest:1        :    0% ±0  (in 2 runs)
═══════════════════════════════════════════════════════════════════════

batch wall-time: 9.9s  (20 matches across 10 campaigns × 2 policy, frame-cap hits: 0)
aggregate JSON -> /home/user/wt/heat-pin/docs/measurements/l5/L5fac-m3a1b0-h6-b90.json
INFO: TEXTURE: [ID 2] Unloaded texture data from VRAM (GPU)
INFO: SHADER: [ID 3] Default shader unloaded successfully
INFO: TEXTURE: [ID 1] Default texture unloaded successfully
INFO: Window closed successfully
