BALANCE: heat PINNED for this batch (field-event AddHeat is a no-op; SIGHTLINE_HEATPIN=0 restores the leak)
INFO: Initializing raylib 6.0
INFO: Platform backend: DESKTOP (GLFW)
INFO: Supported raylib modules:
INFO:     > rcore:..... loaded (mandatory)
INFO:     > rlgl:...... loaded (mandatory)
INFO:     > rshapes:... loaded (optional)
INFO:     > rtextures:. loaded (optional)
INFO:     > rtext:..... loaded (optional)
INFO:     > rmodels:... loaded (optional)
INFO:     > raudio:.... loaded (optional)
INFO: DISPLAY: Trying to enable MSAA x4
INFO: DISPLAY: Device initialized successfully 
INFO:     > Display size: 1280 x 800
INFO:     > Screen size:  1280 x 800
INFO:     > Render size:  1280 x 800
INFO:     > Viewport offsets: 0, 0
INFO: GLAD: OpenGL extensions loaded successfully
INFO: GL: Supported extensions count: 229
INFO: GL: OpenGL device information:
INFO:     > Vendor:   Mesa
INFO:     > Renderer: llvmpipe (LLVM 20.1.2, 256 bits)
INFO:     > Version:  4.5 (Core Profile) Mesa 25.2.8-0ubuntu0.24.04.2
INFO:     > GLSL:     4.50
INFO: GL: VAO extension detected, VAO functions loaded successfully
INFO: GL: NPOT textures extension detected, full NPOT textures supported
INFO: GL: DXT compressed textures supported
INFO: GL: ETC2/EAC compressed textures supported
INFO: PLATFORM: DESKTOP (GLFW - X11): Initialized successfully
INFO: TEXTURE: [ID 1] Texture loaded successfully (1x1 | R8G8B8A8 | 1 mipmaps)
INFO: TEXTURE: [ID 1] Default texture loaded successfully
INFO: SHADER: [ID 1] Vertex shader compiled successfully
INFO: SHADER: [ID 2] Fragment shader compiled successfully
INFO: SHADER: [ID 3] Program shader loaded successfully
INFO: SHADER: [ID 3] Default shader loaded successfully
INFO: RLGL: Render batch vertex buffers loaded successfully in RAM (CPU)
INFO: RLGL: Render batch vertex buffers loaded successfully in VRAM (GPU)
INFO: RLGL: Default OpenGL state initialized successfully
INFO: TEXTURE: [ID 2] Texture loaded successfully (128x128 | GRAY_ALPHA | 1 mipmaps)
INFO: FONT: Default font loaded successfully (224 glyphs)
INFO: SYSTEM: Working Directory: /home/user/wt/heat-pin
INFO: TIMER: Target time per frame: 0.000 milliseconds
FINALE-KIT: Wardens
FINALE-KIT: Wardens
FINALE-KIT: Legion
WAVE: +2 (SCOUT,GRUNT) [rich]
WAVE: +2 (SCOUT,MORTAR) [rich]
WAVE: +2 (SNIPER,GRUNT) [rich]
WAVE: +3 (SNIPER,DRONE,SPOTTER) [rich]
WAVE: +3 (SHIELD,SNIPER,STRIKER) [rich]
WAVE: +2 (BRUISER,SHIELD) [rich]
REINFORCEMENTS: +2 (SCOUT,GRUNT)
FINALE-KIT: Legion
WAVE: +2 (MORTAR,SNIPER) [rich]
WAVE: +2 (SCOUT,SNIPER) [rich]
WAVE: +2 (MORTAR,SCOUT) [rich]
WAVE: +3 (DRONE,LANCER,HOUND) [rich]
WAVE: +3 (GRUNT,STRIKER,MEDIC) [rich]
WAVE: +3 (MEDIC,BRUISER,SHIELD) [rich]
REINFORCEMENTS: +2 (GRUNT,GRUNT)
REINFORCEMENTS: +2 (GRUNT,GRUNT)
REINFORCEMENTS: +3 (GRUNT,GRUNT,SCOUT)
FINALE-KIT: Legion
WAVE: +2 (DRONE,DRONE) [rich]
WAVE: +2 (SPOTTER,DRONE) [rich]
WAVE: +2 (GRUNT,DRONE) [rich]
match 5/20  (W:2 L:3 cap:0)  4.6s
FINALE-KIT: Legion
WAVE: +2 (DRONE,SAPPER) [rich]
WAVE: +2 (GRUNT,SHIELD) [rich]
WAVE: +2 (SAPPER,SAPPER) [rich]
FINALE-KIT: Wardens
FINALE-KIT: Wardens
FINALE-KIT: Legion
WAVE: +2 (SPOTTER,SPOTTER) [rich]
WAVE: +2 (SAPPER,SAPPER) [rich]
WAVE: +2 (SPOTTER,SHIELD) [rich]
FINALE-KIT: Legion
WAVE: +2 (SAPPER,DRONE) [rich]
WAVE: +2 (DRONE,SCREENER) [rich]
WAVE: +2 (SHIELD,SHIELD) [rich]
match 10/20  (W:2 L:8 cap:0)  6.9s
FINALE-KIT: Legion
FINALE-KIT: Legion
FINALE-KIT: Legion
FINALE-KIT: Legion
FINALE-KIT: Wardens
WAVE: +2 (SHIELD,SAPPER) [rich]
WAVE: +2 (DRONE,SAPPER) [rich]
WAVE: +2 (DRONE,CUSTODIAN) [rich]
match 15/20  (W:2 L:13 cap:0)  8.4s
FINALE-KIT: Wardens
WAVE: +2 (SPOTTER,SHIELD) [rich]
WAVE: +2 (DRONE,SAPPER) [rich]
WAVE: +2 (SHIELD,DRONE) [rich]
REINFORCEMENTS: +2 (SCOUT,GRUNT)
REINFORCEMENTS: +2 (GRUNT,SCOUT)
REINFORCEMENTS: +2 (SCOUT,GRUNT)
FINALE-KIT: Legion
WAVE: +3 (SCREENER,DRONE,SHIELD) [rich]
WAVE: +1 (DRONE) [rich]
WAVE: +2 (DRONE,SHIELD) [rich]
FINALE-KIT: Legion
WAVE: +3 (DRONE,SAPPER,CUSTODIAN) [rich]
WAVE: +3 (DRONE,CUSTODIAN,DRONE) [rich]
WAVE: +2 (SAPPER,SCREENER) [rich]
FINALE-KIT: Legion
WAVE: +3 (SPOTTER,SHIELD,CUSTODIAN) [rich]
WAVE: +3 (SAPPER,SHIELD,SPOTTER) [rich]
WAVE: +3 (SAPPER,SCREENER,DRONE) [rich]
FINALE-KIT: Legion
WAVE: +3 (CUSTODIAN,DRONE,SHIELD) [rich]
WAVE: +3 (SHIELD,SAPPER,SHIELD) [rich]
WAVE: +3 (CUSTODIAN,DRONE,SAPPER) [rich]
match 20/20  (W:3 L:17 cap:0)  10.1s

══════════════════════ SIGHTLINE BALANCE REPORT ══════════════════════
runs=20  missions=71

RUN OUTCOMES (campaign):  win-rate   15%   avg missions cleared 3.8

POLICY GAP (optimal vs human-error; campaign runs only):
  greedy win-rate   10%  (n=10)
  sloppy win-rate   20%  (n=10)
  GAP  -10 pts  (healthy slack)
  PAIRED (same-seed slots): pairs=10  concordant=9  discordant greedy-only-won=0 / sloppy-only-won=1  paired gap  -10 pts
  PER-SLOT RECORDS (greedy | sloppy: outcome + missions cleared; margin = g−s):
    slot 130 @h6: L 2 | L 2   margin +0
    slot 131 @h6: W 6 | W 6   margin +0
    slot 132 @h6: L 3 | L 5   margin -2
    slot 133 @h6: L 5 | L 3   margin +2
    slot 134 @h6: L 3 | L 3   margin +0
    slot 135 @h6: L 4 | L 2   margin +2
    slot 136 @h6: L 3 | L 1   margin +2
    slot 137 @h6: L 3 | L 5   margin -2
    slot 138 @h6: L 4 | L 4   margin +0
    slot 139 @h6: L 5 | W 6   margin -1
  PAIRED MARGIN (missions cleared, all pairs): +0.10 ±0.48 SE  (n=10 pairs)
  by objective (greedy / sloppy / gap):
    Decapitate :   50% /   40% / gap   10
    Defend     :  100% /  100% / gap    0
    Eliminate  :   85% /   77% / gap    8
    Evac       :   60% /   75% / gap  -15
    Hack       :   50% /  100% / gap  -50
    Rescue     :   75% /   75% / gap    0

DECISION RICHNESS / SWING:
  meaningful-choices/turn 2.27   lead-swings/match 0.8   avg max-swing 56.7
  [shot-gate] acting-soldiers/turn 3.01   armed-soldiers/turn 1.07   armed-fraction 36%   turns-with-a-shot 52%   choices/ARMED-soldier-turn 2.12
  [choice-split] los-targets/ARMED 2.37   target-choices/ARMED 0.27   position-choices/ARMED 1.85

RUN COMPLETION BY HEAT (full-campaign clears):
  heat 6:   15% ±8  (n=20 runs, avg 3.8 missions)
  HEAT LEAK: pinned=yes  heat-raising picks=2  campaigns raised=0  missions off-rung=0/71

INTEL ECONOMY BY HEAT (campaign runs; heat-bonus = the Heat.IntelBonus share of income):
  heat 6: earned  201.5/run   heat-bonus  91.8 (  46% of income)   spent  183.6   unspent   17.9

MISSION WIN-RATE BY HEAT:
  heat 6:   76%  (n=71, avg 5.9 turns)

MISSION WIN-RATE BY OBJECTIVE:
  Eliminate  :   81% ±8  (n=26, avg 5.2 turns)
  Defend     :  100% ±0  (n=14, avg 9.0 turns)
  Evac       :   67% ±16  (n=9, avg 4.7 turns)
  Decapitate :   44% ±17  (n=9, avg 5.6 turns)
  Rescue     :   75% ±15  (n=8, avg 5.0 turns)
  Hack       :   75% ±22  (n=4, avg 4.0 turns)
  Sabotage   :    0% ±0  (n=1, avg 7.0 turns)

MISSION WIN-RATE BY OBJECTIVE x NODE KIND (a capstone must never pool with a mid-run node):
  Eliminate  : Start: 100%(n=20)  Combat:  17%(n=6)
               depth: m1:100%(20) m3:0%(2) m4:50%(2) m5:0%(2)
  Defend     : Combat: 100%(n=10)  Supply: 100%(n=2)  Elite: 100%(n=2)
               depth: m2:100%(4) m3:100%(4) m4:100%(6)
  Evac       : Supply:  67%(n=6)  Combat:  67%(n=3)
               depth: m3:75%(4) m4:33%(3) m5:100%(2)
  Decapitate : Boss:  43%(n=7)  Supply:  50%(n=2)
               depth: m2:50%(2) m6:43%(7)
  Rescue     : Supply: 100%(n=6)  Combat:   0%(n=2)
               depth: m2:100%(6) m4:0%(2)
  Hack       : Combat:  50%(n=2)  Elite: 100%(n=2)
               depth: m3:100%(2) m4:50%(2)
  Sabotage   : Combat:   0%(n=1)
               depth: m5:0%(1)

ENCOUNTER COMPLETION on MID-RUN nodes (Combat+Elite) — clear% is the share of the fight actually fought:
  objective     n   win%   turns   force    +rf  killed  clear%   prs  WONclear%
  Defend        12  100%     9.0    6.33   6.67    3.42    26.3  0.00     26.3 (n=12)
  Eliminate      6   17%    10.2   10.00   0.00    4.17    41.7  1.83    100.0 (n=1)
  Hack           4   75%     4.0   10.50   0.00    0.75     7.1  0.00      9.4 (n=3)
  Evac           3   67%     4.3   10.67   0.00    1.33    12.5  0.00     18.2 (n=2)
  Rescue         2    0%     7.0   10.00   0.00    4.00    40.0  0.00      0.0 (n=0)
  Sabotage       1    0%     7.0    9.00   0.00    1.00    11.1  0.00      0.0 (n=0)
  ---- the two classes ----
  KILL           6   17%    10.2   10.00   0.00    4.17    41.7  1.83    100.0 (n=1)
  NON-KILL      22   77%     7.2    8.14   3.64    2.59    22.0  0.00     22.9 (n=17)

DECAPITATE HVT (buff = +6+1*mission HP, +6 aim; ELITE exempt):
  EXEMPT  :   43% ±19  (n=7, avg 6.0 turns, HVT 23.0 max HP)  [m6:43%(7)]
  BUFFED  :   50% ±35  (n=2, avg 4.0 turns, HVT 16.5 max HP)  [m2:50%(2)]

MISSION WIN-RATE BY MISSION #:
  m1:  100% ±0  (n=20)
  m2:   92% ±8  (n=12)
  m3:   75% ±13  (n=12)
  m4:   60% ±13  (n=15)
  m5:   40% ±22  (n=5)
  m6:   43% ±19  (n=7)

LOSS CAUSES (missions):
  RUN OVER              : 15
  CAPTIVE LOST          : 2

MISSION WIN-RATE BY ARENA (authored layouts, n>=3; procedural fallback   21% of 71 missions):
  arena  3:  100% ±0  (n=4, avg 2.0 turns)  [m1:100%(2) m2:100%(2)]
  arena  5:  100% ±0  (n=4, avg 3.5 turns)  [m1:100%(2) m5:100%(2)]
  arena 11:   33% ±27  (n=3, avg 5.7 turns)  [m3:50%(2) m4:0%(1)]
  arena 20:  100% ±0  (n=3, avg 7.3 turns)  [m2:100%(3)]
  arena 26:   83% ±15  (n=6, avg 5.5 turns)  [m1:100%(2) m4:75%(4)]
  arena 30:  100% ±0  (n=3, avg 9.0 turns)  [m3:100%(1) m4:100%(2)]
  arena 33:   75% ±22  (n=4, avg 3.8 turns)  [m1:100%(2) m2:50%(2)]
  arena 34:  100% ±0  (n=3, avg 12.0 turns)  [m4:100%(1) m6:100%(2)]
  procedural:   80% ±10  (n=15, avg 6.0 turns)  [m1:100%(6) m2:100%(2) m3:100%(3) m4:25%(4)]

DEPLOYMENT GEOMETRY (opening shape; choices/ARMED is the wave's real gate):
  FRONTAL   :   76% ±9  (n=25, avg 7.1 turns)  choices/turn 1.75  choices/ARMED 2.25  los-targets/ARMED 2.50
  PINCER    :   64% ±9  (n=28, avg 5.6 turns)  choices/turn 2.29  choices/ARMED 2.13  los-targets/ARMED 2.11
  CROSSFIRE :  100% ±0  (n=8, avg 5.0 turns)  choices/turn 2.78  choices/ARMED 2.02  los-targets/ARMED 3.22
  ENVELOP   :   90% ±9  (n=10, avg 4.2 turns)  choices/turn 3.79  choices/ARMED 1.97  los-targets/ARMED 2.07

ARENA FUNNEL (Mission.Build exits, n=87 builds, all modes):
  authored-applied    :  78.2%  (n=68)
  connectivity-reject :   0.0%  (n=0)
  procedural-roll     :  21.8%  (n=19)

DECK EXPOSURE (campaign runs n=20):
  distinct authored arenas/run : 2.80 mean (all runs)
  ... full-depth runs only     : 4.33 mean over 4.7 fights/run (n=3)
  Defend dealt on the route    :   60% of runs (n=12)

ENEMY DECISION MIX (contested acts=1430; all-downed acts not counted=585):
  shoot           752    53%
  hunker          409    29%
  move            107     7%
  heal             39     3%
  siege            31     2%
  grenade          28     2%
  reload           25     2%
  brace            17     1%
  item             11     1%
  overwatch         7     0%
  sap               2     0%
  shove             1     0%
  staleplan         1     0%

  the shot on the table (acts where the chosen tile HAD a shot = 813):
    hit% band     taken   share   E[dmg]/shot   declined   share   E[dmg]/shot
      0-19           1      0%          0.50          1     13%          0.56
     20-39          16      2%          1.18          5     63%          1.33
     40-59         102     14%          2.09          2     25%          1.73
     60-79         299     40%          3.00          0      0%          0.00
      80+          334     44%          4.31          0      0%          0.00
    TOTAL           752                              8
  taken   92% / DECLINED    1% / preempted by another verb    7%
  enemy lanes held (overwatch+brace) 24; reaction shots fired 4  ->   17% of lanes paid off   [C2: DeclineWatchRatio is a bet on this number]

ACTION MIX (verbs issued, by policy):
  verb                  greedy        sloppy
  MOVE               363   33%     489   40%
  SHOOT              318   28%     272   22%
  OVERWATCH           93    8%      98    8%
  FOCUS               89    8%      64    5%
  RELOAD              45    4%      38    3%
  SLIPSTREAM          30    3%      35    3%
  STABILIZE           29    3%      34    3%
  INTEL               31    3%      30    2%
  BRACE               21    2%      40    3%
  HUNKER              19    2%      23    2%
  MARK                13    1%      19    2%
  PIN                 11    1%      15    1%
  ITEM:SMOKE          12    1%      13    1%
  GRAPPLE             12    1%       6    0%
  BEACON               7    1%       8    1%
  PATCH                2    0%      11    1%
  REARM                6    1%       4    0%
  DRAG                 3    0%       7    1%
  GRENADE              3    0%       6    0%
  BARREL               1    0%       6    0%
  HACK                 3    0%       4    0%
  PLANT                3    0%       0    0%
  EXTRACT              2    0%       1    0%
  ITEM:FLASH           0    0%       2    0%

PLAYER CLASS PERFORMANCE:
  class        shots   hit%   dmg   kills
  SHARPSHOOTER    151    89%   1020     63
  ASSAULT        207    83%    841     51
  GUNNER         146    79%    620     41
  RANGER          92    85%    511     38
  CORPSMAN        31    87%    108      3

SOLDIER DEATHS BY ENEMY CLASS (threat ranking):
  SNIPER     : 14
  STRIKE     : 13
  ELITE      : 11
  SCREENER   : 8
  HUNTER     : 8
  BERSERKER  : 7
  LANCER     : 6
  SAPPER     : 6
  MORTAR     : 5
  GRUNT      : 4
  STRIKER    : 4
  MEDIC      : 4
  SCOUT      : 3
  CUSTODIAN  : 3
  BURN       : 3
  BRUISER    : 3
  WARBRINGER : 3
  PIKEMAN    : 3
  SPOTTER    : 3
  TURRET     : 3
  SHIELD     : 3
  HOUND      : 2
  DRONE      : 1

SOLDIER DOWNS (FUL-7 bleed-out): 243 downs -> revived 8 / recovered 43 / bled out 169 / finished 20  (save-rate   22%)
  corpsman fielded in 21 missions

ENEMY COMPOSITION (spawns; faction-stamped fights n=532 / default-cascade fights n=218):
  class        faction         default
  SCOUT           29    5%       65   30%
  GRUNT           44    8%       29   13%
  DRONE           51   10%       10    5%
  MEDIC           42    8%       11    5%
  LANCER          33    6%       11    5%
  SNIPER          26    5%       13    6%
  SAPPER          34    6%        3    1%
  ELITE           31    6%        5    2%
  HUNTER          32    6%        4    2%
  BERSERKER       28    5%        7    3%
  SCREENER        34    6%        0    0%
  SHIELD          24    5%        8    4%
  MORTAR          21    4%        9    4%
  STRIKER         13    2%       10    5%
  CUSTODIAN       16    3%        5    2%
  PIKEMAN         16    3%        3    1%
  BRUISER         16    3%        3    1%
  SPOTTER         11    2%        8    4%
  HOUND            7    1%        9    4%
  TURRET           9    2%        3    1%
  WARBRINGER       8    2%        1    0%
  BOMBARD          7    1%        1    0%

PERK PICK FREQUENCY:
  MOM           : 14
  GUN           : 13
  VNT           : 11
  HRD           : 10
  LCK           : 9
  GRD           : 7
  FST           : 7
  BRK           : 7
  BND           : 7
  RFX           : 6
  PLT           : 6
  SGE           : 6
  SKR           : 6
  CQB           : 6
  EXC           : 6
  MRK           : 5
  OUT           : 5
  CLH           : 3
  TNK           : 2

SHOP PURCHASE FREQUENCY:
  WPN: HOLLOW POINT : 62
  FIELD MEDKIT      : 57
  WPN: SCOPE        : 38
  WPN: STABILIZER   : 32
  COMBAT STIMS      : 27
  BALLISTIC PLATING : 22
  WPN: EXTENDED MAG : 20
  WPN: SUPPRESSOR   : 19
  FRAG CACHE        : 19
  WPN: BIPOD        : 18
  COUNTER-PREP      : 15
  ARMORY            : 10
  ADV. TRAINING     : 9

BOON PICK FREQUENCY (PROCS = effect fires at instrumented sites; '-' = not instrumented;
                      PYR counts the +2-turn-burn half only — the Burning-immunity half is uninstrumented):
  code                 picks   PROCS
  GHO               :     6       -
  RCL               :     5       2
  ADR               :     4       -
  EXE               :     4       -
  TRR               :     4      13
  FRT               :     3       -
  FST               :     3      38
  GRN               :     3       -
  MRK               :     3       -
  RPD               :     3       -
  SCV               :     3       -
  VNM               :     3       -
  FVR               :     2       -
  PYR               :     2       2
  SHK               :     2       0
  FDR               :     1       0

RUN WIN-RATE BY BOON (campaign runs holding it):
  GHO               :   33% ±19  (in 6 runs)
  RCL               :   20% ±18  (in 5 runs)
  ADR               :   25% ±22  (in 4 runs)
  EXE               :   25% ±22  (in 4 runs)
  TRR               :   25% ±22  (in 4 runs)
  FRT               :   33% ±27  (in 3 runs)
  FST               :    0% ±0  (in 3 runs)
  GRN               :   33% ±27  (in 3 runs)
  MRK               :   33% ±27  (in 3 runs)
  RPD               :    0% ±0  (in 3 runs)
  SCV               :    0% ±0  (in 3 runs)
  VNM               :   33% ±27  (in 3 runs)
  FVR               :    0% ±0  (in 2 runs)
  PYR               :   50% ±35  (in 2 runs)
  SHK               :    0% ±0  (in 2 runs)
  FDR               :    0% ±0  (in 1 runs)

RUN WIN-RATE BY SPEC (campaign runs fielding it):
  SNT               :   29% ±17  (in 7 runs)
  BRC               :    0% ±0  (in 4 runs)
  ANC               :   50% ±35  (in 2 runs)
  HHT               :    0% ±0  (in 2 runs)
  JUG               :    0% ±0  (in 1 runs)
  PHN               :    0% ±0  (in 1 runs)
  PTH               :  100% ±0  (in 1 runs)

RUN WIN-RATE BY PERK (campaign runs holding it):
  GUN               :   27% ±13  (in 11 runs)
  VNT               :   22% ±14  (in 9 runs)
  HRD               :   25% ±15  (in 8 runs)
  MOM               :   38% ±17  (in 8 runs)
  GRD               :   14% ±13  (in 7 runs)
  LCK               :   29% ±17  (in 7 runs)
  BRK               :   17% ±15  (in 6 runs)
  CQB               :   17% ±15  (in 6 runs)
  EXC               :   17% ±15  (in 6 runs)
  FST               :   17% ±15  (in 6 runs)
  PLT               :   17% ±15  (in 6 runs)
  RFX               :   33% ±19  (in 6 runs)
  SGE               :    0% ±0  (in 6 runs)
  BND               :   40% ±22  (in 5 runs)
  MRK               :   20% ±18  (in 5 runs)
  OUT               :    0% ±0  (in 5 runs)
  SKR               :   25% ±22  (in 4 runs)
  CLH               :    0% ±0  (in 3 runs)
  TNK               :   50% ±35  (in 2 runs)

RUN WIN-RATE BY PURCHASE (campaign runs buying it):
  FIELD MEDKIT      :   18% ±9  (in 17 runs)
  COUNTER-PREP      :   21% ±11  (in 14 runs)
  WPN: HOLLOW POINT :    8% ±7  (in 13 runs)
  WPN: STABILIZER   :    0% ±0  (in 12 runs)
  COMBAT STIMS      :   18% ±12  (in 11 runs)
  WPN: EXTENDED MAG :   18% ±12  (in 11 runs)
  FRAG CACHE        :   20% ±13  (in 10 runs)
  WPN: SCOPE        :   30% ±14  (in 10 runs)
  WPN: SUPPRESSOR   :   20% ±13  (in 10 runs)
  ARMORY            :   25% ±15  (in 8 runs)
  WPN: BIPOD        :   25% ±15  (in 8 runs)
  BALLISTIC PLATING :   43% ±19  (in 7 runs)
  ADV. TRAINING     :   20% ±18  (in 5 runs)

RUN WIN-RATE BY EVENT-CHOICE (campaign runs taking id:arm):
  blackmarket:2     :    0% ±0  (in 2 runs)
  bloodfeud:0       :   50% ±35  (in 2 runs)
  defector:2        :   50% ±35  (in 2 runs)
  informant:1       :  100% ±0  (in 2 runs)
  informant:2       :    0% ±0  (in 2 runs)
  reservecall:0     :    0% ±0  (in 2 runs)
  warchest:1        :    0% ±0  (in 2 runs)
  warpension:1      :    0% ±0  (in 2 runs)
  cache:1           :    0% ±0  (in 1 runs)
  defector:0        :    0% ±0  (in 1 runs)
  fieldhospital:1   :    0% ±0  (in 1 runs)
  relic:1           :    0% ±0  (in 1 runs)
  warpension:2      :    0% ±0  (in 1 runs)
═══════════════════════════════════════════════════════════════════════

batch wall-time: 10.1s  (20 matches across 10 campaigns × 2 policy, frame-cap hits: 0)
aggregate JSON -> /home/user/wt/heat-pin/docs/measurements/l5/L5fac-m3a1b0-h6-b130.json
INFO: TEXTURE: [ID 2] Unloaded texture data from VRAM (GPU)
INFO: SHADER: [ID 3] Default shader unloaded successfully
INFO: TEXTURE: [ID 1] Default texture unloaded successfully
INFO: Window closed successfully
