BALANCE: heat PINNED for this batch (field-event AddHeat is a no-op; SIGHTLINE_HEATPIN=0 restores the leak)
INFO: Initializing raylib 6.0
INFO: Platform backend: DESKTOP (GLFW)
INFO: Supported raylib modules:
INFO:     > rcore:..... loaded (mandatory)
INFO:     > rlgl:...... loaded (mandatory)
INFO:     > rshapes:... loaded (optional)
INFO:     > rtextures:. loaded (optional)
INFO:     > rtext:..... loaded (optional)
INFO:     > rmodels:... loaded (optional)
INFO:     > raudio:.... loaded (optional)
INFO: DISPLAY: Trying to enable MSAA x4
INFO: DISPLAY: Device initialized successfully 
INFO:     > Display size: 1280 x 800
INFO:     > Screen size:  1280 x 800
INFO:     > Render size:  1280 x 800
INFO:     > Viewport offsets: 0, 0
INFO: GLAD: OpenGL extensions loaded successfully
INFO: GL: Supported extensions count: 229
INFO: GL: OpenGL device information:
INFO:     > Vendor:   Mesa
INFO:     > Renderer: llvmpipe (LLVM 20.1.2, 256 bits)
INFO:     > Version:  4.5 (Core Profile) Mesa 25.2.8-0ubuntu0.24.04.2
INFO:     > GLSL:     4.50
INFO: GL: VAO extension detected, VAO functions loaded successfully
INFO: GL: NPOT textures extension detected, full NPOT textures supported
INFO: GL: DXT compressed textures supported
INFO: GL: ETC2/EAC compressed textures supported
INFO: PLATFORM: DESKTOP (GLFW - X11): Initialized successfully
INFO: TEXTURE: [ID 1] Texture loaded successfully (1x1 | R8G8B8A8 | 1 mipmaps)
INFO: TEXTURE: [ID 1] Default texture loaded successfully
INFO: SHADER: [ID 1] Vertex shader compiled successfully
INFO: SHADER: [ID 2] Fragment shader compiled successfully
INFO: SHADER: [ID 3] Program shader loaded successfully
INFO: SHADER: [ID 3] Default shader loaded successfully
INFO: RLGL: Render batch vertex buffers loaded successfully in RAM (CPU)
INFO: RLGL: Render batch vertex buffers loaded successfully in VRAM (GPU)
INFO: RLGL: Default OpenGL state initialized successfully
INFO: TEXTURE: [ID 2] Texture loaded successfully (128x128 | GRAY_ALPHA | 1 mipmaps)
INFO: FONT: Default font loaded successfully (224 glyphs)
INFO: SYSTEM: Working Directory: /home/user/wt/heat-pin
INFO: TIMER: Target time per frame: 0.000 milliseconds
FINALE-KIT: Syndicate
FINALE-KIT: Syndicate
REINFORCEMENTS: +2 (GRUNT,GRUNT)
FINALE-KIT: Wardens
WAVE: +2 (SCOUT,SNIPER) [rich]
WAVE: +2 (SNIPER,PIKEMAN) [rich]
WAVE: +2 (GRUNT,SNIPER) [rich]
REINFORCEMENTS: +2 (SCOUT,SCOUT)
REINFORCEMENTS: +2 (GRUNT,GRUNT)
REINFORCEMENTS: +3 (GRUNT,SCOUT,GRUNT)
REINFORCEMENTS: +2 (SCOUT,SCOUT)
REINFORCEMENTS: +2 (GRUNT,GRUNT)
FINALE-KIT: Wardens
WAVE: +2 (MORTAR,SNIPER) [rich]
WAVE: +2 (SCREENER,SCOUT) [rich]
WAVE: +2 (GRUNT,MEDIC) [rich]
WAVE: +2 (SNIPER,GRUNT) [rich]
WAVE: +2 (PIKEMAN,MEDIC) [rich]
WAVE: +2 (SCREENER,SNIPER) [rich]
FINALE-KIT: Syndicate
WAVE: +3 (BERSERKER,BERSERKER,LANCER) [rich]
WAVE: +2 (MORTAR,STRIKER) [rich]
WAVE: +3 (SNIPER,SCOUT,WARBRINGER) [rich]
WAVE: +2 (DRONE,BERSERKER) [rich]
match 5/20  (W:0 L:5 cap:0)  4.2s
FINALE-KIT: Syndicate
FINALE-KIT: Syndicate
WAVE: +3 (WARBRINGER,LANCER,HUNTER) [rich]
WAVE: +2 (HUNTER,BERSERKER) [rich]
WAVE: +3 (BRUISER,HUNTER,WARBRINGER) [rich]
WAVE: +3 (GRUNT,BERSERKER,BERSERKER) [rich]
WAVE: +1 (BRUISER) [rich]
FINALE-KIT: Syndicate
WAVE: +3 (LANCER,LANCER,HUNTER) [rich]
WAVE: +3 (LANCER,STRIKER,BRUISER) [rich]
FINALE-KIT: Legion
REINFORCEMENTS: +2 (SCOUT,SCOUT)
FINALE-KIT: Legion
REINFORCEMENTS: +2 (GRUNT,SCOUT)
match 10/20  (W:0 L:10 cap:0)  6.5s
FINALE-KIT: Wardens
FINALE-KIT: Wardens
WAVE: +3 (DRONE,SAPPER,SNIPER) [rich]
WAVE: +3 (SPOTTER,MEDIC,MORTAR) [rich]
WAVE: +3 (DRONE,MEDIC,HUNTER) [rich]
REINFORCEMENTS: +2 (GRUNT,SCOUT)
FINALE-KIT: Syndicate
WAVE: +2 (GRUNT,SCOUT) [rich]
WAVE: +2 (PIKEMAN,SCOUT) [rich]
WAVE: +2 (MORTAR,SNIPER) [rich]
FINALE-KIT: Syndicate
WAVE: +2 (SCOUT,SNIPER) [rich]
WAVE: +2 (MORTAR,SCOUT) [rich]
WAVE: +2 (SCOUT,SNIPER) [rich]
REINFORCEMENTS: +2 (SCOUT,GRUNT)
FINALE-KIT: Legion
match 15/20  (W:1 L:14 cap:0)  8.4s
FINALE-KIT: Legion
FINALE-KIT: Syndicate
WAVE: +3 (HUNTER,BERSERKER,BRUISER) [rich]
WAVE: +3 (BRUISER,BERSERKER,GRUNT) [rich]
WAVE: +2 (BRUISER,STRIKER) [rich]
REINFORCEMENTS: +2 (GRUNT,GRUNT)
REINFORCEMENTS: +2 (SCOUT,GRUNT)
REINFORCEMENTS: +3 (SCOUT,SCOUT,SCOUT)
REINFORCEMENTS: +2 (GRUNT,GRUNT)
FINALE-KIT: Syndicate
WAVE: +3 (LANCER,BRUISER,BRUISER) [rich]
WAVE: +2 (HOUND,BERSERKER) [rich]
WAVE: +3 (BERSERKER,GRUNT,HUNTER) [rich]
FINALE-KIT: Wardens
FINALE-KIT: Wardens
match 20/20  (W:1 L:19 cap:0)  9.6s

══════════════════════ SIGHTLINE BALANCE REPORT ══════════════════════
runs=20  missions=75

RUN OUTCOMES (campaign):  win-rate    5%   avg missions cleared 3.5

POLICY GAP (optimal vs human-error; campaign runs only):
  greedy win-rate    0%  (n=10)
  sloppy win-rate   10%  (n=10)
  GAP  -10 pts  (healthy slack)
  PAIRED (same-seed slots): pairs=10  concordant=9  discordant greedy-only-won=0 / sloppy-only-won=1  paired gap  -10 pts
  PER-SLOT RECORDS (greedy | sloppy: outcome + missions cleared; margin = g−s):
    slot  60 @h6: L 3 | L 5   margin -2
    slot  61 @h6: L 5 | L 4   margin +1
    slot  62 @h6: L 4 | L 2   margin +2
    slot  63 @h6: L 3 | L 3   margin +0
    slot  64 @h6: L 3 | L 3   margin +0
    slot  65 @h6: L 2 | W 6   margin -4
    slot  66 @h6: L 3 | L 5   margin -2
    slot  67 @h6: L 1 | L 1   margin +0
    slot  68 @h6: L 5 | L 5   margin +0
    slot  69 @h6: L 3 | L 4   margin -1
  PAIRED MARGIN (missions cleared, all pairs): -0.60 ±0.54 SE  (n=10 pairs)
  by objective (greedy / sloppy / gap):
    Decapitate :   25% /   33% / gap   -8
    Defend     :   80% /   80% / gap    0
    Eliminate  :  100% /  100% / gap    0
    Escort     :   80% /   67% / gap   13
    Evac       :  100% /  100% / gap    0
    Hack       :  100% /   50% / gap   50
    Rescue     :   33% /   83% / gap  -50

DECISION RICHNESS / SWING:
  meaningful-choices/turn 1.84   lead-swings/match 0.7   avg max-swing 62.7
  [shot-gate] acting-soldiers/turn 2.75   armed-soldiers/turn 0.98   armed-fraction 36%   turns-with-a-shot 51%   choices/ARMED-soldier-turn 1.87
  [choice-split] los-targets/ARMED 2.10   target-choices/ARMED 0.25   position-choices/ARMED 1.62

RUN COMPLETION BY HEAT (full-campaign clears):
  heat 6:    5% ±5  (n=20 runs, avg 3.5 missions)
  HEAT LEAK: pinned=yes  heat-raising picks=0  campaigns raised=0  missions off-rung=0/75

INTEL ECONOMY BY HEAT (campaign runs; heat-bonus = the Heat.IntelBonus share of income):
  heat 6: earned  214.3/run   heat-bonus  99.0 (  46% of income)   spent  196.5   unspent   17.9

MISSION WIN-RATE BY HEAT:
  heat 6:   75%  (n=75, avg 5.5 turns)

MISSION WIN-RATE BY OBJECTIVE:
  Eliminate  :  100% ±0  (n=24, avg 3.2 turns)
  Rescue     :   58% ±14  (n=12, avg 4.4 turns)
  Escort     :   73% ±13  (n=11, avg 9.5 turns)
  Decapitate :   30% ±14  (n=10, avg 5.9 turns)
  Defend     :   80% ±13  (n=10, avg 8.5 turns)
  Evac       :  100% ±0  (n=4, avg 4.3 turns)
  Hack       :   67% ±27  (n=3, avg 4.3 turns)
  Sabotage   :    0% ±0  (n=1, avg 7.0 turns)

MISSION WIN-RATE BY OBJECTIVE x NODE KIND (a capstone must never pool with a mid-run node):
  Eliminate  : Start: 100%(n=20)  Supply: 100%(n=2)  Combat: 100%(n=2)
               depth: m1:100%(20) m2:100%(4)
  Rescue     : Elite:  33%(n=6)  Combat:  83%(n=6)
               depth: m2:50%(4) m3:75%(4) m4:50%(4)
  Escort     : Combat:  83%(n=6)  Supply:  67%(n=3)  Elite:  50%(n=2)
               depth: m2:100%(2) m3:75%(4) m4:50%(2) m5:67%(3)
  Decapitate : Boss:  17%(n=6)  Supply: 100%(n=2)  Combat:   0%(n=2)
               depth: m2:100%(2) m4:0%(2) m6:17%(6)
  Defend     : Combat:  67%(n=6)  Supply: 100%(n=2)  Elite: 100%(n=2)
               depth: m2:100%(2) m3:100%(2) m4:67%(6)
  Evac       : Combat: 100%(n=2)  Elite: 100%(n=2)
               depth: m3:100%(4)
  Hack       : Elite:  67%(n=3)
               depth: m3:100%(2) m5:0%(1)
  Sabotage   : Combat:   0%(n=1)
               depth: m5:0%(1)

ENCOUNTER COMPLETION on MID-RUN nodes (Combat+Elite) — clear% is the share of the fight actually fought:
  objective     n   win%   turns   force    +rf  killed  clear%   prs  WONclear%
  Rescue        12   58%     4.4    9.17   0.00    2.50    27.3  0.00     27.4 (n=7)
  Escort         8   75%     6.4    9.25   0.00    2.13    23.0  0.00     28.8 (n=6)
  Defend         8   75%     8.4    7.00   6.25    3.88    29.2  0.00     33.8 (n=6)
  Evac           4  100%     4.3   10.00   0.00    1.50    15.0  0.00     15.0 (n=4)
  Hack           3   67%     4.3   11.00   0.00    1.00     9.1  0.33      9.1 (n=2)
  Decapitate     2    0%     6.5   10.00   0.00    0.50     5.0  1.00      0.0 (n=0)
  Eliminate      2  100%     6.0    6.00   0.00    6.00   100.0  1.00    100.0 (n=2)
  Sabotage       1    0%     7.0    9.00   0.00    2.00    22.2  0.00      0.0 (n=0)
  ---- the two classes ----
  KILL           4   50%     6.3    8.00   0.00    3.25    40.6  1.00    100.0 (n=2)
  NON-KILL      36   69%     5.8    8.94   1.39    2.47    23.9  0.03     26.2 (n=25)

DECAPITATE HVT (buff = +6+1*mission HP, +6 aim; ELITE exempt):
  EXEMPT  :   17% ±15  (n=6, avg 6.8 turns, HVT 21.7 max HP)  [m6:17%(6)]
  BUFFED  :   50% ±25  (n=4, avg 4.5 turns, HVT 23.3 max HP)  [m2:100%(2) m4:0%(2)]

MISSION WIN-RATE BY MISSION #:
  m1:  100% ±0  (n=20)
  m2:   86% ±9  (n=14)
  m3:   88% ±8  (n=16)
  m4:   50% ±13  (n=14)
  m5:   40% ±22  (n=5)
  m6:   17% ±15  (n=6)

LOSS CAUSES (missions):
  RUN OVER              : 12
  CAPTIVE LOST          : 4
  VIP LOST              : 2
  CAPTIVE ABANDONED     : 1

MISSION WIN-RATE BY ARENA (authored layouts, n>=3; procedural fallback   21% of 75 missions):
  arena  2:  100% ±0  (n=3, avg 3.0 turns)  [m2:100%(2) m3:100%(1)]
  arena 11:  100% ±0  (n=3, avg 5.7 turns)  [m2:100%(2) m4:100%(1)]
  arena 12:  100% ±0  (n=3, avg 3.7 turns)  [m1:100%(2) m4:100%(1)]
  arena 23:   50% ±25  (n=4, avg 4.3 turns)  [m1:100%(2) m6:0%(2)]
  arena 25:  100% ±0  (n=6, avg 7.5 turns)  [m2:100%(1) m3:100%(2) m4:100%(2) m5:100%(1)]
  arena 28:   75% ±22  (n=4, avg 5.5 turns)  [m1:100%(2) m3:100%(1) m6:0%(1)]
  arena 29:  100% ±0  (n=4, avg 4.0 turns)  [m1:100%(2) m2:100%(2)]
  arena 30:   75% ±22  (n=4, avg 14.3 turns)  [m3:100%(2) m4:50%(2)]
  procedural:   63% ±12  (n=16, avg 4.6 turns)  [m1:100%(4) m2:50%(2) m3:80%(5) m4:0%(3) m5:0%(1) m6:100%(1)]

DEPLOYMENT GEOMETRY (opening shape; choices/ARMED is the wave's real gate):
  FRONTAL   :   85%  (n=48, avg 5.3 turns)  choices/turn 1.72  choices/ARMED 1.86  los-targets/ARMED 2.06
  PINCER    :   58% ±11  (n=19, avg 5.5 turns)  choices/turn 2.07  choices/ARMED 2.01  los-targets/ARMED 2.54
  ENVELOP   :   50% ±18  (n=8, avg 6.9 turns)  choices/turn 2.04  choices/ARMED 1.69  los-targets/ARMED 1.53

ARENA FUNNEL (Mission.Build exits, n=89 builds, all modes):
  authored-applied    :  79.8%  (n=71)
  connectivity-reject :   0.0%  (n=0)
  procedural-roll     :  20.2%  (n=18)

DECK EXPOSURE (campaign runs n=20):
  distinct authored arenas/run : 2.95 mean (all runs)
  ... full-depth runs only     : 5.00 mean over 6.0 fights/run (n=1)
  Defend dealt on the route    :   50% of runs (n=10)

ENEMY DECISION MIX (contested acts=1780; all-downed acts not counted=530):
  shoot           945    53%
  hunker          531    30%
  move            112     6%
  reload           50     3%
  siege            32     2%
  grenade          31     2%
  heal             30     2%
  overwatch        14     1%
  staleplan        12     1%
  item             10     1%
  brace             6     0%
  sap               4     0%
  shove             3     0%

  the shot on the table (acts where the chosen tile HAD a shot = 1030):
    hit% band     taken   share   E[dmg]/shot   declined   share   E[dmg]/shot
      0-19           0      0%          0.00          3     23%          0.43
     20-39          20      2%          0.99          5     38%          0.90
     40-59         124     13%          1.55          5     38%          1.28
     60-79         367     39%          2.43          0      0%          0.00
      80+          434     46%          3.32          0      0%          0.00
    TOTAL           945                             13
  taken   92% / DECLINED    1% / preempted by another verb    7%
  enemy lanes held (overwatch+brace) 20; reaction shots fired 3  ->   15% of lanes paid off   [C2: DeclineWatchRatio is a bet on this number]

ACTION MIX (verbs issued, by policy):
  verb                  greedy        sloppy
  MOVE               424   36%     568   43%
  SHOOT              308   26%     399   30%
  HUNKER              73    6%      79    6%
  OVERWATCH           79    7%      32    2%
  FOCUS               77    6%       9    1%
  INTEL               33    3%      35    3%
  BRACE               36    3%      31    2%
  RELOAD              30    3%      34    3%
  STABILIZE           31    3%      31    2%
  SLIPSTREAM          21    2%      23    2%
  ITEM:SMOKE          16    1%      19    1%
  DRAG                 6    1%      22    2%
  MARK                11    1%      14    1%
  PIN                 12    1%       3    0%
  PATCH                5    0%      10    1%
  GRENADE              3    0%      10    1%
  BEACON               6    1%       5    0%
  REARM                6    1%       3    0%
  GRAPPLE              5    0%       1    0%
  EXTRACT              3    0%       2    0%
  HACK                 2    0%       3    0%
  BARREL               1    0%       0    0%
  ITEM:BARRICADE       0    0%       1    0%

PLAYER CLASS PERFORMANCE:
  class        shots   hit%   dmg   kills
  SHARPSHOOTER    178    91%   1172     76
  GUNNER         160    86%    723     45
  RANGER         108    90%    713     36
  ASSAULT        163    80%    667     41
  CORPSMAN        51    90%    192     10
  VIP              2    50%      2      0

SOLDIER DEATHS BY ENEMY CLASS (threat ranking):
  SNIPER     : 15
  BRUISER    : 14
  SHIELD     : 10
  STRIKE     : 10
  SAPPER     : 9
  DRONE      : 8
  GRUNT      : 8
  TURRET     : 7
  ELITE      : 7
  STRIKER    : 7
  LANCER     : 6
  BERSERKER  : 6
  BURN       : 6
  HUNTER     : 5
  SPOTTER    : 4
  SCOUT      : 4
  HOUND      : 4
  WARBRINGER : 3
  PIKEMAN    : 2
  SCREENER   : 1
  MEDIC      : 1
  BOMBARD    : 1

SOLDIER DOWNS (FUL-7 bleed-out): 245 downs -> revived 7 / recovered 43 / bled out 174 / finished 17  (save-rate   22%)
  corpsman fielded in 34 missions

ENEMY COMPOSITION (spawns; faction-stamped fights n=621 / default-cascade fights n=168):
  class        faction         default
  SCOUT           32    5%       64   38%
  GRUNT           59   10%       23   14%
  DRONE           41    7%       14    8%
  BERSERKER       45    7%        6    4%
  SNIPER          44    7%        7    4%
  BRUISER         49    8%        1    1%
  HUNTER          35    6%        8    5%
  ELITE           35    6%        1    1%
  TURRET          28    5%        5    3%
  STRIKER         25    4%        8    5%
  HOUND           28    5%        4    2%
  SHIELD          28    5%        3    2%
  SCREENER        26    4%        3    2%
  MORTAR          23    4%        4    2%
  LANCER          17    3%        7    4%
  PIKEMAN         23    4%        0    0%
  SAPPER          18    3%        4    2%
  MEDIC           19    3%        2    1%
  CUSTODIAN       17    3%        0    0%
  SPOTTER         15    2%        1    1%
  WARBRINGER       8    1%        1    1%
  BOMBARD          6    1%        2    1%

PERK PICK FREQUENCY:
  MOM           : 15
  LCK           : 13
  CQB           : 11
  TNK           : 11
  MRK           : 11
  FST           : 10
  PLT           : 10
  GRD           : 9
  EXC           : 9
  OUT           : 8
  BND           : 8
  VNT           : 8
  RFX           : 8
  SKR           : 7
  CLH           : 6
  BRK           : 6
  SGE           : 5
  GUN           : 4
  HRD           : 3

SHOP PURCHASE FREQUENCY:
  FIELD MEDKIT      : 60
  WPN: SCOPE        : 59
  WPN: HOLLOW POINT : 49
  BALLISTIC PLATING : 35
  WPN: BIPOD        : 32
  WPN: STABILIZER   : 29
  WPN: EXTENDED MAG : 23
  COUNTER-PREP      : 19
  FRAG CACHE        : 16
  ADV. TRAINING     : 14
  WPN: SUPPRESSOR   : 13
  COMBAT STIMS      : 10
  ARMORY            : 9

BOON PICK FREQUENCY (PROCS = effect fires at instrumented sites; '-' = not instrumented;
                      PYR counts the +2-turn-burn half only — the Burning-immunity half is uninstrumented):
  code                 picks   PROCS
  ADR               :     5       -
  FST               :     5      54
  GRN               :     5       -
  PYR               :     5       1
  VNM               :     5       -
  FDR               :     4       1
  RCL               :     4       0
  SHK               :     4       9
  EXE               :     3       -
  GHO               :     3       -
  MRK               :     3       -
  FRT               :     2       -
  FVR               :     2       -
  RPD               :     2       -
  TRR               :     2      10
  SCV               :     1       -

RUN WIN-RATE BY BOON (campaign runs holding it):
  ADR               :   20% ±18  (in 5 runs)
  FST               :   20% ±18  (in 5 runs)
  GRN               :    0% ±0  (in 5 runs)
  PYR               :    0% ±0  (in 5 runs)
  VNM               :    0% ±0  (in 5 runs)
  FDR               :   25% ±22  (in 4 runs)
  RCL               :    0% ±0  (in 4 runs)
  SHK               :    0% ±0  (in 4 runs)
  EXE               :    0% ±0  (in 3 runs)
  GHO               :    0% ±0  (in 3 runs)
  MRK               :    0% ±0  (in 3 runs)
  FRT               :   50% ±35  (in 2 runs)
  FVR               :    0% ±0  (in 2 runs)
  RPD               :    0% ±0  (in 2 runs)
  TRR               :   50% ±35  (in 2 runs)
  SCV               :    0% ±0  (in 1 runs)

RUN WIN-RATE BY SPEC (campaign runs fielding it):
  SNT               :    9% ±9  (in 11 runs)
  HHT               :    0% ±0  (in 4 runs)
  BRC               :    0% ±0  (in 3 runs)
  ANC               :    0% ±0  (in 2 runs)
  JUG               :    0% ±0  (in 2 runs)
  ADN               :    0% ±0  (in 1 runs)
  PTH               :    0% ±0  (in 1 runs)
  SRG               :    0% ±0  (in 1 runs)

RUN WIN-RATE BY PERK (campaign runs holding it):
  CQB               :    0% ±0  (in 10 runs)
  LCK               :   10% ±9  (in 10 runs)
  MOM               :    0% ±0  (in 9 runs)
  MRK               :   11% ±10  (in 9 runs)
  TNK               :   11% ±10  (in 9 runs)
  FST               :    0% ±0  (in 8 runs)
  EXC               :   14% ±13  (in 7 runs)
  PLT               :    0% ±0  (in 7 runs)
  BND               :   17% ±15  (in 6 runs)
  BRK               :    0% ±0  (in 6 runs)
  CLH               :   17% ±15  (in 6 runs)
  GRD               :    0% ±0  (in 6 runs)
  OUT               :   17% ±15  (in 6 runs)
  RFX               :   17% ±15  (in 6 runs)
  SKR               :   17% ±15  (in 6 runs)
  VNT               :   17% ±15  (in 6 runs)
  SGE               :   20% ±18  (in 5 runs)
  GUN               :    0% ±0  (in 4 runs)
  HRD               :   33% ±27  (in 3 runs)

RUN WIN-RATE BY PURCHASE (campaign runs buying it):
  FIELD MEDKIT      :    5% ±5  (in 19 runs)
  WPN: BIPOD        :    7% ±7  (in 14 runs)
  WPN: SCOPE        :    7% ±7  (in 14 runs)
  COUNTER-PREP      :    8% ±8  (in 12 runs)
  WPN: HOLLOW POINT :    8% ±8  (in 12 runs)
  BALLISTIC PLATING :    9% ±9  (in 11 runs)
  WPN: EXTENDED MAG :    9% ±9  (in 11 runs)
  WPN: STABILIZER   :    9% ±9  (in 11 runs)
  ADV. TRAINING     :   11% ±10  (in 9 runs)
  ARMORY            :    0% ±0  (in 9 runs)
  FRAG CACHE        :    0% ±0  (in 9 runs)
  WPN: SUPPRESSOR   :   11% ±10  (in 9 runs)
  COMBAT STIMS      :   14% ±13  (in 7 runs)

RUN WIN-RATE BY EVENT-CHOICE (campaign runs taking id:arm):
  grave:1           :    0% ±0  (in 4 runs)
  bloodfeud:1       :    0% ±0  (in 2 runs)
  defector:0        :    0% ±0  (in 2 runs)
  distress:1        :    0% ±0  (in 2 runs)
  profiteer:0       :    0% ±0  (in 2 runs)
  reservecall:0     :    0% ±0  (in 1 runs)
  warpension:1      :    0% ±0  (in 1 runs)
═══════════════════════════════════════════════════════════════════════

batch wall-time: 9.6s  (20 matches across 10 campaigns × 2 policy, frame-cap hits: 0)
aggregate JSON -> /home/user/wt/heat-pin/docs/measurements/l5/L5fac-m0a1b0-h6-b60.json
INFO: TEXTURE: [ID 2] Unloaded texture data from VRAM (GPU)
INFO: SHADER: [ID 3] Default shader unloaded successfully
INFO: TEXTURE: [ID 1] Default texture unloaded successfully
INFO: Window closed successfully
