BALANCE: heat PINNED for this batch (field-event AddHeat is a no-op; SIGHTLINE_HEATPIN=0 restores the leak)
INFO: Initializing raylib 6.0
INFO: Platform backend: DESKTOP (GLFW)
INFO: Supported raylib modules:
INFO:     > rcore:..... loaded (mandatory)
INFO:     > rlgl:...... loaded (mandatory)
INFO:     > rshapes:... loaded (optional)
INFO:     > rtextures:. loaded (optional)
INFO:     > rtext:..... loaded (optional)
INFO:     > rmodels:... loaded (optional)
INFO:     > raudio:.... loaded (optional)
INFO: DISPLAY: Trying to enable MSAA x4
INFO: DISPLAY: Device initialized successfully 
INFO:     > Display size: 1280 x 800
INFO:     > Screen size:  1280 x 800
INFO:     > Render size:  1280 x 800
INFO:     > Viewport offsets: 0, 0
INFO: GLAD: OpenGL extensions loaded successfully
INFO: GL: Supported extensions count: 229
INFO: GL: OpenGL device information:
INFO:     > Vendor:   Mesa
INFO:     > Renderer: llvmpipe (LLVM 20.1.2, 256 bits)
INFO:     > Version:  4.5 (Core Profile) Mesa 25.2.8-0ubuntu0.24.04.2
INFO:     > GLSL:     4.50
INFO: GL: VAO extension detected, VAO functions loaded successfully
INFO: GL: NPOT textures extension detected, full NPOT textures supported
INFO: GL: DXT compressed textures supported
INFO: GL: ETC2/EAC compressed textures supported
INFO: PLATFORM: DESKTOP (GLFW - X11): Initialized successfully
INFO: TEXTURE: [ID 1] Texture loaded successfully (1x1 | R8G8B8A8 | 1 mipmaps)
INFO: TEXTURE: [ID 1] Default texture loaded successfully
INFO: SHADER: [ID 1] Vertex shader compiled successfully
INFO: SHADER: [ID 2] Fragment shader compiled successfully
INFO: SHADER: [ID 3] Program shader loaded successfully
INFO: SHADER: [ID 3] Default shader loaded successfully
INFO: RLGL: Render batch vertex buffers loaded successfully in RAM (CPU)
INFO: RLGL: Render batch vertex buffers loaded successfully in VRAM (GPU)
INFO: RLGL: Default OpenGL state initialized successfully
INFO: TEXTURE: [ID 2] Texture loaded successfully (128x128 | GRAY_ALPHA | 1 mipmaps)
INFO: FONT: Default font loaded successfully (224 glyphs)
INFO: SYSTEM: Working Directory: /home/user/wt/heat-pin
INFO: TIMER: Target time per frame: 0.000 milliseconds
FINALE-KIT: Wardens
WAVE: +2 (PIKEMAN,SCOUT) [rich]
WAVE: +2 (MORTAR,MEDIC) [rich]
WAVE: +2 (MORTAR,MORTAR) [rich]
WAVE: +3 (MEDIC,SNIPER,SCREENER) [rich]
WAVE: +3 (PIKEMAN,PIKEMAN,SNIPER) [rich]
WAVE: +3 (SNIPER,MORTAR,SCOUT) [rich]
FINALE-KIT: Wardens
WAVE: +2 (MORTAR,PIKEMAN) [rich]
WAVE: +2 (SNIPER,MORTAR) [rich]
WAVE: +2 (MORTAR,SCOUT) [rich]
WAVE: +3 (CUSTODIAN,MORTAR,SNIPER) [rich]
WAVE: +3 (SCOUT,MORTAR,GRUNT) [rich]
WAVE: +3 (SNIPER,MORTAR,SNIPER) [rich]
FINALE-KIT: Wardens
FINALE-KIT: Wardens
FINALE-KIT: Legion
WAVE: +2 (SCOUT,BERSERKER) [rich]
WAVE: +2 (BRUISER,BERSERKER) [rich]
WAVE: +2 (BRUISER,SCOUT) [rich]
WAVE: +2 (CUSTODIAN,SCREENER) [rich]
WAVE: +2 (SAPPER,DRONE) [rich]
WAVE: +2 (DRONE,SCREENER) [rich]
match 5/20  (W:3 L:2 cap:0)  4.1s
FINALE-KIT: Legion
WAVE: +2 (STRIKER,HUNTER) [rich]
WAVE: +2 (BRUISER,SCOUT) [rich]
WAVE: +2 (SCOUT,HUNTER) [rich]
WAVE: +2 (DRONE,DRONE) [rich]
WAVE: +2 (DRONE,DRONE) [rich]
WAVE: +2 (DRONE,CUSTODIAN) [rich]
FINALE-KIT: Wardens
WAVE: +3 (BRUISER,HUNTER,BRUISER) [rich]
WAVE: +3 (BERSERKER,BRUISER,WARBRINGER) [rich]
WAVE: +3 (BRUISER,STRIKER,HOUND) [rich]
WAVE: +3 (BRUISER,BRUISER,WARBRINGER) [rich]
FINALE-KIT: Wardens
WAVE: +3 (HUNTER,HOUND,BERSERKER) [rich]
WAVE: +3 (GRUNT,WARBRINGER,BERSERKER) [rich]
WAVE: +3 (BERSERKER,LANCER,BERSERKER) [rich]
REINFORCEMENTS: +2 (GRUNT,SCOUT)
REINFORCEMENTS: +2 (GRUNT,SCOUT)
REINFORCEMENTS: +2 (SCOUT,GRUNT)
FINALE-KIT: Syndicate
WAVE: +2 (SCOUT,BRUISER) [rich]
WAVE: +2 (LANCER,HOUND) [rich]
WAVE: +2 (STRIKER,HUNTER) [rich]
FINALE-KIT: Syndicate
WAVE: +2 (LANCER,BRUISER) [rich]
WAVE: +2 (LANCER,SCOUT) [rich]
WAVE: +2 (HOUND,BERSERKER) [rich]
match 10/20  (W:4 L:6 cap:0)  6.8s
FINALE-KIT: Wardens
WAVE: +3 (HUNTER,LANCER,DRONE) [rich]
WAVE: +2 (LANCER,STRIKER) [rich]
FINALE-KIT: Wardens
WAVE: +3 (MEDIC,CUSTODIAN,HUNTER) [rich]
WAVE: +3 (SPOTTER,SHIELD,SCOUT) [rich]
WAVE: +3 (HUNTER,SAPPER,PIKEMAN) [rich]
REINFORCEMENTS: +2 (GRUNT,GRUNT)
REINFORCEMENTS: +2 (GRUNT,SCOUT)
FINALE-KIT: Syndicate
FINALE-KIT: Syndicate
WAVE: +2 (BRUISER,STRIKER) [rich]
WAVE: +2 (STRIKER,DRONE) [rich]
WAVE: +2 (DRONE,SCOUT) [rich]
WAVE: +2 (DRONE,BERSERKER) [rich]
WAVE: +2 (HOUND,PIKEMAN) [rich]
WAVE: +2 (MORTAR,MEDIC) [rich]
FINALE-KIT: Legion
match 15/20  (W:7 L:8 cap:0)  8.4s
FINALE-KIT: Legion
FINALE-KIT: Syndicate
REINFORCEMENTS: +2 (SCOUT,GRUNT)
REINFORCEMENTS: +2 (SCOUT,GRUNT)
REINFORCEMENTS: +2 (SCOUT,GRUNT)
FINALE-KIT: Syndicate
WAVE: +3 (BRUISER,LANCER,LANCER) [rich]
WAVE: +1 (HOUND) [rich]
WAVE: +2 (WARBRINGER,STRIKER) [rich]
FINALE-KIT: Legion
WAVE: +3 (HUNTER,HOUND,STRIKER) [rich]
WAVE: +3 (STRIKER,SHIELD,SPOTTER) [rich]
WAVE: +3 (WARBRINGER,SNIPER,DRONE) [rich]
REINFORCEMENTS: +2 (GRUNT,GRUNT)
FINALE-KIT: Legion
match 20/20  (W:8 L:12 cap:0)  9.5s

══════════════════════ SIGHTLINE BALANCE REPORT ══════════════════════
runs=20  missions=71

RUN OUTCOMES (campaign):  win-rate   40%   avg missions cleared 3.7

POLICY GAP (optimal vs human-error; campaign runs only):
  greedy win-rate   30%  (n=10)
  sloppy win-rate   50%  (n=10)
  GAP  -20 pts  (noisy (need more runs))
  PAIRED (same-seed slots): pairs=10  concordant=8  discordant greedy-only-won=0 / sloppy-only-won=2  paired gap  -20 pts
  PER-SLOT RECORDS (greedy | sloppy: outcome + missions cleared; margin = g−s):
    slot 150 @h6: W 6 | W 6   margin +0
    slot 151 @h6: L 0 | L 0   margin +0
    slot 152 @h6: W 6 | W 6   margin +0
    slot 153 @h6: L 4 | L 5   margin -1
    slot 154 @h6: L 2 | L 2   margin +0
    slot 155 @h6: W 6 | W 6   margin +0
    slot 156 @h6: L 0 | W 6   margin -6
    slot 157 @h6: L 3 | L 1   margin +2
    slot 158 @h6: L 2 | W 6   margin -4
    slot 159 @h6: L 5 | L 2   margin +3
  PAIRED MARGIN (missions cleared, all pairs): -0.60 ±0.83 SE  (n=10 pairs)
  by objective (greedy / sloppy / gap):
    Decapitate :   67% /   75% / gap   -8
    Defend     :   88% /  100% / gap  -13
    Eliminate  :   80% /   90% / gap  -10
    Escort     :   33% /   50% / gap  -17
    Evac       :  100% /  100% / gap    0
    Hack       :  100% /   50% / gap   50
    Rescue     :  100% /  100% / gap    0
    Sabotage   :  100% /  100% / gap    0

DECISION RICHNESS / SWING:
  meaningful-choices/turn 2.26   lead-swings/match 0.8   avg max-swing 56.0
  [shot-gate] acting-soldiers/turn 3.10   armed-soldiers/turn 1.09   armed-fraction 35%   turns-with-a-shot 52%   choices/ARMED-soldier-turn 2.08
  [choice-split] los-targets/ARMED 2.28   target-choices/ARMED 0.27   position-choices/ARMED 1.81

RUN COMPLETION BY HEAT (full-campaign clears):
  heat 6:   40% ±11  (n=20 runs, avg 3.7 missions)
  HEAT LEAK: pinned=yes  heat-raising picks=0  campaigns raised=0  missions off-rung=0/71

INTEL ECONOMY BY HEAT (campaign runs; heat-bonus = the Heat.IntelBonus share of income):
  heat 6: earned  201.0/run   heat-bonus  91.8 (  46% of income)   spent  184.8   unspent   16.2

MISSION WIN-RATE BY HEAT:
  heat 6:   83%  (n=71, avg 6.1 turns)

MISSION WIN-RATE BY OBJECTIVE:
  Eliminate  :   85% ±8  (n=20, avg 4.6 turns)
  Defend     :   94% ±5  (n=18, avg 8.9 turns)
  Decapitate :   71% ±12  (n=14, avg 5.1 turns)
  Rescue     :  100% ±0  (n=7, avg 6.1 turns)
  Escort     :   40% ±22  (n=5, avg 8.4 turns)
  Hack       :   67% ±27  (n=3, avg 4.0 turns)
  Sabotage   :  100% ±0  (n=2, avg 2.5 turns)
  Evac       :  100% ±0  (n=2, avg 4.5 turns)

MISSION WIN-RATE BY OBJECTIVE x NODE KIND (a capstone must never pool with a mid-run node):
  Eliminate  : Start:  85%(n=20)
               depth: m1:85%(20)
  Defend     : Combat:  91%(n=11)  Supply: 100%(n=5)  Elite: 100%(n=2)
               depth: m2:100%(7) m3:100%(3) m4:100%(3) m5:80%(5)
  Decapitate : Boss:  80%(n=10)  Supply:  50%(n=2)  Elite:  50%(n=2)
               depth: m2:50%(2) m3:50%(2) m6:80%(10)
  Rescue     : Combat: 100%(n=5)  Supply: 100%(n=2)
               depth: m2:100%(4) m4:100%(3)
  Escort     : Combat:   0%(n=3)  Supply: 100%(n=2)
               depth: m3:0%(2) m4:0%(1) m5:100%(2)
  Hack       : Elite:  50%(n=2)  Combat: 100%(n=1)
               depth: m3:50%(2) m4:100%(1)
  Sabotage   : Combat: 100%(n=2)
               depth: m3:100%(2)
  Evac       : Combat: 100%(n=2)
               depth: m2:100%(2)

ENCOUNTER COMPLETION on MID-RUN nodes (Combat+Elite) — clear% is the share of the fight actually fought:
  objective     n   win%   turns   force    +rf  killed  clear%   prs  WONclear%
  Defend        13   92%     8.8    6.08   6.69    4.08    31.9  0.00     33.1 (n=12)
  Rescue         5  100%     7.2    8.40   0.00    4.00    47.6  0.00     47.6 (n=5)
  Escort         3    0%     8.3    9.33   0.00    3.33    35.7  0.00      0.0 (n=0)
  Hack           3   67%     4.0   10.67   0.00    0.67     6.3  0.33      9.5 (n=2)
  Sabotage       2  100%     2.5    7.00   0.00    1.00    14.3  0.00     14.3 (n=2)
  Decapitate     2   50%     6.5   11.00   2.00    1.50    11.5  1.50      9.1 (n=1)
  Evac           2  100%     4.5    6.00   0.00    0.00     0.0  0.00      0.0 (n=2)
  ---- the two classes ----
  KILL           2   50%     6.5   11.00   2.00    1.50    11.5  1.50      9.1 (n=1)
  NON-KILL      28   82%     7.2    7.39   3.11    3.11    29.6  0.04     30.8 (n=23)

DECAPITATE HVT (buff = +6+1*mission HP, +6 aim; ELITE exempt):
  EXEMPT  :   75% ±13  (n=12, avg 5.3 turns, HVT 22.7 max HP)  [m3:50%(2) m6:80%(10)]
  BUFFED  :   50% ±35  (n=2, avg 3.5 turns, HVT 21.0 max HP)  [m2:50%(2)]

MISSION WIN-RATE BY MISSION #:
  m1:   85% ±8  (n=20)
  m2:   93% ±6  (n=15)
  m3:   64% ±15  (n=11)
  m4:   88% ±12  (n=8)
  m5:   86% ±13  (n=7)
  m6:   80% ±13  (n=10)

LOSS CAUSES (missions):
  RUN OVER              : 9
  VIP LOST              : 3

MISSION WIN-RATE BY ARENA (authored layouts, n>=3; procedural fallback   23% of 71 missions):
  arena  8:  100% ±0  (n=3, avg 2.7 turns)  [m1:100%(2) m4:100%(1)]
  arena 23:    0% ±0  (n=3, avg 10.0 turns)  [m1:0%(2) m6:0%(1)]
  arena 26:  100% ±0  (n=4, avg 4.8 turns)  [m6:100%(4)]
  arena 30:  100% ±0  (n=9, avg 6.3 turns)  [m1:100%(2) m2:100%(4) m3:100%(2) m6:100%(1)]
  arena 33:   80% ±18  (n=5, avg 6.8 turns)  [m2:100%(2) m3:50%(2) m4:100%(1)]
  arena 34:  100% ±0  (n=3, avg 6.7 turns)  [m5:100%(1) m6:100%(2)]
  procedural:   81% ±10  (n=16, avg 5.7 turns)  [m1:88%(8) m2:100%(2) m3:0%(2) m4:100%(2) m5:100%(1) m6:100%(1)]

DEPLOYMENT GEOMETRY (opening shape; choices/ARMED is the wave's real gate):
  FRONTAL   :   81% ±10  (n=16, avg 6.8 turns)  choices/turn 1.60  choices/ARMED 1.75  los-targets/ARMED 1.90
  PINCER    :   76% ±8  (n=29, avg 6.3 turns)  choices/turn 2.21  choices/ARMED 2.26  los-targets/ARMED 2.15
  CROSSFIRE :  100% ±0  (n=10, avg 6.2 turns)  choices/turn 2.28  choices/ARMED 1.78  los-targets/ARMED 3.05
  ENVELOP   :   88% ±8  (n=16, avg 4.9 turns)  choices/turn 3.27  choices/ARMED 2.28  los-targets/ARMED 2.28

ARENA FUNNEL (Mission.Build exits, n=76 builds, all modes):
  authored-applied    :  77.6%  (n=59)
  connectivity-reject :   0.0%  (n=0)
  procedural-roll     :  22.4%  (n=17)

DECK EXPOSURE (campaign runs n=20):
  distinct authored arenas/run : 2.75 mean (all runs)
  ... full-depth runs only     : 3.88 mean over 5.0 fights/run (n=8)
  Defend dealt on the route    :   65% of runs (n=13)

ENEMY DECISION MIX (contested acts=1277; all-downed acts not counted=261):
  shoot           688    54%
  hunker          286    22%
  move            138    11%
  grenade          48     4%
  heal             39     3%
  reload           31     2%
  brace            17     1%
  overwatch        16     1%
  shove             4     0%
  staleplan         4     0%
  item              3     0%
  sap               2     0%
  siege             1     0%

  the shot on the table (acts where the chosen tile HAD a shot = 786):
    hit% band     taken   share   E[dmg]/shot   declined   share   E[dmg]/shot
      0-19           0      0%          0.00          1      6%          0.22
     20-39          19      3%          0.90          9     53%          1.13
     40-59          85     12%          1.58          7     41%          1.68
     60-79         251     36%          2.21          0      0%          0.00
      80+          333     48%          2.98          0      0%          0.00
    TOTAL           688                             17
  taken   88% / DECLINED    2% / preempted by another verb   10%
  enemy lanes held (overwatch+brace) 33; reaction shots fired 3  ->    9% of lanes paid off   [C2: DeclineWatchRatio is a bet on this number]

ACTION MIX (verbs issued, by policy):
  verb                  greedy        sloppy
  MOVE               426   36%     432   32%
  SHOOT              297   25%     372   28%
  OVERWATCH           89    8%      97    7%
  BRACE               62    5%     111    8%
  FOCUS               45    4%      50    4%
  RELOAD              40    3%      50    4%
  HUNKER              45    4%      39    3%
  SLIPSTREAM          34    3%      38    3%
  INTEL               27    2%      36    3%
  STABILIZE           32    3%      24    2%
  MARK                14    1%      20    1%
  PIN                 12    1%      10    1%
  ITEM:SMOKE           8    1%      14    1%
  DRAG                15    1%       5    0%
  GRENADE              3    0%       8    1%
  REARM                3    0%       7    1%
  PATCH                3    0%       6    0%
  BEACON               5    0%       3    0%
  GRAPPLE              2    0%       5    0%
  PLANT                3    0%       3    0%
  HACK                 2    0%       3    0%
  BARREL               1    0%       3    0%

PLAYER CLASS PERFORMANCE:
  class        shots   hit%   dmg   kills
  GUNNER         276    85%   1356     81
  SHARPSHOOTER    153    91%   1046     63
  ASSAULT        201    85%    871     44
  RANGER         129    88%    693     44
  CORPSMAN        24    71%     49      2

SOLDIER DEATHS BY ENEMY CLASS (threat ranking):
  BRUISER    : 17
  MORTAR     : 11
  BURN       : 11
  GRUNT      : 11
  ELITE      : 9
  BERSERKER  : 9
  SCOUT      : 4
  LANCER     : 4
  SNIPER     : 3
  HUNTER     : 3
  WARBRINGER : 3
  STRIKER    : 3
  DRONE      : 3
  SHIELD     : 2
  HOUND      : 1
  MEDIC      : 1
  CUSTODIAN  : 1

SOLDIER DOWNS (FUL-7 bleed-out): 164 downs -> revived 8 / recovered 44 / bled out 95 / finished 13  (save-rate   34%)
  corpsman fielded in 16 missions

ENEMY COMPOSITION (spawns; faction-stamped fights n=479 / default-cascade fights n=187):
  class        faction         default
  SCOUT           32    7%       55   29%
  GRUNT           29    6%       33   18%
  BRUISER         41    9%       10    5%
  MORTAR          44    9%        6    3%
  DRONE           29    6%        8    4%
  HUNTER          28    6%        8    4%
  BERSERKER       34    7%        1    1%
  LANCER          27    6%        8    4%
  SNIPER          22    5%       12    6%
  ELITE           28    6%        5    3%
  SHIELD          25    5%        7    4%
  STRIKER         21    4%        8    4%
  MEDIC           21    4%        7    4%
  PIKEMAN         18    4%        4    2%
  SCREENER        18    4%        0    0%
  HOUND           13    3%        3    2%
  TURRET          14    3%        2    1%
  CUSTODIAN       12    3%        3    2%
  WARBRINGER      12    3%        1    1%
  SAPPER           9    2%        3    2%
  BOMBARD          2    0%        1    1%
  SPOTTER          0    0%        2    1%

PERK PICK FREQUENCY:
  MOM           : 14
  EXC           : 11
  BND           : 10
  OUT           : 9
  LCK           : 9
  GUN           : 8
  TNK           : 8
  CLH           : 7
  FST           : 7
  SGE           : 6
  GRD           : 6
  PLT           : 6
  RFX           : 6
  HRD           : 5
  MRK           : 4
  VNT           : 4
  CQB           : 3
  SKR           : 3
  BRK           : 2

SHOP PURCHASE FREQUENCY:
  WPN: HOLLOW POINT : 59
  FIELD MEDKIT      : 50
  WPN: SCOPE        : 45
  BALLISTIC PLATING : 36
  COMBAT STIMS      : 29
  WPN: EXTENDED MAG : 26
  WPN: STABILIZER   : 25
  WPN: BIPOD        : 19
  COUNTER-PREP      : 16
  FRAG CACHE        : 14
  WPN: SUPPRESSOR   : 12
  ARMORY            : 10
  ADV. TRAINING     : 8

BOON PICK FREQUENCY (PROCS = effect fires at instrumented sites; '-' = not instrumented;
                      PYR counts the +2-turn-burn half only — the Burning-immunity half is uninstrumented):
  code                 picks   PROCS
  FDR               :     5       6
  FST               :     5      51
  SHK               :     5       8
  ADR               :     4       -
  FRT               :     4       -
  PYR               :     4       3
  RCL               :     4       4
  TRR               :     4      19
  EXE               :     3       -
  GRN               :     3       -
  FVR               :     2       -
  GHO               :     2       -
  MRK               :     2       -
  RPD               :     2       -
  VNM               :     2       -

RUN WIN-RATE BY BOON (campaign runs holding it):
  FDR               :   80% ±18  (in 5 runs)
  FST               :   20% ±18  (in 5 runs)
  SHK               :   60% ±22  (in 5 runs)
  ADR               :   25% ±22  (in 4 runs)
  FRT               :   75% ±22  (in 4 runs)
  PYR               :   75% ±22  (in 4 runs)
  RCL               :  100% ±0  (in 4 runs)
  TRR               :   25% ±22  (in 4 runs)
  EXE               :   33% ±27  (in 3 runs)
  GRN               :  100% ±0  (in 3 runs)
  FVR               :  100% ±0  (in 2 runs)
  GHO               :  100% ±0  (in 2 runs)
  MRK               :   50% ±35  (in 2 runs)
  RPD               :   50% ±35  (in 2 runs)
  VNM               :  100% ±0  (in 2 runs)

RUN WIN-RATE BY SPEC (campaign runs fielding it):
  ADN               :  100% ±0  (in 4 runs)
  BRC               :  100% ±0  (in 4 runs)
  SNT               :   75% ±22  (in 4 runs)
  ANC               :  100% ±0  (in 3 runs)
  HHT               :  100% ±0  (in 2 runs)
  PHN               :  100% ±0  (in 2 runs)
  JUG               :    0% ±0  (in 1 runs)
  PTH               :  100% ±0  (in 1 runs)

RUN WIN-RATE BY PERK (campaign runs holding it):
  MOM               :   60% ±15  (in 10 runs)
  OUT               :   56% ±17  (in 9 runs)
  BND               :   88% ±12  (in 8 runs)
  LCK               :   63% ±17  (in 8 runs)
  EXC               :   57% ±19  (in 7 runs)
  GUN               :   67% ±19  (in 6 runs)
  SGE               :   67% ±19  (in 6 runs)
  TNK               :   67% ±19  (in 6 runs)
  CLH               :   60% ±22  (in 5 runs)
  GRD               :   80% ±18  (in 5 runs)
  HRD               :   60% ±22  (in 5 runs)
  FST               :   75% ±22  (in 4 runs)
  MRK               :   75% ±22  (in 4 runs)
  PLT               :   75% ±22  (in 4 runs)
  RFX               :   75% ±22  (in 4 runs)
  VNT               :   75% ±22  (in 4 runs)
  CQB               :  100% ±0  (in 3 runs)
  SKR               :   33% ±27  (in 3 runs)
  BRK               :  100% ±0  (in 2 runs)

RUN WIN-RATE BY PURCHASE (campaign runs buying it):
  WPN: HOLLOW POINT :   50% ±13  (in 16 runs)
  FIELD MEDKIT      :   53% ±13  (in 15 runs)
  BALLISTIC PLATING :   58% ±14  (in 12 runs)
  COUNTER-PREP      :   70% ±14  (in 10 runs)
  WPN: SCOPE        :   50% ±16  (in 10 runs)
  WPN: SUPPRESSOR   :   70% ±14  (in 10 runs)
  COMBAT STIMS      :   67% ±16  (in 9 runs)
  WPN: STABILIZER   :   67% ±16  (in 9 runs)
  ADV. TRAINING     :   71% ±17  (in 7 runs)
  WPN: BIPOD        :   43% ±19  (in 7 runs)
  ARMORY            :   67% ±19  (in 6 runs)
  FRAG CACHE        :   83% ±15  (in 6 runs)
  WPN: EXTENDED MAG :   83% ±15  (in 6 runs)

RUN WIN-RATE BY EVENT-CHOICE (campaign runs taking id:arm):
  cache:1           :   67% ±27  (in 3 runs)
  defector:2        :    0% ±0  (in 2 runs)
  grave:1           :   50% ±35  (in 2 runs)
  informant:0       :  100% ±0  (in 2 runs)
  warchest:1        :  100% ±0  (in 2 runs)
  warpension:2      :    0% ±0  (in 2 runs)
  bloodfeud:2       :  100% ±0  (in 1 runs)
  reservecall:0     :    0% ±0  (in 1 runs)
═══════════════════════════════════════════════════════════════════════

batch wall-time: 9.5s  (20 matches across 10 campaigns × 2 policy, frame-cap hits: 0)
aggregate JSON -> /home/user/wt/heat-pin/docs/measurements/l5/L5fac-m0a1b1-h6-b150.json
INFO: TEXTURE: [ID 2] Unloaded texture data from VRAM (GPU)
INFO: SHADER: [ID 3] Default shader unloaded successfully
INFO: TEXTURE: [ID 1] Default texture unloaded successfully
INFO: Window closed successfully
