BALANCE: heat PINNED for this batch (field-event AddHeat is a no-op; SIGHTLINE_HEATPIN=0 restores the leak)
INFO: Initializing raylib 6.0
INFO: Platform backend: DESKTOP (GLFW)
INFO: Supported raylib modules:
INFO:     > rcore:..... loaded (mandatory)
INFO:     > rlgl:...... loaded (mandatory)
INFO:     > rshapes:... loaded (optional)
INFO:     > rtextures:. loaded (optional)
INFO:     > rtext:..... loaded (optional)
INFO:     > rmodels:... loaded (optional)
INFO:     > raudio:.... loaded (optional)
INFO: DISPLAY: Trying to enable MSAA x4
INFO: DISPLAY: Device initialized successfully 
INFO:     > Display size: 1280 x 800
INFO:     > Screen size:  1280 x 800
INFO:     > Render size:  1280 x 800
INFO:     > Viewport offsets: 0, 0
INFO: GLAD: OpenGL extensions loaded successfully
INFO: GL: Supported extensions count: 229
INFO: GL: OpenGL device information:
INFO:     > Vendor:   Mesa
INFO:     > Renderer: llvmpipe (LLVM 20.1.2, 256 bits)
INFO:     > Version:  4.5 (Core Profile) Mesa 25.2.8-0ubuntu0.24.04.2
INFO:     > GLSL:     4.50
INFO: GL: VAO extension detected, VAO functions loaded successfully
INFO: GL: NPOT textures extension detected, full NPOT textures supported
INFO: GL: DXT compressed textures supported
INFO: GL: ETC2/EAC compressed textures supported
INFO: PLATFORM: DESKTOP (GLFW - X11): Initialized successfully
INFO: TEXTURE: [ID 1] Texture loaded successfully (1x1 | R8G8B8A8 | 1 mipmaps)
INFO: TEXTURE: [ID 1] Default texture loaded successfully
INFO: SHADER: [ID 1] Vertex shader compiled successfully
INFO: SHADER: [ID 2] Fragment shader compiled successfully
INFO: SHADER: [ID 3] Program shader loaded successfully
INFO: SHADER: [ID 3] Default shader loaded successfully
INFO: RLGL: Render batch vertex buffers loaded successfully in RAM (CPU)
INFO: RLGL: Render batch vertex buffers loaded successfully in VRAM (GPU)
INFO: RLGL: Default OpenGL state initialized successfully
INFO: TEXTURE: [ID 2] Texture loaded successfully (128x128 | GRAY_ALPHA | 1 mipmaps)
INFO: FONT: Default font loaded successfully (224 glyphs)
INFO: SYSTEM: Working Directory: /home/user/wt/heat-pin
INFO: TIMER: Target time per frame: 0.000 milliseconds
FINALE-KIT: Legion
FINALE-KIT: Legion
FINALE-KIT: Wardens
WAVE: +2 (BRUISER,STRIKER) [rich]
WAVE: +2 (BRUISER,BRUISER) [rich]
WAVE: +2 (BERSERKER,BERSERKER) [rich]
FINALE-KIT: Wardens
WAVE: +2 (BERSERKER,BRUISER) [rich]
WAVE: +2 (BRUISER,HUNTER) [rich]
WAVE: +2 (GRUNT,HUNTER) [rich]
FINALE-KIT: Wardens
WAVE: +3 (BERSERKER,BRUISER,BRUISER) [rich]
WAVE: +2 (BRUISER,BRUISER) [rich]
match 5/20  (W:0 L:5 cap:0)  3.2s
FINALE-KIT: Wardens
WAVE: +3 (BERSERKER,HUNTER,HUNTER) [rich]
FINALE-KIT: Wardens
WAVE: +2 (SPOTTER,LANCER) [rich]
WAVE: +2 (SAPPER,DRONE) [rich]
WAVE: +2 (SCREENER,HOUND) [rich]
FINALE-KIT: Wardens
WAVE: +2 (HUNTER,SHIELD) [rich]
WAVE: +2 (WARBRINGER,SHIELD) [rich]
WAVE: +2 (HOUND,DRONE) [rich]
FINALE-KIT: Syndicate
WAVE: +2 (SAPPER,HOUND) [rich]
WAVE: +2 (SCREENER,LANCER) [rich]
WAVE: +2 (HOUND,LANCER) [rich]
WAVE: +2 (SPOTTER,BERSERKER) [rich]
WAVE: +2 (STRIKER,LANCER) [rich]
FINALE-KIT: Syndicate
WAVE: +2 (BRUISER,GRUNT) [rich]
WAVE: +2 (BERSERKER,DRONE) [rich]
WAVE: +2 (SNIPER,HOUND) [rich]
REINFORCEMENTS: +2 (GRUNT,SCOUT)
REINFORCEMENTS: +2 (GRUNT,SCOUT)
REINFORCEMENTS: +3 (GRUNT,SCOUT,GRUNT)
match 10/20  (W:1 L:9 cap:0)  5.2s
FINALE-KIT: Legion
FINALE-KIT: Legion
FINALE-KIT: Legion
FINALE-KIT: Legion
WAVE: +3 (DRONE,SPOTTER,DRONE) [rich]
WAVE: +2 (SAPPER,SAPPER) [rich]
WAVE: +3 (SHIELD,SCREENER,SPOTTER) [rich]
WAVE: +3 (DRONE,SHIELD,DRONE) [rich]
WAVE: +1 (SPOTTER) [rich]
FINALE-KIT: Syndicate
match 15/20  (W:1 L:14 cap:0)  6.4s
FINALE-KIT: Syndicate
WAVE: +3 (MORTAR,GRUNT,MORTAR) [rich]
WAVE: +2 (MORTAR,SNIPER) [rich]
WAVE: +1 (MORTAR) [rich]
FINALE-KIT: Syndicate
WAVE: +3 (MEDIC,MORTAR,SNIPER) [rich]
WAVE: +3 (MORTAR,GRUNT,SCREENER) [rich]
WAVE: +3 (GRUNT,MORTAR,SCREENER) [rich]
WAVE: +3 (SCREENER,SCOUT,SCREENER) [rich]
WAVE: +3 (GRUNT,MORTAR,CUSTODIAN) [rich]
FINALE-KIT: Syndicate
WAVE: +3 (MORTAR,MEDIC,SCOUT) [rich]
WAVE: +1 (MEDIC) [rich]
FINALE-KIT: Wardens
FINALE-KIT: Wardens
match 20/20  (W:2 L:18 cap:0)  7.6s

══════════════════════ SIGHTLINE BALANCE REPORT ══════════════════════
runs=20  missions=61

RUN OUTCOMES (campaign):  win-rate   10%   avg missions cleared 3.4

POLICY GAP (optimal vs human-error; campaign runs only):
  greedy win-rate    0%  (n=10)
  sloppy win-rate   20%  (n=10)
  GAP  -20 pts  (noisy (need more runs))
  PAIRED (same-seed slots): pairs=10  concordant=8  discordant greedy-only-won=0 / sloppy-only-won=2  paired gap  -20 pts
  PER-SLOT RECORDS (greedy | sloppy: outcome + missions cleared; margin = g−s):
    slot  30 @h6: L 4 | L 4   margin +0
    slot  31 @h6: L 3 | L 3   margin +0
    slot  32 @h6: L 5 | W 6   margin -1
    slot  33 @h6: L 4 | L 4   margin +0
    slot  34 @h6: L 4 | L 4   margin +0
    slot  35 @h6: L 1 | L 1   margin +0
    slot  36 @h6: L 2 | L 4   margin -2
    slot  37 @h6: L 1 | W 6   margin -5
    slot  38 @h6: L 4 | L 3   margin +1
    slot  39 @h6: L 2 | L 2   margin +0
  PAIRED MARGIN (missions cleared, all pairs): -0.70 ±0.54 SE  (n=10 pairs)
  by objective (greedy / sloppy / gap):
    Decapitate :    0% /   60% / gap  -60
    Defend     :  100% /   86% / gap   14
    Eliminate  :  100% /  100% / gap    0
    Escort     :   33% /   50% / gap  -17
    Evac       :  100% /  100% / gap    0
    Rescue     :    0% /    0% / gap    0
    Sabotage   :   33% /   50% / gap  -17

DECISION RICHNESS / SWING:
  meaningful-choices/turn 2.12   lead-swings/match 0.8   avg max-swing 66.3
  [shot-gate] acting-soldiers/turn 3.09   armed-soldiers/turn 1.07   armed-fraction 35%   turns-with-a-shot 54%   choices/ARMED-soldier-turn 1.97
  [choice-split] los-targets/ARMED 2.10   target-choices/ARMED 0.23   position-choices/ARMED 1.74

RUN COMPLETION BY HEAT (full-campaign clears):
  heat 6:   10% ±7  (n=20 runs, avg 3.4 missions)
  HEAT LEAK: pinned=yes  heat-raising picks=4  campaigns raised=0  missions off-rung=0/61

INTEL ECONOMY BY HEAT (campaign runs; heat-bonus = the Heat.IntelBonus share of income):
  heat 6: earned  166.2/run   heat-bonus  73.8 (  44% of income)   spent  150.1   unspent   16.1

MISSION WIN-RATE BY HEAT:
  heat 6:   70%  (n=61, avg 5.0 turns)

MISSION WIN-RATE BY OBJECTIVE:
  Eliminate  :  100% ±0  (n=20, avg 3.0 turns)
  Defend     :   92% ±8  (n=12, avg 8.8 turns)
  Decapitate :   33% ±16  (n=9, avg 4.7 turns)
  Escort     :   43% ±19  (n=7, avg 5.4 turns)
  Sabotage   :   40% ±22  (n=5, avg 5.4 turns)
  Rescue     :    0% ±0  (n=4, avg 5.0 turns)
  Evac       :  100% ±0  (n=4, avg 4.0 turns)

MISSION WIN-RATE BY OBJECTIVE x NODE KIND (a capstone must never pool with a mid-run node):
  Eliminate  : Start: 100%(n=20)
               depth: m1:100%(20)
  Defend     : Combat:  80%(n=5)  Supply: 100%(n=4)  Elite: 100%(n=3)
               depth: m2:100%(2) m3:100%(4) m4:67%(3) m5:100%(3)
  Decapitate : Combat:  25%(n=4)  Boss:  67%(n=3)  Supply:   0%(n=2)
               depth: m3:50%(2) m5:0%(4) m6:67%(3)
  Escort     : Combat:  75%(n=4)  Elite:   0%(n=3)
               depth: m2:75%(4) m4:0%(2) m5:0%(1)
  Sabotage   : Combat:   0%(n=3)  Supply: 100%(n=2)
               depth: m2:0%(2) m4:100%(2) m5:0%(1)
  Rescue     : Supply:   0%(n=2)  Combat:   0%(n=2)
               depth: m3:0%(2) m5:0%(2)
  Evac       : Elite: 100%(n=4)
               depth: m3:100%(2) m4:100%(2)

ENCOUNTER COMPLETION on MID-RUN nodes (Combat+Elite) — clear% is the share of the fight actually fought:
  objective     n   win%   turns   force    +rf  killed  clear%   prs  WONclear%
  Defend         8   88%     8.8    7.25   5.75    3.38    26.0  0.00     29.3 (n=7)
  Escort         7   43%     5.4    8.14   0.00    2.86    35.1  0.00     50.0 (n=3)
  Evac           4  100%     4.0   11.00   0.00    0.25     2.3  0.00      2.3 (n=4)
  Decapitate     4   25%     5.0   10.00   0.00    0.50     5.0  0.25     22.2 (n=1)
  Sabotage       3    0%     6.7    5.67   0.00    2.33    41.2  0.00      0.0 (n=0)
  Rescue         2    0%     4.5    9.00   0.00    3.00    33.3  0.00      0.0 (n=0)
  ---- the two classes ----
  KILL           4   25%     5.0   10.00   0.00    0.50     5.0  0.25     22.2 (n=1)
  NON-KILL      24   58%     6.4    8.08   1.92    2.54    25.4  0.00     24.0 (n=14)

DECAPITATE HVT (buff = +6+1*mission HP, +6 aim; ELITE exempt):
  EXEMPT  :   33% ±16  (n=9, avg 4.7 turns, HVT 24.6 max HP)  [m3:50%(2) m5:0%(4) m6:67%(3)]

MISSION WIN-RATE BY MISSION #:
  m1:  100% ±0  (n=20)
  m2:   63% ±17  (n=8)
  m3:   70% ±14  (n=10)
  m4:   67% ±16  (n=9)
  m5:   27% ±13  (n=11)
  m6:   67% ±27  (n=3)

LOSS CAUSES (missions):
  RUN OVER              : 10
  CAPTIVE LOST          : 4
  VIP LOST              : 4

MISSION WIN-RATE BY ARENA (authored layouts, n>=3; procedural fallback   15% of 61 missions):
  arena  8:  100% ±0  (n=4, avg 3.5 turns)  [m1:100%(2) m3:100%(2)]
  arena 12:   50% ±25  (n=4, avg 4.5 turns)  [m1:100%(2) m2:0%(2)]
  arena 16:  100% ±0  (n=3, avg 2.0 turns)  [m1:100%(2) m6:100%(1)]
  arena 27:   40% ±22  (n=5, avg 3.8 turns)  [m1:100%(2) m5:0%(3)]
  arena 32:   80% ±18  (n=5, avg 8.6 turns)  [m2:100%(1) m3:100%(2) m4:50%(2)]
  procedural:   78% ±14  (n=9, avg 6.9 turns)  [m1:100%(2) m2:100%(1) m3:100%(1) m4:50%(2) m5:67%(3)]

DEPLOYMENT GEOMETRY (opening shape; choices/ARMED is the wave's real gate):
  FRONTAL   :   78% ±8  (n=27, avg 4.9 turns)  choices/turn 1.79  choices/ARMED 1.80  los-targets/ARMED 2.28
  PINCER    :   60% ±11  (n=20, avg 5.3 turns)  choices/turn 2.33  choices/ARMED 2.29  los-targets/ARMED 2.10
  CROSSFIRE :   83% ±15  (n=6, avg 3.7 turns)  choices/turn 2.38  choices/ARMED 1.85  los-targets/ARMED 1.67
  ENVELOP   :   63% ±17  (n=8, avg 6.1 turns)  choices/turn 2.47  choices/ARMED 1.86  los-targets/ARMED 1.93

ARENA FUNNEL (Mission.Build exits, n=70 builds, all modes):
  authored-applied    :  84.3%  (n=59)
  connectivity-reject :   0.0%  (n=0)
  procedural-roll     :  15.7%  (n=11)

DECK EXPOSURE (campaign runs n=20):
  distinct authored arenas/run : 2.60 mean (all runs)
  ... full-depth runs only     : 3.00 mean over 4.0 fights/run (n=2)
  Defend dealt on the route    :   60% of runs (n=12)

ENEMY DECISION MIX (contested acts=968; all-downed acts not counted=370):
  shoot           587    61%
  hunker          197    20%
  move             86     9%
  grenade          24     2%
  heal             24     2%
  reload           20     2%
  brace            16     2%
  item              7     1%
  siege             3     0%
  sap               2     0%
  overwatch         1     0%
  staleplan         1     0%

  the shot on the table (acts where the chosen tile HAD a shot = 632):
    hit% band     taken   share   E[dmg]/shot   declined   share   E[dmg]/shot
      0-19           1      0%          0.71          1    100%          0.27
     20-39          15      3%          1.27          0      0%          0.00
     40-59          79     13%          2.12          0      0%          0.00
     60-79         245     42%          2.88          0      0%          0.00
      80+          247     42%          4.28          0      0%          0.00
    TOTAL           587                              1
  taken   93% / DECLINED    0% / preempted by another verb    7%
  enemy lanes held (overwatch+brace) 17; reaction shots fired 8  ->   47% of lanes paid off   [C2: DeclineWatchRatio is a bet on this number]

ACTION MIX (verbs issued, by policy):
  verb                  greedy        sloppy
  MOVE               282   34%     340   36%
  SHOOT              222   26%     211   23%
  OVERWATCH           67    8%      70    7%
  BRACE               37    4%      70    7%
  FOCUS               31    4%      44    5%
  SLIPSTREAM          28    3%      30    3%
  HUNKER              26    3%      31    3%
  INTEL               25    3%      26    3%
  RELOAD              28    3%      22    2%
  STABILIZE           26    3%      17    2%
  MARK                11    1%      19    2%
  ITEM:SMOKE          12    1%      11    1%
  DRAG                 5    1%      10    1%
  PATCH                8    1%       6    1%
  PLANT                8    1%       4    0%
  PIN                  5    1%       6    1%
  GRENADE              4    0%       6    1%
  GRAPPLE              4    0%       4    0%
  BEACON               3    0%       4    0%
  BARREL               4    0%       2    0%
  REARM                2    0%       3    0%
  ITEM:FLASH           0    0%       1    0%

PLAYER CLASS PERFORMANCE:
  class        shots   hit%   dmg   kills
  SHARPSHOOTER    127    95%    916     50
  GUNNER         117    85%    529     39
  ASSAULT        119    83%    519     32
  RANGER          67    85%    371     27
  CORPSMAN        52    85%    179     12
  VIP              2    50%      6      1

SOLDIER DEATHS BY ENEMY CLASS (threat ranking):
  SNIPER     : 13
  DRONE      : 10
  SHIELD     : 8
  BERSERKER  : 8
  TURRET     : 6
  GRUNT      : 6
  ELITE      : 6
  BRUISER    : 6
  SAPPER     : 5
  BURN       : 5
  CUSTODIAN  : 3
  HOUND      : 3
  LANCER     : 3
  WARBRINGER : 2
  SPOTTER    : 2
  MEDIC      : 2
  HUNTER     : 2
  STRIKER    : 1
  SCREENER   : 1
  MORTAR     : 1
  STRIKE     : 1
  SCOUT      : 1

SOLDIER DOWNS (FUL-7 bleed-out): 181 downs -> revived 9 / recovered 38 / bled out 116 / finished 4  (save-rate   34%)
  corpsman fielded in 24 missions

ENEMY COMPOSITION (spawns; faction-stamped fights n=395 / default-cascade fights n=199):
  class        faction         default
  GRUNT           34    9%       47   24%
  SCOUT           13    3%       44   22%
  DRONE           42   11%        7    4%
  SHIELD          28    7%        4    2%
  BRUISER         29    7%        3    2%
  BERSERKER       28    7%        4    2%
  ELITE           19    5%        9    5%
  SNIPER          17    4%        9    5%
  HOUND           14    4%       12    6%
  HUNTER          18    5%        5    3%
  STRIKER         14    4%        9    5%
  MORTAR          23    6%        0    0%
  MEDIC           18    5%        5    3%
  SAPPER          19    5%        2    1%
  TURRET          14    4%        7    4%
  SPOTTER         17    4%        4    2%
  SCREENER        14    4%        4    2%
  LANCER           7    2%        8    4%
  CUSTODIAN       12    3%        3    2%
  PIKEMAN          7    2%        8    4%
  WARBRINGER       5    1%        4    2%
  BOMBARD          3    1%        1    1%

PERK PICK FREQUENCY:
  LCK           : 14
  MRK           : 12
  MOM           : 10
  CQB           : 10
  HRD           : 10
  PLT           : 9
  FST           : 9
  GRD           : 9
  OUT           : 8
  GUN           : 8
  CLH           : 7
  TNK           : 7
  RFX           : 6
  BRK           : 5
  BND           : 5
  SGE           : 3
  VNT           : 3
  SKR           : 3
  EXC           : 2

SHOP PURCHASE FREQUENCY:
  FIELD MEDKIT      : 50
  WPN: HOLLOW POINT : 50
  WPN: SCOPE        : 41
  WPN: EXTENDED MAG : 27
  WPN: STABILIZER   : 25
  BALLISTIC PLATING : 21
  ADV. TRAINING     : 13
  FRAG CACHE        : 12
  COUNTER-PREP      : 10
  COMBAT STIMS      : 10
  WPN: BIPOD        : 7
  WPN: SUPPRESSOR   : 6
  ARMORY            : 5

BOON PICK FREQUENCY (PROCS = effect fires at instrumented sites; '-' = not instrumented;
                      PYR counts the +2-turn-burn half only — the Burning-immunity half is uninstrumented):
  code                 picks   PROCS
  RCL               :     8       1
  EXE               :     4       -
  FVR               :     4       -
  ADR               :     3       -
  RPD               :     3       -
  SCV               :     3       -
  VNM               :     3       -
  FDR               :     2       0
  GHO               :     2       -
  PYR               :     2       0
  SHK               :     2       0
  TRR               :     2      10
  FRT               :     1       -
  FST               :     1      15
  GRN               :     1       -

RUN WIN-RATE BY BOON (campaign runs holding it):
  RCL               :   25% ±15  (in 8 runs)
  EXE               :   50% ±25  (in 4 runs)
  FVR               :    0% ±0  (in 4 runs)
  ADR               :    0% ±0  (in 3 runs)
  RPD               :    0% ±0  (in 3 runs)
  SCV               :    0% ±0  (in 3 runs)
  VNM               :   33% ±27  (in 3 runs)
  FDR               :    0% ±0  (in 2 runs)
  GHO               :    0% ±0  (in 2 runs)
  PYR               :    0% ±0  (in 2 runs)
  SHK               :   50% ±35  (in 2 runs)
  TRR               :    0% ±0  (in 2 runs)
  FRT               :    0% ±0  (in 1 runs)
  FST               :    0% ±0  (in 1 runs)
  GRN               :    0% ±0  (in 1 runs)

RUN WIN-RATE BY SPEC (campaign runs fielding it):
  HHT               :    0% ±0  (in 3 runs)
  SNT               :    0% ±0  (in 3 runs)
  SRG               :    0% ±0  (in 3 runs)
  ADN               :    0% ±0  (in 2 runs)
  BRC               :    0% ±0  (in 1 runs)
  JUG               :  100% ±0  (in 1 runs)
  PHN               :    0% ±0  (in 1 runs)

RUN WIN-RATE BY PERK (campaign runs holding it):
  LCK               :    0% ±0  (in 11 runs)
  MOM               :   11% ±10  (in 9 runs)
  CQB               :   13% ±12  (in 8 runs)
  FST               :   13% ±12  (in 8 runs)
  MRK               :   13% ±12  (in 8 runs)
  PLT               :    0% ±0  (in 8 runs)
  GUN               :   14% ±13  (in 7 runs)
  HRD               :    0% ±0  (in 7 runs)
  GRD               :   17% ±15  (in 6 runs)
  OUT               :   17% ±15  (in 6 runs)
  BND               :    0% ±0  (in 5 runs)
  CLH               :    0% ±0  (in 5 runs)
  TNK               :   20% ±18  (in 5 runs)
  BRK               :    0% ±0  (in 4 runs)
  RFX               :   25% ±22  (in 4 runs)
  SGE               :    0% ±0  (in 3 runs)
  SKR               :   33% ±27  (in 3 runs)
  VNT               :   33% ±27  (in 3 runs)
  EXC               :   50% ±35  (in 2 runs)

RUN WIN-RATE BY PURCHASE (campaign runs buying it):
  FIELD MEDKIT      :    6% ±6  (in 17 runs)
  WPN: HOLLOW POINT :   14% ±9  (in 14 runs)
  WPN: SCOPE        :    8% ±7  (in 13 runs)
  WPN: EXTENDED MAG :   18% ±12  (in 11 runs)
  WPN: STABILIZER   :   22% ±14  (in 9 runs)
  ADV. TRAINING     :   13% ±12  (in 8 runs)
  BALLISTIC PLATING :   13% ±12  (in 8 runs)
  COUNTER-PREP      :   13% ±12  (in 8 runs)
  FRAG CACHE        :   14% ±13  (in 7 runs)
  COMBAT STIMS      :   17% ±15  (in 6 runs)
  WPN: BIPOD        :   20% ±18  (in 5 runs)
  ARMORY            :   25% ±22  (in 4 runs)
  WPN: SUPPRESSOR   :    0% ±0  (in 4 runs)

RUN WIN-RATE BY EVENT-CHOICE (campaign runs taking id:arm):
  blackmarket:2     :    0% ±0  (in 5 runs)
  informant:1       :   25% ±22  (in 4 runs)
  quartermaster:1   :   25% ±22  (in 4 runs)
  defector:1        :    0% ±0  (in 2 runs)
  drill:0           :    0% ±0  (in 2 runs)
  informant:2       :    0% ±0  (in 2 runs)
  warchest:1        :    0% ±0  (in 2 runs)
  blackmarket:1     :    0% ±0  (in 1 runs)
  fieldhospital:2   :  100% ±0  (in 1 runs)
  grave:0           :  100% ±0  (in 1 runs)
═══════════════════════════════════════════════════════════════════════

batch wall-time: 7.6s  (20 matches across 10 campaigns × 2 policy, frame-cap hits: 0)
aggregate JSON -> /home/user/wt/heat-pin/docs/measurements/l5/L5fac-m3a1b0-h6-b30.json
INFO: TEXTURE: [ID 2] Unloaded texture data from VRAM (GPU)
INFO: SHADER: [ID 3] Default shader unloaded successfully
INFO: TEXTURE: [ID 1] Default texture unloaded successfully
INFO: Window closed successfully
