BALANCE: heat PINNED for this batch (field-event AddHeat is a no-op; SIGHTLINE_HEATPIN=0 restores the leak)
INFO: Initializing raylib 6.0
INFO: Platform backend: DESKTOP (GLFW)
INFO: Supported raylib modules:
INFO:     > rcore:..... loaded (mandatory)
INFO:     > rlgl:...... loaded (mandatory)
INFO:     > rshapes:... loaded (optional)
INFO:     > rtextures:. loaded (optional)
INFO:     > rtext:..... loaded (optional)
INFO:     > rmodels:... loaded (optional)
INFO:     > raudio:.... loaded (optional)
INFO: DISPLAY: Trying to enable MSAA x4
INFO: DISPLAY: Device initialized successfully 
INFO:     > Display size: 1280 x 800
INFO:     > Screen size:  1280 x 800
INFO:     > Render size:  1280 x 800
INFO:     > Viewport offsets: 0, 0
INFO: GLAD: OpenGL extensions loaded successfully
INFO: GL: Supported extensions count: 229
INFO: GL: OpenGL device information:
INFO:     > Vendor:   Mesa
INFO:     > Renderer: llvmpipe (LLVM 20.1.2, 256 bits)
INFO:     > Version:  4.5 (Core Profile) Mesa 25.2.8-0ubuntu0.24.04.2
INFO:     > GLSL:     4.50
INFO: GL: VAO extension detected, VAO functions loaded successfully
INFO: GL: NPOT textures extension detected, full NPOT textures supported
INFO: GL: DXT compressed textures supported
INFO: GL: ETC2/EAC compressed textures supported
INFO: PLATFORM: DESKTOP (GLFW - X11): Initialized successfully
INFO: TEXTURE: [ID 1] Texture loaded successfully (1x1 | R8G8B8A8 | 1 mipmaps)
INFO: TEXTURE: [ID 1] Default texture loaded successfully
INFO: SHADER: [ID 1] Vertex shader compiled successfully
INFO: SHADER: [ID 2] Fragment shader compiled successfully
INFO: SHADER: [ID 3] Program shader loaded successfully
INFO: SHADER: [ID 3] Default shader loaded successfully
INFO: RLGL: Render batch vertex buffers loaded successfully in RAM (CPU)
INFO: RLGL: Render batch vertex buffers loaded successfully in VRAM (GPU)
INFO: RLGL: Default OpenGL state initialized successfully
INFO: TEXTURE: [ID 2] Texture loaded successfully (128x128 | GRAY_ALPHA | 1 mipmaps)
INFO: FONT: Default font loaded successfully (224 glyphs)
INFO: SYSTEM: Working Directory: /home/user/wt/heat-pin
INFO: TIMER: Target time per frame: 0.000 milliseconds
FINALE-KIT: Wardens
FINALE-KIT: Wardens
FINALE-KIT: Legion
WAVE: +2 (GRUNT,SNIPER) [rich]
WAVE: +2 (SCOUT,MORTAR) [rich]
WAVE: +2 (GRUNT,SCOUT) [rich]
WAVE: +3 (LANCER,HUNTER,SAPPER) [rich]
WAVE: +3 (MEDIC,MORTAR,BERSERKER) [rich]
WAVE: +3 (GRUNT,BRUISER,BERSERKER) [rich]
FINALE-KIT: Legion
WAVE: +2 (GRUNT,SNIPER) [rich]
WAVE: +2 (MEDIC,PIKEMAN) [rich]
WAVE: +2 (MORTAR,GRUNT) [rich]
WAVE: +3 (PIKEMAN,LANCER,MORTAR) [rich]
WAVE: +3 (SPOTTER,BERSERKER,SHIELD) [rich]
WAVE: +3 (SAPPER,GRUNT,MORTAR) [rich]
REINFORCEMENTS: +2 (SCOUT,SCOUT)
FINALE-KIT: Legion
WAVE: +2 (DRONE,DRONE) [rich]
WAVE: +2 (DRONE,SHIELD) [rich]
WAVE: +2 (SPOTTER,GRUNT) [rich]
match 5/20  (W:1 L:4 cap:0)  4.5s
FINALE-KIT: Legion
WAVE: +2 (DRONE,SAPPER) [rich]
WAVE: +2 (GRUNT,SHIELD) [rich]
WAVE: +2 (SAPPER,SAPPER) [rich]
FINALE-KIT: Wardens
FINALE-KIT: Wardens
FINALE-KIT: Legion
WAVE: +2 (SPOTTER,SPOTTER) [rich]
WAVE: +2 (DRONE,CUSTODIAN) [rich]
WAVE: +2 (SHIELD,SPOTTER) [rich]
FINALE-KIT: Legion
WAVE: +2 (SAPPER,DRONE) [rich]
WAVE: +2 (DRONE,SCREENER) [rich]
WAVE: +2 (SHIELD,SHIELD) [rich]
match 10/20  (W:2 L:8 cap:0)  7.1s
FINALE-KIT: Legion
REINFORCEMENTS: +2 (SCOUT,GRUNT)
REINFORCEMENTS: +2 (GRUNT,SCOUT)
REINFORCEMENTS: +2 (SCOUT,SCOUT)
REINFORCEMENTS: +3 (SCOUT,SCOUT,GRUNT)
FINALE-KIT: Legion
FINALE-KIT: Legion
WAVE: +3 (SCREENER,SAPPER,DRONE) [rich]
WAVE: +3 (SHIELD,DRONE,SPOTTER) [rich]
FINALE-KIT: Legion
FINALE-KIT: Wardens
WAVE: +2 (SHIELD,SAPPER) [rich]
WAVE: +2 (DRONE,SHIELD) [rich]
WAVE: +2 (DRONE,SAPPER) [rich]
REINFORCEMENTS: +2 (GRUNT,GRUNT)
match 15/20  (W:3 L:12 cap:0)  8.5s
FINALE-KIT: Wardens
WAVE: +2 (SHIELD,SCREENER) [rich]
WAVE: +2 (SAPPER,DRONE) [rich]
WAVE: +2 (DRONE,SCREENER) [rich]
REINFORCEMENTS: +2 (GRUNT,GRUNT)
FINALE-KIT: Legion
WAVE: +3 (SCREENER,SCREENER,SHIELD) [rich]
WAVE: +2 (SCREENER,DRONE) [rich]
WAVE: +3 (SAPPER,DRONE,SAPPER) [rich]
WAVE: +2 (CUSTODIAN,SHIELD) [rich]
FINALE-KIT: Legion
WAVE: +3 (SCREENER,SCREENER,SHIELD) [rich]
WAVE: +2 (SCREENER,DRONE) [rich]
WAVE: +3 (SAPPER,DRONE,SAPPER) [rich]
WAVE: +2 (CUSTODIAN,SHIELD) [rich]
FINALE-KIT: Legion
FINALE-KIT: Legion
match 20/20  (W:3 L:17 cap:0)  9.8s

══════════════════════ SIGHTLINE BALANCE REPORT ══════════════════════
runs=20  missions=74

RUN OUTCOMES (campaign):  win-rate   15%   avg missions cleared 3.9

POLICY GAP (optimal vs human-error; campaign runs only):
  greedy win-rate   20%  (n=10)
  sloppy win-rate   10%  (n=10)
  GAP   10 pts  (healthy slack)
  PAIRED (same-seed slots): pairs=10  concordant=7  discordant greedy-only-won=2 / sloppy-only-won=1  paired gap   10 pts
  PER-SLOT RECORDS (greedy | sloppy: outcome + missions cleared; margin = g−s):
    slot 130 @h6: L 0 | L 2   margin -2
    slot 131 @h6: W 6 | L 5   margin +1
    slot 132 @h6: L 5 | L 3   margin +2
    slot 133 @h6: L 5 | L 5   margin +0
    slot 134 @h6: W 6 | L 3   margin +3
    slot 135 @h6: L 5 | W 6   margin -1
    slot 136 @h6: L 4 | L 1   margin +3
    slot 137 @h6: L 5 | L 5   margin +0
    slot 138 @h6: L 4 | L 4   margin +0
    slot 139 @h6: L 2 | L 2   margin +0
  PAIRED MARGIN (missions cleared, all pairs): +0.60 ±0.52 SE  (n=10 pairs)
  by objective (greedy / sloppy / gap):
    Decapitate :   43% /   20% / gap   23
    Defend     :   86% /  100% / gap  -14
    Eliminate  :   83% /   85% / gap   -1
    Evac       :  100% /  100% / gap    0
    Hack       :   67% /    0% / gap   67
    Rescue     :  100% /   75% / gap   25
    Sabotage   :  100% /  100% / gap    0

DECISION RICHNESS / SWING:
  meaningful-choices/turn 2.75   lead-swings/match 0.9   avg max-swing 62.9
  [shot-gate] acting-soldiers/turn 3.36   armed-soldiers/turn 1.23   armed-fraction 37%   turns-with-a-shot 56%   choices/ARMED-soldier-turn 2.23
  [choice-split] los-targets/ARMED 2.43   target-choices/ARMED 0.31   position-choices/ARMED 1.92

RUN COMPLETION BY HEAT (full-campaign clears):
  heat 6:   15% ±8  (n=20 runs, avg 3.9 missions)
  HEAT LEAK: pinned=yes  heat-raising picks=2  campaigns raised=0  missions off-rung=0/74

INTEL ECONOMY BY HEAT (campaign runs; heat-bonus = the Heat.IntelBonus share of income):
  heat 6: earned  212.7/run   heat-bonus  97.2 (  46% of income)   spent  198.6   unspent   14.1

MISSION WIN-RATE BY HEAT:
  heat 6:   77%  (n=74, avg 5.5 turns)

MISSION WIN-RATE BY OBJECTIVE:
  Eliminate  :   84% ±7  (n=25, avg 4.4 turns)
  Defend     :   92% ±7  (n=13, avg 9.0 turns)
  Decapitate :   33% ±14  (n=12, avg 6.1 turns)
  Evac       :  100% ±0  (n=9, avg 4.0 turns)
  Rescue     :   88% ±12  (n=8, avg 4.8 turns)
  Hack       :   40% ±22  (n=5, avg 4.4 turns)
  Sabotage   :  100% ±0  (n=2, avg 4.0 turns)

MISSION WIN-RATE BY OBJECTIVE x NODE KIND (a capstone must never pool with a mid-run node):
  Eliminate  : Start:  95%(n=20)  Combat:  40%(n=5)
               depth: m1:95%(20) m3:0%(1) m4:100%(2) m5:0%(2)
  Defend     : Combat:  89%(n=9)  Supply: 100%(n=2)  Elite: 100%(n=2)
               depth: m2:100%(4) m3:100%(4) m4:100%(4) m5:0%(1)
  Decapitate : Boss:  30%(n=10)  Supply:  50%(n=2)
               depth: m2:50%(2) m6:30%(10)
  Evac       : Supply: 100%(n=6)  Combat: 100%(n=3)
               depth: m3:100%(4) m4:100%(3) m5:100%(2)
  Rescue     : Supply: 100%(n=6)  Combat:  50%(n=2)
               depth: m2:100%(6) m4:50%(2)
  Hack       : Combat:  50%(n=2)  Elite:   0%(n=2)  Supply: 100%(n=1)
               depth: m3:0%(2) m4:50%(2) m5:100%(1)
  Sabotage   : Combat: 100%(n=2)
               depth: m5:100%(2)

ENCOUNTER COMPLETION on MID-RUN nodes (Combat+Elite) — clear% is the share of the fight actually fought:
  objective     n   win%   turns   force    +rf  killed  clear%   prs  WONclear%
  Defend        11   91%     9.0    6.27   5.55    2.55    21.5  0.00     23.7 (n=10)
  Eliminate      5   40%     7.2   10.20   0.00    5.60    54.9  1.40    100.0 (n=2)
  Hack           4   25%     4.8   10.50   0.00    1.50    14.3  0.25     10.0 (n=1)
  Evac           3  100%     4.0   10.67   0.00    0.33     3.1  0.00      3.1 (n=3)
  Rescue         2   50%     8.0   10.00   0.00    6.00    60.0  0.00     70.0 (n=1)
  Sabotage       2  100%     4.0    9.00   0.00    4.50    50.0  0.00     50.0 (n=2)
  ---- the two classes ----
  KILL           5   40%     7.2   10.20   0.00    5.60    54.9  1.40    100.0 (n=2)
  NON-KILL      22   77%     7.0    8.23   2.77    2.55    23.1  0.05     24.5 (n=17)

DECAPITATE HVT (buff = +6+1*mission HP, +6 aim; ELITE exempt):
  EXEMPT  :   30% ±14  (n=10, avg 6.4 turns, HVT 23.0 max HP)  [m6:30%(10)]
  BUFFED  :   50% ±35  (n=2, avg 4.5 turns, HVT 18.5 max HP)  [m2:50%(2)]

MISSION WIN-RATE BY MISSION #:
  m1:   95% ±5  (n=20)
  m2:   92% ±8  (n=12)
  m3:   73% ±13  (n=11)
  m4:   85% ±10  (n=13)
  m5:   63% ±17  (n=8)
  m6:   30% ±14  (n=10)

LOSS CAUSES (missions):
  RUN OVER              : 16
  CAPTIVE LOST          : 1

MISSION WIN-RATE BY ARENA (authored layouts, n>=3; procedural fallback   19% of 74 missions):
  arena  3:  100% ±0  (n=4, avg 3.0 turns)  [m1:100%(2) m2:100%(2)]
  arena  5:  100% ±0  (n=3, avg 3.0 turns)  [m1:100%(2) m5:100%(1)]
  arena  6:  100% ±0  (n=3, avg 2.7 turns)  [m1:100%(2) m6:100%(1)]
  arena 10:   50% ±25  (n=4, avg 5.0 turns)  [m3:0%(2) m5:100%(2)]
  arena 20:  100% ±0  (n=3, avg 7.7 turns)  [m2:100%(3)]
  arena 26:  100% ±0  (n=4, avg 3.8 turns)  [m1:100%(2) m4:100%(2)]
  arena 30:  100% ±0  (n=3, avg 9.0 turns)  [m3:100%(1) m4:100%(2)]
  arena 31:    0% ±0  (n=3, avg 6.3 turns)  [m6:0%(3)]
  arena 33:   80% ±18  (n=5, avg 4.2 turns)  [m1:100%(2) m2:50%(2) m6:100%(1)]
  arena 34:   67% ±27  (n=3, avg 8.0 turns)  [m4:100%(2) m6:0%(1)]
  procedural:   79% ±11  (n=14, avg 6.4 turns)  [m1:83%(6) m2:100%(1) m3:100%(1) m4:67%(3) m5:100%(1) m6:50%(2)]

DEPLOYMENT GEOMETRY (opening shape; choices/ARMED is the wave's real gate):
  FRONTAL   :   86% ±6  (n=29, avg 6.2 turns)  choices/turn 2.79  choices/ARMED 2.47  los-targets/ARMED 2.62
  PINCER    :   62% ±9  (n=29, avg 5.6 turns)  choices/turn 2.41  choices/ARMED 1.92  los-targets/ARMED 2.28
  CROSSFIRE :   88% ±12  (n=8, avg 4.0 turns)  choices/turn 2.90  choices/ARMED 1.91  los-targets/ARMED 2.87
  ENVELOP   :   88% ±12  (n=8, avg 4.0 turns)  choices/turn 3.90  choices/ARMED 2.81  los-targets/ARMED 1.74

ARENA FUNNEL (Mission.Build exits, n=88 builds, all modes):
  authored-applied    :  77.3%  (n=68)
  connectivity-reject :   0.0%  (n=0)
  procedural-roll     :  22.7%  (n=20)

DECK EXPOSURE (campaign runs n=20):
  distinct authored arenas/run : 3.00 mean (all runs)
  ... full-depth runs only     : 4.33 mean over 5.0 fights/run (n=3)
  Defend dealt on the route    :   55% of runs (n=11)

ENEMY DECISION MIX (contested acts=1305; all-downed acts not counted=518):
  shoot           748    57%
  hunker          297    23%
  move            117     9%
  grenade          42     3%
  siege            33     3%
  heal             32     2%
  reload           17     1%
  item             10     1%
  brace             4     0%
  shove             4     0%
  overwatch         1     0%

  the shot on the table (acts where the chosen tile HAD a shot = 812):
    hit% band     taken   share   E[dmg]/shot   declined   share   E[dmg]/shot
      0-19           4      1%          0.62          0      0%          0.00
     20-39          24      3%          1.37          0      0%          0.00
     40-59         131     18%          2.01          0      0%          0.00
     60-79         314     42%          2.85          0      0%          0.00
      80+          275     37%          4.24          0      0%          0.00
    TOTAL           748                              0
  taken   92% / DECLINED    0% / preempted by another verb    8%
  enemy lanes held (overwatch+brace) 5; reaction shots fired 1  ->   20% of lanes paid off   [C2: DeclineWatchRatio is a bet on this number]

ACTION MIX (verbs issued, by policy):
  verb                  greedy        sloppy
  MOVE               457   37%     454   39%
  SHOOT              346   28%     300   26%
  OVERWATCH           96    8%      74    6%
  FOCUS               63    5%      68    6%
  BRACE               48    4%      35    3%
  RELOAD              35    3%      33    3%
  INTEL               33    3%      29    3%
  STABILIZE           31    3%      29    3%
  SLIPSTREAM          25    2%      26    2%
  HUNKER              25    2%      23    2%
  MARK                13    1%      21    2%
  ITEM:SMOKE           8    1%      14    1%
  PIN                 11    1%      10    1%
  BEACON               9    1%       6    1%
  DRAG                 9    1%       6    1%
  PATCH                5    0%       7    1%
  GRAPPLE              6    0%       3    0%
  PLANT                3    0%       3    0%
  REARM                1    0%       5    0%
  HACK                 4    0%       0    0%
  BARREL               2    0%       2    0%
  GRENADE              2    0%       1    0%
  EXTRACT              2    0%       1    0%
  ITEM:BARRICADE       1    0%       0    0%

PLAYER CLASS PERFORMANCE:
  class        shots   hit%   dmg   kills
  SHARPSHOOTER    178    90%   1195     71
  GUNNER         207    81%    937     57
  ASSAULT        179    84%    764     50
  RANGER          84    87%    495     32
  CORPSMAN        40    85%    137      6

SOLDIER DEATHS BY ENEMY CLASS (threat ranking):
  STRIKE     : 18
  MORTAR     : 12
  GRUNT      : 9
  ELITE      : 8
  LANCER     : 7
  BRUISER    : 7
  WARBRINGER : 6
  DRONE      : 6
  HOUND      : 6
  SCOUT      : 5
  BURN       : 5
  SAPPER     : 5
  HUNTER     : 5
  CUSTODIAN  : 4
  TURRET     : 4
  MEDIC      : 3
  BERSERKER  : 3
  STRIKER    : 2
  SNIPER     : 2
  SCREENER   : 2
  SHIELD     : 2
  BARREL     : 2
  PIKEMAN    : 1
  SPOTTER    : 1

SOLDIER DOWNS (FUL-7 bleed-out): 234 downs -> revived 4 / recovered 45 / bled out 149 / finished 34  (save-rate   22%)
  corpsman fielded in 22 missions

ENEMY COMPOSITION (spawns; faction-stamped fights n=541 / default-cascade fights n=212):
  class        faction         default
  SCOUT           17    3%       66   31%
  GRUNT           46    9%       31   15%
  DRONE           42    8%       12    6%
  SNIPER          40    7%        4    2%
  LANCER          31    6%       10    5%
  ELITE           34    6%        5    2%
  SAPPER          33    6%        6    3%
  SCREENER        30    6%        8    4%
  BRUISER         30    6%        7    3%
  SHIELD          27    5%        7    3%
  SPOTTER         22    4%       12    6%
  HUNTER          31    6%        2    1%
  TURRET          22    4%        9    4%
  MORTAR          26    5%        3    1%
  MEDIC           26    5%        3    1%
  STRIKER         13    2%       11    5%
  HOUND           16    3%        6    3%
  BERSERKER       11    2%        6    3%
  WARBRINGER      13    2%        3    1%
  BOMBARD         12    2%        0    0%
  CUSTODIAN       12    2%        0    0%
  PIKEMAN          7    1%        1    0%

PERK PICK FREQUENCY:
  GRD           : 12
  MOM           : 11
  MRK           : 11
  GUN           : 11
  OUT           : 11
  RFX           : 10
  EXC           : 10
  SKR           : 8
  CQB           : 8
  BRK           : 8
  SGE           : 8
  CLH           : 7
  PLT           : 7
  VNT           : 7
  HRD           : 6
  BND           : 6
  TNK           : 6
  LCK           : 5
  FST           : 4

SHOP PURCHASE FREQUENCY:
  FIELD MEDKIT      : 57
  WPN: HOLLOW POINT : 57
  WPN: STABILIZER   : 39
  WPN: SCOPE        : 39
  WPN: EXTENDED MAG : 35
  COMBAT STIMS      : 32
  BALLISTIC PLATING : 30
  WPN: BIPOD        : 21
  FRAG CACHE        : 18
  ADV. TRAINING     : 18
  COUNTER-PREP      : 13
  WPN: SUPPRESSOR   : 11
  ARMORY            : 6

BOON PICK FREQUENCY (PROCS = effect fires at instrumented sites; '-' = not instrumented;
                      PYR counts the +2-turn-burn half only — the Burning-immunity half is uninstrumented):
  code                 picks   PROCS
  RPD               :     8       -
  MRK               :     7       -
  TRR               :     7      16
  FDR               :     5       2
  FRT               :     5       -
  RCL               :     5       1
  GHO               :     3       -
  GRN               :     3       -
  ADR               :     2       -
  EXE               :     2       -
  SCV               :     2       -
  SHK               :     2       1
  FVR               :     1       -
  PYR               :     1       0
  VNM               :     1       -

RUN WIN-RATE BY BOON (campaign runs holding it):
  RPD               :   25% ±15  (in 8 runs)
  MRK               :   14% ±13  (in 7 runs)
  TRR               :   29% ±17  (in 7 runs)
  FDR               :   20% ±18  (in 5 runs)
  FRT               :   20% ±18  (in 5 runs)
  RCL               :   20% ±18  (in 5 runs)
  GHO               :    0% ±0  (in 3 runs)
  GRN               :   33% ±27  (in 3 runs)
  ADR               :   50% ±35  (in 2 runs)
  EXE               :   50% ±35  (in 2 runs)
  SCV               :    0% ±0  (in 2 runs)
  SHK               :    0% ±0  (in 2 runs)
  FVR               :  100% ±0  (in 1 runs)
  PYR               :    0% ±0  (in 1 runs)
  VNM               :    0% ±0  (in 1 runs)

RUN WIN-RATE BY SPEC (campaign runs fielding it):
  ANC               :   33% ±19  (in 6 runs)
  HHT               :   33% ±19  (in 6 runs)
  SNT               :    0% ±0  (in 4 runs)
  ADN               :    0% ±0  (in 3 runs)
  JUG               :   33% ±27  (in 3 runs)
  PHN               :   50% ±35  (in 2 runs)
  BRC               :    0% ±0  (in 1 runs)

RUN WIN-RATE BY PERK (campaign runs holding it):
  GRD               :   25% ±13  (in 12 runs)
  MOM               :   20% ±13  (in 10 runs)
  MRK               :   20% ±13  (in 10 runs)
  EXC               :   33% ±16  (in 9 runs)
  GUN               :   22% ±14  (in 9 runs)
  OUT               :   33% ±16  (in 9 runs)
  BRK               :   14% ±13  (in 7 runs)
  CLH               :    0% ±0  (in 7 runs)
  CQB               :   29% ±17  (in 7 runs)
  RFX               :   29% ±17  (in 7 runs)
  SKR               :   29% ±17  (in 7 runs)
  VNT               :   14% ±13  (in 7 runs)
  HRD               :    0% ±0  (in 6 runs)
  PLT               :   17% ±15  (in 6 runs)
  SGE               :   17% ±15  (in 6 runs)
  BND               :   20% ±18  (in 5 runs)
  LCK               :   20% ±18  (in 5 runs)
  FST               :   25% ±22  (in 4 runs)
  TNK               :    0% ±0  (in 4 runs)

RUN WIN-RATE BY PURCHASE (campaign runs buying it):
  FIELD MEDKIT      :   19% ±10  (in 16 runs)
  COMBAT STIMS      :   20% ±10  (in 15 runs)
  WPN: HOLLOW POINT :   15% ±10  (in 13 runs)
  FRAG CACHE        :   27% ±13  (in 11 runs)
  WPN: EXTENDED MAG :   27% ±13  (in 11 runs)
  WPN: SCOPE        :   20% ±13  (in 10 runs)
  WPN: STABILIZER   :   10% ±9  (in 10 runs)
  COUNTER-PREP      :   22% ±14  (in 9 runs)
  WPN: BIPOD        :   33% ±16  (in 9 runs)
  BALLISTIC PLATING :   38% ±17  (in 8 runs)
  WPN: SUPPRESSOR   :   38% ±17  (in 8 runs)
  ADV. TRAINING     :   14% ±13  (in 7 runs)
  ARMORY            :   20% ±18  (in 5 runs)

RUN WIN-RATE BY EVENT-CHOICE (campaign runs taking id:arm):
  blackmarket:2     :   50% ±35  (in 2 runs)
  bloodfeud:0       :    0% ±0  (in 2 runs)
  fieldhospital:1   :   50% ±35  (in 2 runs)
  informant:1       :   50% ±35  (in 2 runs)
  informant:2       :    0% ±0  (in 2 runs)
  relic:1           :    0% ±0  (in 2 runs)
  reservecall:0     :    0% ±0  (in 2 runs)
  warpension:1      :    0% ±0  (in 2 runs)
  warpension:2      :    0% ±0  (in 2 runs)
  cache:1           :    0% ±0  (in 1 runs)
  defector:0        :    0% ±0  (in 1 runs)
  warchest:1        :    0% ±0  (in 1 runs)
═══════════════════════════════════════════════════════════════════════

batch wall-time: 9.8s  (20 matches across 10 campaigns × 2 policy, frame-cap hits: 0)
aggregate JSON -> /home/user/wt/heat-pin/docs/measurements/l5/L5fac-m3a0b0-h6-b130.json
INFO: TEXTURE: [ID 2] Unloaded texture data from VRAM (GPU)
INFO: SHADER: [ID 3] Default shader unloaded successfully
INFO: TEXTURE: [ID 1] Default texture unloaded successfully
INFO: Window closed successfully
