BALANCE: heat PINNED for this batch (field-event AddHeat is a no-op; SIGHTLINE_HEATPIN=0 restores the leak)
INFO: Initializing raylib 6.0
INFO: Platform backend: DESKTOP (GLFW)
INFO: Supported raylib modules:
INFO:     > rcore:..... loaded (mandatory)
INFO:     > rlgl:...... loaded (mandatory)
INFO:     > rshapes:... loaded (optional)
INFO:     > rtextures:. loaded (optional)
INFO:     > rtext:..... loaded (optional)
INFO:     > rmodels:... loaded (optional)
INFO:     > raudio:.... loaded (optional)
INFO: DISPLAY: Trying to enable MSAA x4
INFO: DISPLAY: Device initialized successfully 
INFO:     > Display size: 1280 x 800
INFO:     > Screen size:  1280 x 800
INFO:     > Render size:  1280 x 800
INFO:     > Viewport offsets: 0, 0
INFO: GLAD: OpenGL extensions loaded successfully
INFO: GL: Supported extensions count: 229
INFO: GL: OpenGL device information:
INFO:     > Vendor:   Mesa
INFO:     > Renderer: llvmpipe (LLVM 20.1.2, 256 bits)
INFO:     > Version:  4.5 (Core Profile) Mesa 25.2.8-0ubuntu0.24.04.2
INFO:     > GLSL:     4.50
INFO: GL: VAO extension detected, VAO functions loaded successfully
INFO: GL: NPOT textures extension detected, full NPOT textures supported
INFO: GL: DXT compressed textures supported
INFO: GL: ETC2/EAC compressed textures supported
INFO: PLATFORM: DESKTOP (GLFW - X11): Initialized successfully
INFO: TEXTURE: [ID 1] Texture loaded successfully (1x1 | R8G8B8A8 | 1 mipmaps)
INFO: TEXTURE: [ID 1] Default texture loaded successfully
INFO: SHADER: [ID 1] Vertex shader compiled successfully
INFO: SHADER: [ID 2] Fragment shader compiled successfully
INFO: SHADER: [ID 3] Program shader loaded successfully
INFO: SHADER: [ID 3] Default shader loaded successfully
INFO: RLGL: Render batch vertex buffers loaded successfully in RAM (CPU)
INFO: RLGL: Render batch vertex buffers loaded successfully in VRAM (GPU)
INFO: RLGL: Default OpenGL state initialized successfully
INFO: TEXTURE: [ID 2] Texture loaded successfully (128x128 | GRAY_ALPHA | 1 mipmaps)
INFO: FONT: Default font loaded successfully (224 glyphs)
INFO: SYSTEM: Working Directory: /home/user/wt/heat-pin
INFO: TIMER: Target time per frame: 0.000 milliseconds
FINALE-KIT: Wardens
FINALE-KIT: Wardens
FINALE-KIT: Wardens
FINALE-KIT: Wardens
FINALE-KIT: Syndicate
match 5/20  (W:0 L:5 cap:0)  1.8s
FINALE-KIT: Syndicate
REINFORCEMENTS: +2 (GRUNT,GRUNT)
FINALE-KIT: Syndicate
WAVE: +2 (DRONE,DRONE) [rich]
WAVE: +2 (GRUNT,SHIELD) [rich]
WAVE: +2 (SHIELD,SAPPER) [rich]
REINFORCEMENTS: +2 (GRUNT,GRUNT)
REINFORCEMENTS: +2 (GRUNT,GRUNT)
REINFORCEMENTS: +2 (GRUNT,GRUNT)
FINALE-KIT: Syndicate
WAVE: +2 (SHIELD,GRUNT) [rich]
WAVE: +2 (SAPPER,SAPPER) [rich]
WAVE: +2 (SAPPER,GRUNT) [rich]
FINALE-KIT: Syndicate
WAVE: +3 (SNIPER,BERSERKER,SHIELD) [rich]
WAVE: +3 (GRUNT,DRONE,STRIKER) [rich]
WAVE: +3 (MORTAR,MEDIC,SPOTTER) [rich]
FINALE-KIT: Syndicate
WAVE: +3 (HUNTER,MEDIC,DRONE) [rich]
WAVE: +3 (PIKEMAN,SAPPER,MEDIC) [rich]
WAVE: +3 (BERSERKER,SCREENER,MORTAR) [rich]
WAVE: +3 (GRUNT,SNIPER,MORTAR) [rich]
WAVE: +1 (SCOUT) [rich]
match 10/20  (W:1 L:9 cap:0)  5.4s
FINALE-KIT: Syndicate
FINALE-KIT: Syndicate
REINFORCEMENTS: +2 (GRUNT,SCOUT)
FINALE-KIT: Wardens
FINALE-KIT: Wardens
FINALE-KIT: Wardens
WAVE: +2 (SNIPER,SNIPER) [rich]
WAVE: +2 (MORTAR,MEDIC) [rich]
WAVE: +2 (GRUNT,SNIPER) [rich]
match 15/20  (W:1 L:14 cap:0)  6.1s
FINALE-KIT: Wardens
WAVE: +2 (SNIPER,SNIPER) [rich]
WAVE: +2 (MORTAR,MEDIC) [rich]
WAVE: +2 (GRUNT,SNIPER) [rich]
FINALE-KIT: Legion
WAVE: +2 (DRONE,DRONE) [rich]
WAVE: +2 (SHIELD,SCREENER) [rich]
WAVE: +2 (SAPPER,SHIELD) [rich]
FINALE-KIT: Legion
WAVE: +2 (SAPPER,CUSTODIAN) [rich]
WAVE: +2 (SPOTTER,DRONE) [rich]
WAVE: +2 (SAPPER,GRUNT) [rich]
FINALE-KIT: Wardens
FINALE-KIT: Wardens
match 20/20  (W:2 L:18 cap:0)  6.7s

══════════════════════ SIGHTLINE BALANCE REPORT ══════════════════════
runs=20  missions=51

RUN OUTCOMES (campaign):  win-rate   10%   avg missions cleared 2.4

POLICY GAP (optimal vs human-error; campaign runs only):
  greedy win-rate   10%  (n=10)
  sloppy win-rate   10%  (n=10)
  GAP    0 pts  (healthy slack)
  PAIRED (same-seed slots): pairs=10  concordant=8  discordant greedy-only-won=1 / sloppy-only-won=1  paired gap    0 pts
  PER-SLOT RECORDS (greedy | sloppy: outcome + missions cleared; margin = g−s):
    slot 110 @h6: L 0 | L 2   margin -2
    slot 111 @h6: L 0 | L 0   margin +0
    slot 112 @h6: L 1 | L 5   margin -4
    slot 113 @h6: L 5 | L 5   margin +0
    slot 114 @h6: W 6 | L 4   margin +2
    slot 115 @h6: L 2 | L 2   margin +0
    slot 116 @h6: L 1 | L 1   margin +0
    slot 117 @h6: L 2 | L 2   margin +0
    slot 118 @h6: L 3 | W 6   margin -3
    slot 119 @h6: L 0 | L 0   margin +0
  PAIRED MARGIN (missions cleared, all pairs): -0.70 ±0.56 SE  (n=10 pairs)
  by objective (greedy / sloppy / gap):
    Decapitate :   50% /   40% / gap   10
    Defend     :  100% /   75% / gap   25
    Eliminate  :   58% /   69% / gap  -11
    Rescue     :   33% /   80% / gap  -47

DECISION RICHNESS / SWING:
  meaningful-choices/turn 2.27   lead-swings/match 0.8   avg max-swing 50.3
  [shot-gate] acting-soldiers/turn 3.02   armed-soldiers/turn 1.13   armed-fraction 38%   turns-with-a-shot 49%   choices/ARMED-soldier-turn 2.00
  [choice-split] los-targets/ARMED 2.21   target-choices/ARMED 0.30   position-choices/ARMED 1.70

RUN COMPLETION BY HEAT (full-campaign clears):
  heat 6:   10% ±7  (n=20 runs, avg 2.4 missions)
  HEAT LEAK: pinned=yes  heat-raising picks=3  campaigns raised=0  missions off-rung=0/51

INTEL ECONOMY BY HEAT (campaign runs; heat-bonus = the Heat.IntelBonus share of income):
  heat 6: earned  124.0/run   heat-bonus  55.8 (  45% of income)   spent  109.8   unspent   14.2

MISSION WIN-RATE BY HEAT:
  heat 6:   65%  (n=51, avg 5.6 turns)

MISSION WIN-RATE BY OBJECTIVE:
  Eliminate  :   64% ±10  (n=25, avg 4.6 turns)
  Decapitate :   44% ±17  (n=9, avg 6.2 turns)
  Rescue     :   63% ±17  (n=8, avg 4.6 turns)
  Defend     :   88% ±12  (n=8, avg 9.0 turns)
  Evac       :  100% ±0  (n=1, avg 4.0 turns)

MISSION WIN-RATE BY OBJECTIVE x NODE KIND (a capstone must never pool with a mid-run node):
  Eliminate  : Start:  75%(n=20)  Combat:  33%(n=3)  Elite:   0%(n=2)
               depth: m1:75%(20) m2:33%(3) m3:0%(2)
  Decapitate : Boss:  40%(n=5)  Supply: 100%(n=2)  Elite:   0%(n=2)
               depth: m3:0%(2) m5:100%(2) m6:40%(5)
  Rescue     : Combat:  67%(n=6)  Supply:   0%(n=1)  Elite: 100%(n=1)
               depth: m2:50%(2) m3:67%(3) m4:50%(2) m5:100%(1)
  Defend     : Combat: 100%(n=4)  Elite: 100%(n=2)  Supply:  50%(n=2)
               depth: m2:100%(4) m3:100%(2) m5:50%(2)
  Evac       : Supply: 100%(n=1)
               depth: m4:100%(1)

ENCOUNTER COMPLETION on MID-RUN nodes (Combat+Elite) — clear% is the share of the fight actually fought:
  objective     n   win%   turns   force    +rf  killed  clear%   prs  WONclear%
  Rescue         7   71%     4.6    8.71   0.00    3.00    34.4  0.00     42.2 (n=5)
  Defend         6  100%     9.0    5.00   6.00    2.50    22.7  0.00     22.7 (n=6)
  Eliminate      5   20%     8.2    8.00   0.00    3.80    47.5  1.60    100.0 (n=1)
  Decapitate     2    0%     7.5   11.00   1.00    0.00     0.0  1.50      0.0 (n=0)
  ---- the two classes ----
  KILL           7   14%     8.0    8.86   0.29    2.71    29.7  1.57    100.0 (n=1)
  NON-KILL      13   85%     6.6    7.00   2.77    2.77    28.3  0.00     30.6 (n=11)

DECAPITATE HVT (buff = +6+1*mission HP, +6 aim; ELITE exempt):
  EXEMPT  :   44% ±17  (n=9, avg 6.2 turns, HVT 23.0 max HP)  [m3:0%(2) m5:100%(2) m6:40%(5)]

MISSION WIN-RATE BY MISSION #:
  m1:   75% ±10  (n=20)
  m2:   67% ±16  (n=9)
  m3:   44% ±17  (n=9)
  m4:   67% ±27  (n=3)
  m5:   80% ±18  (n=5)
  m6:   40% ±22  (n=5)

LOSS CAUSES (missions):
  RUN OVER              : 15
  CAPTIVE LOST          : 3

MISSION WIN-RATE BY ARENA (authored layouts, n>=3; procedural fallback   14% of 51 missions):
  arena  3:  100% ±0  (n=4, avg 5.8 turns)  [m1:100%(2) m2:100%(2)]
  arena  5:   50% ±25  (n=4, avg 5.8 turns)  [m1:100%(2) m2:0%(2)]
  arena 28:   75% ±22  (n=4, avg 4.3 turns)  [m1:75%(4)]
  arena 29:   25% ±22  (n=4, avg 8.3 turns)  [m3:0%(2) m5:50%(2)]
  arena 32:   20% ±18  (n=5, avg 5.4 turns)  [m1:0%(2) m3:0%(1) m4:50%(2)]
  procedural:   86% ±13  (n=7, avg 6.0 turns)  [m1:100%(4) m2:100%(2) m6:0%(1)]

DEPLOYMENT GEOMETRY (opening shape; choices/ARMED is the wave's real gate):
  FRONTAL   :   63% ±10  (n=24, avg 5.5 turns)  choices/turn 2.27  choices/ARMED 2.37  los-targets/ARMED 2.75
  PINCER    :   27% ±13  (n=11, avg 6.1 turns)  choices/turn 1.46  choices/ARMED 1.39  los-targets/ARMED 1.97
  CROSSFIRE :  100% ±0  (n=4, avg 7.8 turns)  choices/turn 1.07  choices/ARMED 1.21  los-targets/ARMED 1.88
  ENVELOP   :   92% ±8  (n=12, avg 4.6 turns)  choices/turn 3.75  choices/ARMED 2.16  los-targets/ARMED 1.79

ARENA FUNNEL (Mission.Build exits, n=59 builds, all modes):
  authored-applied    :  81.4%  (n=48)
  connectivity-reject :   0.0%  (n=0)
  procedural-roll     :  18.6%  (n=11)

DECK EXPOSURE (campaign runs n=20):
  distinct authored arenas/run : 2.20 mean (all runs)
  ... full-depth runs only     : 4.00 mean over 4.0 fights/run (n=2)
  Defend dealt on the route    :   40% of runs (n=8)

ENEMY DECISION MIX (contested acts=812; all-downed acts not counted=294):
  shoot           496    61%
  hunker          189    23%
  move             57     7%
  reload           23     3%
  grenade          18     2%
  heal              9     1%
  siege             9     1%
  brace             4     0%
  item              4     0%
  sap               2     0%
  shove             1     0%

  the shot on the table (acts where the chosen tile HAD a shot = 527):
    hit% band     taken   share   E[dmg]/shot   declined   share   E[dmg]/shot
      0-19           1      0%          0.82          0      0%          0.00
     20-39          21      4%          0.83          0      0%          0.00
     40-59          56     11%          1.91          0      0%          0.00
     60-79         210     42%          2.55          0      0%          0.00
      80+          208     42%          3.64          0      0%          0.00
    TOTAL           496                              0
  taken   94% / DECLINED    0% / preempted by another verb    6%
  enemy lanes held (overwatch+brace) 4; reaction shots fired 3  ->   75% of lanes paid off   [C2: DeclineWatchRatio is a bet on this number]

ACTION MIX (verbs issued, by policy):
  verb                  greedy        sloppy
  MOVE               289   39%     334   37%
  SHOOT              204   28%     258   29%
  OVERWATCH           33    4%      54    6%
  BRACE               31    4%      33    4%
  FOCUS               37    5%      22    2%
  INTEL               23    3%      27    3%
  STABILIZE           23    3%      27    3%
  HUNKER              19    3%      25    3%
  SLIPSTREAM          19    3%      22    2%
  RELOAD              19    3%      19    2%
  MARK                16    2%       8    1%
  ITEM:SMOKE           7    1%      12    1%
  PIN                  9    1%       9    1%
  DRAG                 2    0%       9    1%
  PATCH                2    0%       8    1%
  GRENADE              1    0%       8    1%
  GRAPPLE              2    0%       3    0%
  REARM                3    0%       2    0%
  BEACON               0    0%       5    1%
  BARREL               0    0%       3    0%
  EXTRACT              0    0%       2    0%
  ITEM:BARRICADE       1    0%       0    0%
  ITEM:INCENDIARY       0    0%       1    0%

PLAYER CLASS PERFORMANCE:
  class        shots   hit%   dmg   kills
  SHARPSHOOTER    102    94%    702     43
  GUNNER         155    79%    673     43
  ASSAULT        115    68%    339     19
  RANGER          61    85%    333     24
  CORPSMAN        51    76%    123      5

SOLDIER DEATHS BY ENEMY CLASS (threat ranking):
  GRUNT      : 16
  BURN       : 14
  BERSERKER  : 11
  DRONE      : 8
  SAPPER     : 8
  ELITE      : 5
  BRUISER    : 5
  SNIPER     : 4
  HUNTER     : 4
  SCOUT      : 3
  SCREENER   : 3
  TURRET     : 3
  HOUND      : 2
  BARREL     : 1
  STRIKER    : 1
  CUSTODIAN  : 1
  STRIKE     : 1
  MORTAR     : 1

SOLDIER DOWNS (FUL-7 bleed-out): 148 downs -> revived 4 / recovered 16 / bled out 109 / finished 12  (save-rate   18%)
  corpsman fielded in 18 missions

ENEMY COMPOSITION (spawns; faction-stamped fights n=302 / default-cascade fights n=173):
  class        faction         default
  GRUNT           41   14%       36   21%
  SCOUT            8    3%       53   31%
  DRONE           29   10%        5    3%
  SAPPER          23    8%        6    3%
  BERSERKER       20    7%        7    4%
  ELITE           20    7%        7    4%
  SNIPER          13    4%        9    5%
  BRUISER         21    7%        0    0%
  SCREENER        19    6%        1    1%
  HUNTER          14    5%        5    3%
  TURRET          15    5%        3    2%
  MEDIC           11    4%        7    4%
  HOUND           12    4%        4    2%
  SPOTTER         10    3%        6    3%
  STRIKER          9    3%        7    4%
  SHIELD          13    4%        1    1%
  PIKEMAN          7    2%        5    3%
  WARBRINGER       6    2%        2    1%
  MORTAR           2    1%        5    3%
  CUSTODIAN        4    1%        2    1%
  LANCER           4    1%        0    0%
  BOMBARD          1    0%        2    1%

PERK PICK FREQUENCY:
  MOM           : 9
  LCK           : 9
  BND           : 9
  PLT           : 8
  GUN           : 6
  SKR           : 6
  CLH           : 6
  VNT           : 5
  TNK           : 5
  GRD           : 5
  RFX           : 5
  BRK           : 4
  CQB           : 4
  HRD           : 3
  EXC           : 3
  OUT           : 3
  FST           : 2
  MRK           : 2
  SGE           : 1

SHOP PURCHASE FREQUENCY:
  WPN: SCOPE        : 38
  FIELD MEDKIT      : 36
  WPN: STABILIZER   : 20
  WPN: HOLLOW POINT : 20
  ADV. TRAINING     : 18
  COMBAT STIMS      : 13
  COUNTER-PREP      : 12
  WPN: BIPOD        : 11
  FRAG CACHE        : 10
  BALLISTIC PLATING : 10
  WPN: EXTENDED MAG : 7
  ARMORY            : 5
  WPN: SUPPRESSOR   : 1

BOON PICK FREQUENCY (PROCS = effect fires at instrumented sites; '-' = not instrumented;
                      PYR counts the +2-turn-burn half only — the Burning-immunity half is uninstrumented):
  code                 picks   PROCS
  GRN               :     7       -
  FST               :     4      48
  FDR               :     3       1
  EXE               :     2       -
  FRT               :     2       -
  GHO               :     2       -
  RCL               :     2       1
  TRR               :     2       4
  VNM               :     2       -
  ADR               :     1       -
  FVR               :     1       -
  MRK               :     1       -
  RPD               :     1       -
  SCV               :     1       -

RUN WIN-RATE BY BOON (campaign runs holding it):
  GRN               :   29% ±17  (in 7 runs)
  FST               :    0% ±0  (in 4 runs)
  FDR               :    0% ±0  (in 3 runs)
  EXE               :    0% ±0  (in 2 runs)
  FRT               :   50% ±35  (in 2 runs)
  GHO               :   50% ±35  (in 2 runs)
  RCL               :   50% ±35  (in 2 runs)
  TRR               :   50% ±35  (in 2 runs)
  VNM               :    0% ±0  (in 2 runs)
  ADR               :    0% ±0  (in 1 runs)
  FVR               :    0% ±0  (in 1 runs)
  MRK               :    0% ±0  (in 1 runs)
  RPD               :    0% ±0  (in 1 runs)
  SCV               :    0% ±0  (in 1 runs)

RUN WIN-RATE BY SPEC (campaign runs fielding it):
  ANC               :   67% ±27  (in 3 runs)
  SNT               :   67% ±27  (in 3 runs)
  ADN               :   50% ±35  (in 2 runs)
  HHT               :    0% ±0  (in 2 runs)
  PTH               :    0% ±0  (in 2 runs)
  BRC               :    0% ±0  (in 1 runs)
  MED               :    0% ±0  (in 1 runs)

RUN WIN-RATE BY PERK (campaign runs holding it):
  LCK               :   29% ±17  (in 7 runs)
  MOM               :    0% ±0  (in 7 runs)
  PLT               :   14% ±13  (in 7 runs)
  BND               :   33% ±19  (in 6 runs)
  CLH               :   20% ±18  (in 5 runs)
  GUN               :    0% ±0  (in 5 runs)
  SKR               :   20% ±18  (in 5 runs)
  VNT               :   40% ±22  (in 5 runs)
  BRK               :    0% ±0  (in 4 runs)
  CQB               :   25% ±22  (in 4 runs)
  GRD               :   25% ±22  (in 4 runs)
  TNK               :   25% ±22  (in 4 runs)
  HRD               :   33% ±27  (in 3 runs)
  RFX               :   33% ±27  (in 3 runs)
  EXC               :   50% ±35  (in 2 runs)
  FST               :    0% ±0  (in 2 runs)
  MRK               :   50% ±35  (in 2 runs)
  OUT               :    0% ±0  (in 2 runs)
  SGE               :    0% ±0  (in 1 runs)

RUN WIN-RATE BY PURCHASE (campaign runs buying it):
  FIELD MEDKIT      :   13% ±9  (in 15 runs)
  WPN: SCOPE        :   20% ±13  (in 10 runs)
  COUNTER-PREP      :   22% ±14  (in 9 runs)
  ADV. TRAINING     :   13% ±12  (in 8 runs)
  WPN: HOLLOW POINT :   25% ±15  (in 8 runs)
  BALLISTIC PLATING :   14% ±13  (in 7 runs)
  FRAG CACHE        :   14% ±13  (in 7 runs)
  COMBAT STIMS      :   33% ±19  (in 6 runs)
  WPN: STABILIZER   :   17% ±15  (in 6 runs)
  WPN: BIPOD        :    0% ±0  (in 5 runs)
  WPN: EXTENDED MAG :   20% ±18  (in 5 runs)
  ARMORY            :   25% ±22  (in 4 runs)
  WPN: SUPPRESSOR   :    0% ±0  (in 1 runs)

RUN WIN-RATE BY EVENT-CHOICE (campaign runs taking id:arm):
  blackmarket:2     :   50% ±35  (in 2 runs)
  cache:1           :    0% ±0  (in 2 runs)
  distress:1        :   50% ±35  (in 2 runs)
  drill:1           :    0% ±0  (in 2 runs)
  profiteer:0       :    0% ±0  (in 2 runs)
  relic:0           :   50% ±35  (in 2 runs)
  bloodfeud:2       :  100% ±0  (in 1 runs)
  informant:1       :    0% ±0  (in 1 runs)
═══════════════════════════════════════════════════════════════════════

batch wall-time: 6.7s  (20 matches across 10 campaigns × 2 policy, frame-cap hits: 0)
aggregate JSON -> /home/user/wt/heat-pin/docs/measurements/l5/L5fac-m0a0b1-h6-b110.json
INFO: TEXTURE: [ID 2] Unloaded texture data from VRAM (GPU)
INFO: SHADER: [ID 3] Default shader unloaded successfully
INFO: TEXTURE: [ID 1] Default texture unloaded successfully
INFO: Window closed successfully
