BALANCE: heat PINNED for this batch (field-event AddHeat is a no-op; SIGHTLINE_HEATPIN=0 restores the leak)
INFO: Initializing raylib 6.0
INFO: Platform backend: DESKTOP (GLFW)
INFO: Supported raylib modules:
INFO:     > rcore:..... loaded (mandatory)
INFO:     > rlgl:...... loaded (mandatory)
INFO:     > rshapes:... loaded (optional)
INFO:     > rtextures:. loaded (optional)
INFO:     > rtext:..... loaded (optional)
INFO:     > rmodels:... loaded (optional)
INFO:     > raudio:.... loaded (optional)
INFO: DISPLAY: Trying to enable MSAA x4
INFO: DISPLAY: Device initialized successfully 
INFO:     > Display size: 1280 x 800
INFO:     > Screen size:  1280 x 800
INFO:     > Render size:  1280 x 800
INFO:     > Viewport offsets: 0, 0
INFO: GLAD: OpenGL extensions loaded successfully
INFO: GL: Supported extensions count: 229
INFO: GL: OpenGL device information:
INFO:     > Vendor:   Mesa
INFO:     > Renderer: llvmpipe (LLVM 20.1.2, 256 bits)
INFO:     > Version:  4.5 (Core Profile) Mesa 25.2.8-0ubuntu0.24.04.2
INFO:     > GLSL:     4.50
INFO: GL: VAO extension detected, VAO functions loaded successfully
INFO: GL: NPOT textures extension detected, full NPOT textures supported
INFO: GL: DXT compressed textures supported
INFO: GL: ETC2/EAC compressed textures supported
INFO: PLATFORM: DESKTOP (GLFW - X11): Initialized successfully
INFO: TEXTURE: [ID 1] Texture loaded successfully (1x1 | R8G8B8A8 | 1 mipmaps)
INFO: TEXTURE: [ID 1] Default texture loaded successfully
INFO: SHADER: [ID 1] Vertex shader compiled successfully
INFO: SHADER: [ID 2] Fragment shader compiled successfully
INFO: SHADER: [ID 3] Program shader loaded successfully
INFO: SHADER: [ID 3] Default shader loaded successfully
INFO: RLGL: Render batch vertex buffers loaded successfully in RAM (CPU)
INFO: RLGL: Render batch vertex buffers loaded successfully in VRAM (GPU)
INFO: RLGL: Default OpenGL state initialized successfully
INFO: TEXTURE: [ID 2] Texture loaded successfully (128x128 | GRAY_ALPHA | 1 mipmaps)
INFO: FONT: Default font loaded successfully (224 glyphs)
INFO: SYSTEM: Working Directory: /home/user/wt/heat-pin
INFO: TIMER: Target time per frame: 0.000 milliseconds
FINALE-KIT: Wardens
FINALE-KIT: Wardens
FINALE-KIT: Wardens
FINALE-KIT: Wardens
FINALE-KIT: Syndicate
match 5/20  (W:1 L:4 cap:0)  3.0s
FINALE-KIT: Syndicate
FINALE-KIT: Syndicate
WAVE: +2 (SAPPER,SAPPER) [rich]
WAVE: +2 (DRONE,GRUNT) [rich]
WAVE: +2 (SPOTTER,DRONE) [rich]
FINALE-KIT: Syndicate
WAVE: +2 (GRUNT,GRUNT) [rich]
WAVE: +2 (DRONE,GRUNT) [rich]
WAVE: +2 (SAPPER,SAPPER) [rich]
FINALE-KIT: Syndicate
WAVE: +3 (DRONE,BERSERKER,SNIPER) [rich]
WAVE: +3 (BERSERKER,HOUND,LANCER) [rich]
REINFORCEMENTS: +2 (GRUNT,SCOUT)
REINFORCEMENTS: +2 (GRUNT,GRUNT)
FINALE-KIT: Syndicate
WAVE: +3 (BERSERKER,SAPPER,LANCER) [rich]
WAVE: +3 (WARBRINGER,SAPPER,DRONE) [rich]
WAVE: +3 (HUNTER,BERSERKER,BRUISER) [rich]
REINFORCEMENTS: +2 (GRUNT,SCOUT)
REINFORCEMENTS: +2 (GRUNT,SCOUT)
match 10/20  (W:3 L:7 cap:0)  5.0s
FINALE-KIT: Syndicate
FINALE-KIT: Syndicate
FINALE-KIT: Wardens
WAVE: +2 (SNIPER,SCREENER) [rich]
WAVE: +2 (PIKEMAN,PIKEMAN) [rich]
WAVE: +1 (PIKEMAN) [rich]
FINALE-KIT: Wardens
FINALE-KIT: Wardens
WAVE: +2 (SNIPER,SNIPER) [rich]
WAVE: +2 (MORTAR,MEDIC) [rich]
WAVE: +2 (SCOUT,SNIPER) [rich]
match 15/20  (W:4 L:11 cap:0)  6.3s
FINALE-KIT: Wardens
WAVE: +2 (SNIPER,SNIPER) [rich]
WAVE: +2 (MORTAR,MEDIC) [rich]
WAVE: +2 (SCOUT,SNIPER) [rich]
FINALE-KIT: Legion
WAVE: +2 (DRONE,DRONE) [rich]
WAVE: +2 (SAPPER,DRONE) [rich]
WAVE: +2 (DRONE,DRONE) [rich]
FINALE-KIT: Legion
WAVE: +2 (SAPPER,CUSTODIAN) [rich]
WAVE: +2 (SPOTTER,DRONE) [rich]
WAVE: +2 (DRONE,SHIELD) [rich]
FINALE-KIT: Wardens
FINALE-KIT: Wardens
match 20/20  (W:5 L:15 cap:0)  7.8s

══════════════════════ SIGHTLINE BALANCE REPORT ══════════════════════
runs=20  missions=60

RUN OUTCOMES (campaign):  win-rate   25%   avg missions cleared 3.1

POLICY GAP (optimal vs human-error; campaign runs only):
  greedy win-rate   30%  (n=10)
  sloppy win-rate   20%  (n=10)
  GAP   10 pts  (healthy slack)
  PAIRED (same-seed slots): pairs=10  concordant=7  discordant greedy-only-won=2 / sloppy-only-won=1  paired gap   10 pts
  PER-SLOT RECORDS (greedy | sloppy: outcome + missions cleared; margin = g−s):
    slot 110 @h6: L 0 | L 3   margin -3
    slot 111 @h6: L 0 | L 0   margin +0
    slot 112 @h6: W 6 | W 6   margin +0
    slot 113 @h6: W 6 | L 4   margin +2
    slot 114 @h6: L 5 | L 5   margin +0
    slot 115 @h6: L 2 | L 2   margin +0
    slot 116 @h6: W 6 | L 1   margin +5
    slot 117 @h6: L 2 | L 2   margin +0
    slot 118 @h6: L 5 | W 6   margin -1
    slot 119 @h6: L 0 | L 0   margin +0
  PAIRED MARGIN (missions cleared, all pairs): +0.30 ±0.65 SE  (n=10 pairs)
  by objective (greedy / sloppy / gap):
    Decapitate :   57% /   40% / gap   17
    Defend     :  100% /  100% / gap    0
    Eliminate  :   67% /   64% / gap    2
    Evac       :  100% /  100% / gap    0
    Rescue     :  100% /  100% / gap    0

DECISION RICHNESS / SWING:
  meaningful-choices/turn 1.91   lead-swings/match 0.9   avg max-swing 59.1
  [shot-gate] acting-soldiers/turn 2.75   armed-soldiers/turn 0.91   armed-fraction 33%   turns-with-a-shot 45%   choices/ARMED-soldier-turn 2.11
  [choice-split] los-targets/ARMED 2.09   target-choices/ARMED 0.21   position-choices/ARMED 1.90

RUN COMPLETION BY HEAT (full-campaign clears):
  heat 6:   25% ±10  (n=20 runs, avg 3.1 missions)
  HEAT LEAK: pinned=yes  heat-raising picks=4  campaigns raised=0  missions off-rung=0/60

INTEL ECONOMY BY HEAT (campaign runs; heat-bonus = the Heat.IntelBonus share of income):
  heat 6: earned  165.8/run   heat-bonus  72.0 (  43% of income)   spent  148.7   unspent   17.1

MISSION WIN-RATE BY HEAT:
  heat 6:   75%  (n=60, avg 6.1 turns)

MISSION WIN-RATE BY OBJECTIVE:
  Eliminate  :   65% ±9  (n=26, avg 5.9 turns)
  Decapitate :   50% ±14  (n=12, avg 5.2 turns)
  Rescue     :  100% ±0  (n=10, avg 5.2 turns)
  Defend     :  100% ±0  (n=9, avg 9.0 turns)
  Evac       :  100% ±0  (n=2, avg 6.5 turns)
  Escort     :  100% ±0  (n=1, avg 3.0 turns)

MISSION WIN-RATE BY OBJECTIVE x NODE KIND (a capstone must never pool with a mid-run node):
  Eliminate  : Start:  75%(n=20)  Combat:  25%(n=4)  Elite:  50%(n=2)
               depth: m1:75%(20) m2:67%(3) m3:0%(2) m4:0%(1)
  Decapitate : Boss:  63%(n=8)  Supply:  50%(n=2)  Elite:   0%(n=2)
               depth: m3:0%(2) m5:50%(2) m6:62%(8)
  Rescue     : Combat: 100%(n=7)  Elite: 100%(n=2)  Supply: 100%(n=1)
               depth: m2:100%(2) m3:100%(3) m4:100%(3) m5:100%(2)
  Defend     : Combat: 100%(n=5)  Elite: 100%(n=2)  Supply: 100%(n=2)
               depth: m2:100%(4) m3:100%(3) m5:100%(2)
  Evac       : Supply: 100%(n=2)
               depth: m4:100%(2)
  Escort     : Elite: 100%(n=1)
               depth: m5:100%(1)

ENCOUNTER COMPLETION on MID-RUN nodes (Combat+Elite) — clear% is the share of the fight actually fought:
  objective     n   win%   turns   force    +rf  killed  clear%   prs  WONclear%
  Rescue         9  100%     5.2    9.11   0.00    3.00    32.9  0.00     32.9 (n=9)
  Defend         7  100%     9.0    5.29   5.86    2.71    24.4  0.00     24.4 (n=7)
  Eliminate      6   33%    12.8    8.33   0.00    5.00    60.0  2.67    100.0 (n=2)
  Decapitate     2    0%     5.5   11.00   0.00    0.00     0.0  0.50      0.0 (n=0)
  Escort         1  100%     3.0   11.00   0.00    2.00    18.2  0.00     18.2 (n=1)
  ---- the two classes ----
  KILL           8   25%    11.0    9.00   0.00    3.75    41.7  2.13    100.0 (n=2)
  NON-KILL      17  100%     6.6    7.65   2.41    2.82    28.1  0.00     28.1 (n=17)

DECAPITATE HVT (buff = +6+1*mission HP, +6 aim; ELITE exempt):
  EXEMPT  :   50% ±14  (n=12, avg 5.2 turns, HVT 22.8 max HP)  [m3:0%(2) m5:50%(2) m6:62%(8)]

MISSION WIN-RATE BY MISSION #:
  m1:   75% ±10  (n=20)
  m2:   89% ±10  (n=9)
  m3:   60% ±15  (n=10)
  m4:   83% ±15  (n=6)
  m5:   86% ±13  (n=7)
  m6:   63% ±17  (n=8)

LOSS CAUSES (missions):
  RUN OVER              : 15

MISSION WIN-RATE BY ARENA (authored layouts, n>=3; procedural fallback   23% of 60 missions):
  arena  3:  100% ±0  (n=3, avg 5.0 turns)  [m1:100%(2) m2:100%(1)]
  arena  5:  100% ±0  (n=3, avg 4.0 turns)  [m1:100%(2) m2:100%(1)]
  arena 14:   67% ±27  (n=3, avg 3.0 turns)  [m1:100%(2) m4:0%(1)]
  arena 25:  100% ±0  (n=3, avg 3.7 turns)  [m3:100%(2) m4:100%(1)]
  arena 28:   75% ±22  (n=4, avg 4.0 turns)  [m1:75%(4)]
  arena 32:   50% ±25  (n=4, avg 5.8 turns)  [m1:0%(2) m3:100%(1) m4:100%(1)]
  procedural:   64% ±13  (n=14, avg 8.5 turns)  [m1:100%(4) m2:75%(4) m3:0%(3) m4:100%(1) m5:100%(1) m6:0%(1)]

DEPLOYMENT GEOMETRY (opening shape; choices/ARMED is the wave's real gate):
  FRONTAL   :   71%  (n=31, avg 6.3 turns)  choices/turn 1.65  choices/ARMED 2.26  los-targets/ARMED 2.28
  PINCER    :   55% ±15  (n=11, avg 6.7 turns)  choices/turn 1.75  choices/ARMED 1.68  los-targets/ARMED 1.96
  CROSSFIRE :  100% ±0  (n=5, avg 8.4 turns)  choices/turn 1.50  choices/ARMED 2.35  los-targets/ARMED 2.35
  ENVELOP   :   92% ±7  (n=13, avg 4.2 turns)  choices/turn 3.33  choices/ARMED 2.18  los-targets/ARMED 1.82

ARENA FUNNEL (Mission.Build exits, n=72 builds, all modes):
  authored-applied    :  79.2%  (n=57)
  connectivity-reject :   0.0%  (n=0)
  procedural-roll     :  20.8%  (n=15)

DECK EXPOSURE (campaign runs n=20):
  distinct authored arenas/run : 2.30 mean (all runs)
  ... full-depth runs only     : 4.20 mean over 4.8 fights/run (n=5)
  Defend dealt on the route    :   45% of runs (n=9)

ENEMY DECISION MIX (contested acts=1136; all-downed acts not counted=384):
  shoot           621    55%
  hunker          352    31%
  move             86     8%
  grenade          18     2%
  reload           18     2%
  siege            13     1%
  brace             9     1%
  item              9     1%
  sap               4     0%
  overwatch         3     0%
  staleplan         2     0%
  shove             1     0%

  the shot on the table (acts where the chosen tile HAD a shot = 665):
    hit% band     taken   share   E[dmg]/shot   declined   share   E[dmg]/shot
      0-19           0      0%          0.00          1     33%          0.89
     20-39          20      3%          1.30          2     67%          0.67
     40-59          74     12%          2.23          0      0%          0.00
     60-79         231     37%          3.23          0      0%          0.00
      80+          296     48%          4.77          0      0%          0.00
    TOTAL           621                              3
  taken   93% / DECLINED    0% / preempted by another verb    6%
  enemy lanes held (overwatch+brace) 12; reaction shots fired 7  ->   58% of lanes paid off   [C2: DeclineWatchRatio is a bet on this number]

ACTION MIX (verbs issued, by policy):
  verb                  greedy        sloppy
  MOVE               408   44%     449   43%
  SHOOT              224   24%     258   25%
  OVERWATCH           44    5%      68    6%
  BRACE               35    4%      43    4%
  FOCUS               47    5%      27    3%
  INTEL               29    3%      30    3%
  RELOAD              21    2%      29    3%
  HUNKER              27    3%      23    2%
  SLIPSTREAM          19    2%      28    3%
  STABILIZE           23    2%      21    2%
  MARK                18    2%      19    2%
  ITEM:SMOKE           7    1%      14    1%
  DRAG                 8    1%      10    1%
  PIN                  6    1%       8    1%
  GRENADE              0    0%      10    1%
  GRAPPLE              5    1%       4    0%
  BEACON               3    0%       4    0%
  REARM                4    0%       2    0%
  PATCH                3    0%       3    0%
  BARREL               1    0%       1    0%
  EXTRACT              0    0%       1    0%
  ITEM:BARRICADE       0    0%       1    0%

PLAYER CLASS PERFORMANCE:
  class        shots   hit%   dmg   kills
  SHARPSHOOTER    155    92%   1007     60
  GUNNER         127    82%    527     35
  ASSAULT        104    88%    434     27
  RANGER          65    91%    398     26
  CORPSMAN        33    76%    110      6

SOLDIER DEATHS BY ENEMY CLASS (threat ranking):
  BERSERKER  : 17
  BURN       : 16
  GRUNT      : 13
  LANCER     : 11
  SPOTTER    : 8
  HUNTER     : 7
  SNIPER     : 5
  ELITE      : 5
  STRIKE     : 4
  SCOUT      : 3
  WARBRINGER : 3
  SHIELD     : 3
  BRUISER    : 3
  TURRET     : 2
  STRIKER    : 2
  CUSTODIAN  : 1
  SAPPER     : 1
  SCREENER   : 1
  MORTAR     : 1

SOLDIER DOWNS (FUL-7 bleed-out): 206 downs -> revived 5 / recovered 45 / bled out 139 / finished 17  (save-rate   24%)
  corpsman fielded in 23 missions

ENEMY COMPOSITION (spawns; faction-stamped fights n=427 / default-cascade fights n=167):
  class        faction         default
  SCOUT           17    4%       52   31%
  GRUNT           31    7%       32   19%
  BERSERKER       37    9%       15    9%
  DRONE           33    8%       12    7%
  ELITE           30    7%        6    4%
  LANCER          28    7%        5    3%
  SPOTTER         25    6%        5    3%
  TURRET          29    7%        0    0%
  BRUISER         27    6%        1    1%
  SHIELD          27    6%        0    0%
  SCREENER        21    5%        5    3%
  SNIPER          20    5%        5    3%
  STRIKER         15    4%        8    5%
  SAPPER          17    4%        2    1%
  CUSTODIAN       13    3%        5    3%
  HUNTER          16    4%        1    1%
  PIKEMAN         10    2%        5    3%
  HOUND           10    2%        4    2%
  MORTAR           6    1%        2    1%
  MEDIC            7    2%        0    0%
  WARBRINGER       4    1%        2    1%
  BOMBARD          4    1%        0    0%

PERK PICK FREQUENCY:
  SKR           : 11
  TNK           : 11
  LCK           : 10
  PLT           : 9
  FST           : 8
  MOM           : 7
  RFX           : 7
  VNT           : 6
  BRK           : 6
  OUT           : 6
  BND           : 6
  SGE           : 5
  EXC           : 5
  GRD           : 5
  CQB           : 5
  GUN           : 4
  CLH           : 4
  HRD           : 2
  MRK           : 2

SHOP PURCHASE FREQUENCY:
  FIELD MEDKIT      : 54
  WPN: SCOPE        : 51
  WPN: HOLLOW POINT : 32
  WPN: STABILIZER   : 25
  ADV. TRAINING     : 20
  COMBAT STIMS      : 19
  FRAG CACHE        : 16
  COUNTER-PREP      : 14
  WPN: BIPOD        : 12
  WPN: EXTENDED MAG : 10
  WPN: SUPPRESSOR   : 8
  BALLISTIC PLATING : 7
  ARMORY            : 6

BOON PICK FREQUENCY (PROCS = effect fires at instrumented sites; '-' = not instrumented;
                      PYR counts the +2-turn-burn half only — the Burning-immunity half is uninstrumented):
  code                 picks   PROCS
  VNM               :     9       -
  GHO               :     4       -
  GRN               :     4       -
  FDR               :     3       2
  FST               :     3      60
  ADR               :     2       -
  EXE               :     2       -
  PYR               :     2       0
  RCL               :     2       3
  RPD               :     2       -
  SCV               :     2       -
  SHK               :     2       0
  TRR               :     2       5
  FVR               :     1       -

RUN WIN-RATE BY BOON (campaign runs holding it):
  VNM               :   44% ±17  (in 9 runs)
  GHO               :   25% ±22  (in 4 runs)
  GRN               :   50% ±25  (in 4 runs)
  FDR               :   67% ±27  (in 3 runs)
  FST               :  100% ±0  (in 3 runs)
  ADR               :    0% ±0  (in 2 runs)
  EXE               :  100% ±0  (in 2 runs)
  PYR               :    0% ±0  (in 2 runs)
  RCL               :   50% ±35  (in 2 runs)
  RPD               :    0% ±0  (in 2 runs)
  SCV               :   50% ±35  (in 2 runs)
  SHK               :  100% ±0  (in 2 runs)
  TRR               :   50% ±35  (in 2 runs)
  FVR               :    0% ±0  (in 1 runs)

RUN WIN-RATE BY SPEC (campaign runs fielding it):
  ADN               :   60% ±22  (in 5 runs)
  SNT               :   25% ±22  (in 4 runs)
  HHT               :  100% ±0  (in 3 runs)
  ANC               :    0% ±0  (in 1 runs)
  BRC               :  100% ±0  (in 1 runs)
  PHN               :    0% ±0  (in 1 runs)
  PTH               :    0% ±0  (in 1 runs)

RUN WIN-RATE BY PERK (campaign runs holding it):
  LCK               :   33% ±16  (in 9 runs)
  FST               :   43% ±19  (in 7 runs)
  RFX               :   14% ±13  (in 7 runs)
  SKR               :   43% ±19  (in 7 runs)
  BRK               :   50% ±20  (in 6 runs)
  MOM               :   50% ±20  (in 6 runs)
  PLT               :   50% ±20  (in 6 runs)
  BND               :   40% ±22  (in 5 runs)
  CQB               :   20% ±18  (in 5 runs)
  OUT               :   80% ±18  (in 5 runs)
  SGE               :   60% ±22  (in 5 runs)
  TNK               :   60% ±22  (in 5 runs)
  VNT               :   60% ±22  (in 5 runs)
  CLH               :    0% ±0  (in 4 runs)
  EXC               :   75% ±22  (in 4 runs)
  GRD               :   75% ±22  (in 4 runs)
  GUN               :   50% ±25  (in 4 runs)
  HRD               :   50% ±35  (in 2 runs)
  MRK               :   50% ±35  (in 2 runs)

RUN WIN-RATE BY PURCHASE (campaign runs buying it):
  FIELD MEDKIT      :   33% ±12  (in 15 runs)
  WPN: SCOPE        :   45% ±15  (in 11 runs)
  COUNTER-PREP      :   50% ±16  (in 10 runs)
  FRAG CACHE        :   50% ±16  (in 10 runs)
  WPN: HOLLOW POINT :   22% ±14  (in 9 runs)
  ADV. TRAINING     :   38% ±17  (in 8 runs)
  COMBAT STIMS      :   38% ±17  (in 8 runs)
  WPN: EXTENDED MAG :   50% ±18  (in 8 runs)
  WPN: STABILIZER   :   38% ±17  (in 8 runs)
  WPN: BIPOD        :   50% ±20  (in 6 runs)
  ARMORY            :   40% ±22  (in 5 runs)
  WPN: SUPPRESSOR   :   40% ±22  (in 5 runs)
  BALLISTIC PLATING :   25% ±22  (in 4 runs)

RUN WIN-RATE BY EVENT-CHOICE (campaign runs taking id:arm):
  blackmarket:2     :   50% ±35  (in 2 runs)
  bloodfeud:2       :   50% ±35  (in 2 runs)
  cache:1           :    0% ±0  (in 2 runs)
  distress:1        :    0% ±0  (in 2 runs)
  drill:1           :   50% ±35  (in 2 runs)
  informant:1       :  100% ±0  (in 2 runs)
  profiteer:0       :   50% ±35  (in 2 runs)
  relic:0           :    0% ±0  (in 2 runs)
═══════════════════════════════════════════════════════════════════════

batch wall-time: 7.8s  (20 matches across 10 campaigns × 2 policy, frame-cap hits: 0)
aggregate JSON -> /home/user/wt/heat-pin/docs/measurements/l5/L5fac-m3a1b1-h6-b110.json
INFO: TEXTURE: [ID 2] Unloaded texture data from VRAM (GPU)
INFO: SHADER: [ID 3] Default shader unloaded successfully
INFO: TEXTURE: [ID 1] Default texture unloaded successfully
INFO: Window closed successfully
