BALANCE: heat PINNED for this batch (field-event AddHeat is a no-op; SIGHTLINE_HEATPIN=0 restores the leak)
INFO: Initializing raylib 6.0
INFO: Platform backend: DESKTOP (GLFW)
INFO: Supported raylib modules:
INFO:     > rcore:..... loaded (mandatory)
INFO:     > rlgl:...... loaded (mandatory)
INFO:     > rshapes:... loaded (optional)
INFO:     > rtextures:. loaded (optional)
INFO:     > rtext:..... loaded (optional)
INFO:     > rmodels:... loaded (optional)
INFO:     > raudio:.... loaded (optional)
INFO: DISPLAY: Trying to enable MSAA x4
INFO: DISPLAY: Device initialized successfully 
INFO:     > Display size: 1280 x 800
INFO:     > Screen size:  1280 x 800
INFO:     > Render size:  1280 x 800
INFO:     > Viewport offsets: 0, 0
INFO: GLAD: OpenGL extensions loaded successfully
INFO: GL: Supported extensions count: 229
INFO: GL: OpenGL device information:
INFO:     > Vendor:   Mesa
INFO:     > Renderer: llvmpipe (LLVM 20.1.2, 256 bits)
INFO:     > Version:  4.5 (Core Profile) Mesa 25.2.8-0ubuntu0.24.04.2
INFO:     > GLSL:     4.50
INFO: GL: VAO extension detected, VAO functions loaded successfully
INFO: GL: NPOT textures extension detected, full NPOT textures supported
INFO: GL: DXT compressed textures supported
INFO: GL: ETC2/EAC compressed textures supported
INFO: PLATFORM: DESKTOP (GLFW - X11): Initialized successfully
INFO: TEXTURE: [ID 1] Texture loaded successfully (1x1 | R8G8B8A8 | 1 mipmaps)
INFO: TEXTURE: [ID 1] Default texture loaded successfully
INFO: SHADER: [ID 1] Vertex shader compiled successfully
INFO: SHADER: [ID 2] Fragment shader compiled successfully
INFO: SHADER: [ID 3] Program shader loaded successfully
INFO: SHADER: [ID 3] Default shader loaded successfully
INFO: RLGL: Render batch vertex buffers loaded successfully in RAM (CPU)
INFO: RLGL: Render batch vertex buffers loaded successfully in VRAM (GPU)
INFO: RLGL: Default OpenGL state initialized successfully
INFO: TEXTURE: [ID 2] Texture loaded successfully (128x128 | GRAY_ALPHA | 1 mipmaps)
INFO: FONT: Default font loaded successfully (224 glyphs)
INFO: SYSTEM: Working Directory: /home/user/wt/heat-pin
INFO: TIMER: Target time per frame: 0.000 milliseconds
FINALE-KIT: Wardens
WAVE: +2 (SCOUT,SNIPER) [rich]
WAVE: +2 (MEDIC,MORTAR) [rich]
WAVE: +2 (SNIPER,SCOUT) [rich]
WAVE: +3 (MORTAR,MORTAR,GRUNT) [rich]
WAVE: +3 (MEDIC,CUSTODIAN,MEDIC) [rich]
WAVE: +3 (MORTAR,SCREENER,PIKEMAN) [rich]
FINALE-KIT: Wardens
WAVE: +2 (MORTAR,PIKEMAN) [rich]
WAVE: +2 (PIKEMAN,SCOUT) [rich]
WAVE: +2 (MEDIC,MORTAR) [rich]
WAVE: +3 (MEDIC,SNIPER,SCREENER) [rich]
WAVE: +3 (GRUNT,CUSTODIAN,GRUNT) [rich]
WAVE: +3 (SCREENER,MORTAR,MORTAR) [rich]
REINFORCEMENTS: +2 (SCOUT,GRUNT)
FINALE-KIT: Wardens
WAVE: +3 (MORTAR,MEDIC,SCREENER) [rich]
WAVE: +3 (SNIPER,SNIPER,PIKEMAN) [rich]
WAVE: +1 (GRUNT) [rich]
FINALE-KIT: Wardens
WAVE: +3 (MEDIC,MORTAR,SNIPER) [rich]
WAVE: +2 (PIKEMAN,MORTAR) [rich]
WAVE: +1 (GRUNT) [rich]
FINALE-KIT: Legion
WAVE: +2 (BRUISER,LANCER) [rich]
WAVE: +2 (BERSERKER,STRIKER) [rich]
WAVE: +2 (LANCER,HOUND) [rich]
WAVE: +2 (DRONE,SHIELD) [rich]
WAVE: +2 (SAPPER,CUSTODIAN) [rich]
WAVE: +2 (DRONE,SHIELD) [rich]
match 5/20  (W:2 L:3 cap:0)  5.5s
FINALE-KIT: Legion
WAVE: +2 (BERSERKER,GRUNT) [rich]
WAVE: +2 (HOUND,BERSERKER) [rich]
WAVE: +2 (HUNTER,GRUNT) [rich]
WAVE: +2 (DRONE,SAPPER) [rich]
WAVE: +2 (SAPPER,SAPPER) [rich]
WAVE: +2 (SHIELD,SHIELD) [rich]
FINALE-KIT: Wardens
WAVE: +3 (STRIKER,HUNTER,BRUISER) [rich]
WAVE: +3 (BERSERKER,BRUISER,HOUND) [rich]
WAVE: +3 (HUNTER,STRIKER,LANCER) [rich]
WAVE: +3 (LANCER,SCOUT,HOUND) [rich]
WAVE: +2 (BRUISER,BERSERKER) [rich]
WAVE: +2 (BRUISER,HUNTER) [rich]
FINALE-KIT: Wardens
WAVE: +3 (WARBRINGER,BERSERKER,GRUNT) [rich]
WAVE: +3 (BERSERKER,BRUISER,LANCER) [rich]
WAVE: +1 (WARBRINGER) [rich]
WAVE: +3 (SCOUT,HOUND,LANCER) [rich]
WAVE: +2 (HOUND,BRUISER) [rich]
WAVE: +1 (HUNTER) [rich]
REINFORCEMENTS: +2 (SCOUT,SCOUT)
FINALE-KIT: Syndicate
WAVE: +2 (LANCER,BERSERKER) [rich]
WAVE: +2 (BRUISER,HUNTER) [rich]
WAVE: +2 (STRIKER,BRUISER) [rich]
FINALE-KIT: Syndicate
WAVE: +2 (BERSERKER,SCOUT) [rich]
WAVE: +2 (BERSERKER,SCOUT) [rich]
WAVE: +2 (HUNTER,BRUISER) [rich]
match 10/20  (W:3 L:7 cap:0)  7.5s
FINALE-KIT: Wardens
WAVE: +3 (GRUNT,SHIELD,SHIELD) [rich]
WAVE: +1 (HOUND) [rich]
WAVE: +1 (SAPPER) [rich]
FINALE-KIT: Wardens
FINALE-KIT: Syndicate
WAVE: +2 (DRONE,STRIKER) [rich]
WAVE: +2 (HOUND,DRONE) [rich]
WAVE: +2 (HUNTER,DRONE) [rich]
FINALE-KIT: Syndicate
WAVE: +2 (STRIKER,HUNTER) [rich]
WAVE: +2 (STRIKER,LANCER) [rich]
WAVE: +2 (DRONE,HUNTER) [rich]
WAVE: +2 (BERSERKER,SHIELD) [rich]
WAVE: +2 (SNIPER,GRUNT) [rich]
WAVE: +2 (STRIKER,HUNTER) [rich]
FINALE-KIT: Legion
WAVE: +3 (LANCER,HOUND,PIKEMAN) [rich]
WAVE: +3 (WARBRINGER,DRONE,MEDIC) [rich]
WAVE: +1 (SHIELD) [rich]
WAVE: +3 (HOUND,DRONE,SNIPER) [rich]
WAVE: +1 (HUNTER) [rich]
WAVE: +2 (LANCER,HUNTER) [rich]
match 15/20  (W:6 L:9 cap:0)  9.1s
FINALE-KIT: Legion
FINALE-KIT: Syndicate
FINALE-KIT: Syndicate
FINALE-KIT: Legion
FINALE-KIT: Legion
WAVE: +3 (BERSERKER,BERSERKER,DRONE) [rich]
WAVE: +3 (HOUND,BERSERKER,SAPPER) [rich]
WAVE: +3 (SNIPER,STRIKER,HUNTER) [rich]
REINFORCEMENTS: +2 (GRUNT,GRUNT)
match 20/20  (W:6 L:14 cap:0)  9.8s

══════════════════════ SIGHTLINE BALANCE REPORT ══════════════════════
runs=20  missions=75

RUN OUTCOMES (campaign):  win-rate   30%   avg missions cleared 4.1

POLICY GAP (optimal vs human-error; campaign runs only):
  greedy win-rate   40%  (n=10)
  sloppy win-rate   20%  (n=10)
  GAP   20 pts  (swingy/unforgiving)
  PAIRED (same-seed slots): pairs=10  concordant=6  discordant greedy-only-won=3 / sloppy-only-won=1  paired gap   20 pts
  PER-SLOT RECORDS (greedy | sloppy: outcome + missions cleared; margin = g−s):
    slot 150 @h6: W 6 | L 5   margin +1
    slot 151 @h6: L 4 | L 4   margin +0
    slot 152 @h6: W 6 | W 6   margin +0
    slot 153 @h6: L 5 | L 5   margin +0
    slot 154 @h6: L 2 | L 2   margin +0
    slot 155 @h6: W 6 | L 3   margin +3
    slot 156 @h6: L 1 | W 6   margin -5
    slot 157 @h6: W 6 | L 3   margin +3
    slot 158 @h6: L 2 | L 3   margin -1
    slot 159 @h6: L 1 | L 5   margin -4
  PAIRED MARGIN (missions cleared, all pairs): -0.30 ±0.82 SE  (n=10 pairs)
  by objective (greedy / sloppy / gap):
    Decapitate :   71% /   57% / gap   14
    Defend     :   90% /  100% / gap  -10
    Eliminate  :  100% /  100% / gap    0
    Escort     :   50% /   25% / gap   25
    Evac       :    0% /  100% / gap -100
    Rescue     :  100% /   50% / gap   50
    Sabotage   :  100% /  100% / gap    0

DECISION RICHNESS / SWING:
  meaningful-choices/turn 2.28   lead-swings/match 0.9   avg max-swing 57.2
  [shot-gate] acting-soldiers/turn 3.34   armed-soldiers/turn 1.12   armed-fraction 33%   turns-with-a-shot 55%   choices/ARMED-soldier-turn 2.04
  [choice-split] los-targets/ARMED 2.37   target-choices/ARMED 0.24   position-choices/ARMED 1.81

RUN COMPLETION BY HEAT (full-campaign clears):
  heat 6:   30% ±10  (n=20 runs, avg 4.1 missions)
  HEAT LEAK: pinned=yes  heat-raising picks=0  campaigns raised=0  missions off-rung=0/75

INTEL ECONOMY BY HEAT (campaign runs; heat-bonus = the Heat.IntelBonus share of income):
  heat 6: earned  220.0/run   heat-bonus  99.0 (  45% of income)   spent  204.3   unspent   15.7

MISSION WIN-RATE BY HEAT:
  heat 6:   81%  (n=75, avg 5.6 turns)

MISSION WIN-RATE BY OBJECTIVE:
  Eliminate  :  100% ±0  (n=20, avg 4.2 turns)
  Defend     :   95% ±5  (n=20, avg 9.0 turns)
  Decapitate :   64% ±13  (n=14, avg 4.2 turns)
  Escort     :   38% ±17  (n=8, avg 6.1 turns)
  Rescue     :   71% ±17  (n=7, avg 3.7 turns)
  Sabotage   :  100% ±0  (n=2, avg 2.5 turns)
  Hack       :  100% ±0  (n=2, avg 3.5 turns)
  Evac       :   50% ±35  (n=2, avg 5.0 turns)

MISSION WIN-RATE BY OBJECTIVE x NODE KIND (a capstone must never pool with a mid-run node):
  Eliminate  : Start: 100%(n=20)
               depth: m1:100%(20)
  Defend     : Combat: 100%(n=12)  Supply:  83%(n=6)  Elite: 100%(n=2)
               depth: m2:88%(8) m3:100%(3) m4:100%(5) m5:100%(4)
  Decapitate : Boss:  60%(n=10)  Supply: 100%(n=2)  Elite:  50%(n=2)
               depth: m2:100%(2) m3:50%(2) m6:60%(10)
  Escort     : Combat:  17%(n=6)  Supply: 100%(n=2)
               depth: m3:0%(2) m4:50%(2) m5:50%(4)
  Rescue     : Combat:  60%(n=5)  Supply: 100%(n=2)
               depth: m2:100%(4) m4:33%(3)
  Sabotage   : Combat: 100%(n=2)
               depth: m3:100%(2)
  Hack       : Combat: 100%(n=1)  Elite: 100%(n=1)
               depth: m3:100%(1) m4:100%(1)
  Evac       : Combat:  50%(n=2)
               depth: m2:50%(2)

ENCOUNTER COMPLETION on MID-RUN nodes (Combat+Elite) — clear% is the share of the fight actually fought:
  objective     n   win%   turns   force    +rf  killed  clear%   prs  WONclear%
  Defend        14  100%     9.0    6.14   6.57    4.86    38.2  0.00     38.2 (n=14)
  Escort         6   17%     5.5   10.00   0.00    2.17    21.7  0.00     40.0 (n=1)
  Rescue         5   60%     3.4    8.40   0.00    3.80    45.2  0.00     36.4 (n=3)
  Sabotage       2  100%     2.5    7.00   0.00    0.50     7.1  0.00      7.1 (n=2)
  Hack           2  100%     3.5   10.50   0.00    2.00    19.0  0.00     19.0 (n=2)
  Decapitate     2   50%     5.0   11.00   0.00    0.50     4.5  0.50      9.1 (n=1)
  Evac           2   50%     5.0    6.00   0.00    0.50     8.3  0.00     16.7 (n=1)
  ---- the two classes ----
  KILL           2   50%     5.0   11.00   0.00    0.50     4.5  0.50      9.1 (n=1)
  NON-KILL      31   74%     6.4    7.58   2.97    3.42    32.4  0.00     34.3 (n=23)

DECAPITATE HVT (buff = +6+1*mission HP, +6 aim; ELITE exempt):
  EXEMPT  :   58% ±14  (n=12, avg 4.7 turns, HVT 22.8 max HP)  [m3:50%(2) m6:60%(10)]
  BUFFED  :  100% ±0  (n=2, avg 1.5 turns, HVT 18.5 max HP)  [m2:100%(2)]

MISSION WIN-RATE BY MISSION #:
  m1:  100% ±0  (n=20)
  m2:   88% ±8  (n=16)
  m3:   70% ±14  (n=10)
  m4:   73% ±13  (n=11)
  m5:   75% ±15  (n=8)
  m6:   60% ±15  (n=10)

LOSS CAUSES (missions):
  RUN OVER              : 7
  VIP LOST              : 5
  CAPTIVE LOST          : 2

MISSION WIN-RATE BY ARENA (authored layouts, n>=3; procedural fallback   23% of 75 missions):
  arena  4:   33% ±27  (n=3, avg 6.7 turns)  [m2:100%(1) m5:0%(2)]
  arena  8:   75% ±22  (n=4, avg 2.8 turns)  [m1:100%(2) m4:50%(2)]
  arena 23:   67% ±27  (n=3, avg 6.3 turns)  [m1:100%(2) m6:0%(1)]
  arena 26:   67% ±27  (n=3, avg 3.3 turns)  [m6:67%(3)]
  arena 30:   86% ±13  (n=7, avg 6.4 turns)  [m1:100%(2) m2:67%(3) m3:100%(2)]
  arena 33:   80% ±18  (n=5, avg 6.4 turns)  [m2:100%(2) m3:50%(2) m4:100%(1)]
  arena 34:  100% ±0  (n=4, avg 6.0 turns)  [m5:100%(2) m6:100%(2)]
  procedural:   94% ±6  (n=17, avg 5.8 turns)  [m1:100%(8) m2:100%(4) m3:100%(1) m4:100%(1) m5:100%(1) m6:50%(2)]

DEPLOYMENT GEOMETRY (opening shape; choices/ARMED is the wave's real gate):
  FRONTAL   :   76% ±10  (n=17, avg 6.0 turns)  choices/turn 2.11  choices/ARMED 1.90  los-targets/ARMED 2.75
  PINCER    :   74%  (n=35, avg 5.7 turns)  choices/turn 2.11  choices/ARMED 1.95  los-targets/ARMED 2.10
  CROSSFIRE :  100% ±0  (n=9, avg 5.8 turns)  choices/turn 2.02  choices/ARMED 1.90  los-targets/ARMED 3.10
  ENVELOP   :   93% ±7  (n=14, avg 4.8 turns)  choices/turn 3.22  choices/ARMED 2.54  los-targets/ARMED 2.06

ARENA FUNNEL (Mission.Build exits, n=83 builds, all modes):
  authored-applied    :  77.1%  (n=64)
  connectivity-reject :   0.0%  (n=0)
  procedural-roll     :  22.9%  (n=19)

DECK EXPOSURE (campaign runs n=20):
  distinct authored arenas/run : 2.90 mean (all runs)
  ... full-depth runs only     : 3.67 mean over 4.8 fights/run (n=6)
  Defend dealt on the route    :   75% of runs (n=15)

ENEMY DECISION MIX (contested acts=1293; all-downed acts not counted=291):
  shoot           751    58%
  hunker          291    23%
  move            121     9%
  grenade          31     2%
  heal             31     2%
  reload           20     2%
  item             18     1%
  siege            18     1%
  brace            10     1%
  shove             1     0%
  staleplan         1     0%

  the shot on the table (acts where the chosen tile HAD a shot = 829):
    hit% band     taken   share   E[dmg]/shot   declined   share   E[dmg]/shot
      0-19           3      0%          0.58          0      0%          0.00
     20-39          44      6%          1.27          0      0%          0.00
     40-59         120     16%          1.65          0      0%          0.00
     60-79         308     41%          2.56          0      0%          0.00
      80+          276     37%          3.82          0      0%          0.00
    TOTAL           751                              0
  taken   91% / DECLINED    0% / preempted by another verb    9%
  enemy lanes held (overwatch+brace) 10; reaction shots fired 1  ->   10% of lanes paid off   [C2: DeclineWatchRatio is a bet on this number]

ACTION MIX (verbs issued, by policy):
  verb                  greedy        sloppy
  MOVE               367   30%     459   34%
  SHOOT              336   27%     369   27%
  OVERWATCH          115    9%     111    8%
  BRACE               96    8%      52    4%
  FOCUS               57    5%      75    6%
  RELOAD              47    4%      44    3%
  SLIPSTREAM          38    3%      45    3%
  HUNKER              39    3%      40    3%
  INTEL               29    2%      38    3%
  STABILIZE           27    2%      35    3%
  MARK                20    2%      15    1%
  DRAG                15    1%      14    1%
  ITEM:SMOKE          12    1%      10    1%
  PIN                  1    0%      13    1%
  PATCH                6    0%       3    0%
  GRENADE              2    0%       7    1%
  GRAPPLE              5    0%       3    0%
  BARREL               2    0%       6    0%
  REARM                4    0%       3    0%
  BEACON               3    0%       4    0%
  PLANT                3    0%       3    0%
  HACK                 0    0%       4    0%

PLAYER CLASS PERFORMANCE:
  class        shots   hit%   dmg   kills
  GUNNER         261    87%   1292     88
  SHARPSHOOTER    169    95%   1178     68
  ASSAULT        228    81%    951     54
  RANGER         105    87%    578     30
  CORPSMAN        38    74%    109      5

SOLDIER DEATHS BY ENEMY CLASS (threat ranking):
  BERSERKER  : 13
  SNIPER     : 8
  ELITE      : 8
  BRUISER    : 6
  HUNTER     : 4
  WARBRINGER : 4
  HOUND      : 4
  PIKEMAN    : 4
  DRONE      : 4
  TURRET     : 3
  SCOUT      : 3
  MORTAR     : 3
  GRUNT      : 2
  SCREENER   : 2
  LANCER     : 2
  STRIKE     : 2
  BURN       : 2
  STRIKER    : 1
  MEDIC      : 1
  SAPPER     : 1
  SHIELD     : 1

SOLDIER DOWNS (FUL-7 bleed-out): 189 downs -> revived 5 / recovered 63 / bled out 98 / finished 8  (save-rate   44%)
  corpsman fielded in 21 missions

ENEMY COMPOSITION (spawns; faction-stamped fights n=530 / default-cascade fights n=208):
  class        faction         default
  SCOUT           28    5%       56   27%
  GRUNT           37    7%       39   19%
  BERSERKER       60   11%        4    2%
  SNIPER          33    6%       12    6%
  BRUISER         38    7%        6    3%
  MORTAR          43    8%        0    0%
  LANCER          28    5%       12    6%
  HUNTER          27    5%       12    6%
  MEDIC           35    7%        1    0%
  ELITE           30    6%        6    3%
  DRONE           23    4%       11    5%
  STRIKER         21    4%       12    6%
  HOUND           13    2%       15    7%
  SAPPER          16    3%        4    2%
  CUSTODIAN       18    3%        0    0%
  SCREENER        16    3%        2    1%
  PIKEMAN         17    3%        1    0%
  SHIELD          13    2%        4    2%
  TURRET          12    2%        4    2%
  WARBRINGER      11    2%        2    1%
  BOMBARD          7    1%        2    1%
  SPOTTER          4    1%        3    1%

PERK PICK FREQUENCY:
  LCK           : 19
  MOM           : 16
  FST           : 14
  MRK           : 13
  CQB           : 12
  TNK           : 11
  RFX           : 10
  GUN           : 9
  SGE           : 9
  BND           : 9
  HRD           : 7
  OUT           : 6
  SKR           : 6
  GRD           : 6
  CLH           : 5
  EXC           : 4
  PLT           : 4
  VNT           : 4
  BRK           : 4

SHOP PURCHASE FREQUENCY:
  FIELD MEDKIT      : 75
  WPN: HOLLOW POINT : 60
  WPN: SCOPE        : 58
  COMBAT STIMS      : 37
  WPN: EXTENDED MAG : 27
  WPN: STABILIZER   : 27
  BALLISTIC PLATING : 26
  WPN: SUPPRESSOR   : 22
  WPN: BIPOD        : 16
  COUNTER-PREP      : 15
  FRAG CACHE        : 10
  ADV. TRAINING     : 8
  ARMORY            : 7

BOON PICK FREQUENCY (PROCS = effect fires at instrumented sites; '-' = not instrumented;
                      PYR counts the +2-turn-burn half only — the Burning-immunity half is uninstrumented):
  code                 picks   PROCS
  FRT               :     7       -
  FST               :     6      49
  GHO               :     5       -
  MRK               :     5       -
  RCL               :     5       1
  SCV               :     4       -
  ADR               :     3       -
  EXE               :     3       -
  FDR               :     3       1
  PYR               :     3       1
  FVR               :     2       -
  GRN               :     2       -
  SHK               :     2       0
  TRR               :     2       6
  VNM               :     2       -
  RPD               :     1       -

RUN WIN-RATE BY BOON (campaign runs holding it):
  FRT               :   43% ±19  (in 7 runs)
  FST               :   33% ±19  (in 6 runs)
  GHO               :   20% ±18  (in 5 runs)
  MRK               :   80% ±18  (in 5 runs)
  RCL               :   60% ±22  (in 5 runs)
  SCV               :   25% ±22  (in 4 runs)
  ADR               :  100% ±0  (in 3 runs)
  EXE               :   67% ±27  (in 3 runs)
  FDR               :   33% ±27  (in 3 runs)
  PYR               :    0% ±0  (in 3 runs)
  FVR               :    0% ±0  (in 2 runs)
  GRN               :   50% ±35  (in 2 runs)
  SHK               :   50% ±35  (in 2 runs)
  TRR               :   50% ±35  (in 2 runs)
  VNM               :    0% ±0  (in 2 runs)
  RPD               :    0% ±0  (in 1 runs)

RUN WIN-RATE BY SPEC (campaign runs fielding it):
  ADN               :   50% ±18  (in 8 runs)
  BRC               :    0% ±0  (in 5 runs)
  JUG               :   40% ±22  (in 5 runs)
  HHT               :   50% ±25  (in 4 runs)
  SNT               :   50% ±25  (in 4 runs)
  PTH               :   33% ±27  (in 3 runs)
  ANC               :   50% ±35  (in 2 runs)
  PHN               :  100% ±0  (in 1 runs)
  SRG               :  100% ±0  (in 1 runs)

RUN WIN-RATE BY PERK (campaign runs holding it):
  LCK               :   38% ±13  (in 13 runs)
  MOM               :   36% ±15  (in 11 runs)
  CQB               :   33% ±16  (in 9 runs)
  MRK               :   33% ±16  (in 9 runs)
  RFX               :   44% ±17  (in 9 runs)
  TNK               :   56% ±17  (in 9 runs)
  FST               :   25% ±15  (in 8 runs)
  GUN               :   43% ±19  (in 7 runs)
  SGE               :   29% ±17  (in 7 runs)
  GRD               :   17% ±15  (in 6 runs)
  HRD               :   50% ±20  (in 6 runs)
  BND               :   60% ±22  (in 5 runs)
  SKR               :   60% ±22  (in 5 runs)
  BRK               :   25% ±22  (in 4 runs)
  CLH               :   50% ±25  (in 4 runs)
  EXC               :   25% ±22  (in 4 runs)
  OUT               :   25% ±22  (in 4 runs)
  PLT               :   25% ±22  (in 4 runs)
  VNT               :   75% ±22  (in 4 runs)

RUN WIN-RATE BY PURCHASE (campaign runs buying it):
  FIELD MEDKIT      :   30% ±10  (in 20 runs)
  WPN: HOLLOW POINT :   38% ±12  (in 16 runs)
  BALLISTIC PLATING :   38% ±13  (in 13 runs)
  WPN: SCOPE        :   23% ±12  (in 13 runs)
  COMBAT STIMS      :   50% ±14  (in 12 runs)
  COUNTER-PREP      :   17% ±11  (in 12 runs)
  WPN: SUPPRESSOR   :   27% ±13  (in 11 runs)
  WPN: STABILIZER   :   50% ±16  (in 10 runs)
  WPN: BIPOD        :   22% ±14  (in 9 runs)
  FRAG CACHE        :   57% ±19  (in 7 runs)
  WPN: EXTENDED MAG :   57% ±19  (in 7 runs)
  ADV. TRAINING     :   33% ±19  (in 6 runs)
  ARMORY            :   50% ±20  (in 6 runs)

RUN WIN-RATE BY EVENT-CHOICE (campaign runs taking id:arm):
  cache:1           :   67% ±27  (in 3 runs)
  depot:0           :    0% ±0  (in 2 runs)
  grave:1           :    0% ±0  (in 2 runs)
  informant:0       :  100% ±0  (in 2 runs)
  profiteer:0       :    0% ±0  (in 2 runs)
  reservecall:0     :   50% ±35  (in 2 runs)
  warchest:1        :   50% ±35  (in 2 runs)
  warpension:2      :    0% ±0  (in 2 runs)
  bloodfeud:2       :  100% ±0  (in 1 runs)
  defector:1        :    0% ±0  (in 1 runs)
  defector:2        :    0% ±0  (in 1 runs)
═══════════════════════════════════════════════════════════════════════

batch wall-time: 9.8s  (20 matches across 10 campaigns × 2 policy, frame-cap hits: 0)
aggregate JSON -> /home/user/wt/heat-pin/docs/measurements/l5/L5fac-m3a0b0-h6-b150.json
INFO: TEXTURE: [ID 2] Unloaded texture data from VRAM (GPU)
INFO: SHADER: [ID 3] Default shader unloaded successfully
INFO: TEXTURE: [ID 1] Default texture unloaded successfully
INFO: Window closed successfully
