BALANCE: heat PINNED for this batch (field-event AddHeat is a no-op; SIGHTLINE_HEATPIN=0 restores the leak)
INFO: Initializing raylib 6.0
INFO: Platform backend: DESKTOP (GLFW)
INFO: Supported raylib modules:
INFO:     > rcore:..... loaded (mandatory)
INFO:     > rlgl:...... loaded (mandatory)
INFO:     > rshapes:... loaded (optional)
INFO:     > rtextures:. loaded (optional)
INFO:     > rtext:..... loaded (optional)
INFO:     > rmodels:... loaded (optional)
INFO:     > raudio:.... loaded (optional)
INFO: DISPLAY: Trying to enable MSAA x4
INFO: DISPLAY: Device initialized successfully 
INFO:     > Display size: 1280 x 800
INFO:     > Screen size:  1280 x 800
INFO:     > Render size:  1280 x 800
INFO:     > Viewport offsets: 0, 0
INFO: GLAD: OpenGL extensions loaded successfully
INFO: GL: Supported extensions count: 229
INFO: GL: OpenGL device information:
INFO:     > Vendor:   Mesa
INFO:     > Renderer: llvmpipe (LLVM 20.1.2, 256 bits)
INFO:     > Version:  4.5 (Core Profile) Mesa 25.2.8-0ubuntu0.24.04.2
INFO:     > GLSL:     4.50
INFO: GL: VAO extension detected, VAO functions loaded successfully
INFO: GL: NPOT textures extension detected, full NPOT textures supported
INFO: GL: DXT compressed textures supported
INFO: GL: ETC2/EAC compressed textures supported
INFO: PLATFORM: DESKTOP (GLFW - X11): Initialized successfully
INFO: TEXTURE: [ID 1] Texture loaded successfully (1x1 | R8G8B8A8 | 1 mipmaps)
INFO: TEXTURE: [ID 1] Default texture loaded successfully
INFO: SHADER: [ID 1] Vertex shader compiled successfully
INFO: SHADER: [ID 2] Fragment shader compiled successfully
INFO: SHADER: [ID 3] Program shader loaded successfully
INFO: SHADER: [ID 3] Default shader loaded successfully
INFO: RLGL: Render batch vertex buffers loaded successfully in RAM (CPU)
INFO: RLGL: Render batch vertex buffers loaded successfully in VRAM (GPU)
INFO: RLGL: Default OpenGL state initialized successfully
INFO: TEXTURE: [ID 2] Texture loaded successfully (128x128 | GRAY_ALPHA | 1 mipmaps)
INFO: FONT: Default font loaded successfully (224 glyphs)
INFO: SYSTEM: Working Directory: /home/user/wt/heat-pin
INFO: TIMER: Target time per frame: 0.000 milliseconds
FINALE-KIT: Legion
WAVE: +2 (STRIKER,LANCER) [rich]
WAVE: +2 (DRONE,SNIPER) [rich]
WAVE: +2 (SNIPER,HOUND) [rich]
FINALE-KIT: Legion
WAVE: +2 (STRIKER,LANCER) [rich]
WAVE: +2 (DRONE,SNIPER) [rich]
WAVE: +2 (SNIPER,HOUND) [rich]
FINALE-KIT: Syndicate
FINALE-KIT: Syndicate
FINALE-KIT: Syndicate
WAVE: +2 (PIKEMAN,SNIPER) [rich]
WAVE: +2 (HOUND,HUNTER) [rich]
WAVE: +2 (SHIELD,BERSERKER) [rich]
WAVE: +2 (STRIKER,LANCER) [rich]
WAVE: +2 (MORTAR,HUNTER) [rich]
WAVE: +2 (CUSTODIAN,DRONE) [rich]
match 5/20  (W:0 L:5 cap:0)  2.5s
FINALE-KIT: Syndicate
WAVE: +2 (MEDIC,GRUNT) [rich]
WAVE: +2 (DRONE,SHIELD) [rich]
WAVE: +2 (MORTAR,WARBRINGER) [rich]
REINFORCEMENTS: +2 (GRUNT,GRUNT)
REINFORCEMENTS: +2 (GRUNT,GRUNT)
FINALE-KIT: Syndicate
WAVE: +2 (DRONE,DRONE) [rich]
WAVE: +2 (SHIELD,GRUNT) [rich]
WAVE: +2 (SHIELD,DRONE) [rich]
FINALE-KIT: Syndicate
WAVE: +2 (DRONE,DRONE) [rich]
WAVE: +2 (SHIELD,GRUNT) [rich]
WAVE: +2 (SHIELD,DRONE) [rich]
FINALE-KIT: Syndicate
FINALE-KIT: Syndicate
match 10/20  (W:0 L:10 cap:0)  3.7s
FINALE-KIT: Syndicate
WAVE: +2 (SCOUT,LANCER) [rich]
WAVE: +2 (STRIKER,BRUISER) [rich]
WAVE: +2 (BRUISER,LANCER) [rich]
FINALE-KIT: Syndicate
WAVE: +2 (HUNTER,LANCER) [rich]
WAVE: +2 (GRUNT,BERSERKER) [rich]
WAVE: +2 (HUNTER,SCOUT) [rich]
FINALE-KIT: Syndicate
FINALE-KIT: Syndicate
FINALE-KIT: Legion
WAVE: +2 (HOUND,GRUNT) [rich]
WAVE: +2 (HUNTER,BRUISER) [rich]
WAVE: +2 (HUNTER,BERSERKER) [rich]
match 15/20  (W:0 L:15 cap:0)  4.6s
FINALE-KIT: Legion
WAVE: +2 (BERSERKER,LANCER) [rich]
WAVE: +2 (STRIKER,SCOUT) [rich]
WAVE: +2 (GRUNT,HUNTER) [rich]
FINALE-KIT: Syndicate
WAVE: +2 (GRUNT,SPOTTER) [rich]
WAVE: +2 (STRIKER,BERSERKER) [rich]
WAVE: +2 (HUNTER,STRIKER) [rich]
FINALE-KIT: Syndicate
WAVE: +2 (MORTAR,MORTAR) [rich]
WAVE: +2 (PIKEMAN,STRIKER) [rich]
WAVE: +2 (HUNTER,STRIKER) [rich]
FINALE-KIT: Legion
FINALE-KIT: Legion
WAVE: +3 (SAPPER,HUNTER,DRONE) [rich]
WAVE: +1 (HOUND) [rich]
WAVE: +3 (SNIPER,STRIKER,PIKEMAN) [rich]
match 20/20  (W:0 L:20 cap:0)  7.1s

══════════════════════ SIGHTLINE BALANCE REPORT ══════════════════════
runs=20  missions=60

RUN OUTCOMES (campaign):  win-rate    0%   avg missions cleared 2.3

POLICY GAP (optimal vs human-error; campaign runs only):
  greedy win-rate    0%  (n=10)
  sloppy win-rate    0%  (n=10)
  GAP    0 pts  (healthy slack)
  PAIRED (same-seed slots): pairs=10  concordant=10  discordant greedy-only-won=0 / sloppy-only-won=0  paired gap    0 pts
  PER-SLOT RECORDS (greedy | sloppy: outcome + missions cleared; margin = g−s):
    slot 140 @h6: L 2 | L 2   margin +0
    slot 141 @h6: L 2 | L 2   margin +0
    slot 142 @h6: L 3 | L 3   margin +0
    slot 143 @h6: L 3 | L 3   margin +0
    slot 144 @h6: L 0 | L 0   margin +0
    slot 145 @h6: L 2 | L 2   margin +0
    slot 146 @h6: L 1 | L 1   margin +0
    slot 147 @h6: L 2 | L 2   margin +0
    slot 148 @h6: L 4 | L 4   margin +0
    slot 149 @h6: L 3 | L 5   margin -2
  PAIRED MARGIN (missions cleared, all pairs): -0.20 ±0.20 SE  (n=10 pairs)
  by objective (greedy / sloppy / gap):
    Decapitate :    0% /    0% / gap    0
    Defend     :  100% /  100% / gap    0
    Eliminate  :   82% /   82% / gap    0
    Escort     :    0% /    0% / gap    0
    Hack       :  100% /  100% / gap    0
    Rescue     :   25% /   50% / gap  -25
    Sabotage   :  100% /  100% / gap    0

DECISION RICHNESS / SWING:
  meaningful-choices/turn 2.08   lead-swings/match 0.7   avg max-swing 59.6
  [shot-gate] acting-soldiers/turn 3.18   armed-soldiers/turn 0.84   armed-fraction 26%   turns-with-a-shot 43%   choices/ARMED-soldier-turn 2.47
  [choice-split] los-targets/ARMED 2.30   target-choices/ARMED 0.32   position-choices/ARMED 2.14

RUN COMPLETION BY HEAT (full-campaign clears):
  heat 6:    0% ±0  (n=20 runs, avg 2.3 missions)
  HEAT LEAK: pinned=yes  heat-raising picks=0  campaigns raised=0  missions off-rung=0/60

INTEL ECONOMY BY HEAT (campaign runs; heat-bonus = the Heat.IntelBonus share of income):
  heat 6: earned  148.1/run   heat-bonus  72.0 (  49% of income)   spent  134.5   unspent   13.6

MISSION WIN-RATE BY HEAT:
  heat 6:   67%  (n=60, avg 5.1 turns)

MISSION WIN-RATE BY OBJECTIVE:
  Eliminate  :   82% ±8  (n=22, avg 3.7 turns)
  Defend     :  100% ±0  (n=13, avg 9.0 turns)
  Rescue     :   38% ±17  (n=8, avg 4.3 turns)
  Decapitate :    0% ±0  (n=7, avg 6.0 turns)
  Hack       :  100% ±0  (n=4, avg 3.0 turns)
  Escort     :    0% ±0  (n=4, avg 3.3 turns)
  Sabotage   :  100% ±0  (n=2, avg 2.5 turns)

MISSION WIN-RATE BY OBJECTIVE x NODE KIND (a capstone must never pool with a mid-run node):
  Eliminate  : Start:  90%(n=20)  Combat:   0%(n=2)
               depth: m1:90%(20) m3:0%(2)
  Defend     : Supply: 100%(n=7)  Elite: 100%(n=4)  Combat: 100%(n=2)
               depth: m2:100%(8) m3:100%(4) m5:100%(1)
  Rescue     : Combat:  38%(n=8)
               depth: m2:100%(2) m3:0%(2) m4:50%(2) m5:0%(2)
  Decapitate : Combat:   0%(n=4)  Elite:   0%(n=2)  Boss:   0%(n=1)
               depth: m2:0%(2) m3:0%(2) m4:0%(2) m6:0%(1)
  Hack       : Combat: 100%(n=4)
               depth: m2:100%(2) m4:100%(2)
  Escort     : Combat:   0%(n=2)  Supply:   0%(n=2)
               depth: m3:0%(2) m4:0%(2)
  Sabotage   : Combat: 100%(n=2)
               depth: m3:100%(2)

ENCOUNTER COMPLETION on MID-RUN nodes (Combat+Elite) — clear% is the share of the fight actually fought:
  objective     n   win%   turns   force    +rf  killed  clear%   prs  WONclear%
  Rescue         8   38%     4.3    9.00   0.00    2.38    26.4  0.00     40.9 (n=3)
  Decapitate     6    0%     6.2    9.00   0.67    0.50     5.2  0.83      0.0 (n=0)
  Defend         6  100%     9.0    4.33   6.00    3.67    35.5  0.00     35.5 (n=6)
  Hack           4  100%     3.0    8.00   0.00    1.25    15.6  0.00     15.6 (n=4)
  Eliminate      2    0%    11.0    9.00   0.00    2.50    27.8  3.00      0.0 (n=0)
  Escort         2    0%     2.0   10.00   0.00    1.00    10.0  0.00      0.0 (n=0)
  Sabotage       2  100%     2.5    7.00   0.00    1.50    21.4  0.00     21.4 (n=2)
  ---- the two classes ----
  KILL           8    0%     7.4    9.00   0.50    1.00    10.5  1.38      0.0 (n=0)
  NON-KILL      22   68%     5.0    7.45   1.64    2.32    25.5  0.00     30.0 (n=15)

DECAPITATE HVT (buff = +6+1*mission HP, +6 aim; ELITE exempt):
  EXEMPT  :    0% ±0  (n=3, avg 5.3 turns, HVT 23.0 max HP)  [m3:0%(2) m6:0%(1)]
  BUFFED  :    0% ±0  (n=4, avg 6.5 turns, HVT 25.5 max HP)  [m2:0%(2) m4:0%(2)]

MISSION WIN-RATE BY MISSION #:
  m1:   90% ±7  (n=20)
  m2:   86% ±9  (n=14)
  m3:   43% ±13  (n=14)
  m4:   38% ±17  (n=8)
  m5:   33% ±27  (n=3)
  m6:    0% ±0  (n=1)

LOSS CAUSES (missions):
  RUN OVER              : 11
  CAPTIVE LOST          : 5
  VIP LOST              : 4

MISSION WIN-RATE BY ARENA (authored layouts, n>=3; procedural fallback   25% of 60 missions):
  arena  5:   75% ±22  (n=4, avg 4.5 turns)  [m1:100%(2) m2:50%(2)]
  arena 12:   50% ±25  (n=4, avg 5.5 turns)  [m2:100%(2) m4:0%(2)]
  arena 13:    0% ±0  (n=3, avg 4.7 turns)  [m3:0%(2) m6:0%(1)]
  arena 28:   33% ±19  (n=6, avg 5.8 turns)  [m1:0%(2) m4:50%(4)]
  arena 31:   80% ±18  (n=5, avg 2.6 turns)  [m1:100%(2) m2:100%(2) m5:0%(1)]
  arena 32:  100% ±0  (n=7, avg 5.1 turns)  [m1:100%(2) m2:100%(1) m3:100%(4)]
  procedural:   60% ±13  (n=15, avg 6.3 turns)  [m1:100%(4) m2:83%(6) m3:0%(3) m4:0%(1) m5:0%(1)]

DEPLOYMENT GEOMETRY (opening shape; choices/ARMED is the wave's real gate):
  FRONTAL   :   58% ±11  (n=19, avg 5.5 turns)  choices/turn 2.07  choices/ARMED 2.46  los-targets/ARMED 2.14
  PINCER    :   57% ±10  (n=23, avg 5.9 turns)  choices/turn 2.20  choices/ARMED 2.62  los-targets/ARMED 2.74
  CROSSFIRE :  100% ±0  (n=6, avg 4.8 turns)  choices/turn 1.22  choices/ARMED 2.06  los-targets/ARMED 2.19
  ENVELOP   :   83% ±11  (n=12, avg 3.0 turns)  choices/turn 2.35  choices/ARMED 2.22  los-targets/ARMED 1.44

ARENA FUNNEL (Mission.Build exits, n=69 builds, all modes):
  authored-applied    :  78.3%  (n=54)
  connectivity-reject :   0.0%  (n=0)
  procedural-roll     :  21.7%  (n=15)

DECK EXPOSURE (campaign runs n=20):
  distinct authored arenas/run : 2.25 mean (all runs)
  Defend dealt on the route    :   65% of runs (n=13)

ENEMY DECISION MIX (contested acts=874; all-downed acts not counted=306):
  shoot           492    56%
  hunker          212    24%
  move             86    10%
  grenade          37     4%
  reload           15     2%
  heal             12     1%
  item             12     1%
  brace             4     0%
  overwatch         2     0%
  shove             2     0%

  the shot on the table (acts where the chosen tile HAD a shot = 559):
    hit% band     taken   share   E[dmg]/shot   declined   share   E[dmg]/shot
      0-19           0      0%          0.00          0      0%          0.00
     20-39          14      3%          1.10          0      0%          0.00
     40-59          79     16%          1.99          0      0%          0.00
     60-79         180     37%          2.95          0      0%          0.00
      80+          219     45%          4.16          0      0%          0.00
    TOTAL           492                              0
  taken   88% / DECLINED    0% / preempted by another verb   12%
  enemy lanes held (overwatch+brace) 6; reaction shots fired 1  ->   17% of lanes paid off   [C2: DeclineWatchRatio is a bet on this number]

ACTION MIX (verbs issued, by policy):
  verb                  greedy        sloppy
  MOVE               262   32%     307   35%
  SHOOT              201   24%     186   21%
  OVERWATCH           67    8%      76    9%
  BRACE               60    7%      61    7%
  FOCUS               49    6%      67    8%
  SLIPSTREAM          32    4%      29    3%
  INTEL               25    3%      28    3%
  HUNKER              27    3%      22    3%
  RELOAD              23    3%      24    3%
  STABILIZE           24    3%      22    3%
  ITEM:SMOKE          13    2%      11    1%
  DRAG                11    1%       5    1%
  PIN                  5    1%       7    1%
  MARK                 6    1%       6    1%
  HACK                 4    0%       5    1%
  GRENADE              5    1%       3    0%
  PLANT                5    1%       3    0%
  PATCH                2    0%       3    0%
  REARM                1    0%       3    0%
  GRAPPLE              0    0%       3    0%
  BARREL               2    0%       0    0%
  BEACON               1    0%       1    0%
  ITEM:FLASH           0    0%       1    0%

PLAYER CLASS PERFORMANCE:
  class        shots   hit%   dmg   kills
  SHARPSHOOTER    130    96%    879     58
  ASSAULT        133    85%    537     35
  GUNNER         104    90%    470     27
  RANGER          79    84%    459     39
  CORPSMAN        28    71%     66      2

SOLDIER DEATHS BY ENEMY CLASS (threat ranking):
  GRUNT      : 11
  HUNTER     : 7
  LANCER     : 7
  BERSERKER  : 7
  ELITE      : 6
  BURN       : 6
  SCREENER   : 6
  BRUISER    : 4
  HOUND      : 3
  SAPPER     : 3
  MEDIC      : 2
  CUSTODIAN  : 2
  SPOTTER    : 2
  DRONE      : 2
  SHIELD     : 2
  STRIKER    : 2
  SNIPER     : 1
  TURRET     : 1

SOLDIER DOWNS (FUL-7 bleed-out): 163 downs -> revived 1 / recovered 27 / bled out 92 / finished 15  (save-rate   34%)
  corpsman fielded in 12 missions

ENEMY COMPOSITION (spawns; faction-stamped fights n=357 / default-cascade fights n=189):
  class        faction         default
  GRUNT           38   11%       28   15%
  SCOUT            4    1%       56   30%
  BRUISER         48   13%        2    1%
  HUNTER          35   10%        9    5%
  BERSERKER       38   11%        6    3%
  STRIKER         22    6%       13    7%
  DRONE           23    6%       10    5%
  LANCER          26    7%        5    3%
  HOUND           14    4%       12    6%
  ELITE           17    5%        8    4%
  SHIELD          20    6%        4    2%
  SAPPER          16    4%        3    2%
  TURRET          12    3%        5    3%
  SPOTTER          8    2%        6    3%
  SCREENER        13    4%        0    0%
  SNIPER           3    1%        9    5%
  MEDIC            7    2%        3    2%
  MORTAR           4    1%        4    2%
  CUSTODIAN        6    2%        1    1%
  PIKEMAN          3    1%        3    2%
  WARBRINGER       0    0%        1    1%
  BOMBARD          0    0%        1    1%

PERK PICK FREQUENCY:
  MOM           : 13
  GUN           : 12
  EXC           : 11
  MRK           : 9
  FST           : 8
  LCK           : 8
  RFX           : 8
  OUT           : 8
  TNK           : 7
  VNT           : 7
  CQB           : 6
  CLH           : 6
  SKR           : 5
  GRD           : 5
  HRD           : 5
  SGE           : 4
  BRK           : 4
  PLT           : 2
  BND           : 1

SHOP PURCHASE FREQUENCY:
  WPN: SCOPE        : 48
  FIELD MEDKIT      : 45
  WPN: HOLLOW POINT : 43
  WPN: STABILIZER   : 19
  WPN: BIPOD        : 18
  ADV. TRAINING     : 17
  COMBAT STIMS      : 12
  WPN: EXTENDED MAG : 9
  COUNTER-PREP      : 7
  FRAG CACHE        : 7
  BALLISTIC PLATING : 6
  WPN: SUPPRESSOR   : 5
  ARMORY            : 4

BOON PICK FREQUENCY (PROCS = effect fires at instrumented sites; '-' = not instrumented;
                      PYR counts the +2-turn-burn half only — the Burning-immunity half is uninstrumented):
  code                 picks   PROCS
  ADR               :     5       -
  FST               :     5      62
  RPD               :     4       -
  SHK               :     4       4
  EXE               :     3       -
  FRT               :     3       -
  FVR               :     3       -
  VNM               :     3       -
  MRK               :     2       -
  PYR               :     2       0
  TRR               :     2       8
  FDR               :     1       0
  GHO               :     1       -
  GRN               :     1       -
  SCV               :     1       -

RUN WIN-RATE BY BOON (campaign runs holding it):
  ADR               :    0% ±0  (in 5 runs)
  FST               :    0% ±0  (in 5 runs)
  RPD               :    0% ±0  (in 4 runs)
  SHK               :    0% ±0  (in 4 runs)
  EXE               :    0% ±0  (in 3 runs)
  FRT               :    0% ±0  (in 3 runs)
  FVR               :    0% ±0  (in 3 runs)
  VNM               :    0% ±0  (in 3 runs)
  MRK               :    0% ±0  (in 2 runs)
  PYR               :    0% ±0  (in 2 runs)
  TRR               :    0% ±0  (in 2 runs)
  FDR               :    0% ±0  (in 1 runs)
  GHO               :    0% ±0  (in 1 runs)
  GRN               :    0% ±0  (in 1 runs)
  SCV               :    0% ±0  (in 1 runs)

RUN WIN-RATE BY SPEC (campaign runs fielding it):
  HHT               :    0% ±0  (in 7 runs)
  PHN               :    0% ±0  (in 4 runs)
  SNT               :    0% ±0  (in 4 runs)
  JUG               :    0% ±0  (in 3 runs)
  ADN               :    0% ±0  (in 1 runs)
  BRC               :    0% ±0  (in 1 runs)

RUN WIN-RATE BY PERK (campaign runs holding it):
  EXC               :    0% ±0  (in 9 runs)
  GUN               :    0% ±0  (in 9 runs)
  MOM               :    0% ±0  (in 9 runs)
  FST               :    0% ±0  (in 8 runs)
  RFX               :    0% ±0  (in 7 runs)
  TNK               :    0% ±0  (in 7 runs)
  LCK               :    0% ±0  (in 6 runs)
  OUT               :    0% ±0  (in 6 runs)
  CLH               :    0% ±0  (in 5 runs)
  CQB               :    0% ±0  (in 5 runs)
  GRD               :    0% ±0  (in 5 runs)
  MRK               :    0% ±0  (in 5 runs)
  SKR               :    0% ±0  (in 5 runs)
  VNT               :    0% ±0  (in 5 runs)
  BRK               :    0% ±0  (in 4 runs)
  HRD               :    0% ±0  (in 4 runs)
  SGE               :    0% ±0  (in 4 runs)
  PLT               :    0% ±0  (in 2 runs)
  BND               :    0% ±0  (in 1 runs)

RUN WIN-RATE BY PURCHASE (campaign runs buying it):
  FIELD MEDKIT      :    0% ±0  (in 13 runs)
  WPN: HOLLOW POINT :    0% ±0  (in 11 runs)
  ADV. TRAINING     :    0% ±0  (in 8 runs)
  WPN: BIPOD        :    0% ±0  (in 8 runs)
  WPN: SCOPE        :    0% ±0  (in 8 runs)
  WPN: STABILIZER   :    0% ±0  (in 7 runs)
  COUNTER-PREP      :    0% ±0  (in 6 runs)
  WPN: EXTENDED MAG :    0% ±0  (in 6 runs)
  BALLISTIC PLATING :    0% ±0  (in 5 runs)
  COMBAT STIMS      :    0% ±0  (in 5 runs)
  FRAG CACHE        :    0% ±0  (in 5 runs)
  ARMORY            :    0% ±0  (in 4 runs)
  WPN: SUPPRESSOR   :    0% ±0  (in 4 runs)

RUN WIN-RATE BY EVENT-CHOICE (campaign runs taking id:arm):
  blackmarket:2     :    0% ±0  (in 2 runs)
  distress:1        :    0% ±0  (in 2 runs)
  profiteer:0       :    0% ±0  (in 2 runs)
═══════════════════════════════════════════════════════════════════════

batch wall-time: 7.1s  (20 matches across 10 campaigns × 2 policy, frame-cap hits: 0)
aggregate JSON -> /home/user/wt/heat-pin/docs/measurements/l5/L5fac-m3a1b1-h6-b140.json
INFO: TEXTURE: [ID 2] Unloaded texture data from VRAM (GPU)
INFO: SHADER: [ID 3] Default shader unloaded successfully
INFO: TEXTURE: [ID 1] Default texture unloaded successfully
INFO: Window closed successfully
