BALANCE: heat PINNED for this batch (field-event AddHeat is a no-op; SIGHTLINE_HEATPIN=0 restores the leak)
INFO: Initializing raylib 6.0
INFO: Platform backend: DESKTOP (GLFW)
INFO: Supported raylib modules:
INFO:     > rcore:..... loaded (mandatory)
INFO:     > rlgl:...... loaded (mandatory)
INFO:     > rshapes:... loaded (optional)
INFO:     > rtextures:. loaded (optional)
INFO:     > rtext:..... loaded (optional)
INFO:     > rmodels:... loaded (optional)
INFO:     > raudio:.... loaded (optional)
INFO: DISPLAY: Trying to enable MSAA x4
INFO: DISPLAY: Device initialized successfully 
INFO:     > Display size: 1280 x 800
INFO:     > Screen size:  1280 x 800
INFO:     > Render size:  1280 x 800
INFO:     > Viewport offsets: 0, 0
INFO: GLAD: OpenGL extensions loaded successfully
INFO: GL: Supported extensions count: 229
INFO: GL: OpenGL device information:
INFO:     > Vendor:   Mesa
INFO:     > Renderer: llvmpipe (LLVM 20.1.2, 256 bits)
INFO:     > Version:  4.5 (Core Profile) Mesa 25.2.8-0ubuntu0.24.04.2
INFO:     > GLSL:     4.50
INFO: GL: VAO extension detected, VAO functions loaded successfully
INFO: GL: NPOT textures extension detected, full NPOT textures supported
INFO: GL: DXT compressed textures supported
INFO: GL: ETC2/EAC compressed textures supported
INFO: PLATFORM: DESKTOP (GLFW - X11): Initialized successfully
INFO: TEXTURE: [ID 1] Texture loaded successfully (1x1 | R8G8B8A8 | 1 mipmaps)
INFO: TEXTURE: [ID 1] Default texture loaded successfully
INFO: SHADER: [ID 1] Vertex shader compiled successfully
INFO: SHADER: [ID 2] Fragment shader compiled successfully
INFO: SHADER: [ID 3] Program shader loaded successfully
INFO: SHADER: [ID 3] Default shader loaded successfully
INFO: RLGL: Render batch vertex buffers loaded successfully in RAM (CPU)
INFO: RLGL: Render batch vertex buffers loaded successfully in VRAM (GPU)
INFO: RLGL: Default OpenGL state initialized successfully
INFO: TEXTURE: [ID 2] Texture loaded successfully (128x128 | GRAY_ALPHA | 1 mipmaps)
INFO: FONT: Default font loaded successfully (224 glyphs)
INFO: SYSTEM: Working Directory: /home/user/wt/heat-pin
INFO: TIMER: Target time per frame: 0.000 milliseconds
FINALE-KIT: Wardens
WAVE: +3 (BERSERKER,HUNTER,HUNTER) [rich]
REINFORCEMENTS: +2 (GRUNT,SCOUT)
REINFORCEMENTS: +2 (GRUNT,SCOUT)
REINFORCEMENTS: +3 (GRUNT,GRUNT,GRUNT)
REINFORCEMENTS: +2 (SCOUT,GRUNT)
REINFORCEMENTS: +2 (SCOUT,GRUNT)
FINALE-KIT: Wardens
WAVE: +3 (GRUNT,BRUISER,GRUNT) [rich]
WAVE: +1 (BRUISER) [rich]
FINALE-KIT: Syndicate
WAVE: +2 (PIKEMAN,GRUNT) [rich]
WAVE: +2 (MORTAR,GRUNT) [rich]
WAVE: +2 (MORTAR,SNIPER) [rich]
REINFORCEMENTS: +2 (SCOUT,GRUNT)
FINALE-KIT: Syndicate
WAVE: +2 (SNIPER,GRUNT) [rich]
WAVE: +2 (SCOUT,PIKEMAN) [rich]
WAVE: +2 (GRUNT,MEDIC) [rich]
REINFORCEMENTS: +2 (GRUNT,GRUNT)
REINFORCEMENTS: +2 (GRUNT,SCOUT)
REINFORCEMENTS: +2 (SCOUT,GRUNT)
FINALE-KIT: Syndicate
WAVE: +2 (BRUISER,HUNTER) [rich]
WAVE: +1 (HUNTER) [rich]
WAVE: +2 (BERSERKER,HUNTER) [rich]
WAVE: +3 (STRIKER,STRIKER,MEDIC) [rich]
WAVE: +1 (SNIPER) [rich]
WAVE: +1 (SNIPER) [rich]
match 5/20  (W:2 L:3 cap:0)  4.3s
FINALE-KIT: Syndicate
WAVE: +2 (GRUNT,BERSERKER) [rich]
WAVE: +2 (BERSERKER,HOUND) [rich]
WAVE: +2 (HOUND,STRIKER) [rich]
WAVE: +3 (MEDIC,LANCER,HUNTER) [rich]
WAVE: +1 (HUNTER) [rich]
WAVE: +1 (DRONE) [rich]
FINALE-KIT: Legion
FINALE-KIT: Legion
FINALE-KIT: Legion
FINALE-KIT: Legion
match 10/20  (W:3 L:7 cap:0)  6.1s
FINALE-KIT: Syndicate
WAVE: +3 (DRONE,SCREENER,SAPPER) [rich]
WAVE: +1 (CUSTODIAN) [rich]
WAVE: +3 (SCREENER,SHIELD,DRONE) [rich]
WAVE: +2 (SCREENER,SAPPER) [rich]
REINFORCEMENTS: +2 (GRUNT,SCOUT)
FINALE-KIT: Syndicate
WAVE: +3 (DRONE,DRONE,DRONE) [rich]
WAVE: +3 (DRONE,DRONE,DRONE) [rich]
WAVE: +2 (SCREENER,SHIELD) [rich]
WAVE: +3 (SCREENER,SPOTTER,SPOTTER) [rich]
REINFORCEMENTS: +2 (SCOUT,SCOUT)
FINALE-KIT: Legion
FINALE-KIT: Legion
FINALE-KIT: Legion
match 15/20  (W:3 L:12 cap:0)  7.7s
FINALE-KIT: Legion
FINALE-KIT: Syndicate
FINALE-KIT: Syndicate
FINALE-KIT: Wardens
FINALE-KIT: Wardens
match 20/20  (W:3 L:17 cap:0)  8.5s

══════════════════════ SIGHTLINE BALANCE REPORT ══════════════════════
runs=20  missions=65

RUN OUTCOMES (campaign):  win-rate   15%   avg missions cleared 3.3

POLICY GAP (optimal vs human-error; campaign runs only):
  greedy win-rate   20%  (n=10)
  sloppy win-rate   10%  (n=10)
  GAP   10 pts  (healthy slack)
  PAIRED (same-seed slots): pairs=10  concordant=9  discordant greedy-only-won=1 / sloppy-only-won=0  paired gap   10 pts
  PER-SLOT RECORDS (greedy | sloppy: outcome + missions cleared; margin = g−s):
    slot  80 @h6: W 6 | L 5   margin +1
    slot  81 @h6: L 3 | L 3   margin +0
    slot  82 @h6: W 6 | W 6   margin +0
    slot  83 @h6: L 3 | L 0   margin +3
    slot  84 @h6: L 3 | L 5   margin -2
    slot  85 @h6: L 5 | L 5   margin +0
    slot  86 @h6: L 1 | L 4   margin -3
    slot  87 @h6: L 1 | L 1   margin +0
    slot  88 @h6: L 2 | L 2   margin +0
    slot  89 @h6: L 2 | L 2   margin +0
  PAIRED MARGIN (missions cleared, all pairs): -0.10 ±0.50 SE  (n=10 pairs)
  by objective (greedy / sloppy / gap):
    Decapitate :   38% /   22% / gap   15
    Defend     :  100% /  100% / gap    0
    Eliminate  :  100% /   90% / gap   10
    Escort     :  100% /  100% / gap    0
    Evac       :  100% /  100% / gap    0
    Rescue     :   50% /   80% / gap  -30

DECISION RICHNESS / SWING:
  meaningful-choices/turn 1.70   lead-swings/match 0.7   avg max-swing 66.0
  [shot-gate] acting-soldiers/turn 3.11   armed-soldiers/turn 0.84   armed-fraction 27%   turns-with-a-shot 46%   choices/ARMED-soldier-turn 2.02
  [choice-split] los-targets/ARMED 2.20   target-choices/ARMED 0.27   position-choices/ARMED 1.75

RUN COMPLETION BY HEAT (full-campaign clears):
  heat 6:   15% ±8  (n=20 runs, avg 3.3 missions)
  HEAT LEAK: pinned=yes  heat-raising picks=0  campaigns raised=0  missions off-rung=0/65

INTEL ECONOMY BY HEAT (campaign runs; heat-bonus = the Heat.IntelBonus share of income):
  heat 6: earned  180.9/run   heat-bonus  81.0 (  45% of income)   spent  167.1   unspent   13.8

MISSION WIN-RATE BY HEAT:
  heat 6:   74%  (n=65, avg 6.1 turns)

MISSION WIN-RATE BY OBJECTIVE:
  Eliminate  :   95% ±5  (n=20, avg 3.8 turns)
  Decapitate :   29% ±11  (n=17, avg 6.0 turns)
  Defend     :  100% ±0  (n=12, avg 9.0 turns)
  Rescue     :   67% ±16  (n=9, avg 5.6 turns)
  Evac       :  100% ±0  (n=4, avg 11.5 turns)
  Escort     :  100% ±0  (n=2, avg 5.5 turns)
  Hack       :    0% ±0  (n=1, avg 6.0 turns)

MISSION WIN-RATE BY OBJECTIVE x NODE KIND (a capstone must never pool with a mid-run node):
  Eliminate  : Start:  95%(n=20)
               depth: m1:95%(20)
  Decapitate : Boss:  43%(n=7)  Combat:  50%(n=4)  Elite:   0%(n=4)  Supply:   0%(n=2)
               depth: m2:0%(2) m3:0%(4) m4:50%(4) m6:43%(7)
  Defend     : Elite: 100%(n=6)  Combat: 100%(n=4)  Supply: 100%(n=2)
               depth: m3:100%(4) m4:100%(4) m5:100%(4)
  Rescue     : Supply: 100%(n=4)  Combat:  33%(n=3)  Elite:  50%(n=2)
               depth: m2:50%(2) m3:100%(4) m4:50%(2) m5:0%(1)
  Evac       : Combat: 100%(n=3)  Supply: 100%(n=1)
               depth: m2:100%(2) m3:100%(2)
  Escort     : Supply: 100%(n=2)
               depth: m2:100%(2)
  Hack       : Supply:   0%(n=1)
               depth: m4:0%(1)

ENCOUNTER COMPLETION on MID-RUN nodes (Combat+Elite) — clear% is the share of the fight actually fought:
  objective     n   win%   turns   force    +rf  killed  clear%   prs  WONclear%
  Defend        10  100%     9.0    8.60   4.70    1.80    13.5  0.00     13.5 (n=10)
  Decapitate     8   25%     5.6    9.75   0.25    0.63     6.3  0.88     15.0 (n=2)
  Rescue         5   40%     5.6    9.40   0.00    4.20    44.7  0.00     77.8 (n=2)
  Evac           3  100%    14.3    7.00   0.00    0.33     4.8  0.00      4.8 (n=3)
  ---- the two classes ----
  KILL           8   25%     5.6    9.75   0.25    0.63     6.3  0.88     15.0 (n=2)
  NON-KILL      18   83%     8.9    8.56   2.61    2.22    19.9  0.00     19.2 (n=15)

DECAPITATE HVT (buff = +6+1*mission HP, +6 aim; ELITE exempt):
  EXEMPT  :   27% ±13  (n=11, avg 6.4 turns, HVT 22.3 max HP)  [m3:0%(4) m6:43%(7)]
  BUFFED  :   33% ±19  (n=6, avg 5.3 turns, HVT 29.0 max HP)  [m2:0%(2) m4:50%(4)]

MISSION WIN-RATE BY MISSION #:
  m1:   95% ±5  (n=20)
  m2:   63% ±17  (n=8)
  m3:   71% ±12  (n=14)
  m4:   64% ±15  (n=11)
  m5:   80% ±18  (n=5)
  m6:   43% ±19  (n=7)

LOSS CAUSES (missions):
  RUN OVER              : 15
  CAPTIVE LOST          : 2

MISSION WIN-RATE BY ARENA (authored layouts, n>=3; procedural fallback   25% of 65 missions):
  arena  1:  100% ±0  (n=6, avg 3.2 turns)  [m1:100%(6)]
  arena 10:   25% ±22  (n=4, avg 6.0 turns)  [m2:50%(2) m3:0%(2)]
  arena 19:   50% ±25  (n=4, avg 4.8 turns)  [m2:0%(2) m3:100%(2)]
  arena 28:  100% ±0  (n=7, avg 5.6 turns)  [m1:100%(4) m3:100%(2) m5:100%(1)]
  arena 32:   75% ±22  (n=4, avg 3.5 turns)  [m1:100%(2) m3:100%(1) m6:0%(1)]
  arena 33:    0% ±0  (n=5, avg 7.4 turns)  [m4:0%(2) m6:0%(3)]
  procedural:   88% ±8  (n=16, avg 8.5 turns)  [m1:75%(4) m2:100%(2) m3:100%(2) m4:100%(3) m5:50%(2) m6:100%(3)]

DEPLOYMENT GEOMETRY (opening shape; choices/ARMED is the wave's real gate):
  FRONTAL   :   71% ±10  (n=21, avg 6.8 turns)  choices/turn 1.84  choices/ARMED 2.15  los-targets/ARMED 1.97
  PINCER    :   62% ±11  (n=21, avg 6.3 turns)  choices/turn 1.78  choices/ARMED 2.05  los-targets/ARMED 2.24
  CROSSFIRE :   89% ±10  (n=9, avg 8.6 turns)  choices/turn 0.54  choices/ARMED 1.28  los-targets/ARMED 1.52
  ENVELOP   :   86% ±9  (n=14, avg 3.4 turns)  choices/turn 2.82  choices/ARMED 2.08  los-targets/ARMED 2.89

ARENA FUNNEL (Mission.Build exits, n=78 builds, all modes):
  authored-applied    :  78.2%  (n=61)
  connectivity-reject :   2.6%  (n=2)
  procedural-roll     :  19.2%  (n=15)

DECK EXPOSURE (campaign runs n=20):
  distinct authored arenas/run : 2.45 mean (all runs)
  ... full-depth runs only     : 2.67 mean over 5.0 fights/run (n=3)
  Defend dealt on the route    :   40% of runs (n=8)

ENEMY DECISION MIX (contested acts=1363; all-downed acts not counted=545):
  shoot           737    54%
  hunker          405    30%
  move            110     8%
  heal             28     2%
  reload           24     2%
  grenade          22     2%
  brace             9     1%
  siege             9     1%
  item              8     1%
  overwatch         5     0%
  sap               4     0%
  shove             2     0%

  the shot on the table (acts where the chosen tile HAD a shot = 791):
    hit% band     taken   share   E[dmg]/shot   declined   share   E[dmg]/shot
      0-19           1      0%          0.60          3     75%          0.70
     20-39          34      5%          1.34          1     25%          1.62
     40-59          92     12%          2.15          0      0%          0.00
     60-79         308     42%          3.05          0      0%          0.00
      80+          302     41%          3.99          0      0%          0.00
    TOTAL           737                              4
  taken   93% / DECLINED    1% / preempted by another verb    6%
  enemy lanes held (overwatch+brace) 14; reaction shots fired 3  ->   21% of lanes paid off   [C2: DeclineWatchRatio is a bet on this number]

ACTION MIX (verbs issued, by policy):
  verb                  greedy        sloppy
  MOVE               478   41%     469   43%
  SHOOT              218   19%     231   21%
  OVERWATCH           91    8%      80    7%
  BRACE              107    9%      38    3%
  HUNKER              78    7%      47    4%
  FOCUS               20    2%      58    5%
  SLIPSTREAM          27    2%      46    4%
  INTEL               28    2%      34    3%
  STABILIZE           35    3%      27    2%
  RELOAD              27    2%      17    2%
  ITEM:SMOKE          12    1%      12    1%
  DRAG                 7    1%       8    1%
  PIN                  7    1%       8    1%
  MARK                 6    1%       7    1%
  BEACON               6    1%       6    1%
  REARM                6    1%       3    0%
  GRENADE              1    0%       6    1%
  BARREL               3    0%       1    0%
  PATCH                3    0%       1    0%
  GRAPPLE              3    0%       1    0%
  EXTRACT              1    0%       2    0%
  HACK                 1    0%       0    0%

PLAYER CLASS PERFORMANCE:
  class        shots   hit%   dmg   kills
  ASSAULT        146    81%    607     39
  GUNNER         139    84%    594     38
  SHARPSHOOTER     92    90%    566     44
  RANGER          71    83%    439     27
  CORPSMAN        10    80%     42      2

SOLDIER DEATHS BY ENEMY CLASS (threat ranking):
  DRONE      : 16
  SHIELD     : 15
  GRUNT      : 8
  ELITE      : 8
  BERSERKER  : 7
  LANCER     : 6
  STRIKE     : 6
  SCOUT      : 6
  BURN       : 5
  STRIKER    : 4
  WARBRINGER : 3
  BRUISER    : 3
  TURRET     : 3
  SNIPER     : 3
  SAPPER     : 2
  SCREENER   : 2
  HUNTER     : 2
  BOMBARD    : 1
  SPOTTER    : 1
  CUSTODIAN  : 1
  MEDIC      : 1

SOLDIER DOWNS (FUL-7 bleed-out): 210 downs -> revived 1 / recovered 40 / bled out 149 / finished 12  (save-rate   23%)
  corpsman fielded in 15 missions

ENEMY COMPOSITION (spawns; faction-stamped fights n=464 / default-cascade fights n=205):
  class        faction         default
  GRUNT           35    8%       44   21%
  SHIELD          65   14%        4    2%
  DRONE           58   13%        6    3%
  SCOUT           16    3%       47   23%
  ELITE           24    5%       12    6%
  SCREENER        34    7%        2    1%
  TURRET          31    7%        2    1%
  SNIPER          14    3%       18    9%
  LANCER          13    3%       18    9%
  SPOTTER         24    5%        7    3%
  SAPPER          22    5%        6    3%
  BERSERKER       17    4%       10    5%
  HUNTER          18    4%        8    4%
  CUSTODIAN       24    5%        0    0%
  STRIKER         15    3%        8    4%
  BRUISER         19    4%        2    1%
  MEDIC           12    3%        4    2%
  HOUND            6    1%        3    1%
  WARBRINGER       5    1%        2    1%
  MORTAR           5    1%        0    0%
  BOMBARD          3    1%        2    1%
  PIKEMAN          4    1%        0    0%

PERK PICK FREQUENCY:
  LCK           : 13
  CQB           : 12
  HRD           : 10
  BRK           : 9
  GRD           : 8
  OUT           : 8
  RFX           : 8
  MOM           : 7
  BND           : 7
  GUN           : 6
  MRK           : 6
  FST           : 5
  TNK           : 5
  SKR           : 5
  VNT           : 4
  SGE           : 4
  CLH           : 4
  PLT           : 3
  EXC           : 3

SHOP PURCHASE FREQUENCY:
  FIELD MEDKIT      : 55
  WPN: SCOPE        : 55
  WPN: HOLLOW POINT : 39
  WPN: STABILIZER   : 32
  COMBAT STIMS      : 27
  BALLISTIC PLATING : 24
  FRAG CACHE        : 19
  COUNTER-PREP      : 13
  WPN: SUPPRESSOR   : 13
  WPN: BIPOD        : 12
  ADV. TRAINING     : 11
  ARMORY            : 9
  WPN: EXTENDED MAG : 8

BOON PICK FREQUENCY (PROCS = effect fires at instrumented sites; '-' = not instrumented;
                      PYR counts the +2-turn-burn half only — the Burning-immunity half is uninstrumented):
  code                 picks   PROCS
  EXE               :     6       -
  FST               :     4      36
  GRN               :     4       -
  RPD               :     4       -
  TRR               :     4      13
  ADR               :     3       -
  FDR               :     3       2
  RCL               :     3       0
  SHK               :     3       2
  FRT               :     2       -
  FVR               :     2       -
  GHO               :     2       -
  VNM               :     2       -
  MRK               :     1       -
  PYR               :     1       0
  SCV               :     1       -

RUN WIN-RATE BY BOON (campaign runs holding it):
  EXE               :   33% ±19  (in 6 runs)
  FST               :    0% ±0  (in 4 runs)
  GRN               :   25% ±22  (in 4 runs)
  RPD               :   25% ±22  (in 4 runs)
  TRR               :   50% ±25  (in 4 runs)
  ADR               :   33% ±27  (in 3 runs)
  FDR               :   67% ±27  (in 3 runs)
  RCL               :    0% ±0  (in 3 runs)
  SHK               :    0% ±0  (in 3 runs)
  FRT               :   50% ±35  (in 2 runs)
  FVR               :    0% ±0  (in 2 runs)
  GHO               :   50% ±35  (in 2 runs)
  VNM               :    0% ±0  (in 2 runs)
  MRK               :  100% ±0  (in 1 runs)
  PYR               :    0% ±0  (in 1 runs)
  SCV               :    0% ±0  (in 1 runs)

RUN WIN-RATE BY SPEC (campaign runs fielding it):
  SNT               :    0% ±0  (in 4 runs)
  ADN               :   33% ±27  (in 3 runs)
  ANC               :   50% ±35  (in 2 runs)
  JUG               :   50% ±35  (in 2 runs)
  BRC               :  100% ±0  (in 1 runs)
  HHT               :  100% ±0  (in 1 runs)
  PTH               :    0% ±0  (in 1 runs)

RUN WIN-RATE BY PERK (campaign runs holding it):
  CQB               :   33% ±16  (in 9 runs)
  LCK               :   13% ±12  (in 8 runs)
  OUT               :   13% ±12  (in 8 runs)
  RFX               :   13% ±12  (in 8 runs)
  GRD               :   17% ±15  (in 6 runs)
  GUN               :   17% ±15  (in 6 runs)
  HRD               :   33% ±19  (in 6 runs)
  BND               :   40% ±22  (in 5 runs)
  BRK               :   40% ±22  (in 5 runs)
  MOM               :   60% ±22  (in 5 runs)
  MRK               :   20% ±18  (in 5 runs)
  TNK               :    0% ±0  (in 5 runs)
  FST               :   50% ±25  (in 4 runs)
  SGE               :   25% ±22  (in 4 runs)
  SKR               :   25% ±22  (in 4 runs)
  VNT               :   25% ±22  (in 4 runs)
  CLH               :   33% ±27  (in 3 runs)
  EXC               :    0% ±0  (in 3 runs)
  PLT               :   33% ±27  (in 3 runs)

RUN WIN-RATE BY PURCHASE (campaign runs buying it):
  FIELD MEDKIT      :   17% ±9  (in 18 runs)
  WPN: SCOPE        :   19% ±10  (in 16 runs)
  WPN: HOLLOW POINT :   25% ±13  (in 12 runs)
  FRAG CACHE        :   27% ±13  (in 11 runs)
  COUNTER-PREP      :   30% ±14  (in 10 runs)
  ADV. TRAINING     :   22% ±14  (in 9 runs)
  WPN: STABILIZER   :   22% ±14  (in 9 runs)
  ARMORY            :   13% ±12  (in 8 runs)
  BALLISTIC PLATING :   38% ±17  (in 8 runs)
  WPN: BIPOD        :    0% ±0  (in 7 runs)
  COMBAT STIMS      :   33% ±19  (in 6 runs)
  WPN: SUPPRESSOR   :   40% ±22  (in 5 runs)
  WPN: EXTENDED MAG :   50% ±25  (in 4 runs)

RUN WIN-RATE BY EVENT-CHOICE (campaign runs taking id:arm):
  cache:2           :    0% ±0  (in 2 runs)
  drill:1           :  100% ±0  (in 2 runs)
  fieldhospital:2   :    0% ±0  (in 2 runs)
  profiteer:0       :    0% ±0  (in 2 runs)
  relic:1           :    0% ±0  (in 2 runs)
  warchest:0        :   50% ±35  (in 2 runs)
  warpension:2      :    0% ±0  (in 2 runs)
  distress:1        :    0% ±0  (in 1 runs)
  quartermaster:1   :    0% ±0  (in 1 runs)
  reservecall:0     :    0% ±0  (in 1 runs)
═══════════════════════════════════════════════════════════════════════

batch wall-time: 8.5s  (20 matches across 10 campaigns × 2 policy, frame-cap hits: 0)
aggregate JSON -> /home/user/wt/heat-pin/docs/measurements/l5/L5fac-m3a1b0-h6-b80.json
INFO: TEXTURE: [ID 2] Unloaded texture data from VRAM (GPU)
INFO: SHADER: [ID 3] Default shader unloaded successfully
INFO: TEXTURE: [ID 1] Default texture unloaded successfully
INFO: Window closed successfully
