BALANCE: heat PINNED for this batch (field-event AddHeat is a no-op; SIGHTLINE_HEATPIN=0 restores the leak)
INFO: Initializing raylib 6.0
INFO: Platform backend: DESKTOP (GLFW)
INFO: Supported raylib modules:
INFO:     > rcore:..... loaded (mandatory)
INFO:     > rlgl:...... loaded (mandatory)
INFO:     > rshapes:... loaded (optional)
INFO:     > rtextures:. loaded (optional)
INFO:     > rtext:..... loaded (optional)
INFO:     > rmodels:... loaded (optional)
INFO:     > raudio:.... loaded (optional)
INFO: DISPLAY: Trying to enable MSAA x4
INFO: DISPLAY: Device initialized successfully 
INFO:     > Display size: 1280 x 800
INFO:     > Screen size:  1280 x 800
INFO:     > Render size:  1280 x 800
INFO:     > Viewport offsets: 0, 0
INFO: GLAD: OpenGL extensions loaded successfully
INFO: GL: Supported extensions count: 229
INFO: GL: OpenGL device information:
INFO:     > Vendor:   Mesa
INFO:     > Renderer: llvmpipe (LLVM 20.1.2, 256 bits)
INFO:     > Version:  4.5 (Core Profile) Mesa 25.2.8-0ubuntu0.24.04.2
INFO:     > GLSL:     4.50
INFO: GL: VAO extension detected, VAO functions loaded successfully
INFO: GL: NPOT textures extension detected, full NPOT textures supported
INFO: GL: DXT compressed textures supported
INFO: GL: ETC2/EAC compressed textures supported
INFO: PLATFORM: DESKTOP (GLFW - X11): Initialized successfully
INFO: TEXTURE: [ID 1] Texture loaded successfully (1x1 | R8G8B8A8 | 1 mipmaps)
INFO: TEXTURE: [ID 1] Default texture loaded successfully
INFO: SHADER: [ID 1] Vertex shader compiled successfully
INFO: SHADER: [ID 2] Fragment shader compiled successfully
INFO: SHADER: [ID 3] Program shader loaded successfully
INFO: SHADER: [ID 3] Default shader loaded successfully
INFO: RLGL: Render batch vertex buffers loaded successfully in RAM (CPU)
INFO: RLGL: Render batch vertex buffers loaded successfully in VRAM (GPU)
INFO: RLGL: Default OpenGL state initialized successfully
INFO: TEXTURE: [ID 2] Texture loaded successfully (128x128 | GRAY_ALPHA | 1 mipmaps)
INFO: FONT: Default font loaded successfully (224 glyphs)
INFO: SYSTEM: Working Directory: /home/user/wt/heat-pin
INFO: TIMER: Target time per frame: 0.000 milliseconds
FINALE-KIT: Wardens
WAVE: +2 (PIKEMAN,SCOUT) [rich]
WAVE: +2 (MORTAR,MEDIC) [rich]
WAVE: +2 (MORTAR,MORTAR) [rich]
WAVE: +3 (PIKEMAN,SCOUT,MORTAR) [rich]
WAVE: +3 (MORTAR,GRUNT,SNIPER) [rich]
WAVE: +3 (MORTAR,SNIPER,MEDIC) [rich]
FINALE-KIT: Wardens
WAVE: +2 (MORTAR,PIKEMAN) [rich]
WAVE: +2 (PIKEMAN,SCOUT) [rich]
WAVE: +2 (SCOUT,MEDIC) [rich]
WAVE: +3 (MEDIC,SNIPER,MEDIC) [rich]
WAVE: +3 (GRUNT,MORTAR,MORTAR) [rich]
WAVE: +3 (PIKEMAN,PIKEMAN,SNIPER) [rich]
FINALE-KIT: Wardens
WAVE: +3 (MEDIC,MORTAR,GRUNT) [rich]
WAVE: +3 (MORTAR,SCOUT,SCREENER) [rich]
WAVE: +2 (GRUNT,PIKEMAN) [rich]
FINALE-KIT: Wardens
WAVE: +3 (SCOUT,SNIPER,SCOUT) [rich]
WAVE: +3 (MORTAR,PIKEMAN,GRUNT) [rich]
WAVE: +3 (PIKEMAN,SNIPER,PIKEMAN) [rich]
WAVE: +2 (CUSTODIAN,GRUNT) [rich]
FINALE-KIT: Legion
WAVE: +2 (BRUISER,LANCER) [rich]
WAVE: +2 (BRUISER,BRUISER) [rich]
WAVE: +2 (SCOUT,BERSERKER) [rich]
WAVE: +2 (SHIELD,SCREENER) [rich]
WAVE: +2 (SPOTTER,DRONE) [rich]
WAVE: +2 (SHIELD,SAPPER) [rich]
match 5/20  (W:1 L:4 cap:0)  5.1s
FINALE-KIT: Legion
WAVE: +2 (STRIKER,HOUND) [rich]
WAVE: +2 (BERSERKER,STRIKER) [rich]
WAVE: +2 (HUNTER,BRUISER) [rich]
WAVE: +2 (DRONE,SAPPER) [rich]
WAVE: +2 (SPOTTER,SCREENER) [rich]
WAVE: +2 (SPOTTER,SCREENER) [rich]
FINALE-KIT: Wardens
WAVE: +3 (GRUNT,BRUISER,HUNTER) [rich]
WAVE: +3 (HOUND,BRUISER,BERSERKER) [rich]
WAVE: +3 (BRUISER,HOUND,LANCER) [rich]
REINFORCEMENTS: +2 (SCOUT,SCOUT)
FINALE-KIT: Wardens
WAVE: +3 (GRUNT,BRUISER,BERSERKER) [rich]
WAVE: +3 (BRUISER,HUNTER,WARBRINGER) [rich]
WAVE: +1 (LANCER) [rich]
FINALE-KIT: Syndicate
WAVE: +2 (BRUISER,LANCER) [rich]
WAVE: +2 (GRUNT,HUNTER) [rich]
WAVE: +2 (HUNTER,GRUNT) [rich]
FINALE-KIT: Syndicate
WAVE: +2 (BERSERKER,SCOUT) [rich]
WAVE: +2 (HOUND,BERSERKER) [rich]
WAVE: +2 (HUNTER,GRUNT) [rich]
match 10/20  (W:2 L:8 cap:0)  6.8s
FINALE-KIT: Wardens
FINALE-KIT: Wardens
WAVE: +3 (STRIKER,HUNTER,DRONE) [rich]
WAVE: +3 (MEDIC,SHIELD,BERSERKER) [rich]
WAVE: +3 (STRIKER,HUNTER,BERSERKER) [rich]
FINALE-KIT: Syndicate
FINALE-KIT: Syndicate
WAVE: +2 (BRUISER,STRIKER) [rich]
WAVE: +2 (SCOUT,BRUISER) [rich]
WAVE: +2 (LANCER,HOUND) [rich]
WAVE: +2 (SHIELD,SHIELD) [rich]
WAVE: +2 (SNIPER,GRUNT) [rich]
WAVE: +2 (HOUND,HUNTER) [rich]
REINFORCEMENTS: +2 (GRUNT,GRUNT)
FINALE-KIT: Legion
match 15/20  (W:3 L:12 cap:0)  8.4s
FINALE-KIT: Legion
FINALE-KIT: Syndicate
FINALE-KIT: Syndicate
FINALE-KIT: Legion
WAVE: +3 (HUNTER,HOUND,STRIKER) [rich]
WAVE: +3 (LANCER,DRONE,HUNTER) [rich]
WAVE: +3 (HUNTER,HUNTER,HOUND) [rich]
FINALE-KIT: Legion
match 20/20  (W:4 L:16 cap:0)  9.1s

══════════════════════ SIGHTLINE BALANCE REPORT ══════════════════════
runs=20  missions=70

RUN OUTCOMES (campaign):  win-rate   20%   avg missions cleared 3.7

POLICY GAP (optimal vs human-error; campaign runs only):
  greedy win-rate   20%  (n=10)
  sloppy win-rate   20%  (n=10)
  GAP    0 pts  (healthy slack)
  PAIRED (same-seed slots): pairs=10  concordant=8  discordant greedy-only-won=1 / sloppy-only-won=1  paired gap    0 pts
  PER-SLOT RECORDS (greedy | sloppy: outcome + missions cleared; margin = g−s):
    slot 150 @h6: L 4 | L 4   margin +0
    slot 151 @h6: L 4 | L 4   margin +0
    slot 152 @h6: W 6 | W 6   margin +0
    slot 153 @h6: L 5 | L 4   margin +1
    slot 154 @h6: L 2 | L 2   margin +0
    slot 155 @h6: L 3 | W 6   margin -3
    slot 156 @h6: L 0 | L 5   margin -5
    slot 157 @h6: L 3 | L 1   margin +2
    slot 158 @h6: L 3 | L 3   margin +0
    slot 159 @h6: W 6 | L 2   margin +4
  PAIRED MARGIN (missions cleared, all pairs): -0.10 ±0.78 SE  (n=10 pairs)
  by objective (greedy / sloppy / gap):
    Decapitate :   80% /   60% / gap   20
    Defend     :  100% /   90% / gap   10
    Eliminate  :   90% /  100% / gap  -10
    Escort     :    0% /    0% / gap    0
    Evac       :  100% /  100% / gap    0
    Hack       :  100% /   50% / gap   50
    Rescue     :   50% /   75% / gap  -25
    Sabotage   :  100% /  100% / gap    0

DECISION RICHNESS / SWING:
  meaningful-choices/turn 1.89   lead-swings/match 0.8   avg max-swing 57.7
  [shot-gate] acting-soldiers/turn 3.08   armed-soldiers/turn 0.99   armed-fraction 32%   turns-with-a-shot 50%   choices/ARMED-soldier-turn 1.90
  [choice-split] los-targets/ARMED 2.17   target-choices/ARMED 0.24   position-choices/ARMED 1.66

RUN COMPLETION BY HEAT (full-campaign clears):
  heat 6:   20% ±9  (n=20 runs, avg 3.7 missions)
  HEAT LEAK: pinned=yes  heat-raising picks=0  campaigns raised=0  missions off-rung=0/70

INTEL ECONOMY BY HEAT (campaign runs; heat-bonus = the Heat.IntelBonus share of income):
  heat 6: earned  195.8/run   heat-bonus  90.0 (  46% of income)   spent  180.9   unspent   14.9

MISSION WIN-RATE BY HEAT:
  heat 6:   77%  (n=70, avg 5.8 turns)

MISSION WIN-RATE BY OBJECTIVE:
  Eliminate  :   95% ±5  (n=20, avg 4.0 turns)
  Defend     :   94% ±5  (n=18, avg 8.9 turns)
  Decapitate :   70% ±14  (n=10, avg 4.0 turns)
  Rescue     :   63% ±17  (n=8, avg 6.3 turns)
  Escort     :    0% ±0  (n=7, avg 7.7 turns)
  Hack       :   67% ±27  (n=3, avg 4.0 turns)
  Sabotage   :  100% ±0  (n=2, avg 2.5 turns)
  Evac       :  100% ±0  (n=2, avg 4.5 turns)

MISSION WIN-RATE BY OBJECTIVE x NODE KIND (a capstone must never pool with a mid-run node):
  Eliminate  : Start:  95%(n=20)
               depth: m1:95%(20)
  Defend     : Combat:  92%(n=12)  Supply: 100%(n=4)  Elite: 100%(n=2)
               depth: m2:100%(7) m3:100%(3) m4:100%(5) m5:67%(3)
  Decapitate : Boss:  67%(n=6)  Supply:  50%(n=2)  Elite: 100%(n=2)
               depth: m2:50%(2) m3:100%(2) m6:67%(6)
  Rescue     : Combat:  50%(n=6)  Supply: 100%(n=2)
               depth: m2:100%(4) m4:25%(4)
  Escort     : Combat:   0%(n=5)  Supply:   0%(n=2)
               depth: m3:0%(2) m4:0%(1) m5:0%(4)
  Hack       : Elite:  50%(n=2)  Combat: 100%(n=1)
               depth: m3:50%(2) m4:100%(1)
  Sabotage   : Combat: 100%(n=2)
               depth: m3:100%(2)
  Evac       : Combat: 100%(n=2)
               depth: m2:100%(2)

ENCOUNTER COMPLETION on MID-RUN nodes (Combat+Elite) — clear% is the share of the fight actually fought:
  objective     n   win%   turns   force    +rf  killed  clear%   prs  WONclear%
  Defend        14   93%     8.9    6.14   6.57    4.36    34.3  0.00     36.4 (n=13)
  Rescue         6   50%     6.7    8.67   0.00    4.00    46.2  0.00     54.5 (n=3)
  Escort         5    0%     5.4   10.00   0.00    2.20    22.0  0.00      0.0 (n=0)
  Hack           3   67%     4.0   10.67   0.00    0.33     3.1  0.33      4.8 (n=2)
  Sabotage       2  100%     2.5    7.00   0.00    0.50     7.1  0.00      7.1 (n=2)
  Decapitate     2  100%     2.5   11.00   0.00    1.00     9.1  0.00      9.1 (n=2)
  Evac           2  100%     4.5    6.00   0.00    0.00     0.0  0.00      0.0 (n=2)
  ---- the two classes ----
  KILL           2  100%     2.5   11.00   0.00    1.00     9.1  0.00      9.1 (n=2)
  NON-KILL      32   69%     6.8    7.69   2.88    3.06    29.0  0.03     31.6 (n=22)

DECAPITATE HVT (buff = +6+1*mission HP, +6 aim; ELITE exempt):
  EXEMPT  :   75% ±15  (n=8, avg 4.1 turns, HVT 22.8 max HP)  [m3:100%(2) m6:67%(6)]
  BUFFED  :   50% ±35  (n=2, avg 3.5 turns, HVT 21.0 max HP)  [m2:50%(2)]

MISSION WIN-RATE BY MISSION #:
  m1:   95% ±5  (n=20)
  m2:   93% ±6  (n=15)
  m3:   73% ±13  (n=11)
  m4:   64% ±15  (n=11)
  m5:   29% ±17  (n=7)
  m6:   67% ±19  (n=6)

LOSS CAUSES (missions):
  VIP LOST              : 7
  RUN OVER              : 6
  CAPTIVE LOST          : 3

MISSION WIN-RATE BY ARENA (authored layouts, n>=3; procedural fallback   24% of 70 missions):
  arena  4:   50% ±25  (n=4, avg 6.8 turns)  [m2:100%(2) m5:0%(2)]
  arena 12:   25% ±22  (n=4, avg 4.0 turns)  [m2:50%(2) m4:0%(2)]
  arena 23:  100% ±0  (n=3, avg 4.0 turns)  [m1:100%(2) m6:100%(1)]
  arena 30:  100% ±0  (n=7, avg 6.3 turns)  [m1:100%(2) m2:100%(3) m3:100%(2)]
  arena 33:  100% ±0  (n=5, avg 5.2 turns)  [m2:100%(2) m3:100%(2) m4:100%(1)]
  arena 34:   67% ±27  (n=3, avg 4.7 turns)  [m5:0%(1) m6:100%(2)]
  procedural:   71% ±11  (n=17, avg 6.9 turns)  [m1:88%(8) m2:100%(3) m3:33%(3) m4:50%(2) m5:0%(1)]

DEPLOYMENT GEOMETRY (opening shape; choices/ARMED is the wave's real gate):
  FRONTAL   :   69% ±12  (n=16, avg 7.1 turns)  choices/turn 1.34  choices/ARMED 1.67  los-targets/ARMED 2.33
  PINCER    :   73%  (n=33, avg 5.5 turns)  choices/turn 2.01  choices/ARMED 1.84  los-targets/ARMED 2.03
  CROSSFIRE :  100% ±0  (n=9, avg 5.8 turns)  choices/turn 2.27  choices/ARMED 2.32  los-targets/ARMED 3.11
  ENVELOP   :   83% ±11  (n=12, avg 5.1 turns)  choices/turn 2.28  choices/ARMED 2.10  los-targets/ARMED 1.66

ARENA FUNNEL (Mission.Build exits, n=77 builds, all modes):
  authored-applied    :  74.0%  (n=57)
  connectivity-reject :   0.0%  (n=0)
  procedural-roll     :  26.0%  (n=20)

DECK EXPOSURE (campaign runs n=20):
  distinct authored arenas/run : 2.65 mean (all runs)
  ... full-depth runs only     : 3.75 mean over 4.8 fights/run (n=4)
  Defend dealt on the route    :   65% of runs (n=13)

ENEMY DECISION MIX (contested acts=1382; all-downed acts not counted=256):
  shoot           691    50%
  hunker          437    32%
  move            107     8%
  grenade          37     3%
  reload           37     3%
  heal             24     2%
  siege            17     1%
  item             14     1%
  overwatch         7     1%
  brace             6     0%
  staleplan         3     0%
  sap               1     0%
  shove             1     0%

  the shot on the table (acts where the chosen tile HAD a shot = 779):
    hit% band     taken   share   E[dmg]/shot   declined   share   E[dmg]/shot
      0-19           1      0%          0.38          3     27%          0.47
     20-39          26      4%          1.16          2     18%          0.80
     40-59         106     15%          1.74          5     45%          2.03
     60-79         271     39%          2.87          1      9%          2.79
      80+          287     42%          3.99          0      0%          0.00
    TOTAL           691                             11
  taken   89% / DECLINED    1% / preempted by another verb   10%
  enemy lanes held (overwatch+brace) 13; reaction shots fired 3  ->   23% of lanes paid off   [C2: DeclineWatchRatio is a bet on this number]

ACTION MIX (verbs issued, by policy):
  verb                  greedy        sloppy
  MOVE               440   38%     434   34%
  SHOOT              291   25%     301   24%
  OVERWATCH           77    7%     112    9%
  BRACE               60    5%      76    6%
  FOCUS               53    5%      60    5%
  HUNKER              62    5%      44    3%
  SLIPSTREAM          28    2%      53    4%
  RELOAD              36    3%      39    3%
  INTEL               29    2%      31    2%
  STABILIZE           24    2%      34    3%
  MARK                12    1%      20    2%
  DRAG                15    1%      12    1%
  ITEM:SMOKE          10    1%      13    1%
  PIN                  6    1%      10    1%
  REARM                4    0%       8    1%
  GRENADE              0    0%       8    1%
  BARREL               3    0%       3    0%
  PLANT                3    0%       3    0%
  BEACON               2    0%       3    0%
  HACK                 2    0%       3    0%
  PATCH                2    0%       1    0%
  GRAPPLE              3    0%       0    0%

PLAYER CLASS PERFORMANCE:
  class        shots   hit%   dmg   kills
  SHARPSHOOTER    176    97%   1227     58
  GUNNER         223    83%   1031     62
  ASSAULT        199    82%    795     45
  RANGER         100    80%    541     35
  CORPSMAN        38    92%    150     11
  VIP              2    50%      2      0

SOLDIER DEATHS BY ENEMY CLASS (threat ranking):
  BERSERKER  : 12
  GRUNT      : 10
  BURN       : 8
  BRUISER    : 8
  WARBRINGER : 7
  MORTAR     : 6
  STRIKE     : 6
  SNIPER     : 5
  LANCER     : 5
  STRIKER    : 4
  HUNTER     : 3
  SCOUT      : 3
  ELITE      : 3
  SAPPER     : 2
  BARREL     : 1
  TURRET     : 1
  DRONE      : 1
  SPOTTER    : 1
  SHIELD     : 1

SOLDIER DOWNS (FUL-7 bleed-out): 179 downs -> revived 2 / recovered 48 / bled out 91 / finished 18  (save-rate   39%)
  corpsman fielded in 14 missions

ENEMY COMPOSITION (spawns; faction-stamped fights n=495 / default-cascade fights n=174):
  class        faction         default
  SCOUT           34    7%       51   29%
  GRUNT           32    6%       35   20%
  BERSERKER       46    9%       12    7%
  BRUISER         37    7%       11    6%
  MORTAR          47    9%        0    0%
  LANCER          24    5%       11    6%
  HUNTER          22    4%       13    7%
  ELITE           26    5%        4    2%
  DRONE           25    5%        3    2%
  SHIELD          22    4%        6    3%
  SNIPER          21    4%        6    3%
  MEDIC           23    5%        1    1%
  SCREENER        24    5%        0    0%
  SAPPER          20    4%        2    1%
  STRIKER         16    3%        5    3%
  PIKEMAN         20    4%        0    0%
  HOUND           13    3%        7    4%
  TURRET          15    3%        5    3%
  WARBRINGER      10    2%        0    0%
  BOMBARD          6    1%        2    1%
  CUSTODIAN        6    1%        0    0%
  SPOTTER          6    1%        0    0%

PERK PICK FREQUENCY:
  MOM           : 12
  LCK           : 11
  OUT           : 10
  BRK           : 9
  SKR           : 9
  HRD           : 8
  FST           : 8
  CLH           : 7
  EXC           : 7
  MRK           : 7
  GUN           : 7
  SGE           : 6
  GRD           : 6
  BND           : 5
  CQB           : 5
  TNK           : 5
  VNT           : 5
  RFX           : 4
  PLT           : 2

SHOP PURCHASE FREQUENCY:
  FIELD MEDKIT      : 60
  WPN: HOLLOW POINT : 51
  WPN: SCOPE        : 45
  COMBAT STIMS      : 39
  BALLISTIC PLATING : 33
  WPN: STABILIZER   : 31
  WPN: SUPPRESSOR   : 19
  WPN: EXTENDED MAG : 17
  COUNTER-PREP      : 14
  ARMORY            : 12
  FRAG CACHE        : 10
  WPN: BIPOD        : 10
  ADV. TRAINING     : 7

BOON PICK FREQUENCY (PROCS = effect fires at instrumented sites; '-' = not instrumented;
                      PYR counts the +2-turn-burn half only — the Burning-immunity half is uninstrumented):
  code                 picks   PROCS
  SHK               :     6      11
  RPD               :     5       -
  TRR               :     5      16
  EXE               :     4       -
  RCL               :     4       2
  FDR               :     3       8
  FRT               :     3       -
  FST               :     3      19
  GHO               :     3       -
  GRN               :     3       -
  MRK               :     3       -
  VNM               :     3       -
  ADR               :     2       -
  FVR               :     1       -
  PYR               :     1       0
  SCV               :     1       -

RUN WIN-RATE BY BOON (campaign runs holding it):
  SHK               :   17% ±15  (in 6 runs)
  RPD               :   60% ±22  (in 5 runs)
  TRR               :   20% ±18  (in 5 runs)
  EXE               :    0% ±0  (in 4 runs)
  RCL               :   25% ±22  (in 4 runs)
  FDR               :    0% ±0  (in 3 runs)
  FRT               :   33% ±27  (in 3 runs)
  FST               :   33% ±27  (in 3 runs)
  GHO               :   33% ±27  (in 3 runs)
  GRN               :   33% ±27  (in 3 runs)
  MRK               :   33% ±27  (in 3 runs)
  VNM               :   33% ±27  (in 3 runs)
  ADR               :   50% ±35  (in 2 runs)
  FVR               :    0% ±0  (in 1 runs)
  PYR               :  100% ±0  (in 1 runs)
  SCV               :  100% ±0  (in 1 runs)

RUN WIN-RATE BY SPEC (campaign runs fielding it):
  ADN               :   17% ±15  (in 6 runs)
  SNT               :   50% ±25  (in 4 runs)
  HHT               :   33% ±27  (in 3 runs)
  JUG               :    0% ±0  (in 3 runs)
  BRC               :   50% ±35  (in 2 runs)
  MED               :  100% ±0  (in 2 runs)
  PHN               :   50% ±35  (in 2 runs)

RUN WIN-RATE BY PERK (campaign runs holding it):
  MOM               :   36% ±15  (in 11 runs)
  OUT               :   33% ±16  (in 9 runs)
  BRK               :   13% ±12  (in 8 runs)
  HRD               :   13% ±12  (in 8 runs)
  LCK               :   13% ±12  (in 8 runs)
  FST               :   57% ±19  (in 7 runs)
  CLH               :   33% ±19  (in 6 runs)
  EXC               :   33% ±19  (in 6 runs)
  GRD               :   50% ±20  (in 6 runs)
  GUN               :   50% ±20  (in 6 runs)
  MRK               :    0% ±0  (in 6 runs)
  SGE               :   17% ±15  (in 6 runs)
  SKR               :   33% ±19  (in 6 runs)
  VNT               :    0% ±0  (in 5 runs)
  BND               :   25% ±22  (in 4 runs)
  CQB               :   25% ±22  (in 4 runs)
  RFX               :    0% ±0  (in 4 runs)
  TNK               :    0% ±0  (in 4 runs)
  PLT               :   50% ±35  (in 2 runs)

RUN WIN-RATE BY PURCHASE (campaign runs buying it):
  FIELD MEDKIT      :   22% ±10  (in 18 runs)
  WPN: HOLLOW POINT :   25% ±11  (in 16 runs)
  WPN: SUPPRESSOR   :   21% ±11  (in 14 runs)
  BALLISTIC PLATING :   23% ±12  (in 13 runs)
  COUNTER-PREP      :   17% ±11  (in 12 runs)
  WPN: SCOPE        :   25% ±13  (in 12 runs)
  COMBAT STIMS      :   36% ±15  (in 11 runs)
  WPN: STABILIZER   :   36% ±15  (in 11 runs)
  FRAG CACHE        :   25% ±15  (in 8 runs)
  ARMORY            :   43% ±19  (in 7 runs)
  WPN: EXTENDED MAG :   29% ±17  (in 7 runs)
  ADV. TRAINING     :   33% ±19  (in 6 runs)
  WPN: BIPOD        :    0% ±0  (in 5 runs)

RUN WIN-RATE BY EVENT-CHOICE (campaign runs taking id:arm):
  cache:1           :  100% ±0  (in 3 runs)
  depot:0           :    0% ±0  (in 2 runs)
  grave:1           :    0% ±0  (in 2 runs)
  informant:0       :  100% ±0  (in 2 runs)
  profiteer:0       :    0% ±0  (in 2 runs)
  warchest:1        :    0% ±0  (in 2 runs)
  warpension:2      :    0% ±0  (in 2 runs)
  bloodfeud:2       :    0% ±0  (in 1 runs)
  defector:1        :    0% ±0  (in 1 runs)
  defector:2        :    0% ±0  (in 1 runs)
  reservecall:0     :    0% ±0  (in 1 runs)
═══════════════════════════════════════════════════════════════════════

batch wall-time: 9.1s  (20 matches across 10 campaigns × 2 policy, frame-cap hits: 0)
aggregate JSON -> /home/user/wt/heat-pin/docs/measurements/l5/L5fac-m3a1b0-h6-b150.json
INFO: TEXTURE: [ID 2] Unloaded texture data from VRAM (GPU)
INFO: SHADER: [ID 3] Default shader unloaded successfully
INFO: TEXTURE: [ID 1] Default texture unloaded successfully
INFO: Window closed successfully
