BALANCE: heat PINNED for this batch (field-event AddHeat is a no-op; SIGHTLINE_HEATPIN=0 restores the leak)
INFO: Initializing raylib 6.0
INFO: Platform backend: DESKTOP (GLFW)
INFO: Supported raylib modules:
INFO:     > rcore:..... loaded (mandatory)
INFO:     > rlgl:...... loaded (mandatory)
INFO:     > rshapes:... loaded (optional)
INFO:     > rtextures:. loaded (optional)
INFO:     > rtext:..... loaded (optional)
INFO:     > rmodels:... loaded (optional)
INFO:     > raudio:.... loaded (optional)
INFO: DISPLAY: Trying to enable MSAA x4
INFO: DISPLAY: Device initialized successfully 
INFO:     > Display size: 1280 x 800
INFO:     > Screen size:  1280 x 800
INFO:     > Render size:  1280 x 800
INFO:     > Viewport offsets: 0, 0
INFO: GLAD: OpenGL extensions loaded successfully
INFO: GL: Supported extensions count: 229
INFO: GL: OpenGL device information:
INFO:     > Vendor:   Mesa
INFO:     > Renderer: llvmpipe (LLVM 20.1.2, 256 bits)
INFO:     > Version:  4.5 (Core Profile) Mesa 25.2.8-0ubuntu0.24.04.2
INFO:     > GLSL:     4.50
INFO: GL: VAO extension detected, VAO functions loaded successfully
INFO: GL: NPOT textures extension detected, full NPOT textures supported
INFO: GL: DXT compressed textures supported
INFO: GL: ETC2/EAC compressed textures supported
INFO: PLATFORM: DESKTOP (GLFW - X11): Initialized successfully
INFO: TEXTURE: [ID 1] Texture loaded successfully (1x1 | R8G8B8A8 | 1 mipmaps)
INFO: TEXTURE: [ID 1] Default texture loaded successfully
INFO: SHADER: [ID 1] Vertex shader compiled successfully
INFO: SHADER: [ID 2] Fragment shader compiled successfully
INFO: SHADER: [ID 3] Program shader loaded successfully
INFO: SHADER: [ID 3] Default shader loaded successfully
INFO: RLGL: Render batch vertex buffers loaded successfully in RAM (CPU)
INFO: RLGL: Render batch vertex buffers loaded successfully in VRAM (GPU)
INFO: RLGL: Default OpenGL state initialized successfully
INFO: TEXTURE: [ID 2] Texture loaded successfully (128x128 | GRAY_ALPHA | 1 mipmaps)
INFO: FONT: Default font loaded successfully (224 glyphs)
INFO: SYSTEM: Working Directory: /home/user/wt/heat-pin
INFO: TIMER: Target time per frame: 0.000 milliseconds
FINALE-KIT: Syndicate
WAVE: +3 (SAPPER,SPOTTER,SHIELD) [rich]
WAVE: +3 (DRONE,SPOTTER,SCREENER) [rich]
WAVE: +3 (SPOTTER,DRONE,SAPPER) [rich]
WAVE: +3 (SHIELD,SHIELD,DRONE) [rich]
FINALE-KIT: Syndicate
FINALE-KIT: Syndicate
WAVE: +2 (DRONE,GRUNT) [rich]
WAVE: +2 (GRUNT,GRUNT) [rich]
WAVE: +2 (DRONE,SPOTTER) [rich]
FINALE-KIT: Syndicate
WAVE: +2 (SPOTTER,SAPPER) [rich]
WAVE: +2 (DRONE,GRUNT) [rich]
WAVE: +2 (SAPPER,SPOTTER) [rich]
FINALE-KIT: Syndicate
WAVE: +2 (MORTAR,MORTAR) [rich]
WAVE: +2 (GRUNT,SCREENER) [rich]
WAVE: +2 (MORTAR,SCOUT) [rich]
WAVE: +2 (PIKEMAN,SNIPER) [rich]
WAVE: +2 (SNIPER,GRUNT) [rich]
WAVE: +3 (WARBRINGER,STRIKER,MEDIC) [rich]
WAVE: +3 (BERSERKER,STRIKER,SNIPER) [rich]
WAVE: +3 (MORTAR,STRIKER,LANCER) [rich]
match 5/20  (W:2 L:3 cap:0)  4.7s
FINALE-KIT: Syndicate
WAVE: +2 (MORTAR,MORTAR) [rich]
WAVE: +2 (SCREENER,SNIPER) [rich]
WAVE: +1 (SCREENER) [rich]
WAVE: +3 (STRIKER,MEDIC,PIKEMAN) [rich]
WAVE: +3 (SNIPER,HOUND,PIKEMAN) [rich]
WAVE: +1 (STRIKER) [rich]
WAVE: +3 (SNIPER,MEDIC,MORTAR) [rich]
WAVE: +3 (WARBRINGER,DRONE,BERSERKER) [rich]
FINALE-KIT: Legion
FINALE-KIT: Legion
FINALE-KIT: Legion
FINALE-KIT: Legion
match 10/20  (W:2 L:8 cap:0)  6.1s
FINALE-KIT: Legion
REINFORCEMENTS: +2 (SCOUT,GRUNT)
FINALE-KIT: Legion
FINALE-KIT: Legion
WAVE: +3 (PIKEMAN,GRUNT,SNIPER) [rich]
WAVE: +1 (PIKEMAN) [rich]
FINALE-KIT: Legion
WAVE: +3 (MEDIC,SCREENER,SNIPER) [rich]
WAVE: +3 (SCOUT,MORTAR,SCOUT) [rich]
FINALE-KIT: Wardens
WAVE: +2 (PIKEMAN,SNIPER) [rich]
WAVE: +1 (SCOUT) [rich]
match 15/20  (W:3 L:12 cap:0)  8.0s
FINALE-KIT: Wardens
WAVE: +2 (MEDIC,SNIPER) [rich]
WAVE: +1 (CUSTODIAN) [rich]
WAVE: +1 (SNIPER) [rich]
FINALE-KIT: Wardens
WAVE: +3 (MORTAR,SHIELD,SCREENER) [rich]
WAVE: +3 (DRONE,SAPPER,MORTAR) [rich]
WAVE: +3 (HOUND,SPOTTER,MEDIC) [rich]
FINALE-KIT: Wardens
FINALE-KIT: Wardens
WAVE: +3 (SPOTTER,DRONE,SPOTTER) [rich]
WAVE: +3 (SPOTTER,SHIELD,SAPPER) [rich]
WAVE: +3 (SCREENER,SHIELD,SHIELD) [rich]
REINFORCEMENTS: +2 (GRUNT,SCOUT)
REINFORCEMENTS: +2 (GRUNT,GRUNT)
FINALE-KIT: Wardens
WAVE: +3 (DRONE,SAPPER,SHIELD) [rich]
WAVE: +3 (SHIELD,SCREENER,DRONE) [rich]
WAVE: +3 (SCREENER,SCREENER,SHIELD) [rich]
match 20/20  (W:3 L:17 cap:0)  9.3s

══════════════════════ SIGHTLINE BALANCE REPORT ══════════════════════
runs=20  missions=71

RUN OUTCOMES (campaign):  win-rate   15%   avg missions cleared 3.6

POLICY GAP (optimal vs human-error; campaign runs only):
  greedy win-rate   30%  (n=10)
  sloppy win-rate    0%  (n=10)
  GAP   30 pts  (swingy/unforgiving)
  PAIRED (same-seed slots): pairs=10  concordant=7  discordant greedy-only-won=3 / sloppy-only-won=0  paired gap   30 pts
  PER-SLOT RECORDS (greedy | sloppy: outcome + missions cleared; margin = g−s):
    slot  90 @h6: L 5 | L 0   margin +5
    slot  91 @h6: W 6 | L 4   margin +2
    slot  92 @h6: W 6 | L 4   margin +2
    slot  93 @h6: L 1 | L 3   margin -2
    slot  94 @h6: L 2 | L 2   margin +0
    slot  95 @h6: W 6 | L 1   margin +5
    slot  96 @h6: L 4 | L 4   margin +0
    slot  97 @h6: L 4 | L 4   margin +0
    slot  98 @h6: L 4 | L 2   margin +2
    slot  99 @h6: L 5 | L 4   margin +1
  PAIRED MARGIN (missions cleared, all pairs): +1.50 ±0.70 SE  (n=10 pairs)
  by objective (greedy / sloppy / gap):
    Decapitate :   67% /    0% / gap   67
    Defend     :  100% /   83% / gap   17
    Eliminate  :   85% /   69% / gap   15
    Escort     :   50% /   33% / gap   17
    Evac       :  100% /  100% / gap    0
    Hack       :  100% /   33% / gap   67
    Rescue     :   75% /  100% / gap  -25
    Sabotage   :  100% /  100% / gap    0

DECISION RICHNESS / SWING:
  meaningful-choices/turn 2.65   lead-swings/match 0.9   avg max-swing 58.2
  [shot-gate] acting-soldiers/turn 3.27   armed-soldiers/turn 1.28   armed-fraction 39%   turns-with-a-shot 56%   choices/ARMED-soldier-turn 2.08
  [choice-split] los-targets/ARMED 2.28   target-choices/ARMED 0.27   position-choices/ARMED 1.80

RUN COMPLETION BY HEAT (full-campaign clears):
  heat 6:   15% ±8  (n=20 runs, avg 3.6 missions)
  HEAT LEAK: pinned=yes  heat-raising picks=2  campaigns raised=0  missions off-rung=0/71

INTEL ECONOMY BY HEAT (campaign runs; heat-bonus = the Heat.IntelBonus share of income):
  heat 6: earned  207.2/run   heat-bonus  91.8 (  44% of income)   spent  191.5   unspent   15.7

MISSION WIN-RATE BY HEAT:
  heat 6:   76%  (n=71, avg 5.4 turns)

MISSION WIN-RATE BY OBJECTIVE:
  Eliminate  :   77% ±8  (n=26, avg 4.3 turns)
  Defend     :   93% ±7  (n=14, avg 8.8 turns)
  Decapitate :   57% ±19  (n=7, avg 5.4 turns)
  Escort     :   43% ±19  (n=7, avg 5.7 turns)
  Hack       :   67% ±19  (n=6, avg 4.0 turns)
  Rescue     :   80% ±18  (n=5, avg 4.2 turns)
  Evac       :  100% ±0  (n=4, avg 4.3 turns)
  Sabotage   :  100% ±0  (n=2, avg 4.0 turns)

MISSION WIN-RATE BY OBJECTIVE x NODE KIND (a capstone must never pool with a mid-run node):
  Eliminate  : Start:  95%(n=20)  Supply:  25%(n=4)  Combat:   0%(n=2)
               depth: m1:95%(20) m3:0%(2) m5:25%(4)
  Defend     : Combat: 100%(n=7)  Elite: 100%(n=4)  Supply:  67%(n=3)
               depth: m2:100%(2) m3:100%(4) m4:100%(5) m5:67%(3)
  Decapitate : Boss:  60%(n=5)  Combat:  50%(n=2)
               depth: m2:50%(2) m6:60%(5)
  Escort     : Elite:  50%(n=4)  Combat:  33%(n=3)
               depth: m4:67%(3) m5:25%(4)
  Hack       : Combat: 100%(n=2)  Elite:  50%(n=2)  Supply:  50%(n=2)
               depth: m3:50%(2) m4:100%(2) m5:50%(2)
  Rescue     : Elite:  50%(n=2)  Combat: 100%(n=2)  Supply: 100%(n=1)
               depth: m2:67%(3) m3:100%(1) m4:100%(1)
  Evac       : Combat: 100%(n=2)  Elite: 100%(n=2)
               depth: m3:100%(1) m4:100%(3)
  Sabotage   : Supply: 100%(n=2)
               depth: m3:100%(2)

ENCOUNTER COMPLETION on MID-RUN nodes (Combat+Elite) — clear% is the share of the fight actually fought:
  objective     n   win%   turns   force    +rf  killed  clear%   prs  WONclear%
  Defend        11  100%     9.0    7.55   5.55    2.73    20.8  0.00     20.8 (n=11)
  Escort         7   43%     5.7   10.86   0.00    4.14    38.2  0.00     36.4 (n=3)
  Evac           4  100%     4.3   10.25   0.00    0.50     4.9  0.00      4.9 (n=4)
  Rescue         4   75%     4.3    8.75   0.00    3.75    42.9  0.00     44.4 (n=3)
  Hack           4   75%     3.8   10.50   0.00    1.00     9.5  0.00     12.9 (n=3)
  Eliminate      2    0%     6.0    9.00   0.00    2.50    27.8  1.00      0.0 (n=0)
  Decapitate     2   50%     4.5    6.00   0.00    2.50    41.7  0.50     50.0 (n=1)
  ---- the two classes ----
  KILL           4   25%     5.3    7.50   0.00    2.50    33.3  0.75     50.0 (n=1)
  NON-KILL      30   80%     6.3    9.23   2.03    2.67    23.7  0.00     21.7 (n=24)

DECAPITATE HVT (buff = +6+1*mission HP, +6 aim; ELITE exempt):
  EXEMPT  :   60% ±22  (n=5, avg 5.8 turns, HVT 21.8 max HP)  [m6:60%(5)]
  BUFFED  :   50% ±35  (n=2, avg 4.5 turns, HVT 18.5 max HP)  [m2:50%(2)]

MISSION WIN-RATE BY MISSION #:
  m1:   95% ±5  (n=20)
  m2:   71% ±17  (n=7)
  m3:   75% ±13  (n=12)
  m4:   93% ±7  (n=14)
  m5:   38% ±13  (n=13)
  m6:   60% ±22  (n=5)

LOSS CAUSES (missions):
  RUN OVER              : 12
  VIP LOST              : 4
  CAPTIVE LOST          : 1

MISSION WIN-RATE BY ARENA (authored layouts, n>=3; procedural fallback   21% of 71 missions):
  arena  5:   29% ±17  (n=7, avg 5.1 turns)  [m3:25%(4) m4:100%(1) m5:0%(2)]
  arena  7:  100% ±0  (n=4, avg 3.3 turns)  [m1:100%(2) m4:100%(2)]
  arena 10:   50% ±25  (n=4, avg 4.8 turns)  [m2:50%(2) m5:50%(2)]
  arena 12:  100% ±0  (n=3, avg 5.3 turns)  [m4:100%(2) m5:100%(1)]
  arena 14:  100% ±0  (n=3, avg 7.7 turns)  [m2:100%(2) m4:100%(1)]
  arena 15:  100% ±0  (n=3, avg 3.7 turns)  [m1:100%(2) m3:100%(1)]
  arena 25:  100% ±0  (n=3, avg 3.0 turns)  [m1:100%(2) m3:100%(1)]
  arena 30:  100% ±0  (n=4, avg 3.5 turns)  [m1:100%(4)]
  arena 31:  100% ±0  (n=3, avg 2.7 turns)  [m1:100%(2) m6:100%(1)]
  arena 33:   75% ±22  (n=4, avg 8.3 turns)  [m4:100%(2) m5:50%(2)]
  procedural:   80% ±10  (n=15, avg 5.8 turns)  [m1:100%(2) m2:67%(3) m3:100%(3) m4:100%(3) m5:0%(2) m6:100%(2)]

DEPLOYMENT GEOMETRY (opening shape; choices/ARMED is the wave's real gate):
  FRONTAL   :   87%  (n=30, avg 5.4 turns)  choices/turn 2.21  choices/ARMED 1.94  los-targets/ARMED 2.25
  PINCER    :   71% ±10  (n=21, avg 5.1 turns)  choices/turn 2.81  choices/ARMED 2.09  los-targets/ARMED 2.31
  CROSSFIRE :   80% ±18  (n=5, avg 6.2 turns)  choices/turn 1.39  choices/ARMED 2.44  los-targets/ARMED 2.56
  ENVELOP   :   60% ±13  (n=15, avg 5.5 turns)  choices/turn 3.79  choices/ARMED 2.20  los-targets/ARMED 2.24

ARENA FUNNEL (Mission.Build exits, n=83 builds, all modes):
  authored-applied    :  78.3%  (n=65)
  connectivity-reject :   0.0%  (n=0)
  procedural-roll     :  21.7%  (n=18)

DECK EXPOSURE (campaign runs n=20):
  distinct authored arenas/run : 2.80 mean (all runs)
  ... full-depth runs only     : 3.67 mean over 5.7 fights/run (n=3)
  Defend dealt on the route    :   60% of runs (n=12)

ENEMY DECISION MIX (contested acts=1087; all-downed acts not counted=396):
  shoot           727    67%
  hunker          134    12%
  move             84     8%
  grenade          48     4%
  heal             32     3%
  siege            24     2%
  reload           18     2%
  brace             9     1%
  item              8     1%
  staleplan         3     0%

  the shot on the table (acts where the chosen tile HAD a shot = 795):
    hit% band     taken   share   E[dmg]/shot   declined   share   E[dmg]/shot
      0-19           0      0%          0.00          0      0%          0.00
     20-39          17      2%          1.14          0      0%          0.00
     40-59         126     17%          1.66          0      0%          0.00
     60-79         294     40%          2.61          0      0%          0.00
      80+          290     40%          4.18          0      0%          0.00
    TOTAL           727                              0
  taken   91% / DECLINED    0% / preempted by another verb    9%
  enemy lanes held (overwatch+brace) 9; reaction shots fired 2  ->   22% of lanes paid off   [C2: DeclineWatchRatio is a bet on this number]

ACTION MIX (verbs issued, by policy):
  verb                  greedy        sloppy
  MOVE               477   33%     311   32%
  SHOOT              425   29%     299   31%
  OVERWATCH          115    8%      55    6%
  BRACE               76    5%      25    3%
  FOCUS               45    3%      43    4%
  STABILIZE           42    3%      37    4%
  SLIPSTREAM          39    3%      30    3%
  INTEL               38    3%      31    3%
  RELOAD              40    3%      29    3%
  HUNKER              44    3%      23    2%
  ITEM:SMOKE          22    2%      11    1%
  MARK                20    1%      12    1%
  PIN                 20    1%      11    1%
  DRAG                17    1%       8    1%
  PATCH               12    1%       3    0%
  GRENADE              2    0%      10    1%
  BEACON               7    0%       4    0%
  GRAPPLE              5    0%       6    1%
  REARM                5    0%       5    1%
  HACK                 6    0%       3    0%
  PLANT                3    0%       4    0%
  BARREL               1    0%       0    0%
  EXTRACT              1    0%       0    0%

PLAYER CLASS PERFORMANCE:
  class        shots   hit%   dmg   kills
  SHARPSHOOTER    225    89%   1645     94
  GUNNER         180    83%    793     49
  RANGER         106    83%    583     44
  ASSAULT        146    77%    569     25
  CORPSMAN        72    79%    219      7
  VIP              4    50%      9      0

SOLDIER DEATHS BY ENEMY CLASS (threat ranking):
  SNIPER     : 15
  ELITE      : 12
  GRUNT      : 11
  STRIKE     : 10
  SCREENER   : 7
  DRONE      : 6
  LANCER     : 6
  BERSERKER  : 6
  MORTAR     : 4
  TURRET     : 4
  HUNTER     : 4
  SHIELD     : 4
  HOUND      : 4
  WARBRINGER : 3
  BURN       : 2
  SPOTTER    : 2
  SLAM       : 2
  SCOUT      : 2
  SAPPER     : 1
  CUSTODIAN  : 1
  BRUISER    : 1
  MEDIC      : 1

SOLDIER DOWNS (FUL-7 bleed-out): 218 downs -> revived 7 / recovered 46 / bled out 135 / finished 22  (save-rate   28%)
  corpsman fielded in 28 missions

ENEMY COMPOSITION (spawns; faction-stamped fights n=495 / default-cascade fights n=255):
  class        faction         default
  SCOUT           34    7%       52   20%
  GRUNT           43    9%       38   15%
  SNIPER          40    8%       15    6%
  DRONE           45    9%        9    4%
  SCREENER        47    9%        3    1%
  SHIELD          31    6%       13    5%
  ELITE           27    5%       15    6%
  MORTAR          31    6%        9    4%
  MEDIC           31    6%        8    3%
  SAPPER          23    5%       13    5%
  TURRET          21    4%       10    4%
  HUNTER          15    3%       13    5%
  STRIKER          9    2%       16    6%
  SPOTTER         22    4%        1    0%
  CUSTODIAN       22    4%        0    0%
  HOUND           11    2%       10    4%
  BERSERKER        6    1%       13    5%
  PIKEMAN         14    3%        4    2%
  LANCER           6    1%        8    3%
  BOMBARD          8    2%        1    0%
  WARBRINGER       3    1%        4    2%
  BRUISER          6    1%        0    0%

PERK PICK FREQUENCY:
  LCK           : 20
  GUN           : 14
  SKR           : 11
  MOM           : 11
  CQB           : 9
  VNT           : 9
  GRD           : 8
  CLH           : 8
  RFX           : 7
  FST           : 7
  TNK           : 7
  MRK           : 7
  OUT           : 7
  EXC           : 7
  PLT           : 5
  HRD           : 5
  BRK           : 5
  BND           : 4
  SGE           : 4

SHOP PURCHASE FREQUENCY:
  FIELD MEDKIT      : 71
  WPN: HOLLOW POINT : 61
  WPN: SCOPE        : 48
  WPN: STABILIZER   : 36
  BALLISTIC PLATING : 32
  COMBAT STIMS      : 31
  FRAG CACHE        : 21
  WPN: BIPOD        : 19
  WPN: EXTENDED MAG : 13
  ADV. TRAINING     : 12
  COUNTER-PREP      : 11
  ARMORY            : 10
  WPN: SUPPRESSOR   : 5

BOON PICK FREQUENCY (PROCS = effect fires at instrumented sites; '-' = not instrumented;
                      PYR counts the +2-turn-burn half only — the Burning-immunity half is uninstrumented):
  code                 picks   PROCS
  SCV               :     6       -
  GRN               :     5       -
  PYR               :     5       0
  FRT               :     4       -
  FST               :     4      52
  MRK               :     4       -
  RCL               :     4       3
  FVR               :     3       -
  RPD               :     3       -
  SHK               :     3       7
  EXE               :     2       -
  FDR               :     2       2
  GHO               :     2       -
  TRR               :     2      10
  VNM               :     2       -

RUN WIN-RATE BY BOON (campaign runs holding it):
  SCV               :    0% ±0  (in 6 runs)
  GRN               :   20% ±18  (in 5 runs)
  PYR               :   40% ±22  (in 5 runs)
  FRT               :   25% ±22  (in 4 runs)
  FST               :   75% ±22  (in 4 runs)
  MRK               :   25% ±22  (in 4 runs)
  RCL               :   50% ±25  (in 4 runs)
  FVR               :    0% ±0  (in 3 runs)
  RPD               :    0% ±0  (in 3 runs)
  SHK               :   33% ±27  (in 3 runs)
  EXE               :   50% ±35  (in 2 runs)
  FDR               :   50% ±35  (in 2 runs)
  GHO               :    0% ±0  (in 2 runs)
  TRR               :   50% ±35  (in 2 runs)
  VNM               :    0% ±0  (in 2 runs)

RUN WIN-RATE BY SPEC (campaign runs fielding it):
  SNT               :   40% ±22  (in 5 runs)
  PTH               :    0% ±0  (in 4 runs)
  ANC               :   67% ±27  (in 3 runs)
  HHT               :   33% ±27  (in 3 runs)
  ADN               :   50% ±35  (in 2 runs)
  JUG               :   50% ±35  (in 2 runs)

RUN WIN-RATE BY PERK (campaign runs holding it):
  LCK               :   21% ±11  (in 14 runs)
  GUN               :   30% ±14  (in 10 runs)
  VNT               :   22% ±14  (in 9 runs)
  SKR               :   13% ±12  (in 8 runs)
  CLH               :   29% ±17  (in 7 runs)
  EXC               :   14% ±13  (in 7 runs)
  MOM               :   14% ±13  (in 7 runs)
  OUT               :   14% ±13  (in 7 runs)
  RFX               :   43% ±19  (in 7 runs)
  TNK               :   29% ±17  (in 7 runs)
  CQB               :   17% ±15  (in 6 runs)
  FST               :   50% ±20  (in 6 runs)
  GRD               :   20% ±18  (in 5 runs)
  HRD               :   20% ±18  (in 5 runs)
  MRK               :   40% ±22  (in 5 runs)
  PLT               :    0% ±0  (in 5 runs)
  SGE               :    0% ±0  (in 4 runs)
  BND               :   67% ±27  (in 3 runs)
  BRK               :   33% ±27  (in 3 runs)

RUN WIN-RATE BY PURCHASE (campaign runs buying it):
  FIELD MEDKIT      :   17% ±9  (in 18 runs)
  BALLISTIC PLATING :   15% ±10  (in 13 runs)
  FRAG CACHE        :   23% ±12  (in 13 runs)
  WPN: SCOPE        :   23% ±12  (in 13 runs)
  WPN: HOLLOW POINT :   25% ±13  (in 12 runs)
  WPN: STABILIZER   :   25% ±13  (in 12 runs)
  WPN: BIPOD        :    9% ±9  (in 11 runs)
  ARMORY            :   20% ±13  (in 10 runs)
  COMBAT STIMS      :   30% ±14  (in 10 runs)
  ADV. TRAINING     :   25% ±15  (in 8 runs)
  COUNTER-PREP      :   38% ±17  (in 8 runs)
  WPN: EXTENDED MAG :   29% ±17  (in 7 runs)
  WPN: SUPPRESSOR   :   50% ±25  (in 4 runs)

RUN WIN-RATE BY EVENT-CHOICE (campaign runs taking id:arm):
  depot:0           :    0% ±0  (in 4 runs)
  defector:0        :    0% ±0  (in 2 runs)
  depot:1           :    0% ±0  (in 2 runs)
  profiteer:0       :    0% ±0  (in 2 runs)
  quartermaster:1   :   50% ±35  (in 2 runs)
  relic:0           :    0% ±0  (in 2 runs)
  warchest:1        :    0% ±0  (in 2 runs)
  profiteer:1       :    0% ±0  (in 1 runs)
═══════════════════════════════════════════════════════════════════════

batch wall-time: 9.3s  (20 matches across 10 campaigns × 2 policy, frame-cap hits: 0)
aggregate JSON -> /home/user/wt/heat-pin/docs/measurements/l5/L5fac-m3a0b0-h6-b90.json
INFO: TEXTURE: [ID 2] Unloaded texture data from VRAM (GPU)
INFO: SHADER: [ID 3] Default shader unloaded successfully
INFO: TEXTURE: [ID 1] Default texture unloaded successfully
INFO: Window closed successfully
