BALANCE: heat PINNED for this batch (field-event AddHeat is a no-op; SIGHTLINE_HEATPIN=0 restores the leak)
INFO: Initializing raylib 6.0
INFO: Platform backend: DESKTOP (GLFW)
INFO: Supported raylib modules:
INFO:     > rcore:..... loaded (mandatory)
INFO:     > rlgl:...... loaded (mandatory)
INFO:     > rshapes:... loaded (optional)
INFO:     > rtextures:. loaded (optional)
INFO:     > rtext:..... loaded (optional)
INFO:     > rmodels:... loaded (optional)
INFO:     > raudio:.... loaded (optional)
INFO: DISPLAY: Trying to enable MSAA x4
INFO: DISPLAY: Device initialized successfully 
INFO:     > Display size: 1280 x 800
INFO:     > Screen size:  1280 x 800
INFO:     > Render size:  1280 x 800
INFO:     > Viewport offsets: 0, 0
INFO: GLAD: OpenGL extensions loaded successfully
INFO: GL: Supported extensions count: 229
INFO: GL: OpenGL device information:
INFO:     > Vendor:   Mesa
INFO:     > Renderer: llvmpipe (LLVM 20.1.2, 256 bits)
INFO:     > Version:  4.5 (Core Profile) Mesa 25.2.8-0ubuntu0.24.04.2
INFO:     > GLSL:     4.50
INFO: GL: VAO extension detected, VAO functions loaded successfully
INFO: GL: NPOT textures extension detected, full NPOT textures supported
INFO: GL: DXT compressed textures supported
INFO: GL: ETC2/EAC compressed textures supported
INFO: PLATFORM: DESKTOP (GLFW - X11): Initialized successfully
INFO: TEXTURE: [ID 1] Texture loaded successfully (1x1 | R8G8B8A8 | 1 mipmaps)
INFO: TEXTURE: [ID 1] Default texture loaded successfully
INFO: SHADER: [ID 1] Vertex shader compiled successfully
INFO: SHADER: [ID 2] Fragment shader compiled successfully
INFO: SHADER: [ID 3] Program shader loaded successfully
INFO: SHADER: [ID 3] Default shader loaded successfully
INFO: RLGL: Render batch vertex buffers loaded successfully in RAM (CPU)
INFO: RLGL: Render batch vertex buffers loaded successfully in VRAM (GPU)
INFO: RLGL: Default OpenGL state initialized successfully
INFO: TEXTURE: [ID 2] Texture loaded successfully (128x128 | GRAY_ALPHA | 1 mipmaps)
INFO: FONT: Default font loaded successfully (224 glyphs)
INFO: SYSTEM: Working Directory: /home/user/wt/heat-pin
INFO: TIMER: Target time per frame: 0.000 milliseconds
FINALE-KIT: Wardens
FINALE-KIT: Wardens
FINALE-KIT: Wardens
WAVE: +3 (SPOTTER,SAPPER,DRONE) [rich]
WAVE: +3 (SAPPER,SCREENER,SHIELD) [rich]
WAVE: +2 (CUSTODIAN,SHIELD) [rich]
FINALE-KIT: Wardens
FINALE-KIT: Syndicate
match 5/20  (W:0 L:5 cap:0)  3.7s
FINALE-KIT: Syndicate
FINALE-KIT: Syndicate
WAVE: +2 (GRUNT,SPOTTER) [rich]
WAVE: +2 (SPOTTER,SHIELD) [rich]
WAVE: +2 (DRONE,SPOTTER) [rich]
REINFORCEMENTS: +2 (SCOUT,GRUNT)
REINFORCEMENTS: +2 (SCOUT,GRUNT)
FINALE-KIT: Syndicate
WAVE: +2 (SAPPER,GRUNT) [rich]
WAVE: +2 (GRUNT,DRONE) [rich]
WAVE: +2 (GRUNT,SPOTTER) [rich]
FINALE-KIT: Syndicate
WAVE: +3 (SHIELD,SPOTTER,GRUNT) [rich]
WAVE: +3 (GRUNT,DRONE,LANCER) [rich]
WAVE: +3 (BERSERKER,DRONE,GRUNT) [rich]
FINALE-KIT: Syndicate
match 10/20  (W:2 L:8 cap:0)  5.4s
FINALE-KIT: Syndicate
REINFORCEMENTS: +2 (GRUNT,SCOUT)
FINALE-KIT: Syndicate
FINALE-KIT: Wardens
WAVE: +2 (SNIPER,SCREENER) [rich]
WAVE: +2 (PIKEMAN,PIKEMAN) [rich]
WAVE: +1 (PIKEMAN) [rich]
FINALE-KIT: Wardens
FINALE-KIT: Wardens
WAVE: +2 (SNIPER,SNIPER) [rich]
WAVE: +2 (MEDIC,SNIPER) [rich]
WAVE: +2 (MORTAR,SNIPER) [rich]
match 15/20  (W:3 L:12 cap:0)  6.9s
FINALE-KIT: Wardens
WAVE: +2 (SNIPER,SNIPER) [rich]
WAVE: +2 (MEDIC,SNIPER) [rich]
WAVE: +2 (MORTAR,SNIPER) [rich]
FINALE-KIT: Legion
WAVE: +2 (SAPPER,DRONE) [rich]
WAVE: +2 (SPOTTER,DRONE) [rich]
WAVE: +2 (DRONE,SHIELD) [rich]
FINALE-KIT: Legion
WAVE: +2 (SAPPER,DRONE) [rich]
WAVE: +2 (SHIELD,DRONE) [rich]
WAVE: +2 (DRONE,GRUNT) [rich]
FINALE-KIT: Wardens
REINFORCEMENTS: +2 (SCOUT,SCOUT)
FINALE-KIT: Wardens
REINFORCEMENTS: +2 (SCOUT,GRUNT)
REINFORCEMENTS: +2 (GRUNT,GRUNT)
REINFORCEMENTS: +2 (SCOUT,GRUNT)
REINFORCEMENTS: +2 (SCOUT,GRUNT)
REINFORCEMENTS: +3 (GRUNT,SCOUT,SCOUT)
match 20/20  (W:4 L:16 cap:0)  8.2s

══════════════════════ SIGHTLINE BALANCE REPORT ══════════════════════
runs=20  missions=68

RUN OUTCOMES (campaign):  win-rate   20%   avg missions cleared 3.4

POLICY GAP (optimal vs human-error; campaign runs only):
  greedy win-rate   20%  (n=10)
  sloppy win-rate   20%  (n=10)
  GAP    0 pts  (healthy slack)
  PAIRED (same-seed slots): pairs=10  concordant=6  discordant greedy-only-won=2 / sloppy-only-won=2  paired gap    0 pts
  PER-SLOT RECORDS (greedy | sloppy: outcome + missions cleared; margin = g−s):
    slot 110 @h6: L 1 | L 1   margin +0
    slot 111 @h6: L 4 | L 2   margin +2
    slot 112 @h6: L 3 | W 6   margin -3
    slot 113 @h6: L 5 | L 4   margin +1
    slot 114 @h6: W 6 | L 2   margin +4
    slot 115 @h6: L 2 | L 2   margin +0
    slot 116 @h6: W 6 | L 1   margin +5
    slot 117 @h6: L 2 | L 2   margin +0
    slot 118 @h6: L 3 | W 6   margin -3
    slot 119 @h6: L 5 | L 5   margin +0
  PAIRED MARGIN (missions cleared, all pairs): +0.60 ±0.82 SE  (n=10 pairs)
  by objective (greedy / sloppy / gap):
    Decapitate :   63% /   43% / gap   20
    Defend     :  100% /  100% / gap    0
    Eliminate  :   80% /   79% / gap    1
    Evac       :    0% /  100% / gap -100
    Rescue     :   83% /   83% / gap    0

DECISION RICHNESS / SWING:
  meaningful-choices/turn 2.02   lead-swings/match 0.9   avg max-swing 58.4
  [shot-gate] acting-soldiers/turn 2.79   armed-soldiers/turn 1.01   armed-fraction 36%   turns-with-a-shot 47%   choices/ARMED-soldier-turn 2.00
  [choice-split] los-targets/ARMED 2.18   target-choices/ARMED 0.25   position-choices/ARMED 1.75

RUN COMPLETION BY HEAT (full-campaign clears):
  heat 6:   20% ±9  (n=20 runs, avg 3.4 missions)
  HEAT LEAK: pinned=yes  heat-raising picks=3  campaigns raised=0  missions off-rung=0/68
  STALEMATES: mission-cap 1  run-cap 0   [slot 117 g m3 Eliminate mis rt=70]

INTEL ECONOMY BY HEAT (campaign runs; heat-bonus = the Heat.IntelBonus share of income):
  heat 6: earned  193.0/run   heat-bonus  86.4 (  45% of income)   spent  172.9   unspent   20.1

MISSION WIN-RATE BY HEAT:
  heat 6:   76%  (n=68, avg 6.3 turns)

MISSION WIN-RATE BY OBJECTIVE:
  Eliminate  :   79% ±8  (n=29, avg 6.5 turns)
  Decapitate :   53% ±13  (n=15, avg 5.3 turns)
  Rescue     :   83% ±11  (n=12, avg 4.5 turns)
  Defend     :  100% ±0  (n=9, avg 9.0 turns)
  Evac       :   50% ±35  (n=2, avg 7.5 turns)
  Escort     :  100% ±0  (n=1, avg 11.0 turns)

MISSION WIN-RATE BY OBJECTIVE x NODE KIND (a capstone must never pool with a mid-run node):
  Eliminate  : Start: 100%(n=20)  Combat:   0%(n=4)  Supply:  67%(n=3)  Elite:  50%(n=2)
               depth: m1:100%(20) m2:25%(4) m3:0%(2) m4:100%(2) m5:0%(1)
  Decapitate : Boss:  57%(n=7)  Combat:  75%(n=4)  Supply:  50%(n=2)  Elite:   0%(n=2)
               depth: m3:50%(6) m5:50%(2) m6:57%(7)
  Rescue     : Combat:  82%(n=11)  Elite: 100%(n=1)
               depth: m2:100%(4) m3:50%(2) m4:67%(3) m5:100%(3)
  Defend     : Combat: 100%(n=6)  Elite: 100%(n=2)  Supply: 100%(n=1)
               depth: m2:100%(4) m3:100%(3) m4:100%(1) m5:100%(1)
  Evac       : Supply:  50%(n=2)
               depth: m4:50%(2)
  Escort     : Elite: 100%(n=1)
               depth: m5:100%(1)

ENCOUNTER COMPLETION on MID-RUN nodes (Combat+Elite) — clear% is the share of the fight actually fought:
  objective     n   win%   turns   force    +rf  killed  clear%   prs  WONclear%
  Rescue        12   83%     4.5    8.75   0.00    2.67    30.5  0.00     31.4 (n=10)
  Defend         8  100%     9.0    5.63   6.13    2.38    20.2  0.00     20.2 (n=8)
  Eliminate      6   17%    17.3    7.67   0.00    4.00    52.2  3.00    100.0 (n=1)
  Decapitate     6   50%     3.5    9.67   0.00    1.17    12.1  0.00     25.9 (n=3)
  Escort         1  100%    11.0   11.00   0.00    8.00    72.7  0.00     72.7 (n=1)
  ---- the two classes ----
  KILL          12   33%    10.4    8.67   0.00    2.58    29.8  1.50     42.9 (n=4)
  NON-KILL      21   90%     6.5    7.67   2.33    2.81    28.1  0.00     28.3 (n=19)

DECAPITATE HVT (buff = +6+1*mission HP, +6 aim; ELITE exempt):
  EXEMPT  :   53% ±13  (n=15, avg 5.3 turns, HVT 23.1 max HP)  [m3:50%(6) m5:50%(2) m6:57%(7)]

MISSION WIN-RATE BY MISSION #:
  m1:  100% ±0  (n=20)
  m2:   75% ±13  (n=12)
  m3:   54% ±14  (n=13)
  m4:   75% ±15  (n=8)
  m5:   75% ±15  (n=8)
  m6:   57% ±19  (n=7)

LOSS CAUSES (missions):
  RUN OVER              : 13
  CAPTIVE LOST          : 2
  STALEMATE-MISSION     : 1

MISSION WIN-RATE BY ARENA (authored layouts, n>=3; procedural fallback   24% of 68 missions):
  arena  3:  100% ±0  (n=4, avg 4.3 turns)  [m1:100%(2) m2:100%(1) m3:100%(1)]
  arena  5:  100% ±0  (n=3, avg 4.0 turns)  [m1:100%(2) m2:100%(1)]
  arena 10:  100% ±0  (n=3, avg 3.0 turns)  [m1:100%(2) m2:100%(1)]
  arena 15:  100% ±0  (n=3, avg 8.7 turns)  [m3:100%(1) m5:100%(2)]
  arena 25:   67% ±27  (n=3, avg 3.3 turns)  [m3:50%(2) m4:100%(1)]
  arena 28:   67% ±19  (n=6, avg 5.8 turns)  [m1:100%(4) m6:0%(2)]
  arena 29:   33% ±27  (n=3, avg 6.3 turns)  [m3:0%(2) m5:100%(1)]
  arena 32:   83% ±15  (n=6, avg 3.7 turns)  [m1:100%(2) m3:100%(2) m4:50%(2)]
  procedural:   63% ±12  (n=16, avg 10.2 turns)  [m1:100%(4) m2:67%(6) m3:0%(2) m4:50%(2) m5:0%(1) m6:100%(1)]

DEPLOYMENT GEOMETRY (opening shape; choices/ARMED is the wave's real gate):
  FRONTAL   :   74%  (n=31, avg 7.2 turns)  choices/turn 1.87  choices/ARMED 2.42  los-targets/ARMED 2.22
  PINCER    :   75% ±13  (n=12, avg 5.8 turns)  choices/turn 1.35  choices/ARMED 1.24  los-targets/ARMED 2.11
  CROSSFIRE :   63% ±17  (n=8, avg 8.6 turns)  choices/turn 1.46  choices/ARMED 1.68  los-targets/ARMED 2.23
  ENVELOP   :   88% ±8  (n=17, avg 4.0 turns)  choices/turn 3.73  choices/ARMED 2.04  los-targets/ARMED 2.15

ARENA FUNNEL (Mission.Build exits, n=80 builds, all modes):
  authored-applied    :  75.0%  (n=60)
  connectivity-reject :   0.0%  (n=0)
  procedural-roll     :  25.0%  (n=20)

DECK EXPOSURE (campaign runs n=20):
  distinct authored arenas/run : 2.60 mean (all runs)
  ... full-depth runs only     : 4.25 mean over 4.8 fights/run (n=4)
  Defend dealt on the route    :   45% of runs (n=9)

ENEMY DECISION MIX (contested acts=1704; all-downed acts not counted=388):
  shoot           745    44%
  hunker          697    41%
  move             90     5%
  siege            37     2%
  grenade          36     2%
  reload           35     2%
  heal             25     1%
  brace            11     1%
  item              8     0%
  overwatch         7     0%
  staleplan         7     0%
  sap               5     0%
  shove             1     0%

  the shot on the table (acts where the chosen tile HAD a shot = 819):
    hit% band     taken   share   E[dmg]/shot   declined   share   E[dmg]/shot
      0-19           0      0%          0.00          1     13%          0.72
     20-39          24      3%          0.99          5     63%          1.13
     40-59          90     12%          1.72          2     25%          1.78
     60-79         288     39%          2.49          0      0%          0.00
      80+          343     46%          3.59          0      0%          0.00
    TOTAL           745                              8
  taken   91% / DECLINED    1% / preempted by another verb    8%
  enemy lanes held (overwatch+brace) 18; reaction shots fired 9  ->   50% of lanes paid off   [C2: DeclineWatchRatio is a bet on this number]

ACTION MIX (verbs issued, by policy):
  verb                  greedy        sloppy
  MOVE               538   38%     474   45%
  SHOOT              362   25%     279   26%
  OVERWATCH           96    7%      42    4%
  BRACE               91    6%      41    4%
  SLIPSTREAM          51    4%      24    2%
  INTEL               37    3%      31    3%
  STABILIZE           33    2%      34    3%
  RELOAD              44    3%      22    2%
  HUNKER              34    2%      27    3%
  FOCUS               43    3%      16    2%
  MARK                23    2%      13    1%
  PIN                 22    2%      11    1%
  ITEM:SMOKE          18    1%      11    1%
  DRAG                13    1%       4    0%
  GRENADE              5    0%       8    1%
  BEACON               7    0%       5    0%
  GRAPPLE              2    0%       9    1%
  REARM                6    0%       2    0%
  PATCH                3    0%       2    0%
  BARREL               2    0%       0    0%
  ITEM:BARRICADE       0    0%       1    0%
  EXTRACT              0    0%       1    0%

PLAYER CLASS PERFORMANCE:
  class        shots   hit%   dmg   kills
  GUNNER         236    86%   1137     68
  SHARPSHOOTER    161    92%   1072     66
  ASSAULT        148    84%    629     39
  RANGER          78    81%    457     35
  CORPSMAN        26    92%    105      5
  VIP              4     0%      0      0

SOLDIER DEATHS BY ENEMY CLASS (threat ranking):
  BURN       : 11
  STRIKE     : 10
  ELITE      : 8
  GRUNT      : 8
  SCOUT      : 6
  BRUISER    : 6
  SHIELD     : 5
  HOUND      : 5
  SAPPER     : 5
  LANCER     : 4
  HUNTER     : 4
  BERSERKER  : 4
  STRIKER    : 3
  MEDIC      : 3
  MORTAR     : 3
  SNIPER     : 3
  TURRET     : 2
  SPOTTER    : 1
  PIKEMAN    : 1
  WARBRINGER : 1
  DRONE      : 1

SOLDIER DOWNS (FUL-7 bleed-out): 202 downs -> revived 1 / recovered 51 / bled out 124 / finished 22  (save-rate   28%)
  corpsman fielded in 16 missions

ENEMY COMPOSITION (spawns; faction-stamped fights n=463 / default-cascade fights n=210):
  class        faction         default
  GRUNT           53   11%       35   17%
  SCOUT           26    6%       52   25%
  DRONE           37    8%       15    7%
  BERSERKER       32    7%        7    3%
  SNIPER          34    7%        5    2%
  ELITE           31    7%        6    3%
  BRUISER         32    7%        3    1%
  TURRET          13    3%       19    9%
  HOUND           21    5%       10    5%
  SHIELD          24    5%        6    3%
  LANCER          21    5%        8    4%
  MEDIC           15    3%       12    6%
  HUNTER          22    5%        2    1%
  SPOTTER         16    3%        8    4%
  SAPPER          16    3%        5    2%
  STRIKER         11    2%       10    5%
  PIKEMAN         17    4%        3    1%
  SCREENER        16    3%        2    1%
  MORTAR          13    3%        0    0%
  BOMBARD          4    1%        2    1%
  WARBRINGER       5    1%        0    0%
  CUSTODIAN        4    1%        0    0%

PERK PICK FREQUENCY:
  MOM           : 17
  GRD           : 13
  BND           : 13
  LCK           : 12
  PLT           : 9
  GUN           : 9
  SKR           : 9
  TNK           : 8
  CLH           : 8
  RFX           : 8
  SGE           : 7
  FST           : 7
  CQB           : 6
  EXC           : 6
  VNT           : 6
  BRK           : 5
  HRD           : 4
  OUT           : 3
  MRK           : 3

SHOP PURCHASE FREQUENCY:
  FIELD MEDKIT      : 71
  WPN: SCOPE        : 48
  WPN: STABILIZER   : 39
  WPN: HOLLOW POINT : 35
  ADV. TRAINING     : 26
  COMBAT STIMS      : 18
  COUNTER-PREP      : 18
  FRAG CACHE        : 16
  BALLISTIC PLATING : 15
  WPN: EXTENDED MAG : 13
  WPN: SUPPRESSOR   : 10
  ARMORY            : 8
  WPN: BIPOD        : 7

BOON PICK FREQUENCY (PROCS = effect fires at instrumented sites; '-' = not instrumented;
                      PYR counts the +2-turn-burn half only — the Burning-immunity half is uninstrumented):
  code                 picks   PROCS
  VNM               :     7       -
  FST               :     6     106
  FDR               :     5      10
  FVR               :     4       -
  ADR               :     3       -
  GRN               :     3       -
  PYR               :     3       0
  RCL               :     3       0
  SHK               :     3       0
  EXE               :     2       -
  MRK               :     2       -
  RPD               :     2       -
  TRR               :     2       1
  FRT               :     1       -
  GHO               :     1       -
  SCV               :     1       -

RUN WIN-RATE BY BOON (campaign runs holding it):
  VNM               :   29% ±17  (in 7 runs)
  FST               :   50% ±20  (in 6 runs)
  FDR               :   40% ±22  (in 5 runs)
  FVR               :   25% ±22  (in 4 runs)
  ADR               :   33% ±27  (in 3 runs)
  GRN               :    0% ±0  (in 3 runs)
  PYR               :   33% ±27  (in 3 runs)
  RCL               :    0% ±0  (in 3 runs)
  SHK               :   67% ±27  (in 3 runs)
  EXE               :   50% ±35  (in 2 runs)
  MRK               :   50% ±35  (in 2 runs)
  RPD               :    0% ±0  (in 2 runs)
  TRR               :    0% ±0  (in 2 runs)
  FRT               :    0% ±0  (in 1 runs)
  GHO               :  100% ±0  (in 1 runs)
  SCV               :    0% ±0  (in 1 runs)

RUN WIN-RATE BY SPEC (campaign runs fielding it):
  SNT               :   17% ±15  (in 6 runs)
  ADN               :   20% ±18  (in 5 runs)
  HHT               :   25% ±22  (in 4 runs)
  ANC               :   33% ±27  (in 3 runs)
  PTH               :   67% ±27  (in 3 runs)
  BRC               :    0% ±0  (in 1 runs)
  JUG               :  100% ±0  (in 1 runs)
  PHN               :  100% ±0  (in 1 runs)
  SRG               :    0% ±0  (in 1 runs)

RUN WIN-RATE BY PERK (campaign runs holding it):
  LCK               :   36% ±15  (in 11 runs)
  GRD               :   30% ±14  (in 10 runs)
  BND               :   33% ±16  (in 9 runs)
  MOM               :   44% ±17  (in 9 runs)
  SKR               :   38% ±17  (in 8 runs)
  CLH               :   29% ±17  (in 7 runs)
  FST               :    0% ±0  (in 7 runs)
  PLT               :   43% ±19  (in 7 runs)
  RFX               :   43% ±19  (in 7 runs)
  GUN               :   17% ±15  (in 6 runs)
  SGE               :   17% ±15  (in 6 runs)
  BRK               :   20% ±18  (in 5 runs)
  CQB               :    0% ±0  (in 5 runs)
  EXC               :   20% ±18  (in 5 runs)
  TNK               :   40% ±22  (in 5 runs)
  VNT               :   25% ±22  (in 4 runs)
  HRD               :   33% ±27  (in 3 runs)
  MRK               :   33% ±27  (in 3 runs)
  OUT               :   33% ±27  (in 3 runs)

RUN WIN-RATE BY PURCHASE (campaign runs buying it):
  FIELD MEDKIT      :   21% ±9  (in 19 runs)
  COUNTER-PREP      :   25% ±13  (in 12 runs)
  WPN: HOLLOW POINT :   25% ±13  (in 12 runs)
  ADV. TRAINING     :   27% ±13  (in 11 runs)
  WPN: SCOPE        :   36% ±15  (in 11 runs)
  WPN: EXTENDED MAG :   30% ±14  (in 10 runs)
  WPN: STABILIZER   :   20% ±13  (in 10 runs)
  COMBAT STIMS      :   33% ±16  (in 9 runs)
  FRAG CACHE        :   33% ±16  (in 9 runs)
  BALLISTIC PLATING :   25% ±15  (in 8 runs)
  ARMORY            :   29% ±17  (in 7 runs)
  WPN: SUPPRESSOR   :   14% ±13  (in 7 runs)
  WPN: BIPOD        :   40% ±22  (in 5 runs)

RUN WIN-RATE BY EVENT-CHOICE (campaign runs taking id:arm):
  blackmarket:2     :   50% ±35  (in 2 runs)
  cache:1           :    0% ±0  (in 2 runs)
  distress:1        :   50% ±35  (in 2 runs)
  drill:1           :    0% ±0  (in 2 runs)
  informant:1       :   50% ±35  (in 2 runs)
  profiteer:0       :    0% ±0  (in 2 runs)
  relic:1           :    0% ±0  (in 2 runs)
  bloodfeud:2       :  100% ±0  (in 1 runs)
  relic:0           :  100% ±0  (in 1 runs)
═══════════════════════════════════════════════════════════════════════

batch wall-time: 8.2s  (20 matches across 10 campaigns × 2 policy, frame-cap hits: 0)
aggregate JSON -> /home/user/wt/heat-pin/docs/measurements/l5/L5fac-m0a1b0-h6-b110.json
INFO: TEXTURE: [ID 2] Unloaded texture data from VRAM (GPU)
INFO: SHADER: [ID 3] Default shader unloaded successfully
INFO: TEXTURE: [ID 1] Default texture unloaded successfully
INFO: Window closed successfully
