BALANCE: heat PINNED for this batch (field-event AddHeat is a no-op; SIGHTLINE_HEATPIN=0 restores the leak)
INFO: Initializing raylib 6.0
INFO: Platform backend: DESKTOP (GLFW)
INFO: Supported raylib modules:
INFO:     > rcore:..... loaded (mandatory)
INFO:     > rlgl:...... loaded (mandatory)
INFO:     > rshapes:... loaded (optional)
INFO:     > rtextures:. loaded (optional)
INFO:     > rtext:..... loaded (optional)
INFO:     > rmodels:... loaded (optional)
INFO:     > raudio:.... loaded (optional)
INFO: DISPLAY: Trying to enable MSAA x4
INFO: DISPLAY: Device initialized successfully 
INFO:     > Display size: 1280 x 800
INFO:     > Screen size:  1280 x 800
INFO:     > Render size:  1280 x 800
INFO:     > Viewport offsets: 0, 0
INFO: GLAD: OpenGL extensions loaded successfully
INFO: GL: Supported extensions count: 229
INFO: GL: OpenGL device information:
INFO:     > Vendor:   Mesa
INFO:     > Renderer: llvmpipe (LLVM 20.1.2, 256 bits)
INFO:     > Version:  4.5 (Core Profile) Mesa 25.2.8-0ubuntu0.24.04.2
INFO:     > GLSL:     4.50
INFO: GL: VAO extension detected, VAO functions loaded successfully
INFO: GL: NPOT textures extension detected, full NPOT textures supported
INFO: GL: DXT compressed textures supported
INFO: GL: ETC2/EAC compressed textures supported
INFO: PLATFORM: DESKTOP (GLFW - X11): Initialized successfully
INFO: TEXTURE: [ID 1] Texture loaded successfully (1x1 | R8G8B8A8 | 1 mipmaps)
INFO: TEXTURE: [ID 1] Default texture loaded successfully
INFO: SHADER: [ID 1] Vertex shader compiled successfully
INFO: SHADER: [ID 2] Fragment shader compiled successfully
INFO: SHADER: [ID 3] Program shader loaded successfully
INFO: SHADER: [ID 3] Default shader loaded successfully
INFO: RLGL: Render batch vertex buffers loaded successfully in RAM (CPU)
INFO: RLGL: Render batch vertex buffers loaded successfully in VRAM (GPU)
INFO: RLGL: Default OpenGL state initialized successfully
INFO: TEXTURE: [ID 2] Texture loaded successfully (128x128 | GRAY_ALPHA | 1 mipmaps)
INFO: FONT: Default font loaded successfully (224 glyphs)
INFO: SYSTEM: Working Directory: /home/user/wt/heat-pin
INFO: TIMER: Target time per frame: 0.000 milliseconds
FINALE-KIT: Syndicate
WAVE: +2 (CUSTODIAN,SAPPER) [rich]
WAVE: +2 (SPOTTER,SHIELD) [rich]
WAVE: +2 (DRONE,SAPPER) [rich]
WAVE: +2 (SPOTTER,DRONE) [rich]
FINALE-KIT: Syndicate
WAVE: +2 (DRONE,GRUNT) [rich]
WAVE: +2 (SHIELD,CUSTODIAN) [rich]
WAVE: +2 (CUSTODIAN,DRONE) [rich]
REINFORCEMENTS: +2 (GRUNT,GRUNT)
FINALE-KIT: Wardens
WAVE: +2 (CUSTODIAN,SHIELD) [rich]
WAVE: +2 (STRIKER,BERSERKER) [rich]
WAVE: +2 (SPOTTER,MEDIC) [rich]
FINALE-KIT: Wardens
WAVE: +2 (LANCER,BERSERKER) [rich]
WAVE: +2 (SAPPER,SCREENER) [rich]
WAVE: +2 (LANCER,STRIKER) [rich]
REINFORCEMENTS: +2 (SCOUT,GRUNT)
REINFORCEMENTS: +2 (GRUNT,GRUNT)
REINFORCEMENTS: +2 (GRUNT,SCOUT)
REINFORCEMENTS: +2 (SCOUT,SCOUT)
FINALE-KIT: Syndicate
WAVE: +3 (HOUND,WARBRINGER,BERSERKER) [rich]
WAVE: +3 (GRUNT,MEDIC,HUNTER) [rich]
match 5/20  (W:1 L:4 cap:0)  5.5s
FINALE-KIT: Syndicate
WAVE: +3 (BERSERKER,SNIPER,HOUND) [rich]
WAVE: +3 (BERSERKER,SHIELD,SNIPER) [rich]
WAVE: +2 (STRIKER,STRIKER) [rich]
FINALE-KIT: Legion
WAVE: +2 (DRONE,SPOTTER) [rich]
WAVE: +2 (SAPPER,SHIELD) [rich]
WAVE: +2 (DRONE,SPOTTER) [rich]
FINALE-KIT: Legion
WAVE: +2 (DRONE,SPOTTER) [rich]
WAVE: +2 (SAPPER,SAPPER) [rich]
WAVE: +2 (DRONE,DRONE) [rich]
FINALE-KIT: Wardens
FINALE-KIT: Wardens
match 10/20  (W:2 L:8 cap:0)  7.9s
FINALE-KIT: Wardens
FINALE-KIT: Wardens
FINALE-KIT: Legion
FINALE-KIT: Legion
FINALE-KIT: Syndicate
WAVE: +2 (BERSERKER,HUNTER) [rich]
WAVE: +2 (LANCER,BERSERKER) [rich]
WAVE: +2 (SHIELD,HUNTER) [rich]
match 15/20  (W:3 L:12 cap:0)  9.2s
FINALE-KIT: Syndicate
WAVE: +2 (HUNTER,HUNTER) [rich]
WAVE: +2 (MEDIC,STRIKER) [rich]
WAVE: +2 (SPOTTER,STRIKER) [rich]
FINALE-KIT: Syndicate
WAVE: +3 (MORTAR,SNIPER,SCREENER) [rich]
WAVE: +1 (GRUNT) [rich]
WAVE: +1 (SNIPER) [rich]
FINALE-KIT: Syndicate
REINFORCEMENTS: +2 (GRUNT,GRUNT)
REINFORCEMENTS: +2 (GRUNT,GRUNT)
FINALE-KIT: Syndicate
WAVE: +2 (DRONE,SCOUT) [rich]
WAVE: +2 (HUNTER,HUNTER) [rich]
WAVE: +2 (DRONE,STRIKER) [rich]
WAVE: +2 (PIKEMAN,STRIKER) [rich]
WAVE: +2 (MEDIC,SNIPER) [rich]
WAVE: +2 (HOUND,WARBRINGER) [rich]
REINFORCEMENTS: +2 (SCOUT,SCOUT)
REINFORCEMENTS: +2 (GRUNT,SCOUT)
FINALE-KIT: Syndicate
WAVE: +2 (STRIKER,STRIKER) [rich]
WAVE: +2 (DRONE,LANCER) [rich]
WAVE: +2 (LANCER,HUNTER) [rich]
WAVE: +2 (SAPPER,SNIPER) [rich]
WAVE: +2 (SHIELD,BERSERKER) [rich]
WAVE: +2 (BERSERKER,WARBRINGER) [rich]
WAVE: +2 (GRUNT,HUNTER) [rich]
WAVE: +2 (PIKEMAN,BERSERKER) [rich]
WAVE: +2 (BERSERKER,SNIPER) [rich]
REINFORCEMENTS: +2 (GRUNT,GRUNT)
match 20/20  (W:5 L:15 cap:0)  11.3s

══════════════════════ SIGHTLINE BALANCE REPORT ══════════════════════
runs=20  missions=76

RUN OUTCOMES (campaign):  win-rate   25%   avg missions cleared 4.2

POLICY GAP (optimal vs human-error; campaign runs only):
  greedy win-rate   40%  (n=10)
  sloppy win-rate   10%  (n=10)
  GAP   30 pts  (swingy/unforgiving)
  PAIRED (same-seed slots): pairs=10  concordant=5  discordant greedy-only-won=4 / sloppy-only-won=1  paired gap   30 pts
  PER-SLOT RECORDS (greedy | sloppy: outcome + missions cleared; margin = g−s):
    slot  40 @h6: L 2 | L 5   margin -3
    slot  41 @h6: L 3 | L 5   margin -2
    slot  42 @h6: W 6 | L 4   margin +2
    slot  43 @h6: W 6 | L 4   margin +2
    slot  44 @h6: L 2 | L 3   margin -1
    slot  45 @h6: L 3 | L 4   margin -1
    slot  46 @h6: W 6 | L 2   margin +4
    slot  47 @h6: L 5 | L 5   margin +0
    slot  48 @h6: W 6 | L 2   margin +4
    slot  49 @h6: L 5 | W 6   margin -1
  PAIRED MARGIN (missions cleared, all pairs): +0.40 ±0.78 SE  (n=10 pairs)
  by objective (greedy / sloppy / gap):
    Decapitate :   71% /   17% / gap   55
    Defend     :   88% /  100% / gap  -13
    Eliminate  :  100% /   85% / gap   15
    Escort     :   83% /   60% / gap   23
    Evac       :  100% /  100% / gap    0
    Rescue     :   50% /  100% / gap  -50
    Sabotage   :  100% /  100% / gap    0

DECISION RICHNESS / SWING:
  meaningful-choices/turn 2.13   lead-swings/match 0.7   avg max-swing 63.5
  [shot-gate] acting-soldiers/turn 3.06   armed-soldiers/turn 1.09   armed-fraction 36%   turns-with-a-shot 52%   choices/ARMED-soldier-turn 1.96
  [choice-split] los-targets/ARMED 2.20   target-choices/ARMED 0.29   position-choices/ARMED 1.67

RUN COMPLETION BY HEAT (full-campaign clears):
  heat 6:   25% ±10  (n=20 runs, avg 4.2 missions)
  HEAT LEAK: pinned=yes  heat-raising picks=2  campaigns raised=0  missions off-rung=0/76

INTEL ECONOMY BY HEAT (campaign runs; heat-bonus = the Heat.IntelBonus share of income):
  heat 6: earned  231.0/run   heat-bonus 100.8 (  44% of income)   spent  212.5   unspent   18.5

MISSION WIN-RATE BY HEAT:
  heat 6:   80%  (n=76, avg 5.5 turns)

MISSION WIN-RATE BY OBJECTIVE:
  Eliminate  :   92% ±5  (n=25, avg 4.0 turns)
  Defend     :   93% ±6  (n=15, avg 8.9 turns)
  Decapitate :   46% ±14  (n=13, avg 5.5 turns)
  Escort     :   73% ±13  (n=11, avg 6.2 turns)
  Rescue     :   75% ±15  (n=8, avg 4.4 turns)
  Evac       :  100% ±0  (n=2, avg 4.5 turns)
  Sabotage   :  100% ±0  (n=2, avg 2.5 turns)

MISSION WIN-RATE BY OBJECTIVE x NODE KIND (a capstone must never pool with a mid-run node):
  Eliminate  : Start: 100%(n=20)  Combat:  33%(n=3)  Supply: 100%(n=2)
               depth: m1:100%(20) m4:67%(3) m5:50%(2)
  Defend     : Supply: 100%(n=10)  Combat:  67%(n=3)  Elite: 100%(n=2)
               depth: m2:100%(2) m3:90%(10) m4:100%(2) m5:100%(1)
  Decapitate : Boss:  50%(n=10)  Supply:  50%(n=2)  Combat:   0%(n=1)
               depth: m3:50%(2) m5:0%(1) m6:50%(10)
  Escort     : Combat:  86%(n=7)  Elite:  50%(n=2)  Supply:  50%(n=2)
               depth: m3:50%(2) m4:86%(7) m5:50%(2)
  Rescue     : Supply:  75%(n=8)
               depth: m2:100%(2) m3:50%(2) m4:67%(3) m5:100%(1)
  Evac       : Combat: 100%(n=2)
               depth: m3:100%(2)
  Sabotage   : Combat: 100%(n=2)
               depth: m2:100%(2)

ENCOUNTER COMPLETION on MID-RUN nodes (Combat+Elite) — clear% is the share of the fight actually fought:
  objective     n   win%   turns   force    +rf  killed  clear%   prs  WONclear%
  Escort         9   78%     6.4   10.22   0.00    3.11    30.4  0.00     32.4 (n=7)
  Defend         5   80%     8.6    8.20   5.40    3.60    26.5  0.00     28.1 (n=4)
  Eliminate      3   33%     6.7   10.67   0.00    4.00    37.5  1.00    100.0 (n=1)
  Evac           2  100%     4.5    9.00   0.00    0.50     5.6  0.00      5.6 (n=2)
  Sabotage       2  100%     2.5    4.00   0.00    1.50    37.5  0.00     37.5 (n=2)
  Decapitate     1    0%     4.0   11.00   0.00    0.00     0.0  0.00      0.0 (n=0)
  ---- the two classes ----
  KILL           4   25%     6.0   10.75   0.00    3.00    27.9  0.75    100.0 (n=1)
  NON-KILL      18   83%     6.4    8.83   1.50    2.78    26.9  0.00     27.9 (n=15)

DECAPITATE HVT (buff = +6+1*mission HP, +6 aim; ELITE exempt):
  EXEMPT  :   46% ±14  (n=13, avg 5.5 turns, HVT 22.2 max HP)  [m3:50%(2) m5:0%(1) m6:50%(10)]

MISSION WIN-RATE BY MISSION #:
  m1:  100% ±0  (n=20)
  m2:  100% ±0  (n=6)
  m3:   78% ±10  (n=18)
  m4:   80% ±10  (n=15)
  m5:   57% ±19  (n=7)
  m6:   50% ±16  (n=10)

LOSS CAUSES (missions):
  RUN OVER              : 10
  VIP LOST              : 3
  CAPTIVE LOST          : 2

MISSION WIN-RATE BY ARENA (authored layouts, n>=3; procedural fallback   20% of 76 missions):
  arena  7:  100% ±0  (n=3, avg 7.7 turns)  [m4:100%(3)]
  arena  8:  100% ±0  (n=3, avg 5.7 turns)  [m4:100%(3)]
  arena 16:  100% ±0  (n=3, avg 3.0 turns)  [m1:100%(2) m4:100%(1)]
  arena 27:   50% ±25  (n=4, avg 3.8 turns)  [m1:100%(2) m3:0%(1) m5:0%(1)]
  arena 28:   75% ±22  (n=4, avg 3.8 turns)  [m1:100%(2) m3:50%(2)]
  arena 29:  100% ±0  (n=3, avg 2.7 turns)  [m1:100%(2) m5:100%(1)]
  arena 30:   60% ±22  (n=5, avg 9.0 turns)  [m3:100%(2) m6:33%(3)]
  arena 33:   50% ±25  (n=4, avg 5.3 turns)  [m1:100%(2) m6:0%(2)]
  arena 34:  100% ±0  (n=4, avg 2.8 turns)  [m1:100%(4)]
  procedural:   80% ±10  (n=15, avg 5.9 turns)  [m1:100%(4) m2:100%(1) m3:100%(2) m4:60%(5) m5:50%(2) m6:100%(1)]

DEPLOYMENT GEOMETRY (opening shape; choices/ARMED is the wave's real gate):
  FRONTAL   :   83% ±7  (n=29, avg 5.9 turns)  choices/turn 2.38  choices/ARMED 2.22  los-targets/ARMED 2.45
  PINCER    :   74% ±9  (n=23, avg 4.6 turns)  choices/turn 1.83  choices/ARMED 1.69  los-targets/ARMED 2.28
  CROSSFIRE :   90% ±9  (n=10, avg 5.9 turns)  choices/turn 2.00  choices/ARMED 2.16  los-targets/ARMED 1.82
  ENVELOP   :   79% ±11  (n=14, avg 6.1 turns)  choices/turn 2.09  choices/ARMED 1.66  los-targets/ARMED 1.88

ARENA FUNNEL (Mission.Build exits, n=88 builds, all modes):
  authored-applied    :  81.8%  (n=72)
  connectivity-reject :   0.0%  (n=0)
  procedural-roll     :  18.2%  (n=16)

DECK EXPOSURE (campaign runs n=20):
  distinct authored arenas/run : 3.05 mean (all runs)
  ... full-depth runs only     : 4.40 mean over 5.0 fights/run (n=5)
  Defend dealt on the route    :   65% of runs (n=13)

ENEMY DECISION MIX (contested acts=1531; all-downed acts not counted=428):
  shoot           890    58%
  hunker          321    21%
  move            114     7%
  reload           57     4%
  grenade          46     3%
  heal             28     2%
  siege            28     2%
  item             19     1%
  brace            10     1%
  overwatch         8     1%
  sap               6     0%
  staleplan         3     0%
  shove             1     0%

  the shot on the table (acts where the chosen tile HAD a shot = 981):
    hit% band     taken   share   E[dmg]/shot   declined   share   E[dmg]/shot
      0-19           0      0%          0.00          2     22%          0.53
     20-39          21      2%          1.20          4     44%          0.81
     40-59          93     10%          1.41          3     33%          1.79
     60-79         312     35%          2.23          0      0%          0.00
      80+          464     52%          3.23          0      0%          0.00
    TOTAL           890                              9
  taken   91% / DECLINED    1% / preempted by another verb    8%
  enemy lanes held (overwatch+brace) 18; reaction shots fired 5  ->   28% of lanes paid off   [C2: DeclineWatchRatio is a bet on this number]

ACTION MIX (verbs issued, by policy):
  verb                  greedy        sloppy
  MOVE               457   36%     547   37%
  SHOOT              382   30%     385   26%
  OVERWATCH           73    6%     111    8%
  HUNKER              54    4%      91    6%
  BRACE               63    5%      43    3%
  SLIPSTREAM          37    3%      52    4%
  RELOAD              37    3%      44    3%
  FOCUS               30    2%      47    3%
  INTEL               36    3%      38    3%
  STABILIZE           33    3%      30    2%
  ITEM:SMOKE          17    1%      22    1%
  MARK                16    1%      10    1%
  PIN                 12    1%       9    1%
  DRAG                14    1%       6    0%
  PATCH                8    1%       7    0%
  REARM                6    0%       4    0%
  BEACON               4    0%       6    0%
  GRENADE              2    0%       8    1%
  PLANT                3    0%       3    0%
  GRAPPLE              2    0%       3    0%
  EXTRACT              0    0%       2    0%
  BARREL               0    0%       2    0%
  ITEM:FLASH           0    0%       1    0%

PLAYER CLASS PERFORMANCE:
  class        shots   hit%   dmg   kills
  SHARPSHOOTER    179    89%   1226     76
  GUNNER         231    87%   1112     65
  RANGER         144    83%    813     46
  ASSAULT        169    85%    703     38
  CORPSMAN        57    88%    179     10
  VIP              5    60%      7      0

SOLDIER DEATHS BY ENEMY CLASS (threat ranking):
  DRONE      : 14
  ELITE      : 13
  SAPPER     : 11
  BERSERKER  : 9
  BURN       : 7
  SHIELD     : 6
  STRIKE     : 6
  GRUNT      : 6
  TURRET     : 6
  STRIKER    : 5
  BRUISER    : 5
  HUNTER     : 5
  MORTAR     : 4
  SCREENER   : 3
  SNIPER     : 3
  SPOTTER    : 2
  SCOUT      : 2
  HOUND      : 2
  WARBRINGER : 1
  MEDIC      : 1

SOLDIER DOWNS (FUL-7 bleed-out): 228 downs -> revived 8 / recovered 48 / bled out 144 / finished 12  (save-rate   32%)
  corpsman fielded in 32 missions

ENEMY COMPOSITION (spawns; faction-stamped fights n=432 / default-cascade fights n=335):
  class        faction         default
  GRUNT           31    7%       48   14%
  SCOUT           15    3%       53   16%
  DRONE           48   11%       12    4%
  SAPPER          38    9%       13    4%
  STRIKER         20    5%       31    9%
  BERSERKER       29    7%       21    6%
  ELITE           31    7%       15    4%
  HUNTER          18    4%       22    7%
  SHIELD          28    6%        9    3%
  TURRET          32    7%        3    1%
  SPOTTER         25    6%        9    3%
  SNIPER           7    2%       23    7%
  SCREENER        23    5%        5    1%
  CUSTODIAN       22    5%        4    1%
  BRUISER         18    4%        6    2%
  MORTAR          14    3%        8    2%
  LANCER           9    2%       13    4%
  HOUND            6    1%       15    4%
  MEDIC            4    1%       12    4%
  PIKEMAN          7    2%        6    2%
  WARBRINGER       4    1%        4    1%
  BOMBARD          3    1%        3    1%

PERK PICK FREQUENCY:
  CQB           : 14
  TNK           : 14
  MOM           : 14
  LCK           : 13
  GUN           : 13
  OUT           : 12
  EXC           : 11
  PLT           : 11
  HRD           : 11
  GRD           : 11
  MRK           : 10
  BRK           : 9
  CLH           : 9
  RFX           : 8
  FST           : 8
  SKR           : 6
  SGE           : 5
  VNT           : 3
  BND           : 2

SHOP PURCHASE FREQUENCY:
  WPN: SCOPE        : 68
  FIELD MEDKIT      : 58
  WPN: HOLLOW POINT : 46
  WPN: STABILIZER   : 36
  COMBAT STIMS      : 30
  ADV. TRAINING     : 28
  WPN: EXTENDED MAG : 27
  WPN: BIPOD        : 25
  WPN: SUPPRESSOR   : 19
  COUNTER-PREP      : 14
  FRAG CACHE        : 13
  BALLISTIC PLATING : 11
  ARMORY            : 10

BOON PICK FREQUENCY (PROCS = effect fires at instrumented sites; '-' = not instrumented;
                      PYR counts the +2-turn-burn half only — the Burning-immunity half is uninstrumented):
  code                 picks   PROCS
  EXE               :     6       -
  FRT               :     6       -
  GRN               :     6       -
  VNM               :     6       -
  RCL               :     5       2
  ADR               :     4       -
  GHO               :     4       -
  SCV               :     4       -
  TRR               :     4      12
  SHK               :     3       0
  FST               :     2      13
  MRK               :     2       -
  RPD               :     2       -
  FDR               :     1       0
  PYR               :     1       0

RUN WIN-RATE BY BOON (campaign runs holding it):
  EXE               :   17% ±15  (in 6 runs)
  FRT               :   50% ±20  (in 6 runs)
  GRN               :   17% ±15  (in 6 runs)
  VNM               :   67% ±19  (in 6 runs)
  RCL               :   20% ±18  (in 5 runs)
  ADR               :   25% ±22  (in 4 runs)
  GHO               :   50% ±25  (in 4 runs)
  SCV               :   50% ±25  (in 4 runs)
  TRR               :   50% ±25  (in 4 runs)
  SHK               :    0% ±0  (in 3 runs)
  FST               :    0% ±0  (in 2 runs)
  MRK               :  100% ±0  (in 2 runs)
  RPD               :    0% ±0  (in 2 runs)
  FDR               :    0% ±0  (in 1 runs)
  PYR               :  100% ±0  (in 1 runs)

RUN WIN-RATE BY SPEC (campaign runs fielding it):
  SNT               :   33% ±19  (in 6 runs)
  ADN               :   40% ±22  (in 5 runs)
  ANC               :   40% ±22  (in 5 runs)
  PHN               :   50% ±25  (in 4 runs)
  BRC               :   33% ±27  (in 3 runs)
  HHT               :   67% ±27  (in 3 runs)
  JUG               :   33% ±27  (in 3 runs)
  PTH               :  100% ±0  (in 2 runs)
  MED               :  100% ±0  (in 1 runs)

RUN WIN-RATE BY PERK (campaign runs holding it):
  CQB               :   27% ±13  (in 11 runs)
  EXC               :   50% ±16  (in 10 runs)
  MOM               :   50% ±16  (in 10 runs)
  PLT               :   30% ±14  (in 10 runs)
  LCK               :   56% ±17  (in 9 runs)
  OUT               :   33% ±16  (in 9 runs)
  BRK               :   38% ±17  (in 8 runs)
  CLH               :   50% ±18  (in 8 runs)
  TNK               :   38% ±17  (in 8 runs)
  GRD               :   43% ±19  (in 7 runs)
  GUN               :   57% ±19  (in 7 runs)
  HRD               :   29% ±17  (in 7 runs)
  MRK               :   14% ±13  (in 7 runs)
  RFX               :   14% ±13  (in 7 runs)
  FST               :    0% ±0  (in 6 runs)
  SKR               :   40% ±22  (in 5 runs)
  SGE               :   50% ±25  (in 4 runs)
  VNT               :    0% ±0  (in 3 runs)
  BND               :   50% ±35  (in 2 runs)

RUN WIN-RATE BY PURCHASE (campaign runs buying it):
  FIELD MEDKIT      :   26% ±10  (in 19 runs)
  WPN: SCOPE        :   27% ±11  (in 15 runs)
  WPN: HOLLOW POINT :   31% ±13  (in 13 runs)
  WPN: EXTENDED MAG :   25% ±13  (in 12 runs)
  WPN: STABILIZER   :   33% ±14  (in 12 runs)
  WPN: SUPPRESSOR   :   33% ±14  (in 12 runs)
  ADV. TRAINING     :   40% ±15  (in 10 runs)
  COMBAT STIMS      :   50% ±16  (in 10 runs)
  FRAG CACHE        :   40% ±15  (in 10 runs)
  WPN: BIPOD        :   20% ±13  (in 10 runs)
  COUNTER-PREP      :   33% ±16  (in 9 runs)
  ARMORY            :   38% ±17  (in 8 runs)
  BALLISTIC PLATING :   38% ±17  (in 8 runs)

RUN WIN-RATE BY EVENT-CHOICE (campaign runs taking id:arm):
  cache:1           :   33% ±27  (in 3 runs)
  quartermaster:1   :   33% ±27  (in 3 runs)
  warchest:1        :   33% ±27  (in 3 runs)
  bloodfeud:1       :   50% ±35  (in 2 runs)
  bloodfeud:2       :   50% ±35  (in 2 runs)
  defector:0        :    0% ±0  (in 2 runs)
  drill:0           :    0% ±0  (in 2 runs)
  informant:1       :    0% ±0  (in 2 runs)
  reservecall:0     :    0% ±0  (in 2 runs)
  blackmarket:1     :    0% ±0  (in 1 runs)
  blackmarket:2     :    0% ±0  (in 1 runs)
═══════════════════════════════════════════════════════════════════════

batch wall-time: 11.3s  (20 matches across 10 campaigns × 2 policy, frame-cap hits: 0)
aggregate JSON -> /home/user/wt/heat-pin/docs/measurements/l5/L5fac-m0a1b0-h6-b40.json
INFO: TEXTURE: [ID 2] Unloaded texture data from VRAM (GPU)
INFO: SHADER: [ID 3] Default shader unloaded successfully
INFO: TEXTURE: [ID 1] Default texture unloaded successfully
INFO: Window closed successfully
