INFO: Initializing raylib 6.0
INFO: Platform backend: DESKTOP (GLFW)
INFO: Supported raylib modules:
INFO:     > rcore:..... loaded (mandatory)
INFO:     > rlgl:...... loaded (mandatory)
INFO:     > rshapes:... loaded (optional)
INFO:     > rtextures:. loaded (optional)
INFO:     > rtext:..... loaded (optional)
INFO:     > rmodels:... loaded (optional)
INFO:     > raudio:.... loaded (optional)
INFO: DISPLAY: Trying to enable MSAA x4
INFO: DISPLAY: Device initialized successfully 
INFO:     > Display size: 1280 x 800
INFO:     > Screen size:  1280 x 800
INFO:     > Render size:  1280 x 800
INFO:     > Viewport offsets: 0, 0
INFO: GLAD: OpenGL extensions loaded successfully
INFO: GL: Supported extensions count: 229
INFO: GL: OpenGL device information:
INFO:     > Vendor:   Mesa
INFO:     > Renderer: llvmpipe (LLVM 20.1.2, 256 bits)
INFO:     > Version:  4.5 (Core Profile) Mesa 25.2.8-0ubuntu0.24.04.2
INFO:     > GLSL:     4.50
INFO: GL: VAO extension detected, VAO functions loaded successfully
INFO: GL: NPOT textures extension detected, full NPOT textures supported
INFO: GL: DXT compressed textures supported
INFO: GL: ETC2/EAC compressed textures supported
INFO: PLATFORM: DESKTOP (GLFW - X11): Initialized successfully
INFO: TEXTURE: [ID 1] Texture loaded successfully (1x1 | R8G8B8A8 | 1 mipmaps)
INFO: TEXTURE: [ID 1] Default texture loaded successfully
INFO: SHADER: [ID 1] Vertex shader compiled successfully
INFO: SHADER: [ID 2] Fragment shader compiled successfully
INFO: SHADER: [ID 3] Program shader loaded successfully
INFO: SHADER: [ID 3] Default shader loaded successfully
INFO: RLGL: Render batch vertex buffers loaded successfully in RAM (CPU)
INFO: RLGL: Render batch vertex buffers loaded successfully in VRAM (GPU)
INFO: RLGL: Default OpenGL state initialized successfully
INFO: TEXTURE: [ID 2] Texture loaded successfully (128x128 | GRAY_ALPHA | 1 mipmaps)
INFO: FONT: Default font loaded successfully (224 glyphs)
INFO: SYSTEM: Working Directory: /home/user/wt/x3
INFO: TIMER: Target time per frame: 0.000 milliseconds
FINALE-KIT: Wardens
WAVE: +2 (SAPPER,SAPPER) [rich]
WAVE: +2 (SAPPER,DRONE) [rich]
WAVE: +2 (SAPPER,SHIELD) [rich]
WAVE: +3 (MEDIC,MEDIC,PIKEMAN) [rich]
WAVE: +3 (SCREENER,SCREENER,MORTAR) [rich]
WAVE: +3 (SCREENER,CUSTODIAN,SNIPER) [rich]
FINALE-KIT: Wardens
WAVE: +2 (SHIELD,DRONE) [rich]
WAVE: +2 (GRUNT,SAPPER) [rich]
WAVE: +2 (SPOTTER,SPOTTER) [rich]
WAVE: +3 (GRUNT,MEDIC,MEDIC) [rich]
WAVE: +3 (GRUNT,SNIPER,SNIPER) [rich]
WAVE: +3 (SNIPER,SCOUT,MEDIC) [rich]
FINALE-KIT: Wardens
WAVE: +3 (MORTAR,PIKEMAN,MORTAR) [rich]
WAVE: +3 (CUSTODIAN,SCOUT,GRUNT) [rich]
WAVE: +3 (PIKEMAN,SCREENER,MORTAR) [rich]
REINFORCEMENTS: +2 (SCOUT,SCOUT)
FINALE-KIT: Wardens
WAVE: +3 (CUSTODIAN,CUSTODIAN,MEDIC) [rich]
WAVE: +3 (SNIPER,SNIPER,PIKEMAN) [rich]
WAVE: +3 (PIKEMAN,MORTAR,PIKEMAN) [rich]
FINALE-KIT: Wardens
WAVE: +3 (MORTAR,SNIPER,GRUNT) [rich]
WAVE: +3 (SNIPER,MEDIC,GRUNT) [rich]
WAVE: +3 (SNIPER,GRUNT,SNIPER) [rich]
REINFORCEMENTS: +2 (GRUNT,GRUNT)
match 5/20  (W:3 L:2 cap:0)  102.7s
FINALE-KIT: Wardens
WAVE: +3 (GRUNT,MORTAR,PIKEMAN) [rich]
WAVE: +3 (SCREENER,MEDIC,SCREENER) [rich]
WAVE: +3 (MORTAR,MORTAR,MORTAR) [rich]
REINFORCEMENTS: +2 (SCOUT,GRUNT)
FINALE-KIT: Wardens
REINFORCEMENTS: +2 (SCOUT,SCOUT)
FINALE-KIT: Wardens
WAVE: +3 (SPOTTER,SPOTTER,SAPPER) [rich]
WAVE: +3 (SCREENER,GRUNT,SPOTTER) [rich]
WAVE: +3 (SAPPER,DRONE,SHIELD) [rich]
REINFORCEMENTS: +2 (SCOUT,GRUNT)
REINFORCEMENTS: +2 (GRUNT,SCOUT)
REINFORCEMENTS: +3 (GRUNT,GRUNT,SCOUT)
REINFORCEMENTS: +2 (GRUNT,GRUNT)
FINALE-KIT: Syndicate
WAVE: +2 (SCREENER,SCOUT) [rich]
WAVE: +2 (SNIPER,MEDIC) [rich]
WAVE: +2 (MEDIC,PIKEMAN) [rich]
FINALE-KIT: Syndicate
WAVE: +2 (SCOUT,SNIPER) [rich]
WAVE: +2 (PIKEMAN,MORTAR) [rich]
WAVE: +2 (SCOUT,GRUNT) [rich]
match 10/20  (W:5 L:5 cap:0)  196.0s
FINALE-KIT: Wardens
FINALE-KIT: Wardens
WAVE: +3 (HUNTER,DRONE,SCREENER) [rich]
WAVE: +3 (SCREENER,SAPPER,GRUNT) [rich]
WAVE: +3 (BERSERKER,HOUND,BRUISER) [rich]
FINALE-KIT: Syndicate
WAVE: +2 (HUNTER,HOUND) [rich]
WAVE: +2 (SCOUT,WARBRINGER) [rich]
WAVE: +2 (BRUISER,HOUND) [rich]
WAVE: +2 (STRIKER,LANCER) [rich]
FINALE-KIT: Syndicate
WAVE: +2 (WARBRINGER,BRUISER) [rich]
WAVE: +2 (BERSERKER,GRUNT) [rich]
WAVE: +2 (BERSERKER,BRUISER) [rich]
WAVE: +2 (HUNTER,WARBRINGER) [rich]
WAVE: +2 (HOUND,BERSERKER) [rich]
WAVE: +2 (BERSERKER,STRIKER) [rich]
FINALE-KIT: Wardens
match 15/20  (W:6 L:9 cap:0)  269.1s
FINALE-KIT: Wardens
REINFORCEMENTS: +2 (SCOUT,SCOUT)
REINFORCEMENTS: +2 (SCOUT,SCOUT)
REINFORCEMENTS: +3 (GRUNT,SCOUT,SCOUT)
FINALE-KIT: Wardens
WAVE: +2 (GRUNT,SCOUT) [rich]
WAVE: +2 (SNIPER,MEDIC) [rich]
WAVE: +2 (SNIPER,MORTAR) [rich]
FINALE-KIT: Wardens
WAVE: +2 (PIKEMAN,MORTAR) [rich]
WAVE: +2 (SCOUT,MORTAR) [rich]
WAVE: +2 (MORTAR,SNIPER) [rich]
REINFORCEMENTS: +2 (SCOUT,SCOUT)
REINFORCEMENTS: +2 (SCOUT,GRUNT)
REINFORCEMENTS: +2 (GRUNT,SCOUT)
FINALE-KIT: Syndicate
FINALE-KIT: Syndicate
match 20/20  (W:10 L:10 cap:0)  365.8s

══════════════════════ SIGHTLINE BALANCE REPORT ══════════════════════
runs=20  missions=85

RUN OUTCOMES (campaign):  win-rate   50%   avg missions cleared 4.7

POLICY GAP (optimal vs human-error; campaign runs only):
  greedy win-rate   30%  (n=10)
  sloppy win-rate   70%  (n=10)
  GAP  -40 pts  (noisy (need more runs))
  PAIRED (same-seed slots): pairs=10  concordant=4  discordant greedy-only-won=1 / sloppy-only-won=5  paired gap  -40 pts
  PER-SLOT RECORDS (greedy | sloppy: outcome + missions cleared; margin = g−s):
    slot  30 @h0: W 6 | W 6   margin +0
    slot  31 @h0: L 5 | W 6   margin -1
    slot  32 @h0: L 5 | W 6   margin -1
    slot  33 @h0: L 1 | L 5   margin -4
    slot  34 @h0: L 3 | W 6   margin -3
    slot  35 @h0: L 1 | W 6   margin -5
    slot  36 @h0: L 2 | L 2   margin +0
    slot  37 @h0: L 4 | W 6   margin -2
    slot  38 @h0: W 6 | W 6   margin +0
    slot  39 @h0: W 6 | L 5   margin +1
  PAIRED MARGIN (missions cleared, all pairs): -1.50 ±0.62 SE  (n=10 pairs)
  by objective (greedy / sloppy / gap):
    Decapitate :   50% /   80% / gap  -30
    Defend     :   86% /   89% / gap   -3
    Eliminate  :   91% /  100% / gap   -9
    Escort     :  100% /  100% / gap    0
    Evac       :   67% /  100% / gap  -33
    Hack       :  100% /  100% / gap    0
    Rescue     :  100% /  100% / gap    0
    Sabotage   :   67% /  100% / gap  -33

DECISION RICHNESS / SWING:
  meaningful-choices/turn 2.76   lead-swings/match 0.7   avg max-swing 42.2
  [shot-gate] acting-soldiers/turn 3.31   armed-soldiers/turn 1.60   armed-fraction 48%   turns-with-a-shot 65%   choices/ARMED-soldier-turn 1.73
  [choice-split] los-targets/ARMED 3.01   target-choices/ARMED 0.49   position-choices/ARMED 1.23

RUN COMPLETION BY HEAT (full-campaign clears):
  heat 0:   50% ±11  (n=20 runs, avg 4.7 missions)

INTEL ECONOMY BY HEAT (campaign runs; heat-bonus = the Heat.IntelBonus share of income):
  heat 0: earned  145.7/run   heat-bonus   0.9 (   1% of income)   spent  131.0   unspent   14.7

MISSION WIN-RATE BY HEAT:
  heat 0:   88%  (n=77, avg 5.8 turns)
  heat 1:   88% ±12  (n=8, avg 6.1 turns)

MISSION WIN-RATE BY OBJECTIVE:
  Eliminate  :   95% ±4  (n=22, avg 3.6 turns)
  Defend     :   88% ±8  (n=16, avg 8.8 turns)
  Decapitate :   69% ±12  (n=16, avg 5.1 turns)
  Rescue     :  100% ±0  (n=9, avg 5.9 turns)
  Hack       :  100% ±0  (n=6, avg 3.2 turns)
  Sabotage   :   83% ±15  (n=6, avg 3.8 turns)
  Evac       :   83% ±15  (n=6, avg 10.2 turns)
  Escort     :  100% ±0  (n=4, avg 8.3 turns)

MISSION WIN-RATE BY MISSION #:
  m1:  100% ±0  (n=20)
  m2:   75% ±15  (n=8)
  m3:   87% ±9  (n=15)
  m4:   93% ±7  (n=14)
  m5:   93% ±7  (n=14)
  m6:   71% ±12  (n=14)

LOSS CAUSES (missions):
  RUN OVER              : 9
  STALEMATE             : 1

MISSION WIN-RATE BY ARENA (authored layouts, n>=3; procedural fallback   25% of 85 missions):
  arena  6:  100% ±0  (n=4, avg 3.5 turns)  [m1:100%(2) m3:100%(2)]
  arena  8:   67% ±27  (n=3, avg 8.7 turns)  [m2:100%(2) m6:0%(1)]
  arena  9:  100% ±0  (n=4, avg 2.8 turns)  [m1:100%(2) m5:100%(2)]
  arena 10:  100% ±0  (n=3, avg 3.0 turns)  [m3:100%(2) m6:100%(1)]
  arena 15:  100% ±0  (n=3, avg 8.3 turns)  [m1:100%(2) m5:100%(1)]
  arena 16:  100% ±0  (n=3, avg 2.3 turns)  [m1:100%(2) m6:100%(1)]
  arena 22:  100% ±0  (n=5, avg 4.8 turns)  [m1:100%(2) m3:100%(3)]
  arena 25:  100% ±0  (n=3, avg 9.0 turns)  [m4:100%(1) m5:100%(2)]
  arena 28:   75% ±22  (n=4, avg 16.8 turns)  [m5:75%(4)]
  arena 30:   80% ±18  (n=5, avg 8.0 turns)  [m2:50%(2) m5:100%(2) m6:100%(1)]
  arena 31:  100% ±0  (n=6, avg 2.7 turns)  [m1:100%(2) m4:100%(4)]
  arena 32:   80% ±18  (n=5, avg 4.4 turns)  [m3:100%(2) m4:100%(1) m6:50%(2)]
  procedural:   81% ±9  (n=21, avg 5.8 turns)  [m1:100%(6) m2:0%(1) m3:67%(3) m4:67%(3) m5:100%(3) m6:80%(5)]

DEPLOYMENT GEOMETRY (opening shape; choices/ARMED is the wave's real gate):
  FRONTAL   :   92%  (n=36, avg 5.6 turns)  choices/turn 2.46  choices/ARMED 1.40  los-targets/ARMED 2.64
  PINCER    :   93% ±5  (n=28, avg 6.6 turns)  choices/turn 3.33  choices/ARMED 2.21  los-targets/ARMED 3.79
  CROSSFIRE :   83% ±15  (n=6, avg 3.8 turns)  choices/turn 1.50  choices/ARMED 1.10  los-targets/ARMED 2.57
  ENVELOP   :   73% ±11  (n=15, avg 5.4 turns)  choices/turn 2.56  choices/ARMED 1.72  los-targets/ARMED 2.39

ARENA FUNNEL (Mission.Build exits, n=94 builds, all modes):
  authored-applied    :  76.6%  (n=72)
  connectivity-reject :   0.0%  (n=0)
  procedural-roll     :  23.4%  (n=22)

DECK EXPOSURE (campaign runs n=20):
  distinct authored arenas/run : 3.20 mean (all runs)
  ... full-depth runs only     : 4.00 mean over 5.1 fights/run (n=10)
  Defend dealt on the route    :   70% of runs (n=14)

ACTION MIX (verbs issued, by policy):
  verb                  greedy        sloppy
  MOVE               562   44%     688   43%
  SHOOT              308   24%     385   24%
  HUNKER             128   10%     165   10%
  BRACE               36    3%      53    3%
  INTEL               36    3%      41    3%
  RELOAD              32    3%      40    2%
  STABILIZE           30    2%      36    2%
  FOCUS               25    2%      33    2%
  OVERWATCH           25    2%      22    1%
  SLIPSTREAM          20    2%      22    1%
  MARK                16    1%      22    1%
  ITEM:SMOKE          13    1%      24    1%
  PIN                 10    1%      19    1%
  PLANT                8    1%      11    1%
  HACK                 6    0%       6    0%
  REARM                6    0%       6    0%
  BEACON               6    0%       6    0%
  EXTRACT              2    0%      10    1%
  GRENADE              2    0%       7    0%
  GRAPPLE              2    0%       6    0%
  PATCH                3    0%       3    0%
  BARREL               2    0%       4    0%
  ITEM:INCENDIARY       0    0%       1    0%

PLAYER CLASS PERFORMANCE:
  class        shots   hit%   dmg   kills
  GUNNER         221    85%   1255     89
  ASSAULT        190    84%    920     57
  RANGER         135    79%    682     35
  SHARPSHOOTER    113    91%    662     34
  CORPSMAN        35    71%    111      3

SOLDIER DEATHS BY ENEMY CLASS (threat ranking):
  SNIPER     : 15
  ELITE      : 11
  MEDIC      : 10
  BURN       : 9
  GRUNT      : 8
  SHIELD     : 6
  SCOUT      : 6
  WARBRINGER : 6
  STRIKE     : 5
  BRUISER    : 4
  SCREENER   : 3
  BERSERKER  : 3
  LANCER     : 3
  HOUND      : 2
  DRONE      : 1
  CUSTODIAN  : 1
  MORTAR     : 1
  TURRET     : 1

SOLDIER DOWNS (FUL-7 bleed-out): 193 downs -> revived 4 / recovered 55 / bled out 114 / finished 19  (save-rate   31%)
  corpsman fielded in 20 missions

ENEMY COMPOSITION (spawns; faction-stamped fights n=570 / default-cascade fights n=116):
  class        faction         default
  SCOUT           50    9%       52   45%
  GRUNT           54    9%       29   25%
  SNIPER          47    8%        4    3%
  ELITE           48    8%        2    2%
  MEDIC           48    8%        0    0%
  MORTAR          48    8%        0    0%
  BERSERKER       26    5%        4    3%
  HUNTER          22    4%        7    6%
  PIKEMAN         28    5%        0    0%
  SCREENER        25    4%        2    2%
  SHIELD          22    4%        0    0%
  DRONE           20    4%        1    1%
  CUSTODIAN       21    4%        0    0%
  SAPPER          13    2%        6    5%
  SPOTTER         17    3%        2    2%
  WARBRINGER      19    3%        0    0%
  BRUISER         16    3%        1    1%
  HOUND           12    2%        1    1%
  BOMBARD         11    2%        0    0%
  STRIKER         10    2%        0    0%
  TURRET           6    1%        3    3%
  LANCER           7    1%        2    2%

PERK PICK FREQUENCY:
  LCK           : 16
  OUT           : 14
  FST           : 11
  GUN           : 11
  PLT           : 10
  MOM           : 9
  RFX           : 9
  SKR           : 8
  TNK           : 8
  GRD           : 7
  HRD           : 6
  CQB           : 6
  EXC           : 6
  BRK           : 6
  VNT           : 6
  SGE           : 5
  MRK           : 4
  BND           : 2
  CLH           : 2

SHOP PURCHASE FREQUENCY:
  FIELD MEDKIT      : 59
  WPN: HOLLOW POINT : 41
  BALLISTIC PLATING : 30
  WPN: STABILIZER   : 25
  WPN: EXTENDED MAG : 17
  WPN: BIPOD        : 17
  WPN: SCOPE        : 14
  ARMORY            : 12
  WPN: SUPPRESSOR   : 11
  FRAG CACHE        : 11
  COUNTER-PREP      : 10
  ADV. TRAINING     : 8
  COMBAT STIMS      : 7

BOON PICK FREQUENCY (PROCS = effect fires at instrumented sites; '-' = not instrumented;
                      PYR counts the +2-turn-burn half only — the Burning-immunity half is uninstrumented):
  code                 picks   PROCS
  ADR               :     6       -
  FST               :     6     106
  SCV               :     6       -
  FRT               :     5       -
  TRR               :     5       9
  GHO               :     4       -
  PYR               :     4       6
  RCL               :     4       0
  SHK               :     4       3
  VNM               :     4       -
  EXE               :     3       -
  FDR               :     3       0
  FVR               :     3       -
  GRN               :     3       -
  RPD               :     3       -
  MRK               :     2       -

RUN WIN-RATE BY BOON (campaign runs holding it):
  ADR               :   33% ±19  (in 6 runs)
  FST               :   50% ±20  (in 6 runs)
  SCV               :   83% ±15  (in 6 runs)
  FRT               :   60% ±22  (in 5 runs)
  TRR               :   60% ±22  (in 5 runs)
  GHO               :   75% ±22  (in 4 runs)
  PYR               :  100% ±0  (in 4 runs)
  RCL               :   50% ±25  (in 4 runs)
  SHK               :   75% ±22  (in 4 runs)
  VNM               :  100% ±0  (in 4 runs)
  EXE               :   67% ±27  (in 3 runs)
  FDR               :   67% ±27  (in 3 runs)
  FVR               :    0% ±0  (in 3 runs)
  GRN               :   67% ±27  (in 3 runs)
  RPD               :  100% ±0  (in 3 runs)
  MRK               :    0% ±0  (in 2 runs)

RUN WIN-RATE BY SPEC (campaign runs fielding it):
  ANC               :   60% ±22  (in 5 runs)
  ADN               :   50% ±25  (in 4 runs)
  BRC               :  100% ±0  (in 4 runs)
  JUG               :   67% ±27  (in 3 runs)
  PTH               :   33% ±27  (in 3 runs)
  HHT               :  100% ±0  (in 2 runs)
  PHN               :    0% ±0  (in 1 runs)
  SNT               :  100% ±0  (in 1 runs)

RUN WIN-RATE BY PERK (campaign runs holding it):
  LCK               :   54% ±14  (in 13 runs)
  OUT               :   42% ±14  (in 12 runs)
  GUN               :   78% ±14  (in 9 runs)
  RFX               :   56% ±17  (in 9 runs)
  SKR               :   75% ±15  (in 8 runs)
  FST               :   71% ±17  (in 7 runs)
  MOM               :   57% ±19  (in 7 runs)
  PLT               :   57% ±19  (in 7 runs)
  TNK               :   71% ±17  (in 7 runs)
  GRD               :   33% ±19  (in 6 runs)
  BRK               :   60% ±22  (in 5 runs)
  CQB               :   80% ±18  (in 5 runs)
  EXC               :  100% ±0  (in 5 runs)
  SGE               :   60% ±22  (in 5 runs)
  HRD               :   50% ±25  (in 4 runs)
  MRK               :   75% ±22  (in 4 runs)
  VNT               :   75% ±22  (in 4 runs)
  BND               :   50% ±35  (in 2 runs)
  CLH               :   50% ±35  (in 2 runs)

RUN WIN-RATE BY PURCHASE (campaign runs buying it):
  FIELD MEDKIT      :   59% ±12  (in 17 runs)
  WPN: HOLLOW POINT :   57% ±13  (in 14 runs)
  BALLISTIC PLATING :   58% ±14  (in 12 runs)
  ARMORY            :   45% ±15  (in 11 runs)
  WPN: EXTENDED MAG :   55% ±15  (in 11 runs)
  WPN: BIPOD        :   50% ±16  (in 10 runs)
  WPN: STABILIZER   :   70% ±14  (in 10 runs)
  WPN: SUPPRESSOR   :   60% ±15  (in 10 runs)
  WPN: SCOPE        :   56% ±17  (in 9 runs)
  COUNTER-PREP      :   88% ±12  (in 8 runs)
  FRAG CACHE        :   75% ±15  (in 8 runs)
  COMBAT STIMS      :   71% ±17  (in 7 runs)
  ADV. TRAINING     :   50% ±20  (in 6 runs)

RUN WIN-RATE BY EVENT-CHOICE (campaign runs taking id:arm):
  informant:2       :   50% ±25  (in 4 runs)
  medic:1           :   75% ±22  (in 4 runs)
  informant:1       :   50% ±35  (in 2 runs)
  relic:1           :    0% ±0  (in 2 runs)
  reservecall:0     :   50% ±35  (in 2 runs)
  blackmarket:1     :  100% ±0  (in 1 runs)
  blackmarket:2     :    0% ±0  (in 1 runs)
  profiteer:0       :    0% ±0  (in 1 runs)
  profiteer:1       :  100% ±0  (in 1 runs)
═══════════════════════════════════════════════════════════════════════

batch wall-time: 365.8s  (20 matches across 10 campaigns × 2 policy, frame-cap hits: 0)
aggregate JSON -> /home/user/wt/x3/docs/measurements/x3/C1-h0-b30.json
INFO: TEXTURE: [ID 2] Unloaded texture data from VRAM (GPU)
INFO: SHADER: [ID 3] Default shader unloaded successfully
INFO: TEXTURE: [ID 1] Default texture unloaded successfully
INFO: Window closed successfully
