INFO: Initializing raylib 6.0
INFO: Platform backend: DESKTOP (GLFW)
INFO: Supported raylib modules:
INFO:     > rcore:..... loaded (mandatory)
INFO:     > rlgl:...... loaded (mandatory)
INFO:     > rshapes:... loaded (optional)
INFO:     > rtextures:. loaded (optional)
INFO:     > rtext:..... loaded (optional)
INFO:     > rmodels:... loaded (optional)
INFO:     > raudio:.... loaded (optional)
INFO: DISPLAY: Trying to enable MSAA x4
INFO: DISPLAY: Device initialized successfully 
INFO:     > Display size: 1280 x 800
INFO:     > Screen size:  1280 x 800
INFO:     > Render size:  1280 x 800
INFO:     > Viewport offsets: 0, 0
INFO: GLAD: OpenGL extensions loaded successfully
INFO: GL: Supported extensions count: 229
INFO: GL: OpenGL device information:
INFO:     > Vendor:   Mesa
INFO:     > Renderer: llvmpipe (LLVM 20.1.2, 256 bits)
INFO:     > Version:  4.5 (Core Profile) Mesa 25.2.8-0ubuntu0.24.04.2
INFO:     > GLSL:     4.50
INFO: GL: VAO extension detected, VAO functions loaded successfully
INFO: GL: NPOT textures extension detected, full NPOT textures supported
INFO: GL: DXT compressed textures supported
INFO: GL: ETC2/EAC compressed textures supported
INFO: PLATFORM: DESKTOP (GLFW - X11): Initialized successfully
INFO: TEXTURE: [ID 1] Texture loaded successfully (1x1 | R8G8B8A8 | 1 mipmaps)
INFO: TEXTURE: [ID 1] Default texture loaded successfully
INFO: SHADER: [ID 1] Vertex shader compiled successfully
INFO: SHADER: [ID 2] Fragment shader compiled successfully
INFO: SHADER: [ID 3] Program shader loaded successfully
INFO: SHADER: [ID 3] Default shader loaded successfully
INFO: RLGL: Render batch vertex buffers loaded successfully in RAM (CPU)
INFO: RLGL: Render batch vertex buffers loaded successfully in VRAM (GPU)
INFO: RLGL: Default OpenGL state initialized successfully
INFO: TEXTURE: [ID 2] Texture loaded successfully (128x128 | GRAY_ALPHA | 1 mipmaps)
INFO: FONT: Default font loaded successfully (224 glyphs)
INFO: SYSTEM: Working Directory: /home/user/wt/x3
INFO: TIMER: Target time per frame: 0.000 milliseconds
FINALE-KIT: Syndicate
FINALE-KIT: Syndicate
REINFORCEMENTS: +2 (GRUNT,GRUNT)
FINALE-KIT: Syndicate
WAVE: +2 (BERSERKER,GRUNT) [rich]
WAVE: +2 (BRUISER,BERSERKER) [rich]
WAVE: +2 (GRUNT,BRUISER) [rich]
WAVE: +2 (STRIKER,HUNTER) [rich]
WAVE: +2 (BRUISER,BRUISER) [rich]
WAVE: +2 (BRUISER,GRUNT) [rich]
REINFORCEMENTS: +2 (SCOUT,SCOUT)
FINALE-KIT: Syndicate
WAVE: +2 (BERSERKER,BERSERKER) [rich]
WAVE: +2 (STRIKER,HUNTER) [rich]
WAVE: +2 (HUNTER,HOUND) [rich]
REINFORCEMENTS: +2 (SCOUT,GRUNT)
FINALE-KIT: Syndicate
WAVE: +2 (STRIKER,STRIKER) [rich]
WAVE: +2 (BRUISER,BERSERKER) [rich]
WAVE: +2 (HUNTER,HOUND) [rich]
WAVE: +2 (HOUND,BERSERKER) [rich]
WAVE: +2 (GRUNT,GRUNT) [rich]
WAVE: +2 (BERSERKER,HUNTER) [rich]
REINFORCEMENTS: +2 (GRUNT,GRUNT)
REINFORCEMENTS: +2 (SCOUT,GRUNT)
REINFORCEMENTS: +3 (GRUNT,SCOUT,GRUNT)
match 5/20  (W:2 L:3 cap:0)  86.4s
FINALE-KIT: Syndicate
WAVE: +2 (GRUNT,BERSERKER) [rich]
WAVE: +2 (HOUND,LANCER) [rich]
WAVE: +2 (HUNTER,HUNTER) [rich]
WAVE: +2 (SCOUT,GRUNT) [rich]
WAVE: +2 (SCOUT,BRUISER) [rich]
FINALE-KIT: Wardens
WAVE: +3 (MORTAR,MORTAR,GRUNT) [rich]
WAVE: +3 (GRUNT,MORTAR,SNIPER) [rich]
WAVE: +3 (GRUNT,GRUNT,SCOUT) [rich]
WAVE: +3 (SCREENER,MORTAR,SNIPER) [rich]
WAVE: +3 (GRUNT,SNIPER,SNIPER) [rich]
WAVE: +3 (SCOUT,GRUNT,SNIPER) [rich]
WAVE: +3 (SAPPER,SHIELD,SAPPER) [rich]
WAVE: +3 (DRONE,SHIELD,CUSTODIAN) [rich]
FINALE-KIT: Wardens
REINFORCEMENTS: +2 (SCOUT,SCOUT)
WAVE: +3 (MORTAR,PIKEMAN,MORTAR) [rich]
WAVE: +3 (GRUNT,MEDIC,CUSTODIAN) [rich]
FINALE-KIT: Syndicate
WAVE: +3 (MORTAR,CUSTODIAN,GRUNT) [rich]
WAVE: +3 (SCOUT,SNIPER,MEDIC) [rich]
WAVE: +3 (SCREENER,SNIPER,MEDIC) [rich]
FINALE-KIT: Syndicate
WAVE: +3 (MEDIC,GRUNT,MORTAR) [rich]
WAVE: +3 (PIKEMAN,SNIPER,SCOUT) [rich]
WAVE: +3 (PIKEMAN,GRUNT,MORTAR) [rich]
match 10/20  (W:5 L:5 cap:0)  183.2s
FINALE-KIT: Wardens
WAVE: +2 (HOUND,BERSERKER) [rich]
WAVE: +2 (HOUND,HOUND) [rich]
WAVE: +2 (BRUISER,BERSERKER) [rich]
FINALE-KIT: Wardens
WAVE: +2 (HOUND,BRUISER) [rich]
WAVE: +2 (LANCER,BRUISER) [rich]
WAVE: +2 (LANCER,BERSERKER) [rich]
FINALE-KIT: Wardens
FINALE-KIT: Wardens
FINALE-KIT: Wardens
REINFORCEMENTS: +2 (SCOUT,SCOUT)
REINFORCEMENTS: +2 (SCOUT,SCOUT)
REINFORCEMENTS: +3 (GRUNT,SCOUT,SCOUT)
match 15/20  (W:7 L:8 cap:0)  248.1s
FINALE-KIT: Wardens
REINFORCEMENTS: +2 (SCOUT,GRUNT)
REINFORCEMENTS: +2 (SCOUT,GRUNT)
FINALE-KIT: Wardens
WAVE: +2 (BRUISER,HUNTER) [rich]
WAVE: +2 (BERSERKER,HUNTER) [rich]
WAVE: +2 (HUNTER,BRUISER) [rich]
FINALE-KIT: Wardens
WAVE: +2 (HUNTER,BERSERKER) [rich]
WAVE: +2 (SCOUT,SCOUT) [rich]
FINALE-KIT: Wardens
WAVE: +3 (SCREENER,SPOTTER,SPOTTER) [rich]
WAVE: +3 (SPOTTER,DRONE,DRONE) [rich]
WAVE: +3 (SCREENER,DRONE,GRUNT) [rich]
FINALE-KIT: Wardens
WAVE: +3 (SPOTTER,SPOTTER,DRONE) [rich]
WAVE: +3 (CUSTODIAN,SAPPER,DRONE) [rich]
WAVE: +3 (DRONE,SCREENER,SHIELD) [rich]
match 20/20  (W:8 L:12 cap:0)  309.8s

══════════════════════ SIGHTLINE BALANCE REPORT ══════════════════════
runs=20  missions=74

RUN OUTCOMES (campaign):  win-rate   40%   avg missions cleared 4.0

POLICY GAP (optimal vs human-error; campaign runs only):
  greedy win-rate   30%  (n=10)
  sloppy win-rate   50%  (n=10)
  GAP  -20 pts  (noisy (need more runs))
  PAIRED (same-seed slots): pairs=10  concordant=8  discordant greedy-only-won=0 / sloppy-only-won=2  paired gap  -20 pts
  PER-SLOT RECORDS (greedy | sloppy: outcome + missions cleared; margin = g−s):
    slot  10 @h0: L 3 | L 3   margin +0
    slot  11 @h0: W 6 | W 6   margin +0
    slot  12 @h0: L 5 | W 6   margin -1
    slot  13 @h0: L 4 | L 3   margin +1
    slot  14 @h0: W 6 | W 6   margin +0
    slot  15 @h0: W 6 | W 6   margin +0
    slot  16 @h0: L 1 | L 3   margin -2
    slot  17 @h0: L 1 | L 1   margin +0
    slot  18 @h0: L 3 | L 1   margin +2
    slot  19 @h0: L 4 | W 6   margin -2
  PAIRED MARGIN (missions cleared, all pairs): -0.20 ±0.39 SE  (n=10 pairs)
  by objective (greedy / sloppy / gap):
    Decapitate :   50% /   71% / gap  -21
    Defend     :   75% /   71% / gap    4
    Eliminate  :  100% /  100% / gap    0
    Escort     :  100% /   80% / gap   20
    Hack       :  100% /  100% / gap    0
    Rescue     :  100% /  100% / gap    0
    Sabotage   :   60% /  100% / gap  -40

DECISION RICHNESS / SWING:
  meaningful-choices/turn 2.93   lead-swings/match 0.8   avg max-swing 43.2
  [shot-gate] acting-soldiers/turn 3.66   armed-soldiers/turn 1.69   armed-fraction 46%   turns-with-a-shot 60%   choices/ARMED-soldier-turn 1.74
  [choice-split] los-targets/ARMED 2.55   target-choices/ARMED 0.46   position-choices/ARMED 1.27

RUN COMPLETION BY HEAT (full-campaign clears):
  heat 0:   40% ±11  (n=20 runs, avg 4.0 missions)

INTEL ECONOMY BY HEAT (campaign runs; heat-bonus = the Heat.IntelBonus share of income):
  heat 0: earned  117.6/run   heat-bonus   0.0 (   0% of income)   spent  103.7   unspent   13.9

MISSION WIN-RATE BY HEAT:
  heat 0:   84%  (n=74, avg 6.1 turns)

MISSION WIN-RATE BY OBJECTIVE:
  Eliminate  :  100% ±0  (n=20, avg 3.5 turns)
  Defend     :   73% ±11  (n=15, avg 8.5 turns)
  Decapitate :   62% ±13  (n=13, avg 6.6 turns)
  Escort     :   89% ±10  (n=9, avg 11.9 turns)
  Sabotage   :   78% ±14  (n=9, avg 3.7 turns)
  Hack       :  100% ±0  (n=6, avg 4.5 turns)
  Rescue     :  100% ±0  (n=2, avg 2.5 turns)

MISSION WIN-RATE BY MISSION #:
  m1:  100% ±0  (n=20)
  m2:   67% ±14  (n=12)
  m3:  100% ±0  (n=12)
  m4:   64% ±13  (n=14)
  m5:   71% ±17  (n=7)
  m6:   89% ±10  (n=9)

LOSS CAUSES (missions):
  RUN OVER              : 11
  STALEMATE             : 1

MISSION WIN-RATE BY ARENA (authored layouts, n>=3; procedural fallback   22% of 74 missions):
  arena  5:  100% ±0  (n=3, avg 2.7 turns)  [m1:100%(2) m3:100%(1)]
  arena  6:   50% ±25  (n=4, avg 8.8 turns)  [m2:0%(1) m3:100%(2) m4:0%(1)]
  arena 10:   75% ±22  (n=4, avg 6.5 turns)  [m1:100%(2) m5:50%(2)]
  arena 12:   50% ±25  (n=4, avg 6.0 turns)  [m2:50%(2) m4:50%(2)]
  arena 19:  100% ±0  (n=4, avg 2.8 turns)  [m1:100%(2) m4:100%(2)]
  arena 21:  100% ±0  (n=3, avg 3.3 turns)  [m1:100%(2) m3:100%(1)]
  arena 22:  100% ±0  (n=3, avg 3.0 turns)  [m4:100%(1) m6:100%(2)]
  arena 24:  100% ±0  (n=4, avg 7.3 turns)  [m2:100%(2) m4:100%(2)]
  arena 25:  100% ±0  (n=3, avg 5.7 turns)  [m3:100%(2) m6:100%(1)]
  arena 28:  100% ±0  (n=5, avg 5.4 turns)  [m1:100%(4) m5:100%(1)]
  arena 30:   67% ±27  (n=3, avg 19.3 turns)  [m3:100%(2) m4:0%(1)]
  arena 32:  100% ±0  (n=5, avg 6.8 turns)  [m2:100%(1) m4:100%(2) m5:100%(2)]
  procedural:   81% ±10  (n=16, avg 5.3 turns)  [m1:100%(8) m2:0%(2) m3:100%(3) m4:100%(1) m5:100%(1) m6:0%(1)]

DEPLOYMENT GEOMETRY (opening shape; choices/ARMED is the wave's real gate):
  FRONTAL   :   88%  (n=33, avg 7.2 turns)  choices/turn 3.61  choices/ARMED 1.80  los-targets/ARMED 2.90
  PINCER    :   74% ±8  (n=27, avg 5.7 turns)  choices/turn 2.49  choices/ARMED 1.71  los-targets/ARMED 2.08
  CROSSFIRE :   83% ±15  (n=6, avg 4.2 turns)  choices/turn 1.30  choices/ARMED 1.20  los-targets/ARMED 2.00
  ENVELOP   :  100% ±0  (n=8, avg 5.0 turns)  choices/turn 1.55  choices/ARMED 1.48  los-targets/ARMED 1.48

ARENA FUNNEL (Mission.Build exits, n=84 builds, all modes):
  authored-applied    :  78.6%  (n=66)
  connectivity-reject :   0.0%  (n=0)
  procedural-roll     :  21.4%  (n=18)

DECK EXPOSURE (campaign runs n=20):
  distinct authored arenas/run : 2.90 mean (all runs)
  ... full-depth runs only     : 3.88 mean over 4.8 fights/run (n=8)
  Defend dealt on the route    :   70% of runs (n=14)

ACTION MIX (verbs issued, by policy):
  verb                  greedy        sloppy
  MOVE               531   41%     547   35%
  SHOOT              322   25%     321   20%
  HUNKER             110    8%     239   15%
  FOCUS               29    2%     176   11%
  BRACE               47    4%      56    4%
  RELOAD              47    4%      45    3%
  INTEL               38    3%      31    2%
  STABILIZE           32    2%      27    2%
  SLIPSTREAM          24    2%      19    1%
  ITEM:SMOKE          17    1%      19    1%
  MARK                20    2%      15    1%
  OVERWATCH           17    1%      14    1%
  PIN                 14    1%      12    1%
  PLANT               14    1%      12    1%
  PATCH               13    1%      12    1%
  HACK                 7    1%       8    1%
  REARM                4    0%       7    0%
  EXTRACT              4    0%       6    0%
  BEACON               4    0%       5    0%
  GRAPPLE              6    0%       2    0%
  GRENADE              2    0%       6    0%
  BARREL               1    0%       1    0%
  DRAG                 1    0%       0    0%
  ITEM:INCENDIARY       0    0%       1    0%

PLAYER CLASS PERFORMANCE:
  class        shots   hit%   dmg   kills
  GUNNER         197    84%    959     69
  ASSAULT        170    91%    909     45
  SHARPSHOOTER    125    95%    676     37
  RANGER         122    86%    600     48
  CORPSMAN        70    86%    193      8

SOLDIER DEATHS BY ENEMY CLASS (threat ranking):
  MORTAR     : 11
  BERSERKER  : 8
  GRUNT      : 8
  SNIPER     : 8
  BURN       : 7
  SCOUT      : 5
  ELITE      : 5
  STRIKE     : 5
  SHIELD     : 4
  SCREENER   : 4
  HUNTER     : 4
  BRUISER    : 3
  LANCER     : 2
  CUSTODIAN  : 2
  WARBRINGER : 1
  STRIKER    : 1
  MEDIC      : 1
  TURRET     : 1

SOLDIER DOWNS (FUL-7 bleed-out): 173 downs -> revived 11 / recovered 45 / bled out 96 / finished 21  (save-rate   32%)
  corpsman fielded in 39 missions

ENEMY COMPOSITION (spawns; faction-stamped fights n=451 / default-cascade fights n=122):
  class        faction         default
  SCOUT           36    8%       45   37%
  GRUNT           39    9%       38   31%
  MORTAR          36    8%        4    3%
  ELITE           32    7%        2    2%
  HUNTER          30    7%        3    2%
  BERSERKER       31    7%        0    0%
  SNIPER          21    5%        9    7%
  BRUISER         29    6%        0    0%
  STRIKER         25    6%        2    2%
  SCREENER        25    6%        2    2%
  TURRET          22    5%        2    2%
  SHIELD          16    4%        4    3%
  DRONE           19    4%        1    1%
  CUSTODIAN       20    4%        0    0%
  MEDIC           18    4%        2    2%
  PIKEMAN         11    2%        2    2%
  HOUND           10    2%        2    2%
  LANCER           9    2%        2    2%
  SAPPER           8    2%        0    0%
  SPOTTER          6    1%        0    0%
  BOMBARD          4    1%        2    2%
  WARBRINGER       4    1%        0    0%

PERK PICK FREQUENCY:
  GRD           : 12
  GUN           : 12
  MOM           : 11
  RFX           : 11
  TNK           : 10
  HRD           : 10
  LCK           : 10
  CQB           : 9
  SKR           : 7
  MRK           : 7
  EXC           : 7
  SGE           : 7
  FST           : 7
  BND           : 6
  PLT           : 6
  OUT           : 6
  VNT           : 4
  CLH           : 4
  BRK           : 3

SHOP PURCHASE FREQUENCY:
  FIELD MEDKIT      : 48
  WPN: SCOPE        : 29
  WPN: HOLLOW POINT : 21
  WPN: STABILIZER   : 15
  BALLISTIC PLATING : 15
  WPN: BIPOD        : 14
  FRAG CACHE        : 13
  ADV. TRAINING     : 12
  ARMORY            : 11
  WPN: EXTENDED MAG : 10
  COMBAT STIMS      : 9
  COUNTER-PREP      : 5
  WPN: SUPPRESSOR   : 3

BOON PICK FREQUENCY (PROCS = effect fires at instrumented sites; '-' = not instrumented;
                      PYR counts the +2-turn-burn half only — the Burning-immunity half is uninstrumented):
  code                 picks   PROCS
  FRT               :     6       -
  RPD               :     6       -
  MRK               :     5       -
  SHK               :     5       8
  ADR               :     4       -
  FST               :     4      46
  FVR               :     4       -
  EXE               :     3       -
  SCV               :     3       -
  TRR               :     3      18
  VNM               :     3       -
  FDR               :     2       0
  GHO               :     2       -
  GRN               :     2       -
  PYR               :     2       0

RUN WIN-RATE BY BOON (campaign runs holding it):
  FRT               :   50% ±20  (in 6 runs)
  RPD               :   50% ±20  (in 6 runs)
  MRK               :   40% ±22  (in 5 runs)
  SHK               :   40% ±22  (in 5 runs)
  ADR               :   50% ±25  (in 4 runs)
  FST               :   75% ±22  (in 4 runs)
  FVR               :   75% ±22  (in 4 runs)
  EXE               :   33% ±27  (in 3 runs)
  SCV               :   67% ±27  (in 3 runs)
  TRR               :   67% ±27  (in 3 runs)
  VNM               :   67% ±27  (in 3 runs)
  FDR               :   50% ±35  (in 2 runs)
  GHO               :  100% ±0  (in 2 runs)
  GRN               :   50% ±35  (in 2 runs)
  PYR               :   50% ±35  (in 2 runs)

RUN WIN-RATE BY SPEC (campaign runs fielding it):
  ANC               :   80% ±18  (in 5 runs)
  HHT               :  100% ±0  (in 3 runs)
  ADN               :  100% ±0  (in 2 runs)
  MED               :  100% ±0  (in 2 runs)
  PTH               :  100% ±0  (in 2 runs)
  BRC               :  100% ±0  (in 1 runs)
  PHN               :  100% ±0  (in 1 runs)

RUN WIN-RATE BY PERK (campaign runs holding it):
  GUN               :   40% ±15  (in 10 runs)
  CQB               :   44% ±17  (in 9 runs)
  GRD               :   44% ±17  (in 9 runs)
  MOM               :   22% ±14  (in 9 runs)
  HRD               :   63% ±17  (in 8 runs)
  LCK               :   63% ±17  (in 8 runs)
  RFX               :   63% ±17  (in 8 runs)
  TNK               :   63% ±17  (in 8 runs)
  EXC               :   50% ±20  (in 6 runs)
  MRK               :   67% ±19  (in 6 runs)
  OUT               :   50% ±20  (in 6 runs)
  SGE               :   50% ±20  (in 6 runs)
  BND               :   80% ±18  (in 5 runs)
  SKR               :   40% ±22  (in 5 runs)
  CLH               :  100% ±0  (in 4 runs)
  FST               :   50% ±25  (in 4 runs)
  PLT               :   50% ±25  (in 4 runs)
  VNT               :   50% ±25  (in 4 runs)
  BRK               :  100% ±0  (in 3 runs)

RUN WIN-RATE BY PURCHASE (campaign runs buying it):
  FIELD MEDKIT      :   47% ±12  (in 17 runs)
  WPN: HOLLOW POINT :   58% ±14  (in 12 runs)
  WPN: STABILIZER   :   50% ±16  (in 10 runs)
  ADV. TRAINING     :   78% ±14  (in 9 runs)
  ARMORY            :   33% ±16  (in 9 runs)
  FRAG CACHE        :   67% ±16  (in 9 runs)
  WPN: BIPOD        :   56% ±17  (in 9 runs)
  WPN: SCOPE        :   67% ±16  (in 9 runs)
  WPN: EXTENDED MAG :   38% ±17  (in 8 runs)
  BALLISTIC PLATING :   80% ±18  (in 5 runs)
  COMBAT STIMS      :   40% ±22  (in 5 runs)
  COUNTER-PREP      :   40% ±22  (in 5 runs)
  WPN: SUPPRESSOR   :   67% ±27  (in 3 runs)

RUN WIN-RATE BY EVENT-CHOICE (campaign runs taking id:arm):
  grave:1           :   75% ±22  (in 4 runs)
  defector:2        :   50% ±35  (in 2 runs)
  depot:0           :  100% ±0  (in 2 runs)
  profiteer:0       :    0% ±0  (in 2 runs)
  quartermaster:2   :    0% ±0  (in 2 runs)
  relic:1           :  100% ±0  (in 2 runs)
  warpension:1      :  100% ±0  (in 2 runs)
  fieldhospital:2   :    0% ±0  (in 1 runs)
  medic:1           :    0% ±0  (in 1 runs)
═══════════════════════════════════════════════════════════════════════

batch wall-time: 309.8s  (20 matches across 10 campaigns × 2 policy, frame-cap hits: 0)
aggregate JSON -> /home/user/wt/x3/docs/measurements/x3/C2-h0-b10.json
INFO: TEXTURE: [ID 2] Unloaded texture data from VRAM (GPU)
INFO: SHADER: [ID 3] Default shader unloaded successfully
INFO: TEXTURE: [ID 1] Default texture unloaded successfully
INFO: Window closed successfully
