INFO: Initializing raylib 6.0
INFO: Platform backend: DESKTOP (GLFW)
INFO: Supported raylib modules:
INFO:     > rcore:..... loaded (mandatory)
INFO:     > rlgl:...... loaded (mandatory)
INFO:     > rshapes:... loaded (optional)
INFO:     > rtextures:. loaded (optional)
INFO:     > rtext:..... loaded (optional)
INFO:     > rmodels:... loaded (optional)
INFO:     > raudio:.... loaded (optional)
INFO: DISPLAY: Trying to enable MSAA x4
INFO: DISPLAY: Device initialized successfully 
INFO:     > Display size: 1280 x 800
INFO:     > Screen size:  1280 x 800
INFO:     > Render size:  1280 x 800
INFO:     > Viewport offsets: 0, 0
INFO: GLAD: OpenGL extensions loaded successfully
INFO: GL: Supported extensions count: 229
INFO: GL: OpenGL device information:
INFO:     > Vendor:   Mesa
INFO:     > Renderer: llvmpipe (LLVM 20.1.2, 256 bits)
INFO:     > Version:  4.5 (Core Profile) Mesa 25.2.8-0ubuntu0.24.04.2
INFO:     > GLSL:     4.50
INFO: GL: VAO extension detected, VAO functions loaded successfully
INFO: GL: NPOT textures extension detected, full NPOT textures supported
INFO: GL: DXT compressed textures supported
INFO: GL: ETC2/EAC compressed textures supported
INFO: PLATFORM: DESKTOP (GLFW - X11): Initialized successfully
INFO: TEXTURE: [ID 1] Texture loaded successfully (1x1 | R8G8B8A8 | 1 mipmaps)
INFO: TEXTURE: [ID 1] Default texture loaded successfully
INFO: SHADER: [ID 1] Vertex shader compiled successfully
INFO: SHADER: [ID 2] Fragment shader compiled successfully
INFO: SHADER: [ID 3] Program shader loaded successfully
INFO: SHADER: [ID 3] Default shader loaded successfully
INFO: RLGL: Render batch vertex buffers loaded successfully in RAM (CPU)
INFO: RLGL: Render batch vertex buffers loaded successfully in VRAM (GPU)
INFO: RLGL: Default OpenGL state initialized successfully
INFO: TEXTURE: [ID 2] Texture loaded successfully (128x128 | GRAY_ALPHA | 1 mipmaps)
INFO: FONT: Default font loaded successfully (224 glyphs)
INFO: SYSTEM: Working Directory: /home/user/wt/x3
INFO: TIMER: Target time per frame: 0.000 milliseconds
FINALE-KIT: Wardens
WAVE: +2 (DRONE,GRUNT) [rich]
WAVE: +2 (SHIELD,SPOTTER) [rich]
WAVE: +2 (DRONE,SPOTTER) [rich]
WAVE: +3 (MORTAR,MEDIC,MEDIC) [rich]
WAVE: +3 (GRUNT,CUSTODIAN,MORTAR) [rich]
WAVE: +3 (MEDIC,SNIPER,GRUNT) [rich]
FINALE-KIT: Wardens
WAVE: +2 (GRUNT,DRONE) [rich]
WAVE: +2 (SPOTTER,GRUNT) [rich]
WAVE: +2 (GRUNT,DRONE) [rich]
FINALE-KIT: Wardens
WAVE: +3 (GRUNT,SNIPER,MEDIC) [rich]
WAVE: +3 (SNIPER,SCREENER,GRUNT) [rich]
WAVE: +1 (SNIPER) [rich]
REINFORCEMENTS: +2 (SCOUT,GRUNT)
FINALE-KIT: Wardens
WAVE: +3 (CUSTODIAN,MORTAR,PIKEMAN) [rich]
WAVE: +3 (MORTAR,MEDIC,MEDIC) [rich]
WAVE: +3 (SCREENER,SCOUT,SCOUT) [rich]
FINALE-KIT: Wardens
WAVE: +3 (MORTAR,SNIPER,GRUNT) [rich]
WAVE: +3 (SNIPER,MEDIC,GRUNT) [rich]
WAVE: +3 (SNIPER,GRUNT,SNIPER) [rich]
REINFORCEMENTS: +2 (GRUNT,GRUNT)
match 5/20  (W:2 L:3 cap:0)  80.5s
FINALE-KIT: Wardens
WAVE: +3 (GRUNT,MORTAR,PIKEMAN) [rich]
WAVE: +3 (SCREENER,MEDIC,SCREENER) [rich]
WAVE: +3 (MORTAR,MORTAR,MORTAR) [rich]
REINFORCEMENTS: +2 (GRUNT,GRUNT)
REINFORCEMENTS: +2 (GRUNT,GRUNT)
REINFORCEMENTS: +3 (GRUNT,GRUNT,GRUNT)
FINALE-KIT: Wardens
WAVE: +3 (SPOTTER,SHIELD,SAPPER) [rich]
WAVE: +3 (SAPPER,SPOTTER,GRUNT) [rich]
WAVE: +3 (DRONE,SCREENER,SAPPER) [rich]
FINALE-KIT: Wardens
WAVE: +3 (SHIELD,SPOTTER,SHIELD) [rich]
WAVE: +3 (SCREENER,SAPPER,SAPPER) [rich]
WAVE: +3 (CUSTODIAN,SAPPER,SCREENER) [rich]
REINFORCEMENTS: +2 (GRUNT,SCOUT)
FINALE-KIT: Syndicate
WAVE: +2 (GRUNT,PIKEMAN) [rich]
WAVE: +2 (GRUNT,MEDIC) [rich]
WAVE: +2 (SNIPER,SCOUT) [rich]
FINALE-KIT: Syndicate
WAVE: +2 (GRUNT,SCREENER) [rich]
WAVE: +2 (SNIPER,SCREENER) [rich]
WAVE: +2 (SNIPER,SCOUT) [rich]
REINFORCEMENTS: +2 (SCOUT,GRUNT)
match 10/20  (W:4 L:6 cap:0)  182.7s
FINALE-KIT: Wardens
FINALE-KIT: Wardens
WAVE: +3 (HUNTER,DRONE,SCREENER) [rich]
WAVE: +3 (MORTAR,BERSERKER,HOUND) [rich]
WAVE: +3 (MEDIC,SPOTTER,SHIELD) [rich]
WAVE: +3 (MORTAR,SCREENER,MEDIC) [rich]
WAVE: +3 (MORTAR,PIKEMAN,MORTAR) [rich]
WAVE: +3 (HOUND,SHIELD,SNIPER) [rich]
FINALE-KIT: Syndicate
WAVE: +2 (LANCER,BERSERKER) [rich]
WAVE: +2 (BRUISER,BERSERKER) [rich]
WAVE: +2 (LANCER,STRIKER) [rich]
FINALE-KIT: Syndicate
WAVE: +2 (STRIKER,HUNTER) [rich]
WAVE: +2 (LANCER,HUNTER) [rich]
WAVE: +2 (BRUISER,HUNTER) [rich]
FINALE-KIT: Wardens
match 15/20  (W:6 L:9 cap:0)  247.0s
FINALE-KIT: Wardens
FINALE-KIT: Wardens
WAVE: +2 (GRUNT,SCOUT) [rich]
WAVE: +2 (SNIPER,MEDIC) [rich]
WAVE: +2 (SNIPER,MORTAR) [rich]
FINALE-KIT: Wardens
WAVE: +2 (MEDIC,SNIPER) [rich]
WAVE: +2 (SCOUT,GRUNT) [rich]
WAVE: +2 (SCOUT,PIKEMAN) [rich]
FINALE-KIT: Syndicate
FINALE-KIT: Syndicate
match 20/20  (W:11 L:9 cap:0)  310.9s

══════════════════════ SIGHTLINE BALANCE REPORT ══════════════════════
runs=20  missions=86

RUN OUTCOMES (campaign):  win-rate   55%   avg missions cleared 4.8

POLICY GAP (optimal vs human-error; campaign runs only):
  greedy win-rate   60%  (n=10)
  sloppy win-rate   50%  (n=10)
  GAP   10 pts  (healthy slack)
  PAIRED (same-seed slots): pairs=10  concordant=7  discordant greedy-only-won=2 / sloppy-only-won=1  paired gap   10 pts
  PER-SLOT RECORDS (greedy | sloppy: outcome + missions cleared; margin = g−s):
    slot  30 @h0: W 6 | L 1   margin +5
    slot  31 @h0: W 6 | L 5   margin +1
    slot  32 @h0: L 5 | L 5   margin +0
    slot  33 @h0: W 6 | W 6   margin +0
    slot  34 @h0: L 3 | L 3   margin +0
    slot  35 @h0: L 1 | L 3   margin -2
    slot  36 @h0: L 3 | W 6   margin -3
    slot  37 @h0: W 6 | W 6   margin +0
    slot  38 @h0: W 6 | W 6   margin +0
    slot  39 @h0: W 6 | W 6   margin +0
  PAIRED MARGIN (missions cleared, all pairs): +0.10 ±0.66 SE  (n=10 pairs)
  by objective (greedy / sloppy / gap):
    Decapitate :   88% /   75% / gap   13
    Defend     :  100% /   75% / gap   25
    Eliminate  :   91% /   91% / gap    0
    Escort     :   67% /  100% / gap  -33
    Evac       :  100% /  100% / gap    0
    Hack       :  100% /  100% / gap    0
    Rescue     :  100% /  100% / gap    0
    Sabotage   :   67% /  100% / gap  -33

DECISION RICHNESS / SWING:
  meaningful-choices/turn 3.05   lead-swings/match 0.5   avg max-swing 34.4
  [shot-gate] acting-soldiers/turn 3.64   armed-soldiers/turn 1.56   armed-fraction 43%   turns-with-a-shot 61%   choices/ARMED-soldier-turn 1.95
  [choice-split] los-targets/ARMED 2.99   target-choices/ARMED 0.57   position-choices/ARMED 1.38

RUN COMPLETION BY HEAT (full-campaign clears):
  heat 0:   55% ±11  (n=20 runs, avg 4.8 missions)

INTEL ECONOMY BY HEAT (campaign runs; heat-bonus = the Heat.IntelBonus share of income):
  heat 0: earned  148.2/run   heat-bonus   0.9 (   1% of income)   spent  134.4   unspent   13.8

MISSION WIN-RATE BY HEAT:
  heat 0:   91%  (n=78, avg 5.4 turns)
  heat 1:   75% ±15  (n=8, avg 6.1 turns)

MISSION WIN-RATE BY OBJECTIVE:
  Eliminate  :   91% ±6  (n=22, avg 3.5 turns)
  Defend     :   88% ±8  (n=16, avg 8.9 turns)
  Decapitate :   81% ±10  (n=16, avg 3.9 turns)
  Rescue     :  100% ±0  (n=8, avg 3.3 turns)
  Escort     :   86% ±13  (n=7, avg 13.4 turns)
  Sabotage   :   83% ±15  (n=6, avg 3.5 turns)
  Evac       :  100% ±0  (n=6, avg 5.7 turns)
  Hack       :  100% ±0  (n=5, avg 3.2 turns)

MISSION WIN-RATE BY MISSION #:
  m1:  100% ±0  (n=20)
  m2:   75% ±15  (n=8)
  m3:  100% ±0  (n=15)
  m4:   75% ±11  (n=16)
  m5:  100% ±0  (n=13)
  m6:   79% ±11  (n=14)

LOSS CAUSES (missions):
  RUN OVER              : 8
  STALEMATE             : 1

MISSION WIN-RATE BY ARENA (authored layouts, n>=3; procedural fallback   22% of 86 missions):
  arena  3:  100% ±0  (n=3, avg 3.0 turns)  [m4:100%(2) m6:100%(1)]
  arena  6:  100% ±0  (n=4, avg 4.0 turns)  [m1:100%(2) m3:100%(2)]
  arena  8:   67% ±27  (n=3, avg 8.7 turns)  [m2:100%(2) m6:0%(1)]
  arena  9:  100% ±0  (n=3, avg 3.3 turns)  [m1:100%(2) m5:100%(1)]
  arena 10:  100% ±0  (n=3, avg 3.0 turns)  [m3:100%(1) m6:100%(2)]
  arena 11:  100% ±0  (n=3, avg 4.0 turns)  [m3:100%(2) m4:100%(1)]
  arena 15:  100% ±0  (n=4, avg 4.0 turns)  [m1:100%(2) m5:100%(2)]
  arena 22:  100% ±0  (n=6, avg 4.8 turns)  [m1:100%(2) m3:100%(4)]
  arena 30:   83% ±15  (n=6, avg 7.0 turns)  [m2:50%(2) m5:100%(2) m6:100%(2)]
  arena 31:  100% ±0  (n=6, avg 2.8 turns)  [m1:100%(2) m4:100%(4)]
  arena 32:   80% ±18  (n=5, avg 5.6 turns)  [m3:100%(2) m4:100%(1) m6:50%(2)]
  procedural:   89% ±7  (n=19, avg 8.4 turns)  [m1:100%(6) m3:100%(2) m4:67%(3) m5:100%(6) m6:50%(2)]

DEPLOYMENT GEOMETRY (opening shape; choices/ARMED is the wave's real gate):
  FRONTAL   :   91%  (n=35, avg 4.8 turns)  choices/turn 3.18  choices/ARMED 1.74  los-targets/ARMED 3.16
  PINCER    :   94%  (n=31, avg 6.4 turns)  choices/turn 3.42  choices/ARMED 2.52  los-targets/ARMED 3.24
  CROSSFIRE :   80% ±18  (n=5, avg 3.4 turns)  choices/turn 1.75  choices/ARMED 1.22  los-targets/ARMED 2.30
  ENVELOP   :   80% ±10  (n=15, avg 5.9 turns)  choices/turn 2.12  choices/ARMED 1.38  los-targets/ARMED 2.13

ARENA FUNNEL (Mission.Build exits, n=92 builds, all modes):
  authored-applied    :  78.3%  (n=72)
  connectivity-reject :   0.0%  (n=0)
  procedural-roll     :  21.7%  (n=20)

DECK EXPOSURE (campaign runs n=20):
  distinct authored arenas/run : 3.35 mean (all runs)
  ... full-depth runs only     : 4.09 mean over 5.0 fights/run (n=11)
  Defend dealt on the route    :   75% of runs (n=15)

ACTION MIX (verbs issued, by policy):
  verb                  greedy        sloppy
  MOVE               487   34%     578   41%
  SHOOT              307   21%     327   23%
  HUNKER             272   19%     162   12%
  OVERWATCH           57    4%      45    3%
  BRACE               54    4%      34    2%
  FOCUS               49    3%      33    2%
  RELOAD              39    3%      36    3%
  INTEL               37    3%      37    3%
  STABILIZE           25    2%      35    2%
  SLIPSTREAM          19    1%      17    1%
  PIN                 20    1%      13    1%
  MARK                17    1%      14    1%
  ITEM:SMOKE          15    1%      14    1%
  PLANT                8    1%       9    1%
  BEACON               8    1%       8    1%
  EXTRACT              2    0%      13    1%
  REARM                7    0%       6    0%
  PATCH                6    0%       7    0%
  GRENADE              4    0%       7    0%
  HACK                 6    0%       4    0%
  GRAPPLE              6    0%       1    0%
  BARREL               3    0%       1    0%

PLAYER CLASS PERFORMANCE:
  class        shots   hit%   dmg   kills
  ASSAULT        194    87%   1110     67
  GUNNER         198    81%    986     66
  RANGER         130    88%    697     40
  SHARPSHOOTER    126    91%    684     41
  CORPSMAN        64    84%    238     10

SOLDIER DEATHS BY ENEMY CLASS (threat ranking):
  GRUNT      : 12
  MORTAR     : 10
  ELITE      : 9
  SCREENER   : 9
  MEDIC      : 6
  SNIPER     : 5
  STRIKE     : 5
  BURN       : 4
  LANCER     : 4
  SPOTTER    : 2
  WARBRINGER : 2
  DRONE      : 1
  PIKEMAN    : 1
  TURRET     : 1
  HOUND      : 1
  SHIELD     : 1
  BRUISER    : 1
  STRIKER    : 1

SOLDIER DOWNS (FUL-7 bleed-out): 151 downs -> revived 7 / recovered 48 / bled out 81 / finished 15  (save-rate   36%)
  corpsman fielded in 25 missions

ENEMY COMPOSITION (spawns; faction-stamped fights n=542 / default-cascade fights n=128):
  class        faction         default
  GRUNT           72   13%       28   22%
  SCOUT           39    7%       52   41%
  MORTAR          53   10%        4    3%
  ELITE           43    8%        2    2%
  MEDIC           41    8%        2    2%
  SNIPER          36    7%        1    1%
  SCREENER        30    6%        4    3%
  PIKEMAN         31    6%        1    1%
  DRONE           24    4%        1    1%
  HUNTER          18    3%        7    5%
  SPOTTER         16    3%        5    4%
  HOUND           17    3%        4    3%
  BRUISER         19    4%        0    0%
  BERSERKER       15    3%        4    3%
  SAPPER          12    2%        5    4%
  TURRET          13    2%        3    2%
  SHIELD          10    2%        5    4%
  WARBRINGER      14    3%        0    0%
  CUSTODIAN       11    2%        0    0%
  STRIKER         11    2%        0    0%
  LANCER           9    2%        0    0%
  BOMBARD          8    1%        0    0%

PERK PICK FREQUENCY:
  SKR           : 12
  FST           : 11
  OUT           : 11
  LCK           : 10
  RFX           : 10
  MRK           : 10
  CQB           : 9
  GRD           : 8
  PLT           : 8
  TNK           : 8
  EXC           : 6
  GUN           : 6
  BND           : 6
  SGE           : 6
  MOM           : 6
  CLH           : 5
  VNT           : 5
  HRD           : 5
  BRK           : 3

SHOP PURCHASE FREQUENCY:
  FIELD MEDKIT      : 53
  WPN: HOLLOW POINT : 45
  BALLISTIC PLATING : 31
  WPN: STABILIZER   : 26
  WPN: EXTENDED MAG : 18
  COUNTER-PREP      : 14
  WPN: SUPPRESSOR   : 13
  ARMORY            : 13
  WPN: BIPOD        : 12
  COMBAT STIMS      : 12
  WPN: SCOPE        : 12
  FRAG CACHE        : 11
  ADV. TRAINING     : 7

BOON PICK FREQUENCY (PROCS = effect fires at instrumented sites; '-' = not instrumented;
                      PYR counts the +2-turn-burn half only — the Burning-immunity half is uninstrumented):
  code                 picks   PROCS
  TRR               :     8      14
  PYR               :     7       1
  SCV               :     6       -
  FVR               :     5       -
  GRN               :     5       -
  VNM               :     5       -
  FDR               :     4       0
  FST               :     4      60
  GHO               :     4       -
  RCL               :     4       0
  FRT               :     3       -
  MRK               :     3       -
  RPD               :     3       -
  SHK               :     3       0
  ADR               :     1       -
  EXE               :     1       -

RUN WIN-RATE BY BOON (campaign runs holding it):
  TRR               :   88% ±12  (in 8 runs)
  PYR               :   71% ±17  (in 7 runs)
  SCV               :   33% ±19  (in 6 runs)
  FVR               :   80% ±18  (in 5 runs)
  GRN               :   60% ±22  (in 5 runs)
  VNM               :   60% ±22  (in 5 runs)
  FDR               :   50% ±25  (in 4 runs)
  FST               :   25% ±22  (in 4 runs)
  GHO               :   75% ±22  (in 4 runs)
  RCL               :   75% ±22  (in 4 runs)
  FRT               :  100% ±0  (in 3 runs)
  MRK               :   67% ±27  (in 3 runs)
  RPD               :   67% ±27  (in 3 runs)
  SHK               :  100% ±0  (in 3 runs)
  ADR               :  100% ±0  (in 1 runs)
  EXE               :    0% ±0  (in 1 runs)

RUN WIN-RATE BY SPEC (campaign runs fielding it):
  ANC               :   67% ±19  (in 6 runs)
  JUG               :   40% ±22  (in 5 runs)
  BRC               :   75% ±22  (in 4 runs)
  PHN               :   50% ±35  (in 2 runs)
  PTH               :    0% ±0  (in 2 runs)
  ADN               :    0% ±0  (in 1 runs)
  HHT               :  100% ±0  (in 1 runs)

RUN WIN-RATE BY PERK (campaign runs holding it):
  SKR               :   82% ±12  (in 11 runs)
  LCK               :   70% ±14  (in 10 runs)
  OUT               :   33% ±16  (in 9 runs)
  CQB               :   63% ±17  (in 8 runs)
  FST               :   75% ±15  (in 8 runs)
  RFX               :   50% ±18  (in 8 runs)
  TNK               :   38% ±17  (in 8 runs)
  MRK               :   71% ±17  (in 7 runs)
  EXC               :   67% ±19  (in 6 runs)
  GRD               :   33% ±19  (in 6 runs)
  GUN               :   83% ±15  (in 6 runs)
  PLT               :   33% ±19  (in 6 runs)
  SGE               :   67% ±19  (in 6 runs)
  MOM               :   60% ±22  (in 5 runs)
  VNT               :  100% ±0  (in 5 runs)
  CLH               :   75% ±22  (in 4 runs)
  BND               :   33% ±27  (in 3 runs)
  BRK               :   67% ±27  (in 3 runs)
  HRD               :   67% ±27  (in 3 runs)

RUN WIN-RATE BY PURCHASE (campaign runs buying it):
  FIELD MEDKIT      :   58% ±11  (in 19 runs)
  WPN: HOLLOW POINT :   59% ±12  (in 17 runs)
  BALLISTIC PLATING :   69% ±13  (in 13 runs)
  COUNTER-PREP      :   64% ±15  (in 11 runs)
  WPN: EXTENDED MAG :   50% ±16  (in 10 runs)
  WPN: SUPPRESSOR   :   70% ±14  (in 10 runs)
  COMBAT STIMS      :   67% ±16  (in 9 runs)
  WPN: BIPOD        :   78% ±14  (in 9 runs)
  WPN: SCOPE        :   67% ±16  (in 9 runs)
  WPN: STABILIZER   :   67% ±16  (in 9 runs)
  ARMORY            :   63% ±17  (in 8 runs)
  FRAG CACHE        :   63% ±17  (in 8 runs)
  ADV. TRAINING     :   80% ±18  (in 5 runs)

RUN WIN-RATE BY EVENT-CHOICE (campaign runs taking id:arm):
  informant:2       :   75% ±22  (in 4 runs)
  medic:1           :   67% ±27  (in 3 runs)
  blackmarket:2     :    0% ±0  (in 2 runs)
  informant:1       :    0% ±0  (in 2 runs)
  profiteer:0       :  100% ±0  (in 2 runs)
  relic:1           :   50% ±35  (in 2 runs)
  reservecall:0     :  100% ±0  (in 2 runs)
  depot:0           :  100% ±0  (in 1 runs)
═══════════════════════════════════════════════════════════════════════

batch wall-time: 310.9s  (20 matches across 10 campaigns × 2 policy, frame-cap hits: 0)
aggregate JSON -> /home/user/wt/x3/docs/measurements/x3/C2-h0-b30.json
INFO: TEXTURE: [ID 2] Unloaded texture data from VRAM (GPU)
INFO: SHADER: [ID 3] Default shader unloaded successfully
INFO: TEXTURE: [ID 1] Default texture unloaded successfully
INFO: Window closed successfully
