INFO: Initializing raylib 6.0
INFO: Platform backend: DESKTOP (GLFW)
INFO: Supported raylib modules:
INFO:     > rcore:..... loaded (mandatory)
INFO:     > rlgl:...... loaded (mandatory)
INFO:     > rshapes:... loaded (optional)
INFO:     > rtextures:. loaded (optional)
INFO:     > rtext:..... loaded (optional)
INFO:     > rmodels:... loaded (optional)
INFO:     > raudio:.... loaded (optional)
INFO: DISPLAY: Trying to enable MSAA x4
INFO: DISPLAY: Device initialized successfully 
INFO:     > Display size: 1280 x 800
INFO:     > Screen size:  1280 x 800
INFO:     > Render size:  1280 x 800
INFO:     > Viewport offsets: 0, 0
INFO: GLAD: OpenGL extensions loaded successfully
INFO: GL: Supported extensions count: 229
INFO: GL: OpenGL device information:
INFO:     > Vendor:   Mesa
INFO:     > Renderer: llvmpipe (LLVM 20.1.2, 256 bits)
INFO:     > Version:  4.5 (Core Profile) Mesa 25.2.8-0ubuntu0.24.04.2
INFO:     > GLSL:     4.50
INFO: GL: VAO extension detected, VAO functions loaded successfully
INFO: GL: NPOT textures extension detected, full NPOT textures supported
INFO: GL: DXT compressed textures supported
INFO: GL: ETC2/EAC compressed textures supported
INFO: PLATFORM: DESKTOP (GLFW - X11): Initialized successfully
INFO: TEXTURE: [ID 1] Texture loaded successfully (1x1 | R8G8B8A8 | 1 mipmaps)
INFO: TEXTURE: [ID 1] Default texture loaded successfully
INFO: SHADER: [ID 1] Vertex shader compiled successfully
INFO: SHADER: [ID 2] Fragment shader compiled successfully
INFO: SHADER: [ID 3] Program shader loaded successfully
INFO: SHADER: [ID 3] Default shader loaded successfully
INFO: RLGL: Render batch vertex buffers loaded successfully in RAM (CPU)
INFO: RLGL: Render batch vertex buffers loaded successfully in VRAM (GPU)
INFO: RLGL: Default OpenGL state initialized successfully
INFO: TEXTURE: [ID 2] Texture loaded successfully (128x128 | GRAY_ALPHA | 1 mipmaps)
INFO: FONT: Default font loaded successfully (224 glyphs)
INFO: SYSTEM: Working Directory: /home/user/wt/x3
INFO: TIMER: Target time per frame: 0.000 milliseconds
FINALE-KIT: Syndicate
WAVE: +2 (GRUNT,DRONE) [rich]
WAVE: +2 (SHIELD,SHIELD) [rich]
WAVE: +2 (SAPPER,SPOTTER) [rich]
FINALE-KIT: Syndicate
WAVE: +2 (SAPPER,SPOTTER) [rich]
WAVE: +2 (DRONE,SHIELD) [rich]
WAVE: +2 (SHIELD,DRONE) [rich]
FINALE-KIT: Wardens
WAVE: +3 (CUSTODIAN,SNIPER,GRUNT) [rich]
WAVE: +3 (GRUNT,PIKEMAN,CUSTODIAN) [rich]
WAVE: +3 (MEDIC,SCREENER,GRUNT) [rich]
WAVE: +3 (MORTAR,MORTAR,CUSTODIAN) [rich]
WAVE: +3 (GRUNT,MORTAR,CUSTODIAN) [rich]
FINALE-KIT: Wardens
WAVE: +3 (PIKEMAN,PIKEMAN,SCOUT) [rich]
WAVE: +3 (PIKEMAN,GRUNT,SCREENER) [rich]
WAVE: +3 (PIKEMAN,SCREENER,CUSTODIAN) [rich]
WAVE: +3 (SNIPER,GRUNT,PIKEMAN) [rich]
WAVE: +3 (MEDIC,PIKEMAN,MEDIC) [rich]
WAVE: +3 (MORTAR,SNIPER,PIKEMAN) [rich]
FINALE-KIT: Wardens
WAVE: +3 (SNIPER,SNIPER,CUSTODIAN) [rich]
WAVE: +3 (MEDIC,MORTAR,SCOUT) [rich]
WAVE: +3 (SNIPER,MORTAR,SNIPER) [rich]
REINFORCEMENTS: +2 (SCOUT,SCOUT)
REINFORCEMENTS: +2 (SCOUT,GRUNT)
REINFORCEMENTS: +3 (GRUNT,SCOUT,GRUNT)
REINFORCEMENTS: +2 (GRUNT,GRUNT)
REINFORCEMENTS: +2 (GRUNT,GRUNT)
match 5/20  (W:2 L:3 cap:0)  89.8s
FINALE-KIT: Wardens
WAVE: +3 (GRUNT,GRUNT,SCOUT) [rich]
WAVE: +3 (SCOUT,MEDIC,SCOUT) [rich]
WAVE: +3 (SNIPER,SNIPER,MEDIC) [rich]
FINALE-KIT: Legion
WAVE: +3 (SCREENER,SAPPER,SAPPER) [rich]
WAVE: +3 (SAPPER,SHIELD,SPOTTER) [rich]
WAVE: +3 (DRONE,SCREENER,SHIELD) [rich]
FINALE-KIT: Legion
WAVE: +3 (SHIELD,SHIELD,SHIELD) [rich]
WAVE: +3 (DRONE,DRONE,SPOTTER) [rich]
WAVE: +3 (SPOTTER,SAPPER,SAPPER) [rich]
FINALE-KIT: Legion
WAVE: +3 (MEDIC,MEDIC,GRUNT) [rich]
WAVE: +3 (SNIPER,MORTAR,SNIPER) [rich]
WAVE: +3 (CUSTODIAN,GRUNT,SCREENER) [rich]
FINALE-KIT: Legion
WAVE: +3 (CUSTODIAN,SNIPER,GRUNT) [rich]
WAVE: +3 (SCREENER,GRUNT,PIKEMAN) [rich]
WAVE: +2 (MORTAR,MEDIC) [rich]
match 10/20  (W:5 L:5 cap:0)  179.9s
FINALE-KIT: Legion
WAVE: +2 (HOUND,STRIKER) [rich]
WAVE: +2 (BERSERKER,BRUISER) [rich]
WAVE: +2 (LANCER,STRIKER) [rich]
WAVE: +2 (HOUND,BERSERKER) [rich]
WAVE: +2 (BRUISER,HUNTER) [rich]
WAVE: +2 (WARBRINGER,LANCER) [rich]
FINALE-KIT: Legion
WAVE: +2 (HOUND,BERSERKER) [rich]
WAVE: +2 (BERSERKER,BERSERKER) [rich]
WAVE: +2 (GRUNT,WARBRINGER) [rich]
WAVE: +2 (LANCER,BERSERKER) [rich]
WAVE: +2 (BERSERKER,SCOUT) [rich]
FINALE-KIT: Wardens
WAVE: +2 (GRUNT,DRONE) [rich]
WAVE: +2 (DRONE,DRONE) [rich]
WAVE: +2 (SAPPER,GRUNT) [rich]
FINALE-KIT: Wardens
WAVE: +2 (SHIELD,DRONE) [rich]
WAVE: +2 (GRUNT,GRUNT) [rich]
WAVE: +2 (DRONE,DRONE) [rich]
FINALE-KIT: Wardens
match 15/20  (W:9 L:6 cap:0)  279.9s
FINALE-KIT: Wardens
REINFORCEMENTS: +2 (SCOUT,GRUNT)
REINFORCEMENTS: +2 (SCOUT,SCOUT)
FINALE-KIT: Wardens
FINALE-KIT: Wardens
WAVE: +3 (PIKEMAN,MORTAR,SNIPER) [rich]
WAVE: +3 (MEDIC,PIKEMAN,GRUNT) [rich]
WAVE: +3 (MEDIC,SNIPER,GRUNT) [rich]
WAVE: +3 (MORTAR,CUSTODIAN,MORTAR) [rich]
WAVE: +3 (PIKEMAN,MEDIC,GRUNT) [rich]
WAVE: +3 (CUSTODIAN,SNIPER,PIKEMAN) [rich]
FINALE-KIT: Legion
WAVE: +2 (MEDIC,MEDIC) [rich]
WAVE: +2 (PIKEMAN,SCREENER) [rich]
WAVE: +2 (CUSTODIAN,PIKEMAN) [rich]
FINALE-KIT: Legion
WAVE: +2 (SNIPER,MORTAR) [rich]
WAVE: +2 (SNIPER,PIKEMAN) [rich]
WAVE: +2 (MEDIC,SCREENER) [rich]
WAVE: +2 (SNIPER,MORTAR) [rich]
WAVE: +2 (PIKEMAN,MORTAR) [rich]
WAVE: +2 (SNIPER,PIKEMAN) [rich]
match 20/20  (W:10 L:10 cap:0)  343.9s

══════════════════════ SIGHTLINE BALANCE REPORT ══════════════════════
runs=20  missions=76

RUN OUTCOMES (campaign):  win-rate   50%   avg missions cleared 4.6

POLICY GAP (optimal vs human-error; campaign runs only):
  greedy win-rate   60%  (n=10)
  sloppy win-rate   40%  (n=10)
  GAP   20 pts  (swingy/unforgiving)
  PAIRED (same-seed slots): pairs=10  concordant=6  discordant greedy-only-won=3 / sloppy-only-won=1  paired gap   20 pts
  PER-SLOT RECORDS (greedy | sloppy: outcome + missions cleared; margin = g−s):
    slot   0 @h0: W 6 | W 6   margin +0
    slot   1 @h0: L 3 | L 3   margin +0
    slot   2 @h0: L 4 | L 4   margin +0
    slot   3 @h0: W 6 | W 6   margin +0
    slot   4 @h0: L 4 | W 6   margin -2
    slot   5 @h0: W 6 | L 3   margin +3
    slot   6 @h0: W 6 | W 6   margin +0
    slot   7 @h0: W 6 | L 0   margin +6
    slot   8 @h0: L 2 | L 3   margin -1
    slot   9 @h0: W 6 | L 5   margin +1
  PAIRED MARGIN (missions cleared, all pairs): +0.70 ±0.72 SE  (n=10 pairs)
  by objective (greedy / sloppy / gap):
    Decapitate :   86% /   67% / gap   19
    Defend     :   88% /   78% / gap   10
    Eliminate  :  100% /   91% / gap    9
    Escort     :   80% /   80% / gap    0
    Evac       :  100% /  100% / gap    0
    Hack       :   75% /  100% / gap  -25
    Sabotage   :  100% /  100% / gap    0

DECISION RICHNESS / SWING:
  meaningful-choices/turn 2.45   lead-swings/match 0.7   avg max-swing 38.0
  [shot-gate] acting-soldiers/turn 3.79   armed-soldiers/turn 1.55   armed-fraction 41%   turns-with-a-shot 58%   choices/ARMED-soldier-turn 1.57
  [choice-split] los-targets/ARMED 2.83   target-choices/ARMED 0.35   position-choices/ARMED 1.22

RUN COMPLETION BY HEAT (full-campaign clears):
  heat 0:   50% ±11  (n=20 runs, avg 4.6 missions)

INTEL ECONOMY BY HEAT (campaign runs; heat-bonus = the Heat.IntelBonus share of income):
  heat 0: earned  126.7/run   heat-bonus   0.0 (   0% of income)   spent  112.8   unspent   13.9

MISSION WIN-RATE BY HEAT:
  heat 0:   87%  (n=76, avg 6.2 turns)

MISSION WIN-RATE BY OBJECTIVE:
  Eliminate  :   95% ±4  (n=22, avg 3.4 turns)
  Defend     :   82% ±9  (n=17, avg 8.8 turns)
  Decapitate :   77% ±12  (n=13, avg 3.5 turns)
  Escort     :   80% ±13  (n=10, avg 14.1 turns)
  Hack       :   86% ±13  (n=7, avg 3.9 turns)
  Evac       :  100% ±0  (n=4, avg 6.0 turns)
  Sabotage   :  100% ±0  (n=2, avg 3.0 turns)
  Rescue     :  100% ±0  (n=1, avg 3.0 turns)

MISSION WIN-RATE BY MISSION #:
  m1:   95% ±5  (n=20)
  m2:  100% ±0  (n=6)
  m3:   93% ±7  (n=14)
  m4:   75% ±11  (n=16)
  m5:   67% ±16  (n=9)
  m6:   91% ±9  (n=11)

LOSS CAUSES (missions):
  RUN OVER              : 8
  STALEMATE             : 2

MISSION WIN-RATE BY ARENA (authored layouts, n>=3; procedural fallback   21% of 76 missions):
  arena  4:  100% ±0  (n=4, avg 6.3 turns)  [m1:100%(2) m3:100%(2)]
  arena  7:   25% ±22  (n=4, avg 6.8 turns)  [m4:0%(2) m5:50%(2)]
  arena 11:  100% ±0  (n=4, avg 9.0 turns)  [m2:100%(1) m4:100%(3)]
  arena 14:   86% ±13  (n=7, avg 4.0 turns)  [m1:83%(6) m6:100%(1)]
  arena 26:   75% ±22  (n=4, avg 3.5 turns)  [m3:100%(2) m6:50%(2)]
  arena 31:   75% ±22  (n=4, avg 15.3 turns)  [m1:100%(2) m3:50%(2)]
  arena 33:  100% ±0  (n=5, avg 5.4 turns)  [m1:100%(2) m2:100%(1) m3:100%(1) m4:100%(1)]
  arena 34:  100% ±0  (n=3, avg 7.0 turns)  [m3:100%(2) m6:100%(1)]
  procedural:   88% ±8  (n=16, avg 9.3 turns)  [m1:100%(2) m2:100%(2) m3:100%(2) m4:75%(4) m5:67%(3) m6:100%(3)]

DEPLOYMENT GEOMETRY (opening shape; choices/ARMED is the wave's real gate):
  FRONTAL   :   88%  (n=32, avg 7.2 turns)  choices/turn 2.84  choices/ARMED 1.66  los-targets/ARMED 3.15
  PINCER    :   84%  (n=31, avg 5.5 turns)  choices/turn 2.11  choices/ARMED 1.53  los-targets/ARMED 2.72
  CROSSFIRE :  100% ±0  (n=7, avg 5.0 turns)  choices/turn 2.06  choices/ARMED 1.45  los-targets/ARMED 1.81
  ENVELOP   :   83% ±15  (n=6, avg 6.0 turns)  choices/turn 1.76  choices/ARMED 1.18  los-targets/ARMED 1.78

ARENA FUNNEL (Mission.Build exits, n=86 builds, all modes):
  authored-applied    :  79.1%  (n=68)
  connectivity-reject :   0.0%  (n=0)
  procedural-roll     :  20.9%  (n=18)

DECK EXPOSURE (campaign runs n=20):
  distinct authored arenas/run : 3.00 mean (all runs)
  ... full-depth runs only     : 3.70 mean over 4.7 fights/run (n=10)
  Defend dealt on the route    :   85% of runs (n=17)

ACTION MIX (verbs issued, by policy):
  verb                  greedy        sloppy
  MOVE               596   38%     527   34%
  SHOOT              333   21%     340   22%
  HUNKER             195   12%     234   15%
  OVERWATCH          172   11%     115    7%
  BRACE               61    4%      80    5%
  RELOAD              42    3%      40    3%
  INTEL               37    2%      35    2%
  FOCUS               28    2%      43    3%
  SLIPSTREAM          26    2%      26    2%
  STABILIZE           13    1%      29    2%
  MARK                14    1%      17    1%
  ITEM:SMOKE          13    1%       9    1%
  PIN                  8    1%      11    1%
  HACK                 8    1%       8    1%
  BEACON               8    1%       6    0%
  EXTRACT              8    1%       2    0%
  REARM                8    1%       2    0%
  PATCH                7    0%       3    0%
  GRAPPLE              3    0%       4    0%
  GRENADE              1    0%       5    0%
  PLANT                3    0%       3    0%
  BARREL               1    0%       4    0%
  ITEM:INCENDIARY       0    0%       1    0%

PLAYER CLASS PERFORMANCE:
  class        shots   hit%   dmg   kills
  ASSAULT        194    88%   1035     65
  GUNNER         195    88%    909     64
  RANGER         136    86%    719     46
  SHARPSHOOTER    112    94%    661     41
  CORPSMAN        54    80%    136      6

SOLDIER DEATHS BY ENEMY CLASS (threat ranking):
  SNIPER     : 8
  STRIKE     : 7
  BERSERKER  : 6
  LANCER     : 5
  ELITE      : 5
  SHIELD     : 4
  GRUNT      : 4
  DRONE      : 4
  BURN       : 4
  TURRET     : 3
  BRUISER    : 3
  SCOUT      : 3
  CUSTODIAN  : 2
  MORTAR     : 2
  BARREL     : 2
  SAPPER     : 1
  PIKEMAN    : 1
  HOUND      : 1
  HUNTER     : 1
  WARBRINGER : 1
  STRIKER    : 1
  SCREENER   : 1

SOLDIER DOWNS (FUL-7 bleed-out): 160 downs -> revived 4 / recovered 45 / bled out 93 / finished 18  (save-rate   31%)
  corpsman fielded in 22 missions

ENEMY COMPOSITION (spawns; faction-stamped fights n=452 / default-cascade fights n=189):
  class        faction         default
  GRUNT           44   10%       52   28%
  SCOUT           10    2%       47   25%
  SNIPER          37    8%       15    8%
  ELITE           31    7%       10    5%
  DRONE           35    8%        4    2%
  TURRET          28    6%        5    3%
  LANCER          20    4%       12    6%
  SCREENER        27    6%        0    0%
  MEDIC           27    6%        0    0%
  PIKEMAN         22    5%        5    3%
  BERSERKER       15    3%       12    6%
  HUNTER          15    3%       10    5%
  MORTAR          24    5%        0    0%
  SHIELD          22    5%        0    0%
  SPOTTER         16    4%        6    3%
  SAPPER          16    4%        3    2%
  CUSTODIAN       15    3%        2    1%
  BRUISER         16    4%        0    0%
  STRIKER          9    2%        2    1%
  HOUND            9    2%        2    1%
  BOMBARD          8    2%        1    1%
  WARBRINGER       6    1%        1    1%

PERK PICK FREQUENCY:
  MOM           : 14
  CLH           : 13
  TNK           : 11
  LCK           : 11
  SKR           : 10
  CQB           : 10
  OUT           : 10
  GUN           : 10
  GRD           : 9
  BRK           : 8
  VNT           : 7
  EXC           : 7
  SGE           : 7
  RFX           : 6
  FST           : 6
  BND           : 4
  HRD           : 4
  PLT           : 3
  MRK           : 3

SHOP PURCHASE FREQUENCY:
  FIELD MEDKIT      : 49
  WPN: HOLLOW POINT : 29
  WPN: SCOPE        : 23
  COMBAT STIMS      : 23
  FRAG CACHE        : 16
  ADV. TRAINING     : 15
  BALLISTIC PLATING : 15
  WPN: STABILIZER   : 14
  ARMORY            : 10
  COUNTER-PREP      : 9
  WPN: SUPPRESSOR   : 8
  WPN: BIPOD        : 6
  WPN: EXTENDED MAG : 6

BOON PICK FREQUENCY (PROCS = effect fires at instrumented sites; '-' = not instrumented;
                      PYR counts the +2-turn-burn half only — the Burning-immunity half is uninstrumented):
  code                 picks   PROCS
  FST               :     6      53
  FDR               :     5       0
  MRK               :     5       -
  RPD               :     5       -
  TRR               :     5      13
  SCV               :     4       -
  ADR               :     3       -
  EXE               :     3       -
  FRT               :     3       -
  FVR               :     3       -
  PYR               :     3       0
  RCL               :     3       0
  SHK               :     3       6
  GHO               :     2       -
  GRN               :     2       -
  VNM               :     1       -

RUN WIN-RATE BY BOON (campaign runs holding it):
  FST               :   33% ±19  (in 6 runs)
  FDR               :   60% ±22  (in 5 runs)
  MRK               :   60% ±22  (in 5 runs)
  RPD               :   80% ±18  (in 5 runs)
  TRR               :   80% ±18  (in 5 runs)
  SCV               :   75% ±22  (in 4 runs)
  ADR               :   33% ±27  (in 3 runs)
  EXE               :  100% ±0  (in 3 runs)
  FRT               :  100% ±0  (in 3 runs)
  FVR               :  100% ±0  (in 3 runs)
  PYR               :  100% ±0  (in 3 runs)
  RCL               :    0% ±0  (in 3 runs)
  SHK               :   67% ±27  (in 3 runs)
  GHO               :   50% ±35  (in 2 runs)
  GRN               :   50% ±35  (in 2 runs)
  VNM               :  100% ±0  (in 1 runs)

RUN WIN-RATE BY SPEC (campaign runs fielding it):
  ANC               :   67% ±19  (in 6 runs)
  BRC               :   60% ±22  (in 5 runs)
  SNT               :   75% ±22  (in 4 runs)
  ADN               :   33% ±27  (in 3 runs)
  HHT               :   50% ±35  (in 2 runs)
  JUG               :  100% ±0  (in 2 runs)
  PHN               :  100% ±0  (in 2 runs)
  PTH               :  100% ±0  (in 2 runs)
  MED               :    0% ±0  (in 1 runs)

RUN WIN-RATE BY PERK (campaign runs holding it):
  MOM               :   60% ±15  (in 10 runs)
  TNK               :   50% ±16  (in 10 runs)
  OUT               :   44% ±17  (in 9 runs)
  BRK               :   38% ±17  (in 8 runs)
  GUN               :   75% ±15  (in 8 runs)
  LCK               :   63% ±17  (in 8 runs)
  SKR               :   63% ±17  (in 8 runs)
  CLH               :   57% ±19  (in 7 runs)
  CQB               :   86% ±13  (in 7 runs)
  GRD               :   57% ±19  (in 7 runs)
  VNT               :   57% ±19  (in 7 runs)
  EXC               :   83% ±15  (in 6 runs)
  FST               :   67% ±19  (in 6 runs)
  RFX               :   80% ±18  (in 5 runs)
  BND               :   50% ±25  (in 4 runs)
  HRD               :   50% ±25  (in 4 runs)
  SGE               :   75% ±22  (in 4 runs)
  PLT               :   33% ±27  (in 3 runs)
  MRK               :   50% ±35  (in 2 runs)

RUN WIN-RATE BY PURCHASE (campaign runs buying it):
  FIELD MEDKIT      :   59% ±12  (in 17 runs)
  BALLISTIC PLATING :   40% ±15  (in 10 runs)
  FRAG CACHE        :   70% ±14  (in 10 runs)
  WPN: HOLLOW POINT :   80% ±13  (in 10 runs)
  WPN: SCOPE        :   60% ±15  (in 10 runs)
  ARMORY            :   44% ±17  (in 9 runs)
  COMBAT STIMS      :   67% ±16  (in 9 runs)
  COUNTER-PREP      :   38% ±17  (in 8 runs)
  ADV. TRAINING     :   71% ±17  (in 7 runs)
  WPN: STABILIZER   :   83% ±15  (in 6 runs)
  WPN: SUPPRESSOR   :   83% ±15  (in 6 runs)
  WPN: BIPOD        :   60% ±22  (in 5 runs)
  WPN: EXTENDED MAG :   67% ±27  (in 3 runs)

RUN WIN-RATE BY EVENT-CHOICE (campaign runs taking id:arm):
  warchest:1        :   50% ±25  (in 4 runs)
  warpension:1      :   25% ±22  (in 4 runs)
  defector:0        :  100% ±0  (in 3 runs)
  fieldhospital:2   :  100% ±0  (in 3 runs)
  bloodfeud:0       :   50% ±35  (in 2 runs)
  cache:1           :   50% ±35  (in 2 runs)
  depot:0           :    0% ±0  (in 2 runs)
  depot:1           :   50% ±35  (in 2 runs)
  grave:1           :    0% ±0  (in 2 runs)
  drill:0           :  100% ±0  (in 1 runs)
═══════════════════════════════════════════════════════════════════════

batch wall-time: 343.9s  (20 matches across 10 campaigns × 2 policy, frame-cap hits: 0)
aggregate JSON -> /home/user/wt/x3/docs/measurements/x3/C3-h0-b0.json
INFO: TEXTURE: [ID 2] Unloaded texture data from VRAM (GPU)
INFO: SHADER: [ID 3] Default shader unloaded successfully
INFO: TEXTURE: [ID 1] Default texture unloaded successfully
INFO: Window closed successfully
