INFO: Initializing raylib 6.0
INFO: Platform backend: DESKTOP (GLFW)
INFO: Supported raylib modules:
INFO:     > rcore:..... loaded (mandatory)
INFO:     > rlgl:...... loaded (mandatory)
INFO:     > rshapes:... loaded (optional)
INFO:     > rtextures:. loaded (optional)
INFO:     > rtext:..... loaded (optional)
INFO:     > rmodels:... loaded (optional)
INFO:     > raudio:.... loaded (optional)
INFO: DISPLAY: Trying to enable MSAA x4
INFO: DISPLAY: Device initialized successfully 
INFO:     > Display size: 1280 x 800
INFO:     > Screen size:  1280 x 800
INFO:     > Render size:  1280 x 800
INFO:     > Viewport offsets: 0, 0
INFO: GLAD: OpenGL extensions loaded successfully
INFO: GL: Supported extensions count: 229
INFO: GL: OpenGL device information:
INFO:     > Vendor:   Mesa
INFO:     > Renderer: llvmpipe (LLVM 20.1.2, 256 bits)
INFO:     > Version:  4.5 (Core Profile) Mesa 25.2.8-0ubuntu0.24.04.2
INFO:     > GLSL:     4.50
INFO: GL: VAO extension detected, VAO functions loaded successfully
INFO: GL: NPOT textures extension detected, full NPOT textures supported
INFO: GL: DXT compressed textures supported
INFO: GL: ETC2/EAC compressed textures supported
INFO: PLATFORM: DESKTOP (GLFW - X11): Initialized successfully
INFO: TEXTURE: [ID 1] Texture loaded successfully (1x1 | R8G8B8A8 | 1 mipmaps)
INFO: TEXTURE: [ID 1] Default texture loaded successfully
INFO: SHADER: [ID 1] Vertex shader compiled successfully
INFO: SHADER: [ID 2] Fragment shader compiled successfully
INFO: SHADER: [ID 3] Program shader loaded successfully
INFO: SHADER: [ID 3] Default shader loaded successfully
INFO: RLGL: Render batch vertex buffers loaded successfully in RAM (CPU)
INFO: RLGL: Render batch vertex buffers loaded successfully in VRAM (GPU)
INFO: RLGL: Default OpenGL state initialized successfully
INFO: TEXTURE: [ID 2] Texture loaded successfully (128x128 | GRAY_ALPHA | 1 mipmaps)
INFO: FONT: Default font loaded successfully (224 glyphs)
INFO: SYSTEM: Working Directory: /home/user/wt/x3
INFO: TIMER: Target time per frame: 0.000 milliseconds
FINALE-KIT: Syndicate
FINALE-KIT: Syndicate
WAVE: +3 (DRONE,HUNTER,SPOTTER) [rich]
WAVE: +3 (HUNTER,SNIPER,LANCER) [rich]
WAVE: +3 (SHIELD,MEDIC,GRUNT) [rich]
WAVE: +3 (SAPPER,STRIKER,SNIPER) [rich]
WAVE: +3 (BERSERKER,DRONE,DRONE) [rich]
WAVE: +3 (DRONE,HUNTER,HUNTER) [rich]
FINALE-KIT: Syndicate
WAVE: +2 (BRUISER,BRUISER) [rich]
WAVE: +2 (HUNTER,HUNTER) [rich]
WAVE: +2 (BERSERKER,WARBRINGER) [rich]
FINALE-KIT: Syndicate
WAVE: +2 (LANCER,HUNTER) [rich]
WAVE: +2 (HOUND,HUNTER) [rich]
WAVE: +2 (HUNTER,BRUISER) [rich]
FINALE-KIT: Syndicate
WAVE: +2 (SCOUT,HUNTER) [rich]
WAVE: +2 (BERSERKER,STRIKER) [rich]
WAVE: +2 (HOUND,SCOUT) [rich]
match 5/20  (W:3 L:2 cap:0)  75.8s
FINALE-KIT: Syndicate
WAVE: +2 (BERSERKER,BERSERKER) [rich]
WAVE: +2 (LANCER,WARBRINGER) [rich]
WAVE: +2 (BRUISER,HUNTER) [rich]
WAVE: +2 (GRUNT,HUNTER) [rich]
WAVE: +2 (GRUNT,BERSERKER) [rich]
REINFORCEMENTS: +2 (GRUNT,GRUNT)
REINFORCEMENTS: +2 (SCOUT,GRUNT)
REINFORCEMENTS: +3 (GRUNT,SCOUT,SCOUT)
FINALE-KIT: Wardens
REINFORCEMENTS: +2 (SCOUT,GRUNT)
REINFORCEMENTS: +2 (GRUNT,SCOUT)
WAVE: +3 (SCOUT,PIKEMAN,CUSTODIAN) [rich]
WAVE: +3 (SNIPER,SNIPER,SCREENER) [rich]
WAVE: +3 (MORTAR,SNIPER,SNIPER) [rich]
FINALE-KIT: Wardens
REINFORCEMENTS: +2 (SCOUT,SCOUT)
FINALE-KIT: Syndicate
WAVE: +3 (MORTAR,CUSTODIAN,GRUNT) [rich]
WAVE: +3 (SCOUT,SNIPER,MEDIC) [rich]
WAVE: +2 (MORTAR,SCREENER) [rich]
FINALE-KIT: Syndicate
WAVE: +3 (MEDIC,GRUNT,MORTAR) [rich]
WAVE: +3 (GRUNT,MORTAR,SNIPER) [rich]
WAVE: +3 (SNIPER,CUSTODIAN,SNIPER) [rich]
match 10/20  (W:5 L:5 cap:0)  163.8s
FINALE-KIT: Wardens
WAVE: +2 (SCOUT,HUNTER) [rich]
WAVE: +2 (BERSERKER,HUNTER) [rich]
FINALE-KIT: Wardens
WAVE: +2 (HUNTER,BRUISER) [rich]
WAVE: +2 (SCOUT,STRIKER) [rich]
WAVE: +2 (LANCER,HUNTER) [rich]
FINALE-KIT: Wardens
WAVE: +3 (DRONE,DRONE,HUNTER) [rich]
WAVE: +3 (DRONE,LANCER,DRONE) [rich]
WAVE: +3 (SHIELD,SNIPER,GRUNT) [rich]
FINALE-KIT: Wardens
