INFO: Initializing raylib 6.0
INFO: Platform backend: DESKTOP (GLFW)
INFO: Supported raylib modules:
INFO:     > rcore:..... loaded (mandatory)
INFO:     > rlgl:...... loaded (mandatory)
INFO:     > rshapes:... loaded (optional)
INFO:     > rtextures:. loaded (optional)
INFO:     > rtext:..... loaded (optional)
INFO:     > rmodels:... loaded (optional)
INFO:     > raudio:.... loaded (optional)
INFO: DISPLAY: Trying to enable MSAA x4
INFO: DISPLAY: Device initialized successfully 
INFO:     > Display size: 1280 x 800
INFO:     > Screen size:  1280 x 800
INFO:     > Render size:  1280 x 800
INFO:     > Viewport offsets: 0, 0
INFO: GLAD: OpenGL extensions loaded successfully
INFO: GL: Supported extensions count: 229
INFO: GL: OpenGL device information:
INFO:     > Vendor:   Mesa
INFO:     > Renderer: llvmpipe (LLVM 20.1.2, 256 bits)
INFO:     > Version:  4.5 (Core Profile) Mesa 25.2.8-0ubuntu0.24.04.2
INFO:     > GLSL:     4.50
INFO: GL: VAO extension detected, VAO functions loaded successfully
INFO: GL: NPOT textures extension detected, full NPOT textures supported
INFO: GL: DXT compressed textures supported
INFO: GL: ETC2/EAC compressed textures supported
INFO: PLATFORM: DESKTOP (GLFW - X11): Initialized successfully
INFO: TEXTURE: [ID 1] Texture loaded successfully (1x1 | R8G8B8A8 | 1 mipmaps)
INFO: TEXTURE: [ID 1] Default texture loaded successfully
INFO: SHADER: [ID 1] Vertex shader compiled successfully
INFO: SHADER: [ID 2] Fragment shader compiled successfully
INFO: SHADER: [ID 3] Program shader loaded successfully
INFO: SHADER: [ID 3] Default shader loaded successfully
INFO: RLGL: Render batch vertex buffers loaded successfully in RAM (CPU)
INFO: RLGL: Render batch vertex buffers loaded successfully in VRAM (GPU)
INFO: RLGL: Default OpenGL state initialized successfully
INFO: TEXTURE: [ID 2] Texture loaded successfully (128x128 | GRAY_ALPHA | 1 mipmaps)
INFO: FONT: Default font loaded successfully (224 glyphs)
INFO: SYSTEM: Working Directory: /home/user/wt/x3
INFO: TIMER: Target time per frame: 0.000 milliseconds
FINALE-KIT: Wardens
WAVE: +2 (SAPPER,DRONE) [rich]
WAVE: +2 (GRUNT,SPOTTER) [rich]
WAVE: +2 (DRONE,SHIELD) [rich]
FINALE-KIT: Wardens
WAVE: +2 (SAPPER,DRONE) [rich]
WAVE: +2 (SPOTTER,GRUNT) [rich]
WAVE: +2 (SPOTTER,GRUNT) [rich]
WAVE: +3 (SCOUT,PIKEMAN,SCOUT) [rich]
WAVE: +3 (SNIPER,SCOUT,SNIPER) [rich]
WAVE: +1 (CUSTODIAN) [rich]
FINALE-KIT: Wardens
WAVE: +3 (SNIPER,CUSTODIAN,SNIPER) [rich]
WAVE: +2 (PIKEMAN,SCOUT) [rich]
WAVE: +1 (MEDIC) [rich]
WAVE: +3 (MORTAR,SNIPER,MEDIC) [rich]
WAVE: +3 (MORTAR,SNIPER,SCOUT) [rich]
FINALE-KIT: Wardens
FINALE-KIT: Wardens
WAVE: +3 (SNIPER,CUSTODIAN,GRUNT) [rich]
WAVE: +3 (MORTAR,SCOUT,GRUNT) [rich]
WAVE: +3 (SCREENER,SNIPER,GRUNT) [rich]
REINFORCEMENTS: +2 (SCOUT,GRUNT)
REINFORCEMENTS: +2 (SCOUT,SCOUT)
REINFORCEMENTS: +2 (SCOUT,GRUNT)
REINFORCEMENTS: +2 (SCOUT,GRUNT)
match 5/20  (W:1 L:4 cap:0)  102.7s
FINALE-KIT: Wardens
WAVE: +3 (SCOUT,PIKEMAN,MORTAR) [rich]
WAVE: +3 (SNIPER,SNIPER,MORTAR) [rich]
WAVE: +3 (GRUNT,CUSTODIAN,SNIPER) [rich]
FINALE-KIT: Wardens
WAVE: +3 (SAPPER,DRONE,SHIELD) [rich]
WAVE: +3 (GRUNT,SAPPER,SPOTTER) [rich]
WAVE: +3 (SCREENER,SAPPER,DRONE) [rich]
WAVE: +3 (DRONE,CUSTODIAN,SPOTTER) [rich]
WAVE: +3 (SHIELD,SCREENER,CUSTODIAN) [rich]
WAVE: +1 (DRONE) [rich]
FINALE-KIT: Wardens
WAVE: +3 (DRONE,SAPPER,SAPPER) [rich]
WAVE: +3 (DRONE,SPOTTER,CUSTODIAN) [rich]
WAVE: +3 (SAPPER,SCREENER,SHIELD) [rich]
FINALE-KIT: Syndicate
WAVE: +2 (SNIPER,SCOUT) [rich]
WAVE: +2 (GRUNT,MORTAR) [rich]
WAVE: +2 (MEDIC,GRUNT) [rich]
FINALE-KIT: Syndicate
WAVE: +2 (MEDIC,MEDIC) [rich]
WAVE: +2 (GRUNT,SNIPER) [rich]
WAVE: +2 (SNIPER,MEDIC) [rich]
match 10/20  (W:2 L:8 cap:1)  221.8s
FINALE-KIT: Wardens
FINALE-KIT: Wardens
FINALE-KIT: Syndicate
WAVE: +2 (BERSERKER,HUNTER) [rich]
WAVE: +2 (HUNTER,HOUND) [rich]
WAVE: +2 (BRUISER,BRUISER) [rich]
FINALE-KIT: Syndicate
WAVE: +2 (STRIKER,STRIKER) [rich]
WAVE: +2 (BRUISER,SCOUT) [rich]
WAVE: +2 (HUNTER,BERSERKER) [rich]
FINALE-KIT: Wardens
match 15/20  (W:4 L:11 cap:1)  304.4s
FINALE-KIT: Wardens
FINALE-KIT: Wardens
WAVE: +2 (SNIPER,MEDIC) [rich]
WAVE: +2 (PIKEMAN,SCOUT) [rich]
WAVE: +2 (SCOUT,MORTAR) [rich]
FINALE-KIT: Wardens
WAVE: +2 (SCOUT,SCOUT) [rich]
WAVE: +2 (MORTAR,SNIPER) [rich]
WAVE: +2 (PIKEMAN,GRUNT) [rich]
FINALE-KIT: Syndicate
FINALE-KIT: Syndicate
REINFORCEMENTS: +2 (GRUNT,SCOUT)
REINFORCEMENTS: +2 (GRUNT,SCOUT)
match 20/20  (W:6 L:14 cap:1)  414.2s

══════════════════════ SIGHTLINE BALANCE REPORT ══════════════════════
runs=20  missions=80

RUN OUTCOMES (campaign):  win-rate   30%   avg missions cleared 4.3

POLICY GAP (optimal vs human-error; campaign runs only):
  greedy win-rate   20%  (n=10)
  sloppy win-rate   40%  (n=10)
  GAP  -20 pts  (noisy (need more runs))
  PAIRED (same-seed slots): pairs=10  concordant=6  discordant greedy-only-won=1 / sloppy-only-won=3  paired gap  -20 pts
  PER-SLOT RECORDS (greedy | sloppy: outcome + missions cleared; margin = g−s):
    slot  30 @h4: L 1 | W 6   margin -5
    slot  31 @h4: L 4 | L 2   margin +2
    slot  32 @h4: L 5 | W 6   margin -1
    slot  33 @h4: L 3 | L 5   margin -2
    slot  34 @h4: L 3 | L 3   margin +0
    slot  35 @h4: L 1 | L 2   margin -1
    slot  36 @h4: W 6 | W 6   margin +0
    slot  37 @h4: L 5 | W 6   margin -1
    slot  38 @h4: W 6 | L 5   margin +1
    slot  39 @h4: L 5 | L 5   margin +0
  PAIRED MARGIN (missions cleared, all pairs): -0.70 ±0.60 SE  (n=10 pairs)
  by objective (greedy / sloppy / gap):
    Decapitate :   50% /   71% / gap  -21
    Defend     :   57% /  100% / gap  -43
    Eliminate  :   91% /   91% / gap    0
    Escort     :  100% /   75% / gap   25
    Evac       :  100% /  100% / gap    0
    Hack       :  100% /  100% / gap    0
    Rescue     :  100% /   75% / gap   25
    Sabotage   :   67% /  100% / gap  -33

DECISION RICHNESS / SWING:
  meaningful-choices/turn 3.68   lead-swings/match 0.7   avg max-swing 51.0
  [shot-gate] acting-soldiers/turn 3.74   armed-soldiers/turn 1.93   armed-fraction 52%   turns-with-a-shot 65%   choices/ARMED-soldier-turn 1.91
  [choice-split] los-targets/ARMED 3.74   target-choices/ARMED 0.65   position-choices/ARMED 1.26

RUN COMPLETION BY HEAT (full-campaign clears):
  heat 4:   30% ±10  (n=20 runs, avg 4.3 missions)

INTEL ECONOMY BY HEAT (campaign runs; heat-bonus = the Heat.IntelBonus share of income):
  heat 4: earned  198.9/run   heat-bonus  63.1 (  32% of income)   spent  183.4   unspent   15.6

MISSION WIN-RATE BY HEAT:
  heat 4:   83%  (n=72, avg 6.4 turns)
  heat 5:   88% ±12  (n=8, avg 5.5 turns)

MISSION WIN-RATE BY OBJECTIVE:
  Eliminate  :   91% ±6  (n=22, avg 3.3 turns)
  Defend     :   79% ±11  (n=14, avg 8.8 turns)
  Decapitate :   62% ±13  (n=13, avg 4.5 turns)
  Rescue     :   88% ±12  (n=8, avg 6.3 turns)
  Escort     :   83% ±15  (n=6, avg 16.2 turns)
  Sabotage   :   83% ±15  (n=6, avg 3.3 turns)
  Evac       :  100% ±0  (n=6, avg 11.5 turns)
  Hack       :  100% ±0  (n=5, avg 3.0 turns)

MISSION WIN-RATE BY MISSION #:
  m1:  100% ±0  (n=20)
  m2:   75% ±15  (n=8)
  m3:   87% ±9  (n=15)
  m4:   80% ±10  (n=15)
  m5:   91% ±9  (n=11)
  m6:   55% ±15  (n=11)

LOSS CAUSES (missions):
  RUN OVER              : 11
  CAPTIVE LOST          : 1
  STALEMATE             : 1

MISSION WIN-RATE BY ARENA (authored layouts, n>=3; procedural fallback   16% of 80 missions):
  arena  3:  100% ±0  (n=4, avg 2.5 turns)  [m4:100%(2) m6:100%(2)]
  arena  6:  100% ±0  (n=4, avg 3.0 turns)  [m1:100%(2) m3:100%(2)]
  arena  8:   75% ±22  (n=4, avg 7.8 turns)  [m2:100%(2) m6:50%(2)]
  arena  9:  100% ±0  (n=4, avg 2.3 turns)  [m1:100%(2) m5:100%(2)]
  arena 10:   50% ±25  (n=4, avg 9.8 turns)  [m3:50%(2) m6:50%(2)]
  arena 11:  100% ±0  (n=3, avg 4.0 turns)  [m3:100%(2) m4:100%(1)]
  arena 15:  100% ±0  (n=3, avg 4.0 turns)  [m1:100%(2) m5:100%(1)]
  arena 22:  100% ±0  (n=6, avg 4.8 turns)  [m1:100%(2) m3:100%(4)]
  arena 30:   80% ±18  (n=5, avg 6.2 turns)  [m2:50%(2) m5:100%(2) m6:100%(1)]
  arena 31:  100% ±0  (n=6, avg 8.7 turns)  [m1:100%(2) m4:100%(4)]
  arena 32:   67% ±27  (n=3, avg 7.0 turns)  [m3:100%(1) m4:50%(2)]
  procedural:   85% ±10  (n=13, avg 9.4 turns)  [m1:100%(6) m3:50%(2) m4:100%(1) m5:100%(3) m6:0%(1)]

DEPLOYMENT GEOMETRY (opening shape; choices/ARMED is the wave's real gate):
  FRONTAL   :   81%  (n=31, avg 7.1 turns)  choices/turn 3.05  choices/ARMED 1.57  los-targets/ARMED 4.15
  PINCER    :   87%  (n=30, avg 6.3 turns)  choices/turn 5.24  choices/ARMED 2.40  los-targets/ARMED 3.79
  CROSSFIRE :   80% ±18  (n=5, avg 3.6 turns)  choices/turn 2.47  choices/ARMED 1.35  los-targets/ARMED 2.06
  ENVELOP   :   86% ±9  (n=14, avg 5.5 turns)  choices/turn 1.84  choices/ARMED 1.50  los-targets/ARMED 2.07

ARENA FUNNEL (Mission.Build exits, n=92 builds, all modes):
  authored-applied    :  83.7%  (n=77)
  connectivity-reject :   0.0%  (n=0)
  procedural-roll     :  16.3%  (n=15)

DECK EXPOSURE (campaign runs n=20):
  distinct authored arenas/run : 3.35 mean (all runs)
  ... full-depth runs only     : 4.17 mean over 4.8 fights/run (n=6)
  Defend dealt on the route    :   65% of runs (n=13)

ACTION MIX (verbs issued, by policy):
  verb                  greedy        sloppy
  MOVE               554   42%     814   43%
  SHOOT              321   25%     334   18%
  HUNKER             168   13%     322   17%
  OVERWATCH           19    1%     149    8%
  INTEL               37    3%      38    2%
  RELOAD              32    2%      37    2%
  FOCUS               28    2%      40    2%
  BRACE               21    2%      29    2%
  STABILIZE           25    2%      25    1%
  SLIPSTREAM          19    1%      19    1%
  ITEM:SMOKE          16    1%      17    1%
  MARK                 8    1%      19    1%
  PIN                 13    1%      12    1%
  PLANT                8    1%       9    0%
  REARM                7    1%       6    0%
  BEACON               6    0%       6    0%
  PATCH                8    1%       3    0%
  EXTRACT              6    0%       5    0%
  HACK                 4    0%       6    0%
  GRENADE              2    0%       8    0%
  GRAPPLE              4    0%       4    0%
  BARREL               4    0%       2    0%
  DRAG                 0    0%       1    0%
  ITEM:INCENDIARY       0    0%       1    0%

PLAYER CLASS PERFORMANCE:
  class        shots   hit%   dmg   kills
  SHARPSHOOTER    157    92%   1104     68
  GUNNER         187    85%    897     60
  RANGER         134    84%    778     56
  ASSAULT        155    80%    666     38
  CORPSMAN        26    77%     81      1
  VIP              2    50%      6      0

SOLDIER DEATHS BY ENEMY CLASS (threat ranking):
  SNIPER     : 13
  SHIELD     : 10
  MORTAR     : 9
  PIKEMAN    : 8
  ELITE      : 7
  SCREENER   : 7
  BURN       : 6
  STRIKE     : 6
  GRUNT      : 5
  MEDIC      : 5
  SCOUT      : 5
  WARBRINGER : 4
  STRIKER    : 4
  BRUISER    : 3
  DRONE      : 2
  TURRET     : 2
  SAPPER     : 2
  HUNTER     : 2
  SPOTTER    : 1
  CUSTODIAN  : 1

SOLDIER DOWNS (FUL-7 bleed-out): 189 downs -> revived 10 / recovered 33 / bled out 125 / finished 20  (save-rate   23%)
  corpsman fielded in 23 missions

ENEMY COMPOSITION (spawns; faction-stamped fights n=697 / default-cascade fights n=112):
  class        faction         default
  GRUNT           75   11%       31   28%
  SCOUT           36    5%       52   46%
  SNIPER          57    8%        5    4%
  MEDIC           60    9%        0    0%
  SCREENER        51    7%        2    2%
  MORTAR          51    7%        0    0%
  ELITE           44    6%        2    2%
  SHIELD          39    6%        2    2%
  PIKEMAN         37    5%        0    0%
  BRUISER         33    5%        0    0%
  CUSTODIAN       32    5%        0    0%
  DRONE           25    4%        3    3%
  STRIKER         26    4%        0    0%
  SPOTTER         24    3%        0    0%
  HUNTER          20    3%        3    3%
  SAPPER          15    2%        4    4%
  BERSERKER       17    2%        2    2%
  TURRET          14    2%        3    3%
  WARBRINGER      16    2%        0    0%
  BOMBARD         10    1%        0    0%
  LANCER          10    1%        0    0%
  HOUND            5    1%        3    3%

PERK PICK FREQUENCY:
  GRD           : 14
  HRD           : 13
  EXC           : 13
  MOM           : 12
  PLT           : 11
  LCK           : 11
  SKR           : 10
  MRK           : 10
  OUT           : 9
  GUN           : 8
  TNK           : 8
  SGE           : 7
  CQB           : 7
  BRK           : 6
  CLH           : 6
  FST           : 5
  BND           : 4
  VNT           : 4
  RFX           : 4

SHOP PURCHASE FREQUENCY:
  WPN: HOLLOW POINT : 60
  BALLISTIC PLATING : 52
  FIELD MEDKIT      : 48
  WPN: STABILIZER   : 36
  WPN: SCOPE        : 25
  COUNTER-PREP      : 20
  WPN: EXTENDED MAG : 18
  WPN: BIPOD        : 17
  COMBAT STIMS      : 17
  ADV. TRAINING     : 17
  FRAG CACHE        : 15
  ARMORY            : 13
  WPN: SUPPRESSOR   : 11

BOON PICK FREQUENCY (PROCS = effect fires at instrumented sites; '-' = not instrumented;
                      PYR counts the +2-turn-burn half only — the Burning-immunity half is uninstrumented):
  code                 picks   PROCS
  EXE               :     8       -
  RCL               :     6       2
  RPD               :     6       -
  TRR               :     6      18
  FST               :     5      77
  GRN               :     5       -
  FRT               :     4       -
  SCV               :     4       -
  FDR               :     3       0
  FVR               :     3       -
  SHK               :     3       5
  ADR               :     2       -
  GHO               :     2       -
  VNM               :     2       -
  MRK               :     1       -
  PYR               :     1       0

RUN WIN-RATE BY BOON (campaign runs holding it):
  EXE               :   25% ±15  (in 8 runs)
  RCL               :   33% ±19  (in 6 runs)
  RPD               :   50% ±20  (in 6 runs)
  TRR               :   67% ±19  (in 6 runs)
  FST               :   60% ±22  (in 5 runs)
  GRN               :   60% ±22  (in 5 runs)
  FRT               :   50% ±25  (in 4 runs)
  SCV               :    0% ±0  (in 4 runs)
  FDR               :   67% ±27  (in 3 runs)
  FVR               :   33% ±27  (in 3 runs)
  SHK               :   33% ±27  (in 3 runs)
  ADR               :    0% ±0  (in 2 runs)
  GHO               :    0% ±0  (in 2 runs)
  VNM               :    0% ±0  (in 2 runs)
  MRK               :    0% ±0  (in 1 runs)
  PYR               :    0% ±0  (in 1 runs)

RUN WIN-RATE BY SPEC (campaign runs fielding it):
  ADN               :   50% ±20  (in 6 runs)
  HHT               :   40% ±22  (in 5 runs)
  PHN               :  100% ±0  (in 3 runs)
  PTH               :    0% ±0  (in 3 runs)
  SNT               :   50% ±35  (in 2 runs)
  ANC               :  100% ±0  (in 1 runs)
  BRC               :  100% ±0  (in 1 runs)
  JUG               :    0% ±0  (in 1 runs)

RUN WIN-RATE BY PERK (campaign runs holding it):
  GRD               :   20% ±13  (in 10 runs)
  LCK               :   44% ±17  (in 9 runs)
  MOM               :   33% ±16  (in 9 runs)
  OUT               :   22% ±14  (in 9 runs)
  EXC               :   38% ±17  (in 8 runs)
  HRD               :   38% ±17  (in 8 runs)
  SKR               :   25% ±15  (in 8 runs)
  TNK               :   50% ±18  (in 8 runs)
  GUN               :   29% ±17  (in 7 runs)
  MRK               :   43% ±19  (in 7 runs)
  PLT               :   29% ±17  (in 7 runs)
  CLH               :   67% ±19  (in 6 runs)
  SGE               :   50% ±20  (in 6 runs)
  BRK               :   40% ±22  (in 5 runs)
  CQB               :   60% ±22  (in 5 runs)
  FST               :   25% ±22  (in 4 runs)
  RFX               :   75% ±22  (in 4 runs)
  BND               :   67% ±27  (in 3 runs)
  VNT               :   33% ±27  (in 3 runs)

RUN WIN-RATE BY PURCHASE (campaign runs buying it):
  FIELD MEDKIT      :   33% ±11  (in 18 runs)
  WPN: HOLLOW POINT :   33% ±11  (in 18 runs)
  BALLISTIC PLATING :   36% ±13  (in 14 runs)
  ARMORY            :   36% ±15  (in 11 runs)
  COMBAT STIMS      :   27% ±13  (in 11 runs)
  COUNTER-PREP      :   18% ±12  (in 11 runs)
  WPN: SCOPE        :   36% ±15  (in 11 runs)
  WPN: BIPOD        :   40% ±15  (in 10 runs)
  WPN: STABILIZER   :   30% ±14  (in 10 runs)
  ADV. TRAINING     :   22% ±14  (in 9 runs)
  FRAG CACHE        :   33% ±16  (in 9 runs)
  WPN: EXTENDED MAG :   44% ±17  (in 9 runs)
  WPN: SUPPRESSOR   :   25% ±15  (in 8 runs)

RUN WIN-RATE BY EVENT-CHOICE (campaign runs taking id:arm):
  informant:2       :   33% ±27  (in 3 runs)
  medic:1           :   33% ±27  (in 3 runs)
  blackmarket:2     :    0% ±0  (in 2 runs)
  depot:0           :  100% ±0  (in 2 runs)
  informant:1       :   50% ±35  (in 2 runs)
  profiteer:0       :    0% ±0  (in 2 runs)
  relic:1           :  100% ±0  (in 2 runs)
  reservecall:0     :    0% ±0  (in 2 runs)
═══════════════════════════════════════════════════════════════════════

batch wall-time: 414.2s  (20 matches across 10 campaigns × 2 policy, frame-cap hits: 1)
aggregate JSON -> /home/user/wt/x3/docs/measurements/x3/R0-h4-b30.json
INFO: TEXTURE: [ID 2] Unloaded texture data from VRAM (GPU)
INFO: SHADER: [ID 3] Default shader unloaded successfully
INFO: TEXTURE: [ID 1] Default texture unloaded successfully
INFO: Window closed successfully
