INFO: Initializing raylib 6.0
INFO: Platform backend: DESKTOP (GLFW)
INFO: Supported raylib modules:
INFO:     > rcore:..... loaded (mandatory)
INFO:     > rlgl:...... loaded (mandatory)
INFO:     > rshapes:... loaded (optional)
INFO:     > rtextures:. loaded (optional)
INFO:     > rtext:..... loaded (optional)
INFO:     > rmodels:... loaded (optional)
INFO:     > raudio:.... loaded (optional)
INFO: DISPLAY: Trying to enable MSAA x4
INFO: DISPLAY: Device initialized successfully 
INFO:     > Display size: 1280 x 800
INFO:     > Screen size:  1280 x 800
INFO:     > Render size:  1280 x 800
INFO:     > Viewport offsets: 0, 0
INFO: GLAD: OpenGL extensions loaded successfully
INFO: GL: Supported extensions count: 229
INFO: GL: OpenGL device information:
INFO:     > Vendor:   Mesa
INFO:     > Renderer: llvmpipe (LLVM 20.1.2, 256 bits)
INFO:     > Version:  4.5 (Core Profile) Mesa 25.2.8-0ubuntu0.24.04.2
INFO:     > GLSL:     4.50
INFO: GL: VAO extension detected, VAO functions loaded successfully
INFO: GL: NPOT textures extension detected, full NPOT textures supported
INFO: GL: DXT compressed textures supported
INFO: GL: ETC2/EAC compressed textures supported
INFO: PLATFORM: DESKTOP (GLFW - X11): Initialized successfully
INFO: TEXTURE: [ID 1] Texture loaded successfully (1x1 | R8G8B8A8 | 1 mipmaps)
INFO: TEXTURE: [ID 1] Default texture loaded successfully
INFO: SHADER: [ID 1] Vertex shader compiled successfully
INFO: SHADER: [ID 2] Fragment shader compiled successfully
INFO: SHADER: [ID 3] Program shader loaded successfully
INFO: SHADER: [ID 3] Default shader loaded successfully
INFO: RLGL: Render batch vertex buffers loaded successfully in RAM (CPU)
INFO: RLGL: Render batch vertex buffers loaded successfully in VRAM (GPU)
INFO: RLGL: Default OpenGL state initialized successfully
INFO: TEXTURE: [ID 2] Texture loaded successfully (128x128 | GRAY_ALPHA | 1 mipmaps)
INFO: FONT: Default font loaded successfully (224 glyphs)
INFO: SYSTEM: Working Directory: /home/user/wt/x3
INFO: TIMER: Target time per frame: 0.000 milliseconds
FINALE-KIT: Syndicate
WAVE: +2 (SAPPER,SAPPER) [rich]
WAVE: +2 (DRONE,SHIELD) [rich]
WAVE: +2 (GRUNT,SAPPER) [rich]
FINALE-KIT: Syndicate
WAVE: +2 (GRUNT,SAPPER) [rich]
WAVE: +2 (GRUNT,SAPPER) [rich]
WAVE: +2 (GRUNT,GRUNT) [rich]
FINALE-KIT: Wardens
WAVE: +3 (MORTAR,GRUNT,MEDIC) [rich]
WAVE: +3 (MORTAR,CUSTODIAN,SNIPER) [rich]
WAVE: +3 (MORTAR,MEDIC,SCOUT) [rich]
WAVE: +3 (MEDIC,MORTAR,SNIPER) [rich]
WAVE: +3 (MEDIC,GRUNT,MORTAR) [rich]
WAVE: +1 (CUSTODIAN) [rich]
FINALE-KIT: Wardens
WAVE: +3 (SNIPER,SCOUT,SCREENER) [rich]
WAVE: +3 (SCREENER,SNIPER,GRUNT) [rich]
WAVE: +3 (MORTAR,MORTAR,GRUNT) [rich]
WAVE: +3 (PIKEMAN,SCOUT,GRUNT) [rich]
WAVE: +3 (SCREENER,SNIPER,GRUNT) [rich]
WAVE: +2 (MEDIC,MORTAR) [rich]
FINALE-KIT: Wardens
WAVE: +3 (MEDIC,SCREENER,MORTAR) [rich]
WAVE: +3 (MORTAR,CUSTODIAN,GRUNT) [rich]
WAVE: +3 (SNIPER,MORTAR,MEDIC) [rich]
match 5/20  (W:4 L:1 cap:0)  86.7s
FINALE-KIT: Wardens
WAVE: +3 (MEDIC,CUSTODIAN,SCREENER) [rich]
WAVE: +3 (MORTAR,MORTAR,SNIPER) [rich]
WAVE: +3 (MEDIC,SNIPER,PIKEMAN) [rich]
FINALE-KIT: Legion
WAVE: +3 (SAPPER,SHIELD,GRUNT) [rich]
WAVE: +3 (DRONE,SHIELD,SHIELD) [rich]
WAVE: +3 (SAPPER,DRONE,DRONE) [rich]
FINALE-KIT: Legion
WAVE: +3 (SAPPER,SCREENER,SHIELD) [rich]
WAVE: +3 (DRONE,DRONE,SHIELD) [rich]
WAVE: +3 (SCREENER,SAPPER,SHIELD) [rich]
REINFORCEMENTS: +2 (SCOUT,GRUNT)
REINFORCEMENTS: +2 (GRUNT,SCOUT)
FINALE-KIT: Legion
WAVE: +3 (MORTAR,GRUNT,MORTAR) [rich]
WAVE: +3 (GRUNT,SNIPER,MORTAR) [rich]
WAVE: +3 (GRUNT,MEDIC,SCOUT) [rich]
FINALE-KIT: Legion
match 10/20  (W:7 L:3 cap:0)  165.9s
FINALE-KIT: Legion
WAVE: +2 (BERSERKER,WARBRINGER) [rich]
WAVE: +2 (GRUNT,HUNTER) [rich]
WAVE: +2 (GRUNT,LANCER) [rich]
FINALE-KIT: Legion
WAVE: +2 (GRUNT,BRUISER) [rich]
WAVE: +2 (WARBRINGER,BERSERKER) [rich]
WAVE: +2 (BRUISER,HUNTER) [rich]
FINALE-KIT: Wardens
WAVE: +2 (GRUNT,SPOTTER) [rich]
WAVE: +2 (SPOTTER,DRONE) [rich]
WAVE: +2 (SPOTTER,SHIELD) [rich]
FINALE-KIT: Wardens
