INFO: Initializing raylib 6.0
INFO: Platform backend: DESKTOP (GLFW)
INFO: Supported raylib modules:
INFO:     > rcore:..... loaded (mandatory)
INFO:     > rlgl:...... loaded (mandatory)
INFO:     > rshapes:... loaded (optional)
INFO:     > rtextures:. loaded (optional)
INFO:     > rtext:..... loaded (optional)
INFO:     > rmodels:... loaded (optional)
INFO:     > raudio:.... loaded (optional)
INFO: DISPLAY: Trying to enable MSAA x4
INFO: DISPLAY: Device initialized successfully 
INFO:     > Display size: 1280 x 800
INFO:     > Screen size:  1280 x 800
INFO:     > Render size:  1280 x 800
INFO:     > Viewport offsets: 0, 0
INFO: GLAD: OpenGL extensions loaded successfully
INFO: GL: Supported extensions count: 229
INFO: GL: OpenGL device information:
INFO:     > Vendor:   Mesa
INFO:     > Renderer: llvmpipe (LLVM 20.1.2, 256 bits)
INFO:     > Version:  4.5 (Core Profile) Mesa 25.2.8-0ubuntu0.24.04.2
INFO:     > GLSL:     4.50
INFO: GL: VAO extension detected, VAO functions loaded successfully
INFO: GL: NPOT textures extension detected, full NPOT textures supported
INFO: GL: DXT compressed textures supported
INFO: GL: ETC2/EAC compressed textures supported
INFO: PLATFORM: DESKTOP (GLFW - X11): Initialized successfully
INFO: TEXTURE: [ID 1] Texture loaded successfully (1x1 | R8G8B8A8 | 1 mipmaps)
INFO: TEXTURE: [ID 1] Default texture loaded successfully
INFO: SHADER: [ID 1] Vertex shader compiled successfully
INFO: SHADER: [ID 2] Fragment shader compiled successfully
INFO: SHADER: [ID 3] Program shader loaded successfully
INFO: SHADER: [ID 3] Default shader loaded successfully
INFO: RLGL: Render batch vertex buffers loaded successfully in RAM (CPU)
INFO: RLGL: Render batch vertex buffers loaded successfully in VRAM (GPU)
INFO: RLGL: Default OpenGL state initialized successfully
INFO: TEXTURE: [ID 2] Texture loaded successfully (128x128 | GRAY_ALPHA | 1 mipmaps)
INFO: FONT: Default font loaded successfully (224 glyphs)
INFO: SYSTEM: Working Directory: /home/user/wt/x3
INFO: TIMER: Target time per frame: 0.000 milliseconds
FINALE-KIT: Wardens
WAVE: +2 (SAPPER,SHIELD) [rich]
WAVE: +2 (SAPPER,SAPPER) [rich]
WAVE: +2 (SAPPER,DRONE) [rich]
WAVE: +3 (PIKEMAN,PIKEMAN,MORTAR) [rich]
WAVE: +3 (GRUNT,CUSTODIAN,SCREENER) [rich]
WAVE: +2 (CUSTODIAN,PIKEMAN) [rich]
REINFORCEMENTS: +2 (GRUNT,GRUNT)
FINALE-KIT: Wardens
WAVE: +2 (GRUNT,GRUNT) [rich]
WAVE: +2 (GRUNT,SAPPER) [rich]
WAVE: +2 (SAPPER,DRONE) [rich]
FINALE-KIT: Wardens
WAVE: +3 (MORTAR,MORTAR,MEDIC) [rich]
WAVE: +2 (MEDIC,SNIPER) [rich]
WAVE: +3 (SCOUT,CUSTODIAN,SNIPER) [rich]
WAVE: +3 (SNIPER,GRUNT,GRUNT) [rich]
WAVE: +2 (PIKEMAN,MORTAR) [rich]
FINALE-KIT: Wardens
WAVE: +3 (SNIPER,SCREENER,MORTAR) [rich]
WAVE: +3 (MEDIC,MORTAR,GRUNT) [rich]
WAVE: +3 (SNIPER,MEDIC,GRUNT) [rich]
FINALE-KIT: Wardens
WAVE: +3 (MORTAR,GRUNT,GRUNT) [rich]
WAVE: +3 (SNIPER,SCREENER,SNIPER) [rich]
WAVE: +3 (MORTAR,SNIPER,MORTAR) [rich]
WAVE: +3 (SNIPER,PIKEMAN,SNIPER) [rich]
WAVE: +3 (SCREENER,SCOUT,MEDIC) [rich]
WAVE: +3 (PIKEMAN,SCOUT,GRUNT) [rich]
match 5/20  (W:0 L:5 cap:0)  83.1s
FINALE-KIT: Wardens
WAVE: +3 (SCOUT,SNIPER,CUSTODIAN) [rich]
WAVE: +3 (SNIPER,GRUNT,GRUNT) [rich]
WAVE: +3 (GRUNT,MEDIC,MORTAR) [rich]
FINALE-KIT: Wardens
REINFORCEMENTS: +2 (GRUNT,SCOUT)
REINFORCEMENTS: +2 (SCOUT,SCOUT)
FINALE-KIT: Wardens
WAVE: +3 (SPOTTER,SCREENER,SPOTTER) [rich]
WAVE: +3 (DRONE,CUSTODIAN,CUSTODIAN) [rich]
WAVE: +3 (SAPPER,DRONE,SPOTTER) [rich]
REINFORCEMENTS: +2 (GRUNT,GRUNT)
REINFORCEMENTS: +2 (SCOUT,GRUNT)
FINALE-KIT: Syndicate
WAVE: +2 (GRUNT,PIKEMAN) [rich]
WAVE: +2 (SCREENER,GRUNT) [rich]
WAVE: +2 (PIKEMAN,MEDIC) [rich]
REINFORCEMENTS: +2 (GRUNT,GRUNT)
FINALE-KIT: Syndicate
WAVE: +2 (SNIPER,SNIPER) [rich]
WAVE: +2 (SCREENER,GRUNT) [rich]
WAVE: +2 (MEDIC,MORTAR) [rich]
match 10/20  (W:3 L:7 cap:0)  155.4s
FINALE-KIT: Wardens
WAVE: +3 (SNIPER,GRUNT,SHIELD) [rich]
