INFO: Initializing raylib 6.0
INFO: Platform backend: DESKTOP (GLFW)
INFO: Supported raylib modules:
INFO:     > rcore:..... loaded (mandatory)
INFO:     > rlgl:...... loaded (mandatory)
INFO:     > rshapes:... loaded (optional)
INFO:     > rtextures:. loaded (optional)
INFO:     > rtext:..... loaded (optional)
INFO:     > rmodels:... loaded (optional)
INFO:     > raudio:.... loaded (optional)
INFO: DISPLAY: Trying to enable MSAA x4
INFO: DISPLAY: Device initialized successfully 
INFO:     > Display size: 1280 x 800
INFO:     > Screen size:  1280 x 800
INFO:     > Render size:  1280 x 800
INFO:     > Viewport offsets: 0, 0
INFO: GLAD: OpenGL extensions loaded successfully
INFO: GL: Supported extensions count: 229
INFO: GL: OpenGL device information:
INFO:     > Vendor:   Mesa
INFO:     > Renderer: llvmpipe (LLVM 20.1.2, 256 bits)
INFO:     > Version:  4.5 (Core Profile) Mesa 25.2.8-0ubuntu0.24.04.2
INFO:     > GLSL:     4.50
INFO: GL: VAO extension detected, VAO functions loaded successfully
INFO: GL: NPOT textures extension detected, full NPOT textures supported
INFO: GL: DXT compressed textures supported
INFO: GL: ETC2/EAC compressed textures supported
INFO: PLATFORM: DESKTOP (GLFW - X11): Initialized successfully
INFO: TEXTURE: [ID 1] Texture loaded successfully (1x1 | R8G8B8A8 | 1 mipmaps)
INFO: TEXTURE: [ID 1] Default texture loaded successfully
INFO: SHADER: [ID 1] Vertex shader compiled successfully
INFO: SHADER: [ID 2] Fragment shader compiled successfully
INFO: SHADER: [ID 3] Program shader loaded successfully
INFO: SHADER: [ID 3] Default shader loaded successfully
INFO: RLGL: Render batch vertex buffers loaded successfully in RAM (CPU)
INFO: RLGL: Render batch vertex buffers loaded successfully in VRAM (GPU)
INFO: RLGL: Default OpenGL state initialized successfully
INFO: TEXTURE: [ID 2] Texture loaded successfully (128x128 | GRAY_ALPHA | 1 mipmaps)
INFO: FONT: Default font loaded successfully (224 glyphs)
INFO: SYSTEM: Working Directory: /home/user/wt/x3
INFO: TIMER: Target time per frame: 0.000 milliseconds
FINALE-KIT: Syndicate
REINFORCEMENTS: +2 (SCOUT,SCOUT)
FINALE-KIT: Syndicate
FINALE-KIT: Syndicate
WAVE: +2 (BERSERKER,BERSERKER) [rich]
WAVE: +2 (STRIKER,BRUISER) [rich]
WAVE: +2 (GRUNT,BRUISER) [rich]
REINFORCEMENTS: +2 (GRUNT,GRUNT)
REINFORCEMENTS: +2 (GRUNT,SCOUT)
FINALE-KIT: Syndicate
REINFORCEMENTS: +2 (GRUNT,GRUNT)
REINFORCEMENTS: +2 (SCOUT,GRUNT)
REINFORCEMENTS: +3 (GRUNT,GRUNT,GRUNT)
FINALE-KIT: Syndicate
WAVE: +2 (HOUND,GRUNT) [rich]
WAVE: +2 (HUNTER,BERSERKER) [rich]
WAVE: +2 (HUNTER,BERSERKER) [rich]
WAVE: +2 (BRUISER,SCOUT) [rich]
match 5/20  (W:0 L:5 cap:0)  62.0s
FINALE-KIT: Syndicate
WAVE: +2 (BRUISER,BRUISER) [rich]
WAVE: +2 (BRUISER,SCOUT) [rich]
WAVE: +2 (HOUND,BRUISER) [rich]
WAVE: +2 (HUNTER,BERSERKER) [rich]
WAVE: +2 (BERSERKER,BRUISER) [rich]
WAVE: +2 (BERSERKER,WARBRINGER) [rich]
FINALE-KIT: Wardens
WAVE: +3 (SNIPER,MEDIC,SNIPER) [rich]
WAVE: +2 (PIKEMAN,GRUNT) [rich]
WAVE: +3 (SAPPER,SHIELD,CUSTODIAN) [rich]
WAVE: +2 (SPOTTER,SAPPER) [rich]
WAVE: +1 (SAPPER) [rich]
REINFORCEMENTS: +2 (SCOUT,GRUNT)
FINALE-KIT: Wardens
FINALE-KIT: Syndicate
WAVE: +3 (GRUNT,MEDIC,GRUNT) [rich]
WAVE: +1 (SCREENER) [rich]
REINFORCEMENTS: +2 (SCOUT,GRUNT)
REINFORCEMENTS: +2 (SCOUT,GRUNT)
REINFORCEMENTS: +3 (SCOUT,GRUNT,SCOUT)
FINALE-KIT: Syndicate
WAVE: +3 (PIKEMAN,MORTAR,GRUNT) [rich]
WAVE: +1 (SCOUT) [rich]
WAVE: +2 (MORTAR,SNIPER) [rich]
REINFORCEMENTS: +2 (GRUNT,SCOUT)
REINFORCEMENTS: +2 (SCOUT,SCOUT)
match 10/20  (W:0 L:10 cap:0)  168.3s
FINALE-KIT: Wardens
WAVE: +2 (STRIKER,HUNTER) [rich]
WAVE: +2 (BRUISER,BRUISER) [rich]
WAVE: +2 (SCOUT,HUNTER) [rich]
FINALE-KIT: Wardens
WAVE: +2 (HUNTER,BRUISER) [rich]
WAVE: +2 (BRUISER,SCOUT) [rich]
WAVE: +2 (HUNTER,BERSERKER) [rich]
FINALE-KIT: Wardens
FINALE-KIT: Wardens
WAVE: +3 (HOUND,HOUND,GRUNT) [rich]
WAVE: +2 (BERSERKER,LANCER) [rich]
WAVE: +1 (PIKEMAN) [rich]
REINFORCEMENTS: +2 (SCOUT,SCOUT)
FINALE-KIT: Wardens
match 15/20  (W:1 L:14 cap:0)  263.6s
FINALE-KIT: Wardens
FINALE-KIT: Wardens
WAVE: +2 (BERSERKER,BERSERKER) [rich]
WAVE: +2 (HUNTER,STRIKER) [rich]
WAVE: +2 (BERSERKER,BRUISER) [rich]
WAVE: +3 (BERSERKER,HUNTER,GRUNT) [rich]
WAVE: +2 (BRUISER,BRUISER) [rich]
REINFORCEMENTS: +2 (SCOUT,GRUNT)
REINFORCEMENTS: +2 (GRUNT,GRUNT)
FINALE-KIT: Wardens
WAVE: +2 (BRUISER,HOUND) [rich]
WAVE: +2 (BRUISER,BRUISER) [rich]
WAVE: +2 (GRUNT,BERSERKER) [rich]
WAVE: +3 (BERSERKER,BRUISER,HOUND) [rich]
WAVE: +2 (BERSERKER,HUNTER) [rich]
WAVE: +1 (BRUISER) [rich]
WAVE: +3 (HUNTER,HUNTER,BRUISER) [rich]
WAVE: +3 (BRUISER,WARBRINGER,GRUNT) [rich]
FINALE-KIT: Wardens
FINALE-KIT: Wardens
WAVE: +3 (SHIELD,CUSTODIAN,SHIELD) [rich]
WAVE: +3 (SCREENER,SPOTTER,SPOTTER) [rich]
WAVE: +3 (DRONE,SHIELD,DRONE) [rich]
WAVE: +3 (SCREENER,SHIELD,SAPPER) [rich]
WAVE: +1 (SAPPER) [rich]
match 20/20  (W:1 L:19 cap:0)  339.4s

══════════════════════ SIGHTLINE BALANCE REPORT ══════════════════════
runs=20  missions=73

RUN OUTCOMES (campaign):  win-rate    5%   avg missions cleared 3.6

POLICY GAP (optimal vs human-error; campaign runs only):
  greedy win-rate   10%  (n=10)
  sloppy win-rate    0%  (n=10)
  GAP   10 pts  (healthy slack)
  PAIRED (same-seed slots): pairs=10  concordant=9  discordant greedy-only-won=1 / sloppy-only-won=0  paired gap   10 pts
  PER-SLOT RECORDS (greedy | sloppy: outcome + missions cleared; margin = g−s):
    slot  10 @h6: L 3 | L 3   margin +0
    slot  11 @h6: L 5 | L 0   margin +5
    slot  12 @h6: L 2 | L 3   margin -1
    slot  13 @h6: L 5 | L 2   margin +3
    slot  14 @h6: L 5 | L 5   margin +0
    slot  15 @h6: W 6 | L 5   margin +1
    slot  16 @h6: L 3 | L 5   margin -2
    slot  17 @h6: L 3 | L 1   margin +2
    slot  18 @h6: L 5 | L 4   margin +1
    slot  19 @h6: L 2 | L 4   margin -2
  PAIRED MARGIN (missions cleared, all pairs): +0.70 ±0.70 SE  (n=10 pairs)
  by objective (greedy / sloppy / gap):
    Decapitate :   25% /    0% / gap   25
    Defend     :   88% /   71% / gap   16
    Eliminate  :  100% /   90% / gap   10
    Escort     :   80% /  100% / gap  -20
    Hack       :   67% /   67% / gap    0
    Sabotage   :  100% /  100% / gap    0

DECISION RICHNESS / SWING:
  meaningful-choices/turn 1.36   lead-swings/match 0.8   avg max-swing 56.6
  [shot-gate] acting-soldiers/turn 3.02   armed-soldiers/turn 0.94   armed-fraction 31%   turns-with-a-shot 47%   choices/ARMED-soldier-turn 1.44
  [choice-split] los-targets/ARMED 1.77   target-choices/ARMED 0.13   position-choices/ARMED 1.31

RUN COMPLETION BY HEAT (full-campaign clears):
  heat 6:    5% ±5  (n=20 runs, avg 3.6 missions)

INTEL ECONOMY BY HEAT (campaign runs; heat-bonus = the Heat.IntelBonus share of income):
  heat 6: earned  212.6/run   heat-bonus  95.4 (  45% of income)   spent  196.0   unspent   16.7

MISSION WIN-RATE BY HEAT:
  heat 6:   74%  (n=73, avg 5.8 turns)

MISSION WIN-RATE BY OBJECTIVE:
  Eliminate  :   95% ±5  (n=20, avg 4.0 turns)
  Defend     :   80% ±10  (n=15, avg 8.7 turns)
  Decapitate :   15% ±10  (n=13, avg 6.6 turns)
  Sabotage   :  100% ±0  (n=10, avg 3.3 turns)
  Escort     :   88% ±12  (n=8, avg 8.6 turns)
  Hack       :   67% ±19  (n=6, avg 4.2 turns)
  Rescue     :    0% ±0  (n=1, avg 2.0 turns)

MISSION WIN-RATE BY MISSION #:
  m1:   95% ±5  (n=20)
  m2:   92% ±8  (n=12)
  m3:   75% ±13  (n=12)
  m4:   64% ±13  (n=14)
  m5:   71% ±17  (n=7)
  m6:   13% ±12  (n=8)

LOSS CAUSES (missions):
  RUN OVER              : 17
  CAPTIVE LOST          : 1
  VIP LOST              : 1

MISSION WIN-RATE BY ARENA (authored layouts, n>=3; procedural fallback   26% of 73 missions):
  arena  5:  100% ±0  (n=3, avg 2.0 turns)  [m1:100%(2) m3:100%(1)]
  arena  6:   80% ±18  (n=5, avg 5.2 turns)  [m2:50%(2) m3:100%(1) m4:100%(2)]
  arena 10:   50% ±25  (n=4, avg 5.0 turns)  [m1:100%(2) m4:0%(1) m5:0%(1)]
  arena 12:  100% ±0  (n=3, avg 5.3 turns)  [m2:100%(2) m4:100%(1)]
  arena 19:  100% ±0  (n=4, avg 2.8 turns)  [m1:100%(2) m4:100%(2)]
  arena 22:   33% ±27  (n=3, avg 5.0 turns)  [m6:33%(3)]
  arena 28:  100% ±0  (n=7, avg 5.7 turns)  [m1:100%(4) m5:100%(3)]
  arena 30:   75% ±22  (n=4, avg 8.0 turns)  [m3:100%(2) m4:50%(2)]
  arena 32:  100% ±0  (n=5, avg 6.0 turns)  [m2:100%(2) m3:100%(1) m4:100%(2)]
  procedural:   68% ±11  (n=19, avg 6.7 turns)  [m1:88%(8) m2:100%(2) m3:75%(4) m4:0%(1) m5:50%(2) m6:0%(2)]

DEPLOYMENT GEOMETRY (opening shape; choices/ARMED is the wave's real gate):
  FRONTAL   :   82%  (n=33, avg 6.7 turns)  choices/turn 1.19  choices/ARMED 1.39  los-targets/ARMED 1.85
  PINCER    :   62% ±11  (n=21, avg 4.7 turns)  choices/turn 1.49  choices/ARMED 1.44  los-targets/ARMED 1.61
  CROSSFIRE :   70% ±14  (n=10, avg 6.0 turns)  choices/turn 1.31  choices/ARMED 1.45  los-targets/ARMED 1.76
  ENVELOP   :   78% ±14  (n=9, avg 5.1 turns)  choices/turn 1.91  choices/ARMED 1.61  los-targets/ARMED 1.82

ARENA FUNNEL (Mission.Build exits, n=91 builds, all modes):
  authored-applied    :  76.9%  (n=70)
  connectivity-reject :   0.0%  (n=0)
  procedural-roll     :  23.1%  (n=21)

DECK EXPOSURE (campaign runs n=20):
  distinct authored arenas/run : 2.70 mean (all runs)
  ... full-depth runs only     : 5.00 mean over 5.0 fights/run (n=1)
  Defend dealt on the route    :   60% of runs (n=12)

ACTION MIX (verbs issued, by policy):
  verb                  greedy        sloppy
  MOVE               597   41%     412   37%
  SHOOT              330   22%     270   24%
  OVERWATCH          113    8%      80    7%
  BRACE               63    4%      52    5%
  FOCUS               59    4%      47    4%
  STABILIZE           41    3%      42    4%
  HUNKER              55    4%      23    2%
  INTEL               35    2%      37    3%
  SLIPSTREAM          40    3%      31    3%
  RELOAD              34    2%      32    3%
  ITEM:SMOKE          27    2%      16    1%
  PLANT               19    1%      15    1%
  MARK                12    1%      15    1%
  PATCH               12    1%      14    1%
  PIN                  8    1%       7    1%
  GRENADE              4    0%       6    1%
  DRAG                 7    0%       3    0%
  HACK                 5    0%       5    0%
  REARM                4    0%       4    0%
  BARREL               2    0%       3    0%
  BEACON               2    0%       2    0%
  GRAPPLE              1    0%       1    0%

PLAYER CLASS PERFORMANCE:
  class        shots   hit%   dmg   kills
  SHARPSHOOTER    160    93%   1130     61
  GUNNER         167    82%    737     53
  ASSAULT        133    83%    556     33
  RANGER          87    87%    503     30
  CORPSMAN        59    81%    166      9

SOLDIER DEATHS BY ENEMY CLASS (threat ranking):
  BRUISER    : 13
  GRUNT      : 10
  ELITE      : 10
  SNIPER     : 10
  BERSERKER  : 9
  TURRET     : 9
  SAPPER     : 8
  BURN       : 8
  DRONE      : 8
  STRIKE     : 7
  SCREENER   : 7
  MORTAR     : 7
  SCOUT      : 5
  SHIELD     : 4
  HUNTER     : 3
  MEDIC      : 3
  STRIKER    : 2
  PIKEMAN    : 2
  WARBRINGER : 2
  HOUND      : 2

SOLDIER DOWNS (FUL-7 bleed-out): 251 downs -> revived 12 / recovered 34 / bled out 179 / finished 23  (save-rate   20%)
  corpsman fielded in 43 missions

ENEMY COMPOSITION (spawns; faction-stamped fights n=618 / default-cascade fights n=173):
  class        faction         default
  GRUNT           61   10%       43   25%
  SCOUT           34    6%       47   27%
  BRUISER         51    8%        4    2%
  SNIPER          46    7%        4    2%
  DRONE           38    6%        3    2%
  BERSERKER       36    6%        3    2%
  ELITE           38    6%        1    1%
  SCREENER        36    6%        2    1%
  HUNTER          31    5%        6    3%
  MORTAR          31    5%        6    3%
  SAPPER          26    4%        8    5%
  SPOTTER         23    4%        9    5%
  MEDIC           29    5%        0    0%
  PIKEMAN         23    4%        3    2%
  STRIKER         17    3%        8    5%
  HOUND           17    3%        7    4%
  TURRET          17    3%        6    3%
  LANCER          14    2%        8    5%
  SHIELD          17    3%        5    3%
  WARBRINGER      14    2%        0    0%
  CUSTODIAN       10    2%        0    0%
  BOMBARD          9    1%        0    0%

PERK PICK FREQUENCY:
  LCK           : 16
  MOM           : 15
  GUN           : 14
  HRD           : 12
  MRK           : 10
  CQB           : 9
  GRD           : 9
  CLH           : 9
  EXC           : 9
  BND           : 8
  VNT           : 8
  FST           : 7
  RFX           : 7
  PLT           : 6
  OUT           : 6
  TNK           : 6
  SGE           : 4
  SKR           : 3
  BRK           : 3

SHOP PURCHASE FREQUENCY:
  WPN: HOLLOW POINT : 57
  FIELD MEDKIT      : 56
  WPN: STABILIZER   : 44
  WPN: SCOPE        : 44
  ADV. TRAINING     : 30
  COMBAT STIMS      : 24
  BALLISTIC PLATING : 20
  FRAG CACHE        : 16
  COUNTER-PREP      : 16
  WPN: BIPOD        : 16
  WPN: EXTENDED MAG : 15
  WPN: SUPPRESSOR   : 10
  ARMORY            : 8

BOON PICK FREQUENCY (PROCS = effect fires at instrumented sites; '-' = not instrumented;
                      PYR counts the +2-turn-burn half only — the Burning-immunity half is uninstrumented):
  code                 picks   PROCS
  FDR               :     7       5
  FST               :     6      96
  VNM               :     6       -
  GRN               :     5       -
  PYR               :     4       1
  FVR               :     3       -
  GHO               :     3       -
  MRK               :     3       -
  RCL               :     3       2
  RPD               :     3       -
  SHK               :     3      15
  TRR               :     3       7
  FRT               :     2       -
  ADR               :     1       -
  EXE               :     1       -

RUN WIN-RATE BY BOON (campaign runs holding it):
  FDR               :    0% ±0  (in 7 runs)
  FST               :   17% ±15  (in 6 runs)
  VNM               :   17% ±15  (in 6 runs)
  GRN               :    0% ±0  (in 5 runs)
  PYR               :   25% ±22  (in 4 runs)
  FVR               :    0% ±0  (in 3 runs)
  GHO               :    0% ±0  (in 3 runs)
  MRK               :    0% ±0  (in 3 runs)
  RCL               :    0% ±0  (in 3 runs)
  RPD               :   33% ±27  (in 3 runs)
  SHK               :    0% ±0  (in 3 runs)
  TRR               :    0% ±0  (in 3 runs)
  FRT               :    0% ±0  (in 2 runs)
  ADR               :    0% ±0  (in 1 runs)
  EXE               :    0% ±0  (in 1 runs)

RUN WIN-RATE BY SPEC (campaign runs fielding it):
  HHT               :   14% ±13  (in 7 runs)
  ADN               :   20% ±18  (in 5 runs)
  SNT               :    0% ±0  (in 3 runs)
  ANC               :    0% ±0  (in 2 runs)
  BRC               :    0% ±0  (in 2 runs)
  JUG               :    0% ±0  (in 2 runs)
  PHN               :    0% ±0  (in 1 runs)
  PTH               :  100% ±0  (in 1 runs)

RUN WIN-RATE BY PERK (campaign runs holding it):
  LCK               :    8% ±8  (in 12 runs)
  GUN               :    9% ±9  (in 11 runs)
  HRD               :   10% ±9  (in 10 runs)
  CQB               :    0% ±0  (in 9 runs)
  MOM               :   11% ±10  (in 9 runs)
  MRK               :    0% ±0  (in 9 runs)
  GRD               :   13% ±12  (in 8 runs)
  BND               :   14% ±13  (in 7 runs)
  CLH               :    0% ±0  (in 7 runs)
  FST               :    0% ±0  (in 7 runs)
  VNT               :   14% ±13  (in 7 runs)
  EXC               :   17% ±15  (in 6 runs)
  RFX               :   17% ±15  (in 6 runs)
  OUT               :    0% ±0  (in 5 runs)
  PLT               :   20% ±18  (in 5 runs)
  TNK               :    0% ±0  (in 5 runs)
  BRK               :    0% ±0  (in 3 runs)
  SGE               :   33% ±27  (in 3 runs)
  SKR               :    0% ±0  (in 3 runs)

RUN WIN-RATE BY PURCHASE (campaign runs buying it):
  FIELD MEDKIT      :    6% ±6  (in 16 runs)
  WPN: HOLLOW POINT :    6% ±6  (in 16 runs)
  ADV. TRAINING     :    8% ±7  (in 13 runs)
  COMBAT STIMS      :    9% ±9  (in 11 runs)
  WPN: EXTENDED MAG :    9% ±9  (in 11 runs)
  WPN: STABILIZER   :    9% ±9  (in 11 runs)
  WPN: SCOPE        :   10% ±9  (in 10 runs)
  COUNTER-PREP      :   11% ±10  (in 9 runs)
  FRAG CACHE        :   11% ±10  (in 9 runs)
  ARMORY            :    0% ±0  (in 8 runs)
  WPN: SUPPRESSOR   :    0% ±0  (in 8 runs)
  WPN: BIPOD        :   14% ±13  (in 7 runs)
  BALLISTIC PLATING :    0% ±0  (in 5 runs)

RUN WIN-RATE BY EVENT-CHOICE (campaign runs taking id:arm):
  grave:1           :    0% ±0  (in 4 runs)
  depot:0           :   50% ±35  (in 2 runs)
  fieldhospital:2   :    0% ±0  (in 2 runs)
  medic:1           :    0% ±0  (in 2 runs)
  profiteer:0       :    0% ±0  (in 2 runs)
  quartermaster:2   :    0% ±0  (in 2 runs)
  defector:2        :    0% ±0  (in 1 runs)
  relic:1           :    0% ±0  (in 1 runs)
  warpension:1      :    0% ±0  (in 1 runs)
═══════════════════════════════════════════════════════════════════════

batch wall-time: 339.4s  (20 matches across 10 campaigns × 2 policy, frame-cap hits: 0)
aggregate JSON -> /home/user/wt/x3/docs/measurements/x3/R0-h6-b10.json
INFO: TEXTURE: [ID 2] Unloaded texture data from VRAM (GPU)
INFO: SHADER: [ID 3] Default shader unloaded successfully
INFO: TEXTURE: [ID 1] Default texture unloaded successfully
INFO: Window closed successfully
