INFO: Initializing raylib 6.0
INFO: Platform backend: DESKTOP (GLFW)
INFO: Supported raylib modules:
INFO:     > rcore:..... loaded (mandatory)
INFO:     > rlgl:...... loaded (mandatory)
INFO:     > rshapes:... loaded (optional)
INFO:     > rtextures:. loaded (optional)
INFO:     > rtext:..... loaded (optional)
INFO:     > rmodels:... loaded (optional)
INFO:     > raudio:.... loaded (optional)
INFO: DISPLAY: Trying to enable MSAA x4
INFO: DISPLAY: Device initialized successfully 
INFO:     > Display size: 1280 x 800
INFO:     > Screen size:  1280 x 800
INFO:     > Render size:  1280 x 800
INFO:     > Viewport offsets: 0, 0
INFO: GLAD: OpenGL extensions loaded successfully
INFO: GL: Supported extensions count: 229
INFO: GL: OpenGL device information:
INFO:     > Vendor:   Mesa
INFO:     > Renderer: llvmpipe (LLVM 20.1.2, 256 bits)
INFO:     > Version:  4.5 (Core Profile) Mesa 25.2.8-0ubuntu0.24.04.2
INFO:     > GLSL:     4.50
INFO: GL: VAO extension detected, VAO functions loaded successfully
INFO: GL: NPOT textures extension detected, full NPOT textures supported
INFO: GL: DXT compressed textures supported
INFO: GL: ETC2/EAC compressed textures supported
INFO: PLATFORM: DESKTOP (GLFW - X11): Initialized successfully
INFO: TEXTURE: [ID 1] Texture loaded successfully (1x1 | R8G8B8A8 | 1 mipmaps)
INFO: TEXTURE: [ID 1] Default texture loaded successfully
INFO: SHADER: [ID 1] Vertex shader compiled successfully
INFO: SHADER: [ID 2] Fragment shader compiled successfully
INFO: SHADER: [ID 3] Program shader loaded successfully
INFO: SHADER: [ID 3] Default shader loaded successfully
INFO: RLGL: Render batch vertex buffers loaded successfully in RAM (CPU)
INFO: RLGL: Render batch vertex buffers loaded successfully in VRAM (GPU)
INFO: RLGL: Default OpenGL state initialized successfully
INFO: TEXTURE: [ID 2] Texture loaded successfully (128x128 | GRAY_ALPHA | 1 mipmaps)
INFO: FONT: Default font loaded successfully (224 glyphs)
INFO: SYSTEM: Working Directory: /home/user/wt/x3
INFO: TIMER: Target time per frame: 0.000 milliseconds
FINALE-KIT: Wardens
WAVE: +2 (SPOTTER,SAPPER) [rich]
WAVE: +2 (SHIELD,SAPPER) [rich]
WAVE: +2 (SAPPER,SAPPER) [rich]
FINALE-KIT: Wardens
WAVE: +2 (SPOTTER,CUSTODIAN) [rich]
WAVE: +2 (SCREENER,CUSTODIAN) [rich]
WAVE: +2 (GRUNT,DRONE) [rich]
FINALE-KIT: Wardens
WAVE: +2 (SCOUT,MORTAR) [rich]
WAVE: +2 (SCOUT,GRUNT) [rich]
WAVE: +2 (GRUNT,SCOUT) [rich]
FINALE-KIT: Wardens
WAVE: +2 (SNIPER,GRUNT) [rich]
WAVE: +2 (SCOUT,PIKEMAN) [rich]
WAVE: +2 (GRUNT,SCOUT) [rich]
FINALE-KIT: Syndicate
WAVE: +2 (MORTAR,GRUNT) [rich]
WAVE: +2 (PIKEMAN,SNIPER) [rich]
WAVE: +2 (MORTAR,SCOUT) [rich]
match 5/20  (W:2 L:3 cap:0)  58.6s
FINALE-KIT: Syndicate
WAVE: +2 (SNIPER,PIKEMAN) [rich]
WAVE: +2 (SCOUT,MEDIC) [rich]
WAVE: +2 (SNIPER,SCOUT) [rich]
REINFORCEMENTS: +2 (GRUNT,GRUNT)
REINFORCEMENTS: +2 (SCOUT,GRUNT)
FINALE-KIT: Syndicate
WAVE: +3 (STRIKER,HUNTER,SHIELD) [rich]
WAVE: +3 (WARBRINGER,PIKEMAN,BRUISER) [rich]
WAVE: +3 (MEDIC,MEDIC,HOUND) [rich]
REINFORCEMENTS: +2 (GRUNT,GRUNT)
REINFORCEMENTS: +2 (GRUNT,GRUNT)
REINFORCEMENTS: +3 (SCOUT,SCOUT,GRUNT)
FINALE-KIT: Syndicate
WAVE: +3 (SHIELD,HUNTER,MEDIC) [rich]
WAVE: +3 (WARBRINGER,SPOTTER,SPOTTER) [rich]
WAVE: +3 (DRONE,GRUNT,SHIELD) [rich]
FINALE-KIT: Legion
FINALE-KIT: Legion
match 10/20  (W:5 L:5 cap:0)  138.2s
FINALE-KIT: Syndicate
WAVE: +2 (PIKEMAN,MEDIC) [rich]
WAVE: +2 (SHIELD,MORTAR) [rich]
WAVE: +2 (STRIKER,BERSERKER) [rich]
FINALE-KIT: Syndicate
WAVE: +2 (STRIKER,LANCER) [rich]
WAVE: +2 (CUSTODIAN,DRONE) [rich]
WAVE: +2 (MEDIC,DRONE) [rich]
FINALE-KIT: Legion
