INFO: Initializing raylib 6.0
INFO: Platform backend: DESKTOP (GLFW)
INFO: Supported raylib modules:
INFO:     > rcore:..... loaded (mandatory)
INFO:     > rlgl:...... loaded (mandatory)
INFO:     > rshapes:... loaded (optional)
INFO:     > rtextures:. loaded (optional)
INFO:     > rtext:..... loaded (optional)
INFO:     > rmodels:... loaded (optional)
INFO:     > raudio:.... loaded (optional)
INFO: DISPLAY: Trying to enable MSAA x4
INFO: DISPLAY: Device initialized successfully 
INFO:     > Display size: 1280 x 800
INFO:     > Screen size:  1280 x 800
INFO:     > Render size:  1280 x 800
INFO:     > Viewport offsets: 0, 0
INFO: GLAD: OpenGL extensions loaded successfully
INFO: GL: Supported extensions count: 229
INFO: GL: OpenGL device information:
INFO:     > Vendor:   Mesa
INFO:     > Renderer: llvmpipe (LLVM 20.1.2, 256 bits)
INFO:     > Version:  4.5 (Core Profile) Mesa 25.2.8-0ubuntu0.24.04.2
INFO:     > GLSL:     4.50
INFO: GL: VAO extension detected, VAO functions loaded successfully
INFO: GL: NPOT textures extension detected, full NPOT textures supported
INFO: GL: DXT compressed textures supported
INFO: GL: ETC2/EAC compressed textures supported
INFO: PLATFORM: DESKTOP (GLFW - X11): Initialized successfully
INFO: TEXTURE: [ID 1] Texture loaded successfully (1x1 | R8G8B8A8 | 1 mipmaps)
INFO: TEXTURE: [ID 1] Default texture loaded successfully
INFO: SHADER: [ID 1] Vertex shader compiled successfully
INFO: SHADER: [ID 2] Fragment shader compiled successfully
INFO: SHADER: [ID 3] Program shader loaded successfully
INFO: SHADER: [ID 3] Default shader loaded successfully
INFO: RLGL: Render batch vertex buffers loaded successfully in RAM (CPU)
INFO: RLGL: Render batch vertex buffers loaded successfully in VRAM (GPU)
INFO: RLGL: Default OpenGL state initialized successfully
INFO: TEXTURE: [ID 2] Texture loaded successfully (128x128 | GRAY_ALPHA | 1 mipmaps)
INFO: FONT: Default font loaded successfully (224 glyphs)
INFO: SYSTEM: Working Directory: /home/user/wt/x3
INFO: TIMER: Target time per frame: 0.000 milliseconds
FINALE-KIT: Syndicate
WAVE: +2 (SAPPER,SAPPER) [rich]
WAVE: +2 (DRONE,SHIELD) [rich]
WAVE: +2 (GRUNT,SAPPER) [rich]
FINALE-KIT: Syndicate
WAVE: +2 (GRUNT,SAPPER) [rich]
WAVE: +2 (GRUNT,SAPPER) [rich]
WAVE: +2 (GRUNT,GRUNT) [rich]
FINALE-KIT: Wardens
WAVE: +3 (MORTAR,GRUNT,MEDIC) [rich]
WAVE: +3 (MORTAR,CUSTODIAN,SNIPER) [rich]
WAVE: +3 (MORTAR,MEDIC,SCOUT) [rich]
WAVE: +3 (MEDIC,MORTAR,SNIPER) [rich]
WAVE: +3 (MEDIC,GRUNT,MORTAR) [rich]
WAVE: +1 (CUSTODIAN) [rich]
FINALE-KIT: Wardens
WAVE: +3 (SNIPER,SCOUT,SCREENER) [rich]
WAVE: +3 (SCREENER,SNIPER,GRUNT) [rich]
WAVE: +3 (MORTAR,MORTAR,GRUNT) [rich]
WAVE: +3 (PIKEMAN,SCOUT,GRUNT) [rich]
WAVE: +3 (SCREENER,SNIPER,GRUNT) [rich]
WAVE: +2 (MEDIC,MORTAR) [rich]
FINALE-KIT: Wardens
WAVE: +3 (MEDIC,SCREENER,MORTAR) [rich]
WAVE: +3 (MORTAR,CUSTODIAN,GRUNT) [rich]
WAVE: +3 (SNIPER,MORTAR,MEDIC) [rich]
match 5/20  (W:4 L:1 cap:0)  92.7s
FINALE-KIT: Wardens
WAVE: +3 (MEDIC,CUSTODIAN,SCREENER) [rich]
WAVE: +3 (MORTAR,MORTAR,SNIPER) [rich]
WAVE: +3 (MEDIC,SNIPER,PIKEMAN) [rich]
FINALE-KIT: Legion
WAVE: +3 (SAPPER,SHIELD,GRUNT) [rich]
WAVE: +3 (DRONE,SHIELD,SHIELD) [rich]
WAVE: +3 (SAPPER,DRONE,DRONE) [rich]
FINALE-KIT: Legion
WAVE: +3 (SAPPER,SCREENER,SHIELD) [rich]
WAVE: +3 (DRONE,DRONE,SHIELD) [rich]
WAVE: +3 (SCREENER,SAPPER,SHIELD) [rich]
REINFORCEMENTS: +2 (SCOUT,GRUNT)
REINFORCEMENTS: +2 (GRUNT,SCOUT)
FINALE-KIT: Legion
WAVE: +3 (MORTAR,GRUNT,MORTAR) [rich]
WAVE: +3 (GRUNT,SNIPER,MORTAR) [rich]
WAVE: +3 (GRUNT,MEDIC,SCOUT) [rich]
FINALE-KIT: Legion
match 10/20  (W:7 L:3 cap:0)  197.7s
FINALE-KIT: Legion
WAVE: +2 (BERSERKER,WARBRINGER) [rich]
WAVE: +2 (GRUNT,HUNTER) [rich]
WAVE: +2 (GRUNT,LANCER) [rich]
FINALE-KIT: Legion
WAVE: +2 (GRUNT,BRUISER) [rich]
WAVE: +2 (WARBRINGER,BERSERKER) [rich]
WAVE: +2 (BRUISER,HUNTER) [rich]
FINALE-KIT: Wardens
WAVE: +2 (GRUNT,SPOTTER) [rich]
WAVE: +2 (SPOTTER,DRONE) [rich]
WAVE: +2 (SPOTTER,SHIELD) [rich]
FINALE-KIT: Wardens
WAVE: +2 (SAPPER,SAPPER) [rich]
WAVE: +2 (SAPPER,DRONE) [rich]
WAVE: +2 (SAPPER,SHIELD) [rich]
FINALE-KIT: Wardens
REINFORCEMENTS: +2 (GRUNT,SCOUT)
REINFORCEMENTS: +2 (GRUNT,GRUNT)
REINFORCEMENTS: +3 (GRUNT,GRUNT,GRUNT)
match 15/20  (W:11 L:4 cap:0)  294.5s
FINALE-KIT: Wardens
FINALE-KIT: Wardens
FINALE-KIT: Wardens
WAVE: +3 (SNIPER,SCOUT,PIKEMAN) [rich]
WAVE: +3 (GRUNT,MORTAR,GRUNT) [rich]
WAVE: +3 (SCOUT,PIKEMAN,SCREENER) [rich]
WAVE: +3 (SNIPER,CUSTODIAN,SCREENER) [rich]
WAVE: +3 (MORTAR,SCOUT,GRUNT) [rich]
WAVE: +3 (MEDIC,GRUNT,GRUNT) [rich]
FINALE-KIT: Legion
WAVE: +2 (GRUNT,SNIPER) [rich]
WAVE: +2 (MORTAR,MEDIC) [rich]
WAVE: +2 (GRUNT,SCREENER) [rich]
FINALE-KIT: Legion
WAVE: +2 (GRUNT,MORTAR) [rich]
WAVE: +2 (MEDIC,SCREENER) [rich]
WAVE: +2 (GRUNT,SNIPER) [rich]
match 20/20  (W:13 L:7 cap:0)  376.3s

══════════════════════ SIGHTLINE BALANCE REPORT ══════════════════════
runs=20  missions=79

RUN OUTCOMES (campaign):  win-rate   65%   avg missions cleared 5.0

POLICY GAP (optimal vs human-error; campaign runs only):
  greedy win-rate   80%  (n=10)
  sloppy win-rate   50%  (n=10)
  GAP   30 pts  (swingy/unforgiving)
  PAIRED (same-seed slots): pairs=10  concordant=5  discordant greedy-only-won=4 / sloppy-only-won=1  paired gap   30 pts
  PER-SLOT RECORDS (greedy | sloppy: outcome + missions cleared; margin = g−s):
    slot   0 @h0: W 6 | W 6   margin +0
    slot   1 @h0: W 6 | L 3   margin +3
    slot   2 @h0: W 6 | W 6   margin +0
    slot   3 @h0: L 5 | W 6   margin -1
    slot   4 @h0: W 6 | L 2   margin +4
    slot   5 @h0: W 6 | W 6   margin +0
    slot   6 @h0: W 6 | L 1   margin +5
    slot   7 @h0: W 6 | W 6   margin +0
    slot   8 @h0: L 2 | L 3   margin -1
    slot   9 @h0: W 6 | L 5   margin +1
  PAIRED MARGIN (missions cleared, all pairs): +1.10 ±0.67 SE  (n=10 pairs)
  by objective (greedy / sloppy / gap):
    Decapitate :   90% /   86% / gap    4
    Defend     :  100% /   63% / gap   38
    Eliminate  :  100% /  100% / gap    0
    Escort     :   80% /  100% / gap  -20
    Evac       :  100% /  100% / gap    0
    Hack       :  100% /  100% / gap    0
    Rescue     :  100% /  100% / gap    0
    Sabotage   :  100% /    0% / gap  100

DECISION RICHNESS / SWING:
  meaningful-choices/turn 2.80   lead-swings/match 0.6   avg max-swing 47.9
  [shot-gate] acting-soldiers/turn 3.82   armed-soldiers/turn 1.65   armed-fraction 43%   turns-with-a-shot 61%   choices/ARMED-soldier-turn 1.70
  [choice-split] los-targets/ARMED 2.68   target-choices/ARMED 0.47   position-choices/ARMED 1.23

RUN COMPLETION BY HEAT (full-campaign clears):
  heat 0:   65% ±11  (n=20 runs, avg 5.0 missions)

INTEL ECONOMY BY HEAT (campaign runs; heat-bonus = the Heat.IntelBonus share of income):
  heat 0: earned  133.2/run   heat-bonus   0.0 (   0% of income)   spent  118.9   unspent   14.4

MISSION WIN-RATE BY HEAT:
  heat 0:   91%  (n=79, avg 6.0 turns)

MISSION WIN-RATE BY OBJECTIVE:
  Eliminate  :  100% ±0  (n=21, avg 3.1 turns)
  Decapitate :   88% ±8  (n=17, avg 3.5 turns)
  Defend     :   81% ±10  (n=16, avg 8.9 turns)
  Escort     :   90% ±9  (n=10, avg 14.8 turns)
  Hack       :  100% ±0  (n=7, avg 3.0 turns)
  Evac       :  100% ±0  (n=4, avg 5.3 turns)
  Sabotage   :   50% ±35  (n=2, avg 4.0 turns)
  Rescue     :  100% ±0  (n=2, avg 2.5 turns)

MISSION WIN-RATE BY MISSION #:
  m1:  100% ±0  (n=20)
  m2:   83% ±15  (n=6)
  m3:   86% ±9  (n=14)
  m4:   87% ±9  (n=15)
  m5:  100% ±0  (n=9)
  m6:   87% ±9  (n=15)

LOSS CAUSES (missions):
  RUN OVER              : 6
  STALEMATE             : 1

MISSION WIN-RATE BY ARENA (authored layouts, n>=3; procedural fallback   16% of 79 missions):
  arena  2:   75% ±22  (n=4, avg 3.8 turns)  [m5:100%(2) m6:50%(2)]
  arena  4:  100% ±0  (n=3, avg 5.3 turns)  [m1:100%(2) m3:100%(1)]
  arena  5:  100% ±0  (n=3, avg 2.3 turns)  [m6:100%(3)]
  arena 11:   83% ±15  (n=6, avg 9.0 turns)  [m2:50%(2) m4:100%(4)]
  arena 14:  100% ±0  (n=7, avg 3.0 turns)  [m1:100%(6) m6:100%(1)]
  arena 16:  100% ±0  (n=3, avg 10.0 turns)  [m5:100%(2) m6:100%(1)]
  arena 27:   75% ±22  (n=4, avg 5.3 turns)  [m4:50%(2) m5:100%(2)]
  arena 28:  100% ±0  (n=6, avg 8.5 turns)  [m3:100%(2) m4:100%(1) m5:100%(1) m6:100%(2)]
  arena 31:   75% ±22  (n=4, avg 18.5 turns)  [m1:100%(2) m3:50%(2)]
  arena 33:  100% ±0  (n=5, avg 5.8 turns)  [m1:100%(2) m2:100%(1) m3:100%(1) m4:100%(1)]
  arena 34:  100% ±0  (n=3, avg 4.7 turns)  [m3:100%(1) m6:100%(2)]
  procedural:   92% ±7  (n=13, avg 5.7 turns)  [m1:100%(2) m2:100%(1) m3:83%(6) m4:100%(2) m5:100%(1) m6:100%(1)]

DEPLOYMENT GEOMETRY (opening shape; choices/ARMED is the wave's real gate):
  FRONTAL   :   94%  (n=31, avg 7.0 turns)  choices/turn 3.59  choices/ARMED 1.73  los-targets/ARMED 3.16
  PINCER    :   84%  (n=31, avg 5.7 turns)  choices/turn 2.16  choices/ARMED 1.72  los-targets/ARMED 2.00
  CROSSFIRE :  100% ±0  (n=11, avg 4.5 turns)  choices/turn 1.42  choices/ARMED 1.24  los-targets/ARMED 2.27
  ENVELOP   :  100% ±0  (n=6, avg 4.5 turns)  choices/turn 3.00  choices/ARMED 1.83  los-targets/ARMED 1.44

ARENA FUNNEL (Mission.Build exits, n=89 builds, all modes):
  authored-applied    :  84.3%  (n=75)
  connectivity-reject :   0.0%  (n=0)
  procedural-roll     :  15.7%  (n=14)

DECK EXPOSURE (campaign runs n=20):
  distinct authored arenas/run : 3.30 mean (all runs)
  ... full-depth runs only     : 3.69 mean over 4.5 fights/run (n=13)
  Defend dealt on the route    :   80% of runs (n=16)

ACTION MIX (verbs issued, by policy):
  verb                  greedy        sloppy
  MOVE               595   36%     559   40%
  SHOOT              319   19%     328   23%
  HUNKER             273   17%     251   18%
  OVERWATCH          174   11%      25    2%
  FOCUS               45    3%      45    3%
  RELOAD              39    2%      39    3%
  INTEL               33    2%      35    2%
  BRACE               27    2%      27    2%
  STABILIZE           23    1%      19    1%
  SLIPSTREAM          24    1%      17    1%
  ITEM:SMOKE          14    1%      13    1%
  MARK                16    1%      11    1%
  PIN                 11    1%       8    1%
  BEACON               8    0%       7    0%
  HACK                 8    0%       7    0%
  EXTRACT              6    0%       3    0%
  REARM                7    0%       2    0%
  PATCH                5    0%       4    0%
  GRAPPLE              4    0%       3    0%
  PLANT                3    0%       3    0%
  GRENADE              1    0%       4    0%
  BARREL               2    0%       2    0%
  DRAG                 2    0%       0    0%
  ITEM:INCENDIARY       0    0%       2    0%

PLAYER CLASS PERFORMANCE:
  class        shots   hit%   dmg   kills
  SHARPSHOOTER    166    92%   1097     73
  GUNNER         174    86%    783     48
  RANGER         124    87%    683     43
  ASSAULT        125    88%    561     38
  CORPSMAN        43    77%    118      2

SOLDIER DEATHS BY ENEMY CLASS (threat ranking):
  GRUNT      : 10
  STRIKE     : 9
  SNIPER     : 6
  MORTAR     : 6
  ELITE      : 5
  BRUISER    : 5
  LANCER     : 4
  SAPPER     : 3
  BERSERKER  : 3
  MEDIC      : 2
  SCREENER   : 2
  SHIELD     : 2
  BURN       : 1
  STRIKER    : 1
  SCOUT      : 1
  WARBRINGER : 1
  TURRET     : 1
  DRONE      : 1
  PIKEMAN    : 1

SOLDIER DOWNS (FUL-7 bleed-out): 160 downs -> revived 4 / recovered 48 / bled out 92 / finished 16  (save-rate   33%)
  corpsman fielded in 27 missions

ENEMY COMPOSITION (spawns; faction-stamped fights n=484 / default-cascade fights n=154):
  class        faction         default
  GRUNT           56   12%       40   26%
  SCOUT           18    4%       42   27%
  ELITE           36    7%        8    5%
  MORTAR          39    8%        2    1%
  SNIPER          35    7%        6    4%
  DRONE           31    6%        8    5%
  SCREENER        30    6%        4    3%
  SHIELD          29    6%        3    2%
  LANCER          28    6%        4    3%
  SAPPER          29    6%        2    1%
  TURRET          25    5%        6    4%
  MEDIC           25    5%        6    4%
  BERSERKER       11    2%       13    8%
  HUNTER          15    3%        4    3%
  SPOTTER         16    3%        2    1%
  BRUISER         17    4%        0    0%
  CUSTODIAN       12    2%        0    0%
  PIKEMAN         12    2%        0    0%
  WARBRINGER       9    2%        0    0%
  STRIKER          6    1%        2    1%
  BOMBARD          4    1%        0    0%
  HOUND            1    0%        2    1%

PERK PICK FREQUENCY:
  LCK           : 15
  MOM           : 14
  RFX           : 13
  GUN           : 12
  OUT           : 10
  GRD           : 9
  SKR           : 9
  CQB           : 9
  SGE           : 8
  HRD           : 7
  EXC           : 7
  TNK           : 6
  CLH           : 6
  FST           : 6
  BRK           : 6
  VNT           : 5
  BND           : 5
  PLT           : 2
  MRK           : 2

SHOP PURCHASE FREQUENCY:
  FIELD MEDKIT      : 41
  WPN: SCOPE        : 32
  WPN: HOLLOW POINT : 31
  COMBAT STIMS      : 26
  WPN: STABILIZER   : 22
  BALLISTIC PLATING : 18
  WPN: BIPOD        : 13
  FRAG CACHE        : 12
  ARMORY            : 9
  ADV. TRAINING     : 8
  COUNTER-PREP      : 7
  WPN: SUPPRESSOR   : 6
  WPN: EXTENDED MAG : 6

BOON PICK FREQUENCY (PROCS = effect fires at instrumented sites; '-' = not instrumented;
                      PYR counts the +2-turn-burn half only — the Burning-immunity half is uninstrumented):
  code                 picks   PROCS
  EXE               :     6       -
  MRK               :     5       -
  RPD               :     5       -
  SHK               :     5       1
  VNM               :     5       -
  ADR               :     4       -
  FRT               :     4       -
  FVR               :     4       -
  PYR               :     4       1
  FDR               :     3       0
  FST               :     3      20
  GHO               :     3       -
  TRR               :     3      10
  GRN               :     2       -
  RCL               :     2       1
  SCV               :     1       -

RUN WIN-RATE BY BOON (campaign runs holding it):
  EXE               :   83% ±15  (in 6 runs)
  MRK               :   60% ±22  (in 5 runs)
  RPD               :  100% ±0  (in 5 runs)
  SHK               :   80% ±18  (in 5 runs)
  VNM               :   80% ±18  (in 5 runs)
  ADR               :  100% ±0  (in 4 runs)
  FRT               :   75% ±22  (in 4 runs)
  FVR               :  100% ±0  (in 4 runs)
  PYR               :   50% ±25  (in 4 runs)
  FDR               :  100% ±0  (in 3 runs)
  FST               :   33% ±27  (in 3 runs)
  GHO               :  100% ±0  (in 3 runs)
  TRR               :   67% ±27  (in 3 runs)
  GRN               :    0% ±0  (in 2 runs)
  RCL               :  100% ±0  (in 2 runs)
  SCV               :  100% ±0  (in 1 runs)

RUN WIN-RATE BY SPEC (campaign runs fielding it):
  HHT               :   83% ±15  (in 6 runs)
  ANC               :  100% ±0  (in 4 runs)
  PTH               :  100% ±0  (in 3 runs)
  SNT               :   67% ±27  (in 3 runs)
  JUG               :  100% ±0  (in 2 runs)
  ADN               :  100% ±0  (in 1 runs)
  BRC               :    0% ±0  (in 1 runs)
  PHN               :    0% ±0  (in 1 runs)

RUN WIN-RATE BY PERK (campaign runs holding it):
  LCK               :   75% ±13  (in 12 runs)
  MOM               :   64% ±15  (in 11 runs)
  RFX               :   64% ±15  (in 11 runs)
  CQB               :   67% ±16  (in 9 runs)
  GRD               :   89% ±10  (in 9 runs)
  GUN               :   67% ±16  (in 9 runs)
  OUT               :   89% ±10  (in 9 runs)
  EXC               :   71% ±17  (in 7 runs)
  SGE               :   83% ±15  (in 6 runs)
  SKR               :   50% ±20  (in 6 runs)
  TNK               :   83% ±15  (in 6 runs)
  BND               :   60% ±22  (in 5 runs)
  BRK               :  100% ±0  (in 5 runs)
  CLH               :  100% ±0  (in 5 runs)
  FST               :   80% ±18  (in 5 runs)
  HRD               :  100% ±0  (in 5 runs)
  VNT               :  100% ±0  (in 5 runs)
  MRK               :    0% ±0  (in 2 runs)
  PLT               :  100% ±0  (in 2 runs)

RUN WIN-RATE BY PURCHASE (campaign runs buying it):
  FIELD MEDKIT      :   72% ±11  (in 18 runs)
  COMBAT STIMS      :   83% ±11  (in 12 runs)
  WPN: HOLLOW POINT :   75% ±13  (in 12 runs)
  WPN: BIPOD        :   82% ±12  (in 11 runs)
  BALLISTIC PLATING :   78% ±14  (in 9 runs)
  WPN: SCOPE        :  100% ±0  (in 9 runs)
  WPN: STABILIZER   :   78% ±14  (in 9 runs)
  ADV. TRAINING     :   75% ±15  (in 8 runs)
  ARMORY            :   57% ±19  (in 7 runs)
  FRAG CACHE        :   71% ±17  (in 7 runs)
  COUNTER-PREP      :   83% ±15  (in 6 runs)
  WPN: SUPPRESSOR   :   67% ±19  (in 6 runs)
  WPN: EXTENDED MAG :   75% ±22  (in 4 runs)

RUN WIN-RATE BY EVENT-CHOICE (campaign runs taking id:arm):
  warchest:1        :   75% ±22  (in 4 runs)
  warpension:1      :   75% ±22  (in 4 runs)
  defector:0        :   67% ±27  (in 3 runs)
  fieldhospital:2   :  100% ±0  (in 3 runs)
  bloodfeud:0       :   50% ±35  (in 2 runs)
  cache:1           :   50% ±35  (in 2 runs)
  depot:0           :    0% ±0  (in 2 runs)
  depot:1           :   50% ±35  (in 2 runs)
  drill:0           :  100% ±0  (in 2 runs)
  grave:1           :  100% ±0  (in 2 runs)
  defector:1        :  100% ±0  (in 1 runs)
═══════════════════════════════════════════════════════════════════════

batch wall-time: 376.3s  (20 matches across 10 campaigns × 2 policy, frame-cap hits: 0)
aggregate JSON -> /home/user/wt/x3/docs/measurements/x3/R0diag-h0-b0.json
INFO: TEXTURE: [ID 2] Unloaded texture data from VRAM (GPU)
INFO: SHADER: [ID 3] Default shader unloaded successfully
INFO: TEXTURE: [ID 1] Default texture unloaded successfully
INFO: Window closed successfully
