INFO: Initializing raylib 6.0
INFO: Platform backend: DESKTOP (GLFW)
INFO: Supported raylib modules:
INFO:     > rcore:..... loaded (mandatory)
INFO:     > rlgl:...... loaded (mandatory)
INFO:     > rshapes:... loaded (optional)
INFO:     > rtextures:. loaded (optional)
INFO:     > rtext:..... loaded (optional)
INFO:     > rmodels:... loaded (optional)
INFO:     > raudio:.... loaded (optional)
INFO: DISPLAY: Trying to enable MSAA x4
INFO: DISPLAY: Device initialized successfully 
INFO:     > Display size: 1280 x 800
INFO:     > Screen size:  1280 x 800
INFO:     > Render size:  1280 x 800
INFO:     > Viewport offsets: 0, 0
INFO: GLAD: OpenGL extensions loaded successfully
INFO: GL: Supported extensions count: 229
INFO: GL: OpenGL device information:
INFO:     > Vendor:   Mesa
INFO:     > Renderer: llvmpipe (LLVM 20.1.2, 256 bits)
INFO:     > Version:  4.5 (Core Profile) Mesa 25.2.8-0ubuntu0.24.04.2
INFO:     > GLSL:     4.50
INFO: GL: VAO extension detected, VAO functions loaded successfully
INFO: GL: NPOT textures extension detected, full NPOT textures supported
INFO: GL: DXT compressed textures supported
INFO: GL: ETC2/EAC compressed textures supported
INFO: PLATFORM: DESKTOP (GLFW - X11): Initialized successfully
INFO: TEXTURE: [ID 1] Texture loaded successfully (1x1 | R8G8B8A8 | 1 mipmaps)
INFO: TEXTURE: [ID 1] Default texture loaded successfully
INFO: SHADER: [ID 1] Vertex shader compiled successfully
INFO: SHADER: [ID 2] Fragment shader compiled successfully
INFO: SHADER: [ID 3] Program shader loaded successfully
INFO: SHADER: [ID 3] Default shader loaded successfully
INFO: RLGL: Render batch vertex buffers loaded successfully in RAM (CPU)
INFO: RLGL: Render batch vertex buffers loaded successfully in VRAM (GPU)
INFO: RLGL: Default OpenGL state initialized successfully
INFO: TEXTURE: [ID 2] Texture loaded successfully (128x128 | GRAY_ALPHA | 1 mipmaps)
INFO: FONT: Default font loaded successfully (224 glyphs)
INFO: SYSTEM: Working Directory: /home/user/wt/x3
INFO: TIMER: Target time per frame: 0.000 milliseconds
FINALE-KIT: Wardens
WAVE: +2 (DRONE,CUSTODIAN) [rich]
WAVE: +2 (SCREENER,CUSTODIAN) [rich]
WAVE: +2 (SAPPER,SPOTTER) [rich]
REINFORCEMENTS: +2 (GRUNT,SCOUT)
REINFORCEMENTS: +2 (GRUNT,GRUNT)
FINALE-KIT: Wardens
WAVE: +2 (DRONE,SHIELD) [rich]
WAVE: +2 (CUSTODIAN,SAPPER) [rich]
WAVE: +2 (SPOTTER,DRONE) [rich]
REINFORCEMENTS: +2 (SCOUT,SCOUT)
FINALE-KIT: Wardens
WAVE: +2 (MORTAR,MORTAR) [rich]
WAVE: +2 (SCOUT,SNIPER) [rich]
WAVE: +2 (SNIPER,MEDIC) [rich]
FINALE-KIT: Wardens
WAVE: +2 (MORTAR,MORTAR) [rich]
WAVE: +2 (MEDIC,SNIPER) [rich]
WAVE: +2 (SNIPER,SNIPER) [rich]
REINFORCEMENTS: +2 (SCOUT,GRUNT)
REINFORCEMENTS: +2 (SCOUT,SCOUT)
REINFORCEMENTS: +3 (SCOUT,GRUNT,GRUNT)
FINALE-KIT: Syndicate
WAVE: +2 (MEDIC,MORTAR) [rich]
WAVE: +2 (SCOUT,GRUNT) [rich]
WAVE: +2 (SCOUT,SCOUT) [rich]
REINFORCEMENTS: +2 (GRUNT,SCOUT)
match 5/20  (W:2 L:3 cap:0)  112.9s
FINALE-KIT: Syndicate
WAVE: +2 (SCOUT,MEDIC) [rich]
WAVE: +2 (SNIPER,SCOUT) [rich]
WAVE: +2 (SNIPER,MORTAR) [rich]
FINALE-KIT: Syndicate
FINALE-KIT: Syndicate
WAVE: +3 (SNIPER,SNIPER,BERSERKER) [rich]
WAVE: +3 (SNIPER,STRIKER,PIKEMAN) [rich]
WAVE: +3 (DRONE,SPOTTER,GRUNT) [rich]
REINFORCEMENTS: +2 (GRUNT,GRUNT)
REINFORCEMENTS: +2 (SCOUT,GRUNT)
FINALE-KIT: Legion
FINALE-KIT: Legion
match 10/20  (W:4 L:6 cap:0)  212.3s
FINALE-KIT: Syndicate
WAVE: +2 (SHIELD,MEDIC) [rich]
WAVE: +2 (HUNTER,SNIPER) [rich]
WAVE: +2 (SCREENER,DRONE) [rich]
FINALE-KIT: Syndicate
WAVE: +2 (SNIPER,MORTAR) [rich]
WAVE: +2 (HUNTER,MEDIC) [rich]
WAVE: +2 (DRONE,SAPPER) [rich]
FINALE-KIT: Legion
FINALE-KIT: Legion
FINALE-KIT: Wardens
WAVE: +3 (GRUNT,HUNTER,HUNTER) [rich]
WAVE: +3 (SCOUT,BERSERKER,LANCER) [rich]
WAVE: +3 (BERSERKER,BERSERKER,WARBRINGER) [rich]
WAVE: +3 (GRUNT,BERSERKER,HOUND) [rich]
WAVE: +3 (HUNTER,BERSERKER,LANCER) [rich]
match 15/20  (W:5 L:10 cap:0)  300.9s
FINALE-KIT: Wardens
WAVE: +3 (BERSERKER,HUNTER,STRIKER) [rich]
WAVE: +3 (HUNTER,BERSERKER,HUNTER) [rich]
WAVE: +3 (WARBRINGER,BRUISER,BRUISER) [rich]
WAVE: +3 (BERSERKER,GRUNT,BRUISER) [rich]
FINALE-KIT: Syndicate
WAVE: +2 (SHIELD,SAPPER) [rich]
WAVE: +2 (SAPPER,SAPPER) [rich]
WAVE: +2 (SAPPER,GRUNT) [rich]
WAVE: +2 (SPOTTER,SHIELD) [rich]
WAVE: +2 (SHIELD,DRONE) [rich]
WAVE: +2 (SPOTTER,DRONE) [rich]
FINALE-KIT: Syndicate
WAVE: +2 (SCREENER,DRONE) [rich]
WAVE: +2 (SAPPER,SCREENER) [rich]
WAVE: +2 (DRONE,DRONE) [rich]
WAVE: +2 (SAPPER,SHIELD) [rich]
WAVE: +2 (DRONE,SAPPER) [rich]
REINFORCEMENTS: +2 (SCOUT,SCOUT)
REINFORCEMENTS: +2 (GRUNT,GRUNT)
REINFORCEMENTS: +3 (SCOUT,GRUNT,SCOUT)
FINALE-KIT: Legion
REINFORCEMENTS: +2 (SCOUT,GRUNT)
REINFORCEMENTS: +2 (SCOUT,GRUNT)
REINFORCEMENTS: +3 (GRUNT,GRUNT,SCOUT)
FINALE-KIT: Legion
WAVE: +2 (SNIPER,SNIPER) [rich]
WAVE: +2 (SCREENER,SNIPER) [rich]
WAVE: +2 (PIKEMAN,GRUNT) [rich]
WAVE: +3 (SAPPER,SPOTTER,DRONE) [rich]
WAVE: +3 (SPOTTER,SAPPER,SHIELD) [rich]
WAVE: +3 (DRONE,CUSTODIAN,DRONE) [rich]
match 20/20  (W:7 L:13 cap:0)  396.0s

══════════════════════ SIGHTLINE BALANCE REPORT ══════════════════════
runs=20  missions=76

RUN OUTCOMES (campaign):  win-rate   35%   avg missions cleared 4.0

POLICY GAP (optimal vs human-error; campaign runs only):
  greedy win-rate   40%  (n=10)
  sloppy win-rate   30%  (n=10)
  GAP   10 pts  (healthy slack)
  PAIRED (same-seed slots): pairs=10  concordant=3  discordant greedy-only-won=4 / sloppy-only-won=3  paired gap   10 pts
  PER-SLOT RECORDS (greedy | sloppy: outcome + missions cleared; margin = g−s):
    slot  20 @h2: W 6 | L 5   margin +1
    slot  21 @h2: L 1 | L 3   margin -2
    slot  22 @h2: W 6 | L 1   margin +5
    slot  23 @h2: L 2 | W 6   margin -4
    slot  24 @h2: W 6 | L 5   margin +1
    slot  25 @h2: L 4 | W 6   margin -2
    slot  26 @h2: L 4 | L 4   margin +0
    slot  27 @h2: L 3 | L 3   margin +0
    slot  28 @h2: W 6 | L 3   margin +3
    slot  29 @h2: L 0 | W 6   margin -6
  PAIRED MARGIN (missions cleared, all pairs): -0.40 ±1.02 SE  (n=10 pairs)
  by objective (greedy / sloppy / gap):
    Decapitate :   75% /   67% / gap    8
    Defend     :   67% /   78% / gap  -11
    Eliminate  :   92% /   85% / gap    8
    Escort     :  100% /  100% / gap    0
    Evac       :  100% /  100% / gap    0
    Hack       :  100% /  100% / gap    0
    Rescue     :  100% /  100% / gap    0
    Sabotage   :    0% /  100% / gap -100

DECISION RICHNESS / SWING:
  meaningful-choices/turn 2.76   lead-swings/match 0.7   avg max-swing 48.9
  [shot-gate] acting-soldiers/turn 3.46   armed-soldiers/turn 1.81   armed-fraction 52%   turns-with-a-shot 67%   choices/ARMED-soldier-turn 1.52
  [choice-split] los-targets/ARMED 2.43   target-choices/ARMED 0.36   position-choices/ARMED 1.17

RUN COMPLETION BY HEAT (full-campaign clears):
  heat 2:   35% ±11  (n=20 runs, avg 4.0 missions)

INTEL ECONOMY BY HEAT (campaign runs; heat-bonus = the Heat.IntelBonus share of income):
  heat 2: earned  146.5/run   heat-bonus  23.4 (  16% of income)   spent  129.9   unspent   16.7

MISSION WIN-RATE BY HEAT:
  heat 2:   83%  (n=70, avg 5.3 turns)
  heat 3:   83% ±15  (n=6, avg 8.0 turns)

MISSION WIN-RATE BY OBJECTIVE:
  Eliminate  :   88% ±6  (n=26, avg 4.4 turns)
  Decapitate :   71% ±11  (n=17, avg 4.5 turns)
  Defend     :   73% ±11  (n=15, avg 8.8 turns)
  Rescue     :  100% ±0  (n=7, avg 6.9 turns)
  Sabotage   :   67% ±27  (n=3, avg 5.7 turns)
  Escort     :  100% ±0  (n=3, avg 5.7 turns)
  Hack       :  100% ±0  (n=3, avg 3.3 turns)
  Evac       :  100% ±0  (n=2, avg 2.5 turns)

MISSION WIN-RATE BY MISSION #:
  m1:   95% ±5  (n=20)
  m2:   82% ±12  (n=11)
  m3:   92% ±7  (n=13)
  m4:   75% ±11  (n=16)
  m5:   57% ±19  (n=7)
  m6:   78% ±14  (n=9)

LOSS CAUSES (missions):
  RUN OVER              : 13

MISSION WIN-RATE BY ARENA (authored layouts, n>=3; procedural fallback   16% of 76 missions):
  arena  6:   50% ±25  (n=4, avg 4.8 turns)  [m1:100%(2) m5:0%(2)]
  arena  7:  100% ±0  (n=4, avg 3.5 turns)  [m1:100%(2) m2:100%(2)]
  arena 10:  100% ±0  (n=6, avg 4.5 turns)  [m1:100%(2) m3:100%(2) m4:100%(2)]
  arena 12:   60% ±22  (n=5, avg 5.8 turns)  [m4:0%(1) m5:100%(1) m6:67%(3)]
  arena 19:   50% ±25  (n=4, avg 5.0 turns)  [m1:100%(2) m4:0%(2)]
  arena 20:  100% ±0  (n=3, avg 3.3 turns)  [m2:100%(2) m3:100%(1)]
  arena 30:  100% ±0  (n=4, avg 6.0 turns)  [m1:100%(2) m3:100%(1) m4:100%(1)]
  arena 31:   75% ±22  (n=4, avg 12.5 turns)  [m2:50%(2) m4:100%(2)]
  arena 32:  100% ±0  (n=5, avg 6.8 turns)  [m2:100%(2) m3:100%(3)]
  procedural:   83% ±11  (n=12, avg 5.3 turns)  [m1:100%(2) m3:67%(3) m4:100%(3) m5:100%(2) m6:50%(2)]

DEPLOYMENT GEOMETRY (opening shape; choices/ARMED is the wave's real gate):
  FRONTAL   :   83%  (n=30, avg 6.0 turns)  choices/turn 3.54  choices/ARMED 1.56  los-targets/ARMED 2.59
  PINCER    :   84% ±7  (n=25, avg 5.4 turns)  choices/turn 2.30  choices/ARMED 1.61  los-targets/ARMED 2.29
  CROSSFIRE :   75% ±15  (n=8, avg 5.4 turns)  choices/turn 2.17  choices/ARMED 1.37  los-targets/ARMED 2.60
  ENVELOP   :   85% ±10  (n=13, avg 4.7 turns)  choices/turn 1.77  choices/ARMED 1.27  los-targets/ARMED 1.82

ARENA FUNNEL (Mission.Build exits, n=91 builds, all modes):
  authored-applied    :  83.5%  (n=76)
  connectivity-reject :   0.0%  (n=0)
  procedural-roll     :  16.5%  (n=15)

DECK EXPOSURE (campaign runs n=20):
  distinct authored arenas/run : 3.20 mean (all runs)
  ... full-depth runs only     : 4.29 mean over 5.1 fights/run (n=7)
  Defend dealt on the route    :   70% of runs (n=14)

ACTION MIX (verbs issued, by policy):
  verb                  greedy        sloppy
  MOVE               528   40%     621   42%
  SHOOT              361   27%     366   24%
  HUNKER              84    6%     139    9%
  BRACE               46    3%      54    4%
  RELOAD              45    3%      45    3%
  OVERWATCH           62    5%      20    1%
  INTEL               33    2%      40    3%
  FOCUS               18    1%      47    3%
  STABILIZE           27    2%      35    2%
  SLIPSTREAM          25    2%      23    2%
  MARK                19    1%      22    1%
  ITEM:SMOKE          16    1%      20    1%
  PIN                 18    1%      16    1%
  PATCH               11    1%       4    0%
  REARM                7    1%       6    0%
  GRENADE              4    0%       7    0%
  GRAPPLE              6    0%       4    0%
  PLANT                3    0%       7    0%
  EXTRACT              5    0%       4    0%
  BEACON               3    0%       5    0%
  HACK                 2    0%       5    0%
  BARREL               2    0%       3    0%
  DRAG                 3    0%       2    0%
  ITEM:FLASH           0    0%       1    0%

PLAYER CLASS PERFORMANCE:
  class        shots   hit%   dmg   kills
  GUNNER         224    84%   1035     72
  ASSAULT        194    84%   1000     59
  SHARPSHOOTER    157    92%    850     59
  RANGER         130    84%    638     34
  CORPSMAN        64    70%    206     15

SOLDIER DEATHS BY ENEMY CLASS (threat ranking):
  STRIKE     : 13
  ELITE      : 7
  BURN       : 7
  GRUNT      : 7
  BERSERKER  : 7
  HUNTER     : 7
  SNIPER     : 6
  MORTAR     : 5
  SCOUT      : 5
  SCREENER   : 5
  DRONE      : 4
  SHIELD     : 3
  BRUISER    : 2
  STRIKER    : 2
  WARBRINGER : 2
  SAPPER     : 2
  PIKEMAN    : 1
  LANCER     : 1
  TURRET     : 1

SOLDIER DOWNS (FUL-7 bleed-out): 205 downs -> revived 7 / recovered 44 / bled out 132 / finished 22  (save-rate   25%)
  corpsman fielded in 19 missions

ENEMY COMPOSITION (spawns; faction-stamped fights n=491 / default-cascade fights n=214):
  class        faction         default
  SCOUT           32    7%       74   35%
  GRUNT           34    7%       35   16%
  DRONE           46    9%       10    5%
  SAPPER          31    6%        9    4%
  SNIPER          29    6%       11    5%
  BERSERKER       35    7%        5    2%
  ELITE           31    6%        8    4%
  SHIELD          27    5%       11    5%
  MORTAR          24    5%       10    5%
  HUNTER          28    6%        6    3%
  MEDIC           22    4%        7    3%
  LANCER          20    4%        5    2%
  SCREENER        16    3%        7    3%
  STRIKER         18    4%        5    2%
  SPOTTER         19    4%        3    1%
  BRUISER         19    4%        3    1%
  TURRET          14    3%        2    1%
  PIKEMAN         11    2%        1    0%
  HOUND           12    2%        0    0%
  CUSTODIAN       10    2%        0    0%
  WARBRINGER       7    1%        1    0%
  BOMBARD          6    1%        1    0%

PERK PICK FREQUENCY:
  GUN           : 17
  LCK           : 17
  MOM           : 14
  PLT           : 13
  FST           : 12
  SKR           : 11
  CQB           : 9
  EXC           : 9
  OUT           : 8
  RFX           : 8
  BND           : 8
  MRK           : 8
  TNK           : 7
  VNT           : 6
  HRD           : 6
  GRD           : 4
  SGE           : 4
  BRK           : 4
  CLH           : 4

SHOP PURCHASE FREQUENCY:
  FIELD MEDKIT      : 51
  WPN: HOLLOW POINT : 43
  WPN: STABILIZER   : 23
  WPN: SCOPE        : 20
  WPN: BIPOD        : 18
  WPN: EXTENDED MAG : 17
  COMBAT STIMS      : 16
  COUNTER-PREP      : 16
  ARMORY            : 13
  BALLISTIC PLATING : 12
  ADV. TRAINING     : 10
  FRAG CACHE        : 10
  WPN: SUPPRESSOR   : 3

BOON PICK FREQUENCY (PROCS = effect fires at instrumented sites; '-' = not instrumented;
                      PYR counts the +2-turn-burn half only — the Burning-immunity half is uninstrumented):
  code                 picks   PROCS
  FST               :     7     126
  RCL               :     7       2
  FVR               :     5       -
  FDR               :     4       0
  GHO               :     4       -
  MRK               :     4       -
  ADR               :     3       -
  EXE               :     3       -
  GRN               :     3       -
  PYR               :     3       2
  SCV               :     3       -
  SHK               :     3       7
  FRT               :     2       -
  RPD               :     2       -
  TRR               :     2       6
  VNM               :     1       -

RUN WIN-RATE BY BOON (campaign runs holding it):
  FST               :   57% ±19  (in 7 runs)
  RCL               :   29% ±17  (in 7 runs)
  FVR               :   60% ±22  (in 5 runs)
  FDR               :   25% ±22  (in 4 runs)
  GHO               :   50% ±25  (in 4 runs)
  MRK               :   50% ±25  (in 4 runs)
  ADR               :   33% ±27  (in 3 runs)
  EXE               :   67% ±27  (in 3 runs)
  GRN               :   33% ±27  (in 3 runs)
  PYR               :   33% ±27  (in 3 runs)
  SCV               :  100% ±0  (in 3 runs)
  SHK               :  100% ±0  (in 3 runs)
  FRT               :   50% ±35  (in 2 runs)
  RPD               :   50% ±35  (in 2 runs)
  TRR               :   50% ±35  (in 2 runs)
  VNM               :  100% ±0  (in 1 runs)

RUN WIN-RATE BY SPEC (campaign runs fielding it):
  ADN               :   60% ±22  (in 5 runs)
  ANC               :   60% ±22  (in 5 runs)
  BRC               :   50% ±25  (in 4 runs)
  HHT               :   67% ±27  (in 3 runs)
  JUG               :   67% ±27  (in 3 runs)
  SNT               :   67% ±27  (in 3 runs)
  PHN               :  100% ±0  (in 2 runs)
  MED               :  100% ±0  (in 1 runs)
  PTH               :  100% ±0  (in 1 runs)

RUN WIN-RATE BY PERK (campaign runs holding it):
  GUN               :   45% ±15  (in 11 runs)
  LCK               :   45% ±15  (in 11 runs)
  PLT               :   50% ±16  (in 10 runs)
  EXC               :   44% ±17  (in 9 runs)
  SKR               :   67% ±16  (in 9 runs)
  OUT               :   63% ±17  (in 8 runs)
  CQB               :   43% ±19  (in 7 runs)
  FST               :   57% ±19  (in 7 runs)
  MOM               :   57% ±19  (in 7 runs)
  RFX               :   57% ±19  (in 7 runs)
  BND               :   50% ±20  (in 6 runs)
  HRD               :   67% ±19  (in 6 runs)
  MRK               :   33% ±19  (in 6 runs)
  TNK               :   50% ±20  (in 6 runs)
  BRK               :   50% ±25  (in 4 runs)
  CLH               :   50% ±25  (in 4 runs)
  VNT               :   50% ±25  (in 4 runs)
  GRD               :   67% ±27  (in 3 runs)
  SGE               :   67% ±27  (in 3 runs)

RUN WIN-RATE BY PURCHASE (campaign runs buying it):
  FIELD MEDKIT      :   38% ±12  (in 16 runs)
  WPN: HOLLOW POINT :   40% ±13  (in 15 runs)
  WPN: STABILIZER   :   58% ±14  (in 12 runs)
  COUNTER-PREP      :   40% ±15  (in 10 runs)
  WPN: BIPOD        :   40% ±15  (in 10 runs)
  BALLISTIC PLATING :   56% ±17  (in 9 runs)
  COMBAT STIMS      :   67% ±16  (in 9 runs)
  WPN: SCOPE        :   44% ±17  (in 9 runs)
  ADV. TRAINING     :   63% ±17  (in 8 runs)
  ARMORY            :   50% ±18  (in 8 runs)
  FRAG CACHE        :   63% ±17  (in 8 runs)
  WPN: EXTENDED MAG :   57% ±19  (in 7 runs)
  WPN: SUPPRESSOR   :   67% ±27  (in 3 runs)

RUN WIN-RATE BY EVENT-CHOICE (campaign runs taking id:arm):
  depot:1           :    0% ±0  (in 2 runs)
  drill:1           :    0% ±0  (in 2 runs)
  fieldhospital:2   :   50% ±35  (in 2 runs)
  informant:1       :   50% ±35  (in 2 runs)
  medic:1           :   50% ±35  (in 2 runs)
  profiteer:1       :   50% ±35  (in 2 runs)
  relic:1           :   50% ±35  (in 2 runs)
  warpension:2      :    0% ±0  (in 2 runs)
  reservecall:0     :  100% ±0  (in 1 runs)
═══════════════════════════════════════════════════════════════════════

batch wall-time: 396.0s  (20 matches across 10 campaigns × 2 policy, frame-cap hits: 0)
aggregate JSON -> /home/user/wt/x3/docs/measurements/x3/S1-h2-b20.json
INFO: TEXTURE: [ID 2] Unloaded texture data from VRAM (GPU)
INFO: SHADER: [ID 3] Default shader unloaded successfully
INFO: TEXTURE: [ID 1] Default texture unloaded successfully
INFO: Window closed successfully
