INFO: Initializing raylib 6.0
INFO: Platform backend: DESKTOP (GLFW)
INFO: Supported raylib modules:
INFO:     > rcore:..... loaded (mandatory)
INFO:     > rlgl:...... loaded (mandatory)
INFO:     > rshapes:... loaded (optional)
INFO:     > rtextures:. loaded (optional)
INFO:     > rtext:..... loaded (optional)
INFO:     > rmodels:... loaded (optional)
INFO:     > raudio:.... loaded (optional)
INFO: DISPLAY: Trying to enable MSAA x4
INFO: DISPLAY: Device initialized successfully 
INFO:     > Display size: 1280 x 800
INFO:     > Screen size:  1280 x 800
INFO:     > Render size:  1280 x 800
INFO:     > Viewport offsets: 0, 0
INFO: GLAD: OpenGL extensions loaded successfully
INFO: GL: Supported extensions count: 229
INFO: GL: OpenGL device information:
INFO:     > Vendor:   Mesa
INFO:     > Renderer: llvmpipe (LLVM 20.1.2, 256 bits)
INFO:     > Version:  4.5 (Core Profile) Mesa 25.2.8-0ubuntu0.24.04.2
INFO:     > GLSL:     4.50
INFO: GL: VAO extension detected, VAO functions loaded successfully
INFO: GL: NPOT textures extension detected, full NPOT textures supported
INFO: GL: DXT compressed textures supported
INFO: GL: ETC2/EAC compressed textures supported
INFO: PLATFORM: DESKTOP (GLFW - X11): Initialized successfully
INFO: TEXTURE: [ID 1] Texture loaded successfully (1x1 | R8G8B8A8 | 1 mipmaps)
INFO: TEXTURE: [ID 1] Default texture loaded successfully
INFO: SHADER: [ID 1] Vertex shader compiled successfully
INFO: SHADER: [ID 2] Fragment shader compiled successfully
INFO: SHADER: [ID 3] Program shader loaded successfully
INFO: SHADER: [ID 3] Default shader loaded successfully
INFO: RLGL: Render batch vertex buffers loaded successfully in RAM (CPU)
INFO: RLGL: Render batch vertex buffers loaded successfully in VRAM (GPU)
INFO: RLGL: Default OpenGL state initialized successfully
INFO: TEXTURE: [ID 2] Texture loaded successfully (128x128 | GRAY_ALPHA | 1 mipmaps)
INFO: FONT: Default font loaded successfully (224 glyphs)
INFO: SYSTEM: Working Directory: /home/user/wt/x3
INFO: TIMER: Target time per frame: 0.000 milliseconds
FINALE-KIT: Syndicate
WAVE: +2 (SPOTTER,SHIELD) [rich]
WAVE: +2 (SHIELD,DRONE) [rich]
WAVE: +2 (GRUNT,GRUNT) [rich]
FINALE-KIT: Syndicate
WAVE: +2 (SHIELD,GRUNT) [rich]
WAVE: +2 (GRUNT,DRONE) [rich]
WAVE: +2 (GRUNT,SHIELD) [rich]
FINALE-KIT: Wardens
WAVE: +3 (SNIPER,SNIPER,GRUNT) [rich]
WAVE: +1 (GRUNT) [rich]
WAVE: +3 (GRUNT,SNIPER,SCREENER) [rich]
WAVE: +1 (GRUNT) [rich]
FINALE-KIT: Wardens
WAVE: +3 (SNIPER,SCREENER,GRUNT) [rich]
WAVE: +1 (GRUNT) [rich]
WAVE: +3 (MORTAR,SNIPER,GRUNT) [rich]
WAVE: +2 (GRUNT,MORTAR) [rich]
WAVE: +3 (GRUNT,GRUNT,GRUNT) [rich]
REINFORCEMENTS: +2 (GRUNT,SCOUT)
FINALE-KIT: Wardens
WAVE: +3 (SNIPER,MEDIC,GRUNT) [rich]
WAVE: +3 (SNIPER,MORTAR,SNIPER) [rich]
WAVE: +3 (CUSTODIAN,SCOUT,MEDIC) [rich]
REINFORCEMENTS: +2 (SCOUT,SCOUT)
REINFORCEMENTS: +2 (SCOUT,GRUNT)
REINFORCEMENTS: +3 (GRUNT,GRUNT,GRUNT)
match 5/20  (W:2 L:3 cap:1)  108.0s
FINALE-KIT: Wardens
WAVE: +3 (CUSTODIAN,SNIPER,SNIPER) [rich]
WAVE: +3 (GRUNT,PIKEMAN,MORTAR) [rich]
WAVE: +3 (PIKEMAN,GRUNT,PIKEMAN) [rich]
REINFORCEMENTS: +2 (SCOUT,GRUNT)
REINFORCEMENTS: +2 (GRUNT,GRUNT)
REINFORCEMENTS: +2 (GRUNT,SCOUT)
REINFORCEMENTS: +2 (SCOUT,SCOUT)
FINALE-KIT: Legion
WAVE: +3 (CUSTODIAN,CUSTODIAN,GRUNT) [rich]
WAVE: +3 (SHIELD,DRONE,DRONE) [rich]
WAVE: +1 (DRONE) [rich]
REINFORCEMENTS: +2 (SCOUT,GRUNT)
REINFORCEMENTS: +2 (GRUNT,GRUNT)
REINFORCEMENTS: +3 (SCOUT,GRUNT,SCOUT)
FINALE-KIT: Legion
WAVE: +3 (DRONE,SCREENER,SPOTTER) [rich]
WAVE: +3 (SCREENER,SAPPER,SCREENER) [rich]
WAVE: +2 (DRONE,DRONE) [rich]
FINALE-KIT: Legion
WAVE: +3 (CUSTODIAN,SCREENER,MORTAR) [rich]
WAVE: +3 (MORTAR,GRUNT,MEDIC) [rich]
WAVE: +3 (MEDIC,MEDIC,SCREENER) [rich]
FINALE-KIT: Legion
WAVE: +3 (MORTAR,SCOUT,SNIPER) [rich]
WAVE: +3 (SCREENER,CUSTODIAN,SNIPER) [rich]
WAVE: +1 (PIKEMAN) [rich]
match 10/20  (W:2 L:8 cap:1)  233.6s
FINALE-KIT: Legion
WAVE: +2 (BRUISER,STRIKER) [rich]
WAVE: +2 (WARBRINGER,BERSERKER) [rich]
WAVE: +2 (BERSERKER,BERSERKER) [rich]
WAVE: +2 (HOUND,STRIKER) [rich]
FINALE-KIT: Legion
WAVE: +2 (BERSERKER,BRUISER) [rich]
WAVE: +2 (BRUISER,STRIKER) [rich]
WAVE: +2 (BERSERKER,LANCER) [rich]
WAVE: +2 (HOUND,HUNTER) [rich]
WAVE: +2 (GRUNT,HUNTER) [rich]
FINALE-KIT: Wardens
WAVE: +2 (DRONE,DRONE) [rich]
WAVE: +2 (DRONE,SAPPER) [rich]
WAVE: +2 (SAPPER,SAPPER) [rich]
REINFORCEMENTS: +2 (SCOUT,GRUNT)
REINFORCEMENTS: +2 (GRUNT,GRUNT)
REINFORCEMENTS: +2 (GRUNT,GRUNT)
REINFORCEMENTS: +2 (GRUNT,GRUNT)
FINALE-KIT: Wardens
WAVE: +2 (SAPPER,GRUNT) [rich]
WAVE: +2 (GRUNT,SHIELD) [rich]
WAVE: +2 (GRUNT,SHIELD) [rich]
REINFORCEMENTS: +2 (GRUNT,SCOUT)
REINFORCEMENTS: +2 (GRUNT,GRUNT)
REINFORCEMENTS: +3 (GRUNT,GRUNT,GRUNT)
REINFORCEMENTS: +2 (SCOUT,GRUNT)
FINALE-KIT: Wardens
match 15/20  (W:3 L:12 cap:1)  309.1s
FINALE-KIT: Wardens
REINFORCEMENTS: +2 (SCOUT,GRUNT)
REINFORCEMENTS: +2 (SCOUT,SCOUT)
FINALE-KIT: Wardens
WAVE: +3 (GRUNT,SNIPER,GRUNT) [rich]
WAVE: +1 (MEDIC) [rich]
REINFORCEMENTS: +2 (SCOUT,GRUNT)
FINALE-KIT: Wardens
WAVE: +3 (MEDIC,MEDIC,SNIPER) [rich]
WAVE: +1 (SNIPER) [rich]
WAVE: +3 (MORTAR,MEDIC,GRUNT) [rich]
WAVE: +3 (GRUNT,MORTAR,GRUNT) [rich]
FINALE-KIT: Legion
WAVE: +2 (MORTAR,MEDIC) [rich]
WAVE: +2 (PIKEMAN,SCREENER) [rich]
WAVE: +2 (SCREENER,MEDIC) [rich]
WAVE: +2 (GRUNT,SCOUT) [rich]
WAVE: +2 (SCREENER,GRUNT) [rich]
FINALE-KIT: Legion
WAVE: +2 (MORTAR,SNIPER) [rich]
WAVE: +2 (SCREENER,MEDIC) [rich]
WAVE: +2 (SNIPER,MORTAR) [rich]
match 20/20  (W:3 L:17 cap:1)  393.7s

══════════════════════ SIGHTLINE BALANCE REPORT ══════════════════════
runs=20  missions=72

RUN OUTCOMES (campaign):  win-rate   15%   avg missions cleared 4.0

POLICY GAP (optimal vs human-error; campaign runs only):
  greedy win-rate   20%  (n=10)
  sloppy win-rate   10%  (n=10)
  GAP   10 pts  (healthy slack)
  PAIRED (same-seed slots): pairs=10  concordant=9  discordant greedy-only-won=1 / sloppy-only-won=0  paired gap   10 pts
  PER-SLOT RECORDS (greedy | sloppy: outcome + missions cleared; margin = g−s):
    slot   0 @h4: W 6 | W 6   margin +0
    slot   1 @h4: L 3 | L 5   margin -2
    slot   2 @h4: L 5 | L 4   margin +1
    slot   3 @h4: L 5 | L 5   margin +0
    slot   4 @h4: L 4 | L 4   margin +0
    slot   5 @h4: L 2 | L 2   margin +0
    slot   6 @h4: L 3 | L 3   margin +0
    slot   7 @h4: W 6 | L 0   margin +6
    slot   8 @h4: L 5 | L 3   margin +2
    slot   9 @h4: L 3 | L 5   margin -2
  PAIRED MARGIN (missions cleared, all pairs): +0.50 ±0.72 SE  (n=10 pairs)
  by objective (greedy / sloppy / gap):
    Decapitate :   60% /   20% / gap   40
    Defend     :   78% /   78% / gap    0
    Eliminate  :   91% /   82% / gap    9
    Escort     :  100% /  100% / gap    0
    Evac       :  100% /  100% / gap    0
    Hack       :   50% /   67% / gap  -17
    Sabotage   :  100% /  100% / gap    0

DECISION RICHNESS / SWING:
  meaningful-choices/turn 3.16   lead-swings/match 0.6   avg max-swing 51.3
  [shot-gate] acting-soldiers/turn 3.37   armed-soldiers/turn 1.51   armed-fraction 45%   turns-with-a-shot 62%   choices/ARMED-soldier-turn 2.09
  [choice-split] los-targets/ARMED 3.08   target-choices/ARMED 0.79   position-choices/ARMED 1.30

RUN COMPLETION BY HEAT (full-campaign clears):
  heat 4:   15% ±8  (n=20 runs, avg 4.0 missions)

INTEL ECONOMY BY HEAT (campaign runs; heat-bonus = the Heat.IntelBonus share of income):
  heat 4: earned  171.8/run   heat-bonus  53.0 (  31% of income)   spent  154.9   unspent   17.0

MISSION WIN-RATE BY HEAT:
  heat 4:   78%  (n=72, avg 5.5 turns)

MISSION WIN-RATE BY OBJECTIVE:
  Eliminate  :   86% ±7  (n=22, avg 4.0 turns)
  Defend     :   78% ±10  (n=18, avg 8.7 turns)
  Decapitate :   40% ±15  (n=10, avg 5.3 turns)
  Escort     :  100% ±0  (n=8, avg 5.9 turns)
  Hack       :   57% ±19  (n=7, avg 4.4 turns)
  Evac       :  100% ±0  (n=3, avg 2.0 turns)
  Sabotage   :  100% ±0  (n=2, avg 3.5 turns)
  Rescue     :  100% ±0  (n=2, avg 4.0 turns)

MISSION WIN-RATE BY MISSION #:
  m1:   95% ±5  (n=20)
  m2:  100% ±0  (n=6)
  m3:   86% ±9  (n=14)
  m4:   67% ±12  (n=15)
  m5:   67% ±16  (n=9)
  m6:   38% ±17  (n=8)

LOSS CAUSES (missions):
  RUN OVER              : 16

MISSION WIN-RATE BY ARENA (authored layouts, n>=3; procedural fallback   18% of 72 missions):
  arena  4:   50% ±25  (n=4, avg 5.8 turns)  [m1:100%(2) m3:0%(2)]
  arena  7:    0% ±0  (n=3, avg 7.0 turns)  [m4:0%(1) m5:0%(2)]
  arena 11:  100% ±0  (n=4, avg 9.0 turns)  [m4:100%(4)]
  arena 14:   88% ±12  (n=8, avg 3.5 turns)  [m1:83%(6) m6:100%(2)]
  arena 16:   67% ±27  (n=3, avg 4.7 turns)  [m5:100%(2) m6:0%(1)]
  arena 27:   33% ±27  (n=3, avg 7.3 turns)  [m4:0%(1) m5:50%(2)]
  arena 31:  100% ±0  (n=4, avg 3.5 turns)  [m1:100%(2) m3:100%(2)]
  arena 33:   88% ±12  (n=8, avg 6.9 turns)  [m1:100%(2) m2:100%(2) m3:100%(1) m4:100%(2) m6:0%(1)]
  procedural:   85% ±10  (n=13, avg 5.9 turns)  [m1:100%(2) m2:100%(2) m3:100%(3) m4:75%(4) m5:100%(1) m6:0%(1)]

DEPLOYMENT GEOMETRY (opening shape; choices/ARMED is the wave's real gate):
  FRONTAL   :   89% ±6  (n=28, avg 4.3 turns)  choices/turn 3.43  choices/ARMED 1.89  los-targets/ARMED 2.88
  PINCER    :   65%  (n=31, avg 6.5 turns)  choices/turn 3.54  choices/ARMED 2.44  los-targets/ARMED 3.45
  CROSSFIRE :   86% ±13  (n=7, avg 5.6 turns)  choices/turn 1.94  choices/ARMED 1.59  los-targets/ARMED 2.86
  ENVELOP   :   83% ±15  (n=6, avg 6.0 turns)  choices/turn 1.42  choices/ARMED 1.27  los-targets/ARMED 1.86

ARENA FUNNEL (Mission.Build exits, n=90 builds, all modes):
  authored-applied    :  84.4%  (n=76)
  connectivity-reject :   0.0%  (n=0)
  procedural-roll     :  15.6%  (n=14)

DECK EXPOSURE (campaign runs n=20):
  distinct authored arenas/run : 2.95 mean (all runs)
  ... full-depth runs only     : 4.33 mean over 4.7 fights/run (n=3)
  Defend dealt on the route    :   90% of runs (n=18)

ACTION MIX (verbs issued, by policy):
  verb                  greedy        sloppy
  MOVE               631   45%     506   42%
  SHOOT              298   21%     310   26%
  HUNKER             121    9%      69    6%
  BRACE               59    4%      52    4%
  FOCUS               53    4%      27    2%
  OVERWATCH           46    3%      28    2%
  INTEL               34    2%      36    3%
  RELOAD              34    2%      28    2%
  STABILIZE           27    2%      28    2%
  SLIPSTREAM          25    2%      24    2%
  ITEM:SMOKE          19    1%      13    1%
  MARK                16    1%      13    1%
  PIN                 10    1%      14    1%
  GRAPPLE              7    0%       8    1%
  HACK                 7    0%       6    1%
  PATCH                3    0%       9    1%
  BEACON               6    0%       5    0%
  REARM                6    0%       5    0%
  GRENADE              5    0%       5    0%
  BARREL               2    0%       4    0%
  PLANT                3    0%       3    0%
  EXTRACT              2    0%       4    0%
  ITEM:INCENDIARY       1    0%       2    0%
  DRAG                 1    0%       0    0%
  ITEM:BARRICADE       0    0%       1    0%

PLAYER CLASS PERFORMANCE:
  class        shots   hit%   dmg   kills
  ASSAULT        142    84%    775     54
  GUNNER         123    84%    633     47
  RANGER         115    88%    619     39
  SHARPSHOOTER     98    93%    575     33
  CORPSMAN        58    84%    174      2

SOLDIER DEATHS BY ENEMY CLASS (threat ranking):
  SNIPER     : 20
  STRIKE     : 12
  BERSERKER  : 11
  TURRET     : 9
  GRUNT      : 9
  DRONE      : 7
  LANCER     : 7
  ELITE      : 6
  SCOUT      : 5
  SHIELD     : 4
  MORTAR     : 4
  STRIKER    : 4
  PIKEMAN    : 3
  MEDIC      : 2
  BURN       : 2
  HOUND      : 2
  HUNTER     : 2
  WARBRINGER : 1
  SPOTTER    : 1
  BARREL     : 1
  BRUISER    : 1
  SCREENER   : 1
  SAPPER     : 1

SOLDIER DOWNS (FUL-7 bleed-out): 228 downs -> revived 6 / recovered 29 / bled out 168 / finished 24  (save-rate   16%)
  corpsman fielded in 34 missions

ENEMY COMPOSITION (spawns; faction-stamped fights n=592 / default-cascade fights n=240):
  class        faction         default
  GRUNT           71   12%       65   27%
  SNIPER          57   10%       15    6%
  SCOUT           16    3%       50   21%
  SCREENER        57   10%        6    3%
  DRONE           37    6%        9    4%
  MEDIC           44    7%        2    1%
  ELITE           33    6%       11    5%
  SHIELD          37    6%        0    0%
  LANCER          22    4%       13    5%
  TURRET          14    2%       17    7%
  MORTAR          28    5%        3    1%
  SAPPER          28    5%        2    1%
  BERSERKER       18    3%       11    5%
  HUNTER          28    5%        0    0%
  STRIKER         10    2%       12    5%
  PIKEMAN         16    3%        6    3%
  CUSTODIAN       21    4%        0    0%
  SPOTTER         16    3%        3    1%
  BRUISER         19    3%        0    0%
  HOUND            3    1%       11    5%
  WARBRINGER      10    2%        3    1%
  BOMBARD          7    1%        1    0%

PERK PICK FREQUENCY:
  SKR           : 12
  LCK           : 11
  OUT           : 10
  MOM           : 10
  GUN           : 9
  BND           : 8
  EXC           : 8
  CQB           : 8
  GRD           : 7
  TNK           : 7
  MRK           : 6
  FST           : 6
  PLT           : 6
  HRD           : 6
  RFX           : 6
  CLH           : 5
  SGE           : 3
  VNT           : 3
  BRK           : 3

SHOP PURCHASE FREQUENCY:
  WPN: HOLLOW POINT : 48
  FIELD MEDKIT      : 45
  COMBAT STIMS      : 42
  WPN: SCOPE        : 41
  WPN: STABILIZER   : 26
  BALLISTIC PLATING : 26
  COUNTER-PREP      : 13
  ADV. TRAINING     : 12
  FRAG CACHE        : 12
  ARMORY            : 11
  WPN: SUPPRESSOR   : 7
  WPN: BIPOD        : 6
  WPN: EXTENDED MAG : 6

BOON PICK FREQUENCY (PROCS = effect fires at instrumented sites; '-' = not instrumented;
                      PYR counts the +2-turn-burn half only — the Burning-immunity half is uninstrumented):
  code                 picks   PROCS
  FST               :     7     102
  EXE               :     6       -
  ADR               :     5       -
  FDR               :     5       0
  GRN               :     4       -
  RPD               :     4       -
  VNM               :     4       -
  FRT               :     3       -
  FVR               :     3       -
  RCL               :     3       0
  SCV               :     3       -
  GHO               :     2       -
  MRK               :     1       -
  PYR               :     1       1
  SHK               :     1       0
  TRR               :     1       2

RUN WIN-RATE BY BOON (campaign runs holding it):
  FST               :   14% ±13  (in 7 runs)
  EXE               :    0% ±0  (in 6 runs)
  ADR               :   20% ±18  (in 5 runs)
  FDR               :   40% ±22  (in 5 runs)
  GRN               :    0% ±0  (in 4 runs)
  RPD               :    0% ±0  (in 4 runs)
  VNM               :   50% ±25  (in 4 runs)
  FRT               :   67% ±27  (in 3 runs)
  FVR               :    0% ±0  (in 3 runs)
  RCL               :    0% ±0  (in 3 runs)
  SCV               :   33% ±27  (in 3 runs)
  GHO               :   50% ±35  (in 2 runs)
  MRK               :  100% ±0  (in 1 runs)
  PYR               :    0% ±0  (in 1 runs)
  SHK               :    0% ±0  (in 1 runs)
  TRR               :    0% ±0  (in 1 runs)

RUN WIN-RATE BY SPEC (campaign runs fielding it):
  ANC               :   25% ±22  (in 4 runs)
  HHT               :    0% ±0  (in 3 runs)
  JUG               :   50% ±35  (in 2 runs)
  PHN               :    0% ±0  (in 2 runs)
  PTH               :    0% ±0  (in 2 runs)
  ADN               :    0% ±0  (in 1 runs)
  BRC               :    0% ±0  (in 1 runs)
  SNT               :    0% ±0  (in 1 runs)

RUN WIN-RATE BY PERK (campaign runs holding it):
  SKR               :   10% ±9  (in 10 runs)
  MOM               :   22% ±14  (in 9 runs)
  OUT               :   11% ±10  (in 9 runs)
  BND               :   38% ±17  (in 8 runs)
  LCK               :   25% ±15  (in 8 runs)
  EXC               :   29% ±17  (in 7 runs)
  GRD               :   29% ±17  (in 7 runs)
  GUN               :   14% ±13  (in 7 runs)
  CQB               :   33% ±19  (in 6 runs)
  FST               :    0% ±0  (in 6 runs)
  HRD               :   17% ±15  (in 6 runs)
  MRK               :   17% ±15  (in 6 runs)
  PLT               :   17% ±15  (in 6 runs)
  CLH               :    0% ±0  (in 5 runs)
  TNK               :    0% ±0  (in 5 runs)
  RFX               :    0% ±0  (in 4 runs)
  BRK               :    0% ±0  (in 3 runs)
  SGE               :    0% ±0  (in 3 runs)
  VNT               :    0% ±0  (in 2 runs)

RUN WIN-RATE BY PURCHASE (campaign runs buying it):
  FIELD MEDKIT      :   19% ±10  (in 16 runs)
  COMBAT STIMS      :   21% ±11  (in 14 runs)
  WPN: HOLLOW POINT :   21% ±11  (in 14 runs)
  WPN: SCOPE        :   27% ±13  (in 11 runs)
  BALLISTIC PLATING :   30% ±14  (in 10 runs)
  ARMORY            :   22% ±14  (in 9 runs)
  COUNTER-PREP      :   11% ±10  (in 9 runs)
  WPN: STABILIZER   :   22% ±14  (in 9 runs)
  ADV. TRAINING     :   29% ±17  (in 7 runs)
  FRAG CACHE        :   14% ±13  (in 7 runs)
  WPN: EXTENDED MAG :    0% ±0  (in 6 runs)
  WPN: BIPOD        :   20% ±18  (in 5 runs)
  WPN: SUPPRESSOR   :    0% ±0  (in 4 runs)

RUN WIN-RATE BY EVENT-CHOICE (campaign runs taking id:arm):
  warchest:1        :   50% ±25  (in 4 runs)
  warpension:1      :    0% ±0  (in 4 runs)
  cache:1           :    0% ±0  (in 2 runs)
  defector:1        :    0% ±0  (in 2 runs)
  depot:0           :    0% ±0  (in 2 runs)
  depot:1           :    0% ±0  (in 2 runs)
  fieldhospital:2   :    0% ±0  (in 2 runs)
  grave:1           :    0% ±0  (in 2 runs)
  bloodfeud:0       :    0% ±0  (in 1 runs)
  defector:0        :  100% ±0  (in 1 runs)
  drill:0           :  100% ±0  (in 1 runs)
═══════════════════════════════════════════════════════════════════════

batch wall-time: 393.7s  (20 matches across 10 campaigns × 2 policy, frame-cap hits: 1)
aggregate JSON -> /home/user/wt/x3/docs/measurements/x3/S1-h4-b0.json
INFO: TEXTURE: [ID 2] Unloaded texture data from VRAM (GPU)
INFO: SHADER: [ID 3] Default shader unloaded successfully
INFO: TEXTURE: [ID 1] Default texture unloaded successfully
INFO: Window closed successfully
