INFO: Initializing raylib 6.0
INFO: Platform backend: DESKTOP (GLFW)
INFO: Supported raylib modules:
INFO:     > rcore:..... loaded (mandatory)
INFO:     > rlgl:...... loaded (mandatory)
INFO:     > rshapes:... loaded (optional)
INFO:     > rtextures:. loaded (optional)
INFO:     > rtext:..... loaded (optional)
INFO:     > rmodels:... loaded (optional)
INFO:     > raudio:.... loaded (optional)
INFO: DISPLAY: Trying to enable MSAA x4
INFO: DISPLAY: Device initialized successfully 
INFO:     > Display size: 1280 x 800
INFO:     > Screen size:  1280 x 800
INFO:     > Render size:  1280 x 800
INFO:     > Viewport offsets: 0, 0
INFO: GLAD: OpenGL extensions loaded successfully
INFO: GL: Supported extensions count: 229
INFO: GL: OpenGL device information:
INFO:     > Vendor:   Mesa
INFO:     > Renderer: llvmpipe (LLVM 20.1.2, 256 bits)
INFO:     > Version:  4.5 (Core Profile) Mesa 25.2.8-0ubuntu0.24.04.2
INFO:     > GLSL:     4.50
INFO: GL: VAO extension detected, VAO functions loaded successfully
INFO: GL: NPOT textures extension detected, full NPOT textures supported
INFO: GL: DXT compressed textures supported
INFO: GL: ETC2/EAC compressed textures supported
INFO: PLATFORM: DESKTOP (GLFW - X11): Initialized successfully
INFO: TEXTURE: [ID 1] Texture loaded successfully (1x1 | R8G8B8A8 | 1 mipmaps)
INFO: TEXTURE: [ID 1] Default texture loaded successfully
INFO: SHADER: [ID 1] Vertex shader compiled successfully
INFO: SHADER: [ID 2] Fragment shader compiled successfully
INFO: SHADER: [ID 3] Program shader loaded successfully
INFO: SHADER: [ID 3] Default shader loaded successfully
INFO: RLGL: Render batch vertex buffers loaded successfully in RAM (CPU)
INFO: RLGL: Render batch vertex buffers loaded successfully in VRAM (GPU)
INFO: RLGL: Default OpenGL state initialized successfully
INFO: TEXTURE: [ID 2] Texture loaded successfully (128x128 | GRAY_ALPHA | 1 mipmaps)
INFO: FONT: Default font loaded successfully (224 glyphs)
INFO: SYSTEM: Working Directory: /home/user/wt/x3
INFO: TIMER: Target time per frame: 0.000 milliseconds
FINALE-KIT: Wardens
WAVE: +2 (SPOTTER,GRUNT) [rich]
WAVE: +2 (DRONE,SAPPER) [rich]
WAVE: +2 (SHIELD,SHIELD) [rich]
FINALE-KIT: Wardens
WAVE: +2 (DRONE,SPOTTER) [rich]
WAVE: +2 (SPOTTER,SAPPER) [rich]
WAVE: +2 (CUSTODIAN,SPOTTER) [rich]
FINALE-KIT: Wardens
WAVE: +2 (SCOUT,PIKEMAN) [rich]
WAVE: +2 (SNIPER,SCOUT) [rich]
WAVE: +2 (SCOUT,SCOUT) [rich]
FINALE-KIT: Wardens
WAVE: +2 (SCOUT,PIKEMAN) [rich]
WAVE: +2 (GRUNT,GRUNT) [rich]
WAVE: +2 (SCOUT,SCOUT) [rich]
REINFORCEMENTS: +2 (GRUNT,GRUNT)
REINFORCEMENTS: +2 (SCOUT,SCOUT)
FINALE-KIT: Syndicate
WAVE: +2 (MEDIC,GRUNT) [rich]
WAVE: +2 (MORTAR,MEDIC) [rich]
WAVE: +2 (SCOUT,MEDIC) [rich]
REINFORCEMENTS: +2 (SCOUT,SCOUT)
REINFORCEMENTS: +2 (GRUNT,GRUNT)
REINFORCEMENTS: +3 (GRUNT,GRUNT,SCOUT)
REINFORCEMENTS: +2 (SCOUT,GRUNT)
match 5/20  (W:3 L:2 cap:0)  89.2s
FINALE-KIT: Syndicate
WAVE: +2 (SNIPER,PIKEMAN) [rich]
WAVE: +2 (SNIPER,GRUNT) [rich]
WAVE: +2 (MEDIC,SNIPER) [rich]
FINALE-KIT: Syndicate
REINFORCEMENTS: +2 (SCOUT,GRUNT)
REINFORCEMENTS: +2 (GRUNT,SCOUT)
REINFORCEMENTS: +2 (GRUNT,GRUNT)
REINFORCEMENTS: +3 (GRUNT,GRUNT,SCOUT)
FINALE-KIT: Syndicate
REINFORCEMENTS: +2 (SCOUT,SCOUT)
REINFORCEMENTS: +2 (GRUNT,GRUNT)
REINFORCEMENTS: +2 (GRUNT,SCOUT)
REINFORCEMENTS: +2 (SCOUT,GRUNT)
FINALE-KIT: Legion
FINALE-KIT: Legion
REINFORCEMENTS: +2 (GRUNT,SCOUT)
REINFORCEMENTS: +2 (SCOUT,GRUNT)
REINFORCEMENTS: +3 (GRUNT,SCOUT,GRUNT)
match 10/20  (W:6 L:4 cap:0)  159.7s
FINALE-KIT: Syndicate
WAVE: +2 (SCREENER,SPOTTER) [rich]
WAVE: +2 (SNIPER,HOUND) [rich]
WAVE: +2 (LANCER,SPOTTER) [rich]
FINALE-KIT: Syndicate
WAVE: +2 (SCREENER,SPOTTER) [rich]
WAVE: +2 (SNIPER,HOUND) [rich]
WAVE: +2 (LANCER,SPOTTER) [rich]
FINALE-KIT: Legion
FINALE-KIT: Legion
FINALE-KIT: Wardens
WAVE: +3 (BERSERKER,HUNTER,HUNTER) [rich]
WAVE: +3 (HOUND,STRIKER,BRUISER) [rich]
WAVE: +3 (BERSERKER,BERSERKER,BRUISER) [rich]
REINFORCEMENTS: +2 (GRUNT,SCOUT)
match 15/20  (W:11 L:4 cap:0)  211.3s
FINALE-KIT: Wardens
WAVE: +3 (BERSERKER,GRUNT,LANCER) [rich]
WAVE: +3 (HUNTER,BERSERKER,BRUISER) [rich]
WAVE: +2 (HUNTER,GRUNT) [rich]
WAVE: +3 (SCOUT,BRUISER,HUNTER) [rich]
WAVE: +3 (HUNTER,BERSERKER,STRIKER) [rich]
WAVE: +3 (HUNTER,HUNTER,BERSERKER) [rich]
REINFORCEMENTS: +2 (GRUNT,SCOUT)
REINFORCEMENTS: +2 (GRUNT,GRUNT)
FINALE-KIT: Syndicate
WAVE: +2 (SHIELD,DRONE) [rich]
WAVE: +2 (DRONE,SHIELD) [rich]
WAVE: +2 (DRONE,CUSTODIAN) [rich]
FINALE-KIT: Syndicate
WAVE: +2 (DRONE,SAPPER) [rich]
WAVE: +2 (SHIELD,DRONE) [rich]
WAVE: +2 (GRUNT,DRONE) [rich]
WAVE: +2 (DRONE,SAPPER) [rich]
WAVE: +2 (SCREENER,SCREENER) [rich]
WAVE: +2 (SAPPER,DRONE) [rich]
FINALE-KIT: Legion
WAVE: +2 (MORTAR,CUSTODIAN) [rich]
WAVE: +2 (SCREENER,SCOUT) [rich]
WAVE: +2 (GRUNT,CUSTODIAN) [rich]
WAVE: +3 (SCREENER,SAPPER,SHIELD) [rich]
WAVE: +3 (SAPPER,DRONE,CUSTODIAN) [rich]
WAVE: +3 (SAPPER,CUSTODIAN,DRONE) [rich]
FINALE-KIT: Legion
WAVE: +2 (SNIPER,GRUNT) [rich]
WAVE: +2 (MEDIC,SCREENER) [rich]
WAVE: +2 (PIKEMAN,GRUNT) [rich]
WAVE: +3 (DRONE,SHIELD,SPOTTER) [rich]
WAVE: +3 (SAPPER,GRUNT,SCREENER) [rich]
WAVE: +3 (SAPPER,SHIELD,SAPPER) [rich]
match 20/20  (W:14 L:6 cap:0)  295.6s

══════════════════════ SIGHTLINE BALANCE REPORT ══════════════════════
runs=20  missions=91

RUN OUTCOMES (campaign):  win-rate   70%   avg missions cleared 5.2

POLICY GAP (optimal vs human-error; campaign runs only):
  greedy win-rate   80%  (n=10)
  sloppy win-rate   60%  (n=10)
  GAP   20 pts  (swingy/unforgiving)
  PAIRED (same-seed slots): pairs=10  concordant=6  discordant greedy-only-won=3 / sloppy-only-won=1  paired gap   20 pts
  PER-SLOT RECORDS (greedy | sloppy: outcome + missions cleared; margin = g−s):
    slot  20 @h-1: W 6 | W 6   margin +0
    slot  21 @h-1: W 6 | L 3   margin +3
    slot  22 @h-1: L 5 | W 6   margin -1
    slot  23 @h-1: L 2 | L 2   margin +0
    slot  24 @h-1: W 6 | W 6   margin +0
    slot  25 @h-1: W 6 | W 6   margin +0
    slot  26 @h-1: W 6 | W 6   margin +0
    slot  27 @h-1: W 6 | L 5   margin +1
    slot  28 @h-1: W 6 | L 2   margin +4
    slot  29 @h-1: W 6 | W 6   margin +0
  PAIRED MARGIN (missions cleared, all pairs): +0.70 ±0.50 SE  (n=10 pairs)
  by objective (greedy / sloppy / gap):
    Decapitate :   85% /   82% / gap    3
    Defend     :  100% /   88% / gap   13
    Eliminate  :  100% /   92% / gap    8
    Escort     :  100% /  100% / gap    0
    Evac       :  100% /  100% / gap    0
    Hack       :  100% /  100% / gap    0
    Rescue     :  100% /  100% / gap    0
    Sabotage   :  100% /  100% / gap    0

DECISION RICHNESS / SWING:
  meaningful-choices/turn 2.33   lead-swings/match 0.5   avg max-swing 34.0
  [shot-gate] acting-soldiers/turn 3.76   armed-soldiers/turn 1.49   armed-fraction 40%   turns-with-a-shot 62%   choices/ARMED-soldier-turn 1.56
  [choice-split] los-targets/ARMED 2.19   target-choices/ARMED 0.29   position-choices/ARMED 1.28

RUN COMPLETION BY HEAT (full-campaign clears):
  heat -1:   70% ±10  (n=20 runs, avg 5.2 missions)

INTEL ECONOMY BY HEAT (campaign runs; heat-bonus = the Heat.IntelBonus share of income):
  heat -1: earned  163.4/run   heat-bonus   0.0 (   0% of income)   spent  147.3   unspent   16.1

MISSION WIN-RATE BY HEAT:
  heat -1:   94%  (n=86, avg 4.2 turns)
  heat 0:   80% ±18  (n=5, avg 6.2 turns)

MISSION WIN-RATE BY OBJECTIVE:
  Eliminate  :   96% ±4  (n=27, avg 2.7 turns)
  Decapitate :   83% ±8  (n=24, avg 4.0 turns)
  Defend     :   94% ±6  (n=16, avg 8.9 turns)
  Rescue     :  100% ±0  (n=8, avg 4.3 turns)
  Hack       :  100% ±0  (n=7, avg 2.9 turns)
  Sabotage   :  100% ±0  (n=4, avg 2.5 turns)
  Escort     :  100% ±0  (n=3, avg 4.0 turns)
  Evac       :  100% ±0  (n=2, avg 2.0 turns)

MISSION WIN-RATE BY MISSION #:
  m1:  100% ±0  (n=20)
  m2:  100% ±0  (n=12)
  m3:   81% ±10  (n=16)
  m4:   94% ±6  (n=17)
  m5:  100% ±0  (n=10)
  m6:   88% ±8  (n=16)

LOSS CAUSES (missions):
  RUN OVER              : 6

MISSION WIN-RATE BY ARENA (authored layouts, n>=3; procedural fallback   23% of 91 missions):
  arena  3:   75% ±22  (n=4, avg 4.5 turns)  [m6:75%(4)]
  arena 10:  100% ±0  (n=4, avg 1.5 turns)  [m1:100%(2) m4:100%(2)]
  arena 13:  100% ±0  (n=5, avg 2.6 turns)  [m2:100%(2) m5:100%(3)]
  arena 19:  100% ±0  (n=4, avg 5.3 turns)  [m1:100%(2) m4:100%(2)]
  arena 20:   50% ±25  (n=4, avg 8.0 turns)  [m2:100%(1) m3:0%(2) m6:100%(1)]
  arena 27:  100% ±0  (n=5, avg 2.6 turns)  [m1:100%(2) m6:100%(3)]
  arena 30:   86% ±13  (n=7, avg 4.9 turns)  [m1:100%(2) m3:100%(2) m4:100%(1) m6:50%(2)]
  arena 31:  100% ±0  (n=3, avg 9.0 turns)  [m2:100%(1) m4:100%(2)]
  arena 32:  100% ±0  (n=7, avg 5.7 turns)  [m2:100%(2) m3:100%(3) m4:100%(2)]
  arena 33:  100% ±0  (n=4, avg 2.3 turns)  [m1:100%(2) m5:100%(2)]
  procedural:   90% ±6  (n=21, avg 4.8 turns)  [m1:100%(4) m2:100%(3) m3:83%(6) m4:50%(2) m5:100%(1) m6:100%(5)]

DEPLOYMENT GEOMETRY (opening shape; choices/ARMED is the wave's real gate):
  FRONTAL   :   89%  (n=37, avg 4.2 turns)  choices/turn 2.90  choices/ARMED 1.56  los-targets/ARMED 2.42
  PINCER    :   93%  (n=30, avg 5.0 turns)  choices/turn 1.79  choices/ARMED 1.47  los-targets/ARMED 1.75
  CROSSFIRE :  100% ±0  (n=8, avg 2.4 turns)  choices/turn 3.28  choices/ARMED 1.69  los-targets/ARMED 2.43
  ENVELOP   :  100% ±0  (n=16, avg 4.3 turns)  choices/turn 1.87  choices/ARMED 1.74  los-targets/ARMED 2.22

ARENA FUNNEL (Mission.Build exits, n=99 builds, all modes):
  authored-applied    :  76.8%  (n=76)
  connectivity-reject :   0.0%  (n=0)
  procedural-roll     :  23.2%  (n=23)

DECK EXPOSURE (campaign runs n=20):
  distinct authored arenas/run : 3.50 mean (all runs)
  ... full-depth runs only     : 3.86 mean over 5.1 fights/run (n=14)
  Defend dealt on the route    :   70% of runs (n=14)

ACTION MIX (verbs issued, by policy):
  verb                  greedy        sloppy
  MOVE               593   44%     540   46%
  SHOOT              327   24%     299   25%
  HUNKER              91    7%      40    3%
  BRACE               54    4%      63    5%
  INTEL               40    3%      38    3%
  FOCUS               41    3%      31    3%
  RELOAD              38    3%      25    2%
  OVERWATCH           42    3%      14    1%
  STABILIZE           22    2%      27    2%
  SLIPSTREAM          20    1%      21    2%
  PIN                 15    1%      13    1%
  MARK                12    1%      14    1%
  ITEM:SMOKE          10    1%      13    1%
  HACK                 9    1%       6    1%
  REARM                8    1%       6    1%
  BEACON               6    0%       6    1%
  PLANT                6    0%       6    1%
  PATCH                5    0%       5    0%
  GRAPPLE              5    0%       3    0%
  BARREL               3    0%       2    0%
  GRENADE              0    0%       3    0%
  EXTRACT              0    0%       2    0%
  DRAG                 1    0%       0    0%
  ITEM:FLASH           0    0%       1    0%
  ITEM:INCENDIARY       0    0%       1    0%

PLAYER CLASS PERFORMANCE:
  class        shots   hit%   dmg   kills
  GUNNER         195    83%    952     62
  ASSAULT        159    87%    880     57
  SHARPSHOOTER    141    91%    789     55
  RANGER         124    92%    673     43
  CORPSMAN        68    79%    206     12

SOLDIER DEATHS BY ENEMY CLASS (threat ranking):
  ELITE      : 7
  BURN       : 5
  SNIPER     : 4
  TURRET     : 4
  SCOUT      : 4
  MORTAR     : 3
  LANCER     : 3
  BRUISER    : 3
  SHIELD     : 3
  DRONE      : 2
  SCREENER   : 2
  HUNTER     : 2
  WARBRINGER : 1
  PIKEMAN    : 1
  BERSERKER  : 1
  STRIKE     : 1
  CUSTODIAN  : 1

SOLDIER DOWNS (FUL-7 bleed-out): 144 downs -> revived 7 / recovered 60 / bled out 60 / finished 17  (save-rate   47%)
  corpsman fielded in 32 missions

ENEMY COMPOSITION (spawns; faction-stamped fights n=461 / default-cascade fights n=150):
  class        faction         default
  SCOUT           39    8%       47   31%
  GRUNT           57   12%       21   14%
  ELITE           39    8%        9    6%
  HUNTER          26    6%        9    6%
  SAPPER          29    6%        5    3%
  BERSERKER       32    7%        2    1%
  MORTAR          31    7%        2    1%
  DRONE           29    6%        0    0%
  TURRET          16    3%       12    8%
  LANCER          21    5%        4    3%
  SHIELD          24    5%        0    0%
  BRUISER         19    4%        3    2%
  SNIPER          15    3%        5    3%
  CUSTODIAN       19    4%        0    0%
  SPOTTER          8    2%        9    6%
  MEDIC           14    3%        3    2%
  SCREENER        15    3%        2    1%
  STRIKER         12    3%        3    2%
  HOUND            1    0%       12    8%
  PIKEMAN          7    2%        0    0%
  WARBRINGER       5    1%        0    0%
  BOMBARD          3    1%        2    1%

PERK PICK FREQUENCY:
  LCK           : 16
  SKR           : 16
  FST           : 14
  VNT           : 12
  RFX           : 11
  GUN           : 9
  OUT           : 8
  MOM           : 8
  GRD           : 8
  MRK           : 7
  PLT           : 7
  TNK           : 6
  CLH           : 6
  CQB           : 6
  HRD           : 5
  BND           : 5
  EXC           : 5
  BRK           : 3
  SGE           : 3

SHOP PURCHASE FREQUENCY:
  FIELD MEDKIT      : 58
  WPN: HOLLOW POINT : 44
  WPN: SCOPE        : 27
  BALLISTIC PLATING : 25
  WPN: STABILIZER   : 22
  WPN: BIPOD        : 21
  COMBAT STIMS      : 17
  COUNTER-PREP      : 16
  WPN: EXTENDED MAG : 16
  ARMORY            : 14
  FRAG CACHE        : 12
  WPN: SUPPRESSOR   : 10
  ADV. TRAINING     : 8

BOON PICK FREQUENCY (PROCS = effect fires at instrumented sites; '-' = not instrumented;
                      PYR counts the +2-turn-burn half only — the Burning-immunity half is uninstrumented):
  code                 picks   PROCS
  SCV               :     7       -
  GHO               :     6       -
  MRK               :     6       -
  VNM               :     6       -
  ADR               :     5       -
  EXE               :     5       -
  FRT               :     5       -
  FVR               :     5       -
  GRN               :     4       -
  RCL               :     4       0
  RPD               :     4       -
  SHK               :     4       7
  TRR               :     4       8
  FST               :     3      45
  PYR               :     2       0
  FDR               :     1       1

RUN WIN-RATE BY BOON (campaign runs holding it):
  SCV               :  100% ±0  (in 7 runs)
  GHO               :  100% ±0  (in 6 runs)
  MRK               :   67% ±19  (in 6 runs)
  VNM               :   83% ±15  (in 6 runs)
  ADR               :   80% ±18  (in 5 runs)
  EXE               :   80% ±18  (in 5 runs)
  FRT               :   80% ±18  (in 5 runs)
  FVR               :   80% ±18  (in 5 runs)
  GRN               :   75% ±22  (in 4 runs)
  RCL               :  100% ±0  (in 4 runs)
  RPD               :   75% ±22  (in 4 runs)
  SHK               :   75% ±22  (in 4 runs)
  TRR               :   75% ±22  (in 4 runs)
  FST               :   67% ±27  (in 3 runs)
  PYR               :   50% ±35  (in 2 runs)
  FDR               :  100% ±0  (in 1 runs)

RUN WIN-RATE BY SPEC (campaign runs fielding it):
  BRC               :   80% ±18  (in 5 runs)
  SNT               :   80% ±18  (in 5 runs)
  ADN               :  100% ±0  (in 3 runs)
  ANC               :  100% ±0  (in 3 runs)
  JUG               :  100% ±0  (in 3 runs)
  PTH               :  100% ±0  (in 3 runs)
  HHT               :   50% ±35  (in 2 runs)
  PHN               :    0% ±0  (in 1 runs)
  SRG               :    0% ±0  (in 1 runs)

RUN WIN-RATE BY PERK (campaign runs holding it):
  LCK               :   82% ±12  (in 11 runs)
  FST               :   70% ±14  (in 10 runs)
  RFX               :   89% ±10  (in 9 runs)
  VNT               :   89% ±10  (in 9 runs)
  GRD               :   75% ±15  (in 8 runs)
  GUN               :   63% ±17  (in 8 runs)
  SKR               :   88% ±12  (in 8 runs)
  CQB               :   83% ±15  (in 6 runs)
  MRK               :   83% ±15  (in 6 runs)
  OUT               :   83% ±15  (in 6 runs)
  PLT               :   83% ±15  (in 6 runs)
  TNK               :   67% ±19  (in 6 runs)
  CLH               :   60% ±22  (in 5 runs)
  EXC               :   40% ±22  (in 5 runs)
  HRD               :   80% ±18  (in 5 runs)
  MOM               :   80% ±18  (in 5 runs)
  BND               :  100% ±0  (in 4 runs)
  SGE               :   67% ±27  (in 3 runs)
  BRK               :   50% ±35  (in 2 runs)

RUN WIN-RATE BY PURCHASE (campaign runs buying it):
  FIELD MEDKIT      :   81% ±10  (in 16 runs)
  WPN: HOLLOW POINT :   75% ±11  (in 16 runs)
  BALLISTIC PLATING :   85% ±10  (in 13 runs)
  WPN: SCOPE        :   62% ±13  (in 13 runs)
  ARMORY            :   82% ±12  (in 11 runs)
  WPN: STABILIZER   :   91% ±9  (in 11 runs)
  COUNTER-PREP      :   70% ±14  (in 10 runs)
  FRAG CACHE        :   80% ±13  (in 10 runs)
  WPN: BIPOD        :   89% ±10  (in 9 runs)
  COMBAT STIMS      :   88% ±12  (in 8 runs)
  WPN: EXTENDED MAG :   88% ±12  (in 8 runs)
  ADV. TRAINING     :   71% ±17  (in 7 runs)
  WPN: SUPPRESSOR   :   83% ±15  (in 6 runs)

RUN WIN-RATE BY EVENT-CHOICE (campaign runs taking id:arm):
  depot:1           :  100% ±0  (in 2 runs)
  drill:1           :   50% ±35  (in 2 runs)
  fieldhospital:2   :  100% ±0  (in 2 runs)
  informant:1       :   50% ±35  (in 2 runs)
  medic:1           :  100% ±0  (in 2 runs)
  profiteer:1       :  100% ±0  (in 2 runs)
  relic:1           :    0% ±0  (in 2 runs)
  reservecall:0     :   50% ±35  (in 2 runs)
  warpension:2      :   50% ±35  (in 2 runs)
═══════════════════════════════════════════════════════════════════════

batch wall-time: 295.6s  (20 matches across 10 campaigns × 2 policy, frame-cap hits: 0)
aggregate JSON -> /home/user/wt/x3/docs/measurements/x3/S1-hR-b20.json
INFO: TEXTURE: [ID 2] Unloaded texture data from VRAM (GPU)
INFO: SHADER: [ID 3] Default shader unloaded successfully
INFO: TEXTURE: [ID 1] Default texture unloaded successfully
INFO: Window closed successfully
