INFO: Initializing raylib 6.0
INFO: Platform backend: DESKTOP (GLFW)
INFO: Supported raylib modules:
INFO:     > rcore:..... loaded (mandatory)
INFO:     > rlgl:...... loaded (mandatory)
INFO:     > rshapes:... loaded (optional)
INFO:     > rtextures:. loaded (optional)
INFO:     > rtext:..... loaded (optional)
INFO:     > rmodels:... loaded (optional)
INFO:     > raudio:.... loaded (optional)
INFO: DISPLAY: Trying to enable MSAA x4
INFO: DISPLAY: Device initialized successfully 
INFO:     > Display size: 1280 x 800
INFO:     > Screen size:  1280 x 800
INFO:     > Render size:  1280 x 800
INFO:     > Viewport offsets: 0, 0
INFO: GLAD: OpenGL extensions loaded successfully
INFO: GL: Supported extensions count: 229
INFO: GL: OpenGL device information:
INFO:     > Vendor:   Mesa
INFO:     > Renderer: llvmpipe (LLVM 20.1.2, 256 bits)
INFO:     > Version:  4.5 (Core Profile) Mesa 25.2.8-0ubuntu0.24.04.2
INFO:     > GLSL:     4.50
INFO: GL: VAO extension detected, VAO functions loaded successfully
INFO: GL: NPOT textures extension detected, full NPOT textures supported
INFO: GL: DXT compressed textures supported
INFO: GL: ETC2/EAC compressed textures supported
INFO: PLATFORM: DESKTOP (GLFW - X11): Initialized successfully
INFO: TEXTURE: [ID 1] Texture loaded successfully (1x1 | R8G8B8A8 | 1 mipmaps)
INFO: TEXTURE: [ID 1] Default texture loaded successfully
INFO: SHADER: [ID 1] Vertex shader compiled successfully
INFO: SHADER: [ID 2] Fragment shader compiled successfully
INFO: SHADER: [ID 3] Program shader loaded successfully
INFO: SHADER: [ID 3] Default shader loaded successfully
INFO: RLGL: Render batch vertex buffers loaded successfully in RAM (CPU)
INFO: RLGL: Render batch vertex buffers loaded successfully in VRAM (GPU)
INFO: RLGL: Default OpenGL state initialized successfully
INFO: TEXTURE: [ID 2] Texture loaded successfully (128x128 | GRAY_ALPHA | 1 mipmaps)
INFO: FONT: Default font loaded successfully (224 glyphs)
INFO: SYSTEM: Working Directory: /home/user/wt/x3
INFO: TIMER: Target time per frame: 0.000 milliseconds
FINALE-KIT: Syndicate
WAVE: +2 (DRONE,GRUNT) [rich]
WAVE: +2 (DRONE,GRUNT) [rich]
WAVE: +2 (SAPPER,DRONE) [rich]
FINALE-KIT: Syndicate
WAVE: +2 (DRONE,SPOTTER) [rich]
WAVE: +2 (GRUNT,SAPPER) [rich]
WAVE: +2 (DRONE,SHIELD) [rich]
FINALE-KIT: Wardens
WAVE: +2 (MEDIC,PIKEMAN) [rich]
FINALE-KIT: Wardens
WAVE: +2 (MORTAR,MEDIC) [rich]
WAVE: +1 (PIKEMAN) [rich]
WAVE: +1 (MEDIC) [rich]
FINALE-KIT: Wardens
WAVE: +3 (GRUNT,PIKEMAN,MORTAR) [rich]
WAVE: +3 (SNIPER,MORTAR,SNIPER) [rich]
REINFORCEMENTS: +2 (GRUNT,GRUNT)
REINFORCEMENTS: +2 (SCOUT,GRUNT)
REINFORCEMENTS: +1 (SCOUT)
match 5/20  (W:3 L:2 cap:0)  72.5s
FINALE-KIT: Wardens
FINALE-KIT: Legion
FINALE-KIT: Legion
FINALE-KIT: Legion
WAVE: +2 (SCOUT,SNIPER) [rich]
WAVE: +1 (MEDIC) [rich]
FINALE-KIT: Legion
WAVE: +2 (SCOUT,SNIPER) [rich]
REINFORCEMENTS: +2 (SCOUT,SCOUT)
REINFORCEMENTS: +2 (SCOUT,SCOUT)
REINFORCEMENTS: +3 (GRUNT,GRUNT,GRUNT)
match 10/20  (W:4 L:6 cap:0)  151.6s
FINALE-KIT: Legion
WAVE: +2 (HOUND,HUNTER) [rich]
WAVE: +2 (WARBRINGER,STRIKER) [rich]
WAVE: +2 (BRUISER,HOUND) [rich]
FINALE-KIT: Legion
WAVE: +2 (BRUISER,LANCER) [rich]
WAVE: +1 (BERSERKER) [rich]
WAVE: +2 (LANCER,BERSERKER) [rich]
FINALE-KIT: Wardens
WAVE: +2 (GRUNT,SAPPER) [rich]
WAVE: +2 (SPOTTER,SAPPER) [rich]
WAVE: +2 (GRUNT,DRONE) [rich]
FINALE-KIT: Wardens
WAVE: +2 (SHIELD,SHIELD) [rich]
WAVE: +2 (SHIELD,SPOTTER) [rich]
WAVE: +2 (SHIELD,SPOTTER) [rich]
REINFORCEMENTS: +2 (GRUNT,GRUNT)
REINFORCEMENTS: +2 (GRUNT,GRUNT)
REINFORCEMENTS: +2 (GRUNT,SCOUT)
FINALE-KIT: Wardens
REINFORCEMENTS: +2 (SCOUT,GRUNT)
REINFORCEMENTS: +2 (SCOUT,GRUNT)
match 15/20  (W:5 L:10 cap:0)  248.9s
FINALE-KIT: Wardens
FINALE-KIT: Wardens
WAVE: +3 (GRUNT,PIKEMAN,CUSTODIAN) [rich]
WAVE: +1 (SCOUT) [rich]
WAVE: +2 (SCREENER,MEDIC) [rich]
FINALE-KIT: Wardens
WAVE: +2 (MEDIC,SNIPER) [rich]
WAVE: +2 (SCOUT,PIKEMAN) [rich]
WAVE: +2 (SNIPER,GRUNT) [rich]
WAVE: +1 (PIKEMAN) [rich]
FINALE-KIT: Legion
WAVE: +2 (GRUNT,SCOUT) [rich]
WAVE: +2 (SNIPER,GRUNT) [rich]
WAVE: +1 (CUSTODIAN) [rich]
FINALE-KIT: Legion
WAVE: +2 (PIKEMAN,MORTAR) [rich]
WAVE: +2 (PIKEMAN,MORTAR) [rich]
match 20/20  (W:6 L:14 cap:0)  328.8s

══════════════════════ SIGHTLINE BALANCE REPORT ══════════════════════
runs=20  missions=72

RUN OUTCOMES (campaign):  win-rate   30%   avg missions cleared 4.1

POLICY GAP (optimal vs human-error; campaign runs only):
  greedy win-rate   30%  (n=10)
  sloppy win-rate   30%  (n=10)
  GAP    0 pts  (healthy slack)
  PAIRED (same-seed slots): pairs=10  concordant=6  discordant greedy-only-won=2 / sloppy-only-won=2  paired gap    0 pts
  PER-SLOT RECORDS (greedy | sloppy: outcome + missions cleared; margin = g−s):
    slot   0 @h8: L 4 | W 6   margin -2
    slot   1 @h8: W 6 | W 6   margin +0
    slot   2 @h8: L 4 | L 2   margin +2
    slot   3 @h8: L 1 | L 2   margin -1
    slot   4 @h8: W 6 | L 4   margin +2
    slot   5 @h8: L 5 | L 3   margin +2
    slot   6 @h8: L 3 | L 3   margin +0
    slot   7 @h8: W 6 | L 4   margin +2
    slot   8 @h8: L 3 | W 6   margin -3
    slot   9 @h8: L 5 | L 3   margin +2
  PAIRED MARGIN (missions cleared, all pairs): +0.40 ±0.60 SE  (n=10 pairs)
  by objective (greedy / sloppy / gap):
    Decapitate :   50% /  100% / gap  -50
    Defend     :   88% /  100% / gap  -13
    Eliminate  :   91% /   91% / gap    0
    Escort     :   75% /   40% / gap   35
    Evac       :  100% /  100% / gap    0
    Hack       :   75% /   50% / gap   25
    Rescue     :  100% /   50% / gap   50
    Sabotage   :  100% /  100% / gap    0

DECISION RICHNESS / SWING:
  meaningful-choices/turn 1.28   lead-swings/match 0.8   avg max-swing 67.7
  [shot-gate] acting-soldiers/turn 2.68   armed-soldiers/turn 0.82   armed-fraction 31%   turns-with-a-shot 49%   choices/ARMED-soldier-turn 1.56
  [choice-split] los-targets/ARMED 2.51   target-choices/ARMED 0.29   position-choices/ARMED 1.27

RUN COMPLETION BY HEAT (full-campaign clears):
  heat 8:   30% ±10  (n=20 runs, avg 4.1 missions)

INTEL ECONOMY BY HEAT (campaign runs; heat-bonus = the Heat.IntelBonus share of income):
  heat 8: earned  256.1/run   heat-bonus 145.6 (  57% of income)   spent  239.9   unspent   16.2

MISSION WIN-RATE BY HEAT:
  heat 8:   81%  (n=72, avg 5.8 turns)

MISSION WIN-RATE BY OBJECTIVE:
  Eliminate  :   91% ±6  (n=22, avg 4.0 turns)
  Defend     :   93% ±6  (n=15, avg 8.7 turns)
  Escort     :   56% ±17  (n=9, avg 8.6 turns)
  Decapitate :   67% ±16  (n=9, avg 6.0 turns)
  Hack       :   63% ±17  (n=8, avg 4.3 turns)
  Evac       :  100% ±0  (n=4, avg 3.3 turns)
  Rescue     :   67% ±27  (n=3, avg 5.0 turns)
  Sabotage   :  100% ±0  (n=2, avg 5.0 turns)

MISSION WIN-RATE BY MISSION #:
  m1:  100% ±0  (n=20)
  m2:   83% ±15  (n=6)
  m3:   85% ±10  (n=13)
  m4:   67% ±12  (n=15)
  m5:   60% ±15  (n=10)
  m6:   75% ±15  (n=8)

LOSS CAUSES (missions):
  RUN OVER              : 9
  VIP LOST              : 4
  CAPTIVE LOST          : 1

MISSION WIN-RATE BY ARENA (authored layouts, n>=3; procedural fallback   21% of 72 missions):
  arena  4:  100% ±0  (n=4, avg 6.5 turns)  [m1:100%(2) m3:100%(2)]
  arena  7:   67% ±27  (n=3, avg 8.3 turns)  [m4:100%(2) m5:0%(1)]
  arena 11:  100% ±0  (n=3, avg 9.0 turns)  [m2:100%(2) m4:100%(1)]
  arena 14:  100% ±0  (n=7, avg 3.4 turns)  [m1:100%(6) m6:100%(1)]
  arena 16:   67% ±27  (n=3, avg 4.3 turns)  [m5:50%(2) m6:100%(1)]
  arena 27:  100% ±0  (n=3, avg 5.0 turns)  [m4:100%(3)]
  arena 33:   88% ±12  (n=8, avg 5.8 turns)  [m1:100%(2) m2:100%(1) m3:50%(2) m4:100%(2) m6:100%(1)]
  arena 34:  100% ±0  (n=3, avg 9.3 turns)  [m3:100%(2) m6:100%(1)]
  procedural:   53% ±13  (n=15, avg 7.7 turns)  [m1:100%(2) m2:100%(1) m3:75%(4) m4:0%(3) m5:50%(2) m6:33%(3)]

DEPLOYMENT GEOMETRY (opening shape; choices/ARMED is the wave's real gate):
  FRONTAL   :   75%  (n=32, avg 5.4 turns)  choices/turn 1.36  choices/ARMED 1.69  los-targets/ARMED 2.70
  PINCER    :   81% ±8  (n=26, avg 6.9 turns)  choices/turn 1.08  choices/ARMED 1.48  los-targets/ARMED 2.52
  CROSSFIRE :   89% ±10  (n=9, avg 5.0 turns)  choices/turn 1.24  choices/ARMED 1.33  los-targets/ARMED 2.62
  ENVELOP   :  100% ±0  (n=5, avg 5.0 turns)  choices/turn 2.21  choices/ARMED 1.61  los-targets/ARMED 1.61

ARENA FUNNEL (Mission.Build exits, n=84 builds, all modes):
  authored-applied    :  78.6%  (n=66)
  connectivity-reject :   0.0%  (n=0)
  procedural-roll     :  21.4%  (n=18)

DECK EXPOSURE (campaign runs n=20):
  distinct authored arenas/run : 2.85 mean (all runs)
  ... full-depth runs only     : 3.83 mean over 4.5 fights/run (n=6)
  Defend dealt on the route    :   75% of runs (n=15)

ACTION MIX (verbs issued, by policy):
  verb                  greedy        sloppy
  MOVE               354   36%     421   36%
  SHOOT              249   26%     273   24%
  OVERWATCH           62    6%      89    8%
  FOCUS               48    5%      65    6%
  HUNKER              31    3%      73    6%
  BRACE               39    4%      34    3%
  SLIPSTREAM          31    3%      34    3%
  INTEL               30    3%      31    3%
  RELOAD              32    3%      29    2%
  STABILIZE           17    2%      30    3%
  MARK                18    2%      14    1%
  ITEM:SMOKE          13    1%      12    1%
  PIN                  9    1%      12    1%
  REARM                9    1%       5    0%
  HACK                 7    1%       7    1%
  DRAG                 5    1%       8    1%
  GRENADE              6    1%       6    1%
  GRAPPLE              4    0%       3    0%
  BARREL               1    0%       6    1%
  BEACON               3    0%       3    0%
  PLANT                3    0%       3    0%
  PATCH                3    0%       2    0%
  ITEM:INCENDIARY       0    0%       1    0%

PLAYER CLASS PERFORMANCE:
  class        shots   hit%   dmg   kills
  GUNNER         183    85%    948     56
  SHARPSHOOTER    132    91%    729     46
  ASSAULT        113    81%    572     22
  RANGER          98    79%    462     34
  CORPSMAN        18    89%     53      0
  VIP              3    33%      4      0

SOLDIER DEATHS BY ENEMY CLASS (threat ranking):
  SNIPER     : 16
  GRUNT      : 14
  STRIKE     : 9
  TURRET     : 8
  DRONE      : 7
  SCOUT      : 6
  BERSERKER  : 6
  ELITE      : 5
  STRIKER    : 5
  MORTAR     : 3
  HOUND      : 3
  LANCER     : 3
  HUNTER     : 3
  SAPPER     : 2
  BURN       : 1
  WARBRINGER : 1
  SPOTTER    : 1
  BRUISER    : 1
  SHIELD     : 1
  MEDIC      : 1
  SCREENER   : 1

SOLDIER DOWNS (FUL-7 bleed-out): 178 downs -> revived 4 / recovered 47 / bled out 109 / finished 11  (save-rate   33%)
  corpsman fielded in 9 missions

ENEMY COMPOSITION (spawns; faction-stamped fights n=510 / default-cascade fights n=279):
  class        faction         default
  GRUNT           52   10%       77   28%
  SCOUT           20    4%       50   18%
  SNIPER          44    9%       15    5%
  DRONE           50   10%        8    3%
  MEDIC           28    5%       16    6%
  MORTAR          35    7%        8    3%
  TURRET          23    5%       17    6%
  ELITE           27    5%       11    4%
  BERSERKER       24    5%       14    5%
  PIKEMAN         29    6%        2    1%
  SAPPER          25    5%        5    2%
  SPOTTER         20    4%        9    3%
  LANCER          19    4%       10    4%
  SHIELD          19    4%        9    3%
  SCREENER        25    5%        0    0%
  CUSTODIAN       17    3%        3    1%
  BOMBARD          9    2%        7    3%
  BRUISER         13    3%        3    1%
  HUNTER           8    2%        8    3%
  WARBRINGER      12    2%        1    0%
  STRIKER          8    2%        2    1%
  HOUND            3    1%        4    1%

PERK PICK FREQUENCY:
  OUT           : 14
  HRD           : 13
  GUN           : 13
  LCK           : 11
  MOM           : 10
  CQB           : 9
  EXC           : 9
  SKR           : 9
  MRK           : 8
  FST           : 8
  PLT           : 7
  VNT           : 7
  RFX           : 7
  GRD           : 7
  TNK           : 7
  CLH           : 5
  BRK           : 5
  SGE           : 4
  BND           : 2

SHOP PURCHASE FREQUENCY:
  COMBAT STIMS      : 73
  FIELD MEDKIT      : 73
  WPN: SCOPE        : 48
  ADV. TRAINING     : 47
  BALLISTIC PLATING : 43
  WPN: HOLLOW POINT : 38
  WPN: STABILIZER   : 34
  FRAG CACHE        : 25
  WPN: BIPOD        : 20
  COUNTER-PREP      : 18
  WPN: SUPPRESSOR   : 17
  WPN: EXTENDED MAG : 15
  ARMORY            : 14

BOON PICK FREQUENCY (PROCS = effect fires at instrumented sites; '-' = not instrumented;
                      PYR counts the +2-turn-burn half only — the Burning-immunity half is uninstrumented):
  code                 picks   PROCS
  FST               :     7      56
  RPD               :     7       -
  VNM               :     6       -
  MRK               :     5       -
  SHK               :     4       3
  ADR               :     3       -
  EXE               :     3       -
  FRT               :     3       -
  GHO               :     3       -
  PYR               :     3       0
  FDR               :     2       4
  RCL               :     2       0
  TRR               :     2       2
  FVR               :     1       -
  SCV               :     1       -

RUN WIN-RATE BY BOON (campaign runs holding it):
  FST               :   57% ±19  (in 7 runs)
  RPD               :   43% ±19  (in 7 runs)
  VNM               :   50% ±20  (in 6 runs)
  MRK               :   40% ±22  (in 5 runs)
  SHK               :   50% ±25  (in 4 runs)
  ADR               :    0% ±0  (in 3 runs)
  EXE               :    0% ±0  (in 3 runs)
  FRT               :    0% ±0  (in 3 runs)
  GHO               :   67% ±27  (in 3 runs)
  PYR               :   67% ±27  (in 3 runs)
  FDR               :    0% ±0  (in 2 runs)
  RCL               :   50% ±35  (in 2 runs)
  TRR               :   50% ±35  (in 2 runs)
  FVR               :    0% ±0  (in 1 runs)
  SCV               :  100% ±0  (in 1 runs)

RUN WIN-RATE BY SPEC (campaign runs fielding it):
  ANC               :   57% ±19  (in 7 runs)
  HHT               :    0% ±0  (in 4 runs)
  SNT               :   67% ±27  (in 3 runs)
  JUG               :   50% ±35  (in 2 runs)
  BRC               :    0% ±0  (in 1 runs)
  PHN               :    0% ±0  (in 1 runs)
  PTH               :    0% ±0  (in 1 runs)

RUN WIN-RATE BY PERK (campaign runs holding it):
  OUT               :   33% ±14  (in 12 runs)
  GUN               :   27% ±13  (in 11 runs)
  HRD               :   45% ±15  (in 11 runs)
  MOM               :   22% ±14  (in 9 runs)
  CQB               :   25% ±15  (in 8 runs)
  LCK               :   50% ±18  (in 8 runs)
  SKR               :   50% ±18  (in 8 runs)
  EXC               :   29% ±17  (in 7 runs)
  GRD               :   57% ±19  (in 7 runs)
  RFX               :   29% ±17  (in 7 runs)
  TNK               :   43% ±19  (in 7 runs)
  VNT               :   43% ±19  (in 7 runs)
  FST               :   50% ±20  (in 6 runs)
  MRK               :   50% ±20  (in 6 runs)
  PLT               :   17% ±15  (in 6 runs)
  BRK               :   20% ±18  (in 5 runs)
  CLH               :   40% ±22  (in 5 runs)
  SGE               :   25% ±22  (in 4 runs)
  BND               :   50% ±35  (in 2 runs)

RUN WIN-RATE BY PURCHASE (campaign runs buying it):
  FIELD MEDKIT      :   30% ±10  (in 20 runs)
  ADV. TRAINING     :   33% ±12  (in 15 runs)
  COMBAT STIMS      :   43% ±13  (in 14 runs)
  FRAG CACHE        :   36% ±13  (in 14 runs)
  BALLISTIC PLATING :   46% ±14  (in 13 runs)
  COUNTER-PREP      :   38% ±13  (in 13 runs)
  WPN: HOLLOW POINT :   38% ±13  (in 13 runs)
  WPN: SCOPE        :   31% ±13  (in 13 runs)
  WPN: SUPPRESSOR   :   25% ±13  (in 12 runs)
  WPN: BIPOD        :   36% ±15  (in 11 runs)
  ARMORY            :   30% ±14  (in 10 runs)
  WPN: STABILIZER   :   33% ±16  (in 9 runs)
  WPN: EXTENDED MAG :   38% ±17  (in 8 runs)

RUN WIN-RATE BY EVENT-CHOICE (campaign runs taking id:arm):
  warchest:1        :   75% ±22  (in 4 runs)
  warpension:1      :   50% ±25  (in 4 runs)
  fieldhospital:2   :    0% ±0  (in 3 runs)
  cache:1           :    0% ±0  (in 2 runs)
  defector:0        :   50% ±35  (in 2 runs)
  depot:0           :   50% ±35  (in 2 runs)
  depot:1           :   50% ±35  (in 2 runs)
  drill:0           :   50% ±35  (in 2 runs)
  grave:1           :    0% ±0  (in 2 runs)
  bloodfeud:0       :    0% ±0  (in 1 runs)
═══════════════════════════════════════════════════════════════════════

batch wall-time: 328.8s  (20 matches across 10 campaigns × 2 policy, frame-cap hits: 0)
aggregate JSON -> /home/user/wt/x3/docs/measurements/x3/S1-h8-b0.json
INFO: TEXTURE: [ID 2] Unloaded texture data from VRAM (GPU)
INFO: SHADER: [ID 3] Default shader unloaded successfully
INFO: TEXTURE: [ID 1] Default texture unloaded successfully
INFO: Window closed successfully
