INFO: Initializing raylib 6.0
INFO: Platform backend: DESKTOP (GLFW)
INFO: Supported raylib modules:
INFO:     > rcore:..... loaded (mandatory)
INFO:     > rlgl:...... loaded (mandatory)
INFO:     > rshapes:... loaded (optional)
INFO:     > rtextures:. loaded (optional)
INFO:     > rtext:..... loaded (optional)
INFO:     > rmodels:... loaded (optional)
INFO:     > raudio:.... loaded (optional)
INFO: DISPLAY: Trying to enable MSAA x4
INFO: DISPLAY: Device initialized successfully 
INFO:     > Display size: 1280 x 800
INFO:     > Screen size:  1280 x 800
INFO:     > Render size:  1280 x 800
INFO:     > Viewport offsets: 0, 0
INFO: GLAD: OpenGL extensions loaded successfully
INFO: GL: Supported extensions count: 229
INFO: GL: OpenGL device information:
INFO:     > Vendor:   Mesa
INFO:     > Renderer: llvmpipe (LLVM 20.1.2, 256 bits)
INFO:     > Version:  4.5 (Core Profile) Mesa 25.2.8-0ubuntu0.24.04.2
INFO:     > GLSL:     4.50
INFO: GL: VAO extension detected, VAO functions loaded successfully
INFO: GL: NPOT textures extension detected, full NPOT textures supported
INFO: GL: DXT compressed textures supported
INFO: GL: ETC2/EAC compressed textures supported
INFO: PLATFORM: DESKTOP (GLFW - X11): Initialized successfully
INFO: TEXTURE: [ID 1] Texture loaded successfully (1x1 | R8G8B8A8 | 1 mipmaps)
INFO: TEXTURE: [ID 1] Default texture loaded successfully
INFO: SHADER: [ID 1] Vertex shader compiled successfully
INFO: SHADER: [ID 2] Fragment shader compiled successfully
INFO: SHADER: [ID 3] Program shader loaded successfully
INFO: SHADER: [ID 3] Default shader loaded successfully
INFO: RLGL: Render batch vertex buffers loaded successfully in RAM (CPU)
INFO: RLGL: Render batch vertex buffers loaded successfully in VRAM (GPU)
INFO: RLGL: Default OpenGL state initialized successfully
INFO: TEXTURE: [ID 2] Texture loaded successfully (128x128 | GRAY_ALPHA | 1 mipmaps)
INFO: FONT: Default font loaded successfully (224 glyphs)
INFO: SYSTEM: Working Directory: /home/user/wt/x3
INFO: TIMER: Target time per frame: 0.000 milliseconds
FINALE-KIT: Wardens
WAVE: +2 (SAPPER,SHIELD) [rich]
WAVE: +2 (GRUNT,SHIELD) [rich]
WAVE: +2 (GRUNT,DRONE) [rich]
WAVE: +2 (PIKEMAN,MEDIC) [rich]
WAVE: +1 (SNIPER) [rich]
WAVE: +1 (MORTAR) [rich]
FINALE-KIT: Wardens
WAVE: +2 (SAPPER,SAPPER) [rich]
WAVE: +2 (SHIELD,GRUNT) [rich]
WAVE: +2 (SAPPER,SAPPER) [rich]
WAVE: +2 (MORTAR,SNIPER) [rich]
FINALE-KIT: Wardens
FINALE-KIT: Wardens
FINALE-KIT: Wardens
WAVE: +2 (SCREENER,SNIPER) [rich]
WAVE: +1 (MORTAR) [rich]
WAVE: +1 (SNIPER) [rich]
REINFORCEMENTS: +2 (SCOUT,SCOUT)
REINFORCEMENTS: +2 (SCOUT,SCOUT)
match 5/20  (W:1 L:4 cap:0)  78.2s
FINALE-KIT: Wardens
FINALE-KIT: Wardens
FINALE-KIT: Wardens
FINALE-KIT: Syndicate
WAVE: +2 (SNIPER,MORTAR) [rich]
WAVE: +2 (SCREENER,SNIPER) [rich]
WAVE: +2 (SNIPER,SNIPER) [rich]
FINALE-KIT: Syndicate
WAVE: +2 (PIKEMAN,PIKEMAN) [rich]
WAVE: +2 (MORTAR,PIKEMAN) [rich]
WAVE: +2 (PIKEMAN,SCREENER) [rich]
match 10/20  (W:1 L:9 cap:0)  119.5s
FINALE-KIT: Wardens
FINALE-KIT: Wardens
WAVE: +3 (BERSERKER,CUSTODIAN,STRIKER) [rich]
WAVE: +1 (CUSTODIAN) [rich]
FINALE-KIT: Syndicate
WAVE: +2 (HOUND,HUNTER) [rich]
WAVE: +2 (BERSERKER,WARBRINGER) [rich]
WAVE: +2 (HUNTER,GRUNT) [rich]
WAVE: +2 (HUNTER,HOUND) [rich]
FINALE-KIT: Syndicate
WAVE: +2 (BRUISER,STRIKER) [rich]
WAVE: +2 (HOUND,BERSERKER) [rich]
WAVE: +2 (HUNTER,HUNTER) [rich]
FINALE-KIT: Wardens
match 15/20  (W:1 L:14 cap:0)  184.2s
FINALE-KIT: Wardens
FINALE-KIT: Wardens
WAVE: +2 (GRUNT,SNIPER) [rich]
WAVE: +2 (MORTAR,MORTAR) [rich]
WAVE: +2 (SCOUT,PIKEMAN) [rich]
FINALE-KIT: Wardens
WAVE: +2 (SCOUT,GRUNT) [rich]
WAVE: +2 (MEDIC,MEDIC) [rich]
WAVE: +2 (SCOUT,GRUNT) [rich]
FINALE-KIT: Syndicate
FINALE-KIT: Syndicate
match 20/20  (W:2 L:18 cap:0)  243.4s

══════════════════════ SIGHTLINE BALANCE REPORT ══════════════════════
runs=20  missions=60

RUN OUTCOMES (campaign):  win-rate   10%   avg missions cleared 2.8

POLICY GAP (optimal vs human-error; campaign runs only):
  greedy win-rate   10%  (n=10)
  sloppy win-rate   10%  (n=10)
  GAP    0 pts  (healthy slack)
  PAIRED (same-seed slots): pairs=10  concordant=8  discordant greedy-only-won=1 / sloppy-only-won=1  paired gap    0 pts
  PER-SLOT RECORDS (greedy | sloppy: outcome + missions cleared; margin = g−s):
    slot  30 @h8: L 5 | L 5   margin +0
    slot  31 @h8: L 2 | L 2   margin +0
    slot  32 @h8: W 6 | L 2   margin +4
    slot  33 @h8: L 1 | L 1   margin +0
    slot  34 @h8: L 2 | L 2   margin +0
    slot  35 @h8: L 2 | L 3   margin -1
    slot  36 @h8: L 2 | L 2   margin +0
    slot  37 @h8: L 3 | L 3   margin +0
    slot  38 @h8: L 3 | L 2   margin +1
    slot  39 @h8: L 2 | W 6   margin -4
  PAIRED MARGIN (missions cleared, all pairs): +0.00 ±0.61 SE  (n=10 pairs)
  by objective (greedy / sloppy / gap):
    Decapitate :   33% /   33% / gap    0
    Defend     :   67% /   50% / gap   17
    Eliminate  :  100% /  100% / gap    0
    Escort     :   50% /   50% / gap    0
    Hack       :  100% /  100% / gap    0
    Rescue     :    0% /   50% / gap  -50
    Sabotage   :  100% /   67% / gap   33

DECISION RICHNESS / SWING:
  meaningful-choices/turn 1.63   lead-swings/match 0.6   avg max-swing 63.8
  [shot-gate] acting-soldiers/turn 2.83   armed-soldiers/turn 1.07   armed-fraction 38%   turns-with-a-shot 56%   choices/ARMED-soldier-turn 1.53
  [choice-split] los-targets/ARMED 2.27   target-choices/ARMED 0.26   position-choices/ARMED 1.27

RUN COMPLETION BY HEAT (full-campaign clears):
  heat 8:   10% ±7  (n=20 runs, avg 2.8 missions)

INTEL ECONOMY BY HEAT (campaign runs; heat-bonus = the Heat.IntelBonus share of income):
  heat 8: earned  200.3/run   heat-bonus 112.0 (  56% of income)   spent  182.2   unspent   18.1

MISSION WIN-RATE BY HEAT:
  heat 8:   70%  (n=60, avg 4.5 turns)

MISSION WIN-RATE BY OBJECTIVE:
  Eliminate  :  100% ±0  (n=20, avg 3.0 turns)
  Defend     :   58% ±14  (n=12, avg 7.7 turns)
  Rescue     :   29% ±17  (n=7, avg 3.3 turns)
  Decapitate :   33% ±19  (n=6, avg 6.0 turns)
  Hack       :  100% ±0  (n=5, avg 3.6 turns)
  Sabotage   :   80% ±18  (n=5, avg 3.0 turns)
  Escort     :   50% ±25  (n=4, avg 5.0 turns)
  Evac       :    0% ±0  (n=1, avg 6.0 turns)

MISSION WIN-RATE BY MISSION #:
  m1:  100% ±0  (n=20)
  m2:   75% ±15  (n=8)
  m3:   38% ±12  (n=16)
  m4:   50% ±18  (n=8)
  m5:  100% ±0  (n=4)
  m6:   50% ±25  (n=4)

LOSS CAUSES (missions):
  RUN OVER              : 11
  CAPTIVE LOST          : 5
  VIP LOST              : 2

MISSION WIN-RATE BY ARENA (authored layouts, n>=3; procedural fallback   25% of 60 missions):
  arena  6:   75% ±22  (n=4, avg 3.3 turns)  [m1:100%(2) m3:50%(2)]
  arena 15:  100% ±0  (n=3, avg 5.0 turns)  [m1:100%(2) m5:100%(1)]
  arena 22:   60% ±22  (n=5, avg 3.6 turns)  [m1:100%(2) m3:33%(3)]
  arena 30:  100% ±0  (n=3, avg 4.3 turns)  [m2:100%(2) m5:100%(1)]
  arena 31:   67% ±27  (n=3, avg 3.3 turns)  [m1:100%(2) m4:0%(1)]
  procedural:   80% ±10  (n=15, avg 4.3 turns)  [m1:100%(6) m2:100%(1) m3:50%(2) m4:50%(4) m5:100%(1) m6:100%(1)]

DEPLOYMENT GEOMETRY (opening shape; choices/ARMED is the wave's real gate):
  FRONTAL   :   68% ±9  (n=25, avg 4.9 turns)  choices/turn 1.33  choices/ARMED 1.40  los-targets/ARMED 2.35
  PINCER    :   80% ±9  (n=20, avg 4.0 turns)  choices/turn 1.88  choices/ARMED 1.83  los-targets/ARMED 2.09
  CROSSFIRE :   67% ±19  (n=6, avg 4.2 turns)  choices/turn 0.87  choices/ARMED 0.91  los-targets/ARMED 2.68
  ENVELOP   :   56% ±17  (n=9, avg 4.6 turns)  choices/turn 2.58  choices/ARMED 1.60  los-targets/ARMED 2.21

ARENA FUNNEL (Mission.Build exits, n=70 builds, all modes):
  authored-applied    :  75.7%  (n=53)
  connectivity-reject :   0.0%  (n=0)
  procedural-roll     :  24.3%  (n=17)

DECK EXPOSURE (campaign runs n=20):
  distinct authored arenas/run : 2.25 mean (all runs)
  ... full-depth runs only     : 3.50 mean over 5.0 fights/run (n=2)
  Defend dealt on the route    :   50% of runs (n=10)

ACTION MIX (verbs issued, by policy):
  verb                  greedy        sloppy
  MOVE               226   32%     323   40%
  SHOOT              242   35%     221   27%
  FOCUS               40    6%      34    4%
  OVERWATCH           23    3%      43    5%
  HUNKER              19    3%      41    5%
  INTEL               31    4%      26    3%
  STABILIZE           17    2%      22    3%
  SLIPSTREAM          18    3%      20    2%
  BRACE               12    2%      18    2%
  RELOAD              13    2%      13    2%
  MARK                16    2%      10    1%
  PLANT                8    1%       9    1%
  PIN                  8    1%       4    0%
  REARM                4    1%       7    1%
  HACK                 6    1%       4    0%
  DRAG                 2    0%       7    1%
  ITEM:SMOKE           3    0%       4    0%
  BARREL               1    0%       4    0%
  PATCH                2    0%       2    0%
  BEACON               2    0%       1    0%
  GRENADE              2    0%       1    0%
  EXTRACT              1    0%       0    0%

PLAYER CLASS PERFORMANCE:
  class        shots   hit%   dmg   kills
  SHARPSHOOTER    117    88%    746     40
  GUNNER         136    84%    714     48
  ASSAULT        102    83%    556     36
  RANGER          63    89%    355     19
  CORPSMAN        23    91%     80      4
  VIP              4    75%     13      1

SOLDIER DEATHS BY ENEMY CLASS (threat ranking):
  SNIPER     : 11
  STRIKE     : 11
  BERSERKER  : 8
  MORTAR     : 7
  GRUNT      : 5
  BURN       : 5
  HUNTER     : 4
  WARBRINGER : 3
  BRUISER    : 3
  ELITE      : 3
  SPOTTER    : 3
  SHIELD     : 3
  LANCER     : 2
  MEDIC      : 1
  BOMBARD    : 1
  SCREENER   : 1
  PIKEMAN    : 1
  DRONE      : 1
  HOUND      : 1

SOLDIER DOWNS (FUL-7 bleed-out): 131 downs -> revived 4 / recovered 19 / bled out 90 / finished 11  (save-rate   23%)
  corpsman fielded in 10 missions

ENEMY COMPOSITION (spawns; faction-stamped fights n=473 / default-cascade fights n=130):
  class        faction         default
  GRUNT           50   11%       30   23%
  SCOUT           17    4%       52   40%
  SNIPER          38    8%        6    5%
  SCREENER        43    9%        0    0%
  BERSERKER       30    6%       13   10%
  MORTAR          40    8%        0    0%
  ELITE           30    6%        3    2%
  PIKEMAN         30    6%        3    2%
  HUNTER          25    5%        2    2%
  BRUISER         23    5%        0    0%
  DRONE           19    4%        3    2%
  SHIELD          22    5%        0    0%
  SAPPER          18    4%        3    2%
  CUSTODIAN       18    4%        2    2%
  MEDIC           18    4%        0    0%
  SPOTTER          9    2%        6    5%
  STRIKER         12    3%        3    2%
  HOUND            8    2%        3    2%
  BOMBARD          8    2%        1    1%
  LANCER           6    1%        0    0%
  WARBRINGER       5    1%        0    0%
  TURRET           4    1%        0    0%

PERK PICK FREQUENCY:
  MOM           : 12
  GRD           : 12
  LCK           : 10
  BND           : 10
  HRD           : 8
  GUN           : 8
  SGE           : 7
  MRK           : 7
  OUT           : 7
  TNK           : 7
  CQB           : 7
  FST           : 6
  RFX           : 5
  EXC           : 5
  PLT           : 5
  CLH           : 4
  SKR           : 3
  VNT           : 2
  BRK           : 1

SHOP PURCHASE FREQUENCY:
  WPN: HOLLOW POINT : 51
  COMBAT STIMS      : 44
  ADV. TRAINING     : 33
  FIELD MEDKIT      : 32
  WPN: STABILIZER   : 32
  BALLISTIC PLATING : 32
  WPN: SCOPE        : 23
  WPN: BIPOD        : 20
  FRAG CACHE        : 18
  COUNTER-PREP      : 16
  WPN: EXTENDED MAG : 15
  ARMORY            : 11
  WPN: SUPPRESSOR   : 11

BOON PICK FREQUENCY (PROCS = effect fires at instrumented sites; '-' = not instrumented;
                      PYR counts the +2-turn-burn half only — the Burning-immunity half is uninstrumented):
  code                 picks   PROCS
  FST               :     6      46
  VNM               :     5       -
  FDR               :     4       5
  FVR               :     4       -
  EXE               :     3       -
  PYR               :     3       0
  ADR               :     2       -
  GHO               :     2       -
  GRN               :     2       -
  RCL               :     2       0
  SCV               :     2       -
  FRT               :     1       -
  MRK               :     1       -
  RPD               :     1       -
  SHK               :     1       0
  TRR               :     1       1

RUN WIN-RATE BY BOON (campaign runs holding it):
  FST               :   17% ±15  (in 6 runs)
  VNM               :   40% ±22  (in 5 runs)
  FDR               :    0% ±0  (in 4 runs)
  FVR               :    0% ±0  (in 4 runs)
  EXE               :   33% ±27  (in 3 runs)
  PYR               :   33% ±27  (in 3 runs)
  ADR               :   50% ±35  (in 2 runs)
  GHO               :   50% ±35  (in 2 runs)
  GRN               :    0% ±0  (in 2 runs)
  RCL               :    0% ±0  (in 2 runs)
  SCV               :    0% ±0  (in 2 runs)
  FRT               :  100% ±0  (in 1 runs)
  MRK               :    0% ±0  (in 1 runs)
  RPD               :    0% ±0  (in 1 runs)
  SHK               :    0% ±0  (in 1 runs)
  TRR               :    0% ±0  (in 1 runs)

RUN WIN-RATE BY SPEC (campaign runs fielding it):
  ANC               :   33% ±27  (in 3 runs)
  ADN               :   50% ±35  (in 2 runs)
  BRC               :    0% ±0  (in 1 runs)
  HHT               :  100% ±0  (in 1 runs)
  JUG               :    0% ±0  (in 1 runs)
  PHN               :    0% ±0  (in 1 runs)
  PTH               :  100% ±0  (in 1 runs)
  SNT               :  100% ±0  (in 1 runs)

RUN WIN-RATE BY PERK (campaign runs holding it):
  GRD               :   20% ±13  (in 10 runs)
  BND               :   25% ±15  (in 8 runs)
  GUN               :    0% ±0  (in 8 runs)
  LCK               :   13% ±12  (in 8 runs)
  MOM               :   25% ±15  (in 8 runs)
  OUT               :   14% ±13  (in 7 runs)
  CQB               :   33% ±19  (in 6 runs)
  MRK               :   17% ±15  (in 6 runs)
  SGE               :    0% ±0  (in 6 runs)
  TNK               :   17% ±15  (in 6 runs)
  EXC               :   40% ±22  (in 5 runs)
  HRD               :   20% ±18  (in 5 runs)
  PLT               :   40% ±22  (in 5 runs)
  RFX               :   40% ±22  (in 5 runs)
  CLH               :   25% ±22  (in 4 runs)
  FST               :    0% ±0  (in 4 runs)
  SKR               :   33% ±27  (in 3 runs)
  VNT               :    0% ±0  (in 2 runs)
  BRK               :  100% ±0  (in 1 runs)

RUN WIN-RATE BY PURCHASE (campaign runs buying it):
  COMBAT STIMS      :   14% ±9  (in 14 runs)
  WPN: HOLLOW POINT :   17% ±11  (in 12 runs)
  FIELD MEDKIT      :   18% ±12  (in 11 runs)
  BALLISTIC PLATING :   20% ±13  (in 10 runs)
  COUNTER-PREP      :   20% ±13  (in 10 runs)
  WPN: EXTENDED MAG :   20% ±13  (in 10 runs)
  WPN: STABILIZER   :   10% ±9  (in 10 runs)
  ADV. TRAINING     :   22% ±14  (in 9 runs)
  WPN: SCOPE        :   11% ±10  (in 9 runs)
  ARMORY            :    0% ±0  (in 8 runs)
  FRAG CACHE        :   29% ±17  (in 7 runs)
  WPN: BIPOD        :   14% ±13  (in 7 runs)
  WPN: SUPPRESSOR   :   33% ±19  (in 6 runs)

RUN WIN-RATE BY EVENT-CHOICE (campaign runs taking id:arm):
  medic:1           :    0% ±0  (in 4 runs)
  blackmarket:2     :    0% ±0  (in 2 runs)
  informant:1       :   50% ±35  (in 2 runs)
  informant:2       :    0% ±0  (in 2 runs)
  relic:1           :    0% ±0  (in 2 runs)
  reservecall:0     :   50% ±35  (in 2 runs)
═══════════════════════════════════════════════════════════════════════

batch wall-time: 243.4s  (20 matches across 10 campaigns × 2 policy, frame-cap hits: 0)
aggregate JSON -> /home/user/wt/x3/docs/measurements/x3/S1-h8-b30.json
INFO: TEXTURE: [ID 2] Unloaded texture data from VRAM (GPU)
INFO: SHADER: [ID 3] Default shader unloaded successfully
INFO: TEXTURE: [ID 1] Default texture unloaded successfully
INFO: Window closed successfully
