INFO: Initializing raylib 6.0
INFO: Platform backend: DESKTOP (GLFW)
INFO: Supported raylib modules:
INFO:     > rcore:..... loaded (mandatory)
INFO:     > rlgl:...... loaded (mandatory)
INFO:     > rshapes:... loaded (optional)
INFO:     > rtextures:. loaded (optional)
INFO:     > rtext:..... loaded (optional)
INFO:     > rmodels:... loaded (optional)
INFO:     > raudio:.... loaded (optional)
INFO: DISPLAY: Trying to enable MSAA x4
INFO: DISPLAY: Device initialized successfully 
INFO:     > Display size: 1280 x 800
INFO:     > Screen size:  1280 x 800
INFO:     > Render size:  1280 x 800
INFO:     > Viewport offsets: 0, 0
INFO: GLAD: OpenGL extensions loaded successfully
INFO: GL: Supported extensions count: 229
INFO: GL: OpenGL device information:
INFO:     > Vendor:   Mesa
INFO:     > Renderer: llvmpipe (LLVM 20.1.2, 256 bits)
INFO:     > Version:  4.5 (Core Profile) Mesa 25.2.8-0ubuntu0.24.04.2
INFO:     > GLSL:     4.50
INFO: GL: VAO extension detected, VAO functions loaded successfully
INFO: GL: NPOT textures extension detected, full NPOT textures supported
INFO: GL: DXT compressed textures supported
INFO: GL: ETC2/EAC compressed textures supported
INFO: PLATFORM: DESKTOP (GLFW - X11): Initialized successfully
INFO: TEXTURE: [ID 1] Texture loaded successfully (1x1 | R8G8B8A8 | 1 mipmaps)
INFO: TEXTURE: [ID 1] Default texture loaded successfully
INFO: SHADER: [ID 1] Vertex shader compiled successfully
INFO: SHADER: [ID 2] Fragment shader compiled successfully
INFO: SHADER: [ID 3] Program shader loaded successfully
INFO: SHADER: [ID 3] Default shader loaded successfully
INFO: RLGL: Render batch vertex buffers loaded successfully in RAM (CPU)
INFO: RLGL: Render batch vertex buffers loaded successfully in VRAM (GPU)
INFO: RLGL: Default OpenGL state initialized successfully
INFO: TEXTURE: [ID 2] Texture loaded successfully (128x128 | GRAY_ALPHA | 1 mipmaps)
INFO: FONT: Default font loaded successfully (224 glyphs)
INFO: SYSTEM: Working Directory: /home/user/wt/x3
INFO: TIMER: Target time per frame: 0.000 milliseconds
FINALE-KIT: Wardens
WAVE: +2 (DRONE,SAPPER) [rich]
WAVE: +2 (SHIELD,GRUNT) [rich]
FINALE-KIT: Wardens
WAVE: +2 (GRUNT,SAPPER) [rich]
WAVE: +2 (SHIELD,DRONE) [rich]
WAVE: +2 (GRUNT,DRONE) [rich]
WAVE: +3 (MEDIC,GRUNT,SNIPER) [rich]
WAVE: +2 (SCOUT,GRUNT) [rich]
WAVE: +1 (GRUNT) [rich]
FINALE-KIT: Wardens
WAVE: +3 (PIKEMAN,MORTAR,MEDIC) [rich]
WAVE: +3 (MORTAR,CUSTODIAN,SNIPER) [rich]
FINALE-KIT: Wardens
WAVE: +3 (MEDIC,GRUNT,MORTAR) [rich]
WAVE: +2 (PIKEMAN,GRUNT) [rich]
WAVE: +1 (SCOUT) [rich]
FINALE-KIT: Wardens
WAVE: +3 (GRUNT,MEDIC,MORTAR) [rich]
WAVE: +3 (GRUNT,MORTAR,MORTAR) [rich]
WAVE: +2 (CUSTODIAN,GRUNT) [rich]
match 5/20  (W:3 L:2 cap:0)  99.2s
FINALE-KIT: Wardens
WAVE: +3 (CUSTODIAN,GRUNT,GRUNT) [rich]
WAVE: +3 (GRUNT,MORTAR,MEDIC) [rich]
WAVE: +3 (MORTAR,CUSTODIAN,PIKEMAN) [rich]
FINALE-KIT: Wardens
FINALE-KIT: Wardens
WAVE: +3 (DRONE,SCREENER,SCREENER) [rich]
WAVE: +3 (SHIELD,DRONE,CUSTODIAN) [rich]
WAVE: +1 (SAPPER) [rich]
WAVE: +3 (SAPPER,CUSTODIAN,SHIELD) [rich]
WAVE: +3 (SHIELD,GRUNT,SHIELD) [rich]
WAVE: +3 (SAPPER,SPOTTER,SPOTTER) [rich]
REINFORCEMENTS: +2 (SCOUT,SCOUT)
FINALE-KIT: Syndicate
WAVE: +2 (MORTAR,SCOUT) [rich]
WAVE: +2 (MEDIC,SNIPER) [rich]
WAVE: +2 (SCREENER,MEDIC) [rich]
WAVE: +2 (GRUNT,MORTAR) [rich]
FINALE-KIT: Syndicate
WAVE: +2 (GRUNT,MORTAR) [rich]
WAVE: +2 (GRUNT,SCREENER) [rich]
WAVE: +2 (MEDIC,MORTAR) [rich]
WAVE: +2 (GRUNT,SNIPER) [rich]
WAVE: +2 (GRUNT,SCREENER) [rich]
match 10/20  (W:4 L:6 cap:0)  178.9s
FINALE-KIT: Wardens
FINALE-KIT: Wardens
WAVE: +3 (SAPPER,SNIPER,LANCER) [rich]
WAVE: +3 (CUSTODIAN,DRONE,SHIELD) [rich]
WAVE: +3 (STRIKER,SNIPER,GRUNT) [rich]
FINALE-KIT: Syndicate
WAVE: +2 (HOUND,HOUND) [rich]
WAVE: +2 (HUNTER,LANCER) [rich]
WAVE: +2 (STRIKER,STRIKER) [rich]
WAVE: +2 (BERSERKER,STRIKER) [rich]
WAVE: +2 (STRIKER,BERSERKER) [rich]
FINALE-KIT: Syndicate
WAVE: +2 (LANCER,BERSERKER) [rich]
WAVE: +2 (LANCER,BERSERKER) [rich]
WAVE: +2 (WARBRINGER,BRUISER) [rich]
WAVE: +2 (LANCER,BERSERKER) [rich]
FINALE-KIT: Wardens
REINFORCEMENTS: +2 (GRUNT,GRUNT)
match 15/20  (W:4 L:11 cap:1)  273.7s
FINALE-KIT: Wardens
FINALE-KIT: Wardens
WAVE: +2 (MORTAR,SNIPER) [rich]
WAVE: +2 (SNIPER,SCOUT) [rich]
WAVE: +2 (MORTAR,PIKEMAN) [rich]
FINALE-KIT: Wardens
WAVE: +2 (SCOUT,GRUNT) [rich]
WAVE: +2 (SCOUT,PIKEMAN) [rich]
WAVE: +2 (SCOUT,SCOUT) [rich]
FINALE-KIT: Syndicate
REINFORCEMENTS: +2 (GRUNT,GRUNT)
FINALE-KIT: Syndicate
REINFORCEMENTS: +2 (GRUNT,SCOUT)
REINFORCEMENTS: +2 (SCOUT,GRUNT)
REINFORCEMENTS: +3 (SCOUT,SCOUT,GRUNT)
match 20/20  (W:6 L:14 cap:1)  389.0s

══════════════════════ SIGHTLINE BALANCE REPORT ══════════════════════
runs=20  missions=77

RUN OUTCOMES (campaign):  win-rate   30%   avg missions cleared 4.0

POLICY GAP (optimal vs human-error; campaign runs only):
  greedy win-rate   40%  (n=10)
  sloppy win-rate   20%  (n=10)
  GAP   20 pts  (swingy/unforgiving)
  PAIRED (same-seed slots): pairs=10  concordant=6  discordant greedy-only-won=3 / sloppy-only-won=1  paired gap   20 pts
  PER-SLOT RECORDS (greedy | sloppy: outcome + missions cleared; margin = g−s):
    slot  30 @h4: L 1 | W 6   margin -5
    slot  31 @h4: W 6 | L 5   margin +1
    slot  32 @h4: W 6 | W 6   margin +0
    slot  33 @h4: L 1 | L 5   margin -4
    slot  34 @h4: L 2 | L 2   margin +0
    slot  35 @h4: L 1 | L 5   margin -4
    slot  36 @h4: L 2 | L 2   margin +0
    slot  37 @h4: L 5 | L 5   margin +0
    slot  38 @h4: W 6 | L 3   margin +3
    slot  39 @h4: W 6 | L 5   margin +1
  PAIRED MARGIN (missions cleared, all pairs): -0.80 ±0.83 SE  (n=10 pairs)
  by objective (greedy / sloppy / gap):
    Decapitate :   67% /   43% / gap   24
    Defend     :   50% /   78% / gap  -28
    Eliminate  :  100% /  100% / gap    0
    Escort     :  100% /  100% / gap    0
    Evac       :  100% /   50% / gap   50
    Hack       :  100% /  100% / gap    0
    Rescue     :  100% /  100% / gap    0
    Sabotage   :   67% /  100% / gap  -33

DECISION RICHNESS / SWING:
  meaningful-choices/turn 3.38   lead-swings/match 0.6   avg max-swing 50.9
  [shot-gate] acting-soldiers/turn 3.68   armed-soldiers/turn 1.75   armed-fraction 48%   turns-with-a-shot 66%   choices/ARMED-soldier-turn 1.93
  [choice-split] los-targets/ARMED 3.62   target-choices/ARMED 0.74   position-choices/ARMED 1.18

RUN COMPLETION BY HEAT (full-campaign clears):
  heat 4:   30% ±10  (n=20 runs, avg 4.0 missions)

INTEL ECONOMY BY HEAT (campaign runs; heat-bonus = the Heat.IntelBonus share of income):
  heat 4: earned  194.1/run   heat-bonus  60.1 (  31% of income)   spent  177.0   unspent   17.1

MISSION WIN-RATE BY HEAT:
  heat 4:   81%  (n=69, avg 5.7 turns)
  heat 5:  100% ±0  (n=8, avg 5.5 turns)

MISSION WIN-RATE BY OBJECTIVE:
  Eliminate  :  100% ±0  (n=20, avg 3.1 turns)
  Defend     :   67% ±12  (n=15, avg 8.1 turns)
  Decapitate :   54% ±14  (n=13, avg 5.2 turns)
  Rescue     :  100% ±0  (n=9, avg 4.7 turns)
  Sabotage   :   83% ±15  (n=6, avg 3.7 turns)
  Hack       :  100% ±0  (n=5, avg 3.2 turns)
  Evac       :   80% ±18  (n=5, avg 15.2 turns)
  Escort     :  100% ±0  (n=4, avg 7.8 turns)

MISSION WIN-RATE BY MISSION #:
  m1:  100% ±0  (n=20)
  m2:   63% ±17  (n=8)
  m3:   73% ±11  (n=15)
  m4:   91% ±9  (n=11)
  m5:  100% ±0  (n=12)
  m6:   55% ±15  (n=11)

LOSS CAUSES (missions):
  RUN OVER              : 12
  STALEMATE             : 1

MISSION WIN-RATE BY ARENA (authored layouts, n>=3; procedural fallback   30% of 77 missions):
  arena  6:  100% ±0  (n=3, avg 3.0 turns)  [m1:100%(2) m3:100%(1)]
  arena  9:  100% ±0  (n=3, avg 3.0 turns)  [m1:100%(2) m5:100%(1)]
  arena 15:  100% ±0  (n=4, avg 3.5 turns)  [m1:100%(2) m5:100%(2)]
  arena 22:   80% ±18  (n=5, avg 4.0 turns)  [m1:100%(2) m3:67%(3)]
  arena 28:  100% ±0  (n=4, avg 11.5 turns)  [m5:100%(4)]
  arena 30:   67% ±19  (n=6, avg 6.5 turns)  [m2:50%(2) m5:100%(3) m6:0%(1)]
  arena 31:   80% ±18  (n=5, avg 12.6 turns)  [m1:100%(2) m4:67%(3)]
  arena 32:  100% ±0  (n=4, avg 5.0 turns)  [m3:100%(2) m4:100%(1) m6:100%(1)]
  procedural:   87% ±7  (n=23, avg 5.6 turns)  [m1:100%(6) m2:100%(4) m3:83%(6) m4:100%(2) m5:100%(2) m6:33%(3)]

DEPLOYMENT GEOMETRY (opening shape; choices/ARMED is the wave's real gate):
  FRONTAL   :   91%  (n=32, avg 5.3 turns)  choices/turn 4.17  choices/ARMED 2.02  los-targets/ARMED 4.83
  PINCER    :   86% ±7  (n=28, avg 6.9 turns)  choices/turn 3.07  choices/ARMED 1.98  los-targets/ARMED 2.70
  CROSSFIRE :   80% ±18  (n=5, avg 3.6 turns)  choices/turn 2.24  choices/ARMED 1.31  los-targets/ARMED 1.93
  ENVELOP   :   58% ±14  (n=12, avg 5.0 turns)  choices/turn 2.43  choices/ARMED 1.57  los-targets/ARMED 2.46

ARENA FUNNEL (Mission.Build exits, n=91 builds, all modes):
  authored-applied    :  71.4%  (n=65)
  connectivity-reject :   0.0%  (n=0)
  procedural-roll     :  28.6%  (n=26)

DECK EXPOSURE (campaign runs n=20):
  distinct authored arenas/run : 2.70 mean (all runs)
  ... full-depth runs only     : 3.33 mean over 5.0 fights/run (n=6)
  Defend dealt on the route    :   70% of runs (n=14)

ACTION MIX (verbs issued, by policy):
  verb                  greedy        sloppy
  MOVE               478   45%     747   43%
  SHOOT              258   24%     426   24%
  HUNKER             108   10%     212   12%
  BRACE               50    5%      46    3%
  INTEL               31    3%      41    2%
  RELOAD              26    2%      38    2%
  STABILIZE           15    1%      43    2%
  FOCUS                9    1%      44    3%
  OVERWATCH           11    1%      34    2%
  MARK                21    2%      18    1%
  PIN                 12    1%      17    1%
  SLIPSTREAM           9    1%      16    1%
  PLANT               10    1%      11    1%
  ITEM:SMOKE           4    0%      12    1%
  REARM                6    1%       8    0%
  BEACON               5    0%       7    0%
  HACK                 4    0%       7    0%
  GRENADE              2    0%       6    0%
  BARREL               4    0%       4    0%
  PATCH                3    0%       5    0%
  GRAPPLE              2    0%       5    0%
  EXTRACT              0    0%       7    0%
  DRAG                 0    0%       2    0%

PLAYER CLASS PERFORMANCE:
  class        shots   hit%   dmg   kills
  GUNNER         199    87%   1097     66
  ASSAULT        147    90%    868     53
  SHARPSHOOTER    130    89%    701     38
  RANGER         117    79%    611     31
  CORPSMAN        38    89%    120      4

SOLDIER DEATHS BY ENEMY CLASS (threat ranking):
  ELITE      : 10
  PIKEMAN    : 9
  GRUNT      : 7
  SNIPER     : 6
  WARBRINGER : 6
  BRUISER    : 6
  MORTAR     : 5
  SCOUT      : 5
  DRONE      : 4
  TURRET     : 4
  SCREENER   : 4
  BURN       : 3
  BERSERKER  : 3
  SAPPER     : 3
  STRIKE     : 3
  SHIELD     : 2
  BARREL     : 2
  CUSTODIAN  : 1
  MEDIC      : 1
  HUNTER     : 1
  STRIKER    : 1

SOLDIER DOWNS (FUL-7 bleed-out): 188 downs -> revived 1 / recovered 40 / bled out 131 / finished 15  (save-rate   22%)
  corpsman fielded in 21 missions

ENEMY COMPOSITION (spawns; faction-stamped fights n=644 / default-cascade fights n=134):
  class        faction         default
  GRUNT           65   10%       31   23%
  SCOUT           32    5%       52   39%
  SNIPER          49    8%        7    5%
  MEDIC           54    8%        0    0%
  MORTAR          46    7%        7    5%
  ELITE           48    7%        3    2%
  CUSTODIAN       44    7%        1    1%
  BERSERKER       38    6%        5    4%
  SCREENER        40    6%        0    0%
  PIKEMAN         38    6%        0    0%
  SAPPER          26    4%        7    5%
  HUNTER          22    3%        2    1%
  DRONE           18    3%        4    3%
  SHIELD          20    3%        1    1%
  TURRET          17    3%        3    2%
  WARBRINGER      18    3%        1    1%
  HOUND           17    3%        2    1%
  BRUISER         18    3%        0    0%
  LANCER          11    2%        6    4%
  BOMBARD          8    1%        1    1%
  SPOTTER          8    1%        0    0%
  STRIKER          7    1%        1    1%

PERK PICK FREQUENCY:
  LCK           : 14
  GRD           : 12
  OUT           : 11
  HRD           : 11
  TNK           : 10
  SKR           : 9
  GUN           : 9
  MOM           : 7
  FST           : 7
  BRK           : 7
  PLT           : 7
  VNT           : 6
  BND           : 6
  CLH           : 6
  MRK           : 5
  RFX           : 5
  SGE           : 5
  EXC           : 4
  CQB           : 3

SHOP PURCHASE FREQUENCY:
  WPN: HOLLOW POINT : 64
  BALLISTIC PLATING : 46
  FIELD MEDKIT      : 43
  WPN: STABILIZER   : 36
  WPN: SCOPE        : 24
  WPN: EXTENDED MAG : 21
  COMBAT STIMS      : 18
  FRAG CACHE        : 17
  COUNTER-PREP      : 15
  ARMORY            : 14
  WPN: BIPOD        : 13
  ADV. TRAINING     : 13
  WPN: SUPPRESSOR   : 12

BOON PICK FREQUENCY (PROCS = effect fires at instrumented sites; '-' = not instrumented;
                      PYR counts the +2-turn-burn half only — the Burning-immunity half is uninstrumented):
  code                 picks   PROCS
  FST               :     6      65
  FDR               :     5       0
  GHO               :     5       -
  MRK               :     5       -
  PYR               :     5       0
  FRT               :     4       -
  SHK               :     4       7
  TRR               :     4      16
  VNM               :     4       -
  ADR               :     3       -
  RCL               :     3       0
  RPD               :     3       -
  SCV               :     3       -
  FVR               :     2       -
  GRN               :     2       -

RUN WIN-RATE BY BOON (campaign runs holding it):
  FST               :   17% ±15  (in 6 runs)
  FDR               :   40% ±22  (in 5 runs)
  GHO               :   40% ±22  (in 5 runs)
  MRK               :   60% ±22  (in 5 runs)
  PYR               :   20% ±18  (in 5 runs)
  FRT               :   75% ±22  (in 4 runs)
  SHK               :   50% ±25  (in 4 runs)
  TRR               :   50% ±25  (in 4 runs)
  VNM               :   50% ±25  (in 4 runs)
  ADR               :  100% ±0  (in 3 runs)
  RCL               :    0% ±0  (in 3 runs)
  RPD               :    0% ±0  (in 3 runs)
  SCV               :   67% ±27  (in 3 runs)
  FVR               :    0% ±0  (in 2 runs)
  GRN               :   50% ±35  (in 2 runs)

RUN WIN-RATE BY SPEC (campaign runs fielding it):
  JUG               :   80% ±18  (in 5 runs)
  ADN               :   33% ±27  (in 3 runs)
  ANC               :   33% ±27  (in 3 runs)
  PTH               :   50% ±35  (in 2 runs)
  BRC               :  100% ±0  (in 1 runs)
  HHT               :  100% ±0  (in 1 runs)
  SNT               :    0% ±0  (in 1 runs)

RUN WIN-RATE BY PERK (campaign runs holding it):
  GRD               :   33% ±16  (in 9 runs)
  HRD               :   33% ±16  (in 9 runs)
  OUT               :   44% ±17  (in 9 runs)
  LCK               :   38% ±17  (in 8 runs)
  TNK               :   25% ±15  (in 8 runs)
  FST               :   57% ±19  (in 7 runs)
  SKR               :   14% ±13  (in 7 runs)
  MOM               :   33% ±19  (in 6 runs)
  VNT               :   33% ±19  (in 6 runs)
  BND               :   20% ±18  (in 5 runs)
  BRK               :   60% ±22  (in 5 runs)
  CLH               :   60% ±22  (in 5 runs)
  GUN               :   40% ±22  (in 5 runs)
  PLT               :   40% ±22  (in 5 runs)
  RFX               :   20% ±18  (in 5 runs)
  SGE               :   20% ±18  (in 5 runs)
  EXC               :   50% ±25  (in 4 runs)
  MRK               :   25% ±22  (in 4 runs)
  CQB               :  100% ±0  (in 2 runs)

RUN WIN-RATE BY PURCHASE (campaign runs buying it):
  WPN: HOLLOW POINT :   35% ±12  (in 17 runs)
  FIELD MEDKIT      :   40% ±13  (in 15 runs)
  ARMORY            :   23% ±12  (in 13 runs)
  BALLISTIC PLATING :   42% ±14  (in 12 runs)
  COUNTER-PREP      :   45% ±15  (in 11 runs)
  WPN: STABILIZER   :   45% ±15  (in 11 runs)
  WPN: EXTENDED MAG :   40% ±15  (in 10 runs)
  WPN: SCOPE        :   22% ±14  (in 9 runs)
  WPN: SUPPRESSOR   :   56% ±17  (in 9 runs)
  COMBAT STIMS      :   50% ±18  (in 8 runs)
  WPN: BIPOD        :   38% ±17  (in 8 runs)
  FRAG CACHE        :   43% ±19  (in 7 runs)
  ADV. TRAINING     :   50% ±20  (in 6 runs)

RUN WIN-RATE BY EVENT-CHOICE (campaign runs taking id:arm):
  informant:2       :   25% ±22  (in 4 runs)
  medic:1           :   67% ±27  (in 3 runs)
  blackmarket:2     :    0% ±0  (in 2 runs)
  informant:1       :  100% ±0  (in 2 runs)
  relic:1           :    0% ±0  (in 2 runs)
  reservecall:0     :   50% ±35  (in 2 runs)
  profiteer:0       :    0% ±0  (in 1 runs)
═══════════════════════════════════════════════════════════════════════

batch wall-time: 389.0s  (20 matches across 10 campaigns × 2 policy, frame-cap hits: 1)
aggregate JSON -> /home/user/wt/x3/docs/measurements/x3/S1-h4-b30.json
INFO: TEXTURE: [ID 2] Unloaded texture data from VRAM (GPU)
INFO: SHADER: [ID 3] Default shader unloaded successfully
INFO: TEXTURE: [ID 1] Default texture unloaded successfully
INFO: Window closed successfully
