INFO: Initializing raylib 6.0
INFO: Platform backend: DESKTOP (GLFW)
INFO: Supported raylib modules:
INFO:     > rcore:..... loaded (mandatory)
INFO:     > rlgl:...... loaded (mandatory)
INFO:     > rshapes:... loaded (optional)
INFO:     > rtextures:. loaded (optional)
INFO:     > rtext:..... loaded (optional)
INFO:     > rmodels:... loaded (optional)
INFO:     > raudio:.... loaded (optional)
INFO: DISPLAY: Trying to enable MSAA x4
INFO: DISPLAY: Device initialized successfully 
INFO:     > Display size: 1280 x 800
INFO:     > Screen size:  1280 x 800
INFO:     > Render size:  1280 x 800
INFO:     > Viewport offsets: 0, 0
INFO: GLAD: OpenGL extensions loaded successfully
INFO: GL: Supported extensions count: 229
INFO: GL: OpenGL device information:
INFO:     > Vendor:   Mesa
INFO:     > Renderer: llvmpipe (LLVM 20.1.2, 256 bits)
INFO:     > Version:  4.5 (Core Profile) Mesa 25.2.8-0ubuntu0.24.04.2
INFO:     > GLSL:     4.50
INFO: GL: VAO extension detected, VAO functions loaded successfully
INFO: GL: NPOT textures extension detected, full NPOT textures supported
INFO: GL: DXT compressed textures supported
INFO: GL: ETC2/EAC compressed textures supported
INFO: PLATFORM: DESKTOP (GLFW - X11): Initialized successfully
INFO: TEXTURE: [ID 1] Texture loaded successfully (1x1 | R8G8B8A8 | 1 mipmaps)
INFO: TEXTURE: [ID 1] Default texture loaded successfully
INFO: SHADER: [ID 1] Vertex shader compiled successfully
INFO: SHADER: [ID 2] Fragment shader compiled successfully
INFO: SHADER: [ID 3] Program shader loaded successfully
INFO: SHADER: [ID 3] Default shader loaded successfully
INFO: RLGL: Render batch vertex buffers loaded successfully in RAM (CPU)
INFO: RLGL: Render batch vertex buffers loaded successfully in VRAM (GPU)
INFO: RLGL: Default OpenGL state initialized successfully
INFO: TEXTURE: [ID 2] Texture loaded successfully (128x128 | GRAY_ALPHA | 1 mipmaps)
INFO: FONT: Default font loaded successfully (224 glyphs)
INFO: SYSTEM: Working Directory: /home/user/wt/x3
INFO: TIMER: Target time per frame: 0.000 milliseconds
FINALE-KIT: Syndicate
WAVE: +2 (GRUNT,DRONE) [rich]
WAVE: +2 (SHIELD,SHIELD) [rich]
WAVE: +2 (SAPPER,SPOTTER) [rich]
FINALE-KIT: Syndicate
WAVE: +2 (SAPPER,DRONE) [rich]
WAVE: +2 (SAPPER,SPOTTER) [rich]
WAVE: +2 (GRUNT,SHIELD) [rich]
FINALE-KIT: Wardens
WAVE: +3 (PIKEMAN,CUSTODIAN,SCREENER) [rich]
WAVE: +2 (GRUNT,MORTAR) [rich]
WAVE: +3 (GRUNT,PIKEMAN,SCREENER) [rich]
WAVE: +2 (SNIPER,SNIPER) [rich]
WAVE: +2 (GRUNT,GRUNT) [rich]
FINALE-KIT: Wardens
WAVE: +3 (MEDIC,SNIPER,PIKEMAN) [rich]
WAVE: +3 (PIKEMAN,PIKEMAN,PIKEMAN) [rich]
WAVE: +3 (GRUNT,MORTAR,MEDIC) [rich]
WAVE: +3 (MEDIC,MORTAR,MORTAR) [rich]
WAVE: +2 (MORTAR,MORTAR) [rich]
FINALE-KIT: Wardens
WAVE: +3 (SCOUT,SNIPER,MEDIC) [rich]
WAVE: +3 (GRUNT,SNIPER,MORTAR) [rich]
WAVE: +3 (MEDIC,SNIPER,SNIPER) [rich]
match 5/20  (W:3 L:2 cap:0)  105.5s
FINALE-KIT: Wardens
WAVE: +3 (SCREENER,GRUNT,SNIPER) [rich]
WAVE: +3 (MEDIC,MEDIC,MORTAR) [rich]
WAVE: +3 (MORTAR,MORTAR,SNIPER) [rich]
REINFORCEMENTS: +2 (GRUNT,SCOUT)
FINALE-KIT: Legion
WAVE: +3 (SHIELD,DRONE,DRONE) [rich]
WAVE: +3 (CUSTODIAN,DRONE,SAPPER) [rich]
WAVE: +3 (SHIELD,SPOTTER,SHIELD) [rich]
WAVE: +3 (DRONE,SHIELD,SHIELD) [rich]
WAVE: +3 (SHIELD,SHIELD,SAPPER) [rich]
WAVE: +3 (DRONE,SPOTTER,SPOTTER) [rich]
REINFORCEMENTS: +2 (GRUNT,GRUNT)
FINALE-KIT: Legion
WAVE: +3 (DRONE,DRONE,CUSTODIAN) [rich]
WAVE: +3 (DRONE,SAPPER,SHIELD) [rich]
WAVE: +1 (SHIELD) [rich]
REINFORCEMENTS: +2 (GRUNT,GRUNT)
REINFORCEMENTS: +2 (GRUNT,GRUNT)
FINALE-KIT: Legion
WAVE: +3 (MEDIC,MORTAR,GRUNT) [rich]
WAVE: +2 (SNIPER,MEDIC) [rich]
FINALE-KIT: Legion
WAVE: +3 (PIKEMAN,SNIPER,GRUNT) [rich]
WAVE: +3 (SCREENER,SNIPER,CUSTODIAN) [rich]
WAVE: +3 (PIKEMAN,MEDIC,SCREENER) [rich]
WAVE: +3 (SNIPER,GRUNT,MEDIC) [rich]
WAVE: +1 (PIKEMAN) [rich]
match 10/20  (W:4 L:6 cap:0)  243.8s
FINALE-KIT: Legion
WAVE: +2 (BERSERKER,BRUISER) [rich]
WAVE: +2 (BRUISER,STRIKER) [rich]
WAVE: +2 (BERSERKER,BRUISER) [rich]
WAVE: +2 (BRUISER,WARBRINGER) [rich]
WAVE: +2 (HUNTER,STRIKER) [rich]
WAVE: +2 (BERSERKER,HOUND) [rich]
FINALE-KIT: Legion
WAVE: +2 (BRUISER,BERSERKER) [rich]
WAVE: +2 (STRIKER,HUNTER) [rich]
WAVE: +2 (HOUND,HUNTER) [rich]
WAVE: +2 (BERSERKER,BRUISER) [rich]
WAVE: +2 (BRUISER,LANCER) [rich]
FINALE-KIT: Wardens
WAVE: +2 (DRONE,DRONE) [rich]
WAVE: +2 (DRONE,SAPPER) [rich]
WAVE: +2 (SAPPER,SAPPER) [rich]
REINFORCEMENTS: +2 (GRUNT,SCOUT)
REINFORCEMENTS: +2 (GRUNT,GRUNT)
FINALE-KIT: Wardens
WAVE: +2 (DRONE,DRONE) [rich]
WAVE: +2 (SPOTTER,SHIELD) [rich]
WAVE: +2 (DRONE,GRUNT) [rich]
REINFORCEMENTS: +2 (GRUNT,GRUNT)
FINALE-KIT: Wardens
match 15/20  (W:5 L:10 cap:1)  338.1s
FINALE-KIT: Wardens
REINFORCEMENTS: +2 (SCOUT,GRUNT)
REINFORCEMENTS: +2 (SCOUT,SCOUT)
FINALE-KIT: Wardens
WAVE: +3 (MEDIC,SNIPER,SNIPER) [rich]
WAVE: +3 (MEDIC,CUSTODIAN,MORTAR) [rich]
WAVE: +1 (PIKEMAN) [rich]
WAVE: +3 (CUSTODIAN,MORTAR,SNIPER) [rich]
WAVE: +3 (GRUNT,MORTAR,SCOUT) [rich]
WAVE: +1 (SNIPER) [rich]
FINALE-KIT: Wardens
WAVE: +3 (SCOUT,PIKEMAN,MORTAR) [rich]
WAVE: +3 (MORTAR,SNIPER,MEDIC) [rich]
WAVE: +3 (SNIPER,GRUNT,MORTAR) [rich]
FINALE-KIT: Legion
WAVE: +2 (SNIPER,PIKEMAN) [rich]
WAVE: +2 (GRUNT,SCREENER) [rich]
WAVE: +2 (SCOUT,SNIPER) [rich]
FINALE-KIT: Legion
WAVE: +2 (GRUNT,SNIPER) [rich]
WAVE: +2 (SNIPER,PIKEMAN) [rich]
WAVE: +2 (SCREENER,MORTAR) [rich]
match 20/20  (W:7 L:13 cap:1)  418.4s

══════════════════════ SIGHTLINE BALANCE REPORT ══════════════════════
runs=20  missions=75

RUN OUTCOMES (campaign):  win-rate   35%   avg missions cleared 4.4

POLICY GAP (optimal vs human-error; campaign runs only):
  greedy win-rate   30%  (n=10)
  sloppy win-rate   40%  (n=10)
  GAP  -10 pts  (healthy slack)
  PAIRED (same-seed slots): pairs=10  concordant=5  discordant greedy-only-won=2 / sloppy-only-won=3  paired gap  -10 pts
  PER-SLOT RECORDS (greedy | sloppy: outcome + missions cleared; margin = g−s):
    slot   0 @h2: W 6 | W 6   margin +0
    slot   1 @h2: L 3 | W 6   margin -3
    slot   2 @h2: L 4 | L 5   margin -1
    slot   3 @h2: L 5 | L 5   margin +0
    slot   4 @h2: W 6 | L 3   margin +3
    slot   5 @h2: L 2 | L 2   margin +0
    slot   6 @h2: L 3 | L 5   margin -2
    slot   7 @h2: W 6 | L 0   margin +6
    slot   8 @h2: L 3 | W 6   margin -3
    slot   9 @h2: L 5 | W 6   margin -1
  PAIRED MARGIN (missions cleared, all pairs): -0.10 ±0.87 SE  (n=10 pairs)
  by objective (greedy / sloppy / gap):
    Decapitate :   50% /   71% / gap  -21
    Defend     :   67% /   78% / gap  -11
    Eliminate  :   91% /   91% / gap    0
    Escort     :  100% /  100% / gap    0
    Evac       :  100% /  100% / gap    0
    Hack       :  100% /  100% / gap    0
    Rescue     :  100% /  100% / gap    0
    Sabotage   :  100% /  100% / gap    0

DECISION RICHNESS / SWING:
  meaningful-choices/turn 2.68   lead-swings/match 0.7   avg max-swing 48.6
  [shot-gate] acting-soldiers/turn 3.52   armed-soldiers/turn 1.61   armed-fraction 46%   turns-with-a-shot 68%   choices/ARMED-soldier-turn 1.66
  [choice-split] los-targets/ARMED 2.69   target-choices/ARMED 0.33   position-choices/ARMED 1.33

RUN COMPLETION BY HEAT (full-campaign clears):
  heat 2:   35% ±11  (n=20 runs, avg 4.4 missions)

INTEL ECONOMY BY HEAT (campaign runs; heat-bonus = the Heat.IntelBonus share of income):
  heat 2: earned  149.0/run   heat-bonus  22.4 (  15% of income)   spent  134.3   unspent   14.8

MISSION WIN-RATE BY HEAT:
  heat 2:   84%  (n=75, avg 5.8 turns)

MISSION WIN-RATE BY OBJECTIVE:
  Eliminate  :   91% ±6  (n=22, avg 3.7 turns)
  Defend     :   72% ±11  (n=18, avg 8.7 turns)
  Decapitate :   62% ±13  (n=13, avg 4.8 turns)
  Escort     :  100% ±0  (n=8, avg 8.5 turns)
  Hack       :  100% ±0  (n=6, avg 3.3 turns)
  Evac       :  100% ±0  (n=4, avg 10.0 turns)
  Sabotage   :  100% ±0  (n=2, avg 2.0 turns)
  Rescue     :  100% ±0  (n=2, avg 2.0 turns)

MISSION WIN-RATE BY MISSION #:
  m1:   95% ±5  (n=20)
  m2:  100% ±0  (n=6)
  m3:   86% ±9  (n=14)
  m4:   73% ±11  (n=15)
  m5:   89% ±10  (n=9)
  m6:   64% ±15  (n=11)

LOSS CAUSES (missions):
  RUN OVER              : 12

MISSION WIN-RATE BY ARENA (authored layouts, n>=3; procedural fallback   11% of 75 missions):
  arena  2:   33% ±27  (n=3, avg 6.3 turns)  [m5:100%(1) m6:0%(2)]
  arena  4:   50% ±25  (n=4, avg 5.8 turns)  [m1:100%(2) m3:0%(2)]
  arena  7:   67% ±27  (n=3, avg 7.3 turns)  [m4:50%(2) m5:100%(1)]
  arena 11:  100% ±0  (n=3, avg 9.0 turns)  [m2:100%(1) m4:100%(2)]
  arena 14:   88% ±12  (n=8, avg 3.9 turns)  [m1:83%(6) m6:100%(2)]
  arena 26:   75% ±22  (n=4, avg 3.0 turns)  [m3:100%(2) m6:50%(2)]
  arena 27:   60% ±22  (n=5, avg 6.8 turns)  [m4:67%(3) m5:50%(2)]
  arena 28:   67% ±27  (n=3, avg 10.3 turns)  [m3:100%(1) m5:100%(1) m6:0%(1)]
  arena 31:  100% ±0  (n=4, avg 6.5 turns)  [m1:100%(2) m3:100%(2)]
  arena 33:   89% ±10  (n=9, avg 6.7 turns)  [m1:100%(2) m2:100%(2) m3:100%(2) m4:50%(2) m6:100%(1)]
  arena 34:  100% ±0  (n=3, avg 7.3 turns)  [m3:100%(2) m6:100%(1)]
  procedural:  100% ±0  (n=8, avg 5.5 turns)  [m1:100%(2) m2:100%(1) m3:100%(1) m4:100%(2) m5:100%(1) m6:100%(1)]

DEPLOYMENT GEOMETRY (opening shape; choices/ARMED is the wave's real gate):
  FRONTAL   :   90% ±6  (n=29, avg 5.6 turns)  choices/turn 3.93  choices/ARMED 1.81  los-targets/ARMED 2.97
  PINCER    :   78%  (n=32, avg 6.1 turns)  choices/turn 1.77  choices/ARMED 1.43  los-targets/ARMED 2.38
  CROSSFIRE :   88% ±12  (n=8, avg 5.4 turns)  choices/turn 2.27  choices/ARMED 1.69  los-targets/ARMED 2.93
  ENVELOP   :   83% ±15  (n=6, avg 6.0 turns)  choices/turn 2.27  choices/ARMED 1.70  los-targets/ARMED 1.86

ARENA FUNNEL (Mission.Build exits, n=91 builds, all modes):
  authored-applied    :  89.0%  (n=81)
  connectivity-reject :   0.0%  (n=0)
  procedural-roll     :  11.0%  (n=10)

DECK EXPOSURE (campaign runs n=20):
  distinct authored arenas/run : 3.35 mean (all runs)
  ... full-depth runs only     : 4.29 mean over 4.6 fights/run (n=7)
  Defend dealt on the route    :   90% of runs (n=18)

ACTION MIX (verbs issued, by policy):
  verb                  greedy        sloppy
  MOVE               555   41%     669   41%
  SHOOT              337   25%     364   22%
  HUNKER             115    8%     217   13%
  BRACE               62    5%      51    3%
  FOCUS               40    3%      58    4%
  RELOAD              39    3%      46    3%
  INTEL               38    3%      34    2%
  SLIPSTREAM          26    2%      34    2%
  STABILIZE           23    2%      30    2%
  OVERWATCH           19    1%      32    2%
  MARK                25    2%      14    1%
  ITEM:SMOKE          18    1%      13    1%
  PIN                 14    1%      16    1%
  BEACON               5    0%       9    1%
  REARM               10    1%       3    0%
  HACK                 9    1%       4    0%
  EXTRACT              4    0%       7    0%
  PATCH                6    0%       3    0%
  GRAPPLE              4    0%       4    0%
  GRENADE              2    0%       5    0%
  BARREL               2    0%       5    0%
  PLANT                3    0%       3    0%
  DRAG                 1    0%       3    0%
  ITEM:INCENDIARY       0    0%       1    0%

PLAYER CLASS PERFORMANCE:
  class        shots   hit%   dmg   kills
  ASSAULT        181    88%   1006     56
  GUNNER         196    84%    954     60
  SHARPSHOOTER    134    93%    770     46
  RANGER         135    88%    699     38
  CORPSMAN        31    87%    102      5

SOLDIER DEATHS BY ENEMY CLASS (threat ranking):
  SNIPER     : 13
  GRUNT      : 10
  HUNTER     : 9
  SAPPER     : 7
  SCOUT      : 7
  STRIKE     : 7
  BURN       : 6
  MORTAR     : 6
  BERSERKER  : 5
  ELITE      : 5
  LANCER     : 5
  HOUND      : 4
  BARREL     : 3
  SHIELD     : 2
  SCREENER   : 2
  DRONE      : 2
  BRUISER    : 2
  TURRET     : 2
  STRIKER    : 1
  WARBRINGER : 1
  SPOTTER    : 1
  CUSTODIAN  : 1

SOLDIER DOWNS (FUL-7 bleed-out): 215 downs -> revived 6 / recovered 39 / bled out 140 / finished 27  (save-rate   22%)
  corpsman fielded in 27 missions

ENEMY COMPOSITION (spawns; faction-stamped fights n=558 / default-cascade fights n=181):
  class        faction         default
  GRUNT           63   11%       46   25%
  SCOUT           22    4%       44   24%
  DRONE           46    8%       10    6%
  SNIPER          48    9%        5    3%
  ELITE           35    6%        9    5%
  MORTAR          33    6%       10    6%
  MEDIC           38    7%        3    2%
  SAPPER          37    7%        2    1%
  HUNTER          25    4%       10    6%
  SCREENER        27    5%        2    1%
  LANCER          21    4%        8    4%
  BERSERKER       16    3%       11    6%
  SHIELD          23    4%        0    0%
  HOUND           18    3%        4    2%
  TURRET          14    3%        7    4%
  BRUISER         21    4%        0    0%
  CUSTODIAN       19    3%        0    0%
  PIKEMAN         14    3%        3    2%
  SPOTTER         13    2%        2    1%
  WARBRINGER      12    2%        0    0%
  STRIKER          8    1%        3    2%
  BOMBARD          5    1%        2    1%

PERK PICK FREQUENCY:
  MOM           : 17
  SKR           : 13
  FST           : 12
  OUT           : 11
  GUN           : 11
  LCK           : 10
  GRD           : 10
  TNK           : 9
  SGE           : 9
  VNT           : 8
  PLT           : 8
  RFX           : 7
  MRK           : 7
  CQB           : 6
  HRD           : 5
  EXC           : 5
  BRK           : 5
  CLH           : 5
  BND           : 4

SHOP PURCHASE FREQUENCY:
  FIELD MEDKIT      : 54
  WPN: SCOPE        : 38
  WPN: HOLLOW POINT : 37
  COMBAT STIMS      : 21
  BALLISTIC PLATING : 20
  WPN: STABILIZER   : 18
  ADV. TRAINING     : 15
  FRAG CACHE        : 14
  ARMORY            : 13
  COUNTER-PREP      : 10
  WPN: BIPOD        : 8
  WPN: SUPPRESSOR   : 7
  WPN: EXTENDED MAG : 4

BOON PICK FREQUENCY (PROCS = effect fires at instrumented sites; '-' = not instrumented;
                      PYR counts the +2-turn-burn half only — the Burning-immunity half is uninstrumented):
  code                 picks   PROCS
  FDR               :     6       2
  ADR               :     5       -
  FST               :     5      57
  MRK               :     5       -
  RPD               :     5       -
  SHK               :     5       2
  FVR               :     4       -
  PYR               :     4       2
  FRT               :     3       -
  GRN               :     3       -
  RCL               :     3       0
  SCV               :     3       -
  EXE               :     2       -
  GHO               :     2       -
  VNM               :     1       -

RUN WIN-RATE BY BOON (campaign runs holding it):
  FDR               :   17% ±15  (in 6 runs)
  ADR               :   40% ±22  (in 5 runs)
  FST               :    0% ±0  (in 5 runs)
  MRK               :  100% ±0  (in 5 runs)
  RPD               :   60% ±22  (in 5 runs)
  SHK               :   40% ±22  (in 5 runs)
  FVR               :   50% ±25  (in 4 runs)
  PYR               :   25% ±22  (in 4 runs)
  FRT               :   67% ±27  (in 3 runs)
  GRN               :   67% ±27  (in 3 runs)
  RCL               :   33% ±27  (in 3 runs)
  SCV               :   33% ±27  (in 3 runs)
  EXE               :   50% ±35  (in 2 runs)
  GHO               :   50% ±35  (in 2 runs)
  VNM               :  100% ±0  (in 1 runs)

RUN WIN-RATE BY SPEC (campaign runs fielding it):
  ANC               :   50% ±25  (in 4 runs)
  HHT               :   50% ±25  (in 4 runs)
  JUG               :   50% ±25  (in 4 runs)
  ADN               :   67% ±27  (in 3 runs)
  BRC               :  100% ±0  (in 2 runs)
  PHN               :   50% ±35  (in 2 runs)
  SNT               :   50% ±35  (in 2 runs)
  MED               :  100% ±0  (in 1 runs)
  PTH               :    0% ±0  (in 1 runs)

RUN WIN-RATE BY PERK (campaign runs holding it):
  SKR               :   45% ±15  (in 11 runs)
  MOM               :   30% ±14  (in 10 runs)
  FST               :   33% ±16  (in 9 runs)
  GUN               :   33% ±16  (in 9 runs)
  OUT               :   44% ±17  (in 9 runs)
  LCK               :   50% ±18  (in 8 runs)
  GRD               :   71% ±17  (in 7 runs)
  PLT               :   43% ±19  (in 7 runs)
  SGE               :   29% ±17  (in 7 runs)
  TNK               :   57% ±19  (in 7 runs)
  VNT               :   50% ±20  (in 6 runs)
  CLH               :   20% ±18  (in 5 runs)
  CQB               :   60% ±22  (in 5 runs)
  EXC               :   60% ±22  (in 5 runs)
  MRK               :   20% ±18  (in 5 runs)
  RFX               :   20% ±18  (in 5 runs)
  BND               :   50% ±25  (in 4 runs)
  BRK               :   50% ±25  (in 4 runs)
  HRD               :   75% ±22  (in 4 runs)

RUN WIN-RATE BY PURCHASE (campaign runs buying it):
  FIELD MEDKIT      :   47% ±13  (in 15 runs)
  ARMORY            :   36% ±15  (in 11 runs)
  COMBAT STIMS      :   36% ±15  (in 11 runs)
  WPN: HOLLOW POINT :   60% ±15  (in 10 runs)
  BALLISTIC PLATING :   56% ±17  (in 9 runs)
  COUNTER-PREP      :   56% ±17  (in 9 runs)
  WPN: SCOPE        :   56% ±17  (in 9 runs)
  ADV. TRAINING     :   43% ±19  (in 7 runs)
  FRAG CACHE        :   29% ±17  (in 7 runs)
  WPN: BIPOD        :   43% ±19  (in 7 runs)
  WPN: STABILIZER   :   29% ±17  (in 7 runs)
  WPN: SUPPRESSOR   :   17% ±15  (in 6 runs)
  WPN: EXTENDED MAG :    0% ±0  (in 3 runs)

RUN WIN-RATE BY EVENT-CHOICE (campaign runs taking id:arm):
  warchest:1        :   75% ±22  (in 4 runs)
  warpension:1      :   25% ±22  (in 4 runs)
  defector:0        :   33% ±27  (in 3 runs)
  bloodfeud:0       :   50% ±35  (in 2 runs)
  cache:1           :   50% ±35  (in 2 runs)
  depot:0           :   50% ±35  (in 2 runs)
  depot:1           :   50% ±35  (in 2 runs)
  fieldhospital:2   :    0% ±0  (in 2 runs)
  grave:1           :    0% ±0  (in 2 runs)
  drill:0           :  100% ±0  (in 1 runs)
═══════════════════════════════════════════════════════════════════════

batch wall-time: 418.4s  (20 matches across 10 campaigns × 2 policy, frame-cap hits: 1)
aggregate JSON -> /home/user/wt/x3/docs/measurements/x3/S1-h2-b0.json
INFO: TEXTURE: [ID 2] Unloaded texture data from VRAM (GPU)
INFO: SHADER: [ID 3] Default shader unloaded successfully
INFO: TEXTURE: [ID 1] Default texture unloaded successfully
INFO: Window closed successfully
