INFO: Initializing raylib 6.0
INFO: Platform backend: DESKTOP (GLFW)
INFO: Supported raylib modules:
INFO:     > rcore:..... loaded (mandatory)
INFO:     > rlgl:...... loaded (mandatory)
INFO:     > rshapes:... loaded (optional)
INFO:     > rtextures:. loaded (optional)
INFO:     > rtext:..... loaded (optional)
INFO:     > rmodels:... loaded (optional)
INFO:     > raudio:.... loaded (optional)
INFO: DISPLAY: Trying to enable MSAA x4
INFO: DISPLAY: Device initialized successfully 
INFO:     > Display size: 1280 x 800
INFO:     > Screen size:  1280 x 800
INFO:     > Render size:  1280 x 800
INFO:     > Viewport offsets: 0, 0
INFO: GLAD: OpenGL extensions loaded successfully
INFO: GL: Supported extensions count: 229
INFO: GL: OpenGL device information:
INFO:     > Vendor:   Mesa
INFO:     > Renderer: llvmpipe (LLVM 20.1.2, 256 bits)
INFO:     > Version:  4.5 (Core Profile) Mesa 25.2.8-0ubuntu0.24.04.2
INFO:     > GLSL:     4.50
INFO: GL: VAO extension detected, VAO functions loaded successfully
INFO: GL: NPOT textures extension detected, full NPOT textures supported
INFO: GL: DXT compressed textures supported
INFO: GL: ETC2/EAC compressed textures supported
INFO: PLATFORM: DESKTOP (GLFW - X11): Initialized successfully
INFO: TEXTURE: [ID 1] Texture loaded successfully (1x1 | R8G8B8A8 | 1 mipmaps)
INFO: TEXTURE: [ID 1] Default texture loaded successfully
INFO: SHADER: [ID 1] Vertex shader compiled successfully
INFO: SHADER: [ID 2] Fragment shader compiled successfully
INFO: SHADER: [ID 3] Program shader loaded successfully
INFO: SHADER: [ID 3] Default shader loaded successfully
INFO: RLGL: Render batch vertex buffers loaded successfully in RAM (CPU)
INFO: RLGL: Render batch vertex buffers loaded successfully in VRAM (GPU)
INFO: RLGL: Default OpenGL state initialized successfully
INFO: TEXTURE: [ID 2] Texture loaded successfully (128x128 | GRAY_ALPHA | 1 mipmaps)
INFO: FONT: Default font loaded successfully (224 glyphs)
INFO: SYSTEM: Working Directory: /home/user/wt/x3
INFO: TIMER: Target time per frame: 0.000 milliseconds
FINALE-KIT: Syndicate
WAVE: +2 (GRUNT,DRONE) [rich]
WAVE: +2 (SHIELD,SAPPER) [rich]
WAVE: +2 (DRONE,SAPPER) [rich]
FINALE-KIT: Syndicate
WAVE: +2 (DRONE,SHIELD) [rich]
WAVE: +2 (GRUNT,DRONE) [rich]
WAVE: +2 (SPOTTER,DRONE) [rich]
FINALE-KIT: Wardens
WAVE: +3 (SCREENER,SNIPER,SNIPER) [rich]
WAVE: +3 (MORTAR,CUSTODIAN,PIKEMAN) [rich]
WAVE: +2 (MORTAR,MORTAR) [rich]
FINALE-KIT: Wardens
WAVE: +3 (PIKEMAN,SNIPER,GRUNT) [rich]
WAVE: +3 (MEDIC,SNIPER,MORTAR) [rich]
WAVE: +3 (SNIPER,GRUNT,SNIPER) [rich]
WAVE: +3 (MORTAR,MEDIC,MORTAR) [rich]
WAVE: +3 (SCREENER,MORTAR,SNIPER) [rich]
WAVE: +3 (SNIPER,GRUNT,PIKEMAN) [rich]
FINALE-KIT: Wardens
WAVE: +3 (SCOUT,MORTAR,SCOUT) [rich]
WAVE: +3 (CUSTODIAN,SCREENER,SCREENER) [rich]
WAVE: +3 (SNIPER,MORTAR,GRUNT) [rich]
REINFORCEMENTS: +2 (GRUNT,SCOUT)
match 5/20  (W:5 L:0 cap:0)  84.3s
FINALE-KIT: Wardens
WAVE: +3 (SCREENER,SNIPER,PIKEMAN) [rich]
WAVE: +3 (SNIPER,MORTAR,SNIPER) [rich]
WAVE: +3 (GRUNT,PIKEMAN,GRUNT) [rich]
FINALE-KIT: Legion
FINALE-KIT: Legion
FINALE-KIT: Legion
WAVE: +3 (MORTAR,MEDIC,SNIPER) [rich]
WAVE: +3 (MORTAR,CUSTODIAN,SNIPER) [rich]
WAVE: +3 (GRUNT,GRUNT,SNIPER) [rich]
FINALE-KIT: Legion
WAVE: +3 (MEDIC,GRUNT,SNIPER) [rich]
WAVE: +3 (PIKEMAN,PIKEMAN,SNIPER) [rich]
WAVE: +3 (SCOUT,SNIPER,GRUNT) [rich]
match 10/20  (W:8 L:2 cap:0)  156.4s
FINALE-KIT: Legion
WAVE: +2 (BERSERKER,BRUISER) [rich]
WAVE: +2 (HOUND,HUNTER) [rich]
WAVE: +2 (BRUISER,BERSERKER) [rich]
FINALE-KIT: Legion
WAVE: +2 (HUNTER,HOUND) [rich]
WAVE: +2 (BERSERKER,HOUND) [rich]
WAVE: +2 (BERSERKER,STRIKER) [rich]
FINALE-KIT: Wardens
WAVE: +2 (SPOTTER,SPOTTER) [rich]
WAVE: +2 (SHIELD,SAPPER) [rich]
WAVE: +2 (SAPPER,DRONE) [rich]
FINALE-KIT: Wardens
WAVE: +2 (SPOTTER,SPOTTER) [rich]
WAVE: +2 (SHIELD,SAPPER) [rich]
WAVE: +2 (SAPPER,DRONE) [rich]
REINFORCEMENTS: +2 (SCOUT,SCOUT)
FINALE-KIT: Wardens
REINFORCEMENTS: +2 (GRUNT,GRUNT)
REINFORCEMENTS: +2 (SCOUT,SCOUT)
match 15/20  (W:11 L:4 cap:0)  232.4s
FINALE-KIT: Wardens
REINFORCEMENTS: +2 (GRUNT,GRUNT)
REINFORCEMENTS: +2 (SCOUT,SCOUT)
FINALE-KIT: Wardens
WAVE: +3 (SNIPER,SCOUT,MEDIC) [rich]
WAVE: +3 (SNIPER,GRUNT,MORTAR) [rich]
WAVE: +3 (GRUNT,SNIPER,PIKEMAN) [rich]
FINALE-KIT: Wardens
WAVE: +3 (MORTAR,GRUNT,PIKEMAN) [rich]
WAVE: +3 (PIKEMAN,GRUNT,SCOUT) [rich]
WAVE: +3 (SNIPER,GRUNT,SCOUT) [rich]
FINALE-KIT: Legion
WAVE: +2 (GRUNT,GRUNT) [rich]
WAVE: +2 (GRUNT,MORTAR) [rich]
WAVE: +2 (PIKEMAN,SNIPER) [rich]
FINALE-KIT: Legion
WAVE: +2 (GRUNT,SCREENER) [rich]
WAVE: +2 (PIKEMAN,SCOUT) [rich]
WAVE: +2 (CUSTODIAN,MEDIC) [rich]
match 20/20  (W:16 L:4 cap:0)  313.3s

══════════════════════ SIGHTLINE BALANCE REPORT ══════════════════════
runs=20  missions=86

RUN OUTCOMES (campaign):  win-rate   80%   avg missions cleared 5.3

POLICY GAP (optimal vs human-error; campaign runs only):
  greedy win-rate   80%  (n=10)
  sloppy win-rate   80%  (n=10)
  GAP    0 pts  (healthy slack)
  PAIRED (same-seed slots): pairs=10  concordant=10  discordant greedy-only-won=0 / sloppy-only-won=0  paired gap    0 pts
  PER-SLOT RECORDS (greedy | sloppy: outcome + missions cleared; margin = g−s):
    slot   0 @h-1: W 6 | W 6   margin +0
    slot   1 @h-1: W 6 | W 6   margin +0
    slot   2 @h-1: W 6 | W 6   margin +0
    slot   3 @h-1: L 2 | L 2   margin +0
    slot   4 @h-1: W 6 | W 6   margin +0
    slot   5 @h-1: L 3 | L 3   margin +0
    slot   6 @h-1: W 6 | W 6   margin +0
    slot   7 @h-1: W 6 | W 6   margin +0
    slot   8 @h-1: W 6 | W 6   margin +0
    slot   9 @h-1: W 6 | W 6   margin +0
  PAIRED MARGIN (missions cleared, all pairs): +0.00 ±0.00 SE  (n=10 pairs)
  by objective (greedy / sloppy / gap):
    Decapitate :  100% /  100% / gap    0
    Defend     :  100% /  100% / gap    0
    Eliminate  :  100% /  100% / gap    0
    Escort     :   60% /   60% / gap    0
    Evac       :  100% /  100% / gap    0
    Hack       :  100% /  100% / gap    0
    Rescue     :  100% /  100% / gap    0
    Sabotage   :  100% /  100% / gap    0

DECISION RICHNESS / SWING:
  meaningful-choices/turn 2.20   lead-swings/match 0.8   avg max-swing 37.8
  [shot-gate] acting-soldiers/turn 4.08   armed-soldiers/turn 1.49   armed-fraction 36%   turns-with-a-shot 55%   choices/ARMED-soldier-turn 1.48
  [choice-split] los-targets/ARMED 2.63   target-choices/ARMED 0.38   position-choices/ARMED 1.10

RUN COMPLETION BY HEAT (full-campaign clears):
  heat -1:   80% ±9  (n=20 runs, avg 5.3 missions)

INTEL ECONOMY BY HEAT (campaign runs; heat-bonus = the Heat.IntelBonus share of income):
  heat -1: earned  148.6/run   heat-bonus   0.0 (   0% of income)   spent  137.3   unspent   11.3

MISSION WIN-RATE BY HEAT:
  heat -1:   95%  (n=86, avg 7.4 turns)

MISSION WIN-RATE BY OBJECTIVE:
  Eliminate  :  100% ±0  (n=22, avg 3.0 turns)
  Decapitate :  100% ±0  (n=18, avg 3.9 turns)
  Defend     :  100% ±0  (n=16, avg 9.0 turns)
  Escort     :   60% ±15  (n=10, avg 24.3 turns)
  Hack       :  100% ±0  (n=8, avg 3.4 turns)
  Evac       :  100% ±0  (n=6, avg 8.8 turns)
  Rescue     :  100% ±0  (n=4, avg 6.5 turns)
  Sabotage   :  100% ±0  (n=2, avg 3.0 turns)

MISSION WIN-RATE BY MISSION #:
  m1:  100% ±0  (n=20)
  m2:  100% ±0  (n=6)
  m3:   86% ±9  (n=14)
  m4:   88% ±8  (n=16)
  m5:  100% ±0  (n=14)
  m6:  100% ±0  (n=16)

LOSS CAUSES (missions):
  STALEMATE             : 4

MISSION WIN-RATE BY ARENA (authored layouts, n>=3; procedural fallback   16% of 86 missions):
  arena  4:  100% ±0  (n=3, avg 4.3 turns)  [m1:100%(2) m3:100%(1)]
  arena  7:  100% ±0  (n=3, avg 6.7 turns)  [m4:100%(1) m5:100%(2)]
  arena 11:  100% ±0  (n=4, avg 9.0 turns)  [m2:100%(2) m4:100%(2)]
  arena 14:  100% ±0  (n=8, avg 3.1 turns)  [m1:100%(6) m6:100%(2)]
  arena 26:  100% ±0  (n=3, avg 2.7 turns)  [m3:100%(2) m6:100%(1)]
  arena 27:  100% ±0  (n=4, avg 4.0 turns)  [m4:100%(3) m5:100%(1)]
  arena 28:   43% ±19  (n=7, avg 31.3 turns)  [m3:0%(2) m4:0%(2) m5:100%(1) m6:100%(2)]
  arena 31:  100% ±0  (n=4, avg 4.3 turns)  [m1:100%(2) m3:100%(2)]
  arena 33:  100% ±0  (n=8, avg 8.1 turns)  [m2:100%(2) m3:100%(2) m4:100%(2) m6:100%(2)]
  arena 34:  100% ±0  (n=4, avg 8.0 turns)  [m3:100%(2) m6:100%(2)]
  procedural:  100% ±0  (n=14, avg 7.4 turns)  [m1:100%(2) m2:100%(1) m3:100%(2) m4:100%(2) m5:100%(4) m6:100%(3)]

DEPLOYMENT GEOMETRY (opening shape; choices/ARMED is the wave's real gate):
  FRONTAL   :   95%  (n=38, avg 7.7 turns)  choices/turn 2.23  choices/ARMED 1.27  los-targets/ARMED 2.91
  PINCER    :   94%  (n=32, avg 8.3 turns)  choices/turn 2.28  choices/ARMED 1.81  los-targets/ARMED 2.30
  CROSSFIRE :  100% ±0  (n=10, avg 4.7 turns)  choices/turn 1.67  choices/ARMED 1.29  los-targets/ARMED 2.43
  ENVELOP   :  100% ±0  (n=6, avg 4.7 turns)  choices/turn 2.08  choices/ARMED 1.93  los-targets/ARMED 1.61

ARENA FUNNEL (Mission.Build exits, n=89 builds, all modes):
  authored-applied    :  84.3%  (n=75)
  connectivity-reject :   0.0%  (n=0)
  procedural-roll     :  15.7%  (n=14)

DECK EXPOSURE (campaign runs n=20):
  distinct authored arenas/run : 3.60 mean (all runs)
  ... full-depth runs only     : 4.00 mean over 4.6 fights/run (n=16)
  Defend dealt on the route    :   80% of runs (n=16)

ACTION MIX (verbs issued, by policy):
  verb                  greedy        sloppy
  MOVE               551   28%     601   31%
  HUNKER             448   23%     349   18%
  SHOOT              366   19%     345   18%
  OVERWATCH          261   13%     321   17%
  FOCUS               99    5%      46    2%
  RELOAD              44    2%      46    2%
  BRACE               34    2%      50    3%
  INTEL               35    2%      33    2%
  ITEM:SMOKE          18    1%      15    1%
  SLIPSTREAM          17    1%      15    1%
  STABILIZE           14    1%      18    1%
  MARK                 8    0%      19    1%
  PIN                 14    1%      12    1%
  BEACON              10    1%       9    0%
  HACK                 9    0%       9    0%
  PATCH               10    1%       7    0%
  REARM                7    0%       7    0%
  EXTRACT              5    0%       5    0%
  GRAPPLE              4    0%       2    0%
  PLANT                3    0%       3    0%
  GRENADE              1    0%       5    0%
  BARREL               1    0%       2    0%
  ITEM:INCENDIARY       0    0%       1    0%

PLAYER CLASS PERFORMANCE:
  class        shots   hit%   dmg   kills
  GUNNER         249    88%   1326     85
  ASSAULT        169    74%    782     48
  SHARPSHOOTER    154    86%    775     39
  RANGER         121    88%    645     39
  CORPSMAN        90    83%    303     19

SOLDIER DEATHS BY ENEMY CLASS (threat ranking):
  BURN       : 6
  STRIKE     : 4
  MORTAR     : 4
  BRUISER    : 4
  WARBRINGER : 4
  GRUNT      : 3
  SCOUT      : 3
  SNIPER     : 3
  LANCER     : 2
  SHIELD     : 2
  CUSTODIAN  : 2
  DRONE      : 1
  TURRET     : 1
  BERSERKER  : 1

SOLDIER DOWNS (FUL-7 bleed-out): 120 downs -> revived 10 / recovered 63 / bled out 31 / finished 16  (save-rate   61%)
  corpsman fielded in 35 missions

ENEMY COMPOSITION (spawns; faction-stamped fights n=419 / default-cascade fights n=140):
  class        faction         default
  GRUNT           50   12%       29   21%
  SCOUT           21    5%       34   24%
  DRONE           38    9%        8    6%
  ELITE           34    8%       10    7%
  TURRET          31    7%        6    4%
  MORTAR          30    7%        5    4%
  SNIPER          32    8%        0    0%
  MEDIC           25    6%        5    4%
  SHIELD          12    3%        9    6%
  SCREENER        16    4%        5    4%
  SPOTTER         16    4%        4    3%
  SAPPER          10    2%        9    6%
  PIKEMAN         19    5%        0    0%
  BRUISER         18    4%        0    0%
  BERSERKER       11    3%        6    4%
  CUSTODIAN       12    3%        3    2%
  HUNTER           9    2%        4    3%
  WARBRINGER      11    3%        1    1%
  LANCER          10    2%        0    0%
  STRIKER          5    1%        2    1%
  HOUND            5    1%        0    0%
  BOMBARD          4    1%        0    0%

PERK PICK FREQUENCY:
  LCK           : 16
  MOM           : 15
  TNK           : 12
  OUT           : 12
  SGE           : 12
  GUN           : 11
  BND           : 11
  GRD           : 11
  MRK           : 9
  SKR           : 8
  FST           : 8
  VNT           : 7
  CLH           : 7
  EXC           : 6
  CQB           : 6
  PLT           : 6
  HRD           : 6
  BRK           : 5
  RFX           : 4

SHOP PURCHASE FREQUENCY:
  FIELD MEDKIT      : 70
  WPN: SCOPE        : 35
  WPN: HOLLOW POINT : 32
  COMBAT STIMS      : 23
  ADV. TRAINING     : 19
  BALLISTIC PLATING : 18
  ARMORY            : 14
  WPN: BIPOD        : 14
  COUNTER-PREP      : 13
  WPN: STABILIZER   : 10
  FRAG CACHE        : 10
  WPN: EXTENDED MAG : 9
  WPN: SUPPRESSOR   : 6

BOON PICK FREQUENCY (PROCS = effect fires at instrumented sites; '-' = not instrumented;
                      PYR counts the +2-turn-burn half only — the Burning-immunity half is uninstrumented):
  code                 picks   PROCS
  GHO               :     8       -
  FRT               :     7       -
  FDR               :     6       0
  GRN               :     6       -
  SHK               :     6       2
  MRK               :     5       -
  TRR               :     5       5
  ADR               :     4       -
  FVR               :     4       -
  SCV               :     4       -
  PYR               :     3       0
  EXE               :     2       -
  FST               :     2      12
  RCL               :     2       0
  RPD               :     1       -
  VNM               :     1       -

RUN WIN-RATE BY BOON (campaign runs holding it):
  GHO               :   75% ±15  (in 8 runs)
  FRT               :  100% ±0  (in 7 runs)
  FDR               :   83% ±15  (in 6 runs)
  GRN               :  100% ±0  (in 6 runs)
  SHK               :   83% ±15  (in 6 runs)
  MRK               :   80% ±18  (in 5 runs)
  TRR               :  100% ±0  (in 5 runs)
  ADR               :  100% ±0  (in 4 runs)
  FVR               :  100% ±0  (in 4 runs)
  SCV               :   75% ±22  (in 4 runs)
  PYR               :   33% ±27  (in 3 runs)
  EXE               :  100% ±0  (in 2 runs)
  FST               :  100% ±0  (in 2 runs)
  RCL               :  100% ±0  (in 2 runs)
  RPD               :  100% ±0  (in 1 runs)
  VNM               :  100% ±0  (in 1 runs)

RUN WIN-RATE BY SPEC (campaign runs fielding it):
  ANC               :  100% ±0  (in 6 runs)
  ADN               :  100% ±0  (in 2 runs)
  HHT               :  100% ±0  (in 2 runs)
  JUG               :  100% ±0  (in 2 runs)
  MED               :  100% ±0  (in 2 runs)
  BRC               :  100% ±0  (in 1 runs)
  PTH               :  100% ±0  (in 1 runs)
  SNT               :  100% ±0  (in 1 runs)

RUN WIN-RATE BY PERK (campaign runs holding it):
  LCK               :   85% ±10  (in 13 runs)
  MOM               :  100% ±0  (in 10 runs)
  OUT               :   90% ±9  (in 10 runs)
  SGE               :   80% ±13  (in 10 runs)
  TNK               :   90% ±9  (in 10 runs)
  BND               :   89% ±10  (in 9 runs)
  GUN               :   88% ±12  (in 8 runs)
  MRK               :   88% ±12  (in 8 runs)
  CLH               :   71% ±17  (in 7 runs)
  GRD               :   86% ±13  (in 7 runs)
  CQB               :  100% ±0  (in 6 runs)
  HRD               :   83% ±15  (in 6 runs)
  SKR               :   83% ±15  (in 6 runs)
  VNT               :   67% ±19  (in 6 runs)
  EXC               :  100% ±0  (in 5 runs)
  FST               :  100% ±0  (in 5 runs)
  PLT               :  100% ±0  (in 5 runs)
  BRK               :  100% ±0  (in 4 runs)
  RFX               :   75% ±22  (in 4 runs)

RUN WIN-RATE BY PURCHASE (campaign runs buying it):
  FIELD MEDKIT      :   80% ±9  (in 20 runs)
  WPN: SCOPE        :   71% ±12  (in 14 runs)
  COUNTER-PREP      :  100% ±0  (in 12 runs)
  WPN: HOLLOW POINT :   92% ±8  (in 12 runs)
  ARMORY            :  100% ±0  (in 11 runs)
  COMBAT STIMS      :   82% ±12  (in 11 runs)
  ADV. TRAINING     :  100% ±0  (in 10 runs)
  BALLISTIC PLATING :   80% ±13  (in 10 runs)
  WPN: BIPOD        :  100% ±0  (in 10 runs)
  WPN: STABILIZER   :   78% ±14  (in 9 runs)
  FRAG CACHE        :  100% ±0  (in 8 runs)
  WPN: EXTENDED MAG :  100% ±0  (in 5 runs)
  WPN: SUPPRESSOR   :  100% ±0  (in 5 runs)

RUN WIN-RATE BY EVENT-CHOICE (campaign runs taking id:arm):
  warchest:1        :  100% ±0  (in 4 runs)
  warpension:1      :   50% ±25  (in 4 runs)
  bloodfeud:0       :  100% ±0  (in 2 runs)
  cache:1           :  100% ±0  (in 2 runs)
  defector:0        :  100% ±0  (in 2 runs)
  depot:0           :  100% ±0  (in 2 runs)
  depot:1           :  100% ±0  (in 2 runs)
  drill:0           :  100% ±0  (in 2 runs)
  fieldhospital:2   :  100% ±0  (in 2 runs)
  grave:1           :  100% ±0  (in 2 runs)
═══════════════════════════════════════════════════════════════════════

batch wall-time: 313.3s  (20 matches across 10 campaigns × 2 policy, frame-cap hits: 0)
aggregate JSON -> /home/user/wt/x3/docs/measurements/x3/S1-hR-b0.json
INFO: TEXTURE: [ID 2] Unloaded texture data from VRAM (GPU)
INFO: SHADER: [ID 3] Default shader unloaded successfully
INFO: TEXTURE: [ID 1] Default texture unloaded successfully
INFO: Window closed successfully
