INFO: Initializing raylib 6.0
INFO: Platform backend: DESKTOP (GLFW)
INFO: Supported raylib modules:
INFO:     > rcore:..... loaded (mandatory)
INFO:     > rlgl:...... loaded (mandatory)
INFO:     > rshapes:... loaded (optional)
INFO:     > rtextures:. loaded (optional)
INFO:     > rtext:..... loaded (optional)
INFO:     > rmodels:... loaded (optional)
INFO:     > raudio:.... loaded (optional)
INFO: DISPLAY: Trying to enable MSAA x4
INFO: DISPLAY: Device initialized successfully 
INFO:     > Display size: 1280 x 800
INFO:     > Screen size:  1280 x 800
INFO:     > Render size:  1280 x 800
INFO:     > Viewport offsets: 0, 0
INFO: GLAD: OpenGL extensions loaded successfully
INFO: GL: Supported extensions count: 229
INFO: GL: OpenGL device information:
INFO:     > Vendor:   Mesa
INFO:     > Renderer: llvmpipe (LLVM 20.1.2, 256 bits)
INFO:     > Version:  4.5 (Core Profile) Mesa 25.2.8-0ubuntu0.24.04.2
INFO:     > GLSL:     4.50
INFO: GL: VAO extension detected, VAO functions loaded successfully
INFO: GL: NPOT textures extension detected, full NPOT textures supported
INFO: GL: DXT compressed textures supported
INFO: GL: ETC2/EAC compressed textures supported
INFO: PLATFORM: DESKTOP (GLFW - X11): Initialized successfully
INFO: TEXTURE: [ID 1] Texture loaded successfully (1x1 | R8G8B8A8 | 1 mipmaps)
INFO: TEXTURE: [ID 1] Default texture loaded successfully
INFO: SHADER: [ID 1] Vertex shader compiled successfully
INFO: SHADER: [ID 2] Fragment shader compiled successfully
INFO: SHADER: [ID 3] Program shader loaded successfully
INFO: SHADER: [ID 3] Default shader loaded successfully
INFO: RLGL: Render batch vertex buffers loaded successfully in RAM (CPU)
INFO: RLGL: Render batch vertex buffers loaded successfully in VRAM (GPU)
INFO: RLGL: Default OpenGL state initialized successfully
INFO: TEXTURE: [ID 2] Texture loaded successfully (128x128 | GRAY_ALPHA | 1 mipmaps)
INFO: FONT: Default font loaded successfully (224 glyphs)
INFO: SYSTEM: Working Directory: /home/user/wt/x3
INFO: TIMER: Target time per frame: 0.000 milliseconds
FINALE-KIT: Syndicate
REINFORCEMENTS: +2 (SCOUT,SCOUT)
WAVE: +3 (STRIKER,HOUND,SNIPER) [rich]
WAVE: +3 (BERSERKER,DRONE,PIKEMAN) [rich]
WAVE: +3 (SHIELD,LANCER,STRIKER) [rich]
FINALE-KIT: Syndicate
REINFORCEMENTS: +2 (GRUNT,SCOUT)
REINFORCEMENTS: +2 (GRUNT,SCOUT)
FINALE-KIT: Syndicate
WAVE: +2 (BRUISER,BERSERKER) [rich]
WAVE: +2 (SCOUT,GRUNT) [rich]
WAVE: +2 (LANCER,BRUISER) [rich]
REINFORCEMENTS: +2 (SCOUT,SCOUT)
FINALE-KIT: Syndicate
WAVE: +2 (HUNTER,SCOUT) [rich]
WAVE: +2 (BRUISER,BERSERKER) [rich]
WAVE: +2 (BERSERKER,BERSERKER) [rich]
FINALE-KIT: Syndicate
WAVE: +2 (GRUNT,BERSERKER) [rich]
WAVE: +2 (GRUNT,GRUNT) [rich]
WAVE: +2 (GRUNT,HUNTER) [rich]
match 5/20  (W:4 L:1 cap:0)  91.2s
FINALE-KIT: Syndicate
WAVE: +2 (BERSERKER,HOUND) [rich]
WAVE: +2 (HUNTER,HOUND) [rich]
WAVE: +2 (WARBRINGER,HUNTER) [rich]
FINALE-KIT: Wardens
REINFORCEMENTS: +2 (GRUNT,GRUNT)
REINFORCEMENTS: +2 (SCOUT,GRUNT)
REINFORCEMENTS: +2 (GRUNT,SCOUT)
FINALE-KIT: Wardens
WAVE: +3 (SCOUT,SCOUT,GRUNT) [rich]
WAVE: +3 (SNIPER,SNIPER,GRUNT) [rich]
WAVE: +3 (SCOUT,GRUNT,MORTAR) [rich]
WAVE: +3 (DRONE,SCREENER,SCREENER) [rich]
WAVE: +3 (SCREENER,SCREENER,SAPPER) [rich]
WAVE: +3 (SPOTTER,SHIELD,SAPPER) [rich]
WAVE: +3 (DRONE,SAPPER,SCREENER) [rich]
WAVE: +3 (SCREENER,DRONE,SHIELD) [rich]
REINFORCEMENTS: +2 (GRUNT,GRUNT)
FINALE-KIT: Syndicate
WAVE: +3 (MORTAR,SCOUT,SCREENER) [rich]
WAVE: +3 (PIKEMAN,GRUNT,GRUNT) [rich]
WAVE: +3 (MEDIC,GRUNT,MORTAR) [rich]
FINALE-KIT: Syndicate
match 10/20  (W:6 L:4 cap:0)  160.0s
FINALE-KIT: Wardens
WAVE: +2 (BRUISER,HOUND) [rich]
WAVE: +2 (HUNTER,BERSERKER) [rich]
WAVE: +2 (BRUISER,HOUND) [rich]
REINFORCEMENTS: +2 (GRUNT,SCOUT)
REINFORCEMENTS: +2 (SCOUT,SCOUT)
FINALE-KIT: Wardens
WAVE: +2 (SCOUT,HOUND) [rich]
WAVE: +2 (SCOUT,GRUNT) [rich]
WAVE: +2 (HUNTER,SCOUT) [rich]
WAVE: +2 (LANCER,SCOUT) [rich]
WAVE: +2 (BRUISER,STRIKER) [rich]
WAVE: +2 (SCOUT,BRUISER) [rich]
FINALE-KIT: Wardens
WAVE: +3 (SAPPER,STRIKER,HOUND) [rich]
WAVE: +3 (LANCER,STRIKER,SAPPER) [rich]
WAVE: +3 (CUSTODIAN,DRONE,SHIELD) [rich]
FINALE-KIT: Wardens
WAVE: +3 (MEDIC,SHIELD,BERSERKER) [rich]
WAVE: +3 (SNIPER,MEDIC,MORTAR) [rich]
WAVE: +3 (SHIELD,DRONE,LANCER) [rich]
REINFORCEMENTS: +2 (SCOUT,SCOUT)
REINFORCEMENTS: +2 (GRUNT,GRUNT)
REINFORCEMENTS: +3 (GRUNT,GRUNT,GRUNT)
REINFORCEMENTS: +2 (SCOUT,GRUNT)
REINFORCEMENTS: +2 (GRUNT,SCOUT)
FINALE-KIT: Wardens
REINFORCEMENTS: +2 (GRUNT,SCOUT)
REINFORCEMENTS: +2 (GRUNT,GRUNT)
REINFORCEMENTS: +3 (GRUNT,SCOUT,SCOUT)
REINFORCEMENTS: +2 (GRUNT,GRUNT)
WAVE: +3 (LANCER,HUNTER,STRIKER) [rich]
WAVE: +3 (HUNTER,WARBRINGER,BERSERKER) [rich]
WAVE: +3 (HUNTER,LANCER,BRUISER) [rich]
REINFORCEMENTS: +2 (GRUNT,GRUNT)
REINFORCEMENTS: +2 (SCOUT,SCOUT)
REINFORCEMENTS: +3 (GRUNT,GRUNT,SCOUT)
match 15/20  (W:8 L:7 cap:0)  266.3s
FINALE-KIT: Wardens
REINFORCEMENTS: +2 (GRUNT,GRUNT)
REINFORCEMENTS: +2 (SCOUT,GRUNT)
REINFORCEMENTS: +3 (SCOUT,GRUNT,SCOUT)
REINFORCEMENTS: +2 (GRUNT,GRUNT)
FINALE-KIT: Wardens
WAVE: +2 (BRUISER,LANCER) [rich]
WAVE: +2 (LANCER,BRUISER) [rich]
WAVE: +2 (BERSERKER,LANCER) [rich]
WAVE: +3 (BRUISER,BERSERKER,STRIKER) [rich]
WAVE: +3 (BRUISER,HUNTER,STRIKER) [rich]
WAVE: +3 (HUNTER,BERSERKER,LANCER) [rich]
FINALE-KIT: Wardens
WAVE: +2 (SCOUT,GRUNT) [rich]
WAVE: +2 (BRUISER,BERSERKER) [rich]
WAVE: +2 (HUNTER,BRUISER) [rich]
WAVE: +3 (HUNTER,HOUND,BERSERKER) [rich]
WAVE: +3 (WARBRINGER,LANCER,HUNTER) [rich]
WAVE: +3 (GRUNT,BRUISER,LANCER) [rich]
REINFORCEMENTS: +2 (GRUNT,SCOUT)
FINALE-KIT: Wardens
WAVE: +3 (SHIELD,SHIELD,DRONE) [rich]
WAVE: +3 (DRONE,DRONE,SHIELD) [rich]
WAVE: +3 (SPOTTER,SHIELD,DRONE) [rich]
REINFORCEMENTS: +2 (GRUNT,SCOUT)
REINFORCEMENTS: +2 (GRUNT,SCOUT)
REINFORCEMENTS: +3 (SCOUT,SCOUT,SCOUT)
FINALE-KIT: Wardens
WAVE: +3 (SAPPER,SHIELD,SPOTTER) [rich]
WAVE: +3 (SHIELD,SHIELD,SAPPER) [rich]
WAVE: +3 (SCREENER,CUSTODIAN,DRONE) [rich]
match 20/20  (W:12 L:8 cap:0)  368.3s

══════════════════════ SIGHTLINE BALANCE REPORT ══════════════════════
runs=20  missions=86

RUN OUTCOMES (campaign):  win-rate   60%   avg missions cleared 4.9

POLICY GAP (optimal vs human-error; campaign runs only):
  greedy win-rate   70%  (n=10)
  sloppy win-rate   50%  (n=10)
  GAP   20 pts  (swingy/unforgiving)
  PAIRED (same-seed slots): pairs=10  concordant=6  discordant greedy-only-won=3 / sloppy-only-won=1  paired gap   20 pts
  PER-SLOT RECORDS (greedy | sloppy: outcome + missions cleared; margin = g−s):
    slot  10 @h-1: W 6 | L 3   margin +3
    slot  11 @h-1: W 6 | W 6   margin +0
    slot  12 @h-1: W 6 | W 6   margin +0
    slot  13 @h-1: L 2 | L 5   margin -3
    slot  14 @h-1: W 6 | L 2   margin +4
    slot  15 @h-1: L 2 | W 6   margin -4
    slot  16 @h-1: W 6 | L 5   margin +1
    slot  17 @h-1: L 5 | L 1   margin +4
    slot  18 @h-1: W 6 | W 6   margin +0
    slot  19 @h-1: W 6 | W 6   margin +0
  PAIRED MARGIN (missions cleared, all pairs): +0.50 ±0.85 SE  (n=10 pairs)
  by objective (greedy / sloppy / gap):
    Decapitate :   91% /   56% / gap   35
    Defend     :  100% /  100% / gap    0
    Eliminate  :  100% /  100% / gap    0
    Escort     :  100% /   80% / gap   20
    Hack       :   33% /  100% / gap  -67
    Rescue     :  100% /  100% / gap    0
    Sabotage   :  100% /  100% / gap    0

DECISION RICHNESS / SWING:
  meaningful-choices/turn 2.28   lead-swings/match 0.6   avg max-swing 36.9
  [shot-gate] acting-soldiers/turn 3.47   armed-soldiers/turn 1.46   armed-fraction 42%   turns-with-a-shot 57%   choices/ARMED-soldier-turn 1.56
  [choice-split] los-targets/ARMED 2.22   target-choices/ARMED 0.35   position-choices/ARMED 1.21

RUN COMPLETION BY HEAT (full-campaign clears):
  heat -1:   60% ±11  (n=20 runs, avg 4.9 missions)

INTEL ECONOMY BY HEAT (campaign runs; heat-bonus = the Heat.IntelBonus share of income):
  heat -1: earned  147.0/run   heat-bonus   0.0 (   0% of income)   spent  131.2   unspent   15.8

MISSION WIN-RATE BY HEAT:
  heat -1:   91%  (n=86, avg 5.8 turns)

MISSION WIN-RATE BY OBJECTIVE:
  Eliminate  :  100% ±0  (n=20, avg 2.9 turns)
  Decapitate :   75% ±10  (n=20, avg 5.8 turns)
  Defend     :  100% ±0  (n=19, avg 9.0 turns)
  Escort     :   91% ±9  (n=11, avg 9.5 turns)
  Sabotage   :  100% ±0  (n=8, avg 2.6 turns)
  Hack       :   67% ±19  (n=6, avg 4.7 turns)
  Rescue     :  100% ±0  (n=2, avg 2.0 turns)

MISSION WIN-RATE BY MISSION #:
  m1:  100% ±0  (n=20)
  m2:   92% ±8  (n=12)
  m3:   77% ±12  (n=13)
  m4:   93% ±7  (n=14)
  m5:  100% ±0  (n=12)
  m6:   80% ±10  (n=15)

LOSS CAUSES (missions):
  RUN OVER              : 7
  STALEMATE             : 1

MISSION WIN-RATE BY ARENA (authored layouts, n>=3; procedural fallback   17% of 86 missions):
  arena  5:   75% ±22  (n=4, avg 3.8 turns)  [m1:100%(2) m3:50%(2)]
  arena  6:   83% ±15  (n=6, avg 7.2 turns)  [m2:50%(2) m3:100%(1) m4:100%(2) m5:100%(1)]
  arena  9:  100% ±0  (n=4, avg 7.3 turns)  [m2:100%(2) m6:100%(2)]
  arena 10:  100% ±0  (n=5, avg 5.4 turns)  [m1:100%(2) m4:100%(1) m5:100%(2)]
  arena 15:  100% ±0  (n=4, avg 5.5 turns)  [m1:100%(2) m6:100%(2)]
  arena 19:  100% ±0  (n=3, avg 2.3 turns)  [m1:100%(2) m4:100%(1)]
  arena 21:  100% ±0  (n=6, avg 2.3 turns)  [m1:100%(4) m3:100%(2)]
  arena 22:   80% ±18  (n=5, avg 4.0 turns)  [m4:100%(2) m6:67%(3)]
  arena 24:  100% ±0  (n=4, avg 5.8 turns)  [m2:100%(2) m4:100%(2)]
  arena 25:   75% ±22  (n=4, avg 5.5 turns)  [m3:50%(2) m6:100%(2)]
  arena 28:  100% ±0  (n=4, avg 6.3 turns)  [m1:100%(2) m5:100%(2)]
  arena 30:   80% ±18  (n=5, avg 13.2 turns)  [m3:50%(2) m4:100%(2) m6:100%(1)]
  arena 32:  100% ±0  (n=4, avg 4.3 turns)  [m2:100%(1) m3:100%(1) m4:100%(1) m5:100%(1)]
  procedural:   93% ±6  (n=15, avg 5.6 turns)  [m1:100%(6) m2:100%(2) m3:100%(2) m4:0%(1) m5:100%(3) m6:100%(1)]

DEPLOYMENT GEOMETRY (opening shape; choices/ARMED is the wave's real gate):
  FRONTAL   :   92%  (n=36, avg 6.9 turns)  choices/turn 2.57  choices/ARMED 1.66  los-targets/ARMED 2.44
  PINCER    :   90% ±6  (n=29, avg 4.8 turns)  choices/turn 2.41  choices/ARMED 1.62  los-targets/ARMED 1.90
  CROSSFIRE :   80% ±13  (n=10, avg 6.3 turns)  choices/turn 1.56  choices/ARMED 1.22  los-targets/ARMED 2.26
  ENVELOP   :  100% ±0  (n=11, avg 4.8 turns)  choices/turn 1.37  choices/ARMED 1.14  los-targets/ARMED 1.88

ARENA FUNNEL (Mission.Build exits, n=97 builds, all modes):
  authored-applied    :  84.5%  (n=82)
  connectivity-reject :   0.0%  (n=0)
  procedural-roll     :  15.5%  (n=15)

DECK EXPOSURE (campaign runs n=20):
  distinct authored arenas/run : 3.55 mean (all runs)
  ... full-depth runs only     : 4.08 mean over 4.8 fights/run (n=12)
  Defend dealt on the route    :   80% of runs (n=16)

ACTION MIX (verbs issued, by policy):
  verb                  greedy        sloppy
  MOVE               680   42%     538   36%
  SHOOT              425   26%     333   22%
  BRACE               77    5%     204   14%
  HUNKER             103    6%     129    9%
  RELOAD              50    3%      44    3%
  INTEL               43    3%      36    2%
  FOCUS               45    3%      25    2%
  STABILIZE           30    2%      30    2%
  MARK                29    2%      13    1%
  ITEM:SMOKE          19    1%      20    1%
  SLIPSTREAM          19    1%      19    1%
  OVERWATCH           19    1%      17    1%
  PIN                 16    1%      17    1%
  PLANT               13    1%      13    1%
  GRAPPLE              8    0%      12    1%
  REARM               10    1%      10    1%
  PATCH               13    1%       7    0%
  BEACON               7    0%       6    0%
  HACK                 6    0%       6    0%
  GRENADE              3    0%       5    0%
  EXTRACT              2    0%       1    0%
  DRAG                 1    0%       0    0%
  BARREL               0    0%       1    0%

PLAYER CLASS PERFORMANCE:
  class        shots   hit%   dmg   kills
  GUNNER         221    83%   1046     58
  ASSAULT        187    84%    963     66
  SHARPSHOOTER    173    91%    867     53
  RANGER         102    84%    500     26
  CORPSMAN       110    89%    405     19

SOLDIER DEATHS BY ENEMY CLASS (threat ranking):
  HUNTER     : 9
  SCOUT      : 9
  ELITE      : 7
  WARBRINGER : 6
  GRUNT      : 4
  MORTAR     : 4
  BERSERKER  : 3
  STRIKE     : 3
  SCREENER   : 2
  BURN       : 2
  SAPPER     : 2
  SPOTTER    : 2
  DRONE      : 2
  TURRET     : 2
  LANCER     : 2
  SNIPER     : 1
  SHIELD     : 1
  STRIKER    : 1
  BRUISER    : 1
  PIKEMAN    : 1

SOLDIER DOWNS (FUL-7 bleed-out): 185 downs -> revived 11 / recovered 69 / bled out 91 / finished 14  (save-rate   43%)
  corpsman fielded in 30 missions

ENEMY COMPOSITION (spawns; faction-stamped fights n=513 / default-cascade fights n=134):
  class        faction         default
  GRUNT           69   13%       27   20%
  SCOUT           54   11%       34   25%
  ELITE           40    8%        5    4%
  BERSERKER       32    6%        4    3%
  HUNTER          34    7%        2    1%
  SNIPER          23    4%       12    9%
  MEDIC           28    5%        2    1%
  SAPPER          27    5%        2    1%
  LANCER          21    4%        7    5%
  DRONE           23    4%        3    2%
  BRUISER         25    5%        1    1%
  SCREENER        25    5%        0    0%
  HOUND           12    2%       10    7%
  SHIELD          15    3%        6    4%
  MORTAR          18    4%        1    1%
  STRIKER         10    2%        7    5%
  WARBRINGER      16    3%        0    0%
  TURRET          14    3%        0    0%
  PIKEMAN         11    2%        1    1%
  SPOTTER          7    1%        3    2%
  CUSTODIAN        3    1%        6    4%
  BOMBARD          6    1%        1    1%

PERK PICK FREQUENCY:
  MOM           : 17
  GUN           : 16
  LCK           : 15
  SKR           : 12
  GRD           : 11
  RFX           : 9
  MRK           : 9
  CQB           : 9
  TNK           : 8
  BRK           : 7
  FST           : 7
  SGE           : 7
  OUT           : 5
  VNT           : 5
  PLT           : 4
  HRD           : 4
  BND           : 3
  CLH           : 3
  EXC           : 2

SHOP PURCHASE FREQUENCY:
  FIELD MEDKIT      : 64
  WPN: SCOPE        : 38
  WPN: STABILIZER   : 25
  WPN: HOLLOW POINT : 24
  ARMORY            : 20
  WPN: EXTENDED MAG : 15
  BALLISTIC PLATING : 15
  COUNTER-PREP      : 12
  COMBAT STIMS      : 12
  WPN: SUPPRESSOR   : 11
  ADV. TRAINING     : 10
  FRAG CACHE        : 8
  WPN: BIPOD        : 6

BOON PICK FREQUENCY (PROCS = effect fires at instrumented sites; '-' = not instrumented;
                      PYR counts the +2-turn-burn half only — the Burning-immunity half is uninstrumented):
  code                 picks   PROCS
  GRN               :     8       -
  ADR               :     7       -
  RCL               :     6       2
  FDR               :     5       0
  FRT               :     5       -
  FST               :     4      31
  GHO               :     4       -
  MRK               :     4       -
  RPD               :     4       -
  SCV               :     4       -
  EXE               :     3       -
  SHK               :     3      10
  TRR               :     3      13
  VNM               :     3       -
  PYR               :     2       0
  FVR               :     1       -

RUN WIN-RATE BY BOON (campaign runs holding it):
  GRN               :   75% ±15  (in 8 runs)
  ADR               :   71% ±17  (in 7 runs)
  RCL               :   67% ±19  (in 6 runs)
  FDR               :   40% ±22  (in 5 runs)
  FRT               :  100% ±0  (in 5 runs)
  FST               :   50% ±25  (in 4 runs)
  GHO               :   50% ±25  (in 4 runs)
  MRK               :   75% ±22  (in 4 runs)
  RPD               :   75% ±22  (in 4 runs)
  SCV               :  100% ±0  (in 4 runs)
  EXE               :   67% ±27  (in 3 runs)
  SHK               :   67% ±27  (in 3 runs)
  TRR               :   67% ±27  (in 3 runs)
  VNM               :   67% ±27  (in 3 runs)
  PYR               :    0% ±0  (in 2 runs)
  FVR               :  100% ±0  (in 1 runs)

RUN WIN-RATE BY SPEC (campaign runs fielding it):
  ADN               :   75% ±22  (in 4 runs)
  HHT               :   50% ±25  (in 4 runs)
  SNT               :   50% ±25  (in 4 runs)
  JUG               :   67% ±27  (in 3 runs)
  MED               :   67% ±27  (in 3 runs)
  ANC               :  100% ±0  (in 2 runs)
  BRC               :  100% ±0  (in 2 runs)
  PHN               :  100% ±0  (in 1 runs)
  PTH               :  100% ±0  (in 1 runs)
  SRG               :    0% ±0  (in 1 runs)

RUN WIN-RATE BY PERK (campaign runs holding it):
  GUN               :   67% ±14  (in 12 runs)
  MOM               :   67% ±14  (in 12 runs)
  LCK               :   64% ±15  (in 11 runs)
  GRD               :   60% ±15  (in 10 runs)
  SKR               :   70% ±14  (in 10 runs)
  MRK               :   50% ±18  (in 8 runs)
  TNK               :   75% ±15  (in 8 runs)
  BRK               :   67% ±19  (in 6 runs)
  CQB               :   50% ±20  (in 6 runs)
  FST               :   83% ±15  (in 6 runs)
  RFX               :  100% ±0  (in 6 runs)
  SGE               :   67% ±19  (in 6 runs)
  HRD               :   75% ±22  (in 4 runs)
  VNT               :   75% ±22  (in 4 runs)
  CLH               :   33% ±27  (in 3 runs)
  OUT               :  100% ±0  (in 3 runs)
  PLT               :   67% ±27  (in 3 runs)
  BND               :  100% ±0  (in 2 runs)
  EXC               :   50% ±35  (in 2 runs)

RUN WIN-RATE BY PURCHASE (campaign runs buying it):
  FIELD MEDKIT      :   67% ±11  (in 18 runs)
  ARMORY            :   57% ±13  (in 14 runs)
  WPN: SCOPE        :   71% ±12  (in 14 runs)
  WPN: HOLLOW POINT :   85% ±10  (in 13 runs)
  COUNTER-PREP      :   90% ±9  (in 10 runs)
  WPN: EXTENDED MAG :   70% ±14  (in 10 runs)
  WPN: STABILIZER   :   56% ±17  (in 9 runs)
  ADV. TRAINING     :   63% ±17  (in 8 runs)
  COMBAT STIMS      :   57% ±19  (in 7 runs)
  WPN: SUPPRESSOR   :   86% ±13  (in 7 runs)
  FRAG CACHE        :   67% ±19  (in 6 runs)
  WPN: BIPOD        :   67% ±19  (in 6 runs)
  BALLISTIC PLATING :  100% ±0  (in 4 runs)

RUN WIN-RATE BY EVENT-CHOICE (campaign runs taking id:arm):
  grave:1           :   75% ±22  (in 4 runs)
  defector:2        :  100% ±0  (in 2 runs)
  fieldhospital:2   :  100% ±0  (in 2 runs)
  medic:1           :   50% ±35  (in 2 runs)
  profiteer:0       :   50% ±35  (in 2 runs)
  quartermaster:2   :   50% ±35  (in 2 runs)
  relic:1           :  100% ±0  (in 2 runs)
  warpension:1      :  100% ±0  (in 2 runs)
  depot:0           :  100% ±0  (in 1 runs)
═══════════════════════════════════════════════════════════════════════

batch wall-time: 368.3s  (20 matches across 10 campaigns × 2 policy, frame-cap hits: 0)
aggregate JSON -> /home/user/wt/x3/docs/measurements/x3/S1-hR-b10.json
INFO: TEXTURE: [ID 2] Unloaded texture data from VRAM (GPU)
INFO: SHADER: [ID 3] Default shader unloaded successfully
INFO: TEXTURE: [ID 1] Default texture unloaded successfully
INFO: Window closed successfully
