INFO: Initializing raylib 6.0
INFO: Platform backend: DESKTOP (GLFW)
INFO: Supported raylib modules:
INFO:     > rcore:..... loaded (mandatory)
INFO:     > rlgl:...... loaded (mandatory)
INFO:     > rshapes:... loaded (optional)
INFO:     > rtextures:. loaded (optional)
INFO:     > rtext:..... loaded (optional)
INFO:     > rmodels:... loaded (optional)
INFO:     > raudio:.... loaded (optional)
INFO: DISPLAY: Trying to enable MSAA x4
INFO: DISPLAY: Device initialized successfully 
INFO:     > Display size: 1280 x 800
INFO:     > Screen size:  1280 x 800
INFO:     > Render size:  1280 x 800
INFO:     > Viewport offsets: 0, 0
INFO: GLAD: OpenGL extensions loaded successfully
INFO: GL: Supported extensions count: 229
INFO: GL: OpenGL device information:
INFO:     > Vendor:   Mesa
INFO:     > Renderer: llvmpipe (LLVM 20.1.2, 256 bits)
INFO:     > Version:  4.5 (Core Profile) Mesa 25.2.8-0ubuntu0.24.04.2
INFO:     > GLSL:     4.50
INFO: GL: VAO extension detected, VAO functions loaded successfully
INFO: GL: NPOT textures extension detected, full NPOT textures supported
INFO: GL: DXT compressed textures supported
INFO: GL: ETC2/EAC compressed textures supported
INFO: PLATFORM: DESKTOP (GLFW - X11): Initialized successfully
INFO: TEXTURE: [ID 1] Texture loaded successfully (1x1 | R8G8B8A8 | 1 mipmaps)
INFO: TEXTURE: [ID 1] Default texture loaded successfully
INFO: SHADER: [ID 1] Vertex shader compiled successfully
INFO: SHADER: [ID 2] Fragment shader compiled successfully
INFO: SHADER: [ID 3] Program shader loaded successfully
INFO: SHADER: [ID 3] Default shader loaded successfully
INFO: RLGL: Render batch vertex buffers loaded successfully in RAM (CPU)
INFO: RLGL: Render batch vertex buffers loaded successfully in VRAM (GPU)
INFO: RLGL: Default OpenGL state initialized successfully
INFO: TEXTURE: [ID 2] Texture loaded successfully (128x128 | GRAY_ALPHA | 1 mipmaps)
INFO: FONT: Default font loaded successfully (224 glyphs)
INFO: SYSTEM: Working Directory: /home/user/wt/x3
INFO: TIMER: Target time per frame: 0.000 milliseconds
FINALE-KIT: Syndicate
WAVE: +2 (GRUNT,GRUNT) [rich]
WAVE: +2 (SHIELD,GRUNT) [rich]
WAVE: +2 (SHIELD,GRUNT) [rich]
REINFORCEMENTS: +2 (SCOUT,SCOUT)
FINALE-KIT: Syndicate
WAVE: +2 (DRONE,GRUNT) [rich]
WAVE: +2 (DRONE,GRUNT) [rich]
WAVE: +2 (SPOTTER,DRONE) [rich]
REINFORCEMENTS: +2 (SCOUT,SCOUT)
REINFORCEMENTS: +2 (GRUNT,SCOUT)
FINALE-KIT: Wardens
WAVE: +3 (GRUNT,MORTAR,PIKEMAN) [rich]
WAVE: +2 (SNIPER,SCREENER) [rich]
FINALE-KIT: Wardens
WAVE: +3 (CUSTODIAN,SCOUT,MEDIC) [rich]
WAVE: +2 (CUSTODIAN,MEDIC) [rich]
WAVE: +2 (SNIPER,SCOUT) [rich]
FINALE-KIT: Wardens
match 5/20  (W:0 L:5 cap:0)  104.3s
FINALE-KIT: Wardens
WAVE: +3 (GRUNT,SNIPER,SNIPER) [rich]
WAVE: +2 (MEDIC,MORTAR) [rich]
FINALE-KIT: Legion
WAVE: +3 (DRONE,DRONE,SHIELD) [rich]
WAVE: +1 (SHIELD) [rich]
WAVE: +2 (DRONE,GRUNT) [rich]
FINALE-KIT: Legion
FINALE-KIT: Legion
FINALE-KIT: Legion
WAVE: +3 (PIKEMAN,PIKEMAN,SNIPER) [rich]
WAVE: +2 (SCREENER,SNIPER) [rich]
WAVE: +3 (GRUNT,SCOUT,SCOUT) [rich]
WAVE: +1 (MORTAR) [rich]
WAVE: +1 (CUSTODIAN) [rich]
REINFORCEMENTS: +2 (GRUNT,SCOUT)
match 10/20  (W:1 L:9 cap:0)  197.2s
FINALE-KIT: Legion
WAVE: +2 (BRUISER,LANCER) [rich]
WAVE: +2 (HUNTER,HUNTER) [rich]
WAVE: +2 (LANCER,HOUND) [rich]
FINALE-KIT: Legion
WAVE: +2 (HOUND,BRUISER) [rich]
WAVE: +2 (BERSERKER,LANCER) [rich]
WAVE: +2 (BERSERKER,BERSERKER) [rich]
REINFORCEMENTS: +2 (GRUNT,GRUNT)
FINALE-KIT: Wardens
WAVE: +2 (GRUNT,SAPPER) [rich]
WAVE: +2 (SAPPER,DRONE) [rich]
WAVE: +2 (DRONE,SPOTTER) [rich]
REINFORCEMENTS: +2 (SCOUT,SCOUT)
REINFORCEMENTS: +2 (GRUNT,GRUNT)
FINALE-KIT: Wardens
WAVE: +2 (SHIELD,DRONE) [rich]
WAVE: +2 (DRONE,SPOTTER) [rich]
WAVE: +2 (SHIELD,DRONE) [rich]
REINFORCEMENTS: +2 (GRUNT,GRUNT)
REINFORCEMENTS: +2 (GRUNT,SCOUT)
REINFORCEMENTS: +3 (SCOUT,SCOUT,GRUNT)
REINFORCEMENTS: +2 (SCOUT,SCOUT)
REINFORCEMENTS: +2 (GRUNT,GRUNT)
FINALE-KIT: Wardens
REINFORCEMENTS: +2 (GRUNT,SCOUT)
match 15/20  (W:3 L:12 cap:0)  295.7s
FINALE-KIT: Wardens
REINFORCEMENTS: +2 (SCOUT,GRUNT)
REINFORCEMENTS: +2 (GRUNT,SCOUT)
FINALE-KIT: Wardens
FINALE-KIT: Wardens
WAVE: +3 (PIKEMAN,MORTAR,MORTAR) [rich]
WAVE: +2 (PIKEMAN,MORTAR) [rich]
WAVE: +2 (MEDIC,SCREENER) [rich]
FINALE-KIT: Legion
WAVE: +2 (SNIPER,GRUNT) [rich]
WAVE: +2 (GRUNT,MEDIC) [rich]
WAVE: +1 (SCOUT) [rich]
FINALE-KIT: Legion
WAVE: +2 (SNIPER,PIKEMAN) [rich]
WAVE: +2 (SCREENER,SCOUT) [rich]
WAVE: +2 (MEDIC,GRUNT) [rich]
match 20/20  (W:5 L:15 cap:0)  369.4s

══════════════════════ SIGHTLINE BALANCE REPORT ══════════════════════
runs=20  missions=75

RUN OUTCOMES (campaign):  win-rate   25%   avg missions cleared 4.3

POLICY GAP (optimal vs human-error; campaign runs only):
  greedy win-rate   30%  (n=10)
  sloppy win-rate   20%  (n=10)
  GAP   10 pts  (healthy slack)
  PAIRED (same-seed slots): pairs=10  concordant=5  discordant greedy-only-won=3 / sloppy-only-won=2  paired gap   10 pts
  PER-SLOT RECORDS (greedy | sloppy: outcome + missions cleared; margin = g−s):
    slot   0 @h6: L 5 | L 5   margin +0
    slot   1 @h6: L 5 | L 4   margin +1
    slot   2 @h6: L 2 | L 4   margin -2
    slot   3 @h6: W 6 | L 2   margin +4
    slot   4 @h6: L 2 | L 4   margin -2
    slot   5 @h6: W 6 | L 5   margin +1
    slot   6 @h6: L 5 | L 3   margin +2
    slot   7 @h6: W 6 | L 5   margin +1
    slot   8 @h6: L 2 | W 6   margin -4
    slot   9 @h6: L 3 | W 6   margin -3
  PAIRED MARGIN (missions cleared, all pairs): -0.20 ±0.79 SE  (n=10 pairs)
  by objective (greedy / sloppy / gap):
    Decapitate :   50% /   33% / gap   17
    Defend     :  100% /  100% / gap    0
    Eliminate  :  100% /   91% / gap    9
    Escort     :   60% /   80% / gap  -20
    Evac       :  100% /   50% / gap   50
    Hack       :   67% /   75% / gap   -8
    Rescue     :  100% /  100% / gap    0
    Sabotage   :    0% /  100% / gap -100

DECISION RICHNESS / SWING:
  meaningful-choices/turn 1.32   lead-swings/match 0.9   avg max-swing 72.5
  [shot-gate] acting-soldiers/turn 3.11   armed-soldiers/turn 0.95   armed-fraction 31%   turns-with-a-shot 50%   choices/ARMED-soldier-turn 1.38
  [choice-split] los-targets/ARMED 2.34   target-choices/ARMED 0.21   position-choices/ARMED 1.18

RUN COMPLETION BY HEAT (full-campaign clears):
  heat 6:   25% ±10  (n=20 runs, avg 4.3 missions)

INTEL ECONOMY BY HEAT (campaign runs; heat-bonus = the Heat.IntelBonus share of income):
  heat 6: earned  219.4/run   heat-bonus  99.0 (  45% of income)   spent  206.2   unspent   13.3

MISSION WIN-RATE BY HEAT:
  heat 6:   80%  (n=75, avg 6.0 turns)

MISSION WIN-RATE BY OBJECTIVE:
  Eliminate  :   95% ±4  (n=22, avg 4.1 turns)
  Defend     :  100% ±0  (n=14, avg 9.0 turns)
  Decapitate :   42% ±14  (n=12, avg 5.0 turns)
  Escort     :   70% ±14  (n=10, avg 9.1 turns)
  Hack       :   71% ±17  (n=7, avg 4.1 turns)
  Evac       :   80% ±18  (n=5, avg 6.4 turns)
  Rescue     :  100% ±0  (n=3, avg 3.3 turns)
  Sabotage   :   50% ±35  (n=2, avg 4.0 turns)

MISSION WIN-RATE BY MISSION #:
  m1:  100% ±0  (n=20)
  m2:  100% ±0  (n=6)
  m3:   71% ±12  (n=14)
  m4:   86% ±9  (n=14)
  m5:   70% ±14  (n=10)
  m6:   45% ±15  (n=11)

LOSS CAUSES (missions):
  RUN OVER              : 13
  VIP LOST              : 2

MISSION WIN-RATE BY ARENA (authored layouts, n>=3; procedural fallback   28% of 75 missions):
  arena  4:  100% ±0  (n=3, avg 5.7 turns)  [m1:100%(2) m3:100%(1)]
  arena  7:   67% ±27  (n=3, avg 8.7 turns)  [m4:100%(2) m5:0%(1)]
  arena 11:  100% ±0  (n=3, avg 9.0 turns)  [m2:100%(1) m4:100%(2)]
  arena 14:   75% ±15  (n=8, avg 4.5 turns)  [m1:100%(6) m6:0%(2)]
  arena 16:   67% ±27  (n=3, avg 5.7 turns)  [m5:100%(2) m6:0%(1)]
  arena 27:   75% ±22  (n=4, avg 5.0 turns)  [m4:100%(3) m5:0%(1)]
  arena 33:   83% ±15  (n=6, avg 7.0 turns)  [m1:100%(2) m2:100%(2) m3:0%(1) m4:100%(1)]
  procedural:   76% ±9  (n=21, avg 6.4 turns)  [m1:100%(2) m2:100%(1) m3:62%(8) m4:100%(1) m5:100%(3) m6:67%(6)]

DEPLOYMENT GEOMETRY (opening shape; choices/ARMED is the wave's real gate):
  FRONTAL   :   79%  (n=33, avg 5.9 turns)  choices/turn 1.38  choices/ARMED 1.51  los-targets/ARMED 2.64
  PINCER    :   79% ±8  (n=28, avg 6.4 turns)  choices/turn 1.17  choices/ARMED 1.30  los-targets/ARMED 2.01
  CROSSFIRE :   78% ±14  (n=9, avg 5.2 turns)  choices/turn 1.33  choices/ARMED 1.21  los-targets/ARMED 3.06
  ENVELOP   :  100% ±0  (n=5, avg 5.0 turns)  choices/turn 1.83  choices/ARMED 1.33  los-targets/ARMED 1.21

ARENA FUNNEL (Mission.Build exits, n=88 builds, all modes):
  authored-applied    :  72.7%  (n=64)
  connectivity-reject :   0.0%  (n=0)
  procedural-roll     :  27.3%  (n=24)

DECK EXPOSURE (campaign runs n=20):
  distinct authored arenas/run : 2.70 mean (all runs)
  ... full-depth runs only     : 2.80 mean over 4.4 fights/run (n=5)
  Defend dealt on the route    :   70% of runs (n=14)

ACTION MIX (verbs issued, by policy):
  verb                  greedy        sloppy
  MOVE               470   41%     650   42%
  SHOOT              274   24%     314   20%
  OVERWATCH           81    7%     113    7%
  BRACE               42    4%      83    5%
  FOCUS               50    4%      52    3%
  HUNKER              34    3%      61    4%
  RELOAD              36    3%      40    3%
  STABILIZE           27    2%      43    3%
  SLIPSTREAM          29    3%      33    2%
  INTEL               30    3%      31    2%
  MARK                14    1%      21    1%
  ITEM:SMOKE          14    1%      18    1%
  PIN                 11    1%      15    1%
  DRAG                 5    0%      15    1%
  GRENADE              7    1%       8    1%
  HACK                 6    1%       7    0%
  BEACON               5    0%       7    0%
  PATCH                5    0%       7    0%
  REARM                6    1%       5    0%
  GRAPPLE              3    0%       5    0%
  BARREL               5    0%       2    0%
  PLANT                3    0%       3    0%
  EXTRACT              2    0%       1    0%
  ITEM:INCENDIARY       0    0%       1    0%

PLAYER CLASS PERFORMANCE:
  class        shots   hit%   dmg   kills
  GUNNER         159    89%    860     58
  SHARPSHOOTER    153    93%    857     48
  ASSAULT        154    84%    778     39
  RANGER         111    83%    554     44
  CORPSMAN        52    85%    172      9

SOLDIER DEATHS BY ENEMY CLASS (threat ranking):
  ELITE      : 18
  SAPPER     : 10
  BURN       : 10
  SCREENER   : 10
  STRIKE     : 9
  SHIELD     : 6
  SCOUT      : 5
  LANCER     : 5
  CUSTODIAN  : 4
  SPOTTER    : 4
  TURRET     : 4
  BERSERKER  : 4
  PIKEMAN    : 4
  DRONE      : 3
  GRUNT      : 3
  STRIKER    : 3
  BRUISER    : 3
  SNIPER     : 2
  MEDIC      : 2
  MORTAR     : 2
  HOUND      : 1
  BARREL     : 1
  HUNTER     : 1
  WARBRINGER : 1

SOLDIER DOWNS (FUL-7 bleed-out): 229 downs -> revived 8 / recovered 48 / bled out 145 / finished 25  (save-rate   26%)
  corpsman fielded in 35 missions

ENEMY COMPOSITION (spawns; faction-stamped fights n=543 / default-cascade fights n=251):
  class        faction         default
  GRUNT           56   10%       51   20%
  SCOUT           23    4%       50   20%
  DRONE           49    9%       15    6%
  SCREENER        51    9%        3    1%
  ELITE           34    6%       10    4%
  SAPPER          30    6%       13    5%
  SNIPER          35    6%        7    3%
  SHIELD          34    6%        6    2%
  LANCER          24    4%       12    5%
  MEDIC           26    5%        9    4%
  TURRET          15    3%       17    7%
  SPOTTER         20    4%       11    4%
  PIKEMAN         23    4%        5    2%
  HUNTER          23    4%        5    2%
  BERSERKER       15    3%       11    4%
  MORTAR          20    4%        5    2%
  CUSTODIAN       17    3%        4    2%
  STRIKER         12    2%        8    3%
  BRUISER         13    2%        0    0%
  WARBRINGER      10    2%        1    0%
  BOMBARD         10    2%        1    0%
  HOUND            3    1%        7    3%

PERK PICK FREQUENCY:
  LCK           : 16
  CLH           : 15
  MOM           : 14
  TNK           : 13
  GUN           : 12
  HRD           : 11
  PLT           : 10
  BRK           : 10
  OUT           : 10
  EXC           : 10
  SKR           : 10
  FST           : 9
  CQB           : 9
  BND           : 8
  MRK           : 7
  VNT           : 6
  GRD           : 6
  SGE           : 4
  RFX           : 4

SHOP PURCHASE FREQUENCY:
  FIELD MEDKIT      : 79
  WPN: HOLLOW POINT : 58
  WPN: SCOPE        : 49
  BALLISTIC PLATING : 41
  COMBAT STIMS      : 36
  WPN: STABILIZER   : 32
  ADV. TRAINING     : 26
  COUNTER-PREP      : 18
  WPN: SUPPRESSOR   : 15
  FRAG CACHE        : 14
  ARMORY            : 11
  WPN: BIPOD        : 11
  WPN: EXTENDED MAG : 4

BOON PICK FREQUENCY (PROCS = effect fires at instrumented sites; '-' = not instrumented;
                      PYR counts the +2-turn-burn half only — the Burning-immunity half is uninstrumented):
  code                 picks   PROCS
  FST               :     6      79
  PYR               :     6       3
  FVR               :     5       -
  MRK               :     5       -
  RCL               :     5       0
  TRR               :     5       4
  RPD               :     4       -
  ADR               :     3       -
  FDR               :     3       3
  SCV               :     3       -
  EXE               :     2       -
  FRT               :     2       -
  GHO               :     2       -
  VNM               :     2       -
  GRN               :     1       -
  SHK               :     1       0

RUN WIN-RATE BY BOON (campaign runs holding it):
  FST               :   33% ±19  (in 6 runs)
  PYR               :    0% ±0  (in 6 runs)
  FVR               :   40% ±22  (in 5 runs)
  MRK               :   20% ±18  (in 5 runs)
  RCL               :   60% ±22  (in 5 runs)
  TRR               :   40% ±22  (in 5 runs)
  RPD               :   25% ±22  (in 4 runs)
  ADR               :   67% ±27  (in 3 runs)
  FDR               :    0% ±0  (in 3 runs)
  SCV               :   33% ±27  (in 3 runs)
  EXE               :   50% ±35  (in 2 runs)
  FRT               :    0% ±0  (in 2 runs)
  GHO               :   50% ±35  (in 2 runs)
  VNM               :   50% ±35  (in 2 runs)
  GRN               :    0% ±0  (in 1 runs)
  SHK               :    0% ±0  (in 1 runs)

RUN WIN-RATE BY SPEC (campaign runs fielding it):
  ADN               :   25% ±15  (in 8 runs)
  SNT               :   20% ±18  (in 5 runs)
  HHT               :   25% ±22  (in 4 runs)
  ANC               :    0% ±0  (in 3 runs)
  JUG               :   67% ±27  (in 3 runs)
  PHN               :   50% ±35  (in 2 runs)
  PTH               :   50% ±35  (in 2 runs)
  BRC               :    0% ±0  (in 1 runs)
  MED               :    0% ±0  (in 1 runs)
  SRG               :  100% ±0  (in 1 runs)

RUN WIN-RATE BY PERK (campaign runs holding it):
  CLH               :   38% ±13  (in 13 runs)
  LCK               :   23% ±12  (in 13 runs)
  MOM               :   20% ±13  (in 10 runs)
  TNK               :   30% ±14  (in 10 runs)
  GUN               :   22% ±14  (in 9 runs)
  HRD               :   22% ±14  (in 9 runs)
  CQB               :   25% ±15  (in 8 runs)
  EXC               :   25% ±15  (in 8 runs)
  OUT               :   38% ±17  (in 8 runs)
  PLT               :   25% ±15  (in 8 runs)
  SKR               :   25% ±15  (in 8 runs)
  BRK               :   29% ±17  (in 7 runs)
  FST               :   29% ±17  (in 7 runs)
  BND               :   17% ±15  (in 6 runs)
  MRK               :   17% ±15  (in 6 runs)
  GRD               :   50% ±25  (in 4 runs)
  RFX               :   25% ±22  (in 4 runs)
  SGE               :   25% ±22  (in 4 runs)
  VNT               :   25% ±22  (in 4 runs)

RUN WIN-RATE BY PURCHASE (campaign runs buying it):
  FIELD MEDKIT      :   26% ±10  (in 19 runs)
  COUNTER-PREP      :   33% ±12  (in 15 runs)
  WPN: HOLLOW POINT :   36% ±13  (in 14 runs)
  ADV. TRAINING     :   25% ±13  (in 12 runs)
  FRAG CACHE        :   42% ±14  (in 12 runs)
  WPN: SCOPE        :   33% ±14  (in 12 runs)
  COMBAT STIMS      :   36% ±15  (in 11 runs)
  ARMORY            :   30% ±14  (in 10 runs)
  WPN: BIPOD        :   30% ±14  (in 10 runs)
  WPN: STABILIZER   :   30% ±14  (in 10 runs)
  BALLISTIC PLATING :   11% ±10  (in 9 runs)
  WPN: SUPPRESSOR   :   44% ±17  (in 9 runs)
  WPN: EXTENDED MAG :   67% ±27  (in 3 runs)

RUN WIN-RATE BY EVENT-CHOICE (campaign runs taking id:arm):
  fieldhospital:2   :   25% ±22  (in 4 runs)
  warchest:1        :    0% ±0  (in 4 runs)
  warpension:1      :   25% ±22  (in 4 runs)
  cache:1           :   50% ±35  (in 2 runs)
  defector:0        :   50% ±35  (in 2 runs)
  depot:0           :   50% ±35  (in 2 runs)
  depot:1           :    0% ±0  (in 2 runs)
  drill:0           :   50% ±35  (in 2 runs)
  grave:1           :    0% ±0  (in 2 runs)
  bloodfeud:0       :  100% ±0  (in 1 runs)
  defector:1        :  100% ±0  (in 1 runs)
═══════════════════════════════════════════════════════════════════════

batch wall-time: 369.4s  (20 matches across 10 campaigns × 2 policy, frame-cap hits: 0)
aggregate JSON -> /home/user/wt/x3/docs/measurements/x3/S1-h6-b0.json
INFO: TEXTURE: [ID 2] Unloaded texture data from VRAM (GPU)
INFO: SHADER: [ID 3] Default shader unloaded successfully
INFO: TEXTURE: [ID 1] Default texture unloaded successfully
INFO: Window closed successfully
