INFO: Initializing raylib 6.0
INFO: Platform backend: DESKTOP (GLFW)
INFO: Supported raylib modules:
INFO:     > rcore:..... loaded (mandatory)
INFO:     > rlgl:...... loaded (mandatory)
INFO:     > rshapes:... loaded (optional)
INFO:     > rtextures:. loaded (optional)
INFO:     > rtext:..... loaded (optional)
INFO:     > rmodels:... loaded (optional)
INFO:     > raudio:.... loaded (optional)
INFO: DISPLAY: Trying to enable MSAA x4
INFO: DISPLAY: Device initialized successfully 
INFO:     > Display size: 1280 x 800
INFO:     > Screen size:  1280 x 800
INFO:     > Render size:  1280 x 800
INFO:     > Viewport offsets: 0, 0
INFO: GLAD: OpenGL extensions loaded successfully
INFO: GL: Supported extensions count: 229
INFO: GL: OpenGL device information:
INFO:     > Vendor:   Mesa
INFO:     > Renderer: llvmpipe (LLVM 20.1.2, 256 bits)
INFO:     > Version:  4.5 (Core Profile) Mesa 25.2.8-0ubuntu0.24.04.2
INFO:     > GLSL:     4.50
INFO: GL: VAO extension detected, VAO functions loaded successfully
INFO: GL: NPOT textures extension detected, full NPOT textures supported
INFO: GL: DXT compressed textures supported
INFO: GL: ETC2/EAC compressed textures supported
INFO: PLATFORM: DESKTOP (GLFW - X11): Initialized successfully
INFO: TEXTURE: [ID 1] Texture loaded successfully (1x1 | R8G8B8A8 | 1 mipmaps)
INFO: TEXTURE: [ID 1] Default texture loaded successfully
INFO: SHADER: [ID 1] Vertex shader compiled successfully
INFO: SHADER: [ID 2] Fragment shader compiled successfully
INFO: SHADER: [ID 3] Program shader loaded successfully
INFO: SHADER: [ID 3] Default shader loaded successfully
INFO: RLGL: Render batch vertex buffers loaded successfully in RAM (CPU)
INFO: RLGL: Render batch vertex buffers loaded successfully in VRAM (GPU)
INFO: RLGL: Default OpenGL state initialized successfully
INFO: TEXTURE: [ID 2] Texture loaded successfully (128x128 | GRAY_ALPHA | 1 mipmaps)
INFO: FONT: Default font loaded successfully (224 glyphs)
INFO: SYSTEM: Working Directory: /home/user/SIGHTLINE
INFO: TIMER: Target time per frame: 0.000 milliseconds
FINALE-KIT: Syndicate
WAVE: +2 (CUSTODIAN,SAPPER) [rich]
WAVE: +2 (SHIELD,DRONE) [rich]
WAVE: +2 (SHIELD,CUSTODIAN) [rich]
WAVE: +2 (DRONE,DRONE) [rich]
WAVE: +2 (SHIELD,DRONE) [rich]
WAVE: +2 (SCREENER,SAPPER) [rich]
FINALE-KIT: Syndicate
WAVE: +2 (DRONE,GRUNT) [rich]
WAVE: +2 (SHIELD,CUSTODIAN) [rich]
WAVE: +2 (DRONE,SPOTTER) [rich]
REINFORCEMENTS: +2 (SCOUT,GRUNT)
REINFORCEMENTS: +2 (SCOUT,GRUNT)
FINALE-KIT: Wardens
WAVE: +2 (BERSERKER,HOUND) [rich]
WAVE: +2 (SNIPER,HOUND) [rich]
WAVE: +2 (SAPPER,HUNTER) [rich]
WAVE: +2 (LANCER,HOUND) [rich]
WAVE: +2 (STRIKER,SNIPER) [rich]
WAVE: +2 (SNIPER,WARBRINGER) [rich]
FINALE-KIT: Wardens
WAVE: +2 (LANCER,BERSERKER) [rich]
WAVE: +2 (BERSERKER,SNIPER) [rich]
WAVE: +2 (HOUND,CUSTODIAN) [rich]
REINFORCEMENTS: +2 (GRUNT,SCOUT)
REINFORCEMENTS: +2 (SCOUT,SCOUT)
FINALE-KIT: Syndicate
WAVE: +3 (BERSERKER,SCOUT,BERSERKER) [rich]
WAVE: +3 (SCOUT,LANCER,BERSERKER) [rich]
WAVE: +2 (CUSTODIAN,DRONE) [rich]
match 5/20  (W:1 L:4 cap:0)  1.6s
FINALE-KIT: Syndicate
WAVE: +3 (SNIPER,MEDIC,SCREENER) [rich]
WAVE: +3 (SNIPER,SAPPER,HOUND) [rich]
WAVE: +1 (LANCER) [rich]
FINALE-KIT: Legion
WAVE: +2 (SAPPER,CUSTODIAN) [rich]
WAVE: +1 (CUSTODIAN) [rich]
FINALE-KIT: Legion
WAVE: +2 (DRONE,DRONE) [rich]
WAVE: +2 (DRONE,SCREENER) [rich]
WAVE: +1 (SHIELD) [rich]
REINFORCEMENTS: +2 (GRUNT,SCOUT)
REINFORCEMENTS: +2 (GRUNT,GRUNT)
FINALE-KIT: Wardens
FINALE-KIT: Wardens
match 10/20  (W:1 L:9 cap:0)  2.5s
FINALE-KIT: Wardens
FINALE-KIT: Wardens
FINALE-KIT: Legion
FINALE-KIT: Legion
FINALE-KIT: Syndicate
WAVE: +2 (BERSERKER,HUNTER) [rich]
WAVE: +2 (DRONE,DRONE) [rich]
WAVE: +2 (SNIPER,BERSERKER) [rich]
match 15/20  (W:2 L:13 cap:0)  2.8s
FINALE-KIT: Syndicate
WAVE: +2 (HUNTER,HUNTER) [rich]
WAVE: +2 (MEDIC,STRIKER) [rich]
WAVE: +2 (GRUNT,SAPPER) [rich]
FINALE-KIT: Syndicate
REINFORCEMENTS: +2 (GRUNT,SCOUT)
REINFORCEMENTS: +2 (GRUNT,GRUNT)
FINALE-KIT: Syndicate
REINFORCEMENTS: +2 (GRUNT,SCOUT)
REINFORCEMENTS: +2 (GRUNT,GRUNT)
REINFORCEMENTS: +2 (SCOUT,GRUNT)
FINALE-KIT: Syndicate
WAVE: +2 (DRONE,SCOUT) [rich]
WAVE: +2 (BRUISER,HUNTER) [rich]
WAVE: +2 (STRIKER,SCOUT) [rich]
WAVE: +2 (SHIELD,HUNTER) [rich]
WAVE: +2 (BERSERKER,LANCER) [rich]
WAVE: +2 (SPOTTER,BRUISER) [rich]
REINFORCEMENTS: +2 (SCOUT,GRUNT)
REINFORCEMENTS: +2 (SCOUT,GRUNT)
REINFORCEMENTS: +2 (GRUNT,GRUNT)
FINALE-KIT: Syndicate
WAVE: +2 (STRIKER,STRIKER) [rich]
WAVE: +2 (DRONE,LANCER) [rich]
WAVE: +2 (LANCER,HUNTER) [rich]
WAVE: +2 (SAPPER,SNIPER) [rich]
WAVE: +2 (GRUNT,SAPPER) [rich]
WAVE: +2 (DRONE,DRONE) [rich]
WAVE: +2 (PIKEMAN,STRIKER) [rich]
WAVE: +2 (HOUND,BERSERKER) [rich]
WAVE: +2 (SHIELD,SNIPER) [rich]
match 20/20  (W:2 L:18 cap:0)  3.2s

══════════════════════ SIGHTLINE BALANCE REPORT ══════════════════════
runs=20  missions=69

RUN OUTCOMES (campaign):  win-rate   10%   avg missions cleared 3.6

POLICY GAP (optimal vs human-error; campaign runs only):
  greedy win-rate   20%  (n=10)
  sloppy win-rate    0%  (n=10)
  GAP   20 pts  (swingy/unforgiving)
  PAIRED (same-seed slots): pairs=10  concordant=8  discordant greedy-only-won=2 / sloppy-only-won=0  paired gap   20 pts
  PER-SLOT RECORDS (greedy | sloppy: outcome + missions cleared; margin = g−s):
    slot  40 @h6: L 3 | L 5   margin -2
    slot  41 @h6: L 3 | L 5   margin -2
    slot  42 @h6: W 6 | L 4   margin +2
    slot  43 @h6: L 4 | L 4   margin +0
    slot  44 @h6: L 3 | L 2   margin +1
    slot  45 @h6: L 3 | L 3   margin +0
    slot  46 @h6: L 2 | L 5   margin -3
    slot  47 @h6: W 6 | L 3   margin +3
    slot  48 @h6: L 2 | L 2   margin +0
    slot  49 @h6: L 5 | L 2   margin +3
  PAIRED MARGIN (missions cleared, all pairs): +0.20 ±0.66 SE  (n=10 pairs)
  by objective (greedy / sloppy / gap):
    Decapitate :   50% /    0% / gap   50
    Defend     :  100% /   86% / gap   14
    Eliminate  :   85% /   92% / gap   -7
    Escort     :   60% /   50% / gap   10
    Evac       :  100% /  100% / gap    0
    Rescue     :   50% /   60% / gap  -10
    Sabotage   :  100% /  100% / gap    0

DECISION RICHNESS / SWING:
  meaningful-choices/turn 1.99   lead-swings/match 0.8   avg max-swing 62.5
  [shot-gate] acting-soldiers/turn 3.09   armed-soldiers/turn 1.06   armed-fraction 34%   turns-with-a-shot 51%   choices/ARMED-soldier-turn 1.87
  [choice-split] los-targets/ARMED 2.38   target-choices/ARMED 0.37   position-choices/ARMED 1.50

RUN COMPLETION BY HEAT (full-campaign clears):
  heat 6:   10% ±7  (n=20 runs, avg 3.6 missions)

INTEL ECONOMY BY HEAT (campaign runs; heat-bonus = the Heat.IntelBonus share of income):
  heat 6: earned  203.2/run   heat-bonus  88.2 (  43% of income)   spent  183.0   unspent   20.2

MISSION WIN-RATE BY HEAT:
  heat 6:   76%  (n=67, avg 5.8 turns)
  heat 7:    0% ±0  (n=2, avg 5.0 turns)

MISSION WIN-RATE BY OBJECTIVE:
  Eliminate  :   88% ±6  (n=25, avg 4.0 turns)
  Defend     :   93% ±7  (n=14, avg 9.0 turns)
  Rescue     :   56% ±17  (n=9, avg 5.2 turns)
  Escort     :   56% ±17  (n=9, avg 6.4 turns)
  Decapitate :   25% ±15  (n=8, avg 6.9 turns)
  Evac       :  100% ±0  (n=2, avg 2.5 turns)
  Sabotage   :  100% ±0  (n=2, avg 4.0 turns)

MISSION WIN-RATE BY OBJECTIVE x NODE KIND (a capstone must never pool with a mid-run node):
  Eliminate  : Start: 100%(n=20)  Combat:   0%(n=3)  Supply: 100%(n=2)
               depth: m1:100%(20) m4:67%(3) m5:0%(2)
  Defend     : Supply:  90%(n=10)  Combat: 100%(n=2)  Elite: 100%(n=2)
               depth: m2:100%(2) m3:90%(10) m4:100%(2)
  Rescue     : Supply:  56%(n=9)
               depth: m2:100%(2) m3:50%(2) m4:25%(4) m5:100%(1)
  Escort     : Combat:  60%(n=5)  Elite:  50%(n=2)  Supply:  50%(n=2)
               depth: m3:50%(2) m4:60%(5) m5:50%(2)
  Decapitate : Boss:  33%(n=6)  Supply:   0%(n=2)
               depth: m3:0%(2) m6:33%(6)
  Evac       : Combat: 100%(n=2)
               depth: m3:100%(2)
  Sabotage   : Combat: 100%(n=2)
               depth: m2:100%(2)

DECAPITATE HVT (buff = +6+1*mission HP, +6 aim; ELITE exempt):
  EXEMPT  :   25% ±15  (n=8, avg 6.9 turns, HVT 22.0 max HP)  [m3:0%(2) m6:33%(6)]

MISSION WIN-RATE BY MISSION #:
  m1:  100% ±0  (n=20)
  m2:  100% ±0  (n=6)
  m3:   72% ±11  (n=18)
  m4:   57% ±13  (n=14)
  m5:   40% ±22  (n=5)
  m6:   33% ±19  (n=6)

LOSS CAUSES (missions):
  RUN OVER              : 11
  VIP LOST              : 4
  CAPTIVE LOST          : 3

MISSION WIN-RATE BY ARENA (authored layouts, n>=3; procedural fallback   16% of 69 missions):
  arena  8:   67% ±27  (n=3, avg 5.0 turns)  [m4:67%(3)]
  arena 16:   50% ±25  (n=4, avg 3.8 turns)  [m1:100%(2) m4:0%(2)]
  arena 27:  100% ±0  (n=3, avg 4.7 turns)  [m1:100%(2) m3:100%(1)]
  arena 28:   50% ±25  (n=4, avg 7.3 turns)  [m1:100%(2) m3:0%(2)]
  arena 29:  100% ±0  (n=3, avg 3.0 turns)  [m1:100%(2) m5:100%(1)]
  arena 30:   50% ±25  (n=4, avg 8.3 turns)  [m3:100%(2) m6:0%(2)]
  arena 34:  100% ±0  (n=4, avg 2.8 turns)  [m1:100%(4)]
  procedural:   82% ±12  (n=11, avg 7.0 turns)  [m1:100%(4) m3:100%(2) m4:100%(2) m5:0%(2) m6:100%(1)]

DEPLOYMENT GEOMETRY (opening shape; choices/ARMED is the wave's real gate):
  FRONTAL   :   70% ±9  (n=27, avg 6.1 turns)  choices/turn 2.09  choices/ARMED 2.10  los-targets/ARMED 2.76
  PINCER    :   68% ±10  (n=22, avg 5.4 turns)  choices/turn 1.72  choices/ARMED 1.58  los-targets/ARMED 2.07
  CROSSFIRE :  100% ±0  (n=7, avg 5.4 turns)  choices/turn 2.31  choices/ARMED 2.08  los-targets/ARMED 1.55
  ENVELOP   :   77% ±12  (n=13, avg 6.0 turns)  choices/turn 2.00  choices/ARMED 1.75  los-targets/ARMED 2.49

ARENA FUNNEL (Mission.Build exits, n=82 builds, all modes):
  authored-applied    :  84.1%  (n=69)
  connectivity-reject :   0.0%  (n=0)
  procedural-roll     :  15.9%  (n=13)

DECK EXPOSURE (campaign runs n=20):
  distinct authored arenas/run : 2.90 mean (all runs)
  ... full-depth runs only     : 4.00 mean over 5.0 fights/run (n=2)
  Defend dealt on the route    :   60% of runs (n=12)

ACTION MIX (verbs issued, by policy):
  verb                  greedy        sloppy
  MOVE               473   36%     508   39%
  SHOOT              367   28%     336   26%
  OVERWATCH          114    9%      92    7%
  HUNKER              53    4%      58    5%
  BRACE               64    5%      34    3%
  FOCUS               22    2%      51    4%
  INTEL               37    3%      32    2%
  RELOAD              33    3%      35    3%
  STABILIZE           31    2%      36    3%
  SLIPSTREAM          30    2%      34    3%
  PIN                 16    1%      12    1%
  MARK                15    1%      12    1%
  ITEM:SMOKE          12    1%      12    1%
  DRAG                12    1%      12    1%
  REARM               10    1%       5    0%
  GRENADE              2    0%       6    0%
  GRAPPLE              5    0%       3    0%
  BEACON               4    0%       4    0%
  PLANT                3    0%       3    0%
  BARREL               3    0%       1    0%
  PATCH                3    0%       1    0%
  ITEM:INCENDIARY       1    0%       0    0%
  EXTRACT              0    0%       1    0%

PLAYER CLASS PERFORMANCE:
  class        shots   hit%   dmg   kills
  GUNNER         220    88%   1136     72
  SHARPSHOOTER    145    90%    981     65
  ASSAULT        194    84%    792     41
  RANGER         106    84%    591     39
  CORPSMAN        28    86%     84      2
  VIP              8    63%     13      0

SOLDIER DEATHS BY ENEMY CLASS (threat ranking):
  ELITE      : 15
  BURN       : 11
  STRIKE     : 10
  SAPPER     : 7
  BERSERKER  : 7
  GRUNT      : 7
  STRIKER    : 6
  TURRET     : 6
  HUNTER     : 6
  HOUND      : 5
  LANCER     : 4
  CUSTODIAN  : 4
  DRONE      : 3
  BRUISER    : 3
  SHIELD     : 3
  SNIPER     : 2
  WARBRINGER : 2
  MEDIC      : 2
  SPOTTER    : 2
  MORTAR     : 1
  SCREENER   : 1
  SCOUT      : 1
  PIKEMAN    : 1

SOLDIER DOWNS (FUL-7 bleed-out): 231 downs -> revived 1 / recovered 54 / bled out 132 / finished 31  (save-rate   29%)
  corpsman fielded in 20 missions

ENEMY COMPOSITION (spawns; faction-stamped fights n=343 / default-cascade fights n=373):
  class        faction         default
  GRUNT           25    7%       55   15%
  SCOUT           11    3%       58   16%
  DRONE           44   13%       24    6%
  STRIKER         23    7%       23    6%
  BERSERKER       28    8%       18    5%
  TURRET          32    9%       13    3%
  ELITE           23    7%       17    5%
  SCREENER        28    8%       10    3%
  SHIELD          27    8%        7    2%
  HOUND            3    1%       30    8%
  SAPPER          10    3%       21    6%
  HUNTER          13    4%       14    4%
  SPOTTER         13    4%       12    3%
  MEDIC            6    2%       19    5%
  LANCER          13    4%       12    3%
  SNIPER           3    1%       21    6%
  CUSTODIAN       21    6%        2    1%
  BRUISER         11    3%        5    1%
  WARBRINGER       4    1%        2    1%
  PIKEMAN          1    0%        5    1%
  BOMBARD          0    0%        5    1%
  MORTAR           4    1%        0    0%

PERK PICK FREQUENCY:
  GUN           : 15
  OUT           : 13
  CQB           : 13
  PLT           : 12
  TNK           : 12
  GRD           : 11
  FST           : 10
  HRD           : 9
  MOM           : 9
  EXC           : 8
  LCK           : 8
  SKR           : 7
  BRK           : 7
  RFX           : 5
  MRK           : 5
  VNT           : 4
  BND           : 2
  CLH           : 2

SHOP PURCHASE FREQUENCY:
  FIELD MEDKIT      : 69
  WPN: SCOPE        : 58
  WPN: HOLLOW POINT : 41
  WPN: STABILIZER   : 33
  WPN: EXTENDED MAG : 25
  WPN: BIPOD        : 22
  COMBAT STIMS      : 19
  COUNTER-PREP      : 16
  ARMORY            : 15
  ADV. TRAINING     : 15
  FRAG CACHE        : 13
  WPN: SUPPRESSOR   : 10
  BALLISTIC PLATING : 9

BOON PICK FREQUENCY (PROCS = effect fires at instrumented sites; '-' = not instrumented;
                      PYR counts the +2-turn-burn half only — the Burning-immunity half is uninstrumented):
  code                 picks   PROCS
  TRR               :     7      21
  MRK               :     5       -
  ADR               :     4       -
  FST               :     4      37
  GHO               :     4       -
  RCL               :     4       1
  SHK               :     4       5
  FDR               :     3       4
  FRT               :     3       -
  RPD               :     3       -
  FVR               :     2       -
  GRN               :     2       -
  EXE               :     1       -
  PYR               :     1       0
  SCV               :     1       -
  VNM               :     1       -

RUN WIN-RATE BY BOON (campaign runs holding it):
  TRR               :    0% ±0  (in 7 runs)
  MRK               :   40% ±22  (in 5 runs)
  ADR               :    0% ±0  (in 4 runs)
  FST               :   25% ±22  (in 4 runs)
  GHO               :   25% ±22  (in 4 runs)
  RCL               :    0% ±0  (in 4 runs)
  SHK               :   25% ±22  (in 4 runs)
  FDR               :    0% ±0  (in 3 runs)
  FRT               :   33% ±27  (in 3 runs)
  RPD               :    0% ±0  (in 3 runs)
  FVR               :   50% ±35  (in 2 runs)
  GRN               :    0% ±0  (in 2 runs)
  EXE               :    0% ±0  (in 1 runs)
  PYR               :    0% ±0  (in 1 runs)
  SCV               :  100% ±0  (in 1 runs)
  VNM               :    0% ±0  (in 1 runs)

RUN WIN-RATE BY SPEC (campaign runs fielding it):
  SNT               :   17% ±15  (in 6 runs)
  ANC               :   20% ±18  (in 5 runs)
  BRC               :   33% ±27  (in 3 runs)
  PTH               :    0% ±0  (in 3 runs)
  HHT               :    0% ±0  (in 2 runs)
  JUG               :   50% ±35  (in 2 runs)
  PHN               :   50% ±35  (in 2 runs)
  ADN               :    0% ±0  (in 1 runs)

RUN WIN-RATE BY PERK (campaign runs holding it):
  CQB               :   20% ±13  (in 10 runs)
  GUN               :   10% ±9  (in 10 runs)
  OUT               :   20% ±13  (in 10 runs)
  HRD               :   22% ±14  (in 9 runs)
  TNK               :   11% ±10  (in 9 runs)
  FST               :   13% ±12  (in 8 runs)
  GRD               :   13% ±12  (in 8 runs)
  PLT               :   13% ±12  (in 8 runs)
  BRK               :   14% ±13  (in 7 runs)
  EXC               :   29% ±17  (in 7 runs)
  LCK               :   14% ±13  (in 7 runs)
  MOM               :    0% ±0  (in 7 runs)
  RFX               :   20% ±18  (in 5 runs)
  SKR               :    0% ±0  (in 5 runs)
  MRK               :    0% ±0  (in 4 runs)
  VNT               :   25% ±22  (in 4 runs)
  BND               :    0% ±0  (in 2 runs)
  CLH               :    0% ±0  (in 2 runs)

RUN WIN-RATE BY PURCHASE (campaign runs buying it):
  FIELD MEDKIT      :   11% ±7  (in 19 runs)
  WPN: SCOPE        :    7% ±6  (in 15 runs)
  ARMORY            :   15% ±10  (in 13 runs)
  COUNTER-PREP      :   17% ±11  (in 12 runs)
  WPN: EXTENDED MAG :   17% ±11  (in 12 runs)
  WPN: BIPOD        :    9% ±9  (in 11 runs)
  WPN: HOLLOW POINT :   18% ±12  (in 11 runs)
  WPN: STABILIZER   :   20% ±13  (in 10 runs)
  COMBAT STIMS      :   11% ±10  (in 9 runs)
  WPN: SUPPRESSOR   :   25% ±15  (in 8 runs)
  ADV. TRAINING     :   17% ±15  (in 6 runs)
  BALLISTIC PLATING :   17% ±15  (in 6 runs)
  FRAG CACHE        :   17% ±15  (in 6 runs)

RUN WIN-RATE BY EVENT-CHOICE (campaign runs taking id:arm):
  quartermaster:1   :    0% ±0  (in 3 runs)
  warchest:1        :    0% ±0  (in 3 runs)
  bloodfeud:1       :    0% ±0  (in 2 runs)
  cache:1           :   50% ±35  (in 2 runs)
  defector:0        :   50% ±35  (in 2 runs)
  drill:0           :    0% ±0  (in 2 runs)
  informant:1       :    0% ±0  (in 2 runs)
  reservecall:0     :    0% ±0  (in 2 runs)
  blackmarket:1     :    0% ±0  (in 1 runs)
  blackmarket:2     :    0% ±0  (in 1 runs)
  bloodfeud:2       :    0% ±0  (in 1 runs)
═══════════════════════════════════════════════════════════════════════

batch wall-time: 3.2s  (20 matches across 10 campaigns × 2 policy, frame-cap hits: 0)
aggregate JSON -> /home/user/SIGHTLINE/docs/measurements/l3/L3-h6-b40.json
INFO: TEXTURE: [ID 2] Unloaded texture data from VRAM (GPU)
INFO: SHADER: [ID 3] Default shader unloaded successfully
INFO: TEXTURE: [ID 1] Default texture unloaded successfully
INFO: Window closed successfully
