INFO: Initializing raylib 6.0
INFO: Platform backend: DESKTOP (GLFW)
INFO: Supported raylib modules:
INFO:     > rcore:..... loaded (mandatory)
INFO:     > rlgl:...... loaded (mandatory)
INFO:     > rshapes:... loaded (optional)
INFO:     > rtextures:. loaded (optional)
INFO:     > rtext:..... loaded (optional)
INFO:     > rmodels:... loaded (optional)
INFO:     > raudio:.... loaded (optional)
INFO: DISPLAY: Trying to enable MSAA x4
INFO: DISPLAY: Device initialized successfully 
INFO:     > Display size: 1280 x 800
INFO:     > Screen size:  1280 x 800
INFO:     > Render size:  1280 x 800
INFO:     > Viewport offsets: 0, 0
INFO: GLAD: OpenGL extensions loaded successfully
INFO: GL: Supported extensions count: 229
INFO: GL: OpenGL device information:
INFO:     > Vendor:   Mesa
INFO:     > Renderer: llvmpipe (LLVM 20.1.2, 256 bits)
INFO:     > Version:  4.5 (Core Profile) Mesa 25.2.8-0ubuntu0.24.04.2
INFO:     > GLSL:     4.50
INFO: GL: VAO extension detected, VAO functions loaded successfully
INFO: GL: NPOT textures extension detected, full NPOT textures supported
INFO: GL: DXT compressed textures supported
INFO: GL: ETC2/EAC compressed textures supported
INFO: PLATFORM: DESKTOP (GLFW - X11): Initialized successfully
INFO: TEXTURE: [ID 1] Texture loaded successfully (1x1 | R8G8B8A8 | 1 mipmaps)
INFO: TEXTURE: [ID 1] Default texture loaded successfully
INFO: SHADER: [ID 1] Vertex shader compiled successfully
INFO: SHADER: [ID 2] Fragment shader compiled successfully
INFO: SHADER: [ID 3] Program shader loaded successfully
INFO: SHADER: [ID 3] Default shader loaded successfully
INFO: RLGL: Render batch vertex buffers loaded successfully in RAM (CPU)
INFO: RLGL: Render batch vertex buffers loaded successfully in VRAM (GPU)
INFO: RLGL: Default OpenGL state initialized successfully
INFO: TEXTURE: [ID 2] Texture loaded successfully (128x128 | GRAY_ALPHA | 1 mipmaps)
INFO: FONT: Default font loaded successfully (224 glyphs)
INFO: SYSTEM: Working Directory: /home/user/SIGHTLINE
INFO: TIMER: Target time per frame: 0.000 milliseconds
FINALE-KIT: Legion
WAVE: +2 (HUNTER,GRUNT) [rich]
WAVE: +2 (HUNTER,HUNTER) [rich]
WAVE: +2 (BERSERKER,BERSERKER) [rich]
WAVE: +2 (HUNTER,HUNTER) [rich]
WAVE: +2 (BRUISER,BRUISER) [rich]
WAVE: +2 (SCOUT,STRIKER) [rich]
FINALE-KIT: Legion
WAVE: +2 (LANCER,LANCER) [rich]
WAVE: +2 (BERSERKER,BRUISER) [rich]
WAVE: +2 (HOUND,GRUNT) [rich]
FINALE-KIT: Syndicate
WAVE: +2 (HOUND,BRUISER) [rich]
WAVE: +2 (HUNTER,HUNTER) [rich]
WAVE: +2 (SNIPER,SCOUT) [rich]
FINALE-KIT: Syndicate
WAVE: +2 (HUNTER,BRUISER) [rich]
WAVE: +2 (STRIKER,BRUISER) [rich]
WAVE: +2 (HUNTER,HOUND) [rich]
REINFORCEMENTS: +2 (GRUNT,SCOUT)
REINFORCEMENTS: +2 (SCOUT,GRUNT)
REINFORCEMENTS: +2 (GRUNT,SCOUT)
REINFORCEMENTS: +2 (GRUNT,SCOUT)
REINFORCEMENTS: +3 (SCOUT,SCOUT,SCOUT)
FINALE-KIT: Wardens
WAVE: +3 (SAPPER,SHIELD,DRONE) [rich]
WAVE: +3 (SPOTTER,DRONE,SCREENER) [rich]
WAVE: +3 (SAPPER,SAPPER,SAPPER) [rich]
match 5/20  (W:4 L:1 cap:0)  1.4s
FINALE-KIT: Wardens
WAVE: +3 (SAPPER,SHIELD,DRONE) [rich]
WAVE: +3 (SAPPER,DRONE,SCREENER) [rich]
WAVE: +3 (SCREENER,SHIELD,DRONE) [rich]
REINFORCEMENTS: +2 (SCOUT,SCOUT)
FINALE-KIT: Legion
FINALE-KIT: Legion
FINALE-KIT: Wardens
WAVE: +2 (SCOUT,DRONE) [rich]
WAVE: +2 (SNIPER,DRONE) [rich]
WAVE: +2 (LANCER,SNIPER) [rich]
REINFORCEMENTS: +2 (SCOUT,SCOUT)
REINFORCEMENTS: +2 (SCOUT,GRUNT)
REINFORCEMENTS: +3 (SCOUT,GRUNT,GRUNT)
FINALE-KIT: Wardens
WAVE: +2 (SCOUT,STRIKER) [rich]
WAVE: +2 (LANCER,BRUISER) [rich]
WAVE: +2 (SCOUT,HUNTER) [rich]
match 10/20  (W:9 L:1 cap:0)  2.1s
FINALE-KIT: Wardens
WAVE: +3 (LANCER,LANCER,SPOTTER) [rich]
WAVE: +3 (HOUND,HOUND,HUNTER) [rich]
WAVE: +3 (BERSERKER,SCREENER,STRIKER) [rich]
FINALE-KIT: Wardens
WAVE: +3 (PIKEMAN,HUNTER,MORTAR) [rich]
WAVE: +3 (SHIELD,DRONE,SNIPER) [rich]
WAVE: +3 (SNIPER,HOUND,WARBRINGER) [rich]
FINALE-KIT: Wardens
REINFORCEMENTS: +2 (SCOUT,GRUNT)
WAVE: +3 (BRUISER,BERSERKER,GRUNT) [rich]
WAVE: +3 (BERSERKER,WARBRINGER,STRIKER) [rich]
WAVE: +3 (BERSERKER,WARBRINGER,HUNTER) [rich]
FINALE-KIT: Wardens
REINFORCEMENTS: +2 (SCOUT,GRUNT)
WAVE: +3 (BERSERKER,GRUNT,HUNTER) [rich]
WAVE: +3 (HUNTER,BERSERKER,BERSERKER) [rich]
WAVE: +3 (SCOUT,LANCER,BRUISER) [rich]
FINALE-KIT: Legion
WAVE: +2 (SNIPER,BRUISER) [rich]
WAVE: +2 (SNIPER,SCOUT) [rich]
WAVE: +2 (DRONE,LANCER) [rich]
REINFORCEMENTS: +2 (GRUNT,GRUNT)
REINFORCEMENTS: +2 (SCOUT,GRUNT)
REINFORCEMENTS: +2 (SCOUT,SCOUT)
match 15/20  (W:13 L:2 cap:0)  2.6s
FINALE-KIT: Legion
WAVE: +2 (SCOUT,BRUISER) [rich]
WAVE: +2 (STRIKER,BRUISER) [rich]
WAVE: +2 (DRONE,SCOUT) [rich]
FINALE-KIT: Wardens
WAVE: +3 (HUNTER,STRIKER,BERSERKER) [rich]
WAVE: +3 (HOUND,HUNTER,BRUISER) [rich]
WAVE: +3 (BRUISER,HUNTER,LANCER) [rich]
FINALE-KIT: Wardens
WAVE: +3 (STRIKER,BERSERKER,BRUISER) [rich]
WAVE: +3 (STRIKER,BERSERKER,LANCER) [rich]
WAVE: +3 (BERSERKER,HUNTER,LANCER) [rich]
FINALE-KIT: Wardens
REINFORCEMENTS: +2 (SCOUT,GRUNT)
REINFORCEMENTS: +2 (SCOUT,SCOUT)
REINFORCEMENTS: +3 (GRUNT,SCOUT,GRUNT)
REINFORCEMENTS: +2 (SCOUT,GRUNT)
REINFORCEMENTS: +2 (GRUNT,GRUNT)
FINALE-KIT: Wardens
match 20/20  (W:16 L:4 cap:0)  3.0s

══════════════════════ SIGHTLINE BALANCE REPORT ══════════════════════
runs=20  missions=84

RUN OUTCOMES (campaign):  win-rate   80%   avg missions cleared 5.5

POLICY GAP (optimal vs human-error; campaign runs only):
  greedy win-rate   80%  (n=10)
  sloppy win-rate   80%  (n=10)
  GAP    0 pts  (healthy slack)
  PAIRED (same-seed slots): pairs=10  concordant=8  discordant greedy-only-won=1 / sloppy-only-won=1  paired gap    0 pts
  PER-SLOT RECORDS (greedy | sloppy: outcome + missions cleared; margin = g−s):
    slot  20 @h-1: W 6 | W 6   margin +0
    slot  21 @h-1: W 6 | L 4   margin +2
    slot  22 @h-1: W 6 | W 6   margin +0
    slot  23 @h-1: W 6 | W 6   margin +0
    slot  24 @h-1: W 6 | W 6   margin +0
    slot  25 @h-1: W 6 | W 6   margin +0
    slot  26 @h-1: W 6 | W 6   margin +0
    slot  27 @h-1: L 5 | W 6   margin -1
    slot  28 @h-1: W 6 | W 6   margin +0
    slot  29 @h-1: L 3 | L 1   margin +2
  PAIRED MARGIN (missions cleared, all pairs): +0.30 ±0.30 SE  (n=10 pairs)
  by objective (greedy / sloppy / gap):
    Decapitate :   90% /  100% / gap  -10
    Defend     :  100% /  100% / gap    0
    Eliminate  :   92% /   91% / gap    1
    Escort     :  100% /  100% / gap    0
    Evac       :  100% /  100% / gap    0
    Hack       :  100% /  100% / gap    0
    Rescue     :  100% /  100% / gap    0
    Sabotage   :  100% /   67% / gap   33

DECISION RICHNESS / SWING:
  meaningful-choices/turn 3.34   lead-swings/match 0.5   avg max-swing 31.3
  [shot-gate] acting-soldiers/turn 3.77   armed-soldiers/turn 1.52   armed-fraction 40%   turns-with-a-shot 62%   choices/ARMED-soldier-turn 2.20
  [choice-split] los-targets/ARMED 2.44   target-choices/ARMED 0.45   position-choices/ARMED 1.75

RUN COMPLETION BY HEAT (full-campaign clears):
  heat -1:   80% ±9  (n=20 runs, avg 5.5 missions)

INTEL ECONOMY BY HEAT (campaign runs; heat-bonus = the Heat.IntelBonus share of income):
  heat -1: earned  151.1/run   heat-bonus   0.0 (   0% of income)   spent  133.7   unspent   17.5

MISSION WIN-RATE BY HEAT:
  heat -1:   96%  (n=83, avg 4.9 turns)
  heat 0:    0% ±0  (n=1, avg 11.0 turns)

MISSION WIN-RATE BY OBJECTIVE:
  Eliminate  :   91% ±6  (n=23, avg 3.8 turns)
  Decapitate :   95% ±5  (n=19, avg 3.5 turns)
  Defend     :  100% ±0  (n=16, avg 9.0 turns)
  Rescue     :  100% ±0  (n=10, avg 5.3 turns)
  Sabotage   :   83% ±15  (n=6, avg 4.2 turns)
  Evac       :  100% ±0  (n=6, avg 2.2 turns)
  Hack       :  100% ±0  (n=2, avg 5.0 turns)
  Escort     :  100% ±0  (n=2, avg 9.0 turns)

MISSION WIN-RATE BY OBJECTIVE x NODE KIND (a capstone must never pool with a mid-run node):
  Eliminate  : Start: 100%(n=20)  Combat:  33%(n=3)
               depth: m1:100%(20) m4:0%(1) m5:50%(2)
  Decapitate : Boss:  94%(n=17)  Combat: 100%(n=2)
               depth: m3:100%(2) m6:94%(17)
  Defend     : Supply: 100%(n=8)  Combat: 100%(n=6)  Elite: 100%(n=2)
               depth: m2:100%(6) m3:100%(2) m4:100%(4) m5:100%(4)
  Rescue     : Combat: 100%(n=8)  Elite: 100%(n=2)
               depth: m2:100%(2) m4:100%(6) m5:100%(2)
  Sabotage   : Elite:  75%(n=4)  Combat: 100%(n=2)
               depth: m2:50%(2) m3:100%(4)
  Evac       : Combat: 100%(n=4)  Supply: 100%(n=2)
               depth: m2:100%(2) m3:100%(2) m5:100%(2)
  Hack       : Combat: 100%(n=2)
               depth: m5:100%(2)
  Escort     : Supply: 100%(n=2)
               depth: m4:100%(2)

DECAPITATE HVT (buff = +6+1*mission HP, +6 aim; ELITE exempt):
  EXEMPT  :   95% ±5  (n=19, avg 3.5 turns, HVT 22.9 max HP)  [m3:100%(2) m6:94%(17)]

MISSION WIN-RATE BY MISSION #:
  m1:  100% ±0  (n=20)
  m2:   92% ±8  (n=12)
  m3:  100% ±0  (n=10)
  m4:   92% ±7  (n=13)
  m5:   92% ±8  (n=12)
  m6:   94% ±6  (n=17)

LOSS CAUSES (missions):
  RUN OVER              : 4

MISSION WIN-RATE BY ARENA (authored layouts, n>=3; procedural fallback   21% of 84 missions):
  arena  3:  100% ±0  (n=4, avg 5.5 turns)  [m1:100%(2) m5:100%(2)]
  arena  7:  100% ±0  (n=3, avg 4.3 turns)  [m1:100%(2) m4:100%(1)]
  arena 10:   50% ±25  (n=4, avg 5.8 turns)  [m2:50%(2) m6:50%(2)]
  arena 12:  100% ±0  (n=3, avg 3.7 turns)  [m6:100%(3)]
  arena 15:  100% ±0  (n=3, avg 8.0 turns)  [m2:100%(2) m6:100%(1)]
  arena 16:  100% ±0  (n=4, avg 5.5 turns)  [m3:100%(2) m4:100%(2)]
  arena 19:  100% ±0  (n=4, avg 2.0 turns)  [m1:100%(4)]
  arena 20:   67% ±27  (n=3, avg 5.3 turns)  [m3:100%(2) m4:0%(1)]
  arena 28:  100% ±0  (n=4, avg 9.5 turns)  [m4:100%(2) m5:100%(2)]
  arena 30:  100% ±0  (n=5, avg 2.8 turns)  [m1:100%(2) m5:100%(2) m6:100%(1)]
  arena 31:   75% ±22  (n=4, avg 8.8 turns)  [m2:100%(2) m5:50%(2)]
  arena 32:  100% ±0  (n=3, avg 4.0 turns)  [m5:100%(2) m6:100%(1)]
  arena 33:  100% ±0  (n=3, avg 5.3 turns)  [m1:100%(2) m3:100%(1)]
  procedural:  100% ±0  (n=18, avg 4.3 turns)  [m1:100%(4) m2:100%(2) m3:100%(3) m4:100%(3) m6:100%(6)]

DEPLOYMENT GEOMETRY (opening shape; choices/ARMED is the wave's real gate):
  FRONTAL   :   94%  (n=32, avg 4.7 turns)  choices/turn 3.31  choices/ARMED 2.00  los-targets/ARMED 2.61
  PINCER    :   93% ±5  (n=29, avg 4.8 turns)  choices/turn 3.79  choices/ARMED 2.61  los-targets/ARMED 2.63
  CROSSFIRE :  100% ±0  (n=6, avg 3.0 turns)  choices/turn 4.67  choices/ARMED 2.71  los-targets/ARMED 2.81
  ENVELOP   :  100% ±0  (n=17, avg 6.3 turns)  choices/turn 2.52  choices/ARMED 1.83  los-targets/ARMED 1.76

ARENA FUNNEL (Mission.Build exits, n=92 builds, all modes):
  authored-applied    :  76.1%  (n=70)
  connectivity-reject :   0.0%  (n=0)
  procedural-roll     :  23.9%  (n=22)

DECK EXPOSURE (campaign runs n=20):
  distinct authored arenas/run : 3.30 mean (all runs)
  ... full-depth runs only     : 3.31 mean over 4.4 fights/run (n=16)
  Defend dealt on the route    :   80% of runs (n=16)

ACTION MIX (verbs issued, by policy):
  verb                  greedy        sloppy
  MOVE               585   40%     550   42%
  SHOOT              372   25%     294   22%
  HUNKER             126    9%     137   10%
  BRACE               73    5%      56    4%
  OVERWATCH           59    4%      31    2%
  RELOAD              42    3%      36    3%
  INTEL               40    3%      35    3%
  FOCUS               18    1%      41    3%
  STABILIZE           25    2%      29    2%
  MARK                27    2%      18    1%
  SLIPSTREAM          17    1%      25    2%
  ITEM:SMOKE          14    1%      13    1%
  PIN                 15    1%       9    1%
  REARM               12    1%       7    1%
  PLANT                9    1%       9    1%
  GRENADE              4    0%      10    1%
  BEACON               6    0%       6    0%
  PATCH                6    0%       5    0%
  GRAPPLE              2    0%       4    0%
  EXTRACT              2    0%       3    0%
  HACK                 2    0%       2    0%
  BARREL               1    0%       0    0%
  ITEM:BARRICADE       1    0%       0    0%
  ITEM:INCENDIARY       1    0%       0    0%
  DRAG                 0    0%       1    0%

PLAYER CLASS PERFORMANCE:
  class        shots   hit%   dmg   kills
  SHARPSHOOTER    197    92%   1275     83
  ASSAULT        208    88%    874     59
  RANGER         133    85%    786     40
  GUNNER         168    83%    708     44
  CORPSMAN        50    84%    155     12

SOLDIER DEATHS BY ENEMY CLASS (threat ranking):
  BRUISER    : 6
  STRIKE     : 5
  LANCER     : 5
  SHIELD     : 3
  GRUNT      : 3
  BERSERKER  : 3
  MORTAR     : 3
  ELITE      : 2
  BURN       : 2
  STRIKER    : 2
  SCOUT      : 1
  SNIPER     : 1
  PIKEMAN    : 1
  HUNTER     : 1

SOLDIER DOWNS (FUL-7 bleed-out): 150 downs -> revived 5 / recovered 74 / bled out 60 / finished 11  (save-rate   53%)
  corpsman fielded in 28 missions

ENEMY COMPOSITION (spawns; faction-stamped fights n=420 / default-cascade fights n=160):
  class        faction         default
  SCOUT           37    9%       49   31%
  GRUNT           43   10%       20   13%
  ELITE           43   10%        2    1%
  BERSERKER       38    9%        3    2%
  BRUISER         33    8%        8    5%
  LANCER          24    6%       11    7%
  HUNTER          26    6%        7    4%
  SNIPER          13    3%       15    9%
  SHIELD          26    6%        1    1%
  STRIKER         11    3%       13    8%
  DRONE           17    4%        7    4%
  SPOTTER         18    4%        6    4%
  MEDIC           17    4%        3    2%
  TURRET          20    5%        0    0%
  WARBRINGER      14    3%        1    1%
  SCREENER        10    2%        4    3%
  HOUND            5    1%        8    5%
  MORTAR           7    2%        1    1%
  BOMBARD          6    1%        0    0%
  SAPPER           6    1%        0    0%
  PIKEMAN          5    1%        1    1%
  CUSTODIAN        1    0%        0    0%

PERK PICK FREQUENCY:
  OUT           : 16
  GUN           : 15
  FST           : 12
  MOM           : 11
  LCK           : 11
  EXC           : 10
  RFX           : 9
  BRK           : 9
  SKR           : 9
  CQB           : 8
  GRD           : 8
  HRD           : 8
  TNK           : 5
  SGE           : 5
  MRK           : 4
  VNT           : 4
  CLH           : 3
  BND           : 2

SHOP PURCHASE FREQUENCY:
  FIELD MEDKIT      : 62
  WPN: STABILIZER   : 32
  WPN: SCOPE        : 27
  WPN: EXTENDED MAG : 26
  WPN: HOLLOW POINT : 25
  ARMORY            : 19
  WPN: BIPOD        : 16
  COUNTER-PREP      : 15
  WPN: SUPPRESSOR   : 10
  FRAG CACHE        : 10
  BALLISTIC PLATING : 10
  COMBAT STIMS      : 9
  ADV. TRAINING     : 5

BOON PICK FREQUENCY (PROCS = effect fires at instrumented sites; '-' = not instrumented;
                      PYR counts the +2-turn-burn half only — the Burning-immunity half is uninstrumented):
  code                 picks   PROCS
  FRT               :     8       -
  PYR               :     7       0
  SCV               :     7       -
  FST               :     5      60
  FVR               :     5       -
  SHK               :     5       9
  FDR               :     4       0
  GHO               :     4       -
  TRR               :     4      11
  VNM               :     4       -
  MRK               :     3       -
  ADR               :     2       -
  RCL               :     2       0
  RPD               :     2       -
  EXE               :     1       -
  GRN               :     1       -

RUN WIN-RATE BY BOON (campaign runs holding it):
  FRT               :   75% ±15  (in 8 runs)
  PYR               :   86% ±13  (in 7 runs)
  SCV               :  100% ±0  (in 7 runs)
  FST               :   60% ±22  (in 5 runs)
  FVR               :   80% ±18  (in 5 runs)
  SHK               :   80% ±18  (in 5 runs)
  FDR               :   75% ±22  (in 4 runs)
  GHO               :  100% ±0  (in 4 runs)
  TRR               :   75% ±22  (in 4 runs)
  VNM               :  100% ±0  (in 4 runs)
  MRK               :  100% ±0  (in 3 runs)
  ADR               :  100% ±0  (in 2 runs)
  RCL               :  100% ±0  (in 2 runs)
  RPD               :  100% ±0  (in 2 runs)
  EXE               :  100% ±0  (in 1 runs)
  GRN               :  100% ±0  (in 1 runs)

RUN WIN-RATE BY SPEC (campaign runs fielding it):
  SNT               :   86% ±13  (in 7 runs)
  HHT               :  100% ±0  (in 5 runs)
  ADN               :  100% ±0  (in 3 runs)
  BRC               :   67% ±27  (in 3 runs)
  ANC               :  100% ±0  (in 2 runs)
  JUG               :  100% ±0  (in 2 runs)
  PHN               :  100% ±0  (in 2 runs)
  PTH               :  100% ±0  (in 2 runs)
  MED               :  100% ±0  (in 1 runs)

RUN WIN-RATE BY PERK (campaign runs holding it):
  FST               :   91% ±9  (in 11 runs)
  GUN               :   80% ±13  (in 10 runs)
  MOM               :   90% ±9  (in 10 runs)
  OUT               :   78% ±14  (in 9 runs)
  BRK               :   63% ±17  (in 8 runs)
  CQB               :  100% ±0  (in 8 runs)
  HRD               :  100% ±0  (in 8 runs)
  LCK               :   88% ±12  (in 8 runs)
  RFX               :  100% ±0  (in 8 runs)
  EXC               :  100% ±0  (in 7 runs)
  GRD               :  100% ±0  (in 7 runs)
  SKR               :  100% ±0  (in 7 runs)
  SGE               :   80% ±18  (in 5 runs)
  MRK               :   75% ±22  (in 4 runs)
  TNK               :   75% ±22  (in 4 runs)
  CLH               :  100% ±0  (in 3 runs)
  VNT               :  100% ±0  (in 3 runs)
  BND               :  100% ±0  (in 2 runs)

RUN WIN-RATE BY PURCHASE (campaign runs buying it):
  FIELD MEDKIT      :   83% ±9  (in 18 runs)
  ARMORY            :   93% ±6  (in 15 runs)
  WPN: EXTENDED MAG :   86% ±9  (in 14 runs)
  WPN: SCOPE        :   85% ±10  (in 13 runs)
  COUNTER-PREP      :  100% ±0  (in 12 runs)
  WPN: BIPOD        :   73% ±13  (in 11 runs)
  WPN: HOLLOW POINT :   82% ±12  (in 11 runs)
  WPN: STABILIZER   :   91% ±9  (in 11 runs)
  WPN: SUPPRESSOR   :  100% ±0  (in 8 runs)
  BALLISTIC PLATING :   71% ±17  (in 7 runs)
  COMBAT STIMS      :  100% ±0  (in 7 runs)
  FRAG CACHE        :   71% ±17  (in 7 runs)
  ADV. TRAINING     :  100% ±0  (in 4 runs)

RUN WIN-RATE BY EVENT-CHOICE (campaign runs taking id:arm):
  distress:1        :   75% ±22  (in 4 runs)
  drill:1           :  100% ±0  (in 4 runs)
  blackmarket:0     :   50% ±35  (in 2 runs)
  bloodfeud:1       :   50% ±35  (in 2 runs)
  bloodfeud:2       :  100% ±0  (in 2 runs)
  cache:1           :  100% ±0  (in 2 runs)
  drill:0           :  100% ±0  (in 2 runs)
  grave:0           :  100% ±0  (in 2 runs)
  grave:1           :  100% ±0  (in 2 runs)
  quartermaster:2   :  100% ±0  (in 2 runs)
  relic:1           :  100% ±0  (in 2 runs)
  reservecall:0     :  100% ±0  (in 2 runs)
  informant:1       :    0% ±0  (in 1 runs)
═══════════════════════════════════════════════════════════════════════

batch wall-time: 3.0s  (20 matches across 10 campaigns × 2 policy, frame-cap hits: 0)
aggregate JSON -> /home/user/SIGHTLINE/docs/measurements/l3/L3-hR-b20.json
INFO: TEXTURE: [ID 2] Unloaded texture data from VRAM (GPU)
INFO: SHADER: [ID 3] Default shader unloaded successfully
INFO: TEXTURE: [ID 1] Default texture unloaded successfully
INFO: Window closed successfully
