INFO: Initializing raylib 6.0
INFO: Platform backend: DESKTOP (GLFW)
INFO: Supported raylib modules:
INFO:     > rcore:..... loaded (mandatory)
INFO:     > rlgl:...... loaded (mandatory)
INFO:     > rshapes:... loaded (optional)
INFO:     > rtextures:. loaded (optional)
INFO:     > rtext:..... loaded (optional)
INFO:     > rmodels:... loaded (optional)
INFO:     > raudio:.... loaded (optional)
INFO: DISPLAY: Trying to enable MSAA x4
INFO: DISPLAY: Device initialized successfully 
INFO:     > Display size: 1280 x 800
INFO:     > Screen size:  1280 x 800
INFO:     > Render size:  1280 x 800
INFO:     > Viewport offsets: 0, 0
INFO: GLAD: OpenGL extensions loaded successfully
INFO: GL: Supported extensions count: 229
INFO: GL: OpenGL device information:
INFO:     > Vendor:   Mesa
INFO:     > Renderer: llvmpipe (LLVM 20.1.2, 256 bits)
INFO:     > Version:  4.5 (Core Profile) Mesa 25.2.8-0ubuntu0.24.04.2
INFO:     > GLSL:     4.50
INFO: GL: VAO extension detected, VAO functions loaded successfully
INFO: GL: NPOT textures extension detected, full NPOT textures supported
INFO: GL: DXT compressed textures supported
INFO: GL: ETC2/EAC compressed textures supported
INFO: PLATFORM: DESKTOP (GLFW - X11): Initialized successfully
INFO: TEXTURE: [ID 1] Texture loaded successfully (1x1 | R8G8B8A8 | 1 mipmaps)
INFO: TEXTURE: [ID 1] Default texture loaded successfully
INFO: SHADER: [ID 1] Vertex shader compiled successfully
INFO: SHADER: [ID 2] Fragment shader compiled successfully
INFO: SHADER: [ID 3] Program shader loaded successfully
INFO: SHADER: [ID 3] Default shader loaded successfully
INFO: RLGL: Render batch vertex buffers loaded successfully in RAM (CPU)
INFO: RLGL: Render batch vertex buffers loaded successfully in VRAM (GPU)
INFO: RLGL: Default OpenGL state initialized successfully
INFO: TEXTURE: [ID 2] Texture loaded successfully (128x128 | GRAY_ALPHA | 1 mipmaps)
INFO: FONT: Default font loaded successfully (224 glyphs)
INFO: SYSTEM: Working Directory: /home/user/SIGHTLINE
INFO: TIMER: Target time per frame: 0.000 milliseconds
FINALE-KIT: Syndicate
WAVE: +2 (SAPPER,GRUNT) [rich]
WAVE: +2 (SAPPER,SAPPER) [rich]
WAVE: +2 (GRUNT,SHIELD) [rich]
WAVE: +2 (DRONE,SPOTTER) [rich]
WAVE: +2 (GRUNT,SHIELD) [rich]
WAVE: +2 (DRONE,DRONE) [rich]
REINFORCEMENTS: +2 (SCOUT,SCOUT)
REINFORCEMENTS: +2 (GRUNT,GRUNT)
FINALE-KIT: Syndicate
WAVE: +2 (SHIELD,SHIELD) [rich]
WAVE: +2 (GRUNT,DRONE) [rich]
WAVE: +2 (GRUNT,SHIELD) [rich]
REINFORCEMENTS: +2 (SCOUT,SCOUT)
REINFORCEMENTS: +2 (GRUNT,GRUNT)
REINFORCEMENTS: +2 (SCOUT,GRUNT)
FINALE-KIT: Wardens
WAVE: +3 (SPOTTER,SHIELD,DRONE) [rich]
WAVE: +3 (SHIELD,SAPPER,GRUNT) [rich]
WAVE: +2 (CUSTODIAN,SHIELD) [rich]
FINALE-KIT: Wardens
REINFORCEMENTS: +2 (GRUNT,SCOUT)
WAVE: +3 (SHIELD,GRUNT,SHIELD) [rich]
WAVE: +3 (SHIELD,CUSTODIAN,SPOTTER) [rich]
WAVE: +3 (SAPPER,SHIELD,SCREENER) [rich]
REINFORCEMENTS: +2 (GRUNT,GRUNT)
REINFORCEMENTS: +2 (SCOUT,SCOUT)
FINALE-KIT: Wardens
WAVE: +2 (HOUND,LANCER) [rich]
WAVE: +2 (WARBRINGER,HUNTER) [rich]
WAVE: +2 (HUNTER,SNIPER) [rich]
REINFORCEMENTS: +2 (SCOUT,SCOUT)
REINFORCEMENTS: +2 (SCOUT,GRUNT)
match 5/20  (W:2 L:3 cap:0)  1.5s
FINALE-KIT: Wardens
WAVE: +2 (LANCER,SNIPER) [rich]
WAVE: +2 (HUNTER,SPOTTER) [rich]
WAVE: +2 (SAPPER,LANCER) [rich]
REINFORCEMENTS: +2 (SCOUT,SCOUT)
REINFORCEMENTS: +2 (SCOUT,SCOUT)
REINFORCEMENTS: +2 (SCOUT,SCOUT)
FINALE-KIT: Legion
WAVE: +2 (SCREENER,DRONE) [rich]
WAVE: +2 (DRONE,SHIELD) [rich]
WAVE: +2 (SAPPER,DRONE) [rich]
WAVE: +3 (BERSERKER,SCOUT,BERSERKER) [rich]
WAVE: +3 (LANCER,LANCER,HUNTER) [rich]
WAVE: +3 (LANCER,BRUISER,HOUND) [rich]
REINFORCEMENTS: +2 (SCOUT,GRUNT)
FINALE-KIT: Legion
WAVE: +2 (SCREENER,SCREENER) [rich]
WAVE: +2 (SAPPER,DRONE) [rich]
WAVE: +2 (SCREENER,SPOTTER) [rich]
WAVE: +3 (HUNTER,BRUISER,BERSERKER) [rich]
WAVE: +3 (GRUNT,BRUISER,GRUNT) [rich]
WAVE: +3 (LANCER,BERSERKER,BRUISER) [rich]
REINFORCEMENTS: +2 (GRUNT,GRUNT)
REINFORCEMENTS: +2 (GRUNT,GRUNT)
REINFORCEMENTS: +2 (GRUNT,SCOUT)
FINALE-KIT: Syndicate
REINFORCEMENTS: +2 (GRUNT,GRUNT)
REINFORCEMENTS: +2 (GRUNT,SCOUT)
REINFORCEMENTS: +2 (GRUNT,SCOUT)
WAVE: +3 (SCREENER,DRONE,SAPPER) [rich]
WAVE: +3 (SPOTTER,SCREENER,SCREENER) [rich]
WAVE: +3 (SHIELD,SAPPER,SHIELD) [rich]
FINALE-KIT: Syndicate
REINFORCEMENTS: +2 (GRUNT,GRUNT)
REINFORCEMENTS: +2 (GRUNT,GRUNT)
REINFORCEMENTS: +2 (GRUNT,SCOUT)
REINFORCEMENTS: +2 (SCOUT,GRUNT)
REINFORCEMENTS: +3 (GRUNT,SCOUT,GRUNT)
match 10/20  (W:4 L:6 cap:0)  2.6s
FINALE-KIT: Wardens
WAVE: +2 (SCOUT,BRUISER) [rich]
WAVE: +2 (STRIKER,LANCER) [rich]
WAVE: +2 (LANCER,BERSERKER) [rich]
FINALE-KIT: Wardens
WAVE: +2 (HUNTER,LANCER) [rich]
WAVE: +2 (GRUNT,STRIKER) [rich]
WAVE: +2 (BERSERKER,BRUISER) [rich]
FINALE-KIT: Wardens
WAVE: +2 (HUNTER,SNIPER) [rich]
WAVE: +2 (STRIKER,STRIKER) [rich]
WAVE: +2 (LANCER,BRUISER) [rich]
REINFORCEMENTS: +2 (GRUNT,SCOUT)
FINALE-KIT: Wardens
WAVE: +2 (BRUISER,SCOUT) [rich]
WAVE: +2 (HUNTER,LANCER) [rich]
WAVE: +2 (SCOUT,SNIPER) [rich]
REINFORCEMENTS: +2 (GRUNT,SCOUT)
REINFORCEMENTS: +2 (SCOUT,GRUNT)
REINFORCEMENTS: +3 (SCOUT,SCOUT,SCOUT)
REINFORCEMENTS: +2 (GRUNT,SCOUT)
REINFORCEMENTS: +2 (GRUNT,GRUNT)
FINALE-KIT: Wardens
WAVE: +2 (HUNTER,LANCER) [rich]
WAVE: +2 (HOUND,LANCER) [rich]
WAVE: +2 (DRONE,HOUND) [rich]
WAVE: +3 (STRIKER,BRUISER,BERSERKER) [rich]
WAVE: +3 (BRUISER,BERSERKER,WARBRINGER) [rich]
WAVE: +3 (HUNTER,BRUISER,HUNTER) [rich]
match 15/20  (W:8 L:7 cap:0)  3.3s
FINALE-KIT: Wardens
WAVE: +2 (HOUND,DRONE) [rich]
WAVE: +2 (BRUISER,STRIKER) [rich]
WAVE: +2 (LANCER,SNIPER) [rich]
REINFORCEMENTS: +2 (GRUNT,SCOUT)
WAVE: +3 (HUNTER,BERSERKER,GRUNT) [rich]
WAVE: +3 (STRIKER,STRIKER,HUNTER) [rich]
WAVE: +3 (HOUND,LANCER,BERSERKER) [rich]
FINALE-KIT: Legion
WAVE: +3 (SAPPER,HUNTER,BERSERKER) [rich]
WAVE: +3 (SNIPER,STRIKER,LANCER) [rich]
WAVE: +3 (PIKEMAN,DRONE,SAPPER) [rich]
FINALE-KIT: Legion
WAVE: +3 (DRONE,DRONE,DRONE) [rich]
WAVE: +3 (STRIKER,SAPPER,SNIPER) [rich]
WAVE: +3 (WARBRINGER,BERSERKER,WARBRINGER) [rich]
REINFORCEMENTS: +2 (GRUNT,GRUNT)
FINALE-KIT: Legion
FINALE-KIT: Legion
match 20/20  (W:11 L:9 cap:0)  3.7s

══════════════════════ SIGHTLINE BALANCE REPORT ══════════════════════
runs=20  missions=82

RUN OUTCOMES (campaign):  win-rate   55%   avg missions cleared 4.9

POLICY GAP (optimal vs human-error; campaign runs only):
  greedy win-rate   80%  (n=10)
  sloppy win-rate   30%  (n=10)
  GAP   50 pts  (swingy/unforgiving)
  PAIRED (same-seed slots): pairs=10  concordant=5  discordant greedy-only-won=5 / sloppy-only-won=0  paired gap   50 pts
  PER-SLOT RECORDS (greedy | sloppy: outcome + missions cleared; margin = g−s):
    slot  70 @h-1: L 4 | L 4   margin +0
    slot  71 @h-1: W 6 | L 5   margin +1
    slot  72 @h-1: W 6 | L 4   margin +2
    slot  73 @h-1: W 6 | L 5   margin +1
    slot  74 @h-1: W 6 | L 2   margin +4
    slot  75 @h-1: W 6 | W 6   margin +0
    slot  76 @h-1: W 6 | L 2   margin +4
    slot  77 @h-1: W 6 | W 6   margin +0
    slot  78 @h-1: W 6 | W 6   margin +0
    slot  79 @h-1: L 3 | L 3   margin +0
  PAIRED MARGIN (missions cleared, all pairs): +1.20 ±0.51 SE  (n=10 pairs)
  by objective (greedy / sloppy / gap):
    Decapitate :   90% /   43% / gap   47
    Defend     :  100% /  100% / gap    0
    Eliminate  :  100% /   83% / gap   17
    Escort     :   80% /   75% / gap    5
    Evac       :  100% /  100% / gap    0
    Hack       :  100% /  100% / gap    0
    Rescue     :  100% /  100% / gap    0
    Sabotage   :  100% /  100% / gap    0

DECISION RICHNESS / SWING:
  meaningful-choices/turn 2.60   lead-swings/match 0.6   avg max-swing 36.5
  [shot-gate] acting-soldiers/turn 3.38   armed-soldiers/turn 1.19   armed-fraction 35%   turns-with-a-shot 50%   choices/ARMED-soldier-turn 2.18
  [choice-split] los-targets/ARMED 2.58   target-choices/ARMED 0.52   position-choices/ARMED 1.67

RUN COMPLETION BY HEAT (full-campaign clears):
  heat -1:   55% ±11  (n=20 runs, avg 4.9 missions)

INTEL ECONOMY BY HEAT (campaign runs; heat-bonus = the Heat.IntelBonus share of income):
  heat -1: earned  139.0/run   heat-bonus   0.0 (   0% of income)   spent  125.8   unspent   13.2

MISSION WIN-RATE BY HEAT:
  heat -1:   91%  (n=76, avg 5.4 turns)
  heat 0:   67% ±19  (n=6, avg 19.2 turns)

MISSION WIN-RATE BY OBJECTIVE:
  Eliminate  :   92% ±6  (n=24, avg 3.5 turns)
  Defend     :  100% ±0  (n=21, avg 9.0 turns)
  Decapitate :   71% ±11  (n=17, avg 4.8 turns)
  Escort     :   78% ±14  (n=9, avg 15.4 turns)
  Hack       :  100% ±0  (n=5, avg 3.0 turns)
  Sabotage   :  100% ±0  (n=2, avg 2.5 turns)
  Evac       :  100% ±0  (n=2, avg 2.5 turns)
  Rescue     :  100% ±0  (n=2, avg 3.0 turns)

MISSION WIN-RATE BY OBJECTIVE x NODE KIND (a capstone must never pool with a mid-run node):
  Eliminate  : Start: 100%(n=20)  Elite:  50%(n=2)  Combat:  50%(n=2)
               depth: m1:100%(20) m3:50%(4)
  Defend     : Combat: 100%(n=11)  Supply: 100%(n=8)  Elite: 100%(n=2)
               depth: m2:100%(8) m3:100%(4) m4:100%(3) m5:100%(6)
  Decapitate : Boss:  85%(n=13)  Elite:  25%(n=4)
               depth: m5:25%(4) m6:85%(13)
  Escort     : Combat: 100%(n=5)  Elite: 100%(n=2)  Supply:   0%(n=2)
               depth: m3:100%(4) m4:50%(4) m5:100%(1)
  Hack       : Elite: 100%(n=2)  Combat: 100%(n=2)  Supply: 100%(n=1)
               depth: m3:100%(2) m4:100%(2) m5:100%(1)
  Sabotage   : Combat: 100%(n=2)
               depth: m3:100%(2)
  Evac       : Combat: 100%(n=2)
               depth: m4:100%(2)
  Rescue     : Elite: 100%(n=2)
               depth: m3:100%(2)

DECAPITATE HVT (buff = +6+1*mission HP, +6 aim; ELITE exempt):
  EXEMPT  :   71% ±11  (n=17, avg 4.8 turns, HVT 23.8 max HP)  [m5:25%(4) m6:85%(13)]

MISSION WIN-RATE BY MISSION #:
  m1:  100% ±0  (n=20)
  m2:  100% ±0  (n=8)
  m3:   89% ±7  (n=18)
  m4:   82% ±12  (n=11)
  m5:   75% ±13  (n=12)
  m6:   85% ±10  (n=13)

LOSS CAUSES (missions):
  RUN OVER              : 7
  STALEMATE             : 2

MISSION WIN-RATE BY ARENA (authored layouts, n>=3; procedural fallback   22% of 82 missions):
  arena 10:  100% ±0  (n=6, avg 8.8 turns)  [m2:100%(2) m3:100%(2) m5:100%(1) m6:100%(1)]
  arena 13:  100% ±0  (n=4, avg 2.5 turns)  [m1:100%(2) m3:100%(2)]
  arena 15:  100% ±0  (n=3, avg 3.3 turns)  [m4:100%(3)]
  arena 17:   50% ±25  (n=4, avg 27.3 turns)  [m4:0%(2) m6:100%(2)]
  arena 19:   50% ±25  (n=4, avg 8.8 turns)  [m2:100%(1) m3:100%(1) m5:0%(2)]
  arena 20:  100% ±0  (n=3, avg 5.0 turns)  [m3:100%(2) m4:100%(1)]
  arena 27:  100% ±0  (n=3, avg 3.7 turns)  [m1:100%(2) m6:100%(1)]
  arena 28:  100% ±0  (n=5, avg 9.0 turns)  [m3:100%(2) m5:100%(3)]
  arena 33:  100% ±0  (n=6, avg 4.7 turns)  [m1:100%(2) m2:100%(2) m3:100%(2)]
  arena 34:  100% ±0  (n=4, avg 5.3 turns)  [m2:100%(1) m3:100%(1) m6:100%(2)]
  procedural:   78% ±10  (n=18, avg 6.6 turns)  [m1:100%(6) m2:100%(2) m3:0%(2) m4:100%(3) m5:100%(2) m6:33%(3)]

DEPLOYMENT GEOMETRY (opening shape; choices/ARMED is the wave's real gate):
  FRONTAL   :   84%  (n=31, avg 8.0 turns)  choices/turn 3.11  choices/ARMED 2.30  los-targets/ARMED 3.10
  PINCER    :   90%  (n=30, avg 6.2 turns)  choices/turn 1.92  choices/ARMED 2.08  los-targets/ARMED 2.08
  CROSSFIRE :  100% ±0  (n=5, avg 5.4 turns)  choices/turn 2.48  choices/ARMED 1.94  los-targets/ARMED 2.06
  ENVELOP   :   94% ±6  (n=16, avg 4.0 turns)  choices/turn 2.57  choices/ARMED 2.01  los-targets/ARMED 1.64

ARENA FUNNEL (Mission.Build exits, n=96 builds, all modes):
  authored-applied    :  79.2%  (n=76)
  connectivity-reject :   0.0%  (n=0)
  procedural-roll     :  20.8%  (n=20)

DECK EXPOSURE (campaign runs n=20):
  distinct authored arenas/run : 3.20 mean (all runs)
  ... full-depth runs only     : 3.91 mean over 4.8 fights/run (n=11)
  Defend dealt on the route    :   85% of runs (n=17)

ACTION MIX (verbs issued, by policy):
  verb                  greedy        sloppy
  MOVE               541   33%     542   38%
  SHOOT              353   22%     297   21%
  HUNKER             225   14%     150   11%
  OVERWATCH          191   12%      64    5%
  BRACE               54    3%      84    6%
  RELOAD              45    3%      45    3%
  FOCUS               26    2%      62    4%
  INTEL               43    3%      36    3%
  STABILIZE           24    1%      34    2%
  SLIPSTREAM          27    2%      25    2%
  PIN                 15    1%      14    1%
  ITEM:SMOKE          16    1%      12    1%
  MARK                10    1%      10    1%
  HACK                 6    0%       6    0%
  BEACON               6    0%       5    0%
  PATCH                4    0%       6    0%
  BARREL               8    0%       2    0%
  GRENADE              4    0%       5    0%
  EXTRACT              6    0%       3    0%
  GRAPPLE              5    0%       3    0%
  REARM                4    0%       4    0%
  PLANT                3    0%       3    0%
  ITEM:BARRICADE       0    0%       1    0%
  ITEM:FLASH           0    0%       1    0%

PLAYER CLASS PERFORMANCE:
  class        shots   hit%   dmg   kills
  GUNNER         200    79%    794     49
  ASSAULT        182    86%    725     48
  SHARPSHOOTER    113    90%    699     52
  RANGER         130    82%    684     44
  CORPSMAN        54    80%    165      7

SOLDIER DEATHS BY ENEMY CLASS (threat ranking):
  ELITE      : 12
  SHIELD     : 10
  STRIKE     : 7
  DRONE      : 6
  BURN       : 6
  HUNTER     : 6
  SCOUT      : 5
  SNIPER     : 5
  SCREENER   : 3
  GRUNT      : 3
  SAPPER     : 3
  BERSERKER  : 3
  BRUISER    : 2
  LANCER     : 2
  STRIKER    : 2
  MEDIC      : 1
  WARBRINGER : 1
  BARREL     : 1

SOLDIER DOWNS (FUL-7 bleed-out): 204 downs -> revived 6 / recovered 59 / bled out 118 / finished 17  (save-rate   34%)
  corpsman fielded in 22 missions

ENEMY COMPOSITION (spawns; faction-stamped fights n=537 / default-cascade fights n=156):
  class        faction         default
  GRUNT           74   14%       28   18%
  SCOUT           41    8%       39   25%
  ELITE           50    9%        5    3%
  HUNTER          45    8%        9    6%
  SHIELD          41    8%        5    3%
  LANCER          32    6%        9    6%
  DRONE           29    5%       11    7%
  BRUISER         37    7%        3    2%
  TURRET          24    4%        2    1%
  SAPPER          21    4%        4    3%
  SPOTTER         20    4%        4    3%
  SCREENER        24    4%        0    0%
  BERSERKER       19    4%        5    3%
  SNIPER          12    2%       11    7%
  MEDIC           17    3%        3    2%
  HOUND           13    2%        5    3%
  WARBRINGER      14    3%        3    2%
  STRIKER         10    2%        7    4%
  PIKEMAN          6    1%        1    1%
  BOMBARD          4    1%        0    0%
  MORTAR           2    0%        2    1%
  CUSTODIAN        2    0%        0    0%

PERK PICK FREQUENCY:
  MOM           : 18
  GUN           : 15
  LCK           : 14
  RFX           : 13
  OUT           : 13
  SKR           : 13
  GRD           : 11
  HRD           : 9
  TNK           : 9
  CQB           : 8
  MRK           : 8
  VNT           : 7
  CLH           : 6
  FST           : 6
  PLT           : 6
  SGE           : 5
  BND           : 5
  BRK           : 3
  EXC           : 3

SHOP PURCHASE FREQUENCY:
  FIELD MEDKIT      : 56
  WPN: SCOPE        : 35
  WPN: HOLLOW POINT : 29
  BALLISTIC PLATING : 24
  WPN: EXTENDED MAG : 15
  COUNTER-PREP      : 14
  WPN: BIPOD        : 13
  COMBAT STIMS      : 12
  ADV. TRAINING     : 11
  WPN: STABILIZER   : 11
  WPN: SUPPRESSOR   : 10
  FRAG CACHE        : 8
  ARMORY            : 8

BOON PICK FREQUENCY (PROCS = effect fires at instrumented sites; '-' = not instrumented;
                      PYR counts the +2-turn-burn half only — the Burning-immunity half is uninstrumented):
  code                 picks   PROCS
  ADR               :     7       -
  SCV               :     6       -
  FST               :     5      50
  FVR               :     5       -
  TRR               :     5      14
  GRN               :     4       -
  MRK               :     4       -
  PYR               :     4       2
  RPD               :     4       -
  SHK               :     4       1
  VNM               :     4       -
  FDR               :     3       0
  FRT               :     2       -
  GHO               :     2       -
  RCL               :     2       0
  EXE               :     1       -

RUN WIN-RATE BY BOON (campaign runs holding it):
  ADR               :   43% ±19  (in 7 runs)
  SCV               :   83% ±15  (in 6 runs)
  FST               :   80% ±18  (in 5 runs)
  FVR               :   40% ±22  (in 5 runs)
  TRR               :   60% ±22  (in 5 runs)
  GRN               :   75% ±22  (in 4 runs)
  MRK               :   50% ±25  (in 4 runs)
  PYR               :   50% ±25  (in 4 runs)
  RPD               :   75% ±22  (in 4 runs)
  SHK               :   50% ±25  (in 4 runs)
  VNM               :   75% ±22  (in 4 runs)
  FDR               :  100% ±0  (in 3 runs)
  FRT               :  100% ±0  (in 2 runs)
  GHO               :  100% ±0  (in 2 runs)
  RCL               :  100% ±0  (in 2 runs)
  EXE               :  100% ±0  (in 1 runs)

RUN WIN-RATE BY SPEC (campaign runs fielding it):
  ADN               :   50% ±25  (in 4 runs)
  HHT               :   50% ±25  (in 4 runs)
  SNT               :   67% ±27  (in 3 runs)
  BRC               :   50% ±35  (in 2 runs)
  JUG               :    0% ±0  (in 2 runs)
  PHN               :   50% ±35  (in 2 runs)
  MED               :  100% ±0  (in 1 runs)
  PTH               :  100% ±0  (in 1 runs)

RUN WIN-RATE BY PERK (campaign runs holding it):
  GUN               :   73% ±13  (in 11 runs)
  OUT               :   55% ±15  (in 11 runs)
  RFX               :   70% ±14  (in 10 runs)
  SKR               :   67% ±16  (in 9 runs)
  CQB               :   50% ±18  (in 8 runs)
  GRD               :   50% ±18  (in 8 runs)
  HRD               :   50% ±18  (in 8 runs)
  LCK               :   63% ±17  (in 8 runs)
  MOM               :   63% ±17  (in 8 runs)
  TNK               :   75% ±15  (in 8 runs)
  MRK               :   71% ±17  (in 7 runs)
  FST               :   33% ±19  (in 6 runs)
  BND               :   40% ±22  (in 5 runs)
  CLH               :   80% ±18  (in 5 runs)
  VNT               :   60% ±22  (in 5 runs)
  PLT               :   50% ±25  (in 4 runs)
  SGE               :   50% ±25  (in 4 runs)
  BRK               :    0% ±0  (in 3 runs)
  EXC               :   67% ±27  (in 3 runs)

RUN WIN-RATE BY PURCHASE (campaign runs buying it):
  FIELD MEDKIT      :   65% ±12  (in 17 runs)
  WPN: SCOPE        :   50% ±13  (in 14 runs)
  WPN: HOLLOW POINT :   58% ±14  (in 12 runs)
  COUNTER-PREP      :   67% ±16  (in 9 runs)
  WPN: BIPOD        :   56% ±17  (in 9 runs)
  WPN: STABILIZER   :   44% ±17  (in 9 runs)
  WPN: SUPPRESSOR   :   56% ±17  (in 9 runs)
  ADV. TRAINING     :   88% ±12  (in 8 runs)
  FRAG CACHE        :   63% ±17  (in 8 runs)
  ARMORY            :   57% ±19  (in 7 runs)
  BALLISTIC PLATING :   71% ±17  (in 7 runs)
  WPN: EXTENDED MAG :   86% ±13  (in 7 runs)
  COMBAT STIMS      :   83% ±15  (in 6 runs)

RUN WIN-RATE BY EVENT-CHOICE (campaign runs taking id:arm):
  informant:2       :   40% ±22  (in 5 runs)
  quartermaster:1   :   75% ±22  (in 4 runs)
  bloodfeud:2       :   50% ±35  (in 2 runs)
  depot:0           :   50% ±35  (in 2 runs)
  drill:1           :  100% ±0  (in 2 runs)
  informant:1       :    0% ±0  (in 2 runs)
  profiteer:1       :   50% ±35  (in 2 runs)
  reservecall:1     :  100% ±0  (in 2 runs)
  warchest:0        :    0% ±0  (in 2 runs)
  warpension:1      :   50% ±35  (in 2 runs)
═══════════════════════════════════════════════════════════════════════

batch wall-time: 3.7s  (20 matches across 10 campaigns × 2 policy, frame-cap hits: 0)
aggregate JSON -> /home/user/SIGHTLINE/docs/measurements/l3/L3-hR-b70.json
INFO: TEXTURE: [ID 2] Unloaded texture data from VRAM (GPU)
INFO: SHADER: [ID 3] Default shader unloaded successfully
INFO: TEXTURE: [ID 1] Default texture unloaded successfully
INFO: Window closed successfully
