INFO: Initializing raylib 6.0
INFO: Platform backend: DESKTOP (GLFW)
INFO: Supported raylib modules:
INFO:     > rcore:..... loaded (mandatory)
INFO:     > rlgl:...... loaded (mandatory)
INFO:     > rshapes:... loaded (optional)
INFO:     > rtextures:. loaded (optional)
INFO:     > rtext:..... loaded (optional)
INFO:     > rmodels:... loaded (optional)
INFO:     > raudio:.... loaded (optional)
INFO: DISPLAY: Trying to enable MSAA x4
INFO: DISPLAY: Device initialized successfully 
INFO:     > Display size: 1280 x 800
INFO:     > Screen size:  1280 x 800
INFO:     > Render size:  1280 x 800
INFO:     > Viewport offsets: 0, 0
INFO: GLAD: OpenGL extensions loaded successfully
INFO: GL: Supported extensions count: 229
INFO: GL: OpenGL device information:
INFO:     > Vendor:   Mesa
INFO:     > Renderer: llvmpipe (LLVM 20.1.2, 256 bits)
INFO:     > Version:  4.5 (Core Profile) Mesa 25.2.8-0ubuntu0.24.04.2
INFO:     > GLSL:     4.50
INFO: GL: VAO extension detected, VAO functions loaded successfully
INFO: GL: NPOT textures extension detected, full NPOT textures supported
INFO: GL: DXT compressed textures supported
INFO: GL: ETC2/EAC compressed textures supported
INFO: PLATFORM: DESKTOP (GLFW - X11): Initialized successfully
INFO: TEXTURE: [ID 1] Texture loaded successfully (1x1 | R8G8B8A8 | 1 mipmaps)
INFO: TEXTURE: [ID 1] Default texture loaded successfully
INFO: SHADER: [ID 1] Vertex shader compiled successfully
INFO: SHADER: [ID 2] Fragment shader compiled successfully
INFO: SHADER: [ID 3] Program shader loaded successfully
INFO: SHADER: [ID 3] Default shader loaded successfully
INFO: RLGL: Render batch vertex buffers loaded successfully in RAM (CPU)
INFO: RLGL: Render batch vertex buffers loaded successfully in VRAM (GPU)
INFO: RLGL: Default OpenGL state initialized successfully
INFO: TEXTURE: [ID 2] Texture loaded successfully (128x128 | GRAY_ALPHA | 1 mipmaps)
INFO: FONT: Default font loaded successfully (224 glyphs)
INFO: SYSTEM: Working Directory: /home/user/SIGHTLINE
INFO: TIMER: Target time per frame: 0.000 milliseconds
FINALE-KIT: Syndicate
WAVE: +2 (DRONE,SAPPER) [rich]
WAVE: +2 (DRONE,DRONE) [rich]
WAVE: +2 (SCREENER,SCREENER) [rich]
REINFORCEMENTS: +2 (SCOUT,SCOUT)
REINFORCEMENTS: +2 (SCOUT,SCOUT)
REINFORCEMENTS: +2 (SCOUT,SCOUT)
FINALE-KIT: Syndicate
WAVE: +2 (SPOTTER,SAPPER) [rich]
WAVE: +2 (GRUNT,CUSTODIAN) [rich]
WAVE: +2 (SHIELD,DRONE) [rich]
WAVE: +2 (CUSTODIAN,DRONE) [rich]
WAVE: +2 (SHIELD,SCREENER) [rich]
WAVE: +2 (SPOTTER,SPOTTER) [rich]
FINALE-KIT: Wardens
WAVE: +2 (DRONE,BERSERKER) [rich]
WAVE: +2 (SNIPER,SNIPER) [rich]
WAVE: +2 (MORTAR,STRIKER) [rich]
REINFORCEMENTS: +2 (SCOUT,GRUNT)
FINALE-KIT: Wardens
WAVE: +2 (SAPPER,MORTAR) [rich]
WAVE: +2 (SNIPER,DRONE) [rich]
WAVE: +2 (CUSTODIAN,SPOTTER) [rich]
FINALE-KIT: Syndicate
WAVE: +3 (WARBRINGER,STRIKER,STRIKER) [rich]
WAVE: +3 (LANCER,SAPPER,DRONE) [rich]
WAVE: +3 (MORTAR,SCREENER,LANCER) [rich]
match 5/20  (W:2 L:3 cap:0)  1.3s
FINALE-KIT: Syndicate
REINFORCEMENTS: +2 (SCOUT,GRUNT)
REINFORCEMENTS: +2 (SCOUT,GRUNT)
REINFORCEMENTS: +3 (GRUNT,SCOUT,GRUNT)
FINALE-KIT: Legion
WAVE: +2 (CUSTODIAN,DRONE) [rich]
WAVE: +2 (SHIELD,DRONE) [rich]
WAVE: +2 (SCREENER,SAPPER) [rich]
WAVE: +2 (SCREENER,DRONE) [rich]
FINALE-KIT: Legion
WAVE: +2 (SCREENER,SCREENER) [rich]
WAVE: +2 (SAPPER,DRONE) [rich]
WAVE: +2 (SHIELD,DRONE) [rich]
WAVE: +2 (DRONE,SHIELD) [rich]
WAVE: +2 (DRONE,SHIELD) [rich]
FINALE-KIT: Wardens
FINALE-KIT: Wardens
REINFORCEMENTS: +2 (SCOUT,SCOUT)
REINFORCEMENTS: +2 (GRUNT,SCOUT)
REINFORCEMENTS: +2 (SCOUT,SCOUT)
REINFORCEMENTS: +2 (SCOUT,GRUNT)
match 10/20  (W:3 L:7 cap:0)  1.9s
FINALE-KIT: Wardens
FINALE-KIT: Wardens
FINALE-KIT: Legion
REINFORCEMENTS: +2 (GRUNT,SCOUT)
REINFORCEMENTS: +2 (SCOUT,SCOUT)
REINFORCEMENTS: +3 (SCOUT,SCOUT,GRUNT)
FINALE-KIT: Legion
REINFORCEMENTS: +2 (GRUNT,SCOUT)
REINFORCEMENTS: +2 (GRUNT,SCOUT)
REINFORCEMENTS: +3 (GRUNT,GRUNT,SCOUT)
FINALE-KIT: Syndicate
WAVE: +2 (BERSERKER,BERSERKER) [rich]
WAVE: +2 (PIKEMAN,HUNTER) [rich]
WAVE: +2 (DRONE,GRUNT) [rich]
match 15/20  (W:5 L:10 cap:0)  2.3s
FINALE-KIT: Syndicate
WAVE: +2 (DRONE,STRIKER) [rich]
WAVE: +2 (SHIELD,SNIPER) [rich]
WAVE: +2 (SNIPER,DRONE) [rich]
WAVE: +2 (SNIPER,MEDIC) [rich]
WAVE: +2 (HUNTER,SAPPER) [rich]
FINALE-KIT: Syndicate
REINFORCEMENTS: +2 (GRUNT,GRUNT)
REINFORCEMENTS: +2 (GRUNT,SCOUT)
WAVE: +3 (GRUNT,MORTAR,GRUNT) [rich]
WAVE: +3 (MEDIC,MORTAR,CUSTODIAN) [rich]
WAVE: +3 (PIKEMAN,CUSTODIAN,SCOUT) [rich]
FINALE-KIT: Syndicate
FINALE-KIT: Syndicate
WAVE: +2 (BRUISER,DRONE) [rich]
WAVE: +2 (SNIPER,SNIPER) [rich]
WAVE: +2 (DRONE,BRUISER) [rich]
WAVE: +2 (BERSERKER,MEDIC) [rich]
WAVE: +2 (MEDIC,DRONE) [rich]
WAVE: +2 (SCOUT,STRIKER) [rich]
WAVE: +2 (MORTAR,MORTAR) [rich]
WAVE: +2 (MORTAR,SAPPER) [rich]
REINFORCEMENTS: +2 (SCOUT,GRUNT)
REINFORCEMENTS: +2 (SCOUT,SCOUT)
FINALE-KIT: Syndicate
WAVE: +2 (SCOUT,SCOUT) [rich]
WAVE: +2 (HUNTER,BRUISER) [rich]
WAVE: +2 (HUNTER,HOUND) [rich]
WAVE: +2 (STRIKER,BERSERKER) [rich]
WAVE: +2 (MEDIC,DRONE) [rich]
WAVE: +2 (DRONE,GRUNT) [rich]
REINFORCEMENTS: +2 (GRUNT,SCOUT)
REINFORCEMENTS: +2 (SCOUT,GRUNT)
match 20/20  (W:8 L:12 cap:0)  3.1s

══════════════════════ SIGHTLINE BALANCE REPORT ══════════════════════
runs=20  missions=67

RUN OUTCOMES (campaign):  win-rate   40%   avg missions cleared 3.8

POLICY GAP (optimal vs human-error; campaign runs only):
  greedy win-rate   40%  (n=10)
  sloppy win-rate   40%  (n=10)
  GAP    0 pts  (healthy slack)
  PAIRED (same-seed slots): pairs=10  concordant=4  discordant greedy-only-won=3 / sloppy-only-won=3  paired gap    0 pts
  PER-SLOT RECORDS (greedy | sloppy: outcome + missions cleared; margin = g−s):
    slot  40 @h2: L 5 | L 2   margin +3
    slot  41 @h2: L 5 | W 6   margin -1
    slot  42 @h2: W 6 | L 0   margin +6
    slot  43 @h2: L 2 | L 2   margin +0
    slot  44 @h2: W 6 | L 3   margin +3
    slot  45 @h2: L 1 | W 6   margin -5
    slot  46 @h2: L 0 | L 0   margin +0
    slot  47 @h2: W 6 | W 6   margin +0
    slot  48 @h2: W 6 | L 2   margin +4
    slot  49 @h2: L 5 | W 6   margin -1
  PAIRED MARGIN (missions cleared, all pairs): +0.90 ±0.99 SE  (n=10 pairs)
  by objective (greedy / sloppy / gap):
    Decapitate :   63% /   83% / gap  -21
    Defend     :   88% /   67% / gap   21
    Eliminate  :   91% /   73% / gap   18
    Escort     :  100% /  100% / gap    0
    Rescue     :  100% /  100% / gap    0
    Sabotage   :    0% /  100% / gap -100

DECISION RICHNESS / SWING:
  meaningful-choices/turn 4.44   lead-swings/match 0.8   avg max-swing 42.9
  [shot-gate] acting-soldiers/turn 3.42   armed-soldiers/turn 1.70   armed-fraction 50%   turns-with-a-shot 65%   choices/ARMED-soldier-turn 2.61
  [choice-split] los-targets/ARMED 2.80   target-choices/ARMED 0.94   position-choices/ARMED 1.66

RUN COMPLETION BY HEAT (full-campaign clears):
  heat 2:   40% ±11  (n=20 runs, avg 3.8 missions)

INTEL ECONOMY BY HEAT (campaign runs; heat-bonus = the Heat.IntelBonus share of income):
  heat 2: earned  128.7/run   heat-bonus  19.3 (  15% of income)   spent  108.3   unspent   20.4

MISSION WIN-RATE BY HEAT:
  heat 2:   81%  (n=64, avg 6.3 turns)
  heat 3:  100% ±0  (n=3, avg 2.7 turns)

MISSION WIN-RATE BY OBJECTIVE:
  Eliminate  :   82% ±8  (n=22, avg 5.5 turns)
  Defend     :   79% ±11  (n=14, avg 8.7 turns)
  Decapitate :   71% ±12  (n=14, avg 4.7 turns)
  Escort     :  100% ±0  (n=9, avg 9.0 turns)
  Rescue     :  100% ±0  (n=5, avg 2.2 turns)
  Sabotage   :   50% ±35  (n=2, avg 4.0 turns)
  Evac       :  100% ±0  (n=1, avg 2.0 turns)

MISSION WIN-RATE BY OBJECTIVE x NODE KIND (a capstone must never pool with a mid-run node):
  Eliminate  : Start:  85%(n=20)  Combat:  50%(n=2)
               depth: m1:85%(20) m4:50%(2)
  Defend     : Supply: 100%(n=9)  Combat:  67%(n=3)  Elite:   0%(n=2)
               depth: m2:100%(2) m3:70%(10) m4:100%(1) m5:100%(1)
  Decapitate : Boss:  73%(n=11)  Supply:  50%(n=2)  Combat: 100%(n=1)
               depth: m3:50%(2) m5:100%(1) m6:73%(11)
  Escort     : Combat: 100%(n=7)  Elite: 100%(n=2)
               depth: m4:100%(7) m5:100%(2)
  Rescue     : Supply: 100%(n=5)
               depth: m2:100%(1) m3:100%(2) m4:100%(2)
  Sabotage   : Combat:  50%(n=2)
               depth: m2:50%(2)
  Evac       : Combat: 100%(n=1)
               depth: m3:100%(1)

DECAPITATE HVT (buff = +6+1*mission HP, +6 aim; ELITE exempt):
  EXEMPT  :   71% ±12  (n=14, avg 4.7 turns, HVT 22.3 max HP)  [m3:50%(2) m5:100%(1) m6:73%(11)]

MISSION WIN-RATE BY MISSION #:
  m1:   85% ±8  (n=20)
  m2:   80% ±18  (n=5)
  m3:   73% ±11  (n=15)
  m4:   92% ±8  (n=12)
  m5:  100% ±0  (n=4)
  m6:   73% ±13  (n=11)

LOSS CAUSES (missions):
  RUN OVER              : 12

MISSION WIN-RATE BY ARENA (authored layouts, n>=3; procedural fallback   15% of 67 missions):
  arena  9:  100% ±0  (n=3, avg 2.7 turns)  [m4:100%(2) m6:100%(1)]
  arena 16:  100% ±0  (n=3, avg 2.7 turns)  [m1:100%(2) m4:100%(1)]
  arena 24:  100% ±0  (n=3, avg 7.7 turns)  [m3:100%(2) m4:100%(1)]
  arena 27:   80% ±18  (n=5, avg 5.6 turns)  [m1:100%(2) m3:50%(2) m5:100%(1)]
  arena 28:   67% ±27  (n=3, avg 7.7 turns)  [m1:50%(2) m3:100%(1)]
  arena 29:  100% ±0  (n=3, avg 3.0 turns)  [m1:100%(2) m5:100%(1)]
  arena 30:   20% ±18  (n=5, avg 7.8 turns)  [m3:0%(2) m6:33%(3)]
  arena 31:   67% ±27  (n=3, avg 5.7 turns)  [m5:100%(1) m6:50%(2)]
  arena 33:  100% ±0  (n=4, avg 3.5 turns)  [m1:100%(2) m6:100%(2)]
  arena 34:  100% ±0  (n=4, avg 3.8 turns)  [m1:100%(4)]
  procedural:   60% ±15  (n=10, avg 11.9 turns)  [m1:50%(4) m2:100%(1) m3:0%(1) m4:75%(4)]

DEPLOYMENT GEOMETRY (opening shape; choices/ARMED is the wave's real gate):
  FRONTAL   :   77% ±9  (n=22, avg 7.0 turns)  choices/turn 4.41  choices/ARMED 2.52  los-targets/ARMED 2.63
  PINCER    :   68% ±10  (n=22, avg 5.1 turns)  choices/turn 3.21  choices/ARMED 2.11  los-targets/ARMED 2.19
  CROSSFIRE :  100% ±0  (n=11, avg 6.7 turns)  choices/turn 8.04  choices/ARMED 3.68  los-targets/ARMED 4.43
  ENVELOP   :  100% ±0  (n=12, avg 5.9 turns)  choices/turn 2.57  choices/ARMED 1.88  los-targets/ARMED 1.56

ARENA FUNNEL (Mission.Build exits, n=79 builds, all modes):
  authored-applied    :  86.1%  (n=68)
  connectivity-reject :   0.0%  (n=0)
  procedural-roll     :  13.9%  (n=11)

DECK EXPOSURE (campaign runs n=20):
  distinct authored arenas/run : 2.85 mean (all runs)
  ... full-depth runs only     : 4.25 mean over 4.8 fights/run (n=8)
  Defend dealt on the route    :   60% of runs (n=12)

ACTION MIX (verbs issued, by policy):
  verb                  greedy        sloppy
  MOVE               615   39%     477   45%
  SHOOT              361   23%     237   22%
  HUNKER             258   16%      44    4%
  BRACE               57    4%      49    5%
  RELOAD              44    3%      40    4%
  INTEL               33    2%      25    2%
  FOCUS               24    2%      32    3%
  STABILIZE           26    2%      28    3%
  MARK                30    2%      22    2%
  SLIPSTREAM          17    1%      31    3%
  PIN                 24    2%      17    2%
  OVERWATCH           29    2%       7    1%
  ITEM:SMOKE          14    1%      19    2%
  PATCH               12    1%       3    0%
  GRENADE              5    0%       8    1%
  REARM                8    1%       4    0%
  BEACON               8    1%       4    0%
  GRAPPLE              4    0%       3    0%
  EXTRACT              2    0%       4    0%
  PLANT                2    0%       3    0%
  BARREL               2    0%       0    0%
  DRAG                 2    0%       0    0%
  ITEM:INCENDIARY       1    0%       1    0%
  ITEM:FLASH           0    0%       2    0%

PLAYER CLASS PERFORMANCE:
  class        shots   hit%   dmg   kills
  SHARPSHOOTER    165    91%   1010     62
  GUNNER         206    89%    960     53
  RANGER          96    86%    585     43
  ASSAULT        128    81%    490     32
  CORPSMAN        36    72%     78      2
  VIP              1   100%      2      1

SOLDIER DEATHS BY ENEMY CLASS (threat ranking):
  ELITE      : 10
  DRONE      : 9
  SCOUT      : 8
  GRUNT      : 8
  SAPPER     : 6
  SHIELD     : 6
  SNIPER     : 5
  BERSERKER  : 4
  BRUISER    : 4
  LANCER     : 4
  CUSTODIAN  : 3
  MORTAR     : 3
  STRIKER    : 2
  STRIKE     : 2
  HUNTER     : 2
  WARBRINGER : 1
  SCREENER   : 1
  MEDIC      : 1
  TURRET     : 1

SOLDIER DOWNS (FUL-7 bleed-out): 177 downs -> revived 12 / recovered 41 / bled out 119 / finished 5  (save-rate   30%)
  corpsman fielded in 16 missions

ENEMY COMPOSITION (spawns; faction-stamped fights n=345 / default-cascade fights n=259):
  class        faction         default
  SCOUT           21    6%       65   25%
  GRUNT           28    8%       47   18%
  DRONE           29    8%       18    7%
  ELITE           27    8%       14    5%
  SCREENER        36   10%        3    1%
  SAPPER          26    8%        9    3%
  BERSERKER       18    5%       15    6%
  HUNTER          20    6%        9    3%
  SNIPER          12    3%       17    7%
  SHIELD          18    5%        6    2%
  MEDIC           12    3%       12    5%
  MORTAR          13    4%       10    4%
  BRUISER         17    5%        5    2%
  STRIKER         12    3%        8    3%
  LANCER           9    3%        8    3%
  SPOTTER         11    3%        1    0%
  TURRET           8    2%        4    2%
  CUSTODIAN        9    3%        1    0%
  PIKEMAN          6    2%        3    1%
  WARBRINGER       7    2%        1    0%
  HOUND            2    1%        3    1%
  BOMBARD          4    1%        0    0%

PERK PICK FREQUENCY:
  LCK           : 16
  MRK           : 13
  MOM           : 13
  GRD           : 11
  FST           : 8
  OUT           : 7
  TNK           : 7
  PLT           : 7
  GUN           : 6
  RFX           : 6
  BRK           : 6
  CLH           : 5
  EXC           : 5
  HRD           : 5
  CQB           : 4
  BND           : 4
  SGE           : 4
  SKR           : 3
  VNT           : 2

SHOP PURCHASE FREQUENCY:
  FIELD MEDKIT      : 48
  WPN: HOLLOW POINT : 28
  WPN: SCOPE        : 27
  WPN: EXTENDED MAG : 21
  WPN: BIPOD        : 17
  COMBAT STIMS      : 16
  ARMORY            : 12
  WPN: STABILIZER   : 10
  COUNTER-PREP      : 8
  ADV. TRAINING     : 8
  FRAG CACHE        : 8
  BALLISTIC PLATING : 6
  WPN: SUPPRESSOR   : 5

BOON PICK FREQUENCY (PROCS = effect fires at instrumented sites; '-' = not instrumented;
                      PYR counts the +2-turn-burn half only — the Burning-immunity half is uninstrumented):
  code                 picks   PROCS
  TRR               :     6      22
  SHK               :     5       3
  FST               :     4      65
  RCL               :     4       0
  VNM               :     4       -
  EXE               :     3       -
  FDR               :     3       0
  FRT               :     3       -
  GHO               :     3       -
  RPD               :     3       -
  SCV               :     3       -
  ADR               :     2       -
  PYR               :     2       1
  GRN               :     1       -
  MRK               :     1       -

RUN WIN-RATE BY BOON (campaign runs holding it):
  TRR               :   67% ±19  (in 6 runs)
  SHK               :   60% ±22  (in 5 runs)
  FST               :   75% ±22  (in 4 runs)
  RCL               :   75% ±22  (in 4 runs)
  VNM               :   75% ±22  (in 4 runs)
  EXE               :   33% ±27  (in 3 runs)
  FDR               :  100% ±0  (in 3 runs)
  FRT               :   67% ±27  (in 3 runs)
  GHO               :   67% ±27  (in 3 runs)
  RPD               :   33% ±27  (in 3 runs)
  SCV               :   33% ±27  (in 3 runs)
  ADR               :   50% ±35  (in 2 runs)
  PYR               :  100% ±0  (in 2 runs)
  GRN               :    0% ±0  (in 1 runs)
  MRK               :  100% ±0  (in 1 runs)

RUN WIN-RATE BY SPEC (campaign runs fielding it):
  ADN               :  100% ±0  (in 5 runs)
  BRC               :   60% ±22  (in 5 runs)
  HHT               :   75% ±22  (in 4 runs)
  SNT               :   50% ±25  (in 4 runs)
  PHN               :    0% ±0  (in 2 runs)
  ANC               :  100% ±0  (in 1 runs)
  PTH               :  100% ±0  (in 1 runs)

RUN WIN-RATE BY PERK (campaign runs holding it):
  LCK               :   58% ±14  (in 12 runs)
  MRK               :   60% ±15  (in 10 runs)
  GRD               :   78% ±14  (in 9 runs)
  MOM               :   63% ±17  (in 8 runs)
  OUT               :   50% ±20  (in 6 runs)
  RFX               :   33% ±19  (in 6 runs)
  TNK               :   50% ±20  (in 6 runs)
  BRK               :   80% ±18  (in 5 runs)
  CLH               :   40% ±22  (in 5 runs)
  FST               :   80% ±18  (in 5 runs)
  GUN               :   80% ±18  (in 5 runs)
  PLT               :   80% ±18  (in 5 runs)
  BND               :   75% ±22  (in 4 runs)
  EXC               :  100% ±0  (in 4 runs)
  HRD               :   50% ±25  (in 4 runs)
  CQB               :   33% ±27  (in 3 runs)
  SKR               :  100% ±0  (in 3 runs)
  SGE               :  100% ±0  (in 2 runs)
  VNT               :   50% ±35  (in 2 runs)

RUN WIN-RATE BY PURCHASE (campaign runs buying it):
  FIELD MEDKIT      :   57% ±13  (in 14 runs)
  WPN: HOLLOW POINT :   70% ±14  (in 10 runs)
  WPN: SCOPE        :   40% ±15  (in 10 runs)
  WPN: EXTENDED MAG :   67% ±16  (in 9 runs)
  ARMORY            :   25% ±15  (in 8 runs)
  WPN: BIPOD        :   71% ±17  (in 7 runs)
  COUNTER-PREP      :   67% ±19  (in 6 runs)
  FRAG CACHE        :   67% ±19  (in 6 runs)
  COMBAT STIMS      :   80% ±18  (in 5 runs)
  WPN: STABILIZER   :   80% ±18  (in 5 runs)
  ADV. TRAINING     :   50% ±25  (in 4 runs)
  BALLISTIC PLATING :   75% ±22  (in 4 runs)
  WPN: SUPPRESSOR   :   25% ±22  (in 4 runs)

RUN WIN-RATE BY EVENT-CHOICE (campaign runs taking id:arm):
  quartermaster:1   :   50% ±25  (in 4 runs)
  warchest:1        :    0% ±0  (in 3 runs)
  blackmarket:2     :    0% ±0  (in 2 runs)
  bloodfeud:2       :   50% ±35  (in 2 runs)
  cache:1           :  100% ±0  (in 2 runs)
  defector:0        :  100% ±0  (in 2 runs)
  drill:0           :   50% ±35  (in 2 runs)
  reservecall:0     :   50% ±35  (in 2 runs)
  informant:1       :  100% ±0  (in 1 runs)
═══════════════════════════════════════════════════════════════════════

batch wall-time: 3.1s  (20 matches across 10 campaigns × 2 policy, frame-cap hits: 0)
aggregate JSON -> /home/user/SIGHTLINE/docs/measurements/l3/L3-h2-b40.json
INFO: TEXTURE: [ID 2] Unloaded texture data from VRAM (GPU)
INFO: SHADER: [ID 3] Default shader unloaded successfully
INFO: TEXTURE: [ID 1] Default texture unloaded successfully
INFO: Window closed successfully
