INFO: Initializing raylib 6.0
INFO: Platform backend: DESKTOP (GLFW)
INFO: Supported raylib modules:
INFO:     > rcore:..... loaded (mandatory)
INFO:     > rlgl:...... loaded (mandatory)
INFO:     > rshapes:... loaded (optional)
INFO:     > rtextures:. loaded (optional)
INFO:     > rtext:..... loaded (optional)
INFO:     > rmodels:... loaded (optional)
INFO:     > raudio:.... loaded (optional)
INFO: DISPLAY: Trying to enable MSAA x4
INFO: DISPLAY: Device initialized successfully 
INFO:     > Display size: 1280 x 800
INFO:     > Screen size:  1280 x 800
INFO:     > Render size:  1280 x 800
INFO:     > Viewport offsets: 0, 0
INFO: GLAD: OpenGL extensions loaded successfully
INFO: GL: Supported extensions count: 229
INFO: GL: OpenGL device information:
INFO:     > Vendor:   Mesa
INFO:     > Renderer: llvmpipe (LLVM 20.1.2, 256 bits)
INFO:     > Version:  4.5 (Core Profile) Mesa 25.2.8-0ubuntu0.24.04.2
INFO:     > GLSL:     4.50
INFO: GL: VAO extension detected, VAO functions loaded successfully
INFO: GL: NPOT textures extension detected, full NPOT textures supported
INFO: GL: DXT compressed textures supported
INFO: GL: ETC2/EAC compressed textures supported
INFO: PLATFORM: DESKTOP (GLFW - X11): Initialized successfully
INFO: TEXTURE: [ID 1] Texture loaded successfully (1x1 | R8G8B8A8 | 1 mipmaps)
INFO: TEXTURE: [ID 1] Default texture loaded successfully
INFO: SHADER: [ID 1] Vertex shader compiled successfully
INFO: SHADER: [ID 2] Fragment shader compiled successfully
INFO: SHADER: [ID 3] Program shader loaded successfully
INFO: SHADER: [ID 3] Default shader loaded successfully
INFO: RLGL: Render batch vertex buffers loaded successfully in RAM (CPU)
INFO: RLGL: Render batch vertex buffers loaded successfully in VRAM (GPU)
INFO: RLGL: Default OpenGL state initialized successfully
INFO: TEXTURE: [ID 2] Texture loaded successfully (128x128 | GRAY_ALPHA | 1 mipmaps)
INFO: FONT: Default font loaded successfully (224 glyphs)
INFO: SYSTEM: Working Directory: /home/user/SIGHTLINE
INFO: TIMER: Target time per frame: 0.000 milliseconds
FINALE-KIT: Syndicate
WAVE: +2 (SHIELD,SPOTTER) [rich]
WAVE: +2 (SAPPER,SHIELD) [rich]
WAVE: +2 (DRONE,SHIELD) [rich]
FINALE-KIT: Syndicate
WAVE: +2 (SHIELD,SPOTTER) [rich]
WAVE: +2 (SPOTTER,GRUNT) [rich]
WAVE: +2 (DRONE,SAPPER) [rich]
FINALE-KIT: Wardens
WAVE: +3 (SCREENER,DRONE,SAPPER) [rich]
WAVE: +3 (SCREENER,SPOTTER,SHIELD) [rich]
WAVE: +3 (DRONE,CUSTODIAN,DRONE) [rich]
FINALE-KIT: Wardens
WAVE: +3 (DRONE,SPOTTER,SHIELD) [rich]
WAVE: +3 (SHIELD,SPOTTER,SPOTTER) [rich]
WAVE: +3 (SAPPER,SPOTTER,DRONE) [rich]
WAVE: +3 (SAPPER,SHIELD,GRUNT) [rich]
WAVE: +3 (GRUNT,SPOTTER,SHIELD) [rich]
FINALE-KIT: Wardens
WAVE: +2 (SAPPER,MORTAR) [rich]
WAVE: +2 (CUSTODIAN,MEDIC) [rich]
WAVE: +2 (GRUNT,HUNTER) [rich]
WAVE: +2 (DRONE,HUNTER) [rich]
WAVE: +2 (STRIKER,HUNTER) [rich]
WAVE: +2 (SHIELD,CUSTODIAN) [rich]
match 5/20  (W:2 L:3 cap:0)  1.7s
FINALE-KIT: Wardens
WAVE: +2 (HOUND,DRONE) [rich]
WAVE: +2 (HUNTER,DRONE) [rich]
WAVE: +2 (GRUNT,LANCER) [rich]
REINFORCEMENTS: +2 (SCOUT,SCOUT)
REINFORCEMENTS: +2 (SCOUT,SCOUT)
REINFORCEMENTS: +3 (SCOUT,GRUNT,GRUNT)
REINFORCEMENTS: +2 (SCOUT,SCOUT)
FINALE-KIT: Legion
WAVE: +2 (SCREENER,SCREENER) [rich]
WAVE: +2 (SHIELD,DRONE) [rich]
WAVE: +2 (SAPPER,SHIELD) [rich]
WAVE: +3 (BERSERKER,BRUISER,BRUISER) [rich]
WAVE: +3 (HUNTER,GRUNT,HOUND) [rich]
WAVE: +3 (LANCER,BRUISER,HUNTER) [rich]
FINALE-KIT: Legion
WAVE: +2 (DRONE,SCREENER) [rich]
WAVE: +2 (DRONE,SHIELD) [rich]
WAVE: +2 (SHIELD,DRONE) [rich]
WAVE: +2 (DRONE,GRUNT) [rich]
WAVE: +2 (CUSTODIAN,DRONE) [rich]
WAVE: +2 (SHIELD,SHIELD) [rich]
WAVE: +3 (WARBRINGER,BERSERKER,BRUISER) [rich]
WAVE: +3 (HUNTER,BERSERKER,BRUISER) [rich]
WAVE: +3 (BRUISER,BRUISER,BRUISER) [rich]
FINALE-KIT: Syndicate
REINFORCEMENTS: +2 (GRUNT,SCOUT)
REINFORCEMENTS: +2 (GRUNT,SCOUT)
WAVE: +3 (SPOTTER,SHIELD,SHIELD) [rich]
WAVE: +3 (SAPPER,SHIELD,SAPPER) [rich]
WAVE: +3 (CUSTODIAN,DRONE,SAPPER) [rich]
FINALE-KIT: Syndicate
REINFORCEMENTS: +2 (SCOUT,GRUNT)
match 10/20  (W:4 L:6 cap:0)  2.7s
FINALE-KIT: Wardens
WAVE: +2 (HUNTER,HUNTER) [rich]
WAVE: +2 (STRIKER,HOUND) [rich]
WAVE: +2 (LANCER,BRUISER) [rich]
FINALE-KIT: Wardens
WAVE: +2 (BERSERKER,GRUNT) [rich]
WAVE: +2 (BRUISER,BRUISER) [rich]
WAVE: +2 (BRUISER,SCOUT) [rich]
REINFORCEMENTS: +2 (GRUNT,SCOUT)
REINFORCEMENTS: +2 (SCOUT,GRUNT)
REINFORCEMENTS: +3 (GRUNT,GRUNT,GRUNT)
FINALE-KIT: Wardens
WAVE: +2 (SCOUT,SNIPER) [rich]
WAVE: +2 (STRIKER,SCOUT) [rich]
WAVE: +2 (LANCER,DRONE) [rich]
FINALE-KIT: Wardens
WAVE: +2 (SNIPER,BRUISER) [rich]
WAVE: +2 (SCOUT,SNIPER) [rich]
WAVE: +2 (DRONE,STRIKER) [rich]
FINALE-KIT: Wardens
WAVE: +2 (BRUISER,HOUND) [rich]
WAVE: +2 (DRONE,SCOUT) [rich]
WAVE: +2 (SNIPER,HOUND) [rich]
match 15/20  (W:8 L:7 cap:0)  3.1s
FINALE-KIT: Wardens
WAVE: +2 (HOUND,BRUISER) [rich]
WAVE: +2 (HOUND,HUNTER) [rich]
WAVE: +2 (SNIPER,DRONE) [rich]
WAVE: +3 (STRIKER,HUNTER,STRIKER) [rich]
WAVE: +3 (HUNTER,BRUISER,BERSERKER) [rich]
WAVE: +3 (BRUISER,BERSERKER,BERSERKER) [rich]
FINALE-KIT: Legion
WAVE: +3 (LANCER,LANCER,SNIPER) [rich]
WAVE: +3 (DRONE,DRONE,STRIKER) [rich]
WAVE: +3 (SCREENER,SHIELD,HUNTER) [rich]
FINALE-KIT: Legion
WAVE: +3 (HOUND,DRONE,SAPPER) [rich]
WAVE: +3 (HOUND,BERSERKER,LANCER) [rich]
WAVE: +3 (HUNTER,SAPPER,DRONE) [rich]
FINALE-KIT: Legion
FINALE-KIT: Legion
match 20/20  (W:13 L:7 cap:0)  3.5s

══════════════════════ SIGHTLINE BALANCE REPORT ══════════════════════
runs=20  missions=80

RUN OUTCOMES (campaign):  win-rate   65%   avg missions cleared 5.0

POLICY GAP (optimal vs human-error; campaign runs only):
  greedy win-rate   80%  (n=10)
  sloppy win-rate   50%  (n=10)
  GAP   30 pts  (swingy/unforgiving)
  PAIRED (same-seed slots): pairs=10  concordant=5  discordant greedy-only-won=4 / sloppy-only-won=1  paired gap   30 pts
  PER-SLOT RECORDS (greedy | sloppy: outcome + missions cleared; margin = g−s):
    slot  70 @h0: W 6 | L 4   margin +2
    slot  71 @h0: W 6 | L 4   margin +2
    slot  72 @h0: L 4 | L 4   margin +0
    slot  73 @h0: W 6 | L 3   margin +3
    slot  74 @h0: W 6 | L 2   margin +4
    slot  75 @h0: W 6 | W 6   margin +0
    slot  76 @h0: W 6 | W 6   margin +0
    slot  77 @h0: L 1 | W 6   margin -5
    slot  78 @h0: W 6 | W 6   margin +0
    slot  79 @h0: W 6 | W 6   margin +0
  PAIRED MARGIN (missions cleared, all pairs): +0.60 ±0.78 SE  (n=10 pairs)
  by objective (greedy / sloppy / gap):
    Decapitate :   90% /   71% / gap   19
    Defend     :   90% /   80% / gap   10
    Eliminate  :  100% /   92% / gap    8
    Escort     :  100% /  100% / gap    0
    Evac       :  100% /  100% / gap    0
    Hack       :  100% /  100% / gap    0
    Rescue     :  100% /  100% / gap    0
    Sabotage   :  100% /  100% / gap    0

DECISION RICHNESS / SWING:
  meaningful-choices/turn 3.40   lead-swings/match 0.9   avg max-swing 47.8
  [shot-gate] acting-soldiers/turn 3.56   armed-soldiers/turn 1.51   armed-fraction 43%   turns-with-a-shot 65%   choices/ARMED-soldier-turn 2.24
  [choice-split] los-targets/ARMED 2.44   target-choices/ARMED 0.44   position-choices/ARMED 1.80

RUN COMPLETION BY HEAT (full-campaign clears):
  heat 0:   65% ±11  (n=20 runs, avg 5.0 missions)

INTEL ECONOMY BY HEAT (campaign runs; heat-bonus = the Heat.IntelBonus share of income):
  heat 0: earned  132.0/run   heat-bonus   0.6 (   0% of income)   spent  117.3   unspent   14.7

MISSION WIN-RATE BY HEAT:
  heat 0:   90%  (n=72, avg 5.9 turns)
  heat 1:  100% ±0  (n=8, avg 3.0 turns)

MISSION WIN-RATE BY OBJECTIVE:
  Eliminate  :   96% ±4  (n=24, avg 3.7 turns)
  Defend     :   85% ±8  (n=20, avg 8.9 turns)
  Decapitate :   82% ±9  (n=17, avg 4.0 turns)
  Escort     :  100% ±0  (n=9, avg 7.8 turns)
  Hack       :  100% ±0  (n=4, avg 2.8 turns)
  Sabotage   :  100% ±0  (n=2, avg 3.5 turns)
  Evac       :  100% ±0  (n=2, avg 10.0 turns)
  Rescue     :  100% ±0  (n=2, avg 2.0 turns)

MISSION WIN-RATE BY OBJECTIVE x NODE KIND (a capstone must never pool with a mid-run node):
  Eliminate  : Start: 100%(n=20)  Elite:  50%(n=2)  Combat: 100%(n=2)
               depth: m1:100%(20) m3:75%(4)
  Defend     : Combat:  90%(n=10)  Supply:  88%(n=8)  Elite:  50%(n=2)
               depth: m2:88%(8) m3:100%(4) m4:67%(3) m5:80%(5)
  Decapitate : Boss: 100%(n=13)  Elite:  25%(n=4)
               depth: m5:25%(4) m6:100%(13)
  Escort     : Combat: 100%(n=6)  Supply: 100%(n=2)  Elite: 100%(n=1)
               depth: m3:100%(4) m4:100%(3) m5:100%(2)
  Hack       : Elite: 100%(n=2)  Supply: 100%(n=1)  Combat: 100%(n=1)
               depth: m3:100%(1) m4:100%(2) m5:100%(1)
  Sabotage   : Combat: 100%(n=2)
               depth: m3:100%(2)
  Evac       : Combat: 100%(n=2)
               depth: m4:100%(2)
  Rescue     : Elite: 100%(n=2)
               depth: m3:100%(2)

DECAPITATE HVT (buff = +6+1*mission HP, +6 aim; ELITE exempt):
  EXEMPT  :   82% ±9  (n=17, avg 4.0 turns, HVT 23.7 max HP)  [m5:25%(4) m6:100%(13)]

MISSION WIN-RATE BY MISSION #:
  m1:  100% ±0  (n=20)
  m2:   88% ±12  (n=8)
  m3:   94% ±6  (n=17)
  m4:   90% ±9  (n=10)
  m5:   67% ±14  (n=12)
  m6:  100% ±0  (n=13)

LOSS CAUSES (missions):
  RUN OVER              : 7

MISSION WIN-RATE BY ARENA (authored layouts, n>=3; procedural fallback   15% of 80 missions):
  arena 10:  100% ±0  (n=6, avg 7.2 turns)  [m2:100%(2) m3:100%(1) m4:100%(1) m5:100%(2)]
  arena 13:  100% ±0  (n=4, avg 5.8 turns)  [m1:100%(2) m3:100%(2)]
  arena 15:  100% ±0  (n=3, avg 8.0 turns)  [m4:100%(3)]
  arena 17:  100% ±0  (n=4, avg 4.5 turns)  [m4:100%(2) m6:100%(2)]
  arena 19:   80% ±18  (n=5, avg 6.8 turns)  [m2:100%(2) m3:100%(2) m5:0%(1)]
  arena 20:   67% ±27  (n=3, avg 7.0 turns)  [m3:100%(1) m4:50%(2)]
  arena 27:  100% ±0  (n=3, avg 4.3 turns)  [m1:100%(2) m6:100%(1)]
  arena 28:  100% ±0  (n=7, avg 7.6 turns)  [m1:100%(2) m3:100%(2) m5:100%(3)]
  arena 33:   83% ±15  (n=6, avg 4.8 turns)  [m1:100%(2) m2:50%(2) m3:100%(2)]
  arena 34:   86% ±13  (n=7, avg 6.6 turns)  [m2:100%(2) m3:50%(2) m6:100%(3)]
  procedural:   92% ±8  (n=12, avg 4.4 turns)  [m1:100%(4) m3:100%(1) m4:100%(1) m5:67%(3) m6:100%(3)]

DEPLOYMENT GEOMETRY (opening shape; choices/ARMED is the wave's real gate):
  FRONTAL   :   90%  (n=30, avg 5.1 turns)  choices/turn 3.67  choices/ARMED 2.48  los-targets/ARMED 2.95
  PINCER    :   86% ±7  (n=28, avg 6.6 turns)  choices/turn 3.42  choices/ARMED 2.47  los-targets/ARMED 2.05
  CROSSFIRE :  100% ±0  (n=7, avg 6.4 turns)  choices/turn 3.37  choices/ARMED 1.53  los-targets/ARMED 3.00
  ENVELOP   :  100% ±0  (n=15, avg 4.1 turns)  choices/turn 2.66  choices/ARMED 1.81  los-targets/ARMED 1.62

ARENA FUNNEL (Mission.Build exits, n=88 builds, all modes):
  authored-applied    :  85.2%  (n=75)
  connectivity-reject :   0.0%  (n=0)
  procedural-roll     :  14.8%  (n=13)

DECK EXPOSURE (campaign runs n=20):
  distinct authored arenas/run : 3.40 mean (all runs)
  ... full-depth runs only     : 3.92 mean over 4.6 fights/run (n=13)
  Defend dealt on the route    :   85% of runs (n=17)

ACTION MIX (verbs issued, by policy):
  verb                  greedy        sloppy
  MOVE               476   37%     629   42%
  SHOOT              336   26%     319   21%
  HUNKER              80    6%     193   13%
  BRACE               97    7%      76    5%
  RELOAD              65    5%      37    2%
  FOCUS               45    3%      40    3%
  INTEL               35    3%      35    2%
  SLIPSTREAM          39    3%      22    1%
  STABILIZE           23    2%      20    1%
  PIN                 16    1%      22    1%
  OVERWATCH           17    1%      18    1%
  ITEM:SMOKE          17    1%      16    1%
  MARK                15    1%      16    1%
  REARM                3    0%       8    1%
  BEACON               5    0%       6    0%
  EXTRACT              4    0%       7    0%
  GRAPPLE              5    0%       4    0%
  GRENADE              4    0%       4    0%
  HACK                 4    0%       4    0%
  BARREL               3    0%       5    0%
  PLANT                3    0%       3    0%
  PATCH                2    0%       2    0%
  DRAG                 0    0%       1    0%

PLAYER CLASS PERFORMANCE:
  class        shots   hit%   dmg   kills
  SHARPSHOOTER    168    92%   1120     68
  GUNNER         214    82%    878     64
  ASSAULT        199    86%    877     43
  RANGER         149    83%    794     48
  CORPSMAN        27    78%     84      4

SOLDIER DEATHS BY ENEMY CLASS (threat ranking):
  BRUISER    : 9
  BURN       : 8
  ELITE      : 7
  SPOTTER    : 6
  SNIPER     : 6
  SAPPER     : 5
  BERSERKER  : 5
  TURRET     : 4
  SCOUT      : 4
  HUNTER     : 4
  STRIKER    : 4
  SHIELD     : 3
  GRUNT      : 3
  STRIKE     : 3
  LANCER     : 2
  DRONE      : 1
  MORTAR     : 1
  CUSTODIAN  : 1
  WARBRINGER : 1
  HOUND      : 1

SOLDIER DOWNS (FUL-7 bleed-out): 183 downs -> revived 2 / recovered 68 / bled out 100 / finished 13  (save-rate   38%)
  corpsman fielded in 16 missions

ENEMY COMPOSITION (spawns; faction-stamped fights n=487 / default-cascade fights n=190):
  class        faction         default
  GRUNT           34    7%       40   21%
  SCOUT           21    4%       48   25%
  DRONE           51   10%       16    8%
  ELITE           44    9%        6    3%
  SPOTTER         42    9%        4    2%
  SHIELD          39    8%        5    3%
  BRUISER         29    6%        8    4%
  HUNTER          26    5%        9    5%
  BERSERKER       31    6%        1    1%
  LANCER          19    4%       13    7%
  SAPPER          23    5%        3    2%
  SNIPER           8    2%       15    8%
  TURRET          20    4%        2    1%
  SCREENER        17    3%        1    1%
  HOUND           11    2%        7    4%
  STRIKER         13    3%        4    2%
  WARBRINGER      15    3%        1    1%
  MORTAR          14    3%        2    1%
  CUSTODIAN        9    2%        4    2%
  MEDIC           12    2%        1    1%
  PIKEMAN          6    1%        0    0%
  BOMBARD          3    1%        0    0%

PERK PICK FREQUENCY:
  MOM           : 16
  LCK           : 15
  CQB           : 12
  SKR           : 11
  SGE           : 10
  OUT           : 10
  RFX           : 10
  TNK           : 10
  GRD           : 8
  MRK           : 8
  FST           : 7
  HRD           : 7
  GUN           : 7
  PLT           : 7
  EXC           : 6
  VNT           : 5
  CLH           : 4
  BND           : 4
  BRK           : 2

SHOP PURCHASE FREQUENCY:
  FIELD MEDKIT      : 64
  WPN: SCOPE        : 44
  WPN: HOLLOW POINT : 26
  BALLISTIC PLATING : 15
  COUNTER-PREP      : 13
  ARMORY            : 11
  WPN: SUPPRESSOR   : 11
  WPN: EXTENDED MAG : 11
  WPN: STABILIZER   : 9
  FRAG CACHE        : 7
  ADV. TRAINING     : 7
  WPN: BIPOD        : 7
  COMBAT STIMS      : 5

BOON PICK FREQUENCY (PROCS = effect fires at instrumented sites; '-' = not instrumented;
                      PYR counts the +2-turn-burn half only — the Burning-immunity half is uninstrumented):
  code                 picks   PROCS
  FVR               :     7       -
  MRK               :     6       -
  RCL               :     6       1
  ADR               :     5       -
  FRT               :     5       -
  RPD               :     5       -
  SHK               :     4       8
  TRR               :     4      10
  EXE               :     3       -
  PYR               :     3       0
  SCV               :     3       -
  VNM               :     3       -
  FST               :     2       9
  GHO               :     2       -
  FDR               :     1       0
  GRN               :     1       -

RUN WIN-RATE BY BOON (campaign runs holding it):
  FVR               :  100% ±0  (in 7 runs)
  MRK               :   83% ±15  (in 6 runs)
  RCL               :   83% ±15  (in 6 runs)
  ADR               :   80% ±18  (in 5 runs)
  FRT               :  100% ±0  (in 5 runs)
  RPD               :   40% ±22  (in 5 runs)
  SHK               :  100% ±0  (in 4 runs)
  TRR               :   50% ±25  (in 4 runs)
  EXE               :  100% ±0  (in 3 runs)
  PYR               :   33% ±27  (in 3 runs)
  SCV               :  100% ±0  (in 3 runs)
  VNM               :   67% ±27  (in 3 runs)
  FST               :   50% ±35  (in 2 runs)
  GHO               :  100% ±0  (in 2 runs)
  FDR               :  100% ±0  (in 1 runs)
  GRN               :    0% ±0  (in 1 runs)

RUN WIN-RATE BY SPEC (campaign runs fielding it):
  SNT               :   50% ±20  (in 6 runs)
  ADN               :   75% ±22  (in 4 runs)
  HHT               :   75% ±22  (in 4 runs)
  PTH               :   75% ±22  (in 4 runs)
  PHN               :   67% ±27  (in 3 runs)
  ANC               :   50% ±35  (in 2 runs)
  BRC               :  100% ±0  (in 2 runs)
  JUG               :  100% ±0  (in 2 runs)

RUN WIN-RATE BY PERK (campaign runs holding it):
  CQB               :   58% ±14  (in 12 runs)
  LCK               :   64% ±15  (in 11 runs)
  MOM               :   73% ±13  (in 11 runs)
  SGE               :   50% ±16  (in 10 runs)
  RFX               :   56% ±17  (in 9 runs)
  MRK               :   75% ±15  (in 8 runs)
  OUT               :   88% ±12  (in 8 runs)
  SKR               :   63% ±17  (in 8 runs)
  FST               :   71% ±17  (in 7 runs)
  GRD               :   86% ±13  (in 7 runs)
  HRD               :   71% ±17  (in 7 runs)
  PLT               :   57% ±19  (in 7 runs)
  TNK               :   71% ±17  (in 7 runs)
  EXC               :   60% ±22  (in 5 runs)
  VNT               :  100% ±0  (in 5 runs)
  BND               :   75% ±22  (in 4 runs)
  GUN               :   75% ±22  (in 4 runs)
  CLH               :   67% ±27  (in 3 runs)
  BRK               :  100% ±0  (in 2 runs)

RUN WIN-RATE BY PURCHASE (campaign runs buying it):
  FIELD MEDKIT      :   69% ±12  (in 16 runs)
  WPN: SCOPE        :   83% ±11  (in 12 runs)
  BALLISTIC PLATING :   64% ±15  (in 11 runs)
  WPN: HOLLOW POINT :   82% ±12  (in 11 runs)
  ARMORY            :   70% ±14  (in 10 runs)
  COUNTER-PREP      :   80% ±13  (in 10 runs)
  WPN: SUPPRESSOR   :   89% ±10  (in 9 runs)
  WPN: STABILIZER   :   57% ±19  (in 7 runs)
  FRAG CACHE        :  100% ±0  (in 6 runs)
  WPN: BIPOD        :   67% ±19  (in 6 runs)
  WPN: EXTENDED MAG :   67% ±19  (in 6 runs)
  ADV. TRAINING     :   80% ±18  (in 5 runs)
  COMBAT STIMS      :   80% ±18  (in 5 runs)

RUN WIN-RATE BY EVENT-CHOICE (campaign runs taking id:arm):
  informant:2       :   50% ±20  (in 6 runs)
  quartermaster:1   :   75% ±22  (in 4 runs)
  bloodfeud:2       :   50% ±35  (in 2 runs)
  depot:0           :    0% ±0  (in 2 runs)
  drill:1           :  100% ±0  (in 2 runs)
  informant:1       :  100% ±0  (in 2 runs)
  reservecall:1     :  100% ±0  (in 2 runs)
  warchest:0        :   50% ±35  (in 2 runs)
  warpension:1      :   50% ±35  (in 2 runs)
  warpension:2      :  100% ±0  (in 2 runs)
  profiteer:1       :  100% ±0  (in 1 runs)
═══════════════════════════════════════════════════════════════════════

batch wall-time: 3.5s  (20 matches across 10 campaigns × 2 policy, frame-cap hits: 0)
aggregate JSON -> /home/user/SIGHTLINE/docs/measurements/l3/L3-h0-b70.json
INFO: TEXTURE: [ID 2] Unloaded texture data from VRAM (GPU)
INFO: SHADER: [ID 3] Default shader unloaded successfully
INFO: TEXTURE: [ID 1] Default texture unloaded successfully
INFO: Window closed successfully
