INFO: Initializing raylib 6.0
INFO: Platform backend: DESKTOP (GLFW)
INFO: Supported raylib modules:
INFO:     > rcore:..... loaded (mandatory)
INFO:     > rlgl:...... loaded (mandatory)
INFO:     > rshapes:... loaded (optional)
INFO:     > rtextures:. loaded (optional)
INFO:     > rtext:..... loaded (optional)
INFO:     > rmodels:... loaded (optional)
INFO:     > raudio:.... loaded (optional)
INFO: DISPLAY: Trying to enable MSAA x4
INFO: DISPLAY: Device initialized successfully 
INFO:     > Display size: 1280 x 800
INFO:     > Screen size:  1280 x 800
INFO:     > Render size:  1280 x 800
INFO:     > Viewport offsets: 0, 0
INFO: GLAD: OpenGL extensions loaded successfully
INFO: GL: Supported extensions count: 229
INFO: GL: OpenGL device information:
INFO:     > Vendor:   Mesa
INFO:     > Renderer: llvmpipe (LLVM 20.1.2, 256 bits)
INFO:     > Version:  4.5 (Core Profile) Mesa 25.2.8-0ubuntu0.24.04.2
INFO:     > GLSL:     4.50
INFO: GL: VAO extension detected, VAO functions loaded successfully
INFO: GL: NPOT textures extension detected, full NPOT textures supported
INFO: GL: DXT compressed textures supported
INFO: GL: ETC2/EAC compressed textures supported
INFO: PLATFORM: DESKTOP (GLFW - X11): Initialized successfully
INFO: TEXTURE: [ID 1] Texture loaded successfully (1x1 | R8G8B8A8 | 1 mipmaps)
INFO: TEXTURE: [ID 1] Default texture loaded successfully
INFO: SHADER: [ID 1] Vertex shader compiled successfully
INFO: SHADER: [ID 2] Fragment shader compiled successfully
INFO: SHADER: [ID 3] Program shader loaded successfully
INFO: SHADER: [ID 3] Default shader loaded successfully
INFO: RLGL: Render batch vertex buffers loaded successfully in RAM (CPU)
INFO: RLGL: Render batch vertex buffers loaded successfully in VRAM (GPU)
INFO: RLGL: Default OpenGL state initialized successfully
INFO: TEXTURE: [ID 2] Texture loaded successfully (128x128 | GRAY_ALPHA | 1 mipmaps)
INFO: FONT: Default font loaded successfully (224 glyphs)
INFO: SYSTEM: Working Directory: /home/user/SIGHTLINE
INFO: TIMER: Target time per frame: 0.000 milliseconds
FINALE-KIT: Syndicate
WAVE: +2 (SHIELD,DRONE) [rich]
WAVE: +2 (GRUNT,SPOTTER) [rich]
WAVE: +2 (SPOTTER,SHIELD) [rich]
REINFORCEMENTS: +2 (GRUNT,SCOUT)
FINALE-KIT: Syndicate
WAVE: +2 (SHIELD,DRONE) [rich]
WAVE: +2 (GRUNT,SPOTTER) [rich]
WAVE: +2 (SPOTTER,SHIELD) [rich]
REINFORCEMENTS: +2 (GRUNT,SCOUT)
FINALE-KIT: Wardens
WAVE: +3 (SCREENER,SHIELD,SHIELD) [rich]
WAVE: +1 (DRONE) [rich]
WAVE: +3 (DRONE,DRONE,SCREENER) [rich]
FINALE-KIT: Wardens
WAVE: +3 (SPOTTER,SHIELD,SCREENER) [rich]
WAVE: +3 (DRONE,SCREENER,SHIELD) [rich]
WAVE: +3 (DRONE,DRONE,SPOTTER) [rich]
FINALE-KIT: Wardens
WAVE: +2 (HUNTER,SCOUT) [rich]
WAVE: +2 (MEDIC,MORTAR) [rich]
WAVE: +2 (DRONE,MEDIC) [rich]
WAVE: +2 (SHIELD,SPOTTER) [rich]
WAVE: +2 (SHIELD,PIKEMAN) [rich]
match 5/20  (W:2 L:3 cap:0)  1.3s
FINALE-KIT: Wardens
WAVE: +2 (SAPPER,WARBRINGER) [rich]
WAVE: +2 (BERSERKER,BERSERKER) [rich]
WAVE: +2 (MEDIC,LANCER) [rich]
WAVE: +2 (SAPPER,BRUISER) [rich]
WAVE: +2 (SPOTTER,HUNTER) [rich]
WAVE: +2 (SNIPER,SNIPER) [rich]
FINALE-KIT: Legion
WAVE: +2 (DRONE,DRONE) [rich]
WAVE: +2 (SHIELD,SHIELD) [rich]
WAVE: +2 (SCREENER,DRONE) [rich]
WAVE: +2 (DRONE,SHIELD) [rich]
WAVE: +2 (SPOTTER,SHIELD) [rich]
WAVE: +2 (DRONE,SAPPER) [rich]
WAVE: +3 (BERSERKER,BRUISER,WARBRINGER) [rich]
WAVE: +3 (GRUNT,GRUNT,BRUISER) [rich]
WAVE: +3 (STRIKER,BRUISER,BRUISER) [rich]
FINALE-KIT: Legion
WAVE: +2 (SAPPER,GRUNT) [rich]
WAVE: +2 (SHIELD,SCREENER) [rich]
WAVE: +2 (SPOTTER,SAPPER) [rich]
WAVE: +3 (LANCER,BERSERKER,SCOUT) [rich]
WAVE: +3 (BRUISER,BERSERKER,HUNTER) [rich]
WAVE: +3 (GRUNT,BERSERKER,GRUNT) [rich]
REINFORCEMENTS: +2 (GRUNT,SCOUT)
FINALE-KIT: Syndicate
REINFORCEMENTS: +2 (SCOUT,GRUNT)
REINFORCEMENTS: +2 (SCOUT,SCOUT)
REINFORCEMENTS: +3 (SCOUT,SCOUT,GRUNT)
FINALE-KIT: Syndicate
REINFORCEMENTS: +2 (SCOUT,SCOUT)
REINFORCEMENTS: +2 (SCOUT,GRUNT)
REINFORCEMENTS: +3 (SCOUT,GRUNT,GRUNT)
REINFORCEMENTS: +2 (GRUNT,SCOUT)
REINFORCEMENTS: +2 (SCOUT,GRUNT)
REINFORCEMENTS: +3 (SCOUT,GRUNT,GRUNT)
match 10/20  (W:2 L:8 cap:0)  2.5s
FINALE-KIT: Wardens
WAVE: +2 (GRUNT,BRUISER) [rich]
WAVE: +2 (BERSERKER,HUNTER) [rich]
WAVE: +2 (GRUNT,BERSERKER) [rich]
REINFORCEMENTS: +2 (GRUNT,GRUNT)
FINALE-KIT: Wardens
WAVE: +2 (HUNTER,HUNTER) [rich]
WAVE: +2 (GRUNT,BERSERKER) [rich]
WAVE: +2 (HOUND,STRIKER) [rich]
REINFORCEMENTS: +2 (GRUNT,GRUNT)
REINFORCEMENTS: +2 (SCOUT,GRUNT)
REINFORCEMENTS: +2 (GRUNT,GRUNT)
REINFORCEMENTS: +2 (GRUNT,SCOUT)
FINALE-KIT: Wardens
WAVE: +2 (LANCER,HUNTER) [rich]
WAVE: +2 (HUNTER,LANCER) [rich]
WAVE: +2 (STRIKER,STRIKER) [rich]
REINFORCEMENTS: +2 (GRUNT,GRUNT)
REINFORCEMENTS: +2 (GRUNT,SCOUT)
FINALE-KIT: Wardens
WAVE: +2 (LANCER,BRUISER) [rich]
WAVE: +2 (SCOUT,HUNTER) [rich]
WAVE: +2 (HOUND,STRIKER) [rich]
REINFORCEMENTS: +2 (GRUNT,SCOUT)
FINALE-KIT: Wardens
WAVE: +2 (STRIKER,BRUISER) [rich]
WAVE: +2 (HOUND,HUNTER) [rich]
WAVE: +2 (HOUND,STRIKER) [rich]
WAVE: +3 (HOUND,GRUNT,LANCER) [rich]
WAVE: +3 (BERSERKER,BRUISER,BRUISER) [rich]
WAVE: +3 (LANCER,BRUISER,BRUISER) [rich]
match 15/20  (W:4 L:11 cap:0)  3.2s
FINALE-KIT: Wardens
WAVE: +2 (HUNTER,SNIPER) [rich]
WAVE: +2 (HOUND,HUNTER) [rich]
WAVE: +2 (DRONE,HOUND) [rich]
WAVE: +3 (BRUISER,GRUNT,HOUND) [rich]
WAVE: +3 (BERSERKER,BRUISER,STRIKER) [rich]
WAVE: +3 (HUNTER,HUNTER,HOUND) [rich]
REINFORCEMENTS: +2 (GRUNT,GRUNT)
FINALE-KIT: Legion
WAVE: +3 (BERSERKER,BERSERKER,HUNTER) [rich]
WAVE: +3 (SAPPER,MEDIC,DRONE) [rich]
WAVE: +3 (PIKEMAN,STRIKER,SNIPER) [rich]
WAVE: +3 (SAPPER,BERSERKER,HUNTER) [rich]
WAVE: +3 (SCOUT,SCREENER,WARBRINGER) [rich]
WAVE: +2 (HOUND,MORTAR) [rich]
FINALE-KIT: Legion
WAVE: +3 (GRUNT,HUNTER,MEDIC) [rich]
WAVE: +3 (HUNTER,BERSERKER,SNIPER) [rich]
WAVE: +2 (HUNTER,BERSERKER) [rich]
REINFORCEMENTS: +2 (SCOUT,GRUNT)
REINFORCEMENTS: +2 (SCOUT,SCOUT)
FINALE-KIT: Legion
FINALE-KIT: Legion
match 20/20  (W:8 L:12 cap:0)  3.7s

══════════════════════ SIGHTLINE BALANCE REPORT ══════════════════════
runs=20  missions=79

RUN OUTCOMES (campaign):  win-rate   40%   avg missions cleared 4.7

POLICY GAP (optimal vs human-error; campaign runs only):
  greedy win-rate   40%  (n=10)
  sloppy win-rate   40%  (n=10)
  GAP    0 pts  (healthy slack)
  PAIRED (same-seed slots): pairs=10  concordant=8  discordant greedy-only-won=1 / sloppy-only-won=1  paired gap    0 pts
  PER-SLOT RECORDS (greedy | sloppy: outcome + missions cleared; margin = g−s):
    slot  70 @h2: L 4 | L 4   margin +0
    slot  71 @h2: W 6 | W 6   margin +0
    slot  72 @h2: L 4 | L 2   margin +2
    slot  73 @h2: L 5 | L 5   margin +0
    slot  74 @h2: L 2 | L 2   margin +0
    slot  75 @h2: L 5 | L 5   margin +0
    slot  76 @h2: L 2 | W 6   margin -4
    slot  77 @h2: W 6 | W 6   margin +0
    slot  78 @h2: W 6 | L 5   margin +1
    slot  79 @h2: W 6 | W 6   margin +0
  PAIRED MARGIN (missions cleared, all pairs): -0.10 ±0.48 SE  (n=10 pairs)
  by objective (greedy / sloppy / gap):
    Decapitate :   50% /   50% / gap    0
    Defend     :  100% /   90% / gap   10
    Eliminate  :   83% /   92% / gap   -8
    Escort     :  100% /  100% / gap    0
    Evac       :  100% /  100% / gap    0
    Hack       :  100% /  100% / gap    0
    Rescue     :  100% /  100% / gap    0
    Sabotage   :  100% /  100% / gap    0

DECISION RICHNESS / SWING:
  meaningful-choices/turn 4.15   lead-swings/match 0.6   avg max-swing 56.2
  [shot-gate] acting-soldiers/turn 3.29   armed-soldiers/turn 1.50   armed-fraction 46%   turns-with-a-shot 59%   choices/ARMED-soldier-turn 2.76
  [choice-split] los-targets/ARMED 3.34   target-choices/ARMED 0.82   position-choices/ARMED 1.95

RUN COMPLETION BY HEAT (full-campaign clears):
  heat 2:   40% ±11  (n=20 runs, avg 4.7 missions)

INTEL ECONOMY BY HEAT (campaign runs; heat-bonus = the Heat.IntelBonus share of income):
  heat 2: earned  155.5/run   heat-bonus  24.6 (  16% of income)   spent  140.0   unspent   15.5

MISSION WIN-RATE BY HEAT:
  heat 2:   86%  (n=71, avg 6.9 turns)
  heat 3:   75% ±15  (n=8, avg 6.0 turns)

MISSION WIN-RATE BY OBJECTIVE:
  Eliminate  :   88% ±7  (n=24, avg 6.4 turns)
  Defend     :   95% ±5  (n=20, avg 9.0 turns)
  Decapitate :   50% ±13  (n=16, avg 5.6 turns)
  Escort     :  100% ±0  (n=9, avg 9.8 turns)
  Hack       :  100% ±0  (n=4, avg 3.0 turns)
  Sabotage   :  100% ±0  (n=2, avg 2.5 turns)
  Evac       :  100% ±0  (n=2, avg 2.0 turns)
  Rescue     :  100% ±0  (n=2, avg 3.0 turns)

MISSION WIN-RATE BY OBJECTIVE x NODE KIND (a capstone must never pool with a mid-run node):
  Eliminate  : Start: 100%(n=20)  Elite:   0%(n=2)  Combat:  50%(n=2)
               depth: m1:100%(20) m3:25%(4)
  Defend     : Combat: 100%(n=10)  Supply:  88%(n=8)  Elite: 100%(n=2)
               depth: m2:100%(8) m3:75%(4) m4:100%(2) m5:100%(6)
  Decapitate : Boss:  62%(n=13)  Elite:   0%(n=3)
               depth: m5:0%(3) m6:62%(13)
  Escort     : Combat: 100%(n=5)  Elite: 100%(n=2)  Supply: 100%(n=2)
               depth: m3:100%(4) m4:100%(4) m5:100%(1)
  Hack       : Elite: 100%(n=2)  Combat: 100%(n=2)
               depth: m3:100%(2) m4:100%(2)
  Sabotage   : Combat: 100%(n=2)
               depth: m3:100%(2)
  Evac       : Combat: 100%(n=2)
               depth: m4:100%(2)
  Rescue     : Elite: 100%(n=2)
               depth: m3:100%(2)

DECAPITATE HVT (buff = +6+1*mission HP, +6 aim; ELITE exempt):
  EXEMPT  :   50% ±13  (n=16, avg 5.6 turns, HVT 23.8 max HP)  [m5:0%(3) m6:62%(13)]

MISSION WIN-RATE BY MISSION #:
  m1:  100% ±0  (n=20)
  m2:  100% ±0  (n=8)
  m3:   78% ±10  (n=18)
  m4:  100% ±0  (n=10)
  m5:   70% ±14  (n=10)
  m6:   62% ±13  (n=13)

LOSS CAUSES (missions):
  RUN OVER              : 11
  STALEMATE             : 1

MISSION WIN-RATE BY ARENA (authored layouts, n>=3; procedural fallback   23% of 79 missions):
  arena 10:   25% ±22  (n=4, avg 7.8 turns)  [m3:50%(2) m6:0%(2)]
  arena 13:  100% ±0  (n=4, avg 2.5 turns)  [m1:100%(2) m3:100%(2)]
  arena 17:   67% ±27  (n=3, avg 8.0 turns)  [m4:100%(1) m6:50%(2)]
  arena 19:   50% ±20  (n=6, avg 7.7 turns)  [m2:100%(2) m3:50%(2) m5:0%(2)]
  arena 20:  100% ±0  (n=4, avg 6.0 turns)  [m3:100%(2) m4:100%(2)]
  arena 27:  100% ±0  (n=3, avg 3.3 turns)  [m1:100%(2) m6:100%(1)]
  arena 28:  100% ±0  (n=7, avg 7.6 turns)  [m1:100%(2) m3:100%(1) m5:100%(4)]
  arena 33:  100% ±0  (n=5, avg 5.4 turns)  [m1:100%(2) m2:100%(2) m3:100%(1)]
  arena 34:   71% ±17  (n=7, avg 15.0 turns)  [m2:100%(1) m3:0%(2) m6:100%(4)]
  procedural:   94% ±5  (n=18, avg 6.4 turns)  [m1:100%(4) m2:100%(3) m3:100%(3) m4:100%(3) m5:67%(3) m6:100%(2)]

DEPLOYMENT GEOMETRY (opening shape; choices/ARMED is the wave's real gate):
  FRONTAL   :   81% ±7  (n=27, avg 7.1 turns)  choices/turn 7.19  choices/ARMED 3.17  los-targets/ARMED 3.87
  PINCER    :   87%  (n=30, avg 8.0 turns)  choices/turn 2.20  choices/ARMED 2.49  los-targets/ARMED 2.91
  CROSSFIRE :   83% ±15  (n=6, avg 5.0 turns)  choices/turn 4.18  choices/ARMED 2.34  los-targets/ARMED 3.24
  ENVELOP   :   88% ±8  (n=16, avg 4.8 turns)  choices/turn 2.47  choices/ARMED 1.78  los-targets/ARMED 1.99

ARENA FUNNEL (Mission.Build exits, n=93 builds, all modes):
  authored-applied    :  78.5%  (n=73)
  connectivity-reject :   0.0%  (n=0)
  procedural-roll     :  21.5%  (n=20)

DECK EXPOSURE (campaign runs n=20):
  distinct authored arenas/run : 3.05 mean (all runs)
  ... full-depth runs only     : 3.63 mean over 5.0 fights/run (n=8)
  Defend dealt on the route    :   80% of runs (n=16)

ACTION MIX (verbs issued, by policy):
  verb                  greedy        sloppy
  MOVE               544   36%     645   38%
  SHOOT              338   23%     459   27%
  HUNKER             155   10%     190   11%
  BRACE              149   10%      94    6%
  FOCUS               61    4%      36    2%
  RELOAD              43    3%      52    3%
  INTEL               37    2%      40    2%
  SLIPSTREAM          34    2%      29    2%
  STABILIZE           27    2%      35    2%
  ITEM:SMOKE          17    1%      24    1%
  OVERWATCH           20    1%      19    1%
  MARK                24    2%      14    1%
  PIN                 18    1%      16    1%
  REARM                4    0%       8    0%
  PATCH                4    0%       8    0%
  BEACON               6    0%       5    0%
  EXTRACT              4    0%       4    0%
  HACK                 4    0%       4    0%
  GRAPPLE              2    0%       5    0%
  GRENADE              4    0%       2    0%
  PLANT                3    0%       3    0%
  BARREL               2    0%       2    0%
  ITEM:BARRICADE       0    0%       1    0%

PLAYER CLASS PERFORMANCE:
  class        shots   hit%   dmg   kills
  GUNNER         258    84%   1122     71
  SHARPSHOOTER    165    91%   1090     65
  RANGER         131    76%    612     37
  ASSAULT        142    85%    604     34
  CORPSMAN       109    74%    246     13

SOLDIER DEATHS BY ENEMY CLASS (threat ranking):
  ELITE      : 13
  BRUISER    : 11
  SCREENER   : 9
  GRUNT      : 9
  DRONE      : 8
  STRIKE     : 8
  BERSERKER  : 8
  HUNTER     : 8
  BURN       : 7
  SCOUT      : 7
  STRIKER    : 4
  LANCER     : 4
  SNIPER     : 3
  HOUND      : 2
  WARBRINGER : 2
  SHIELD     : 1
  SAPPER     : 1
  CUSTODIAN  : 1

SOLDIER DOWNS (FUL-7 bleed-out): 229 downs -> revived 7 / recovered 55 / bled out 140 / finished 25  (save-rate   28%)
  corpsman fielded in 19 missions

ENEMY COMPOSITION (spawns; faction-stamped fights n=585 / default-cascade fights n=206):
  class        faction         default
  GRUNT           61   10%       38   18%
  SCOUT           33    6%       47   23%
  DRONE           49    8%       12    6%
  BERSERKER       47    8%        9    4%
  ELITE           48    8%        7    3%
  HUNTER          36    6%       16    8%
  BRUISER         37    6%        9    4%
  SHIELD          30    5%        9    4%
  SAPPER          35    6%        4    2%
  SCREENER        31    5%        4    2%
  STRIKER         26    4%        8    4%
  LANCER          28    5%        4    2%
  HOUND           17    3%       14    7%
  SNIPER          13    2%        9    4%
  TURRET          21    4%        0    0%
  MEDIC           15    3%        5    2%
  SPOTTER         16    3%        2    1%
  WARBRINGER      13    2%        2    1%
  MORTAR          11    2%        4    2%
  CUSTODIAN        8    1%        0    0%
  BOMBARD          6    1%        1    0%
  PIKEMAN          4    1%        2    1%

PERK PICK FREQUENCY:
  LCK           : 14
  HRD           : 12
  MOM           : 12
  CQB           : 11
  RFX           : 10
  EXC           : 10
  OUT           : 9
  SKR           : 8
  GUN           : 8
  BRK           : 7
  VNT           : 7
  BND           : 7
  GRD           : 7
  SGE           : 6
  CLH           : 6
  MRK           : 6
  PLT           : 6
  FST           : 6
  TNK           : 4

SHOP PURCHASE FREQUENCY:
  FIELD MEDKIT      : 56
  WPN: SCOPE        : 46
  WPN: HOLLOW POINT : 41
  BALLISTIC PLATING : 39
  WPN: EXTENDED MAG : 16
  ARMORY            : 12
  WPN: STABILIZER   : 12
  COUNTER-PREP      : 11
  ADV. TRAINING     : 10
  WPN: BIPOD        : 9
  WPN: SUPPRESSOR   : 7
  COMBAT STIMS      : 6
  FRAG CACHE        : 4

BOON PICK FREQUENCY (PROCS = effect fires at instrumented sites; '-' = not instrumented;
                      PYR counts the +2-turn-burn half only — the Burning-immunity half is uninstrumented):
  code                 picks   PROCS
  RPD               :     9       -
  MRK               :     6       -
  RCL               :     6       1
  VNM               :     6       -
  ADR               :     5       -
  FRT               :     5       -
  TRR               :     5      13
  FDR               :     3       0
  FVR               :     3       -
  GRN               :     3       -
  GHO               :     2       -
  PYR               :     2       1
  SHK               :     2       7
  EXE               :     1       -
  FST               :     1      17

RUN WIN-RATE BY BOON (campaign runs holding it):
  RPD               :   44% ±17  (in 9 runs)
  MRK               :   50% ±20  (in 6 runs)
  RCL               :   50% ±20  (in 6 runs)
  VNM               :   67% ±19  (in 6 runs)
  ADR               :   20% ±18  (in 5 runs)
  FRT               :   40% ±22  (in 5 runs)
  TRR               :   40% ±22  (in 5 runs)
  FDR               :   67% ±27  (in 3 runs)
  FVR               :   67% ±27  (in 3 runs)
  GRN               :  100% ±0  (in 3 runs)
  GHO               :   50% ±35  (in 2 runs)
  PYR               :  100% ±0  (in 2 runs)
  SHK               :   50% ±35  (in 2 runs)
  EXE               :  100% ±0  (in 1 runs)
  FST               :  100% ±0  (in 1 runs)

RUN WIN-RATE BY SPEC (campaign runs fielding it):
  ADN               :   75% ±22  (in 4 runs)
  HHT               :   50% ±25  (in 4 runs)
  ANC               :   67% ±27  (in 3 runs)
  BRC               :   33% ±27  (in 3 runs)
  JUG               :  100% ±0  (in 2 runs)
  SNT               :  100% ±0  (in 2 runs)
  PTH               :  100% ±0  (in 1 runs)

RUN WIN-RATE BY PERK (campaign runs holding it):
  LCK               :   36% ±15  (in 11 runs)
  MOM               :   30% ±14  (in 10 runs)
  CQB               :   67% ±16  (in 9 runs)
  OUT               :   56% ±17  (in 9 runs)
  EXC               :   38% ±17  (in 8 runs)
  HRD               :   63% ±17  (in 8 runs)
  BRK               :   86% ±13  (in 7 runs)
  GRD               :   57% ±19  (in 7 runs)
  RFX               :   57% ±19  (in 7 runs)
  SKR               :   43% ±19  (in 7 runs)
  CLH               :   50% ±20  (in 6 runs)
  SGE               :   33% ±19  (in 6 runs)
  VNT               :   83% ±15  (in 6 runs)
  BND               :   40% ±22  (in 5 runs)
  FST               :   40% ±22  (in 5 runs)
  GUN               :   60% ±22  (in 5 runs)
  MRK               :   60% ±22  (in 5 runs)
  PLT               :   75% ±22  (in 4 runs)
  TNK               :   50% ±25  (in 4 runs)

RUN WIN-RATE BY PURCHASE (campaign runs buying it):
  FIELD MEDKIT      :   40% ±13  (in 15 runs)
  BALLISTIC PLATING :   62% ±13  (in 13 runs)
  WPN: SCOPE        :   46% ±14  (in 13 runs)
  ARMORY            :   36% ±15  (in 11 runs)
  WPN: HOLLOW POINT :   55% ±15  (in 11 runs)
  COUNTER-PREP      :   56% ±17  (in 9 runs)
  WPN: BIPOD        :   43% ±19  (in 7 runs)
  ADV. TRAINING     :   67% ±19  (in 6 runs)
  WPN: STABILIZER   :   33% ±19  (in 6 runs)
  WPN: EXTENDED MAG :   40% ±22  (in 5 runs)
  COMBAT STIMS      :   25% ±22  (in 4 runs)
  FRAG CACHE        :   50% ±25  (in 4 runs)
  WPN: SUPPRESSOR   :   50% ±25  (in 4 runs)

RUN WIN-RATE BY EVENT-CHOICE (campaign runs taking id:arm):
  informant:2       :   20% ±18  (in 5 runs)
  quartermaster:1   :   25% ±22  (in 4 runs)
  bloodfeud:2       :    0% ±0  (in 2 runs)
  drill:1           :    0% ±0  (in 2 runs)
  informant:1       :  100% ±0  (in 2 runs)
  profiteer:1       :    0% ±0  (in 2 runs)
  reservecall:1     :    0% ±0  (in 2 runs)
  warchest:0        :    0% ±0  (in 2 runs)
  warpension:1      :  100% ±0  (in 2 runs)
  warpension:2      :  100% ±0  (in 2 runs)
  depot:0           :    0% ±0  (in 1 runs)
═══════════════════════════════════════════════════════════════════════

batch wall-time: 3.7s  (20 matches across 10 campaigns × 2 policy, frame-cap hits: 0)
aggregate JSON -> /home/user/SIGHTLINE/docs/measurements/l3/L3-h2-b70.json
INFO: TEXTURE: [ID 2] Unloaded texture data from VRAM (GPU)
INFO: SHADER: [ID 3] Default shader unloaded successfully
INFO: TEXTURE: [ID 1] Default texture unloaded successfully
INFO: Window closed successfully
