INFO: Initializing raylib 6.0
INFO: Platform backend: DESKTOP (GLFW)
INFO: Supported raylib modules:
INFO:     > rcore:..... loaded (mandatory)
INFO:     > rlgl:...... loaded (mandatory)
INFO:     > rshapes:... loaded (optional)
INFO:     > rtextures:. loaded (optional)
INFO:     > rtext:..... loaded (optional)
INFO:     > rmodels:... loaded (optional)
INFO:     > raudio:.... loaded (optional)
INFO: DISPLAY: Trying to enable MSAA x4
INFO: DISPLAY: Device initialized successfully 
INFO:     > Display size: 1280 x 800
INFO:     > Screen size:  1280 x 800
INFO:     > Render size:  1280 x 800
INFO:     > Viewport offsets: 0, 0
INFO: GLAD: OpenGL extensions loaded successfully
INFO: GL: Supported extensions count: 229
INFO: GL: OpenGL device information:
INFO:     > Vendor:   Mesa
INFO:     > Renderer: llvmpipe (LLVM 20.1.2, 256 bits)
INFO:     > Version:  4.5 (Core Profile) Mesa 25.2.8-0ubuntu0.24.04.2
INFO:     > GLSL:     4.50
INFO: GL: VAO extension detected, VAO functions loaded successfully
INFO: GL: NPOT textures extension detected, full NPOT textures supported
INFO: GL: DXT compressed textures supported
INFO: GL: ETC2/EAC compressed textures supported
INFO: PLATFORM: DESKTOP (GLFW - X11): Initialized successfully
INFO: TEXTURE: [ID 1] Texture loaded successfully (1x1 | R8G8B8A8 | 1 mipmaps)
INFO: TEXTURE: [ID 1] Default texture loaded successfully
INFO: SHADER: [ID 1] Vertex shader compiled successfully
INFO: SHADER: [ID 2] Fragment shader compiled successfully
INFO: SHADER: [ID 3] Program shader loaded successfully
INFO: SHADER: [ID 3] Default shader loaded successfully
INFO: RLGL: Render batch vertex buffers loaded successfully in RAM (CPU)
INFO: RLGL: Render batch vertex buffers loaded successfully in VRAM (GPU)
INFO: RLGL: Default OpenGL state initialized successfully
INFO: TEXTURE: [ID 2] Texture loaded successfully (128x128 | GRAY_ALPHA | 1 mipmaps)
INFO: FONT: Default font loaded successfully (224 glyphs)
INFO: SYSTEM: Working Directory: /home/user/SIGHTLINE
INFO: TIMER: Target time per frame: 0.000 milliseconds
FINALE-KIT: Syndicate
FINALE-KIT: Syndicate
REINFORCEMENTS: +2 (GRUNT,GRUNT)
FINALE-KIT: Syndicate
FINALE-KIT: Syndicate
FINALE-KIT: Legion
WAVE: +2 (GRUNT,SHIELD) [rich]
WAVE: +2 (GRUNT,SPOTTER) [rich]
WAVE: +2 (SAPPER,DRONE) [rich]
match 5/20  (W:1 L:4 cap:0)  1.2s
FINALE-KIT: Legion
WAVE: +2 (GRUNT,SHIELD) [rich]
WAVE: +2 (SHIELD,DRONE) [rich]
FINALE-KIT: Wardens
FINALE-KIT: Wardens
FINALE-KIT: Legion
WAVE: +3 (HOUND,SNIPER,SHIELD) [rich]
WAVE: +3 (SNIPER,HOUND,SAPPER) [rich]
WAVE: +2 (STRIKER,STRIKER) [rich]
FINALE-KIT: Legion
WAVE: +3 (SHIELD,HUNTER,MEDIC) [rich]
WAVE: +3 (SAPPER,BERSERKER,MORTAR) [rich]
WAVE: +3 (HUNTER,MEDIC,SCOUT) [rich]
match 10/20  (W:1 L:9 cap:0)  2.2s
FINALE-KIT: Syndicate
FINALE-KIT: Syndicate
FINALE-KIT: Legion
WAVE: +3 (LANCER,MEDIC,GRUNT) [rich]
WAVE: +3 (CUSTODIAN,DRONE,SHIELD) [rich]
WAVE: +3 (BERSERKER,BERSERKER,STRIKER) [rich]
REINFORCEMENTS: +2 (GRUNT,SCOUT)
FINALE-KIT: Legion
WAVE: +3 (CUSTODIAN,HUNTER,SCOUT) [rich]
WAVE: +3 (STRIKER,LANCER,HOUND) [rich]
WAVE: +3 (BERSERKER,MEDIC,HOUND) [rich]
FINALE-KIT: Legion
WAVE: +3 (MEDIC,GRUNT,BERSERKER) [rich]
WAVE: +3 (HUNTER,DRONE,SAPPER) [rich]
WAVE: +3 (STRIKER,MORTAR,BRUISER) [rich]
REINFORCEMENTS: +2 (SCOUT,GRUNT)
match 15/20  (W:5 L:10 cap:0)  3.7s
FINALE-KIT: Legion
WAVE: +3 (PIKEMAN,SAPPER,CUSTODIAN) [rich]
WAVE: +3 (WARBRINGER,SHIELD,SAPPER) [rich]
FINALE-KIT: Wardens
WAVE: +2 (SAPPER,DRONE) [rich]
WAVE: +2 (SAPPER,SCREENER) [rich]
WAVE: +2 (DRONE,SHIELD) [rich]
WAVE: +2 (SAPPER,SHIELD) [rich]
FINALE-KIT: Wardens
WAVE: +2 (GRUNT,SAPPER) [rich]
WAVE: +2 (CUSTODIAN,CUSTODIAN) [rich]
WAVE: +2 (SHIELD,SHIELD) [rich]
WAVE: +2 (DRONE,SHIELD) [rich]
WAVE: +2 (DRONE,SCREENER) [rich]
FINALE-KIT: Wardens
WAVE: +2 (PIKEMAN,SCOUT) [rich]
WAVE: +2 (GRUNT,GRUNT) [rich]
WAVE: +2 (GRUNT,PIKEMAN) [rich]
REINFORCEMENTS: +2 (GRUNT,SCOUT)
REINFORCEMENTS: +2 (GRUNT,SCOUT)
FINALE-KIT: Wardens
WAVE: +2 (SCOUT,GRUNT) [rich]
WAVE: +2 (PIKEMAN,SCOUT) [rich]
WAVE: +2 (PIKEMAN,SNIPER) [rich]
REINFORCEMENTS: +2 (SCOUT,SCOUT)
REINFORCEMENTS: +2 (SCOUT,GRUNT)
REINFORCEMENTS: +2 (SCOUT,GRUNT)
match 20/20  (W:5 L:15 cap:0)  4.3s

══════════════════════ SIGHTLINE BALANCE REPORT ══════════════════════
runs=20  missions=71

RUN OUTCOMES (campaign):  win-rate   25%   avg missions cleared 3.9

POLICY GAP (optimal vs human-error; campaign runs only):
  greedy win-rate   30%  (n=10)
  sloppy win-rate   20%  (n=10)
  GAP   10 pts  (healthy slack)
  PAIRED (same-seed slots): pairs=10  concordant=9  discordant greedy-only-won=1 / sloppy-only-won=0  paired gap   10 pts
  PER-SLOT RECORDS (greedy | sloppy: outcome + missions cleared; margin = g−s):
    slot  50 @h4: W 6 | L 4   margin +2
    slot  51 @h4: L 1 | L 1   margin +0
    slot  52 @h4: L 1 | L 1   margin +0
    slot  53 @h4: L 3 | L 3   margin +0
    slot  54 @h4: L 5 | L 5   margin +0
    slot  55 @h4: W 6 | W 6   margin +0
    slot  56 @h4: W 6 | W 6   margin +0
    slot  57 @h4: L 5 | L 3   margin +2
    slot  58 @h4: L 2 | L 3   margin -1
    slot  59 @h4: L 5 | L 5   margin +0
  PAIRED MARGIN (missions cleared, all pairs): +0.30 ±0.30 SE  (n=10 pairs)
  by objective (greedy / sloppy / gap):
    Decapitate :   38% /   33% / gap    4
    Defend     :   67% /   67% / gap    0
    Eliminate  :  100% /   92% / gap    8
    Escort     :  100% /  100% / gap    0
    Evac       :  100% /  100% / gap    0
    Rescue     :  100% /  100% / gap    0
    Sabotage   :  100% /  100% / gap    0

DECISION RICHNESS / SWING:
  meaningful-choices/turn 4.35   lead-swings/match 0.5   avg max-swing 54.8
  [shot-gate] acting-soldiers/turn 3.67   armed-soldiers/turn 1.84   armed-fraction 50%   turns-with-a-shot 67%   choices/ARMED-soldier-turn 2.37
  [choice-split] los-targets/ARMED 3.02   target-choices/ARMED 0.80   position-choices/ARMED 1.57

RUN COMPLETION BY HEAT (full-campaign clears):
  heat 4:   25% ±10  (n=20 runs, avg 3.9 missions)

INTEL ECONOMY BY HEAT (campaign runs; heat-bonus = the Heat.IntelBonus share of income):
  heat 4: earned  167.9/run   heat-bonus  51.0 (  30% of income)   spent  154.1   unspent   13.8

MISSION WIN-RATE BY HEAT:
  heat 4:   78%  (n=69, avg 5.5 turns)
  heat 5:  100% ±0  (n=2, avg 3.0 turns)

MISSION WIN-RATE BY OBJECTIVE:
  Eliminate  :   96% ±4  (n=24, avg 3.7 turns)
  Decapitate :   36% ±13  (n=14, avg 5.4 turns)
  Defend     :   67% ±14  (n=12, avg 8.4 turns)
  Rescue     :  100% ±0  (n=8, avg 5.6 turns)
  Sabotage   :  100% ±0  (n=6, avg 4.0 turns)
  Evac       :  100% ±0  (n=4, avg 6.3 turns)
  Escort     :  100% ±0  (n=2, avg 9.5 turns)
  Hack       :    0% ±0  (n=1, avg 7.0 turns)

MISSION WIN-RATE BY OBJECTIVE x NODE KIND (a capstone must never pool with a mid-run node):
  Eliminate  : Start: 100%(n=20)  Combat:  75%(n=4)
               depth: m1:100%(20) m2:100%(2) m5:50%(2)
  Decapitate : Boss:  50%(n=10)  Supply:   0%(n=2)  Elite:   0%(n=2)
               depth: m2:0%(2) m4:0%(2) m6:50%(10)
  Defend     : Supply:  83%(n=6)  Elite:  25%(n=4)  Combat: 100%(n=2)
               depth: m2:50%(4) m3:50%(2) m4:83%(6)
  Rescue     : Combat: 100%(n=4)  Elite: 100%(n=2)  Supply: 100%(n=2)
               depth: m3:100%(4) m4:100%(4)
  Sabotage   : Combat: 100%(n=4)  Elite: 100%(n=2)
               depth: m3:100%(4) m5:100%(2)
  Evac       : Supply: 100%(n=2)  Combat: 100%(n=2)
               depth: m3:100%(2) m5:100%(2)
  Escort     : Supply: 100%(n=2)
               depth: m3:100%(2)
  Hack       : Elite:   0%(n=1)
               depth: m4:0%(1)

DECAPITATE HVT (buff = +6+1*mission HP, +6 aim; ELITE exempt):
  EXEMPT  :   50% ±16  (n=10, avg 5.2 turns, HVT 22.4 max HP)  [m6:50%(10)]
  BUFFED  :    0% ±0  (n=4, avg 6.0 turns, HVT 24.0 max HP)  [m2:0%(2) m4:0%(2)]

MISSION WIN-RATE BY MISSION #:
  m1:  100% ±0  (n=20)
  m2:   50% ±18  (n=8)
  m3:   93% ±7  (n=14)
  m4:   69% ±13  (n=13)
  m5:   83% ±15  (n=6)
  m6:   50% ±16  (n=10)

LOSS CAUSES (missions):
  RUN OVER              : 15

MISSION WIN-RATE BY ARENA (authored layouts, n>=3; procedural fallback   20% of 71 missions):
  arena  9:   33% ±27  (n=3, avg 4.7 turns)  [m6:33%(3)]
  arena 10:  100% ±0  (n=4, avg 6.8 turns)  [m1:100%(2) m3:100%(1) m6:100%(1)]
  arena 24:   50% ±25  (n=4, avg 3.8 turns)  [m3:100%(2) m4:0%(2)]
  arena 28:  100% ±0  (n=4, avg 6.8 turns)  [m5:100%(2) m6:100%(2)]
  arena 31:  100% ±0  (n=3, avg 4.3 turns)  [m1:100%(2) m5:100%(1)]
  arena 32:   70% ±14  (n=10, avg 5.4 turns)  [m1:100%(4) m2:33%(3) m3:50%(2) m4:100%(1)]
  arena 33:  100% ±0  (n=4, avg 9.0 turns)  [m2:100%(2) m4:100%(2)]
  arena 34:  100% ±0  (n=6, avg 6.3 turns)  [m1:100%(2) m4:100%(4)]
  procedural:   79% ±11  (n=14, avg 4.5 turns)  [m1:100%(4) m2:100%(1) m3:100%(3) m4:33%(3) m5:100%(1) m6:50%(2)]

DEPLOYMENT GEOMETRY (opening shape; choices/ARMED is the wave's real gate):
  FRONTAL   :   92% ±6  (n=24, avg 6.6 turns)  choices/turn 5.73  choices/ARMED 2.54  los-targets/ARMED 3.73
  PINCER    :   67% ±10  (n=21, avg 4.6 turns)  choices/turn 3.83  choices/ARMED 2.54  los-targets/ARMED 2.51
  CROSSFIRE :   83% ±11  (n=12, avg 4.9 turns)  choices/turn 2.33  choices/ARMED 1.97  los-targets/ARMED 2.06
  ENVELOP   :   71% ±12  (n=14, avg 5.1 turns)  choices/turn 3.55  choices/ARMED 1.91  los-targets/ARMED 2.08

ARENA FUNNEL (Mission.Build exits, n=84 builds, all modes):
  authored-applied    :  82.1%  (n=69)
  connectivity-reject :   0.0%  (n=0)
  procedural-roll     :  17.9%  (n=15)

DECK EXPOSURE (campaign runs n=20):
  distinct authored arenas/run : 2.85 mean (all runs)
  ... full-depth runs only     : 3.60 mean over 4.6 fights/run (n=5)
  Defend dealt on the route    :   60% of runs (n=12)

ACTION MIX (verbs issued, by policy):
  verb                  greedy        sloppy
  MOVE               562   43%     558   42%
  SHOOT              322   25%     278   21%
  HUNKER              87    7%     216   16%
  OVERWATCH           55    4%      23    2%
  BRACE               31    2%      43    3%
  INTEL               35    3%      31    2%
  RELOAD              37    3%      28    2%
  STABILIZE           30    2%      30    2%
  SLIPSTREAM          23    2%      18    1%
  FOCUS               28    2%      12    1%
  MARK                16    1%      16    1%
  PIN                 21    2%      10    1%
  ITEM:SMOKE          12    1%      16    1%
  PLANT                9    1%      10    1%
  GRAPPLE              9    1%       6    0%
  BEACON               6    0%       6    0%
  GRENADE              5    0%       6    0%
  EXTRACT              6    0%       3    0%
  PATCH                4    0%       5    0%
  REARM                3    0%       3    0%
  BARREL               1    0%       1    0%
  HACK                 0    0%       2    0%
  DRAG                 1    0%       0    0%
  ITEM:FLASH           0    0%       1    0%

PLAYER CLASS PERFORMANCE:
  class        shots   hit%   dmg   kills
  SHARPSHOOTER    134    97%    997     62
  GUNNER         182    80%    809     55
  RANGER         104    84%    623     42
  ASSAULT        121    88%    533     32
  CORPSMAN        55    75%    153      8

SOLDIER DEATHS BY ENEMY CLASS (threat ranking):
  SHIELD     : 14
  ELITE      : 13
  SNIPER     : 8
  BRUISER    : 7
  LANCER     : 6
  BURN       : 5
  SAPPER     : 5
  SCREENER   : 5
  WARBRINGER : 5
  GRUNT      : 4
  DRONE      : 4
  HUNTER     : 4
  TURRET     : 3
  SPOTTER    : 3
  STRIKE     : 3
  MEDIC      : 3
  SCOUT      : 2
  BERSERKER  : 1
  STRIKER    : 1

SOLDIER DOWNS (FUL-7 bleed-out): 194 downs -> revived 4 / recovered 32 / bled out 138 / finished 20  (save-rate   19%)
  corpsman fielded in 33 missions

ENEMY COMPOSITION (spawns; faction-stamped fights n=483 / default-cascade fights n=218):
  class        faction         default
  DRONE           76   16%       14    6%
  GRUNT           44    9%       31   14%
  SCOUT           15    3%       56   26%
  SAPPER          44    9%       12    6%
  SHIELD          40    8%        7    3%
  ELITE           35    7%        6    3%
  TURRET          25    5%        8    4%
  SCREENER        33    7%        0    0%
  HUNTER          11    2%       18    8%
  SNIPER          19    4%        9    4%
  MORTAR          13    3%       13    6%
  MEDIC           17    4%        5    2%
  LANCER          18    4%        4    2%
  SPOTTER         19    4%        2    1%
  BERSERKER       12    2%        7    3%
  CUSTODIAN       14    3%        3    1%
  BRUISER         12    2%        5    2%
  STRIKER          7    1%        7    3%
  PIKEMAN         13    3%        1    0%
  HOUND            5    1%        8    4%
  WARBRINGER       7    1%        1    0%
  BOMBARD          4    1%        1    0%

PERK PICK FREQUENCY:
  LCK           : 15
  MOM           : 12
  CQB           : 12
  MRK           : 11
  BND           : 10
  PLT           : 10
  OUT           : 10
  EXC           : 10
  GUN           : 9
  GRD           : 9
  TNK           : 8
  SKR           : 7
  CLH           : 6
  FST           : 6
  BRK           : 5
  SGE           : 4
  RFX           : 3
  HRD           : 3
  VNT           : 2

SHOP PURCHASE FREQUENCY:
  WPN: HOLLOW POINT : 52
  FIELD MEDKIT      : 42
  WPN: EXTENDED MAG : 28
  WPN: SCOPE        : 27
  ADV. TRAINING     : 23
  WPN: STABILIZER   : 22
  WPN: BIPOD        : 21
  WPN: SUPPRESSOR   : 13
  COMBAT STIMS      : 13
  BALLISTIC PLATING : 12
  COUNTER-PREP      : 11
  FRAG CACHE        : 8
  ARMORY            : 6

BOON PICK FREQUENCY (PROCS = effect fires at instrumented sites; '-' = not instrumented;
                      PYR counts the +2-turn-burn half only — the Burning-immunity half is uninstrumented):
  code                 picks   PROCS
  ADR               :     5       -
  GHO               :     5       -
  PYR               :     4       3
  RPD               :     4       -
  TRR               :     4       9
  VNM               :     4       -
  EXE               :     3       -
  FDR               :     3       0
  FRT               :     3       -
  FVR               :     3       -
  MRK               :     3       -
  SCV               :     3       -
  FST               :     2      34
  RCL               :     2       0
  SHK               :     2       0
  GRN               :     1       -

RUN WIN-RATE BY BOON (campaign runs holding it):
  ADR               :   20% ±18  (in 5 runs)
  GHO               :   20% ±18  (in 5 runs)
  PYR               :   75% ±22  (in 4 runs)
  RPD               :   50% ±25  (in 4 runs)
  TRR               :    0% ±0  (in 4 runs)
  VNM               :   50% ±25  (in 4 runs)
  EXE               :   67% ±27  (in 3 runs)
  FDR               :   33% ±27  (in 3 runs)
  FRT               :   67% ±27  (in 3 runs)
  FVR               :    0% ±0  (in 3 runs)
  MRK               :    0% ±0  (in 3 runs)
  SCV               :   67% ±27  (in 3 runs)
  FST               :  100% ±0  (in 2 runs)
  RCL               :    0% ±0  (in 2 runs)
  SHK               :    0% ±0  (in 2 runs)
  GRN               :    0% ±0  (in 1 runs)

RUN WIN-RATE BY SPEC (campaign runs fielding it):
  ANC               :   75% ±22  (in 4 runs)
  HHT               :   25% ±22  (in 4 runs)
  PTH               :   25% ±22  (in 4 runs)
  SNT               :    0% ±0  (in 4 runs)
  ADN               :    0% ±0  (in 2 runs)
  MED               :    0% ±0  (in 1 runs)
  PHN               :    0% ±0  (in 1 runs)

RUN WIN-RATE BY PERK (campaign runs holding it):
  CQB               :   30% ±14  (in 10 runs)
  LCK               :   20% ±13  (in 10 runs)
  GRD               :   22% ±14  (in 9 runs)
  BND               :   38% ±17  (in 8 runs)
  EXC               :   25% ±15  (in 8 runs)
  GUN               :    0% ±0  (in 8 runs)
  MOM               :   38% ±17  (in 8 runs)
  MRK               :   38% ±17  (in 8 runs)
  PLT               :   25% ±15  (in 8 runs)
  OUT               :   14% ±13  (in 7 runs)
  SKR               :   17% ±15  (in 6 runs)
  TNK               :   50% ±20  (in 6 runs)
  BRK               :   40% ±22  (in 5 runs)
  CLH               :   25% ±22  (in 4 runs)
  FST               :   50% ±25  (in 4 runs)
  SGE               :   75% ±22  (in 4 runs)
  RFX               :    0% ±0  (in 3 runs)
  HRD               :  100% ±0  (in 2 runs)
  VNT               :   50% ±35  (in 2 runs)

RUN WIN-RATE BY PURCHASE (campaign runs buying it):
  FIELD MEDKIT      :   36% ±13  (in 14 runs)
  WPN: HOLLOW POINT :   38% ±13  (in 13 runs)
  ADV. TRAINING     :   25% ±13  (in 12 runs)
  WPN: STABILIZER   :   42% ±14  (in 12 runs)
  COUNTER-PREP      :   30% ±14  (in 10 runs)
  WPN: BIPOD        :   40% ±15  (in 10 runs)
  WPN: EXTENDED MAG :   30% ±14  (in 10 runs)
  BALLISTIC PLATING :   50% ±18  (in 8 runs)
  WPN: SCOPE        :   38% ±17  (in 8 runs)
  WPN: SUPPRESSOR   :   29% ±17  (in 7 runs)
  ARMORY            :   33% ±19  (in 6 runs)
  COMBAT STIMS      :   40% ±22  (in 5 runs)
  FRAG CACHE        :   25% ±22  (in 4 runs)

RUN WIN-RATE BY EVENT-CHOICE (campaign runs taking id:arm):
  grave:1           :    0% ±0  (in 4 runs)
  warpension:2      :   25% ±22  (in 4 runs)
  profiteer:0       :    0% ±0  (in 3 runs)
  depot:0           :  100% ±0  (in 2 runs)
  fieldhospital:2   :    0% ±0  (in 2 runs)
  quartermaster:2   :    0% ±0  (in 2 runs)
  relic:1           :  100% ±0  (in 2 runs)
  reservecall:1     :  100% ±0  (in 2 runs)
═══════════════════════════════════════════════════════════════════════

batch wall-time: 4.3s  (20 matches across 10 campaigns × 2 policy, frame-cap hits: 0)
aggregate JSON -> /home/user/SIGHTLINE/docs/measurements/l3/L3-h4-b50.json
INFO: TEXTURE: [ID 2] Unloaded texture data from VRAM (GPU)
INFO: SHADER: [ID 3] Default shader unloaded successfully
INFO: TEXTURE: [ID 1] Default texture unloaded successfully
INFO: Window closed successfully
