INFO: Initializing raylib 6.0
INFO: Platform backend: DESKTOP (GLFW)
INFO: Supported raylib modules:
INFO:     > rcore:..... loaded (mandatory)
INFO:     > rlgl:...... loaded (mandatory)
INFO:     > rshapes:... loaded (optional)
INFO:     > rtextures:. loaded (optional)
INFO:     > rtext:..... loaded (optional)
INFO:     > rmodels:... loaded (optional)
INFO:     > raudio:.... loaded (optional)
INFO: DISPLAY: Trying to enable MSAA x4
INFO: DISPLAY: Device initialized successfully 
INFO:     > Display size: 1280 x 800
INFO:     > Screen size:  1280 x 800
INFO:     > Render size:  1280 x 800
INFO:     > Viewport offsets: 0, 0
INFO: GLAD: OpenGL extensions loaded successfully
INFO: GL: Supported extensions count: 229
INFO: GL: OpenGL device information:
INFO:     > Vendor:   Mesa
INFO:     > Renderer: llvmpipe (LLVM 20.1.2, 256 bits)
INFO:     > Version:  4.5 (Core Profile) Mesa 25.2.8-0ubuntu0.24.04.2
INFO:     > GLSL:     4.50
INFO: GL: VAO extension detected, VAO functions loaded successfully
INFO: GL: NPOT textures extension detected, full NPOT textures supported
INFO: GL: DXT compressed textures supported
INFO: GL: ETC2/EAC compressed textures supported
INFO: PLATFORM: DESKTOP (GLFW - X11): Initialized successfully
INFO: TEXTURE: [ID 1] Texture loaded successfully (1x1 | R8G8B8A8 | 1 mipmaps)
INFO: TEXTURE: [ID 1] Default texture loaded successfully
INFO: SHADER: [ID 1] Vertex shader compiled successfully
INFO: SHADER: [ID 2] Fragment shader compiled successfully
INFO: SHADER: [ID 3] Program shader loaded successfully
INFO: SHADER: [ID 3] Default shader loaded successfully
INFO: RLGL: Render batch vertex buffers loaded successfully in RAM (CPU)
INFO: RLGL: Render batch vertex buffers loaded successfully in VRAM (GPU)
INFO: RLGL: Default OpenGL state initialized successfully
INFO: TEXTURE: [ID 2] Texture loaded successfully (128x128 | GRAY_ALPHA | 1 mipmaps)
INFO: FONT: Default font loaded successfully (224 glyphs)
INFO: SYSTEM: Working Directory: /home/user/SIGHTLINE
INFO: TIMER: Target time per frame: 0.000 milliseconds
FINALE-KIT: Syndicate
REINFORCEMENTS: +2 (GRUNT,GRUNT)
REINFORCEMENTS: +2 (GRUNT,GRUNT)
REINFORCEMENTS: +2 (GRUNT,GRUNT)
FINALE-KIT: Syndicate
REINFORCEMENTS: +2 (SCOUT,GRUNT)
REINFORCEMENTS: +2 (GRUNT,GRUNT)
FINALE-KIT: Syndicate
WAVE: +3 (LANCER,HUNTER,HOUND) [rich]
WAVE: +3 (BERSERKER,WARBRINGER,HOUND) [rich]
WAVE: +3 (HUNTER,BRUISER,HUNTER) [rich]
FINALE-KIT: Syndicate
WAVE: +3 (GRUNT,WARBRINGER,GRUNT) [rich]
WAVE: +3 (BERSERKER,BERSERKER,HUNTER) [rich]
WAVE: +3 (STRIKER,BRUISER,GRUNT) [rich]
WAVE: +3 (BERSERKER,BERSERKER,BERSERKER) [rich]
WAVE: +2 (HUNTER,BRUISER) [rich]
FINALE-KIT: Legion
WAVE: +2 (SHIELD,DRONE) [rich]
WAVE: +2 (SHIELD,DRONE) [rich]
WAVE: +2 (DRONE,GRUNT) [rich]
match 5/20  (W:2 L:3 cap:0)  1.6s
FINALE-KIT: Legion
WAVE: +2 (SAPPER,SHIELD) [rich]
WAVE: +2 (SHIELD,SHIELD) [rich]
WAVE: +2 (DRONE,SAPPER) [rich]
FINALE-KIT: Wardens
FINALE-KIT: Wardens
REINFORCEMENTS: +2 (GRUNT,GRUNT)
FINALE-KIT: Legion
WAVE: +3 (HOUND,CUSTODIAN,LANCER) [rich]
WAVE: +3 (SHIELD,HUNTER,HOUND) [rich]
WAVE: +3 (HOUND,HOUND,LANCER) [rich]
REINFORCEMENTS: +2 (SCOUT,SCOUT)
FINALE-KIT: Legion
WAVE: +3 (MEDIC,SAPPER,HUNTER) [rich]
WAVE: +3 (DRONE,LANCER,STRIKER) [rich]
WAVE: +3 (WARBRINGER,LANCER,STRIKER) [rich]
REINFORCEMENTS: +2 (SCOUT,SCOUT)
match 10/20  (W:4 L:6 cap:0)  2.5s
FINALE-KIT: Syndicate
FINALE-KIT: Syndicate
REINFORCEMENTS: +2 (SCOUT,GRUNT)
REINFORCEMENTS: +2 (GRUNT,GRUNT)
REINFORCEMENTS: +3 (SCOUT,SCOUT,GRUNT)
FINALE-KIT: Legion
WAVE: +3 (HUNTER,SCREENER,WARBRINGER) [rich]
WAVE: +3 (SCREENER,SHIELD,HUNTER) [rich]
WAVE: +3 (SHIELD,PIKEMAN,LANCER) [rich]
FINALE-KIT: Legion
REINFORCEMENTS: +2 (SCOUT,GRUNT)
REINFORCEMENTS: +2 (SCOUT,SCOUT)
FINALE-KIT: Legion
WAVE: +3 (WARBRINGER,BERSERKER,MORTAR) [rich]
WAVE: +3 (HUNTER,SAPPER,SHIELD) [rich]
WAVE: +3 (SNIPER,MORTAR,SPOTTER) [rich]
REINFORCEMENTS: +2 (GRUNT,SCOUT)
match 15/20  (W:6 L:9 cap:0)  3.3s
FINALE-KIT: Legion
WAVE: +3 (LANCER,SNIPER,WARBRINGER) [rich]
WAVE: +3 (CUSTODIAN,STRIKER,HUNTER) [rich]
WAVE: +3 (HUNTER,SPOTTER,HOUND) [rich]
FINALE-KIT: Wardens
WAVE: +2 (SHIELD,DRONE) [rich]
WAVE: +2 (DRONE,SPOTTER) [rich]
WAVE: +2 (SAPPER,GRUNT) [rich]
WAVE: +2 (SHIELD,DRONE) [rich]
WAVE: +3 (GRUNT,HOUND,BERSERKER) [rich]
WAVE: +3 (BERSERKER,GRUNT,WARBRINGER) [rich]
WAVE: +3 (WARBRINGER,GRUNT,HUNTER) [rich]
REINFORCEMENTS: +2 (GRUNT,SCOUT)
FINALE-KIT: Wardens
WAVE: +2 (SAPPER,SAPPER) [rich]
WAVE: +2 (SAPPER,SHIELD) [rich]
WAVE: +2 (CUSTODIAN,CUSTODIAN) [rich]
WAVE: +3 (BERSERKER,STRIKER,HUNTER) [rich]
WAVE: +3 (BERSERKER,HOUND,HUNTER) [rich]
WAVE: +3 (BRUISER,BERSERKER,BERSERKER) [rich]
WAVE: +3 (SCOUT,STRIKER,LANCER) [rich]
FINALE-KIT: Wardens
WAVE: +2 (PIKEMAN,GRUNT) [rich]
WAVE: +2 (GRUNT,SCOUT) [rich]
WAVE: +2 (SCOUT,PIKEMAN) [rich]
FINALE-KIT: Wardens
WAVE: +2 (PIKEMAN,MEDIC) [rich]
WAVE: +2 (MORTAR,PIKEMAN) [rich]
match 20/20  (W:8 L:12 cap:0)  3.8s

══════════════════════ SIGHTLINE BALANCE REPORT ══════════════════════
runs=20  missions=77

RUN OUTCOMES (campaign):  win-rate   40%   avg missions cleared 4.5

POLICY GAP (optimal vs human-error; campaign runs only):
  greedy win-rate   60%  (n=10)
  sloppy win-rate   20%  (n=10)
  GAP   40 pts  (swingy/unforgiving)
  PAIRED (same-seed slots): pairs=10  concordant=2  discordant greedy-only-won=6 / sloppy-only-won=2  paired gap   40 pts
  PER-SLOT RECORDS (greedy | sloppy: outcome + missions cleared; margin = g−s):
    slot  50 @h2: L 4 | L 4   margin +0
    slot  51 @h2: W 6 | L 4   margin +2
    slot  52 @h2: W 6 | L 1   margin +5
    slot  53 @h2: W 6 | L 3   margin +3
    slot  54 @h2: L 5 | W 6   margin -1
    slot  55 @h2: W 6 | L 5   margin +1
    slot  56 @h2: W 6 | L 1   margin +5
    slot  57 @h2: L 5 | W 6   margin -1
    slot  58 @h2: L 5 | L 4   margin +1
    slot  59 @h2: W 6 | L 1   margin +5
  PAIRED MARGIN (missions cleared, all pairs): +2.00 ±0.76 SE  (n=10 pairs)
  by objective (greedy / sloppy / gap):
    Decapitate :   73% /   60% / gap   13
    Defend     :  100% /   43% / gap   57
    Eliminate  :   92% /   83% / gap    8
    Evac       :  100% /  100% / gap    0
    Hack       :  100% /  100% / gap    0
    Rescue     :  100% /  100% / gap    0
    Sabotage   :  100% /  100% / gap    0

DECISION RICHNESS / SWING:
  meaningful-choices/turn 3.22   lead-swings/match 0.7   avg max-swing 46.3
  [shot-gate] acting-soldiers/turn 3.48   armed-soldiers/turn 1.52   armed-fraction 44%   turns-with-a-shot 66%   choices/ARMED-soldier-turn 2.12
  [choice-split] los-targets/ARMED 2.44   target-choices/ARMED 0.31   position-choices/ARMED 1.81

RUN COMPLETION BY HEAT (full-campaign clears):
  heat 2:   40% ±11  (n=20 runs, avg 4.5 missions)

INTEL ECONOMY BY HEAT (campaign runs; heat-bonus = the Heat.IntelBonus share of income):
  heat 2: earned  157.0/run   heat-bonus  22.8 (  15% of income)   spent  141.8   unspent   15.2

MISSION WIN-RATE BY HEAT:
  heat 2:   84%  (n=76, avg 5.0 turns)
  heat 3:  100% ±0  (n=1, avg 5.0 turns)

MISSION WIN-RATE BY OBJECTIVE:
  Eliminate  :   88% ±7  (n=24, avg 4.3 turns)
  Decapitate :   69% ±12  (n=16, avg 4.3 turns)
  Defend     :   73% ±11  (n=15, avg 8.7 turns)
  Rescue     :  100% ±0  (n=8, avg 3.3 turns)
  Sabotage   :  100% ±0  (n=6, avg 3.0 turns)
  Hack       :  100% ±0  (n=3, avg 2.7 turns)
  Evac       :  100% ±0  (n=3, avg 6.7 turns)
  Escort     :  100% ±0  (n=2, avg 5.0 turns)

MISSION WIN-RATE BY OBJECTIVE x NODE KIND (a capstone must never pool with a mid-run node):
  Eliminate  : Start: 100%(n=20)  Combat:  25%(n=4)
               depth: m1:100%(20) m2:50%(2) m5:0%(2)
  Decapitate : Boss:  67%(n=12)  Supply: 100%(n=2)  Elite:  50%(n=2)
               depth: m2:100%(2) m4:50%(2) m6:67%(12)
  Defend     : Elite:  67%(n=6)  Supply: 100%(n=5)  Combat:  50%(n=4)
               depth: m2:50%(4) m3:100%(2) m4:100%(5) m5:50%(4)
  Rescue     : Combat: 100%(n=4)  Elite: 100%(n=2)  Supply: 100%(n=2)
               depth: m3:100%(4) m4:100%(4)
  Sabotage   : Combat: 100%(n=4)  Elite: 100%(n=2)
               depth: m3:100%(4) m5:100%(2)
  Hack       : Elite: 100%(n=2)  Supply: 100%(n=1)
               depth: m4:100%(2) m5:100%(1)
  Evac       : Supply: 100%(n=2)  Combat: 100%(n=1)
               depth: m3:100%(2) m5:100%(1)
  Escort     : Combat: 100%(n=1)  Supply: 100%(n=1)
               depth: m3:100%(1) m5:100%(1)

DECAPITATE HVT (buff = +6+1*mission HP, +6 aim; ELITE exempt):
  EXEMPT  :   67% ±14  (n=12, avg 4.4 turns, HVT 22.5 max HP)  [m6:67%(12)]
  BUFFED  :   75% ±22  (n=4, avg 4.0 turns, HVT 19.0 max HP)  [m2:100%(2) m4:50%(2)]

MISSION WIN-RATE BY MISSION #:
  m1:  100% ±0  (n=20)
  m2:   63% ±17  (n=8)
  m3:  100% ±0  (n=13)
  m4:   92% ±7  (n=13)
  m5:   64% ±15  (n=11)
  m6:   67% ±14  (n=12)

LOSS CAUSES (missions):
  RUN OVER              : 12

MISSION WIN-RATE BY ARENA (authored layouts, n>=3; procedural fallback   23% of 77 missions):
  arena 10:  100% ±0  (n=4, avg 2.8 turns)  [m1:100%(2) m4:100%(2)]
  arena 17:   67% ±27  (n=3, avg 6.3 turns)  [m3:100%(1) m5:50%(2)]
  arena 24:   67% ±27  (n=3, avg 3.7 turns)  [m3:100%(1) m4:50%(2)]
  arena 28:   75% ±22  (n=4, avg 7.3 turns)  [m5:100%(2) m6:50%(2)]
  arena 31:  100% ±0  (n=4, avg 3.5 turns)  [m1:100%(2) m5:100%(2)]
  arena 32:   90% ±9  (n=10, avg 5.5 turns)  [m1:100%(4) m2:67%(3) m3:100%(1) m4:100%(2)]
  arena 34:  100% ±0  (n=6, avg 5.5 turns)  [m1:100%(2) m4:100%(4)]
  procedural:   94% ±5  (n=18, avg 4.6 turns)  [m1:100%(4) m2:50%(2) m3:100%(5) m4:100%(2) m5:100%(1) m6:100%(4)]

DEPLOYMENT GEOMETRY (opening shape; choices/ARMED is the wave's real gate):
  FRONTAL   :   92% ±5  (n=25, avg 5.0 turns)  choices/turn 3.87  choices/ARMED 2.27  los-targets/ARMED 2.57
  PINCER    :   78% ±9  (n=23, avg 4.3 turns)  choices/turn 3.00  choices/ARMED 2.29  los-targets/ARMED 1.78
  CROSSFIRE :   86% ±9  (n=14, avg 4.8 turns)  choices/turn 2.71  choices/ARMED 1.73  los-targets/ARMED 3.76
  ENVELOP   :   80% ±10  (n=15, avg 6.2 turns)  choices/turn 2.92  choices/ARMED 2.02  los-targets/ARMED 1.84

ARENA FUNNEL (Mission.Build exits, n=88 builds, all modes):
  authored-applied    :  75.0%  (n=66)
  connectivity-reject :   0.0%  (n=0)
  procedural-roll     :  25.0%  (n=22)

DECK EXPOSURE (campaign runs n=20):
  distinct authored arenas/run : 2.95 mean (all runs)
  ... full-depth runs only     : 3.00 mean over 4.4 fights/run (n=8)
  Defend dealt on the route    :   65% of runs (n=13)

ACTION MIX (verbs issued, by policy):
  verb                  greedy        sloppy
  MOVE               710   44%     460   44%
  SHOOT              399   25%     276   26%
  HUNKER             106    7%      32    3%
  RELOAD              49    3%      44    4%
  BRACE               54    3%      33    3%
  INTEL               41    3%      31    3%
  OVERWATCH           47    3%      16    2%
  STABILIZE           31    2%      29    3%
  FOCUS               32    2%      23    2%
  SLIPSTREAM          28    2%      19    2%
  MARK                24    1%      12    1%
  ITEM:SMOKE          18    1%      14    1%
  PIN                 21    1%      11    1%
  PLANT                9    1%       9    1%
  GRENADE              6    0%       8    1%
  BEACON               8    0%       5    0%
  REARM                7    0%       5    0%
  PATCH                6    0%       5    0%
  GRAPPLE              4    0%       6    1%
  EXTRACT              5    0%       3    0%
  HACK                 4    0%       2    0%
  BARREL               3    0%       0    0%
  DRAG                 1    0%       2    0%

PLAYER CLASS PERFORMANCE:
  class        shots   hit%   dmg   kills
  SHARPSHOOTER    156    91%   1022     61
  GUNNER         218    84%    956     54
  RANGER         134    86%    847     62
  ASSAULT        145    88%    595     38
  CORPSMAN        30    73%     84      4

SOLDIER DEATHS BY ENEMY CLASS (threat ranking):
  ELITE      : 10
  DRONE      : 10
  SHIELD     : 9
  BRUISER    : 9
  STRIKE     : 8
  GRUNT      : 7
  BERSERKER  : 7
  SAPPER     : 6
  SCOUT      : 3
  HUNTER     : 3
  BURN       : 3
  SPOTTER    : 2
  TURRET     : 2
  LANCER     : 2
  SCREENER   : 2
  CUSTODIAN  : 2
  PIKEMAN    : 2
  WARBRINGER : 1
  STRIKER    : 1
  HOUND      : 1

SOLDIER DOWNS (FUL-7 bleed-out): 190 downs -> revived 6 / recovered 41 / bled out 122 / finished 21  (save-rate   25%)
  corpsman fielded in 25 missions

ENEMY COMPOSITION (spawns; faction-stamped fights n=509 / default-cascade fights n=191):
  class        faction         default
  SCOUT           28    6%       57   30%
  GRUNT           51   10%       30   16%
  DRONE           57   11%       10    5%
  SHIELD          45    9%        6    3%
  ELITE           40    8%        6    3%
  HUNTER          28    6%        7    4%
  SAPPER          24    5%        7    4%
  MEDIC           24    5%        6    3%
  LANCER          24    5%        6    3%
  BERSERKER       23    5%        6    3%
  SPOTTER         26    5%        2    1%
  BRUISER         23    5%        5    3%
  TURRET          21    4%        4    2%
  SCREENER        20    4%        4    2%
  HOUND           12    2%       11    6%
  STRIKER         12    2%        7    4%
  WARBRINGER      11    2%        4    2%
  MORTAR          11    2%        4    2%
  PIKEMAN         10    2%        1    1%
  SNIPER           7    1%        4    2%
  CUSTODIAN        8    2%        2    1%
  BOMBARD          4    1%        2    1%

PERK PICK FREQUENCY:
  MOM           : 20
  CQB           : 16
  SKR           : 14
  GUN           : 11
  OUT           : 11
  EXC           : 10
  LCK           : 10
  HRD           : 8
  RFX           : 8
  TNK           : 7
  GRD           : 6
  BRK           : 6
  PLT           : 5
  FST           : 5
  VNT           : 5
  BND           : 4
  CLH           : 4
  MRK           : 3
  SGE           : 1

SHOP PURCHASE FREQUENCY:
  FIELD MEDKIT      : 56
  WPN: SCOPE        : 46
  WPN: HOLLOW POINT : 31
  WPN: EXTENDED MAG : 20
  ADV. TRAINING     : 18
  WPN: STABILIZER   : 18
  COMBAT STIMS      : 15
  COUNTER-PREP      : 13
  BALLISTIC PLATING : 13
  ARMORY            : 12
  WPN: SUPPRESSOR   : 10
  FRAG CACHE        : 8
  WPN: BIPOD        : 7

BOON PICK FREQUENCY (PROCS = effect fires at instrumented sites; '-' = not instrumented;
                      PYR counts the +2-turn-burn half only — the Burning-immunity half is uninstrumented):
  code                 picks   PROCS
  RPD               :     6       -
  FRT               :     5       -
  FST               :     5      67
  FVR               :     5       -
  ADR               :     4       -
  PYR               :     4       2
  VNM               :     4       -
  FDR               :     3       2
  GRN               :     3       -
  MRK               :     3       -
  SCV               :     3       -
  SHK               :     3       0
  TRR               :     3      13
  EXE               :     2       -
  GHO               :     2       -
  RCL               :     2       0

RUN WIN-RATE BY BOON (campaign runs holding it):
  RPD               :   50% ±20  (in 6 runs)
  FRT               :   40% ±22  (in 5 runs)
  FST               :   20% ±18  (in 5 runs)
  FVR               :   80% ±18  (in 5 runs)
  ADR               :  100% ±0  (in 4 runs)
  PYR               :   50% ±25  (in 4 runs)
  VNM               :   50% ±25  (in 4 runs)
  FDR               :    0% ±0  (in 3 runs)
  GRN               :   33% ±27  (in 3 runs)
  MRK               :    0% ±0  (in 3 runs)
  SCV               :   67% ±27  (in 3 runs)
  SHK               :   67% ±27  (in 3 runs)
  TRR               :    0% ±0  (in 3 runs)
  EXE               :  100% ±0  (in 2 runs)
  GHO               :    0% ±0  (in 2 runs)
  RCL               :  100% ±0  (in 2 runs)

RUN WIN-RATE BY SPEC (campaign runs fielding it):
  HHT               :   50% ±25  (in 4 runs)
  ADN               :  100% ±0  (in 3 runs)
  ANC               :   67% ±27  (in 3 runs)
  PHN               :   67% ±27  (in 3 runs)
  PTH               :   33% ±27  (in 3 runs)
  SNT               :   33% ±27  (in 3 runs)
  BRC               :    0% ±0  (in 1 runs)
  JUG               :    0% ±0  (in 1 runs)

RUN WIN-RATE BY PERK (campaign runs holding it):
  MOM               :   46% ±14  (in 13 runs)
  CQB               :   27% ±13  (in 11 runs)
  GUN               :   33% ±16  (in 9 runs)
  OUT               :   56% ±17  (in 9 runs)
  RFX               :   25% ±15  (in 8 runs)
  SKR               :   25% ±15  (in 8 runs)
  EXC               :   29% ±17  (in 7 runs)
  HRD               :   57% ±19  (in 7 runs)
  LCK               :   71% ±17  (in 7 runs)
  BRK               :   17% ±15  (in 6 runs)
  FST               :   60% ±22  (in 5 runs)
  GRD               :   40% ±22  (in 5 runs)
  PLT               :   40% ±22  (in 5 runs)
  TNK               :   60% ±22  (in 5 runs)
  BND               :   25% ±22  (in 4 runs)
  CLH               :   25% ±22  (in 4 runs)
  VNT               :   75% ±22  (in 4 runs)
  MRK               :  100% ±0  (in 3 runs)
  SGE               :  100% ±0  (in 1 runs)

RUN WIN-RATE BY PURCHASE (campaign runs buying it):
  FIELD MEDKIT      :   47% ±12  (in 17 runs)
  WPN: HOLLOW POINT :   50% ±13  (in 14 runs)
  WPN: STABILIZER   :   54% ±14  (in 13 runs)
  WPN: SCOPE        :   42% ±14  (in 12 runs)
  WPN: EXTENDED MAG :   36% ±15  (in 11 runs)
  COUNTER-PREP      :   30% ±14  (in 10 runs)
  ARMORY            :   67% ±16  (in 9 runs)
  ADV. TRAINING     :   38% ±17  (in 8 runs)
  COMBAT STIMS      :   50% ±18  (in 8 runs)
  WPN: SUPPRESSOR   :   63% ±17  (in 8 runs)
  BALLISTIC PLATING :   67% ±19  (in 6 runs)
  FRAG CACHE        :   40% ±22  (in 5 runs)
  WPN: BIPOD        :   25% ±22  (in 4 runs)

RUN WIN-RATE BY EVENT-CHOICE (campaign runs taking id:arm):
  grave:1           :   50% ±25  (in 4 runs)
  warpension:2      :   25% ±22  (in 4 runs)
  profiteer:0       :   67% ±27  (in 3 runs)
  depot:0           :   50% ±35  (in 2 runs)
  depot:1           :   50% ±35  (in 2 runs)
  fieldhospital:2   :    0% ±0  (in 2 runs)
  medic:1           :   50% ±35  (in 2 runs)
  quartermaster:2   :   50% ±35  (in 2 runs)
  blackmarket:2     :  100% ±0  (in 1 runs)
  bloodfeud:0       :  100% ±0  (in 1 runs)
  relic:1           :  100% ±0  (in 1 runs)
  reservecall:1     :  100% ±0  (in 1 runs)
═══════════════════════════════════════════════════════════════════════

batch wall-time: 3.8s  (20 matches across 10 campaigns × 2 policy, frame-cap hits: 0)
aggregate JSON -> /home/user/SIGHTLINE/docs/measurements/l3/L3-h2-b50.json
INFO: TEXTURE: [ID 2] Unloaded texture data from VRAM (GPU)
INFO: SHADER: [ID 3] Default shader unloaded successfully
INFO: TEXTURE: [ID 1] Default texture unloaded successfully
INFO: Window closed successfully
