INFO: Initializing raylib 6.0
INFO: Platform backend: DESKTOP (GLFW)
INFO: Supported raylib modules:
INFO:     > rcore:..... loaded (mandatory)
INFO:     > rlgl:...... loaded (mandatory)
INFO:     > rshapes:... loaded (optional)
INFO:     > rtextures:. loaded (optional)
INFO:     > rtext:..... loaded (optional)
INFO:     > rmodels:... loaded (optional)
INFO:     > raudio:.... loaded (optional)
INFO: DISPLAY: Trying to enable MSAA x4
INFO: DISPLAY: Device initialized successfully 
INFO:     > Display size: 1280 x 800
INFO:     > Screen size:  1280 x 800
INFO:     > Render size:  1280 x 800
INFO:     > Viewport offsets: 0, 0
INFO: GLAD: OpenGL extensions loaded successfully
INFO: GL: Supported extensions count: 229
INFO: GL: OpenGL device information:
INFO:     > Vendor:   Mesa
INFO:     > Renderer: llvmpipe (LLVM 20.1.2, 256 bits)
INFO:     > Version:  4.5 (Core Profile) Mesa 25.2.8-0ubuntu0.24.04.2
INFO:     > GLSL:     4.50
INFO: GL: VAO extension detected, VAO functions loaded successfully
INFO: GL: NPOT textures extension detected, full NPOT textures supported
INFO: GL: DXT compressed textures supported
INFO: GL: ETC2/EAC compressed textures supported
INFO: PLATFORM: DESKTOP (GLFW - X11): Initialized successfully
INFO: TEXTURE: [ID 1] Texture loaded successfully (1x1 | R8G8B8A8 | 1 mipmaps)
INFO: TEXTURE: [ID 1] Default texture loaded successfully
INFO: SHADER: [ID 1] Vertex shader compiled successfully
INFO: SHADER: [ID 2] Fragment shader compiled successfully
INFO: SHADER: [ID 3] Program shader loaded successfully
INFO: SHADER: [ID 3] Default shader loaded successfully
INFO: RLGL: Render batch vertex buffers loaded successfully in RAM (CPU)
INFO: RLGL: Render batch vertex buffers loaded successfully in VRAM (GPU)
INFO: RLGL: Default OpenGL state initialized successfully
INFO: TEXTURE: [ID 2] Texture loaded successfully (128x128 | GRAY_ALPHA | 1 mipmaps)
INFO: FONT: Default font loaded successfully (224 glyphs)
INFO: SYSTEM: Working Directory: /home/user/SIGHTLINE
INFO: TIMER: Target time per frame: 0.000 milliseconds
FINALE-KIT: Syndicate
WAVE: +2 (SAPPER,DRONE) [rich]
WAVE: +2 (SAPPER,SHIELD) [rich]
WAVE: +2 (SAPPER,SAPPER) [rich]
WAVE: +2 (SPOTTER,SAPPER) [rich]
WAVE: +2 (DRONE,DRONE) [rich]
WAVE: +2 (GRUNT,SHIELD) [rich]
FINALE-KIT: Syndicate
WAVE: +2 (DRONE,SAPPER) [rich]
WAVE: +2 (SCREENER,DRONE) [rich]
WAVE: +2 (SCREENER,SHIELD) [rich]
WAVE: +2 (DRONE,DRONE) [rich]
WAVE: +2 (DRONE,DRONE) [rich]
FINALE-KIT: Wardens
WAVE: +2 (PIKEMAN,LANCER) [rich]
WAVE: +2 (SNIPER,SAPPER) [rich]
WAVE: +2 (DRONE,LANCER) [rich]
REINFORCEMENTS: +2 (GRUNT,SCOUT)
FINALE-KIT: Wardens
WAVE: +2 (SAPPER,MORTAR) [rich]
WAVE: +2 (PIKEMAN,PIKEMAN) [rich]
WAVE: +2 (SPOTTER,PIKEMAN) [rich]
REINFORCEMENTS: +2 (SCOUT,GRUNT)
REINFORCEMENTS: +2 (SCOUT,GRUNT)
FINALE-KIT: Syndicate
WAVE: +3 (MEDIC,HOUND,BRUISER) [rich]
WAVE: +3 (SAPPER,HUNTER,SPOTTER) [rich]
WAVE: +1 (SCREENER) [rich]
REINFORCEMENTS: +2 (SCOUT,SCOUT)
match 5/20  (W:0 L:5 cap:0)  1.4s
FINALE-KIT: Syndicate
REINFORCEMENTS: +2 (SCOUT,GRUNT)
REINFORCEMENTS: +2 (SCOUT,GRUNT)
REINFORCEMENTS: +3 (GRUNT,SCOUT,GRUNT)
FINALE-KIT: Legion
WAVE: +2 (DRONE,DRONE) [rich]
WAVE: +2 (SAPPER,SAPPER) [rich]
WAVE: +2 (SAPPER,CUSTODIAN) [rich]
WAVE: +2 (SCREENER,CUSTODIAN) [rich]
WAVE: +2 (SPOTTER,CUSTODIAN) [rich]
FINALE-KIT: Legion
WAVE: +2 (SCREENER,DRONE) [rich]
WAVE: +2 (SAPPER,SCREENER) [rich]
WAVE: +2 (DRONE,SAPPER) [rich]
WAVE: +2 (SAPPER,SPOTTER) [rich]
FINALE-KIT: Wardens
REINFORCEMENTS: +2 (SCOUT,SCOUT)
FINALE-KIT: Wardens
REINFORCEMENTS: +2 (SCOUT,GRUNT)
REINFORCEMENTS: +2 (SCOUT,SCOUT)
REINFORCEMENTS: +3 (GRUNT,SCOUT,GRUNT)
REINFORCEMENTS: +2 (SCOUT,SCOUT)
match 10/20  (W:0 L:10 cap:0)  2.4s
FINALE-KIT: Wardens
REINFORCEMENTS: +2 (GRUNT,GRUNT)
FINALE-KIT: Wardens
REINFORCEMENTS: +2 (GRUNT,GRUNT)
FINALE-KIT: Legion
REINFORCEMENTS: +2 (GRUNT,SCOUT)
REINFORCEMENTS: +2 (SCOUT,SCOUT)
REINFORCEMENTS: +3 (SCOUT,SCOUT,GRUNT)
FINALE-KIT: Legion
REINFORCEMENTS: +2 (GRUNT,SCOUT)
REINFORCEMENTS: +2 (SCOUT,SCOUT)
REINFORCEMENTS: +3 (GRUNT,GRUNT,SCOUT)
FINALE-KIT: Syndicate
WAVE: +2 (MORTAR,MORTAR) [rich]
WAVE: +2 (HOUND,HOUND) [rich]
WAVE: +2 (GRUNT,SNIPER) [rich]
match 15/20  (W:1 L:14 cap:0)  2.9s
FINALE-KIT: Syndicate
WAVE: +2 (LANCER,SAPPER) [rich]
WAVE: +2 (WARBRINGER,SPOTTER) [rich]
WAVE: +2 (STRIKER,MEDIC) [rich]
FINALE-KIT: Syndicate
REINFORCEMENTS: +2 (GRUNT,GRUNT)
FINALE-KIT: Syndicate
REINFORCEMENTS: +2 (SCOUT,GRUNT)
REINFORCEMENTS: +2 (SCOUT,GRUNT)
REINFORCEMENTS: +2 (SCOUT,SCOUT)
FINALE-KIT: Syndicate
WAVE: +2 (BRUISER,BRUISER) [rich]
WAVE: +2 (BRUISER,STRIKER) [rich]
WAVE: +2 (HOUND,BRUISER) [rich]
WAVE: +2 (LANCER,BERSERKER) [rich]
WAVE: +2 (LANCER,SNIPER) [rich]
WAVE: +2 (HUNTER,LANCER) [rich]
WAVE: +2 (BERSERKER,SCREENER) [rich]
WAVE: +2 (LANCER,SPOTTER) [rich]
WAVE: +2 (HUNTER,BERSERKER) [rich]
REINFORCEMENTS: +2 (SCOUT,GRUNT)
REINFORCEMENTS: +2 (SCOUT,GRUNT)
FINALE-KIT: Syndicate
WAVE: +2 (HOUND,HUNTER) [rich]
WAVE: +2 (BRUISER,HUNTER) [rich]
WAVE: +2 (HOUND,BRUISER) [rich]
WAVE: +2 (STRIKER,SNIPER) [rich]
WAVE: +2 (BERSERKER,HOUND) [rich]
WAVE: +2 (SAPPER,SAPPER) [rich]
WAVE: +2 (SNIPER,SNIPER) [rich]
REINFORCEMENTS: +2 (GRUNT,GRUNT)
REINFORCEMENTS: +2 (GRUNT,SCOUT)
match 20/20  (W:2 L:18 cap:0)  3.3s

══════════════════════ SIGHTLINE BALANCE REPORT ══════════════════════
runs=20  missions=65

RUN OUTCOMES (campaign):  win-rate   10%   avg missions cleared 3.4

POLICY GAP (optimal vs human-error; campaign runs only):
  greedy win-rate   10%  (n=10)
  sloppy win-rate   10%  (n=10)
  GAP    0 pts  (healthy slack)
  PAIRED (same-seed slots): pairs=10  concordant=10  discordant greedy-only-won=0 / sloppy-only-won=0  paired gap    0 pts
  PER-SLOT RECORDS (greedy | sloppy: outcome + missions cleared; margin = g−s):
    slot  40 @h4: L 2 | L 2   margin +0
    slot  41 @h4: L 5 | L 5   margin +0
    slot  42 @h4: L 5 | L 0   margin +5
    slot  43 @h4: L 4 | L 2   margin +2
    slot  44 @h4: L 5 | L 3   margin +2
    slot  45 @h4: L 4 | L 4   margin +0
    slot  46 @h4: L 0 | L 0   margin +0
    slot  47 @h4: W 6 | W 6   margin +0
    slot  48 @h4: L 2 | L 2   margin +0
    slot  49 @h4: L 5 | L 5   margin +0
  PAIRED MARGIN (missions cleared, all pairs): +0.90 ±0.53 SE  (n=10 pairs)
  by objective (greedy / sloppy / gap):
    Decapitate :   14% /   20% / gap   -6
    Defend     :   86% /   67% / gap   19
    Eliminate  :   85% /   73% / gap   12
    Escort     :  100% /  100% / gap    0
    Rescue     :  100% /  100% / gap    0
    Sabotage   :  100% /  100% / gap    0

DECISION RICHNESS / SWING:
  meaningful-choices/turn 3.54   lead-swings/match 0.8   avg max-swing 44.4
  [shot-gate] acting-soldiers/turn 3.20   armed-soldiers/turn 1.42   armed-fraction 44%   turns-with-a-shot 60%   choices/ARMED-soldier-turn 2.49
  [choice-split] los-targets/ARMED 2.76   target-choices/ARMED 0.63   position-choices/ARMED 1.86

RUN COMPLETION BY HEAT (full-campaign clears):
  heat 4:   10% ±7  (n=20 runs, avg 3.4 missions)

INTEL ECONOMY BY HEAT (campaign runs; heat-bonus = the Heat.IntelBonus share of income):
  heat 4: earned  159.3/run   heat-bonus  45.7 (  29% of income)   spent  137.6   unspent   21.7

MISSION WIN-RATE BY HEAT:
  heat 4:   74%  (n=61, avg 6.1 turns)
  heat 5:   50% ±25  (n=4, avg 5.5 turns)

MISSION WIN-RATE BY OBJECTIVE:
  Eliminate  :   79% ±8  (n=24, avg 5.5 turns)
  Defend     :   77% ±12  (n=13, avg 8.8 turns)
  Decapitate :   17% ±11  (n=12, avg 6.8 turns)
  Escort     :  100% ±0  (n=8, avg 4.6 turns)
  Rescue     :  100% ±0  (n=5, avg 3.4 turns)
  Sabotage   :  100% ±0  (n=2, avg 4.5 turns)
  Evac       :  100% ±0  (n=1, avg 3.0 turns)

MISSION WIN-RATE BY OBJECTIVE x NODE KIND (a capstone must never pool with a mid-run node):
  Eliminate  : Start:  85%(n=20)  Combat:  33%(n=3)  Supply: 100%(n=1)
               depth: m1:85%(20) m4:67%(3) m5:0%(1)
  Defend     : Supply: 100%(n=9)  Combat:   0%(n=2)  Elite:  50%(n=2)
               depth: m2:100%(2) m3:70%(10) m4:100%(1)
  Decapitate : Boss:  25%(n=8)  Combat:   0%(n=2)  Supply:   0%(n=2)
               depth: m3:0%(2) m5:0%(2) m6:25%(8)
  Escort     : Combat: 100%(n=6)  Elite: 100%(n=2)
               depth: m4:100%(6) m5:100%(2)
  Rescue     : Supply: 100%(n=5)
               depth: m2:100%(1) m3:100%(2) m4:100%(2)
  Sabotage   : Combat: 100%(n=2)
               depth: m2:100%(2)
  Evac       : Combat: 100%(n=1)
               depth: m3:100%(1)

DECAPITATE HVT (buff = +6+1*mission HP, +6 aim; ELITE exempt):
  EXEMPT  :   17% ±11  (n=12, avg 6.8 turns, HVT 22.8 max HP)  [m3:0%(2) m5:0%(2) m6:25%(8)]

MISSION WIN-RATE BY MISSION #:
  m1:   85% ±8  (n=20)
  m2:  100% ±0  (n=5)
  m3:   67% ±12  (n=15)
  m4:   92% ±8  (n=12)
  m5:   40% ±22  (n=5)
  m6:   25% ±15  (n=8)

LOSS CAUSES (missions):
  RUN OVER              : 18

MISSION WIN-RATE BY ARENA (authored layouts, n>=3; procedural fallback   22% of 65 missions):
  arena  8:  100% ±0  (n=3, avg 4.3 turns)  [m4:100%(3)]
  arena 24:   67% ±27  (n=3, avg 7.7 turns)  [m3:100%(1) m4:50%(2)]
  arena 27:   33% ±19  (n=6, avg 6.3 turns)  [m1:100%(2) m3:0%(2) m5:0%(2)]
  arena 28:   25% ±22  (n=4, avg 8.3 turns)  [m1:50%(2) m3:0%(2)]
  arena 29:  100% ±0  (n=3, avg 3.0 turns)  [m1:100%(2) m5:100%(1)]
  arena 30:    0% ±0  (n=3, avg 9.3 turns)  [m3:0%(1) m6:0%(2)]
  arena 33:  100% ±0  (n=4, avg 3.5 turns)  [m1:100%(2) m6:100%(2)]
  arena 34:  100% ±0  (n=4, avg 3.8 turns)  [m1:100%(4)]
  procedural:   79% ±11  (n=14, avg 7.7 turns)  [m1:50%(4) m2:100%(2) m3:100%(2) m4:100%(5) m5:0%(1)]

DEPLOYMENT GEOMETRY (opening shape; choices/ARMED is the wave's real gate):
  FRONTAL   :   67% ±10  (n=21, avg 7.1 turns)  choices/turn 4.26  choices/ARMED 2.95  los-targets/ARMED 3.21
  PINCER    :   71% ±10  (n=21, avg 5.3 turns)  choices/turn 3.60  choices/ARMED 2.34  los-targets/ARMED 3.09
  CROSSFIRE :   60% ±15  (n=10, avg 5.6 turns)  choices/turn 2.08  choices/ARMED 1.82  los-targets/ARMED 1.77
  ENVELOP   :   92% ±7  (n=13, avg 5.9 turns)  choices/turn 3.01  choices/ARMED 2.15  los-targets/ARMED 1.84

ARENA FUNNEL (Mission.Build exits, n=80 builds, all modes):
  authored-applied    :  78.8%  (n=63)
  connectivity-reject :   0.0%  (n=0)
  procedural-roll     :  21.3%  (n=17)

DECK EXPOSURE (campaign runs n=20):
  distinct authored arenas/run : 2.55 mean (all runs)
  ... full-depth runs only     : 3.50 mean over 4.0 fights/run (n=2)
  Defend dealt on the route    :   55% of runs (n=11)

ACTION MIX (verbs issued, by policy):
  verb                  greedy        sloppy
  MOVE               568   44%     574   49%
  SHOOT              283   22%     232   20%
  HUNKER              83    6%      74    6%
  OVERWATCH           51    4%      24    2%
  BRACE               45    3%      26    2%
  RELOAD              38    3%      30    3%
  INTEL               35    3%      31    3%
  STABILIZE           29    2%      37    3%
  FOCUS               34    3%      31    3%
  SLIPSTREAM          27    2%      21    2%
  ITEM:SMOKE          18    1%      17    1%
  MARK                20    2%      15    1%
  PIN                 14    1%      16    1%
  PATCH                9    1%       5    0%
  GRENADE              6    0%       8    1%
  GRAPPLE              7    1%       5    0%
  REARM                6    0%       6    1%
  EXTRACT              7    1%       4    0%
  BEACON               4    0%       3    0%
  PLANT                3    0%       3    0%
  BARREL               2    0%       1    0%
  ITEM:BARRICADE       1    0%       0    0%
  ITEM:INCENDIARY       0    0%       1    0%
  ITEM:FLASH           0    0%       1    0%

PLAYER CLASS PERFORMANCE:
  class        shots   hit%   dmg   kills
  SHARPSHOOTER    122    91%    796     55
  RANGER         111    86%    666     52
  GUNNER         131    86%    574     44
  ASSAULT        114    82%    474     27
  CORPSMAN        60    85%    186      8

SOLDIER DEATHS BY ENEMY CLASS (threat ranking):
  ELITE      : 19
  SCOUT      : 10
  BRUISER    : 9
  SHIELD     : 8
  DRONE      : 7
  BURN       : 7
  SCREENER   : 6
  GRUNT      : 6
  TURRET     : 5
  SAPPER     : 5
  LANCER     : 4
  STRIKE     : 3
  SNIPER     : 3
  SPOTTER    : 2
  MEDIC      : 2
  PIKEMAN    : 2
  BARREL     : 2
  STRIKER    : 2
  HOUND      : 2
  MORTAR     : 1
  WARBRINGER : 1
  CUSTODIAN  : 1

SOLDIER DOWNS (FUL-7 bleed-out): 211 downs -> revived 9 / recovered 31 / bled out 148 / finished 23  (save-rate   19%)
  corpsman fielded in 26 missions

ENEMY COMPOSITION (spawns; faction-stamped fights n=408 / default-cascade fights n=297):
  class        faction         default
  SCOUT           22    5%       67   23%
  GRUNT           32    8%       52   18%
  DRONE           43   11%       15    5%
  SAPPER          32    8%       18    6%
  ELITE           28    7%       14    5%
  SCREENER        34    8%        5    2%
  HOUND           21    5%       14    5%
  SHIELD          32    8%        0    0%
  HUNTER          22    5%        9    3%
  TURRET          20    5%        9    3%
  LANCER          17    4%       11    4%
  SNIPER          12    3%       15    5%
  STRIKER         14    3%       10    3%
  BRUISER         13    3%        9    3%
  BERSERKER       14    3%        7    2%
  SPOTTER          7    2%       13    4%
  MEDIC           15    4%        4    1%
  MORTAR           9    2%       10    3%
  CUSTODIAN       11    3%        3    1%
  PIKEMAN          1    0%       10    3%
  WARBRINGER       7    2%        1    0%
  BOMBARD          2    0%        1    0%

PERK PICK FREQUENCY:
  LCK           : 14
  OUT           : 11
  MRK           : 10
  MOM           : 9
  TNK           : 8
  FST           : 7
  CQB           : 7
  GUN           : 7
  GRD           : 6
  EXC           : 6
  BRK           : 6
  RFX           : 6
  SKR           : 6
  HRD           : 5
  CLH           : 4
  BND           : 4
  PLT           : 4
  VNT           : 2
  SGE           : 1

SHOP PURCHASE FREQUENCY:
  WPN: SCOPE        : 41
  FIELD MEDKIT      : 38
  WPN: HOLLOW POINT : 27
  WPN: BIPOD        : 24
  WPN: EXTENDED MAG : 22
  COMBAT STIMS      : 17
  WPN: STABILIZER   : 16
  BALLISTIC PLATING : 14
  WPN: SUPPRESSOR   : 13
  ADV. TRAINING     : 13
  FRAG CACHE        : 13
  ARMORY            : 12
  COUNTER-PREP      : 10

BOON PICK FREQUENCY (PROCS = effect fires at instrumented sites; '-' = not instrumented;
                      PYR counts the +2-turn-burn half only — the Burning-immunity half is uninstrumented):
  code                 picks   PROCS
  EXE               :     5       -
  FDR               :     5       0
  TRR               :     5       8
  FRT               :     4       -
  ADR               :     3       -
  GHO               :     3       -
  GRN               :     3       -
  PYR               :     3       1
  RCL               :     3       1
  VNM               :     3       -
  FVR               :     2       -
  RPD               :     2       -
  SCV               :     2       -
  SHK               :     2       3

RUN WIN-RATE BY BOON (campaign runs holding it):
  EXE               :    0% ±0  (in 5 runs)
  FDR               :    0% ±0  (in 5 runs)
  TRR               :    0% ±0  (in 5 runs)
  FRT               :   50% ±25  (in 4 runs)
  ADR               :   67% ±27  (in 3 runs)
  GHO               :    0% ±0  (in 3 runs)
  GRN               :    0% ±0  (in 3 runs)
  PYR               :   33% ±27  (in 3 runs)
  RCL               :   33% ±27  (in 3 runs)
  VNM               :    0% ±0  (in 3 runs)
  FVR               :    0% ±0  (in 2 runs)
  RPD               :    0% ±0  (in 2 runs)
  SCV               :    0% ±0  (in 2 runs)
  SHK               :    0% ±0  (in 2 runs)

RUN WIN-RATE BY SPEC (campaign runs fielding it):
  ADN               :   25% ±22  (in 4 runs)
  PTH               :    0% ±0  (in 4 runs)
  SNT               :   50% ±25  (in 4 runs)
  HHT               :    0% ±0  (in 3 runs)
  PHN               :   33% ±27  (in 3 runs)
  ANC               :   50% ±35  (in 2 runs)
  BRC               :    0% ±0  (in 2 runs)
  JUG               :    0% ±0  (in 2 runs)
  MED               :    0% ±0  (in 1 runs)
  SRG               :  100% ±0  (in 1 runs)

RUN WIN-RATE BY PERK (campaign runs holding it):
  LCK               :    9% ±9  (in 11 runs)
  OUT               :   20% ±13  (in 10 runs)
  MOM               :   14% ±13  (in 7 runs)
  MRK               :   29% ±17  (in 7 runs)
  TNK               :   29% ±17  (in 7 runs)
  GRD               :    0% ±0  (in 6 runs)
  GUN               :    0% ±0  (in 6 runs)
  RFX               :   17% ±15  (in 6 runs)
  EXC               :    0% ±0  (in 5 runs)
  FST               :    0% ±0  (in 5 runs)
  SKR               :    0% ±0  (in 5 runs)
  BRK               :    0% ±0  (in 4 runs)
  CQB               :    0% ±0  (in 4 runs)
  PLT               :   50% ±25  (in 4 runs)
  BND               :    0% ±0  (in 3 runs)
  CLH               :    0% ±0  (in 3 runs)
  HRD               :    0% ±0  (in 3 runs)
  VNT               :    0% ±0  (in 2 runs)
  SGE               :    0% ±0  (in 1 runs)

RUN WIN-RATE BY PURCHASE (campaign runs buying it):
  FIELD MEDKIT      :   13% ±9  (in 15 runs)
  WPN: BIPOD        :    9% ±9  (in 11 runs)
  WPN: SCOPE        :    0% ±0  (in 11 runs)
  ARMORY            :   10% ±9  (in 10 runs)
  WPN: HOLLOW POINT :   20% ±13  (in 10 runs)
  WPN: SUPPRESSOR   :   11% ±10  (in 9 runs)
  WPN: EXTENDED MAG :    0% ±0  (in 8 runs)
  COMBAT STIMS      :    0% ±0  (in 7 runs)
  FRAG CACHE        :    0% ±0  (in 7 runs)
  ADV. TRAINING     :   17% ±15  (in 6 runs)
  BALLISTIC PLATING :   33% ±19  (in 6 runs)
  WPN: STABILIZER   :   33% ±19  (in 6 runs)
  COUNTER-PREP      :    0% ±0  (in 5 runs)

RUN WIN-RATE BY EVENT-CHOICE (campaign runs taking id:arm):
  quartermaster:1   :    0% ±0  (in 4 runs)
  blackmarket:2     :    0% ±0  (in 2 runs)
  bloodfeud:2       :    0% ±0  (in 2 runs)
  cache:1           :  100% ±0  (in 2 runs)
  defector:0        :  100% ±0  (in 2 runs)
  drill:0           :    0% ±0  (in 2 runs)
  informant:1       :    0% ±0  (in 2 runs)
  reservecall:0     :    0% ±0  (in 2 runs)
  warchest:1        :    0% ±0  (in 2 runs)
═══════════════════════════════════════════════════════════════════════

batch wall-time: 3.3s  (20 matches across 10 campaigns × 2 policy, frame-cap hits: 0)
aggregate JSON -> /home/user/SIGHTLINE/docs/measurements/l3/L3-h4-b40.json
INFO: TEXTURE: [ID 2] Unloaded texture data from VRAM (GPU)
INFO: SHADER: [ID 3] Default shader unloaded successfully
INFO: TEXTURE: [ID 1] Default texture unloaded successfully
INFO: Window closed successfully
