INFO: Initializing raylib 6.0
INFO: Platform backend: DESKTOP (GLFW)
INFO: Supported raylib modules:
INFO:     > rcore:..... loaded (mandatory)
INFO:     > rlgl:...... loaded (mandatory)
INFO:     > rshapes:... loaded (optional)
INFO:     > rtextures:. loaded (optional)
INFO:     > rtext:..... loaded (optional)
INFO:     > rmodels:... loaded (optional)
INFO:     > raudio:.... loaded (optional)
INFO: DISPLAY: Trying to enable MSAA x4
INFO: DISPLAY: Device initialized successfully 
INFO:     > Display size: 1280 x 800
INFO:     > Screen size:  1280 x 800
INFO:     > Render size:  1280 x 800
INFO:     > Viewport offsets: 0, 0
INFO: GLAD: OpenGL extensions loaded successfully
INFO: GL: Supported extensions count: 229
INFO: GL: OpenGL device information:
INFO:     > Vendor:   Mesa
INFO:     > Renderer: llvmpipe (LLVM 20.1.2, 256 bits)
INFO:     > Version:  4.5 (Core Profile) Mesa 25.2.8-0ubuntu0.24.04.2
INFO:     > GLSL:     4.50
INFO: GL: VAO extension detected, VAO functions loaded successfully
INFO: GL: NPOT textures extension detected, full NPOT textures supported
INFO: GL: DXT compressed textures supported
INFO: GL: ETC2/EAC compressed textures supported
INFO: PLATFORM: DESKTOP (GLFW - X11): Initialized successfully
INFO: TEXTURE: [ID 1] Texture loaded successfully (1x1 | R8G8B8A8 | 1 mipmaps)
INFO: TEXTURE: [ID 1] Default texture loaded successfully
INFO: SHADER: [ID 1] Vertex shader compiled successfully
INFO: SHADER: [ID 2] Fragment shader compiled successfully
INFO: SHADER: [ID 3] Program shader loaded successfully
INFO: SHADER: [ID 3] Default shader loaded successfully
INFO: RLGL: Render batch vertex buffers loaded successfully in RAM (CPU)
INFO: RLGL: Render batch vertex buffers loaded successfully in VRAM (GPU)
INFO: RLGL: Default OpenGL state initialized successfully
INFO: TEXTURE: [ID 2] Texture loaded successfully (128x128 | GRAY_ALPHA | 1 mipmaps)
INFO: FONT: Default font loaded successfully (224 glyphs)
INFO: SYSTEM: Working Directory: /home/user/SIGHTLINE
INFO: TIMER: Target time per frame: 0.000 milliseconds
FINALE-KIT: Legion
REINFORCEMENTS: +2 (GRUNT,GRUNT)
REINFORCEMENTS: +2 (GRUNT,GRUNT)
FINALE-KIT: Legion
FINALE-KIT: Wardens
WAVE: +2 (BERSERKER,SCOUT) [rich]
WAVE: +2 (BERSERKER,SCOUT) [rich]
WAVE: +2 (BERSERKER,BRUISER) [rich]
FINALE-KIT: Wardens
WAVE: +2 (BERSERKER,BERSERKER) [rich]
WAVE: +2 (BERSERKER,BERSERKER) [rich]
WAVE: +2 (HUNTER,BERSERKER) [rich]
FINALE-KIT: Wardens
WAVE: +3 (BRUISER,BRUISER,BERSERKER) [rich]
WAVE: +3 (GRUNT,SCOUT,BERSERKER) [rich]
WAVE: +3 (WARBRINGER,BERSERKER,BRUISER) [rich]
WAVE: +3 (BRUISER,BRUISER,BRUISER) [rich]
WAVE: +3 (LANCER,BRUISER,GRUNT) [rich]
WAVE: +2 (BERSERKER,STRIKER) [rich]
match 5/20  (W:4 L:1 cap:0)  1.6s
FINALE-KIT: Wardens
WAVE: +3 (HOUND,HOUND,BERSERKER) [rich]
WAVE: +3 (HUNTER,HUNTER,WARBRINGER) [rich]
FINALE-KIT: Wardens
REINFORCEMENTS: +2 (GRUNT,SCOUT)
REINFORCEMENTS: +2 (SCOUT,GRUNT)
FINALE-KIT: Wardens
WAVE: +2 (SAPPER,SCREENER) [rich]
WAVE: +2 (MEDIC,MORTAR) [rich]
WAVE: +2 (SNIPER,MEDIC) [rich]
WAVE: +2 (SPOTTER,DRONE) [rich]
WAVE: +2 (SNIPER,MEDIC) [rich]
WAVE: +2 (SNIPER,MORTAR) [rich]
FINALE-KIT: Syndicate
WAVE: +2 (HOUND,SNIPER) [rich]
WAVE: +2 (STRIKER,SPOTTER) [rich]
WAVE: +2 (SCREENER,HOUND) [rich]
FINALE-KIT: Syndicate
WAVE: +2 (SPOTTER,SPOTTER) [rich]
WAVE: +2 (BERSERKER,DRONE) [rich]
WAVE: +2 (LANCER,SAPPER) [rich]
match 10/20  (W:5 L:5 cap:0)  2.2s
FINALE-KIT: Legion
REINFORCEMENTS: +2 (GRUNT,GRUNT)
REINFORCEMENTS: +2 (GRUNT,GRUNT)
REINFORCEMENTS: +2 (SCOUT,GRUNT)
FINALE-KIT: Legion
FINALE-KIT: Legion
FINALE-KIT: Legion
FINALE-KIT: Syndicate
WAVE: +3 (SCOUT,PIKEMAN,SNIPER) [rich]
WAVE: +3 (SNIPER,PIKEMAN,GRUNT) [rich]
WAVE: +3 (MORTAR,MORTAR,MORTAR) [rich]
WAVE: +3 (SCREENER,SNIPER,PIKEMAN) [rich]
WAVE: +3 (MEDIC,PIKEMAN,PIKEMAN) [rich]
WAVE: +3 (GRUNT,SCOUT,SCOUT) [rich]
match 15/20  (W:6 L:9 cap:0)  2.5s
FINALE-KIT: Syndicate
FINALE-KIT: Syndicate
WAVE: +3 (PIKEMAN,SNIPER,SCREENER) [rich]
WAVE: +3 (MORTAR,SCOUT,MEDIC) [rich]
WAVE: +3 (SNIPER,SCREENER,CUSTODIAN) [rich]
FINALE-KIT: Syndicate
WAVE: +3 (MORTAR,MORTAR,SCREENER) [rich]
WAVE: +3 (SCREENER,SNIPER,GRUNT) [rich]
WAVE: +3 (CUSTODIAN,GRUNT,SCREENER) [rich]
FINALE-KIT: Wardens
WAVE: +3 (GRUNT,SCREENER,SPOTTER) [rich]
WAVE: +3 (SCREENER,SPOTTER,SCREENER) [rich]
WAVE: +3 (SCREENER,SAPPER,SCREENER) [rich]
WAVE: +3 (SHIELD,DRONE,SPOTTER) [rich]
WAVE: +3 (DRONE,GRUNT,SHIELD) [rich]
WAVE: +3 (SAPPER,DRONE,SHIELD) [rich]
FINALE-KIT: Wardens
WAVE: +3 (SAPPER,SCREENER,DRONE) [rich]
WAVE: +3 (DRONE,SAPPER,SAPPER) [rich]
WAVE: +3 (SAPPER,DRONE,SHIELD) [rich]
WAVE: +3 (HUNTER,BERSERKER,BRUISER) [rich]
WAVE: +3 (HUNTER,BERSERKER,GRUNT) [rich]
WAVE: +3 (BRUISER,STRIKER,HUNTER) [rich]
WAVE: +3 (BERSERKER,HUNTER,BERSERKER) [rich]
WAVE: +3 (GRUNT,BRUISER,STRIKER) [rich]
match 20/20  (W:8 L:12 cap:0)  3.0s

══════════════════════ SIGHTLINE BALANCE REPORT ══════════════════════
runs=20  missions=69

RUN OUTCOMES (campaign):  win-rate   40%   avg missions cleared 4.0

POLICY GAP (optimal vs human-error; campaign runs only):
  greedy win-rate   40%  (n=10)
  sloppy win-rate   40%  (n=10)
  GAP    0 pts  (healthy slack)
  PAIRED (same-seed slots): pairs=10  concordant=6  discordant greedy-only-won=2 / sloppy-only-won=2  paired gap    0 pts
  PER-SLOT RECORDS (greedy | sloppy: outcome + missions cleared; margin = g−s):
    slot  30 @h0: L 5 | W 6   margin -1
    slot  31 @h0: W 6 | W 6   margin +0
    slot  32 @h0: W 6 | L 4   margin +2
    slot  33 @h0: L 0 | L 2   margin -2
    slot  34 @h0: L 4 | W 6   margin -2
    slot  35 @h0: L 2 | L 3   margin -1
    slot  36 @h0: L 2 | L 2   margin +0
    slot  37 @h0: W 6 | L 1   margin +5
    slot  38 @h0: W 6 | W 6   margin +0
    slot  39 @h0: L 3 | L 4   margin -1
  PAIRED MARGIN (missions cleared, all pairs): +0.00 ±0.67 SE  (n=10 pairs)
  by objective (greedy / sloppy / gap):
    Decapitate :   57% /   83% / gap  -26
    Defend     :   83% /   57% / gap   26
    Eliminate  :   82% /  100% / gap  -18
    Escort     :  100% /   67% / gap   33
    Evac       :  100% /   50% / gap   50
    Rescue     :  100% /  100% / gap    0
    Sabotage   :  100% /  100% / gap    0

DECISION RICHNESS / SWING:
  meaningful-choices/turn 2.86   lead-swings/match 0.8   avg max-swing 39.3
  [shot-gate] acting-soldiers/turn 3.59   armed-soldiers/turn 1.23   armed-fraction 34%   turns-with-a-shot 54%   choices/ARMED-soldier-turn 2.32
  [choice-split] los-targets/ARMED 2.53   target-choices/ARMED 0.42   position-choices/ARMED 1.91

RUN COMPLETION BY HEAT (full-campaign clears):
  heat 0:   40% ±11  (n=20 runs, avg 4.0 missions)

INTEL ECONOMY BY HEAT (campaign runs; heat-bonus = the Heat.IntelBonus share of income):
  heat 0: earned  111.4/run   heat-bonus   0.5 (   0% of income)   spent   96.3   unspent   15.1

MISSION WIN-RATE BY HEAT:
  heat 0:   85%  (n=62, avg 6.5 turns)
  heat 1:   57% ±19  (n=7, avg 5.7 turns)

MISSION WIN-RATE BY OBJECTIVE:
  Eliminate  :   91% ±6  (n=22, avg 4.1 turns)
  Decapitate :   69% ±13  (n=13, avg 4.1 turns)
  Defend     :   69% ±13  (n=13, avg 8.8 turns)
  Escort     :   83% ±15  (n=6, avg 13.8 turns)
  Rescue     :  100% ±0  (n=6, avg 3.8 turns)
  Sabotage   :  100% ±0  (n=6, avg 3.5 turns)
  Evac       :   67% ±27  (n=3, avg 18.3 turns)

MISSION WIN-RATE BY OBJECTIVE x NODE KIND (a capstone must never pool with a mid-run node):
  Eliminate  : Start:  95%(n=20)  Combat:  50%(n=2)
               depth: m1:95%(20) m3:50%(2)
  Decapitate : Boss:  89%(n=9)  Combat:  25%(n=4)
               depth: m3:0%(2) m5:50%(2) m6:89%(9)
  Defend     : Combat:  75%(n=8)  Supply:  67%(n=3)  Elite:  50%(n=2)
               depth: m2:100%(2) m3:67%(3) m4:75%(4) m5:50%(4)
  Escort     : Combat:  75%(n=4)  Elite: 100%(n=2)
               depth: m2:75%(4) m4:100%(2)
  Rescue     : Combat: 100%(n=4)  Supply: 100%(n=2)
               depth: m3:100%(2) m5:100%(4)
  Sabotage   : Combat: 100%(n=4)  Supply: 100%(n=2)
               depth: m2:100%(2) m4:100%(2) m5:100%(2)
  Evac       : Elite: 100%(n=2)  Combat:   0%(n=1)
               depth: m3:100%(2) m4:0%(1)

DECAPITATE HVT (buff = +6+1*mission HP, +6 aim; ELITE exempt):
  EXEMPT  :   69% ±13  (n=13, avg 4.1 turns, HVT 23.0 max HP)  [m3:0%(2) m5:50%(2) m6:89%(9)]

MISSION WIN-RATE BY MISSION #:
  m1:   95% ±5  (n=20)
  m2:   88% ±12  (n=8)
  m3:   64% ±15  (n=11)
  m4:   78% ±14  (n=9)
  m5:   75% ±13  (n=12)
  m6:   89% ±10  (n=9)

LOSS CAUSES (missions):
  RUN OVER              : 10
  STALEMATE             : 2

MISSION WIN-RATE BY ARENA (authored layouts, n>=3; procedural fallback   16% of 69 missions):
  arena  1:   33% ±27  (n=3, avg 5.7 turns)  [m3:0%(2) m6:100%(1)]
  arena  2:  100% ±0  (n=4, avg 6.3 turns)  [m2:100%(2) m6:100%(2)]
  arena  8:   75% ±22  (n=4, avg 4.5 turns)  [m1:50%(2) m3:100%(2)]
  arena 10:   75% ±22  (n=4, avg 3.8 turns)  [m1:100%(2) m6:50%(2)]
  arena 12:  100% ±0  (n=4, avg 3.8 turns)  [m1:100%(2) m2:100%(2)]
  arena 16:  100% ±0  (n=3, avg 3.0 turns)  [m1:100%(2) m6:100%(1)]
  arena 20:   75% ±22  (n=4, avg 6.3 turns)  [m4:75%(4)]
  arena 27:   80% ±18  (n=5, avg 3.8 turns)  [m1:100%(2) m5:67%(3)]
  arena 32:   75% ±22  (n=4, avg 8.8 turns)  [m2:100%(1) m3:0%(1) m4:100%(2)]
  procedural:   82% ±12  (n=11, avg 8.8 turns)  [m1:100%(2) m2:100%(1) m3:100%(2) m4:0%(1) m5:75%(4) m6:100%(1)]

DEPLOYMENT GEOMETRY (opening shape; choices/ARMED is the wave's real gate):
  FRONTAL   :   91%  (n=32, avg 5.8 turns)  choices/turn 2.65  choices/ARMED 2.36  los-targets/ARMED 2.16
  PINCER    :   72% ±11  (n=18, avg 8.3 turns)  choices/turn 3.31  choices/ARMED 2.61  los-targets/ARMED 3.36
  CROSSFIRE :   63% ±17  (n=8, avg 5.9 turns)  choices/turn 2.37  choices/ARMED 2.00  los-targets/ARMED 2.14
  ENVELOP   :   91% ±9  (n=11, avg 5.3 turns)  choices/turn 2.75  choices/ARMED 1.80  los-targets/ARMED 1.90

ARENA FUNNEL (Mission.Build exits, n=83 builds, all modes):
  authored-applied    :  81.9%  (n=68)
  connectivity-reject :   0.0%  (n=0)
  procedural-roll     :  18.1%  (n=15)

DECK EXPOSURE (campaign runs n=20):
  distinct authored arenas/run : 2.90 mean (all runs)
  ... full-depth runs only     : 4.00 mean over 4.5 fights/run (n=8)
  Defend dealt on the route    :   60% of runs (n=12)

ACTION MIX (verbs issued, by policy):
  verb                  greedy        sloppy
  MOVE               508   41%     534   34%
  SHOOT              320   26%     286   18%
  HUNKER             114    9%     285   18%
  OVERWATCH           15    1%     118    8%
  FOCUS               21    2%      79    5%
  BRACE               50    4%      32    2%
  RELOAD              40    3%      41    3%
  INTEL               34    3%      32    2%
  STABILIZE           27    2%      34    2%
  SLIPSTREAM          21    2%      30    2%
  MARK                25    2%      14    1%
  ITEM:SMOKE          15    1%      19    1%
  PIN                 17    1%      14    1%
  PLANT                9    1%      12    1%
  GRAPPLE              6    0%       9    1%
  REARM                9    1%       3    0%
  EXTRACT              5    0%       6    0%
  BEACON               4    0%       6    0%
  PATCH                5    0%       5    0%
  GRENADE              4    0%       6    0%
  DRAG                 3    0%       2    0%
  BARREL               0    0%       1    0%
  ITEM:FLASH           0    0%       1    0%
  ITEM:INCENDIARY       0    0%       1    0%

PLAYER CLASS PERFORMANCE:
  class        shots   hit%   dmg   kills
  SHARPSHOOTER    130    89%    801     49
  GUNNER         182    78%    766     41
  RANGER         120    88%    710     51
  ASSAULT        139    90%    639     42
  CORPSMAN        37    89%    115      6

SOLDIER DEATHS BY ENEMY CLASS (threat ranking):
  ELITE      : 11
  SHIELD     : 11
  BERSERKER  : 9
  GRUNT      : 8
  BURN       : 5
  DRONE      : 5
  STRIKER    : 4
  SNIPER     : 4
  BRUISER    : 3
  STRIKE     : 3
  LANCER     : 3
  SCOUT      : 3
  SAPPER     : 3
  HUNTER     : 3
  SCREENER   : 3
  SPOTTER    : 2
  CUSTODIAN  : 2
  MORTAR     : 1
  PIKEMAN    : 1
  TURRET     : 1

SOLDIER DOWNS (FUL-7 bleed-out): 190 downs -> revived 5 / recovered 36 / bled out 132 / finished 17  (save-rate   22%)
  corpsman fielded in 20 missions

ENEMY COMPOSITION (spawns; faction-stamped fights n=451 / default-cascade fights n=149):
  class        faction         default
  GRUNT           30    7%       42   28%
  SCOUT           24    5%       48   32%
  BERSERKER       45   10%        8    5%
  ELITE           38    8%        6    4%
  BRUISER         36    8%        0    0%
  SNIPER          32    7%        4    3%
  SCREENER        31    7%        2    1%
  HUNTER          27    6%        4    3%
  SHIELD          24    5%        2    1%
  SAPPER          21    5%        4    3%
  DRONE           19    4%        6    4%
  LANCER          21    5%        3    2%
  MEDIC           16    4%        5    3%
  STRIKER         17    4%        1    1%
  MORTAR          15    3%        2    1%
  SPOTTER         11    2%        4    3%
  TURRET          11    2%        3    2%
  CUSTODIAN       11    2%        0    0%
  WARBRINGER       8    2%        2    1%
  HOUND            6    1%        2    1%
  PIKEMAN          8    2%        0    0%
  BOMBARD          0    0%        1    1%

PERK PICK FREQUENCY:
  LCK           : 20
  MOM           : 15
  SKR           : 13
  CQB           : 10
  EXC           : 10
  RFX           : 8
  BND           : 8
  GRD           : 6
  OUT           : 6
  GUN           : 6
  BRK           : 5
  FST           : 5
  HRD           : 4
  MRK           : 4
  TNK           : 4
  CLH           : 3
  PLT           : 3
  VNT           : 2
  SGE           : 1

SHOP PURCHASE FREQUENCY:
  WPN: HOLLOW POINT : 41
  FIELD MEDKIT      : 34
  WPN: SCOPE        : 22
  BALLISTIC PLATING : 17
  ARMORY            : 12
  WPN: EXTENDED MAG : 11
  WPN: STABILIZER   : 10
  FRAG CACHE        : 10
  COUNTER-PREP      : 9
  COMBAT STIMS      : 8
  WPN: BIPOD        : 5
  ADV. TRAINING     : 4
  WPN: SUPPRESSOR   : 2

BOON PICK FREQUENCY (PROCS = effect fires at instrumented sites; '-' = not instrumented;
                      PYR counts the +2-turn-burn half only — the Burning-immunity half is uninstrumented):
  code                 picks   PROCS
  ADR               :     7       -
  FVR               :     7       -
  FST               :     6      98
  PYR               :     6       0
  EXE               :     4       -
  GHO               :     3       -
  VNM               :     3       -
  FDR               :     2       0
  FRT               :     2       -
  RCL               :     2       0
  RPD               :     2       -
  SCV               :     2       -
  TRR               :     2       5
  MRK               :     1       -

RUN WIN-RATE BY BOON (campaign runs holding it):
  ADR               :   71% ±17  (in 7 runs)
  FVR               :   57% ±19  (in 7 runs)
  FST               :   50% ±20  (in 6 runs)
  PYR               :   50% ±20  (in 6 runs)
  EXE               :   50% ±25  (in 4 runs)
  GHO               :   67% ±27  (in 3 runs)
  VNM               :   33% ±27  (in 3 runs)
  FDR               :   50% ±35  (in 2 runs)
  FRT               :   50% ±35  (in 2 runs)
  RCL               :   50% ±35  (in 2 runs)
  RPD               :   50% ±35  (in 2 runs)
  SCV               :   50% ±35  (in 2 runs)
  TRR               :  100% ±0  (in 2 runs)
  MRK               :  100% ±0  (in 1 runs)

RUN WIN-RATE BY SPEC (campaign runs fielding it):
  ADN               :  100% ±0  (in 3 runs)
  JUG               :   67% ±27  (in 3 runs)
  SNT               :   67% ±27  (in 3 runs)
  ANC               :   50% ±35  (in 2 runs)
  HHT               :    0% ±0  (in 2 runs)
  PTH               :  100% ±0  (in 2 runs)
  BRC               :    0% ±0  (in 1 runs)
  PHN               :    0% ±0  (in 1 runs)

RUN WIN-RATE BY PERK (campaign runs holding it):
  LCK               :   50% ±14  (in 12 runs)
  MOM               :   55% ±15  (in 11 runs)
  SKR               :   64% ±15  (in 11 runs)
  CQB               :   56% ±17  (in 9 runs)
  EXC               :   75% ±15  (in 8 runs)
  BND               :   86% ±13  (in 7 runs)
  BRK               :   60% ±22  (in 5 runs)
  GRD               :   80% ±18  (in 5 runs)
  OUT               :   60% ±22  (in 5 runs)
  RFX               :   60% ±22  (in 5 runs)
  FST               :   50% ±25  (in 4 runs)
  GUN               :   50% ±25  (in 4 runs)
  HRD               :   50% ±25  (in 4 runs)
  MRK               :   33% ±27  (in 3 runs)
  PLT               :   67% ±27  (in 3 runs)
  TNK               :   33% ±27  (in 3 runs)
  CLH               :    0% ±0  (in 2 runs)
  VNT               :   50% ±35  (in 2 runs)
  SGE               :  100% ±0  (in 1 runs)

RUN WIN-RATE BY PURCHASE (campaign runs buying it):
  FIELD MEDKIT      :   40% ±13  (in 15 runs)
  WPN: HOLLOW POINT :   58% ±14  (in 12 runs)
  WPN: SCOPE        :   45% ±15  (in 11 runs)
  ARMORY            :   30% ±14  (in 10 runs)
  COUNTER-PREP      :   75% ±15  (in 8 runs)
  WPN: EXTENDED MAG :   38% ±17  (in 8 runs)
  BALLISTIC PLATING :   57% ±19  (in 7 runs)
  WPN: STABILIZER   :   71% ±17  (in 7 runs)
  COMBAT STIMS      :   50% ±20  (in 6 runs)
  FRAG CACHE        :   67% ±19  (in 6 runs)
  WPN: BIPOD        :  100% ±0  (in 4 runs)
  ADV. TRAINING     :   33% ±27  (in 3 runs)
  WPN: SUPPRESSOR   :   50% ±35  (in 2 runs)

RUN WIN-RATE BY EVENT-CHOICE (campaign runs taking id:arm):
  blackmarket:2     :   60% ±22  (in 5 runs)
  informant:1       :   25% ±22  (in 4 runs)
  quartermaster:1   :   50% ±25  (in 4 runs)
  defector:0        :   50% ±35  (in 2 runs)
  drill:0           :  100% ±0  (in 2 runs)
  informant:2       :    0% ±0  (in 2 runs)
  warchest:1        :   50% ±35  (in 2 runs)
  fieldhospital:2   :  100% ±0  (in 1 runs)
  grave:0           :  100% ±0  (in 1 runs)
═══════════════════════════════════════════════════════════════════════

batch wall-time: 3.0s  (20 matches across 10 campaigns × 2 policy, frame-cap hits: 0)
aggregate JSON -> /home/user/SIGHTLINE/docs/measurements/l3/L3-h0-b30.json
INFO: TEXTURE: [ID 2] Unloaded texture data from VRAM (GPU)
INFO: SHADER: [ID 3] Default shader unloaded successfully
INFO: TEXTURE: [ID 1] Default texture unloaded successfully
INFO: Window closed successfully
