INFO: Initializing raylib 6.0
INFO: Platform backend: DESKTOP (GLFW)
INFO: Supported raylib modules:
INFO:     > rcore:..... loaded (mandatory)
INFO:     > rlgl:...... loaded (mandatory)
INFO:     > rshapes:... loaded (optional)
INFO:     > rtextures:. loaded (optional)
INFO:     > rtext:..... loaded (optional)
INFO:     > rmodels:... loaded (optional)
INFO:     > raudio:.... loaded (optional)
INFO: DISPLAY: Trying to enable MSAA x4
INFO: DISPLAY: Device initialized successfully 
INFO:     > Display size: 1280 x 800
INFO:     > Screen size:  1280 x 800
INFO:     > Render size:  1280 x 800
INFO:     > Viewport offsets: 0, 0
INFO: GLAD: OpenGL extensions loaded successfully
INFO: GL: Supported extensions count: 229
INFO: GL: OpenGL device information:
INFO:     > Vendor:   Mesa
INFO:     > Renderer: llvmpipe (LLVM 20.1.2, 256 bits)
INFO:     > Version:  4.5 (Core Profile) Mesa 25.2.8-0ubuntu0.24.04.2
INFO:     > GLSL:     4.50
INFO: GL: VAO extension detected, VAO functions loaded successfully
INFO: GL: NPOT textures extension detected, full NPOT textures supported
INFO: GL: DXT compressed textures supported
INFO: GL: ETC2/EAC compressed textures supported
INFO: PLATFORM: DESKTOP (GLFW - X11): Initialized successfully
INFO: TEXTURE: [ID 1] Texture loaded successfully (1x1 | R8G8B8A8 | 1 mipmaps)
INFO: TEXTURE: [ID 1] Default texture loaded successfully
INFO: SHADER: [ID 1] Vertex shader compiled successfully
INFO: SHADER: [ID 2] Fragment shader compiled successfully
INFO: SHADER: [ID 3] Program shader loaded successfully
INFO: SHADER: [ID 3] Default shader loaded successfully
INFO: RLGL: Render batch vertex buffers loaded successfully in RAM (CPU)
INFO: RLGL: Render batch vertex buffers loaded successfully in VRAM (GPU)
INFO: RLGL: Default OpenGL state initialized successfully
INFO: TEXTURE: [ID 2] Texture loaded successfully (128x128 | GRAY_ALPHA | 1 mipmaps)
INFO: FONT: Default font loaded successfully (224 glyphs)
INFO: SYSTEM: Working Directory: /home/user/SIGHTLINE
INFO: TIMER: Target time per frame: 0.000 milliseconds
FINALE-KIT: Wardens
WAVE: +2 (SCOUT,BRUISER) [rich]
WAVE: +2 (HOUND,STRIKER) [rich]
WAVE: +2 (BRUISER,BRUISER) [rich]
WAVE: +3 (MORTAR,SCOUT,SNIPER) [rich]
WAVE: +3 (MORTAR,CUSTODIAN,CUSTODIAN) [rich]
WAVE: +3 (GRUNT,CUSTODIAN,SNIPER) [rich]
FINALE-KIT: Wardens
WAVE: +2 (SNIPER,BRUISER) [rich]
WAVE: +2 (SCOUT,SCOUT) [rich]
WAVE: +2 (HOUND,SCOUT) [rich]
WAVE: +3 (MEDIC,GRUNT,CUSTODIAN) [rich]
WAVE: +3 (MORTAR,PIKEMAN,SCREENER) [rich]
WAVE: +3 (PIKEMAN,SNIPER,MEDIC) [rich]
FINALE-KIT: Wardens
WAVE: +3 (GRUNT,CUSTODIAN,SCREENER) [rich]
WAVE: +3 (SCOUT,SNIPER,MEDIC) [rich]
WAVE: +3 (SNIPER,SCOUT,SNIPER) [rich]
FINALE-KIT: Wardens
FINALE-KIT: Syndicate
WAVE: +2 (DRONE,SHIELD) [rich]
WAVE: +2 (SHIELD,SHIELD) [rich]
WAVE: +2 (DRONE,SPOTTER) [rich]
WAVE: +2 (SAPPER,DRONE) [rich]
match 5/20  (W:3 L:2 cap:0)  1.6s
FINALE-KIT: Syndicate
WAVE: +2 (CUSTODIAN,DRONE) [rich]
WAVE: +2 (CUSTODIAN,SCREENER) [rich]
WAVE: +2 (DRONE,DRONE) [rich]
FINALE-KIT: Legion
WAVE: +3 (LANCER,SPOTTER,MORTAR) [rich]
WAVE: +3 (SPOTTER,SHIELD,SNIPER) [rich]
WAVE: +3 (DRONE,DRONE,SNIPER) [rich]
WAVE: +3 (MEDIC,SCREENER,SNIPER) [rich]
WAVE: +3 (SCREENER,HOUND,HOUND) [rich]
WAVE: +3 (DRONE,MEDIC,SCREENER) [rich]
FINALE-KIT: Legion
WAVE: +3 (STRIKER,BERSERKER,HUNTER) [rich]
WAVE: +3 (LANCER,PIKEMAN,DRONE) [rich]
WAVE: +3 (DRONE,SNIPER,SAPPER) [rich]
FINALE-KIT: Legion
FINALE-KIT: Legion
match 10/20  (W:4 L:6 cap:0)  2.6s
FINALE-KIT: Legion
WAVE: +3 (SCOUT,PIKEMAN,MEDIC) [rich]
WAVE: +3 (PIKEMAN,MEDIC,CUSTODIAN) [rich]
WAVE: +3 (SCREENER,MEDIC,MEDIC) [rich]
FINALE-KIT: Legion
WAVE: +3 (SNIPER,MORTAR,SCREENER) [rich]
WAVE: +3 (MEDIC,SNIPER,SCREENER) [rich]
WAVE: +3 (MORTAR,PIKEMAN,MORTAR) [rich]
FINALE-KIT: Legion
WAVE: +2 (HOUND,BRUISER) [rich]
WAVE: +2 (STRIKER,HUNTER) [rich]
WAVE: +2 (SNIPER,BRUISER) [rich]
FINALE-KIT: Legion
WAVE: +2 (BRUISER,HUNTER) [rich]
WAVE: +2 (SCOUT,BRUISER) [rich]
WAVE: +2 (HOUND,DRONE) [rich]
REINFORCEMENTS: +2 (SCOUT,SCOUT)
FINALE-KIT: Legion
WAVE: +2 (GRUNT,MORTAR) [rich]
WAVE: +2 (SNIPER,SNIPER) [rich]
WAVE: +2 (SNIPER,SNIPER) [rich]
match 15/20  (W:8 L:7 cap:0)  3.4s
FINALE-KIT: Legion
WAVE: +2 (GRUNT,MORTAR) [rich]
WAVE: +2 (GRUNT,GRUNT) [rich]
WAVE: +2 (MORTAR,CUSTODIAN) [rich]
WAVE: +2 (CUSTODIAN,SNIPER) [rich]
WAVE: +2 (SNIPER,PIKEMAN) [rich]
WAVE: +2 (MORTAR,SCREENER) [rich]
FINALE-KIT: Wardens
WAVE: +2 (HUNTER,BERSERKER) [rich]
WAVE: +2 (WARBRINGER,LANCER) [rich]
WAVE: +2 (WARBRINGER,GRUNT) [rich]
WAVE: +2 (BRUISER,LANCER) [rich]
WAVE: +2 (BRUISER,HOUND) [rich]
WAVE: +3 (HUNTER,GRUNT,LANCER) [rich]
WAVE: +3 (GRUNT,STRIKER,WARBRINGER) [rich]
WAVE: +3 (GRUNT,BERSERKER,STRIKER) [rich]
FINALE-KIT: Wardens
WAVE: +2 (BERSERKER,HUNTER) [rich]
WAVE: +2 (STRIKER,GRUNT) [rich]
WAVE: +2 (BERSERKER,LANCER) [rich]
WAVE: +2 (BRUISER,BERSERKER) [rich]
WAVE: +2 (LANCER,BERSERKER) [rich]
WAVE: +2 (LANCER,BRUISER) [rich]
FINALE-KIT: Wardens
WAVE: +2 (BRUISER,BERSERKER) [rich]
WAVE: +2 (BRUISER,SCOUT) [rich]
WAVE: +2 (BERSERKER,SCOUT) [rich]
FINALE-KIT: Wardens
WAVE: +2 (HUNTER,HUNTER) [rich]
WAVE: +2 (SCOUT,LANCER) [rich]
WAVE: +2 (HOUND,HOUND) [rich]
REINFORCEMENTS: +2 (GRUNT,SCOUT)
match 20/20  (W:9 L:11 cap:0)  4.1s

══════════════════════ SIGHTLINE BALANCE REPORT ══════════════════════
runs=20  missions=85

RUN OUTCOMES (campaign):  win-rate   45%   avg missions cleared 4.7

POLICY GAP (optimal vs human-error; campaign runs only):
  greedy win-rate   60%  (n=10)
  sloppy win-rate   30%  (n=10)
  GAP   30 pts  (swingy/unforgiving)
  PAIRED (same-seed slots): pairs=10  concordant=5  discordant greedy-only-won=4 / sloppy-only-won=1  paired gap   30 pts
  PER-SLOT RECORDS (greedy | sloppy: outcome + missions cleared; margin = g−s):
    slot   0 @h2: W 6 | W 6   margin +0
    slot   1 @h2: W 6 | L 2   margin +4
    slot   2 @h2: L 2 | W 6   margin -4
    slot   3 @h2: L 3 | L 5   margin -2
    slot   4 @h2: L 2 | L 2   margin +0
    slot   5 @h2: W 6 | W 6   margin +0
    slot   6 @h2: W 6 | L 5   margin +1
    slot   7 @h2: W 6 | L 5   margin +1
    slot   8 @h2: L 5 | L 3   margin +2
    slot   9 @h2: W 6 | L 5   margin +1
  PAIRED MARGIN (missions cleared, all pairs): +0.30 ±0.68 SE  (n=10 pairs)
  by objective (greedy / sloppy / gap):
    Decapitate :   90% /   50% / gap   40
    Defend     :   82% /  100% / gap  -18
    Eliminate  :  100% /  100% / gap    0
    Escort     :  100% /  100% / gap    0
    Evac       :  100% /  100% / gap    0
    Hack       :   67% /   50% / gap   17
    Rescue     :  100% /  100% / gap    0
    Sabotage   :  100% /  100% / gap    0

DECISION RICHNESS / SWING:
  meaningful-choices/turn 3.78   lead-swings/match 0.6   avg max-swing 51.1
  [shot-gate] acting-soldiers/turn 3.57   armed-soldiers/turn 1.56   armed-fraction 44%   turns-with-a-shot 65%   choices/ARMED-soldier-turn 2.42
  [choice-split] los-targets/ARMED 3.12   target-choices/ARMED 0.62   position-choices/ARMED 1.80

RUN COMPLETION BY HEAT (full-campaign clears):
  heat 2:   45% ±11  (n=20 runs, avg 4.7 missions)

INTEL ECONOMY BY HEAT (campaign runs; heat-bonus = the Heat.IntelBonus share of income):
  heat 2: earned  177.7/run   heat-bonus  26.5 (  15% of income)   spent  159.1   unspent   18.6

MISSION WIN-RATE BY HEAT:
  heat 2:   88%  (n=81, avg 5.6 turns)
  heat 3:   75% ±22  (n=4, avg 5.5 turns)

MISSION WIN-RATE BY OBJECTIVE:
  Eliminate  :  100% ±0  (n=22, avg 3.4 turns)
  Defend     :   90% ±7  (n=20, avg 8.8 turns)
  Decapitate :   70% ±10  (n=20, avg 3.9 turns)
  Hack       :   57% ±19  (n=7, avg 4.1 turns)
  Escort     :  100% ±0  (n=7, avg 10.1 turns)
  Rescue     :  100% ±0  (n=4, avg 7.3 turns)
  Sabotage   :  100% ±0  (n=3, avg 5.0 turns)
  Evac       :  100% ±0  (n=2, avg 2.0 turns)

MISSION WIN-RATE BY OBJECTIVE x NODE KIND (a capstone must never pool with a mid-run node):
  Eliminate  : Start: 100%(n=20)  Supply: 100%(n=2)
               depth: m1:100%(20) m3:100%(2)
  Defend     : Combat:  93%(n=14)  Supply:  83%(n=6)
               depth: m2:100%(6) m3:83%(6) m4:80%(5) m5:100%(3)
  Decapitate : Boss:  64%(n=14)  Combat:  75%(n=4)  Supply: 100%(n=2)
               depth: m3:100%(2) m4:50%(2) m5:100%(2) m6:64%(14)
  Hack       : Combat:  80%(n=5)  Elite:   0%(n=2)
               depth: m3:25%(4) m4:100%(1) m5:100%(2)
  Escort     : Elite: 100%(n=4)  Combat: 100%(n=3)
               depth: m4:100%(6) m5:100%(1)
  Rescue     : Elite: 100%(n=4)
               depth: m2:100%(2) m5:100%(2)
  Sabotage   : Combat: 100%(n=3)
               depth: m3:100%(2) m5:100%(1)
  Evac       : Supply: 100%(n=2)
               depth: m3:100%(2)

DECAPITATE HVT (buff = +6+1*mission HP, +6 aim; ELITE exempt):
  EXEMPT  :   72% ±11  (n=18, avg 3.8 turns, HVT 23.3 max HP)  [m3:100%(2) m5:100%(2) m6:64%(14)]
  BUFFED  :   50% ±35  (n=2, avg 4.5 turns, HVT 29.0 max HP)  [m4:50%(2)]

MISSION WIN-RATE BY MISSION #:
  m1:  100% ±0  (n=20)
  m2:  100% ±0  (n=8)
  m3:   78% ±10  (n=18)
  m4:   86% ±9  (n=14)
  m5:  100% ±0  (n=11)
  m6:   64% ±13  (n=14)

LOSS CAUSES (missions):
  RUN OVER              : 11

MISSION WIN-RATE BY ARENA (authored layouts, n>=3; procedural fallback   31% of 85 missions):
  arena  7:   67% ±27  (n=3, avg 7.0 turns)  [m3:50%(2) m4:100%(1)]
  arena 11:   75% ±22  (n=4, avg 4.3 turns)  [m3:100%(2) m6:50%(2)]
  arena 15:  100% ±0  (n=4, avg 5.8 turns)  [m1:100%(2) m4:100%(1) m5:100%(1)]
  arena 16:  100% ±0  (n=4, avg 5.5 turns)  [m2:100%(2) m3:100%(2)]
  arena 29:  100% ±0  (n=3, avg 4.3 turns)  [m1:100%(2) m5:100%(1)]
  arena 32:   71% ±17  (n=7, avg 6.1 turns)  [m2:100%(2) m3:67%(3) m4:50%(2)]
  arena 33:  100% ±0  (n=4, avg 5.8 turns)  [m1:100%(2) m2:100%(2)]
  arena 34:   83% ±15  (n=6, avg 3.8 turns)  [m1:100%(2) m6:75%(4)]
  procedural:   81% ±8  (n=26, avg 7.1 turns)  [m1:100%(4) m2:100%(1) m3:67%(6) m4:90%(10) m5:100%(3) m6:0%(2)]

DEPLOYMENT GEOMETRY (opening shape; choices/ARMED is the wave's real gate):
  FRONTAL   :   88% ±7  (n=24, avg 5.0 turns)  choices/turn 2.66  choices/ARMED 2.06  los-targets/ARMED 1.97
  PINCER    :   89%  (n=35, avg 6.5 turns)  choices/turn 4.83  choices/ARMED 2.68  los-targets/ARMED 4.06
  CROSSFIRE :   75% ±15  (n=8, avg 3.5 turns)  choices/turn 3.04  choices/ARMED 1.93  los-targets/ARMED 1.80
  ENVELOP   :   89% ±7  (n=18, avg 5.6 turns)  choices/turn 2.90  choices/ARMED 2.17  los-targets/ARMED 1.98

ARENA FUNNEL (Mission.Build exits, n=98 builds, all modes):
  authored-applied    :  70.4%  (n=69)
  connectivity-reject :   0.0%  (n=0)
  procedural-roll     :  29.6%  (n=29)

DECK EXPOSURE (campaign runs n=20):
  distinct authored arenas/run : 2.95 mean (all runs)
  ... full-depth runs only     : 3.78 mean over 5.2 fights/run (n=9)
  Defend dealt on the route    :   85% of runs (n=17)

ACTION MIX (verbs issued, by policy):
  verb                  greedy        sloppy
  MOVE               517   38%     720   43%
  SHOOT              381   28%     427   26%
  HUNKER              77    6%     119    7%
  BRACE               70    5%      69    4%
  OVERWATCH           59    4%      66    4%
  RELOAD              41    3%      50    3%
  FOCUS               50    4%      32    2%
  INTEL               37    3%      41    2%
  STABILIZE           33    2%      22    1%
  MARK                19    1%      17    1%
  SLIPSTREAM          21    2%      14    1%
  PIN                 14    1%      19    1%
  ITEM:SMOKE          10    1%      19    1%
  HACK                 7    1%       9    1%
  REARM                7    1%       5    0%
  PATCH                4    0%       6    0%
  PLANT                6    0%       3    0%
  BEACON               4    0%       5    0%
  EXTRACT              2    0%       4    0%
  GRAPPLE              1    0%       4    0%
  GRENADE              2    0%       1    0%
  BARREL               0    0%       2    0%
  ITEM:FLASH           0    0%       1    0%
  ITEM:INCENDIARY       0    0%       1    0%
  DRAG                 0    0%       1    0%

PLAYER CLASS PERFORMANCE:
  class        shots   hit%   dmg   kills
  GUNNER         290    84%   1366     75
  SHARPSHOOTER    163    93%   1100     70
  ASSAULT        226    88%   1069     65
  RANGER         116    84%    675     42
  CORPSMAN        62    79%    185      8

SOLDIER DEATHS BY ENEMY CLASS (threat ranking):
  ELITE      : 13
  BRUISER    : 12
  LANCER     : 9
  BERSERKER  : 8
  MORTAR     : 7
  STRIKE     : 7
  BURN       : 6
  SNIPER     : 6
  GRUNT      : 4
  STRIKER    : 3
  HUNTER     : 3
  WARBRINGER : 3
  SCOUT      : 2
  SAPPER     : 2
  DRONE      : 2
  MEDIC      : 2
  BARREL     : 2
  SCREENER   : 1
  SHIELD     : 1
  SPOTTER    : 1

SOLDIER DOWNS (FUL-7 bleed-out): 206 downs -> revived 8 / recovered 56 / bled out 124 / finished 18  (save-rate   31%)
  corpsman fielded in 36 missions

ENEMY COMPOSITION (spawns; faction-stamped fights n=581 / default-cascade fights n=191):
  class        faction         default
  GRUNT           51    9%       34   18%
  SCOUT           18    3%       59   31%
  BRUISER         43    7%       12    6%
  ELITE           48    8%        6    3%
  BERSERKER       49    8%        4    2%
  SNIPER          45    8%        6    3%
  LANCER          38    7%        5    3%
  HUNTER          37    6%        5    3%
  STRIKER         33    6%        8    4%
  MEDIC           37    6%        2    1%
  DRONE           27    5%       12    6%
  MORTAR          34    6%        3    2%
  HOUND           17    3%       11    6%
  SCREENER        19    3%        3    2%
  SAPPER          15    3%        5    3%
  CUSTODIAN       18    3%        0    0%
  SPOTTER         13    2%        2    1%
  WARBRINGER      12    2%        0    0%
  PIKEMAN         11    2%        1    1%
  SHIELD           8    1%        3    2%
  BOMBARD          6    1%        4    2%
  TURRET           2    0%        6    3%

PERK PICK FREQUENCY:
  MOM           : 18
  LCK           : 18
  TNK           : 16
  SKR           : 11
  MRK           : 10
  GUN           : 10
  FST           : 10
  OUT           : 8
  HRD           : 8
  EXC           : 8
  RFX           : 8
  SGE           : 8
  CQB           : 7
  GRD           : 6
  CLH           : 6
  PLT           : 6
  VNT           : 6
  BND           : 4
  BRK           : 2

SHOP PURCHASE FREQUENCY:
  FIELD MEDKIT      : 68
  WPN: HOLLOW POINT : 38
  WPN: SCOPE        : 33
  WPN: EXTENDED MAG : 30
  WPN: BIPOD        : 28
  BALLISTIC PLATING : 25
  WPN: STABILIZER   : 23
  COUNTER-PREP      : 20
  COMBAT STIMS      : 14
  FRAG CACHE        : 13
  ARMORY            : 12
  ADV. TRAINING     : 7
  WPN: SUPPRESSOR   : 6

BOON PICK FREQUENCY (PROCS = effect fires at instrumented sites; '-' = not instrumented;
                      PYR counts the +2-turn-burn half only — the Burning-immunity half is uninstrumented):
  code                 picks   PROCS
  FST               :     7     110
  GHO               :     7       -
  EXE               :     6       -
  ADR               :     5       -
  FRT               :     5       -
  MRK               :     5       -
  RCL               :     5       0
  PYR               :     4       1
  RPD               :     4       -
  SCV               :     4       -
  FDR               :     3       0
  SHK               :     3       0
  TRR               :     3       5
  FVR               :     2       -
  VNM               :     2       -

RUN WIN-RATE BY BOON (campaign runs holding it):
  FST               :   57% ±19  (in 7 runs)
  GHO               :   57% ±19  (in 7 runs)
  EXE               :   67% ±19  (in 6 runs)
  ADR               :   80% ±18  (in 5 runs)
  FRT               :   60% ±22  (in 5 runs)
  MRK               :   60% ±22  (in 5 runs)
  RCL               :   60% ±22  (in 5 runs)
  PYR               :   75% ±22  (in 4 runs)
  RPD               :   50% ±25  (in 4 runs)
  SCV               :   25% ±22  (in 4 runs)
  FDR               :   67% ±27  (in 3 runs)
  SHK               :    0% ±0  (in 3 runs)
  TRR               :   67% ±27  (in 3 runs)
  FVR               :  100% ±0  (in 2 runs)
  VNM               :   50% ±35  (in 2 runs)

RUN WIN-RATE BY SPEC (campaign runs fielding it):
  HHT               :   57% ±19  (in 7 runs)
  BRC               :   60% ±22  (in 5 runs)
  JUG               :   60% ±22  (in 5 runs)
  ADN               :   75% ±22  (in 4 runs)
  ANC               :  100% ±0  (in 4 runs)
  SNT               :   33% ±27  (in 3 runs)
  PTH               :    0% ±0  (in 2 runs)
  MED               :    0% ±0  (in 1 runs)

RUN WIN-RATE BY PERK (campaign runs holding it):
  MOM               :   54% ±14  (in 13 runs)
  LCK               :   50% ±14  (in 12 runs)
  TNK               :   60% ±15  (in 10 runs)
  FST               :   33% ±16  (in 9 runs)
  SKR               :   44% ±17  (in 9 runs)
  GUN               :   50% ±18  (in 8 runs)
  MRK               :   63% ±17  (in 8 runs)
  CQB               :   57% ±19  (in 7 runs)
  EXC               :   50% ±20  (in 6 runs)
  HRD               :   83% ±15  (in 6 runs)
  OUT               :   67% ±19  (in 6 runs)
  RFX               :   50% ±20  (in 6 runs)
  SGE               :   50% ±20  (in 6 runs)
  CLH               :   20% ±18  (in 5 runs)
  GRD               :   80% ±18  (in 5 runs)
  PLT               :   40% ±22  (in 5 runs)
  VNT               :   60% ±22  (in 5 runs)
  BND               :   50% ±25  (in 4 runs)
  BRK               :   50% ±35  (in 2 runs)

RUN WIN-RATE BY PURCHASE (campaign runs buying it):
  FIELD MEDKIT      :   50% ±12  (in 18 runs)
  COUNTER-PREP      :   42% ±14  (in 12 runs)
  ARMORY            :   55% ±15  (in 11 runs)
  BALLISTIC PLATING :   73% ±13  (in 11 runs)
  WPN: HOLLOW POINT :   36% ±15  (in 11 runs)
  WPN: SCOPE        :   73% ±13  (in 11 runs)
  WPN: BIPOD        :   50% ±16  (in 10 runs)
  WPN: STABILIZER   :   50% ±16  (in 10 runs)
  COMBAT STIMS      :   71% ±17  (in 7 runs)
  FRAG CACHE        :   57% ±19  (in 7 runs)
  WPN: EXTENDED MAG :   86% ±13  (in 7 runs)
  ADV. TRAINING     :   67% ±19  (in 6 runs)
  WPN: SUPPRESSOR   :   80% ±18  (in 5 runs)

RUN WIN-RATE BY EVENT-CHOICE (campaign runs taking id:arm):
  warchest:1        :   67% ±27  (in 3 runs)
  blackmarket:2     :    0% ±0  (in 2 runs)
  defector:0        :    0% ±0  (in 2 runs)
  drill:1           :    0% ±0  (in 2 runs)
  informant:1       :   50% ±35  (in 2 runs)
  medic:1           :   50% ±35  (in 2 runs)
  quartermaster:1   :  100% ±0  (in 2 runs)
  relic:1           :    0% ±0  (in 2 runs)
  warchest:2        :   50% ±35  (in 2 runs)
═══════════════════════════════════════════════════════════════════════

batch wall-time: 4.1s  (20 matches across 10 campaigns × 2 policy, frame-cap hits: 0)
aggregate JSON -> /home/user/SIGHTLINE/docs/measurements/l3/L3-h2-b0.json
INFO: TEXTURE: [ID 2] Unloaded texture data from VRAM (GPU)
INFO: SHADER: [ID 3] Default shader unloaded successfully
INFO: TEXTURE: [ID 1] Default texture unloaded successfully
INFO: Window closed successfully
