INFO: Initializing raylib 6.0
INFO: Platform backend: DESKTOP (GLFW)
INFO: Supported raylib modules:
INFO:     > rcore:..... loaded (mandatory)
INFO:     > rlgl:...... loaded (mandatory)
INFO:     > rshapes:... loaded (optional)
INFO:     > rtextures:. loaded (optional)
INFO:     > rtext:..... loaded (optional)
INFO:     > rmodels:... loaded (optional)
INFO:     > raudio:.... loaded (optional)
INFO: DISPLAY: Trying to enable MSAA x4
INFO: DISPLAY: Device initialized successfully 
INFO:     > Display size: 1280 x 800
INFO:     > Screen size:  1280 x 800
INFO:     > Render size:  1280 x 800
INFO:     > Viewport offsets: 0, 0
INFO: GLAD: OpenGL extensions loaded successfully
INFO: GL: Supported extensions count: 229
INFO: GL: OpenGL device information:
INFO:     > Vendor:   Mesa
INFO:     > Renderer: llvmpipe (LLVM 20.1.2, 256 bits)
INFO:     > Version:  4.5 (Core Profile) Mesa 25.2.8-0ubuntu0.24.04.2
INFO:     > GLSL:     4.50
INFO: GL: VAO extension detected, VAO functions loaded successfully
INFO: GL: NPOT textures extension detected, full NPOT textures supported
INFO: GL: DXT compressed textures supported
INFO: GL: ETC2/EAC compressed textures supported
INFO: PLATFORM: DESKTOP (GLFW - X11): Initialized successfully
INFO: TEXTURE: [ID 1] Texture loaded successfully (1x1 | R8G8B8A8 | 1 mipmaps)
INFO: TEXTURE: [ID 1] Default texture loaded successfully
INFO: SHADER: [ID 1] Vertex shader compiled successfully
INFO: SHADER: [ID 2] Fragment shader compiled successfully
INFO: SHADER: [ID 3] Program shader loaded successfully
INFO: SHADER: [ID 3] Default shader loaded successfully
INFO: RLGL: Render batch vertex buffers loaded successfully in RAM (CPU)
INFO: RLGL: Render batch vertex buffers loaded successfully in VRAM (GPU)
INFO: RLGL: Default OpenGL state initialized successfully
INFO: TEXTURE: [ID 2] Texture loaded successfully (128x128 | GRAY_ALPHA | 1 mipmaps)
INFO: FONT: Default font loaded successfully (224 glyphs)
INFO: SYSTEM: Working Directory: /home/user/SIGHTLINE
INFO: TIMER: Target time per frame: 0.000 milliseconds
FINALE-KIT: Syndicate
FINALE-KIT: Syndicate
FINALE-KIT: Wardens
WAVE: +2 (GRUNT,GRUNT) [rich]
WAVE: +2 (SCREENER,CUSTODIAN) [rich]
WAVE: +2 (MEDIC,GRUNT) [rich]
FINALE-KIT: Wardens
WAVE: +2 (SNIPER,SNIPER) [rich]
WAVE: +2 (SCOUT,MORTAR) [rich]
WAVE: +2 (MORTAR,SCREENER) [rich]
REINFORCEMENTS: +2 (SCOUT,SCOUT)
FINALE-KIT: Syndicate
WAVE: +3 (SPOTTER,MORTAR,PIKEMAN) [rich]
WAVE: +3 (SPOTTER,LANCER,HUNTER) [rich]
WAVE: +3 (DRONE,MEDIC,HUNTER) [rich]
match 5/20  (W:4 L:1 cap:0)  1.4s
FINALE-KIT: Syndicate
WAVE: +3 (WARBRINGER,SNIPER,WARBRINGER) [rich]
WAVE: +3 (HOUND,SCREENER,SPOTTER) [rich]
WAVE: +3 (SAPPER,HUNTER,BERSERKER) [rich]
FINALE-KIT: Syndicate
WAVE: +3 (WARBRINGER,BRUISER,STRIKER) [rich]
WAVE: +3 (GRUNT,GRUNT,WARBRINGER) [rich]
WAVE: +3 (HOUND,GRUNT,HUNTER) [rich]
WAVE: +3 (HUNTER,BERSERKER,GRUNT) [rich]
WAVE: +3 (HUNTER,BERSERKER,HUNTER) [rich]
FINALE-KIT: Syndicate
WAVE: +3 (BRUISER,BERSERKER,BERSERKER) [rich]
WAVE: +3 (HUNTER,BRUISER,BRUISER) [rich]
WAVE: +3 (BRUISER,BERSERKER,LANCER) [rich]
WAVE: +3 (BERSERKER,BRUISER,LANCER) [rich]
WAVE: +3 (HUNTER,HOUND,BRUISER) [rich]
WAVE: +3 (BRUISER,BERSERKER,BRUISER) [rich]
FINALE-KIT: Legion
WAVE: +3 (BERSERKER,GRUNT,HUNTER) [rich]
WAVE: +3 (STRIKER,HOUND,WARBRINGER) [rich]
WAVE: +3 (GRUNT,HUNTER,BERSERKER) [rich]
WAVE: +3 (HUNTER,BRUISER,HUNTER) [rich]
WAVE: +3 (GRUNT,HUNTER,HUNTER) [rich]
FINALE-KIT: Legion
match 10/20  (W:5 L:5 cap:0)  2.2s
FINALE-KIT: Wardens
WAVE: +3 (STRIKER,BERSERKER,SNIPER) [rich]
WAVE: +3 (HUNTER,SAPPER,DRONE) [rich]
WAVE: +3 (LANCER,LANCER,SAPPER) [rich]
FINALE-KIT: Wardens
WAVE: +3 (STRIKER,SPOTTER,CUSTODIAN) [rich]
WAVE: +3 (DRONE,MORTAR,LANCER) [rich]
WAVE: +3 (SAPPER,SCREENER,CUSTODIAN) [rich]
FINALE-KIT: Syndicate
WAVE: +2 (PIKEMAN,MEDIC) [rich]
WAVE: +2 (MORTAR,SCOUT) [rich]
WAVE: +2 (MORTAR,MORTAR) [rich]
FINALE-KIT: Syndicate
WAVE: +2 (SCOUT,GRUNT) [rich]
WAVE: +2 (PIKEMAN,SNIPER) [rich]
WAVE: +2 (SCOUT,MEDIC) [rich]
FINALE-KIT: Legion
REINFORCEMENTS: +2 (SCOUT,SCOUT)
REINFORCEMENTS: +2 (SCOUT,GRUNT)
REINFORCEMENTS: +2 (SCOUT,SCOUT)
REINFORCEMENTS: +2 (GRUNT,GRUNT)
REINFORCEMENTS: +3 (GRUNT,SCOUT,SCOUT)
match 15/20  (W:7 L:8 cap:0)  3.0s
FINALE-KIT: Legion
REINFORCEMENTS: +2 (SCOUT,GRUNT)
REINFORCEMENTS: +2 (SCOUT,SCOUT)
FINALE-KIT: Syndicate
WAVE: +3 (BRUISER,BRUISER,BRUISER) [rich]
WAVE: +3 (WARBRINGER,WARBRINGER,HOUND) [rich]
WAVE: +3 (GRUNT,WARBRINGER,WARBRINGER) [rich]
FINALE-KIT: Syndicate
WAVE: +3 (BERSERKER,BERSERKER,BERSERKER) [rich]
WAVE: +3 (STRIKER,HUNTER,GRUNT) [rich]
WAVE: +3 (BRUISER,HOUND,BERSERKER) [rich]
WAVE: +3 (HOUND,WARBRINGER,BERSERKER) [rich]
WAVE: +3 (HOUND,BERSERKER,HUNTER) [rich]
WAVE: +3 (HUNTER,BERSERKER,WARBRINGER) [rich]
FINALE-KIT: Wardens
REINFORCEMENTS: +2 (GRUNT,GRUNT)
REINFORCEMENTS: +2 (GRUNT,GRUNT)
REINFORCEMENTS: +3 (GRUNT,GRUNT,SCOUT)
FINALE-KIT: Wardens
match 20/20  (W:9 L:11 cap:0)  3.5s

══════════════════════ SIGHTLINE BALANCE REPORT ══════════════════════
runs=20  missions=88

RUN OUTCOMES (campaign):  win-rate   45%   avg missions cleared 4.6

POLICY GAP (optimal vs human-error; campaign runs only):
  greedy win-rate   50%  (n=10)
  sloppy win-rate   40%  (n=10)
  GAP   10 pts  (healthy slack)
  PAIRED (same-seed slots): pairs=10  concordant=7  discordant greedy-only-won=2 / sloppy-only-won=1  paired gap   10 pts
  PER-SLOT RECORDS (greedy | sloppy: outcome + missions cleared; margin = g−s):
    slot  60 @h0: W 6 | W 6   margin +0
    slot  61 @h0: W 6 | L 5   margin +1
    slot  62 @h0: W 6 | W 6   margin +0
    slot  63 @h0: L 3 | L 3   margin +0
    slot  64 @h0: L 4 | L 1   margin +3
    slot  65 @h0: W 6 | W 6   margin +0
    slot  66 @h0: L 3 | L 3   margin +0
    slot  67 @h0: L 4 | L 4   margin +0
    slot  68 @h0: W 6 | L 3   margin +3
    slot  69 @h0: L 5 | W 6   margin -1
  PAIRED MARGIN (missions cleared, all pairs): +0.60 ±0.43 SE  (n=10 pairs)
  by objective (greedy / sloppy / gap):
    Decapitate :   88% /   67% / gap   21
    Defend     :   71% /   67% / gap    5
    Eliminate  :   92% /   92% / gap    0
    Escort     :   83% /   80% / gap    3
    Evac       :  100% /  100% / gap    0
    Hack       :  100% /  100% / gap    0
    Rescue     :  100% /  100% / gap    0
    Sabotage   :  100% /  100% / gap    0

DECISION RICHNESS / SWING:
  meaningful-choices/turn 3.47   lead-swings/match 0.6   avg max-swing 38.8
  [shot-gate] acting-soldiers/turn 4.07   armed-soldiers/turn 1.54   armed-fraction 38%   turns-with-a-shot 59%   choices/ARMED-soldier-turn 2.26
  [choice-split] los-targets/ARMED 2.80   target-choices/ARMED 0.53   position-choices/ARMED 1.73

RUN COMPLETION BY HEAT (full-campaign clears):
  heat 0:   45% ±11  (n=20 runs, avg 4.6 missions)

INTEL ECONOMY BY HEAT (campaign runs; heat-bonus = the Heat.IntelBonus share of income):
  heat 0: earned  157.2/run   heat-bonus   0.0 (   0% of income)   spent  138.6   unspent   18.6

MISSION WIN-RATE BY HEAT:
  heat 0:   88%  (n=88, avg 6.1 turns)

MISSION WIN-RATE BY OBJECTIVE:
  Eliminate  :   92% ±5  (n=26, avg 4.0 turns)
  Rescue     :  100% ±0  (n=14, avg 4.1 turns)
  Decapitate :   79% ±11  (n=14, avg 4.8 turns)
  Defend     :   69% ±13  (n=13, avg 8.5 turns)
  Escort     :   82% ±12  (n=11, avg 16.0 turns)
  Evac       :  100% ±0  (n=4, avg 2.3 turns)
  Hack       :  100% ±0  (n=4, avg 3.0 turns)
  Sabotage   :  100% ±0  (n=2, avg 2.0 turns)

MISSION WIN-RATE BY OBJECTIVE x NODE KIND (a capstone must never pool with a mid-run node):
  Eliminate  : Start: 100%(n=20)  Combat:  50%(n=4)  Supply: 100%(n=2)
               depth: m1:100%(20) m2:100%(4) m5:0%(2)
  Rescue     : Elite: 100%(n=6)  Combat: 100%(n=6)  Supply: 100%(n=2)
               depth: m2:100%(4) m3:100%(6) m4:100%(4)
  Decapitate : Boss:  82%(n=11)  Supply:  50%(n=2)  Combat: 100%(n=1)
               depth: m2:50%(2) m4:100%(1) m6:82%(11)
  Defend     : Combat:  43%(n=7)  Supply: 100%(n=4)  Elite: 100%(n=2)
               depth: m2:100%(2) m3:100%(2) m4:62%(8) m5:0%(1)
  Escort     : Combat: 100%(n=5)  Supply:  50%(n=4)  Elite: 100%(n=2)
               depth: m2:100%(2) m3:100%(3) m4:0%(2) m5:100%(4)
  Evac       : Combat: 100%(n=2)  Elite: 100%(n=2)
               depth: m3:100%(4)
  Hack       : Elite: 100%(n=4)
               depth: m3:100%(2) m5:100%(2)
  Sabotage   : Combat: 100%(n=2)
               depth: m5:100%(2)

DECAPITATE HVT (buff = +6+1*mission HP, +6 aim; ELITE exempt):
  EXEMPT  :   82% ±12  (n=11, avg 4.9 turns, HVT 22.1 max HP)  [m6:82%(11)]
  BUFFED  :   67% ±27  (n=3, avg 4.3 turns, HVT 20.0 max HP)  [m2:50%(2) m4:100%(1)]

MISSION WIN-RATE BY MISSION #:
  m1:  100% ±0  (n=20)
  m2:   93% ±7  (n=14)
  m3:  100% ±0  (n=17)
  m4:   67% ±12  (n=15)
  m5:   73% ±13  (n=11)
  m6:   82% ±12  (n=11)

LOSS CAUSES (missions):
  RUN OVER              : 9
  STALEMATE             : 2

MISSION WIN-RATE BY ARENA (authored layouts, n>=3; procedural fallback   17% of 88 missions):
  arena 10:  100% ±0  (n=3, avg 3.3 turns)  [m1:100%(2) m3:100%(1)]
  arena 11:  100% ±0  (n=4, avg 6.3 turns)  [m2:100%(2) m4:100%(2)]
  arena 12:  100% ±0  (n=4, avg 3.3 turns)  [m1:100%(2) m4:100%(2)]
  arena 23:  100% ±0  (n=3, avg 4.3 turns)  [m1:100%(2) m6:100%(1)]
  arena 25:   86% ±13  (n=7, avg 8.6 turns)  [m2:100%(1) m3:100%(2) m4:50%(2) m5:100%(2)]
  arena 28:   75% ±22  (n=4, avg 4.8 turns)  [m1:100%(2) m6:50%(2)]
  arena 29:  100% ±0  (n=6, avg 2.8 turns)  [m1:100%(2) m2:100%(2) m6:100%(2)]
  arena 30:   40% ±22  (n=5, avg 22.6 turns)  [m3:100%(2) m4:0%(2) m5:0%(1)]
  arena 33:   67% ±27  (n=3, avg 6.3 turns)  [m6:67%(3)]
  procedural:  100% ±0  (n=15, avg 5.9 turns)  [m1:100%(4) m2:100%(3) m3:100%(4) m4:100%(1) m5:100%(2) m6:100%(1)]

DEPLOYMENT GEOMETRY (opening shape; choices/ARMED is the wave's real gate):
  FRONTAL   :   89%  (n=55, avg 6.2 turns)  choices/turn 3.95  choices/ARMED 2.43  los-targets/ARMED 2.75
  PINCER    :   85% ±7  (n=26, avg 5.8 turns)  choices/turn 3.08  choices/ARMED 1.99  los-targets/ARMED 2.96
  ENVELOP   :   86% ±13  (n=7, avg 6.1 turns)  choices/turn 0.98  choices/ARMED 1.26  los-targets/ARMED 2.35

ARENA FUNNEL (Mission.Build exits, n=97 builds, all modes):
  authored-applied    :  82.5%  (n=80)
  connectivity-reject :   0.0%  (n=0)
  procedural-roll     :  17.5%  (n=17)

DECK EXPOSURE (campaign runs n=20):
  distinct authored arenas/run : 3.65 mean (all runs)
  ... full-depth runs only     : 4.67 mean over 5.2 fights/run (n=9)
  Defend dealt on the route    :   65% of runs (n=13)

ACTION MIX (verbs issued, by policy):
  verb                  greedy        sloppy
  MOVE               740   37%     572   36%
  SHOOT              396   20%     290   18%
  HUNKER             324   16%     225   14%
  FOCUS               42    2%     212   13%
  OVERWATCH          182    9%      31    2%
  BRACE               65    3%      44    3%
  RELOAD              48    2%      33    2%
  INTEL               40    2%      31    2%
  STABILIZE           32    2%      26    2%
  SLIPSTREAM          28    1%      27    2%
  MARK                20    1%      17    1%
  ITEM:SMOKE          24    1%      10    1%
  BEACON              11    1%       9    1%
  PIN                  8    0%       9    1%
  EXTRACT              6    0%      10    1%
  GRENADE              4    0%       7    0%
  REARM                5    0%       5    0%
  GRAPPLE              2    0%       7    0%
  PATCH                6    0%       3    0%
  HACK                 5    0%       4    0%
  PLANT                5    0%       3    0%
  BARREL               2    0%       2    0%
  DRAG                 1    0%       0    0%

PLAYER CLASS PERFORMANCE:
  class        shots   hit%   dmg   kills
  SHARPSHOOTER    185    91%   1279     81
  ASSAULT        178    84%    752     49
  GUNNER         183    85%    743     49
  RANGER          95    86%    551     40
  CORPSMAN        37    81%    129      9

SOLDIER DEATHS BY ENEMY CLASS (threat ranking):
  STRIKE     : 11
  BURN       : 9
  SNIPER     : 9
  ELITE      : 7
  HUNTER     : 4
  BRUISER    : 4
  LANCER     : 4
  SCREENER   : 3
  SCOUT      : 3
  BERSERKER  : 3
  PIKEMAN    : 2
  WARBRINGER : 2
  MORTAR     : 2
  DRONE      : 1
  SHIELD     : 1
  SLAM       : 1
  HOUND      : 1
  MEDIC      : 1
  GRUNT      : 1

SOLDIER DOWNS (FUL-7 bleed-out): 168 downs -> revived 4 / recovered 51 / bled out 84 / finished 29  (save-rate   33%)
  corpsman fielded in 25 missions

ENEMY COMPOSITION (spawns; faction-stamped fights n=520 / default-cascade fights n=180):
  class        faction         default
  GRUNT           64   12%       20   11%
  SCOUT           22    4%       62   34%
  HUNTER          49    9%       11    6%
  BRUISER         49    9%        6    3%
  BERSERKER       44    8%        2    1%
  ELITE           41    8%        4    2%
  SCREENER        37    7%        4    2%
  DRONE           18    3%       10    6%
  SNIPER          18    3%        8    4%
  MORTAR          20    4%        6    3%
  STRIKER         18    3%        6    3%
  MEDIC           20    4%        4    2%
  SPOTTER         14    3%        9    5%
  LANCER          13    3%        9    5%
  WARBRINGER      17    3%        2    1%
  SAPPER          13    3%        4    2%
  HOUND           11    2%        5    3%
  TURRET          10    2%        3    2%
  PIKEMAN         10    2%        3    2%
  SHIELD          12    2%        0    0%
  BOMBARD         11    2%        0    0%
  CUSTODIAN        9    2%        2    1%

PERK PICK FREQUENCY:
  GUN           : 13
  EXC           : 12
  MOM           : 11
  LCK           : 11
  TNK           : 10
  CLH           : 9
  BRK           : 9
  HRD           : 9
  VNT           : 8
  PLT           : 8
  FST           : 7
  OUT           : 7
  SGE           : 6
  SKR           : 5
  RFX           : 5
  GRD           : 5
  CQB           : 5
  MRK           : 4
  BND           : 3

SHOP PURCHASE FREQUENCY:
  FIELD MEDKIT      : 57
  WPN: HOLLOW POINT : 41
  WPN: SCOPE        : 33
  WPN: STABILIZER   : 29
  WPN: BIPOD        : 20
  COMBAT STIMS      : 14
  BALLISTIC PLATING : 14
  COUNTER-PREP      : 13
  WPN: SUPPRESSOR   : 12
  ARMORY            : 10
  FRAG CACHE        : 10
  ADV. TRAINING     : 7
  WPN: EXTENDED MAG : 6

BOON PICK FREQUENCY (PROCS = effect fires at instrumented sites; '-' = not instrumented;
                      PYR counts the +2-turn-burn half only — the Burning-immunity half is uninstrumented):
  code                 picks   PROCS
  FST               :     8      82
  ADR               :     6       -
  GHO               :     6       -
  SCV               :     6       -
  EXE               :     5       -
  FRT               :     5       -
  TRR               :     5      16
  GRN               :     4       -
  PYR               :     4       0
  FDR               :     3       0
  FVR               :     3       -
  RCL               :     3       0
  SHK               :     3       4
  VNM               :     3       -
  MRK               :     2       -
  RPD               :     2       -

RUN WIN-RATE BY BOON (campaign runs holding it):
  FST               :   63% ±17  (in 8 runs)
  ADR               :   17% ±15  (in 6 runs)
  GHO               :   67% ±19  (in 6 runs)
  SCV               :   67% ±19  (in 6 runs)
  EXE               :   40% ±22  (in 5 runs)
  FRT               :   60% ±22  (in 5 runs)
  TRR               :   60% ±22  (in 5 runs)
  GRN               :   25% ±22  (in 4 runs)
  PYR               :   50% ±25  (in 4 runs)
  FDR               :   67% ±27  (in 3 runs)
  FVR               :   67% ±27  (in 3 runs)
  RCL               :  100% ±0  (in 3 runs)
  SHK               :   67% ±27  (in 3 runs)
  VNM               :  100% ±0  (in 3 runs)
  MRK               :   50% ±35  (in 2 runs)
  RPD               :    0% ±0  (in 2 runs)

RUN WIN-RATE BY SPEC (campaign runs fielding it):
  HHT               :   50% ±20  (in 6 runs)
  SNT               :   40% ±22  (in 5 runs)
  BRC               :   25% ±22  (in 4 runs)
  ANC               :  100% ±0  (in 2 runs)
  ADN               :  100% ±0  (in 1 runs)
  JUG               :  100% ±0  (in 1 runs)
  PHN               :  100% ±0  (in 1 runs)
  PTH               :  100% ±0  (in 1 runs)

RUN WIN-RATE BY PERK (campaign runs holding it):
  GUN               :   50% ±16  (in 10 runs)
  BRK               :   63% ±17  (in 8 runs)
  CLH               :   63% ±17  (in 8 runs)
  EXC               :   43% ±19  (in 7 runs)
  LCK               :   29% ±17  (in 7 runs)
  PLT               :   57% ±19  (in 7 runs)
  FST               :   33% ±19  (in 6 runs)
  HRD               :   67% ±19  (in 6 runs)
  MOM               :   67% ±19  (in 6 runs)
  OUT               :   33% ±19  (in 6 runs)
  SGE               :   67% ±19  (in 6 runs)
  TNK               :   33% ±19  (in 6 runs)
  VNT               :   67% ±19  (in 6 runs)
  CQB               :   80% ±18  (in 5 runs)
  GRD               :   60% ±22  (in 5 runs)
  RFX               :   80% ±18  (in 5 runs)
  SKR               :   60% ±22  (in 5 runs)
  MRK               :   75% ±22  (in 4 runs)
  BND               :   33% ±27  (in 3 runs)

RUN WIN-RATE BY PURCHASE (campaign runs buying it):
  FIELD MEDKIT      :   53% ±12  (in 17 runs)
  WPN: HOLLOW POINT :   50% ±13  (in 14 runs)
  WPN: SCOPE        :   62% ±13  (in 13 runs)
  BALLISTIC PLATING :   36% ±15  (in 11 runs)
  WPN: BIPOD        :   55% ±15  (in 11 runs)
  COMBAT STIMS      :   60% ±15  (in 10 runs)
  COUNTER-PREP      :   50% ±16  (in 10 runs)
  WPN: SUPPRESSOR   :   60% ±15  (in 10 runs)
  WPN: STABILIZER   :   56% ±17  (in 9 runs)
  ARMORY            :   38% ±17  (in 8 runs)
  FRAG CACHE        :   43% ±19  (in 7 runs)
  ADV. TRAINING     :   80% ±18  (in 5 runs)
  WPN: EXTENDED MAG :   50% ±25  (in 4 runs)

RUN WIN-RATE BY EVENT-CHOICE (campaign runs taking id:arm):
  grave:1           :   25% ±22  (in 4 runs)
  bloodfeud:1       :   50% ±35  (in 2 runs)
  defector:0        :   50% ±35  (in 2 runs)
  distress:1        :   50% ±35  (in 2 runs)
  drill:1           :    0% ±0  (in 2 runs)
  reservecall:0     :  100% ±0  (in 2 runs)
  profiteer:0       :  100% ±0  (in 1 runs)
═══════════════════════════════════════════════════════════════════════

batch wall-time: 3.5s  (20 matches across 10 campaigns × 2 policy, frame-cap hits: 0)
aggregate JSON -> /home/user/SIGHTLINE/docs/measurements/l3/L3-h0-b60.json
INFO: TEXTURE: [ID 2] Unloaded texture data from VRAM (GPU)
INFO: SHADER: [ID 3] Default shader unloaded successfully
INFO: TEXTURE: [ID 1] Default texture unloaded successfully
INFO: Window closed successfully
