INFO: Initializing raylib 6.0
INFO: Platform backend: DESKTOP (GLFW)
INFO: Supported raylib modules:
INFO:     > rcore:..... loaded (mandatory)
INFO:     > rlgl:...... loaded (mandatory)
INFO:     > rshapes:... loaded (optional)
INFO:     > rtextures:. loaded (optional)
INFO:     > rtext:..... loaded (optional)
INFO:     > rmodels:... loaded (optional)
INFO:     > raudio:.... loaded (optional)
INFO: DISPLAY: Trying to enable MSAA x4
INFO: DISPLAY: Device initialized successfully 
INFO:     > Display size: 1280 x 800
INFO:     > Screen size:  1280 x 800
INFO:     > Render size:  1280 x 800
INFO:     > Viewport offsets: 0, 0
INFO: GLAD: OpenGL extensions loaded successfully
INFO: GL: Supported extensions count: 229
INFO: GL: OpenGL device information:
INFO:     > Vendor:   Mesa
INFO:     > Renderer: llvmpipe (LLVM 20.1.2, 256 bits)
INFO:     > Version:  4.5 (Core Profile) Mesa 25.2.8-0ubuntu0.24.04.2
INFO:     > GLSL:     4.50
INFO: GL: VAO extension detected, VAO functions loaded successfully
INFO: GL: NPOT textures extension detected, full NPOT textures supported
INFO: GL: DXT compressed textures supported
INFO: GL: ETC2/EAC compressed textures supported
INFO: PLATFORM: DESKTOP (GLFW - X11): Initialized successfully
INFO: TEXTURE: [ID 1] Texture loaded successfully (1x1 | R8G8B8A8 | 1 mipmaps)
INFO: TEXTURE: [ID 1] Default texture loaded successfully
INFO: SHADER: [ID 1] Vertex shader compiled successfully
INFO: SHADER: [ID 2] Fragment shader compiled successfully
INFO: SHADER: [ID 3] Program shader loaded successfully
INFO: SHADER: [ID 3] Default shader loaded successfully
INFO: RLGL: Render batch vertex buffers loaded successfully in RAM (CPU)
INFO: RLGL: Render batch vertex buffers loaded successfully in VRAM (GPU)
INFO: RLGL: Default OpenGL state initialized successfully
INFO: TEXTURE: [ID 2] Texture loaded successfully (128x128 | GRAY_ALPHA | 1 mipmaps)
INFO: FONT: Default font loaded successfully (224 glyphs)
INFO: SYSTEM: Working Directory: /home/user/SIGHTLINE
INFO: TIMER: Target time per frame: 0.000 milliseconds
FINALE-KIT: Wardens
REINFORCEMENTS: +2 (GRUNT,GRUNT)
FINALE-KIT: Wardens
REINFORCEMENTS: +2 (SCOUT,GRUNT)
REINFORCEMENTS: +2 (GRUNT,GRUNT)
FINALE-KIT: Wardens
WAVE: +3 (WARBRINGER,GRUNT,LANCER) [rich]
WAVE: +3 (LANCER,HOUND,HUNTER) [rich]
WAVE: +3 (HOUND,BRUISER,WARBRINGER) [rich]
WAVE: +3 (LANCER,BERSERKER,HUNTER) [rich]
FINALE-KIT: Wardens
WAVE: +3 (BRUISER,SCOUT,BERSERKER) [rich]
WAVE: +3 (HUNTER,STRIKER,BRUISER) [rich]
WAVE: +3 (HUNTER,BRUISER,HUNTER) [rich]
WAVE: +3 (GRUNT,GRUNT,LANCER) [rich]
FINALE-KIT: Syndicate
WAVE: +2 (DRONE,HUNTER) [rich]
WAVE: +2 (BRUISER,LANCER) [rich]
WAVE: +2 (STRIKER,BRUISER) [rich]
match 5/20  (W:0 L:5 cap:0)  0.9s
FINALE-KIT: Syndicate
REINFORCEMENTS: +2 (GRUNT,SCOUT)
REINFORCEMENTS: +2 (GRUNT,SCOUT)
FINALE-KIT: Legion
WAVE: +3 (SNIPER,SNIPER,SNIPER) [rich]
WAVE: +3 (GRUNT,GRUNT,CUSTODIAN) [rich]
WAVE: +3 (SCOUT,CUSTODIAN,SNIPER) [rich]
FINALE-KIT: Legion
WAVE: +3 (SNIPER,MEDIC,SNIPER) [rich]
WAVE: +3 (MORTAR,MORTAR,GRUNT) [rich]
WAVE: +3 (PIKEMAN,SNIPER,MORTAR) [rich]
WAVE: +3 (SNIPER,MORTAR,SCREENER) [rich]
FINALE-KIT: Legion
REINFORCEMENTS: +2 (SCOUT,SCOUT)
REINFORCEMENTS: +2 (SCOUT,SCOUT)
WAVE: +2 (SAPPER,SAPPER) [rich]
WAVE: +2 (SHIELD,SAPPER) [rich]
WAVE: +2 (SHIELD,SCREENER) [rich]
WAVE: +2 (SHIELD,SHIELD) [rich]
WAVE: +2 (SHIELD,SHIELD) [rich]
FINALE-KIT: Legion
REINFORCEMENTS: +2 (GRUNT,GRUNT)
REINFORCEMENTS: +2 (SCOUT,SCOUT)
REINFORCEMENTS: +3 (SCOUT,GRUNT,SCOUT)
match 10/20  (W:0 L:10 cap:0)  1.6s
FINALE-KIT: Wardens
WAVE: +2 (DRONE,BRUISER) [rich]
WAVE: +2 (SCOUT,SNIPER) [rich]
WAVE: +2 (DRONE,HUNTER) [rich]
REINFORCEMENTS: +2 (GRUNT,GRUNT)
REINFORCEMENTS: +2 (GRUNT,GRUNT)
REINFORCEMENTS: +2 (GRUNT,SCOUT)
FINALE-KIT: Wardens
WAVE: +2 (SNIPER,STRIKER) [rich]
WAVE: +2 (SNIPER,BRUISER) [rich]
WAVE: +2 (DRONE,STRIKER) [rich]
FINALE-KIT: Syndicate
REINFORCEMENTS: +2 (GRUNT,SCOUT)
REINFORCEMENTS: +2 (SCOUT,GRUNT)
FINALE-KIT: Syndicate
REINFORCEMENTS: +2 (GRUNT,GRUNT)
REINFORCEMENTS: +2 (GRUNT,SCOUT)
FINALE-KIT: Legion
WAVE: +2 (SNIPER,HUNTER) [rich]
WAVE: +2 (SHIELD,HUNTER) [rich]
WAVE: +2 (STRIKER,BERSERKER) [rich]
match 15/20  (W:1 L:14 cap:0)  2.2s
FINALE-KIT: Legion
WAVE: +2 (SNIPER,SHIELD) [rich]
WAVE: +2 (LANCER,LANCER) [rich]
WAVE: +2 (SAPPER,HUNTER) [rich]
FINALE-KIT: Syndicate
WAVE: +2 (SCOUT,GRUNT) [rich]
WAVE: +2 (PIKEMAN,SNIPER) [rich]
WAVE: +2 (MORTAR,MEDIC) [rich]
FINALE-KIT: Syndicate
WAVE: +2 (GRUNT,MORTAR) [rich]
WAVE: +2 (MEDIC,MORTAR) [rich]
WAVE: +2 (SNIPER,MORTAR) [rich]
WAVE: +2 (WARBRINGER,HUNTER) [rich]
WAVE: +2 (HUNTER,BRUISER) [rich]
WAVE: +2 (HUNTER,HUNTER) [rich]
FINALE-KIT: Syndicate
WAVE: +2 (HOUND,SNIPER) [rich]
WAVE: +2 (HUNTER,MEDIC) [rich]
WAVE: +2 (DRONE,BERSERKER) [rich]
REINFORCEMENTS: +2 (SCOUT,SCOUT)
REINFORCEMENTS: +2 (GRUNT,SCOUT)
FINALE-KIT: Syndicate
WAVE: +2 (BERSERKER,SPOTTER) [rich]
WAVE: +2 (BERSERKER,BERSERKER) [rich]
WAVE: +2 (SNIPER,HOUND) [rich]
REINFORCEMENTS: +2 (GRUNT,SCOUT)
REINFORCEMENTS: +2 (SCOUT,SCOUT)
match 20/20  (W:2 L:18 cap:0)  2.9s

══════════════════════ SIGHTLINE BALANCE REPORT ══════════════════════
runs=20  missions=57

RUN OUTCOMES (campaign):  win-rate   10%   avg missions cleared 2.7

POLICY GAP (optimal vs human-error; campaign runs only):
  greedy win-rate   10%  (n=10)
  sloppy win-rate   10%  (n=10)
  GAP    0 pts  (healthy slack)
  PAIRED (same-seed slots): pairs=10  concordant=10  discordant greedy-only-won=0 / sloppy-only-won=0  paired gap    0 pts
  PER-SLOT RECORDS (greedy | sloppy: outcome + missions cleared; margin = g−s):
    slot  10 @h2: L 1 | L 1   margin +0
    slot  11 @h2: L 3 | L 3   margin +0
    slot  12 @h2: L 1 | L 0   margin +1
    slot  13 @h2: L 5 | L 3   margin +2
    slot  14 @h2: L 2 | L 0   margin +2
    slot  15 @h2: L 5 | L 3   margin +2
    slot  16 @h2: L 1 | L 1   margin +0
    slot  17 @h2: W 6 | W 6   margin +0
    slot  18 @h2: L 1 | L 3   margin -2
    slot  19 @h2: L 4 | L 4   margin +0
  PAIRED MARGIN (missions cleared, all pairs): +0.50 ±0.40 SE  (n=10 pairs)
  by objective (greedy / sloppy / gap):
    Decapitate :   33% /  100% / gap  -67
    Defend     :   50% /   71% / gap  -21
    Eliminate  :   79% /   64% / gap   14
    Escort     :  100% /   67% / gap   33
    Rescue     :  100% /  100% / gap    0

DECISION RICHNESS / SWING:
  meaningful-choices/turn 2.78   lead-swings/match 0.9   avg max-swing 42.6
  [shot-gate] acting-soldiers/turn 3.22   armed-soldiers/turn 1.26   armed-fraction 39%   turns-with-a-shot 54%   choices/ARMED-soldier-turn 2.21
  [choice-split] los-targets/ARMED 3.00   target-choices/ARMED 0.48   position-choices/ARMED 1.73

RUN COMPLETION BY HEAT (full-campaign clears):
  heat 2:   10% ±7  (n=20 runs, avg 2.7 missions)

INTEL ECONOMY BY HEAT (campaign runs; heat-bonus = the Heat.IntelBonus share of income):
  heat 2: earned  100.6/run   heat-bonus  14.8 (  15% of income)   spent   85.3   unspent   15.3

MISSION WIN-RATE BY HEAT:
  heat 2:   68%  (n=57, avg 7.0 turns)

MISSION WIN-RATE BY OBJECTIVE:
  Eliminate  :   71% ±9  (n=28, avg 5.8 turns)
  Defend     :   60% ±13  (n=15, avg 8.4 turns)
  Escort     :   83% ±15  (n=6, avg 12.3 turns)
  Decapitate :   50% ±25  (n=4, avg 5.3 turns)
  Rescue     :  100% ±0  (n=2, avg 2.5 turns)
  Hack       :  100% ±0  (n=1, avg 3.0 turns)
  Sabotage   :    0% ±0  (n=1, avg 6.0 turns)

MISSION WIN-RATE BY OBJECTIVE x NODE KIND (a capstone must never pool with a mid-run node):
  Eliminate  : Start:  90%(n=20)  Elite:   0%(n=4)  Combat:   0%(n=2)  Supply: 100%(n=2)
               depth: m1:90%(20) m2:0%(4) m4:100%(2) m5:0%(2)
  Defend     : Supply:  86%(n=7)  Elite:  25%(n=4)  Combat:  50%(n=4)
               depth: m2:60%(5) m3:83%(6) m4:25%(4)
  Escort     : Combat: 100%(n=2)  Supply:  50%(n=2)  Elite: 100%(n=2)
               depth: m3:100%(2) m4:50%(2) m5:100%(2)
  Decapitate : Boss:  50%(n=4)
               depth: m6:50%(4)
  Rescue     : Elite: 100%(n=2)
               depth: m3:100%(2)
  Hack       : Combat: 100%(n=1)
               depth: m5:100%(1)
  Sabotage   : Combat:   0%(n=1)
               depth: m4:0%(1)

DECAPITATE HVT (buff = +6+1*mission HP, +6 aim; ELITE exempt):
  EXEMPT  :   50% ±25  (n=4, avg 5.3 turns, HVT 23.0 max HP)  [m6:50%(4)]

MISSION WIN-RATE BY MISSION #:
  m1:   90% ±7  (n=20)
  m2:   33% ±16  (n=9)
  m3:   90% ±9  (n=10)
  m4:   44% ±17  (n=9)
  m5:   60% ±22  (n=5)
  m6:   50% ±25  (n=4)

LOSS CAUSES (missions):
  RUN OVER              : 17
  STALEMATE             : 1

MISSION WIN-RATE BY ARENA (authored layouts, n>=3; procedural fallback   37% of 57 missions):
  arena 13:   67% ±27  (n=3, avg 8.0 turns)  [m3:100%(2) m5:0%(1)]
  arena 30:   25% ±22  (n=4, avg 6.0 turns)  [m3:0%(1) m4:0%(2) m5:100%(1)]
  procedural:   62% ±11  (n=21, avg 8.8 turns)  [m1:88%(8) m2:20%(5) m3:100%(2) m4:67%(3) m5:0%(1) m6:50%(2)]

DEPLOYMENT GEOMETRY (opening shape; choices/ARMED is the wave's real gate):
  FRONTAL   :   75% ±9  (n=24, avg 8.0 turns)  choices/turn 2.30  choices/ARMED 1.82  los-targets/ARMED 2.81
  PINCER    :   43% ±13  (n=14, avg 7.8 turns)  choices/turn 3.60  choices/ARMED 2.83  los-targets/ARMED 4.05
  CROSSFIRE :   20% ±18  (n=5, avg 6.8 turns)  choices/turn 2.43  choices/ARMED 2.52  los-targets/ARMED 1.93
  ENVELOP   :  100% ±0  (n=14, avg 4.4 turns)  choices/turn 3.03  choices/ARMED 2.23  los-targets/ARMED 2.25

ARENA FUNNEL (Mission.Build exits, n=66 builds, all modes):
  authored-applied    :  68.2%  (n=45)
  connectivity-reject :   1.5%  (n=1)
  procedural-roll     :  30.3%  (n=20)

DECK EXPOSURE (campaign runs n=20):
  distinct authored arenas/run : 1.80 mean (all runs)
  ... full-depth runs only     : 3.50 mean over 4.0 fights/run (n=2)
  Defend dealt on the route    :   70% of runs (n=14)

ACTION MIX (verbs issued, by policy):
  verb                  greedy        sloppy
  MOVE               451   41%     409   32%
  SHOOT              313   29%     269   21%
  HUNKER              39    4%     145   11%
  OVERWATCH            9    1%     171   13%
  RELOAD              43    4%      46    4%
  BRACE               46    4%      27    2%
  FOCUS               28    3%      43    3%
  INTEL               29    3%      26    2%
  STABILIZE           24    2%      30    2%
  SLIPSTREAM          24    2%      27    2%
  MARK                22    2%      19    1%
  PIN                 17    2%      15    1%
  ITEM:SMOKE          10    1%      12    1%
  GRENADE              6    1%      10    1%
  GRAPPLE              5    0%       5    0%
  PATCH                6    1%       2    0%
  EXTRACT              4    0%       2    0%
  REARM                5    0%       1    0%
  BEACON               2    0%       3    0%
  PLANT                0    0%       4    0%
  BARREL               2    0%       1    0%
  HACK                 2    0%       0    0%
  DRAG                 1    0%       0    0%
  ITEM:INCENDIARY       1    0%       0    0%

PLAYER CLASS PERFORMANCE:
  class        shots   hit%   dmg   kills
  GUNNER         216    82%    937     64
  SHARPSHOOTER    151    87%    934     60
  RANGER         112    83%    598     44
  ASSAULT        108    86%    465     30
  CORPSMAN        19    84%     62      3

SOLDIER DEATHS BY ENEMY CLASS (threat ranking):
  GRUNT      : 16
  BERSERKER  : 13
  SCOUT      : 12
  SHIELD     : 10
  SNIPER     : 8
  ELITE      : 7
  DRONE      : 6
  BRUISER    : 5
  MORTAR     : 4
  STRIKE     : 4
  HOUND      : 2
  LANCER     : 2
  SAPPER     : 2
  STRIKER    : 1
  BURN       : 1
  HUNTER     : 1
  MEDIC      : 1
  WARBRINGER : 1

SOLDIER DOWNS (FUL-7 bleed-out): 167 downs -> revived 6 / recovered 25 / bled out 123 / finished 13  (save-rate   19%)
  corpsman fielded in 13 missions

ENEMY COMPOSITION (spawns; faction-stamped fights n=353 / default-cascade fights n=186):
  class        faction         default
  SCOUT           24    7%       66   35%
  GRUNT           35   10%       34   18%
  SNIPER          28    8%       11    6%
  BERSERKER       26    7%        7    4%
  HUNTER          19    5%        9    5%
  DRONE           20    6%        7    4%
  SCREENER        24    7%        2    1%
  SHIELD          21    6%        5    3%
  ELITE           20    6%        4    2%
  LANCER          18    5%        6    3%
  SAPPER          20    6%        3    2%
  HOUND           11    3%       10    5%
  BRUISER         14    4%        7    4%
  MEDIC           18    5%        1    1%
  MORTAR          16    5%        0    0%
  STRIKER          7    2%        7    4%
  PIKEMAN         12    3%        0    0%
  SPOTTER          2    1%        6    3%
  WARBRINGER       6    2%        0    0%
  CUSTODIAN        6    2%        0    0%
  BOMBARD          3    1%        1    1%
  TURRET           3    1%        0    0%

PERK PICK FREQUENCY:
  LCK           : 13
  CQB           : 13
  MOM           : 10
  MRK           : 7
  VNT           : 7
  FST           : 7
  GRD           : 7
  OUT           : 7
  HRD           : 6
  TNK           : 6
  GUN           : 5
  SKR           : 5
  EXC           : 5
  RFX           : 4
  BRK           : 3
  PLT           : 3
  CLH           : 2
  SGE           : 2
  BND           : 1

SHOP PURCHASE FREQUENCY:
  FIELD MEDKIT      : 30
  WPN: STABILIZER   : 26
  WPN: SCOPE        : 21
  WPN: BIPOD        : 19
  ADV. TRAINING     : 14
  COMBAT STIMS      : 13
  WPN: HOLLOW POINT : 10
  BALLISTIC PLATING : 6
  ARMORY            : 6
  COUNTER-PREP      : 6
  WPN: EXTENDED MAG : 4
  FRAG CACHE        : 3
  WPN: SUPPRESSOR   : 3

BOON PICK FREQUENCY (PROCS = effect fires at instrumented sites; '-' = not instrumented;
                      PYR counts the +2-turn-burn half only — the Burning-immunity half is uninstrumented):
  code                 picks   PROCS
  PYR               :     5       2
  GHO               :     4       -
  GRN               :     4       -
  TRR               :     4      10
  EXE               :     3       -
  FVR               :     3       -
  ADR               :     2       -
  FDR               :     2       0
  RCL               :     2       0
  SCV               :     2       -
  VNM               :     2       -
  FRT               :     1       -
  FST               :     1      17
  MRK               :     1       -
  SHK               :     1       4

RUN WIN-RATE BY BOON (campaign runs holding it):
  PYR               :   20% ±18  (in 5 runs)
  GHO               :   25% ±22  (in 4 runs)
  GRN               :    0% ±0  (in 4 runs)
  TRR               :   25% ±22  (in 4 runs)
  EXE               :   33% ±27  (in 3 runs)
  FVR               :    0% ±0  (in 3 runs)
  ADR               :    0% ±0  (in 2 runs)
  FDR               :   50% ±35  (in 2 runs)
  RCL               :    0% ±0  (in 2 runs)
  SCV               :    0% ±0  (in 2 runs)
  VNM               :   50% ±35  (in 2 runs)
  FRT               :    0% ±0  (in 1 runs)
  FST               :    0% ±0  (in 1 runs)
  MRK               :    0% ±0  (in 1 runs)
  SHK               :    0% ±0  (in 1 runs)

RUN WIN-RATE BY SPEC (campaign runs fielding it):
  HHT               :    0% ±0  (in 5 runs)
  ADN               :   33% ±27  (in 3 runs)
  PHN               :   33% ±27  (in 3 runs)
  ANC               :    0% ±0  (in 2 runs)
  PTH               :    0% ±0  (in 2 runs)
  JUG               :    0% ±0  (in 1 runs)
  SNT               :    0% ±0  (in 1 runs)

RUN WIN-RATE BY PERK (campaign runs holding it):
  LCK               :   18% ±12  (in 11 runs)
  CQB               :   25% ±15  (in 8 runs)
  FST               :   14% ±13  (in 7 runs)
  MOM               :   14% ±13  (in 7 runs)
  MRK               :   14% ±13  (in 7 runs)
  GRD               :    0% ±0  (in 6 runs)
  VNT               :   33% ±19  (in 6 runs)
  EXC               :   20% ±18  (in 5 runs)
  HRD               :   20% ±18  (in 5 runs)
  OUT               :   20% ±18  (in 5 runs)
  TNK               :   20% ±18  (in 5 runs)
  GUN               :   25% ±22  (in 4 runs)
  RFX               :   25% ±22  (in 4 runs)
  SKR               :   25% ±22  (in 4 runs)
  BRK               :   33% ±27  (in 3 runs)
  PLT               :    0% ±0  (in 3 runs)
  CLH               :    0% ±0  (in 2 runs)
  SGE               :    0% ±0  (in 2 runs)
  BND               :    0% ±0  (in 1 runs)

RUN WIN-RATE BY PURCHASE (campaign runs buying it):
  FIELD MEDKIT      :   13% ±8  (in 16 runs)
  ADV. TRAINING     :   18% ±12  (in 11 runs)
  WPN: STABILIZER   :    0% ±0  (in 8 runs)
  WPN: BIPOD        :   14% ±13  (in 7 runs)
  ARMORY            :   17% ±15  (in 6 runs)
  COMBAT STIMS      :   33% ±19  (in 6 runs)
  COUNTER-PREP      :   17% ±15  (in 6 runs)
  WPN: SCOPE        :   33% ±19  (in 6 runs)
  BALLISTIC PLATING :    0% ±0  (in 4 runs)
  WPN: HOLLOW POINT :    0% ±0  (in 4 runs)
  FRAG CACHE        :    0% ±0  (in 3 runs)
  WPN: EXTENDED MAG :   33% ±27  (in 3 runs)
  WPN: SUPPRESSOR   :   50% ±35  (in 2 runs)

RUN WIN-RATE BY EVENT-CHOICE (campaign runs taking id:arm):
  bloodfeud:2       :  100% ±0  (in 2 runs)
  depot:0           :  100% ±0  (in 2 runs)
  drill:1           :    0% ±0  (in 2 runs)
  fieldhospital:2   :    0% ±0  (in 2 runs)
  grave:1           :    0% ±0  (in 2 runs)
  medic:1           :    0% ±0  (in 2 runs)
  bloodfeud:1       :    0% ±0  (in 1 runs)
  warpension:2      :    0% ±0  (in 1 runs)
═══════════════════════════════════════════════════════════════════════

batch wall-time: 2.9s  (20 matches across 10 campaigns × 2 policy, frame-cap hits: 0)
aggregate JSON -> /home/user/SIGHTLINE/docs/measurements/l3/L3-h2-b10.json
INFO: TEXTURE: [ID 2] Unloaded texture data from VRAM (GPU)
INFO: SHADER: [ID 3] Default shader unloaded successfully
INFO: TEXTURE: [ID 1] Default texture unloaded successfully
INFO: Window closed successfully
