INFO: Initializing raylib 6.0
INFO: Platform backend: DESKTOP (GLFW)
INFO: Supported raylib modules:
INFO:     > rcore:..... loaded (mandatory)
INFO:     > rlgl:...... loaded (mandatory)
INFO:     > rshapes:... loaded (optional)
INFO:     > rtextures:. loaded (optional)
INFO:     > rtext:..... loaded (optional)
INFO:     > rmodels:... loaded (optional)
INFO:     > raudio:.... loaded (optional)
INFO: DISPLAY: Trying to enable MSAA x4
INFO: DISPLAY: Device initialized successfully 
INFO:     > Display size: 1280 x 800
INFO:     > Screen size:  1280 x 800
INFO:     > Render size:  1280 x 800
INFO:     > Viewport offsets: 0, 0
INFO: GLAD: OpenGL extensions loaded successfully
INFO: GL: Supported extensions count: 229
INFO: GL: OpenGL device information:
INFO:     > Vendor:   Mesa
INFO:     > Renderer: llvmpipe (LLVM 20.1.2, 256 bits)
INFO:     > Version:  4.5 (Core Profile) Mesa 25.2.8-0ubuntu0.24.04.2
INFO:     > GLSL:     4.50
INFO: GL: VAO extension detected, VAO functions loaded successfully
INFO: GL: NPOT textures extension detected, full NPOT textures supported
INFO: GL: DXT compressed textures supported
INFO: GL: ETC2/EAC compressed textures supported
INFO: PLATFORM: DESKTOP (GLFW - X11): Initialized successfully
INFO: TEXTURE: [ID 1] Texture loaded successfully (1x1 | R8G8B8A8 | 1 mipmaps)
INFO: TEXTURE: [ID 1] Default texture loaded successfully
INFO: SHADER: [ID 1] Vertex shader compiled successfully
INFO: SHADER: [ID 2] Fragment shader compiled successfully
INFO: SHADER: [ID 3] Program shader loaded successfully
INFO: SHADER: [ID 3] Default shader loaded successfully
INFO: RLGL: Render batch vertex buffers loaded successfully in RAM (CPU)
INFO: RLGL: Render batch vertex buffers loaded successfully in VRAM (GPU)
INFO: RLGL: Default OpenGL state initialized successfully
INFO: TEXTURE: [ID 2] Texture loaded successfully (128x128 | GRAY_ALPHA | 1 mipmaps)
INFO: FONT: Default font loaded successfully (224 glyphs)
INFO: SYSTEM: Working Directory: /home/user/SIGHTLINE
INFO: TIMER: Target time per frame: 0.000 milliseconds
FINALE-KIT: Syndicate
WAVE: +2 (SAPPER,DRONE) [rich]
WAVE: +2 (SHIELD,SHIELD) [rich]
WAVE: +2 (SAPPER,SCREENER) [rich]
FINALE-KIT: Syndicate
WAVE: +2 (SHIELD,SCREENER) [rich]
WAVE: +2 (SAPPER,SHIELD) [rich]
WAVE: +2 (SHIELD,SCREENER) [rich]
WAVE: +2 (SCREENER,DRONE) [rich]
WAVE: +1 (SAPPER) [rich]
FINALE-KIT: Wardens
WAVE: +2 (SPOTTER,HOUND) [rich]
WAVE: +2 (SAPPER,SAPPER) [rich]
WAVE: +2 (SAPPER,SNIPER) [rich]
REINFORCEMENTS: +2 (GRUNT,SCOUT)
REINFORCEMENTS: +2 (GRUNT,SCOUT)
REINFORCEMENTS: +3 (SCOUT,SCOUT,SCOUT)
FINALE-KIT: Wardens
WAVE: +2 (STRIKER,HUNTER) [rich]
WAVE: +2 (HOUND,LANCER) [rich]
WAVE: +2 (DRONE,SPOTTER) [rich]
FINALE-KIT: Syndicate
WAVE: +3 (DRONE,SNIPER,PIKEMAN) [rich]
WAVE: +3 (HOUND,BERSERKER,HOUND) [rich]
WAVE: +2 (WARBRINGER,MORTAR) [rich]
WAVE: +1 (STRIKER) [rich]
match 5/20  (W:0 L:5 cap:0)  1.6s
FINALE-KIT: Syndicate
WAVE: +3 (GRUNT,SCOUT,GRUNT) [rich]
WAVE: +1 (BERSERKER) [rich]
WAVE: +1 (SNIPER) [rich]
FINALE-KIT: Legion
WAVE: +2 (SHIELD,DRONE) [rich]
WAVE: +1 (SHIELD) [rich]
WAVE: +1 (SCREENER) [rich]
REINFORCEMENTS: +2 (GRUNT,GRUNT)
REINFORCEMENTS: +2 (SCOUT,SCOUT)
REINFORCEMENTS: +3 (SCOUT,GRUNT,SCOUT)
FINALE-KIT: Legion
WAVE: +2 (DRONE,SHIELD) [rich]
WAVE: +1 (SAPPER) [rich]
WAVE: +1 (SHIELD) [rich]
REINFORCEMENTS: +2 (GRUNT,SCOUT)
REINFORCEMENTS: +2 (SCOUT,GRUNT)
REINFORCEMENTS: +3 (SCOUT,SCOUT,SCOUT)
FINALE-KIT: Wardens
REINFORCEMENTS: +2 (GRUNT,GRUNT)
FINALE-KIT: Wardens
match 10/20  (W:0 L:10 cap:0)  2.5s
FINALE-KIT: Wardens
FINALE-KIT: Wardens
FINALE-KIT: Legion
FINALE-KIT: Legion
FINALE-KIT: Syndicate
WAVE: +2 (STRIKER,CUSTODIAN) [rich]
WAVE: +2 (WARBRINGER,HOUND) [rich]
WAVE: +2 (SPOTTER,GRUNT) [rich]
match 15/20  (W:0 L:15 cap:0)  3.2s
FINALE-KIT: Syndicate
WAVE: +2 (SHIELD,SNIPER) [rich]
WAVE: +2 (LANCER,SNIPER) [rich]
WAVE: +2 (PIKEMAN,BERSERKER) [rich]
FINALE-KIT: Syndicate
FINALE-KIT: Syndicate
FINALE-KIT: Syndicate
WAVE: +2 (HOUND,DRONE) [rich]
WAVE: +2 (SNIPER,HUNTER) [rich]
WAVE: +2 (HUNTER,SCOUT) [rich]
WAVE: +2 (GRUNT,LANCER) [rich]
WAVE: +2 (SHIELD,LANCER) [rich]
WAVE: +2 (HUNTER,CUSTODIAN) [rich]
FINALE-KIT: Syndicate
WAVE: +2 (SNIPER,STRIKER) [rich]
WAVE: +2 (DRONE,BRUISER) [rich]
WAVE: +2 (HOUND,HUNTER) [rich]
WAVE: +2 (SCREENER,SPOTTER) [rich]
WAVE: +2 (DRONE,STRIKER) [rich]
WAVE: +2 (LANCER,SNIPER) [rich]
WAVE: +2 (BERSERKER,LANCER) [rich]
WAVE: +1 (SNIPER) [rich]
match 20/20  (W:0 L:20 cap:0)  3.6s

══════════════════════ SIGHTLINE BALANCE REPORT ══════════════════════
runs=20  missions=69

RUN OUTCOMES (campaign):  win-rate    0%   avg missions cleared 3.5

POLICY GAP (optimal vs human-error; campaign runs only):
  greedy win-rate    0%  (n=10)
  sloppy win-rate    0%  (n=10)
  GAP    0 pts  (healthy slack)
  PAIRED (same-seed slots): pairs=10  concordant=10  discordant greedy-only-won=0 / sloppy-only-won=0  paired gap    0 pts
  PER-SLOT RECORDS (greedy | sloppy: outcome + missions cleared; margin = g−s):
    slot  40 @h8: L 2 | L 3   margin -1
    slot  41 @h8: L 5 | L 3   margin +2
    slot  42 @h8: L 5 | L 4   margin +1
    slot  43 @h8: L 3 | L 3   margin +0
    slot  44 @h8: L 3 | L 2   margin +1
    slot  45 @h8: L 4 | L 4   margin +0
    slot  46 @h8: L 5 | L 5   margin +0
    slot  47 @h8: L 3 | L 5   margin -2
    slot  48 @h8: L 2 | L 2   margin +0
    slot  49 @h8: L 3 | L 3   margin +0
  PAIRED MARGIN (missions cleared, all pairs): +0.10 ±0.35 SE  (n=10 pairs)
  by objective (greedy / sloppy / gap):
    Decapitate :    0% /    0% / gap    0
    Defend     :   86% /  100% / gap  -14
    Eliminate  :   83% /   91% / gap   -8
    Escort     :   60% /   40% / gap   20
    Evac       :  100% /  100% / gap    0
    Rescue     :  100% /   60% / gap   40
    Sabotage   :  100% /  100% / gap    0

DECISION RICHNESS / SWING:
  meaningful-choices/turn 1.56   lead-swings/match 0.9   avg max-swing 76.6
  [shot-gate] acting-soldiers/turn 2.43   armed-soldiers/turn 0.85   armed-fraction 35%   turns-with-a-shot 47%   choices/ARMED-soldier-turn 1.84
  [choice-split] los-targets/ARMED 2.28   target-choices/ARMED 0.33   position-choices/ARMED 1.51

RUN COMPLETION BY HEAT (full-campaign clears):
  heat 8:    0% ±0  (n=20 runs, avg 3.5 missions)

INTEL ECONOMY BY HEAT (campaign runs; heat-bonus = the Heat.IntelBonus share of income):
  heat 8: earned  252.7/run   heat-bonus 137.2 (  54% of income)   spent  232.9   unspent   19.8

MISSION WIN-RATE BY HEAT:
  heat 8:   71%  (n=69, avg 6.6 turns)

MISSION WIN-RATE BY OBJECTIVE:
  Eliminate  :   87% ±7  (n=23, avg 5.6 turns)
  Defend     :   93% ±7  (n=14, avg 8.7 turns)
  Escort     :   50% ±16  (n=10, avg 8.2 turns)
  Rescue     :   78% ±14  (n=9, avg 5.1 turns)
  Decapitate :    0% ±0  (n=9, avg 6.4 turns)
  Evac       :  100% ±0  (n=2, avg 3.5 turns)
  Sabotage   :  100% ±0  (n=2, avg 4.0 turns)

MISSION WIN-RATE BY OBJECTIVE x NODE KIND (a capstone must never pool with a mid-run node):
  Eliminate  : Start: 100%(n=20)  Supply:   0%(n=2)  Combat:   0%(n=1)
               depth: m1:100%(20) m4:0%(3)
  Defend     : Supply: 100%(n=10)  Combat:  50%(n=2)  Elite: 100%(n=2)
               depth: m2:100%(2) m3:90%(10) m4:100%(2)
  Escort     : Combat:  33%(n=6)  Elite:  50%(n=2)  Supply: 100%(n=2)
               depth: m3:100%(2) m4:33%(6) m5:50%(2)
  Rescue     : Supply:  78%(n=9)
               depth: m2:100%(2) m3:50%(2) m4:67%(3) m5:100%(2)
  Decapitate : Boss:   0%(n=5)  Combat:   0%(n=2)  Supply:   0%(n=2)
               depth: m3:0%(2) m5:0%(2) m6:0%(5)
  Evac       : Combat: 100%(n=2)
               depth: m3:100%(2)
  Sabotage   : Combat: 100%(n=2)
               depth: m2:100%(2)

DECAPITATE HVT (buff = +6+1*mission HP, +6 aim; ELITE exempt):
  EXEMPT  :    0% ±0  (n=9, avg 6.4 turns, HVT 23.4 max HP)  [m3:0%(2) m5:0%(2) m6:0%(5)]

MISSION WIN-RATE BY MISSION #:
  m1:  100% ±0  (n=20)
  m2:  100% ±0  (n=6)
  m3:   78% ±10  (n=18)
  m4:   43% ±13  (n=14)
  m5:   50% ±20  (n=6)
  m6:    0% ±0  (n=5)

LOSS CAUSES (missions):
  RUN OVER              : 12
  VIP LOST              : 5
  CAPTIVE LOST          : 2
  STALEMATE             : 1

MISSION WIN-RATE BY ARENA (authored layouts, n>=3; procedural fallback   16% of 69 missions):
  arena  4:    0% ±0  (n=3, avg 6.3 turns)  [m6:0%(3)]
  arena  8:   33% ±27  (n=3, avg 4.7 turns)  [m4:33%(3)]
  arena 16:  100% ±0  (n=4, avg 3.5 turns)  [m1:100%(2) m4:100%(2)]
  arena 24:   67% ±27  (n=3, avg 8.0 turns)  [m3:100%(2) m4:0%(1)]
  arena 27:   60% ±22  (n=5, avg 4.8 turns)  [m1:100%(2) m3:100%(1) m5:0%(2)]
  arena 28:   67% ±27  (n=3, avg 4.7 turns)  [m1:100%(2) m3:0%(1)]
  arena 29:   75% ±22  (n=4, avg 3.8 turns)  [m1:100%(2) m5:50%(2)]
  arena 34:  100% ±0  (n=4, avg 2.8 turns)  [m1:100%(4)]
  procedural:   55% ±15  (n=11, avg 12.1 turns)  [m1:100%(4) m3:50%(4) m4:0%(2) m6:0%(1)]

DEPLOYMENT GEOMETRY (opening shape; choices/ARMED is the wave's real gate):
  FRONTAL   :   61% ±9  (n=28, avg 8.6 turns)  choices/turn 1.06  choices/ARMED 1.94  los-targets/ARMED 2.23
  PINCER    :   76% ±9  (n=21, avg 4.5 turns)  choices/turn 1.93  choices/ARMED 1.65  los-targets/ARMED 2.35
  CROSSFIRE :   67% ±16  (n=9, avg 5.4 turns)  choices/turn 1.95  choices/ARMED 2.26  los-targets/ARMED 2.21
  ENVELOP   :   91% ±9  (n=11, avg 6.2 turns)  choices/turn 2.62  choices/ARMED 1.74  los-targets/ARMED 2.29

ARENA FUNNEL (Mission.Build exits, n=83 builds, all modes):
  authored-applied    :  84.3%  (n=70)
  connectivity-reject :   0.0%  (n=0)
  procedural-roll     :  15.7%  (n=13)

DECK EXPOSURE (campaign runs n=20):
  distinct authored arenas/run : 2.90 mean (all runs)
  Defend dealt on the route    :   60% of runs (n=12)

ACTION MIX (verbs issued, by policy):
  verb                  greedy        sloppy
  MOVE               380   32%     308   33%
  SHOOT              289   25%     261   28%
  BRACE              145   12%      66    7%
  HUNKER             117   10%      52    5%
  OVERWATCH           41    3%      51    5%
  INTEL               35    3%      31    3%
  RELOAD              31    3%      33    3%
  SLIPSTREAM          27    2%      29    3%
  FOCUS               23    2%      32    3%
  STABILIZE           29    2%      26    3%
  MARK                13    1%      13    1%
  PIN                  6    1%      12    1%
  ITEM:SMOKE           5    0%      10    1%
  GRENADE              4    0%       7    1%
  DRAG                 9    1%       1    0%
  GRAPPLE              7    1%       2    0%
  BEACON               6    1%       1    0%
  PLANT                3    0%       3    0%
  PATCH                1    0%       4    0%
  REARM                1    0%       4    0%
  BARREL               2    0%       0    0%
  EXTRACT              1    0%       0    0%

PLAYER CLASS PERFORMANCE:
  class        shots   hit%   dmg   kills
  SHARPSHOOTER    161    91%   1132     68
  GUNNER         195    84%    968     54
  RANGER          87    82%    475     37
  ASSAULT        110    78%    459     21
  CORPSMAN        23    87%     67      4
  VIP              2    50%      6      0

SOLDIER DEATHS BY ENEMY CLASS (threat ranking):
  SAPPER     : 10
  BERSERKER  : 10
  SHIELD     : 9
  STRIKER    : 9
  ELITE      : 9
  BRUISER    : 8
  SNIPER     : 6
  BURN       : 5
  DRONE      : 5
  LANCER     : 5
  HOUND      : 4
  SCOUT      : 4
  TURRET     : 4
  STRIKE     : 3
  SCREENER   : 3
  PIKEMAN    : 3
  GRUNT      : 3
  HUNTER     : 3
  WARBRINGER : 2
  CUSTODIAN  : 2
  SPOTTER    : 2
  MORTAR     : 2

SOLDIER DOWNS (FUL-7 bleed-out): 194 downs -> revived 3 / recovered 40 / bled out 126 / finished 14  (save-rate   28%)
  corpsman fielded in 13 missions

ENEMY COMPOSITION (spawns; faction-stamped fights n=346 / default-cascade fights n=427):
  class        faction         default
  SCOUT           12    3%       66   15%
  GRUNT           24    7%       45   11%
  DRONE           28    8%       28    7%
  BERSERKER       36   10%       16    4%
  SHIELD          35   10%       15    4%
  LANCER          22    6%       27    6%
  SCREENER        30    9%       16    4%
  HUNTER          17    5%       26    6%
  STRIKER         14    4%       28    7%
  SAPPER          25    7%       16    4%
  HOUND           15    4%       26    6%
  ELITE           21    6%       18    4%
  SNIPER           0    0%       33    8%
  BRUISER         26    8%        3    1%
  TURRET          14    4%       11    3%
  PIKEMAN          4    1%       13    3%
  MEDIC            1    0%       13    3%
  SPOTTER          1    0%       13    3%
  CUSTODIAN        6    2%        7    2%
  MORTAR           8    2%        3    1%
  WARBRINGER       5    1%        3    1%
  BOMBARD          2    1%        1    0%

PERK PICK FREQUENCY:
  OUT           : 18
  MOM           : 11
  LCK           : 11
  SGE           : 10
  MRK           : 9
  GRD           : 9
  CQB           : 8
  PLT           : 8
  FST           : 8
  GUN           : 8
  EXC           : 7
  BRK           : 7
  RFX           : 7
  HRD           : 7
  TNK           : 6
  BND           : 6
  SKR           : 5
  CLH           : 4
  VNT           : 2

SHOP PURCHASE FREQUENCY:
  COMBAT STIMS      : 60
  FIELD MEDKIT      : 57
  WPN: HOLLOW POINT : 50
  WPN: SCOPE        : 47
  ADV. TRAINING     : 40
  WPN: EXTENDED MAG : 33
  WPN: BIPOD        : 32
  FRAG CACHE        : 26
  COUNTER-PREP      : 26
  WPN: STABILIZER   : 24
  WPN: SUPPRESSOR   : 18
  BALLISTIC PLATING : 16
  ARMORY            : 5

BOON PICK FREQUENCY (PROCS = effect fires at instrumented sites; '-' = not instrumented;
                      PYR counts the +2-turn-burn half only — the Burning-immunity half is uninstrumented):
  code                 picks   PROCS
  RPD               :     7       -
  FVR               :     6       -
  EXE               :     5       -
  TRR               :     5      12
  MRK               :     4       -
  SCV               :     4       -
  ADR               :     3       -
  GRN               :     3       -
  PYR               :     3       0
  SHK               :     3       5
  FST               :     2      24
  GHO               :     2       -
  FDR               :     1       3
  FRT               :     1       -

RUN WIN-RATE BY BOON (campaign runs holding it):
  RPD               :    0% ±0  (in 7 runs)
  FVR               :    0% ±0  (in 6 runs)
  EXE               :    0% ±0  (in 5 runs)
  TRR               :    0% ±0  (in 5 runs)
  MRK               :    0% ±0  (in 4 runs)
  SCV               :    0% ±0  (in 4 runs)
  ADR               :    0% ±0  (in 3 runs)
  GRN               :    0% ±0  (in 3 runs)
  PYR               :    0% ±0  (in 3 runs)
  SHK               :    0% ±0  (in 3 runs)
  FST               :    0% ±0  (in 2 runs)
  GHO               :    0% ±0  (in 2 runs)
  FDR               :    0% ±0  (in 1 runs)
  FRT               :    0% ±0  (in 1 runs)

RUN WIN-RATE BY SPEC (campaign runs fielding it):
  ANC               :    0% ±0  (in 5 runs)
  SNT               :    0% ±0  (in 5 runs)
  ADN               :    0% ±0  (in 2 runs)
  HHT               :    0% ±0  (in 2 runs)
  PTH               :    0% ±0  (in 2 runs)
  JUG               :    0% ±0  (in 1 runs)
  PHN               :    0% ±0  (in 1 runs)

RUN WIN-RATE BY PERK (campaign runs holding it):
  OUT               :    0% ±0  (in 10 runs)
  LCK               :    0% ±0  (in 9 runs)
  FST               :    0% ±0  (in 8 runs)
  MOM               :    0% ±0  (in 8 runs)
  MRK               :    0% ±0  (in 8 runs)
  PLT               :    0% ±0  (in 8 runs)
  SGE               :    0% ±0  (in 8 runs)
  BRK               :    0% ±0  (in 6 runs)
  CQB               :    0% ±0  (in 6 runs)
  EXC               :    0% ±0  (in 6 runs)
  HRD               :    0% ±0  (in 6 runs)
  RFX               :    0% ±0  (in 6 runs)
  TNK               :    0% ±0  (in 6 runs)
  BND               :    0% ±0  (in 5 runs)
  GRD               :    0% ±0  (in 5 runs)
  GUN               :    0% ±0  (in 5 runs)
  SKR               :    0% ±0  (in 5 runs)
  CLH               :    0% ±0  (in 4 runs)
  VNT               :    0% ±0  (in 2 runs)

RUN WIN-RATE BY PURCHASE (campaign runs buying it):
  FIELD MEDKIT      :    0% ±0  (in 19 runs)
  COUNTER-PREP      :    0% ±0  (in 15 runs)
  WPN: EXTENDED MAG :    0% ±0  (in 15 runs)
  WPN: SCOPE        :    0% ±0  (in 14 runs)
  COMBAT STIMS      :    0% ±0  (in 13 runs)
  WPN: HOLLOW POINT :    0% ±0  (in 13 runs)
  WPN: BIPOD        :    0% ±0  (in 12 runs)
  ADV. TRAINING     :    0% ±0  (in 10 runs)
  WPN: STABILIZER   :    0% ±0  (in 10 runs)
  BALLISTIC PLATING :    0% ±0  (in 9 runs)
  FRAG CACHE        :    0% ±0  (in 9 runs)
  WPN: SUPPRESSOR   :    0% ±0  (in 9 runs)
  ARMORY            :    0% ±0  (in 4 runs)

RUN WIN-RATE BY EVENT-CHOICE (campaign runs taking id:arm):
  cache:1           :    0% ±0  (in 3 runs)
  quartermaster:1   :    0% ±0  (in 3 runs)
  blackmarket:2     :    0% ±0  (in 2 runs)
  bloodfeud:1       :    0% ±0  (in 2 runs)
  defector:0        :    0% ±0  (in 2 runs)
  drill:0           :    0% ±0  (in 2 runs)
  informant:1       :    0% ±0  (in 2 runs)
  reservecall:0     :    0% ±0  (in 2 runs)
  warchest:1        :    0% ±0  (in 2 runs)
═══════════════════════════════════════════════════════════════════════

batch wall-time: 3.6s  (20 matches across 10 campaigns × 2 policy, frame-cap hits: 0)
aggregate JSON -> /home/user/SIGHTLINE/docs/measurements/l3/L3-h8-b40.json
INFO: TEXTURE: [ID 2] Unloaded texture data from VRAM (GPU)
INFO: SHADER: [ID 3] Default shader unloaded successfully
INFO: TEXTURE: [ID 1] Default texture unloaded successfully
INFO: Window closed successfully
