INFO: Initializing raylib 6.0
INFO: Platform backend: DESKTOP (GLFW)
INFO: Supported raylib modules:
INFO:     > rcore:..... loaded (mandatory)
INFO:     > rlgl:...... loaded (mandatory)
INFO:     > rshapes:... loaded (optional)
INFO:     > rtextures:. loaded (optional)
INFO:     > rtext:..... loaded (optional)
INFO:     > rmodels:... loaded (optional)
INFO:     > raudio:.... loaded (optional)
INFO: DISPLAY: Trying to enable MSAA x4
INFO: DISPLAY: Device initialized successfully 
INFO:     > Display size: 1280 x 800
INFO:     > Screen size:  1280 x 800
INFO:     > Render size:  1280 x 800
INFO:     > Viewport offsets: 0, 0
INFO: GLAD: OpenGL extensions loaded successfully
INFO: GL: Supported extensions count: 229
INFO: GL: OpenGL device information:
INFO:     > Vendor:   Mesa
INFO:     > Renderer: llvmpipe (LLVM 20.1.2, 256 bits)
INFO:     > Version:  4.5 (Core Profile) Mesa 25.2.8-0ubuntu0.24.04.2
INFO:     > GLSL:     4.50
INFO: GL: VAO extension detected, VAO functions loaded successfully
INFO: GL: NPOT textures extension detected, full NPOT textures supported
INFO: GL: DXT compressed textures supported
INFO: GL: ETC2/EAC compressed textures supported
INFO: PLATFORM: DESKTOP (GLFW - X11): Initialized successfully
INFO: TEXTURE: [ID 1] Texture loaded successfully (1x1 | R8G8B8A8 | 1 mipmaps)
INFO: TEXTURE: [ID 1] Default texture loaded successfully
INFO: SHADER: [ID 1] Vertex shader compiled successfully
INFO: SHADER: [ID 2] Fragment shader compiled successfully
INFO: SHADER: [ID 3] Program shader loaded successfully
INFO: SHADER: [ID 3] Default shader loaded successfully
INFO: RLGL: Render batch vertex buffers loaded successfully in RAM (CPU)
INFO: RLGL: Render batch vertex buffers loaded successfully in VRAM (GPU)
INFO: RLGL: Default OpenGL state initialized successfully
INFO: TEXTURE: [ID 2] Texture loaded successfully (128x128 | GRAY_ALPHA | 1 mipmaps)
INFO: FONT: Default font loaded successfully (224 glyphs)
INFO: SYSTEM: Working Directory: /home/user/SIGHTLINE
INFO: TIMER: Target time per frame: 0.000 milliseconds
FINALE-KIT: Legion
FINALE-KIT: Legion
FINALE-KIT: Wardens
WAVE: +2 (LANCER,SCOUT) [rich]
WAVE: +2 (HUNTER,HOUND) [rich]
WAVE: +2 (HUNTER,BERSERKER) [rich]
FINALE-KIT: Wardens
WAVE: +2 (SCOUT,LANCER) [rich]
WAVE: +2 (STRIKER,BERSERKER) [rich]
WAVE: +2 (BERSERKER,HUNTER) [rich]
FINALE-KIT: Wardens
WAVE: +3 (BRUISER,HOUND,HOUND) [rich]
WAVE: +2 (HUNTER,BERSERKER) [rich]
WAVE: +3 (LANCER,HUNTER,STRIKER) [rich]
WAVE: +3 (STRIKER,BRUISER,BRUISER) [rich]
match 5/20  (W:4 L:1 cap:0)  1.3s
FINALE-KIT: Wardens
WAVE: +3 (GRUNT,BRUISER,BRUISER) [rich]
WAVE: +3 (BERSERKER,BERSERKER,BERSERKER) [rich]
WAVE: +3 (STRIKER,BERSERKER,HUNTER) [rich]
REINFORCEMENTS: +2 (SCOUT,GRUNT)
FINALE-KIT: Wardens
WAVE: +2 (LANCER,DRONE) [rich]
WAVE: +2 (GRUNT,HOUND) [rich]
WAVE: +2 (SNIPER,SCREENER) [rich]
REINFORCEMENTS: +2 (SCOUT,GRUNT)
REINFORCEMENTS: +2 (GRUNT,GRUNT)
REINFORCEMENTS: +2 (SCOUT,GRUNT)
FINALE-KIT: Wardens
WAVE: +2 (SHIELD,SAPPER) [rich]
WAVE: +2 (SCOUT,CUSTODIAN) [rich]
WAVE: +2 (CUSTODIAN,LANCER) [rich]
FINALE-KIT: Syndicate
WAVE: +2 (STRIKER,PIKEMAN) [rich]
WAVE: +2 (GRUNT,WARBRINGER) [rich]
WAVE: +2 (GRUNT,GRUNT) [rich]
REINFORCEMENTS: +2 (SCOUT,GRUNT)
REINFORCEMENTS: +2 (GRUNT,SCOUT)
REINFORCEMENTS: +2 (SCOUT,GRUNT)
FINALE-KIT: Syndicate
WAVE: +2 (STRIKER,PIKEMAN) [rich]
WAVE: +2 (GRUNT,WARBRINGER) [rich]
WAVE: +2 (GRUNT,GRUNT) [rich]
REINFORCEMENTS: +2 (GRUNT,SCOUT)
REINFORCEMENTS: +2 (SCOUT,SCOUT)
REINFORCEMENTS: +2 (GRUNT,SCOUT)
match 10/20  (W:6 L:4 cap:0)  2.5s
FINALE-KIT: Legion
REINFORCEMENTS: +2 (GRUNT,GRUNT)
REINFORCEMENTS: +2 (GRUNT,GRUNT)
FINALE-KIT: Legion
REINFORCEMENTS: +2 (SCOUT,SCOUT)
REINFORCEMENTS: +2 (GRUNT,SCOUT)
FINALE-KIT: Legion
FINALE-KIT: Legion
FINALE-KIT: Syndicate
WAVE: +3 (MORTAR,SNIPER,SNIPER) [rich]
WAVE: +3 (SCREENER,SCREENER,MEDIC) [rich]
WAVE: +3 (SNIPER,SNIPER,MORTAR) [rich]
match 15/20  (W:7 L:8 cap:0)  3.0s
FINALE-KIT: Syndicate
WAVE: +3 (SCOUT,MORTAR,SNIPER) [rich]
WAVE: +3 (CUSTODIAN,MEDIC,SCREENER) [rich]
WAVE: +3 (PIKEMAN,SCOUT,SNIPER) [rich]
FINALE-KIT: Syndicate
WAVE: +3 (SCOUT,MORTAR,GRUNT) [rich]
WAVE: +3 (PIKEMAN,GRUNT,GRUNT) [rich]
WAVE: +3 (CUSTODIAN,GRUNT,SCOUT) [rich]
FINALE-KIT: Syndicate
WAVE: +3 (MEDIC,GRUNT,SCREENER) [rich]
WAVE: +3 (SNIPER,CUSTODIAN,MORTAR) [rich]
WAVE: +3 (PIKEMAN,MORTAR,SCREENER) [rich]
FINALE-KIT: Wardens
WAVE: +3 (SAPPER,SPOTTER,DRONE) [rich]
WAVE: +3 (SAPPER,SHIELD,DRONE) [rich]
WAVE: +3 (DRONE,SPOTTER,SAPPER) [rich]
WAVE: +3 (HUNTER,BRUISER,STRIKER) [rich]
WAVE: +3 (BRUISER,HUNTER,HOUND) [rich]
WAVE: +3 (BERSERKER,BRUISER,LANCER) [rich]
FINALE-KIT: Wardens
match 20/20  (W:11 L:9 cap:0)  3.5s

══════════════════════ SIGHTLINE BALANCE REPORT ══════════════════════
runs=20  missions=76

RUN OUTCOMES (campaign):  win-rate   55%   avg missions cleared 4.7

POLICY GAP (optimal vs human-error; campaign runs only):
  greedy win-rate   50%  (n=10)
  sloppy win-rate   60%  (n=10)
  GAP  -10 pts  (healthy slack)
  PAIRED (same-seed slots): pairs=10  concordant=7  discordant greedy-only-won=1 / sloppy-only-won=2  paired gap  -10 pts
  PER-SLOT RECORDS (greedy | sloppy: outcome + missions cleared; margin = g−s):
    slot  30 @h-1: W 6 | W 6   margin +0
    slot  31 @h-1: W 6 | W 6   margin +0
    slot  32 @h-1: L 4 | L 5   margin -1
    slot  33 @h-1: L 4 | W 6   margin -2
    slot  34 @h-1: L 4 | W 6   margin -2
    slot  35 @h-1: L 2 | L 2   margin +0
    slot  36 @h-1: L 2 | L 2   margin +0
    slot  37 @h-1: W 6 | W 6   margin +0
    slot  38 @h-1: W 6 | W 6   margin +0
    slot  39 @h-1: W 6 | L 2   margin +4
  PAIRED MARGIN (missions cleared, all pairs): -0.10 ±0.53 SE  (n=10 pairs)
  by objective (greedy / sloppy / gap):
    Decapitate :   63% /   80% / gap  -18
    Defend     :   88% /  100% / gap  -13
    Eliminate  :   91% /   91% / gap    0
    Escort     :  100% /  100% / gap    0
    Evac       :  100% /  100% / gap    0
    Rescue     :  100% /   67% / gap   33
    Sabotage   :  100% /  100% / gap    0

DECISION RICHNESS / SWING:
  meaningful-choices/turn 3.74   lead-swings/match 0.7   avg max-swing 31.7
  [shot-gate] acting-soldiers/turn 3.34   armed-soldiers/turn 1.66   armed-fraction 50%   turns-with-a-shot 59%   choices/ARMED-soldier-turn 2.25
  [choice-split] los-targets/ARMED 2.68   target-choices/ARMED 0.44   position-choices/ARMED 1.82

RUN COMPLETION BY HEAT (full-campaign clears):
  heat -1:   55% ±11  (n=20 runs, avg 4.7 missions)

INTEL ECONOMY BY HEAT (campaign runs; heat-bonus = the Heat.IntelBonus share of income):
  heat -1: earned  122.9/run   heat-bonus   0.0 (   0% of income)   spent  108.9   unspent   14.1

MISSION WIN-RATE BY HEAT:
  heat -1:   93%  (n=69, avg 5.7 turns)
  heat 0:   43% ±19  (n=7, avg 5.9 turns)

MISSION WIN-RATE BY OBJECTIVE:
  Eliminate  :   91% ±6  (n=22, avg 2.9 turns)
  Decapitate :   72% ±11  (n=18, avg 3.8 turns)
  Defend     :   93% ±7  (n=14, avg 8.9 turns)
  Escort     :  100% ±0  (n=6, avg 6.0 turns)
  Rescue     :   83% ±15  (n=6, avg 16.3 turns)
  Sabotage   :  100% ±0  (n=6, avg 3.0 turns)
  Evac       :  100% ±0  (n=4, avg 6.5 turns)

MISSION WIN-RATE BY OBJECTIVE x NODE KIND (a capstone must never pool with a mid-run node):
  Eliminate  : Start: 100%(n=20)  Combat:   0%(n=2)
               depth: m1:100%(20) m3:0%(2)
  Decapitate : Boss:  92%(n=12)  Combat:  25%(n=4)  Supply:  50%(n=2)
               depth: m3:0%(2) m5:50%(4) m6:92%(12)
  Defend     : Combat: 100%(n=8)  Supply: 100%(n=4)  Elite:  50%(n=2)
               depth: m2:100%(2) m3:100%(4) m4:100%(3) m5:80%(5)
  Escort     : Combat: 100%(n=4)  Elite: 100%(n=2)
               depth: m2:100%(4) m4:100%(2)
  Rescue     : Combat:  75%(n=4)  Supply: 100%(n=2)
               depth: m3:50%(2) m5:100%(4)
  Sabotage   : Combat: 100%(n=4)  Supply: 100%(n=2)
               depth: m2:100%(2) m4:100%(2) m5:100%(2)
  Evac       : Elite: 100%(n=4)
               depth: m3:100%(2) m4:100%(2)

DECAPITATE HVT (buff = +6+1*mission HP, +6 aim; ELITE exempt):
  EXEMPT  :   72% ±11  (n=18, avg 3.8 turns, HVT 23.3 max HP)  [m3:0%(2) m5:50%(4) m6:92%(12)]

MISSION WIN-RATE BY MISSION #:
  m1:  100% ±0  (n=20)
  m2:  100% ±0  (n=8)
  m3:   58% ±14  (n=12)
  m4:  100% ±0  (n=9)
  m5:   80% ±10  (n=15)
  m6:   92% ±8  (n=12)

LOSS CAUSES (missions):
  RUN OVER              : 8
  STALEMATE             : 1

MISSION WIN-RATE BY ARENA (authored layouts, n>=3; procedural fallback   14% of 76 missions):
  arena  2:  100% ±0  (n=3, avg 6.3 turns)  [m2:100%(2) m6:100%(1)]
  arena  8:  100% ±0  (n=4, avg 2.3 turns)  [m1:100%(2) m3:100%(2)]
  arena 10:  100% ±0  (n=4, avg 2.5 turns)  [m1:100%(2) m6:100%(2)]
  arena 12:  100% ±0  (n=3, avg 2.7 turns)  [m1:100%(2) m2:100%(1)]
  arena 16:  100% ±0  (n=4, avg 1.5 turns)  [m1:100%(2) m6:100%(2)]
  arena 20:  100% ±0  (n=3, avg 4.7 turns)  [m4:100%(3)]
  arena 27:   80% ±18  (n=5, avg 6.2 turns)  [m1:100%(2) m5:67%(3)]
  arena 29:  100% ±0  (n=3, avg 4.0 turns)  [m4:100%(2) m6:100%(1)]
  arena 30:  100% ±0  (n=4, avg 4.3 turns)  [m2:100%(2) m5:100%(2)]
  arena 32:  100% ±0  (n=5, avg 9.0 turns)  [m2:100%(2) m3:100%(1) m4:100%(2)]
  procedural:   82% ±12  (n=11, avg 6.5 turns)  [m1:100%(2) m2:100%(1) m3:50%(2) m4:100%(1) m5:67%(3) m6:100%(2)]

DEPLOYMENT GEOMETRY (opening shape; choices/ARMED is the wave's real gate):
  FRONTAL   :   94%  (n=34, avg 4.5 turns)  choices/turn 3.54  choices/ARMED 2.28  los-targets/ARMED 2.46
  PINCER    :   80% ±9  (n=20, avg 9.3 turns)  choices/turn 4.06  choices/ARMED 2.38  los-targets/ARMED 3.16
  CROSSFIRE :   75% ±15  (n=8, avg 4.3 turns)  choices/turn 2.84  choices/ARMED 1.96  los-targets/ARMED 2.00
  ENVELOP   :   93% ±7  (n=14, avg 4.4 turns)  choices/turn 3.70  choices/ARMED 1.94  los-targets/ARMED 2.03

ARENA FUNNEL (Mission.Build exits, n=86 builds, all modes):
  authored-applied    :  83.7%  (n=72)
  connectivity-reject :   0.0%  (n=0)
  procedural-roll     :  16.3%  (n=14)

DECK EXPOSURE (campaign runs n=20):
  distinct authored arenas/run : 3.25 mean (all runs)
  ... full-depth runs only     : 4.09 mean over 4.5 fights/run (n=11)
  Defend dealt on the route    :   65% of runs (n=13)

ACTION MIX (verbs issued, by policy):
  verb                  greedy        sloppy
  MOVE               472   38%     465   36%
  SHOOT              306   25%     301   23%
  HUNKER             191   15%     219   17%
  BRACE               55    4%      45    3%
  OVERWATCH           30    2%      51    4%
  RELOAD              34    3%      34    3%
  INTEL               28    2%      33    3%
  STABILIZE           21    2%      24    2%
  FOCUS               22    2%      14    1%
  MARK                19    2%      17    1%
  SLIPSTREAM          16    1%      15    1%
  ITEM:SMOKE          11    1%      19    1%
  PLANT               10    1%      13    1%
  PIN                  6    0%       9    1%
  REARM                6    0%       7    1%
  PATCH                4    0%       8    1%
  BEACON               4    0%       5    0%
  EXTRACT              3    0%       6    0%
  GRENADE              1    0%       4    0%
  GRAPPLE              3    0%       2    0%
  BARREL               1    0%       1    0%
  DRAG                 1    0%       0    0%

PLAYER CLASS PERFORMANCE:
  class        shots   hit%   dmg   kills
  SHARPSHOOTER    170    94%   1124     67
  RANGER         121    90%    762     49
  GUNNER         156    79%    647     45
  ASSAULT        139    80%    560     30
  CORPSMAN        46    80%    106      2

SOLDIER DEATHS BY ENEMY CLASS (threat ranking):
  ELITE      : 11
  BURN       : 7
  BRUISER    : 5
  HUNTER     : 5
  SNIPER     : 5
  STRIKER    : 4
  BERSERKER  : 4
  LANCER     : 3
  SHIELD     : 3
  TURRET     : 3
  SCREENER   : 3
  STRIKE     : 3
  WARBRINGER : 2
  PIKEMAN    : 2
  SAPPER     : 2
  CUSTODIAN  : 2
  DRONE      : 1
  MORTAR     : 1

SOLDIER DOWNS (FUL-7 bleed-out): 163 downs -> revived 7 / recovered 46 / bled out 101 / finished 8  (save-rate   33%)
  corpsman fielded in 21 missions

ENEMY COMPOSITION (spawns; faction-stamped fights n=398 / default-cascade fights n=140):
  class        faction         default
  GRUNT           38   10%       42   30%
  SCOUT           21    5%       35   25%
  ELITE           38   10%        9    6%
  BERSERKER       42   11%        2    1%
  HUNTER          26    7%        2    1%
  BRUISER         27    7%        0    0%
  STRIKER         21    5%        5    4%
  SNIPER          25    6%        1    1%
  TURRET          22    6%        2    1%
  DRONE           16    4%        6    4%
  SAPPER          10    3%       12    9%
  SCREENER        19    5%        1    1%
  MEDIC           18    5%        0    0%
  SHIELD          12    3%        3    2%
  LANCER          12    3%        2    1%
  SPOTTER         10    3%        3    2%
  PIKEMAN          9    2%        4    3%
  MORTAR          12    3%        0    0%
  WARBRINGER       7    2%        2    1%
  CUSTODIAN        5    1%        4    3%
  HOUND            4    1%        3    2%
  BOMBARD          4    1%        2    1%

PERK PICK FREQUENCY:
  MOM           : 14
  EXC           : 12
  FST           : 10
  LCK           : 9
  GUN           : 9
  HRD           : 8
  SKR           : 8
  TNK           : 8
  MRK           : 8
  GRD           : 7
  CQB           : 7
  RFX           : 6
  PLT           : 5
  BND           : 5
  SGE           : 4
  BRK           : 4
  CLH           : 3
  OUT           : 3
  VNT           : 2

SHOP PURCHASE FREQUENCY:
  FIELD MEDKIT      : 47
  WPN: HOLLOW POINT : 45
  WPN: EXTENDED MAG : 22
  WPN: SCOPE        : 21
  ARMORY            : 13
  FRAG CACHE        : 10
  WPN: BIPOD        : 10
  WPN: STABILIZER   : 9
  BALLISTIC PLATING : 9
  COUNTER-PREP      : 8
  ADV. TRAINING     : 6
  WPN: SUPPRESSOR   : 5
  COMBAT STIMS      : 5

BOON PICK FREQUENCY (PROCS = effect fires at instrumented sites; '-' = not instrumented;
                      PYR counts the +2-turn-burn half only — the Burning-immunity half is uninstrumented):
  code                 picks   PROCS
  GHO               :     7       -
  EXE               :     6       -
  FVR               :     6       -
  GRN               :     5       -
  PYR               :     4       0
  SCV               :     4       -
  ADR               :     3       -
  FDR               :     3       0
  FRT               :     3       -
  FST               :     3      44
  RCL               :     3       0
  SHK               :     3       0
  MRK               :     2       -
  RPD               :     2       -
  TRR               :     1       1
  VNM               :     1       -

RUN WIN-RATE BY BOON (campaign runs holding it):
  GHO               :   57% ±19  (in 7 runs)
  EXE               :   67% ±19  (in 6 runs)
  FVR               :   67% ±19  (in 6 runs)
  GRN               :   80% ±18  (in 5 runs)
  PYR               :  100% ±0  (in 4 runs)
  SCV               :   75% ±22  (in 4 runs)
  ADR               :   33% ±27  (in 3 runs)
  FDR               :   33% ±27  (in 3 runs)
  FRT               :  100% ±0  (in 3 runs)
  FST               :  100% ±0  (in 3 runs)
  RCL               :   33% ±27  (in 3 runs)
  SHK               :  100% ±0  (in 3 runs)
  MRK               :  100% ±0  (in 2 runs)
  RPD               :   50% ±35  (in 2 runs)
  TRR               :    0% ±0  (in 1 runs)
  VNM               :  100% ±0  (in 1 runs)

RUN WIN-RATE BY SPEC (campaign runs fielding it):
  HHT               :   80% ±18  (in 5 runs)
  ADN               :   50% ±25  (in 4 runs)
  PHN               :  100% ±0  (in 4 runs)
  SNT               :   75% ±22  (in 4 runs)
  BRC               :  100% ±0  (in 3 runs)
  PTH               :   67% ±27  (in 3 runs)
  ANC               :  100% ±0  (in 1 runs)
  JUG               :  100% ±0  (in 1 runs)

RUN WIN-RATE BY PERK (campaign runs holding it):
  MOM               :   70% ±14  (in 10 runs)
  EXC               :   75% ±15  (in 8 runs)
  FST               :   50% ±18  (in 8 runs)
  GUN               :   63% ±17  (in 8 runs)
  HRD               :   71% ±17  (in 7 runs)
  MRK               :   71% ±17  (in 7 runs)
  SKR               :   71% ±17  (in 7 runs)
  TNK               :   57% ±19  (in 7 runs)
  CQB               :   67% ±19  (in 6 runs)
  GRD               :   50% ±20  (in 6 runs)
  LCK               :  100% ±0  (in 6 runs)
  PLT               :   80% ±18  (in 5 runs)
  RFX               :   60% ±22  (in 5 runs)
  BND               :   50% ±25  (in 4 runs)
  BRK               :   75% ±22  (in 4 runs)
  SGE               :   75% ±22  (in 4 runs)
  CLH               :   67% ±27  (in 3 runs)
  OUT               :  100% ±0  (in 3 runs)
  VNT               :  100% ±0  (in 2 runs)

RUN WIN-RATE BY PURCHASE (campaign runs buying it):
  FIELD MEDKIT      :   63% ±12  (in 16 runs)
  WPN: HOLLOW POINT :   69% ±13  (in 13 runs)
  WPN: SCOPE        :   62% ±13  (in 13 runs)
  WPN: EXTENDED MAG :   64% ±15  (in 11 runs)
  ARMORY            :   70% ±14  (in 10 runs)
  FRAG CACHE        :   63% ±17  (in 8 runs)
  WPN: BIPOD        :   71% ±17  (in 7 runs)
  WPN: STABILIZER   :   71% ±17  (in 7 runs)
  BALLISTIC PLATING :   67% ±19  (in 6 runs)
  COUNTER-PREP      :   67% ±19  (in 6 runs)
  ADV. TRAINING     :   80% ±18  (in 5 runs)
  COMBAT STIMS      :   75% ±22  (in 4 runs)
  WPN: SUPPRESSOR   :  100% ±0  (in 3 runs)

RUN WIN-RATE BY EVENT-CHOICE (campaign runs taking id:arm):
  blackmarket:2     :   60% ±22  (in 5 runs)
  informant:1       :    0% ±0  (in 4 runs)
  quartermaster:1   :   50% ±25  (in 4 runs)
  defector:0        :   50% ±35  (in 2 runs)
  drill:0           :  100% ±0  (in 2 runs)
  fieldhospital:2   :  100% ±0  (in 2 runs)
  grave:0           :  100% ±0  (in 2 runs)
  informant:2       :   50% ±35  (in 2 runs)
  warchest:1        :  100% ±0  (in 2 runs)
  blackmarket:1     :  100% ±0  (in 1 runs)
═══════════════════════════════════════════════════════════════════════

batch wall-time: 3.5s  (20 matches across 10 campaigns × 2 policy, frame-cap hits: 0)
aggregate JSON -> /home/user/SIGHTLINE/docs/measurements/l3/L3-hR-b30.json
INFO: TEXTURE: [ID 2] Unloaded texture data from VRAM (GPU)
INFO: SHADER: [ID 3] Default shader unloaded successfully
INFO: TEXTURE: [ID 1] Default texture unloaded successfully
INFO: Window closed successfully
