INFO: Initializing raylib 6.0
INFO: Platform backend: DESKTOP (GLFW)
INFO: Supported raylib modules:
INFO:     > rcore:..... loaded (mandatory)
INFO:     > rlgl:...... loaded (mandatory)
INFO:     > rshapes:... loaded (optional)
INFO:     > rtextures:. loaded (optional)
INFO:     > rtext:..... loaded (optional)
INFO:     > rmodels:... loaded (optional)
INFO:     > raudio:.... loaded (optional)
INFO: DISPLAY: Trying to enable MSAA x4
INFO: DISPLAY: Device initialized successfully 
INFO:     > Display size: 1280 x 800
INFO:     > Screen size:  1280 x 800
INFO:     > Render size:  1280 x 800
INFO:     > Viewport offsets: 0, 0
INFO: GLAD: OpenGL extensions loaded successfully
INFO: GL: Supported extensions count: 229
INFO: GL: OpenGL device information:
INFO:     > Vendor:   Mesa
INFO:     > Renderer: llvmpipe (LLVM 20.1.2, 256 bits)
INFO:     > Version:  4.5 (Core Profile) Mesa 25.2.8-0ubuntu0.24.04.2
INFO:     > GLSL:     4.50
INFO: GL: VAO extension detected, VAO functions loaded successfully
INFO: GL: NPOT textures extension detected, full NPOT textures supported
INFO: GL: DXT compressed textures supported
INFO: GL: ETC2/EAC compressed textures supported
INFO: PLATFORM: DESKTOP (GLFW - X11): Initialized successfully
INFO: TEXTURE: [ID 1] Texture loaded successfully (1x1 | R8G8B8A8 | 1 mipmaps)
INFO: TEXTURE: [ID 1] Default texture loaded successfully
INFO: SHADER: [ID 1] Vertex shader compiled successfully
INFO: SHADER: [ID 2] Fragment shader compiled successfully
INFO: SHADER: [ID 3] Program shader loaded successfully
INFO: SHADER: [ID 3] Default shader loaded successfully
INFO: RLGL: Render batch vertex buffers loaded successfully in RAM (CPU)
INFO: RLGL: Render batch vertex buffers loaded successfully in VRAM (GPU)
INFO: RLGL: Default OpenGL state initialized successfully
INFO: TEXTURE: [ID 2] Texture loaded successfully (128x128 | GRAY_ALPHA | 1 mipmaps)
INFO: FONT: Default font loaded successfully (224 glyphs)
INFO: SYSTEM: Working Directory: /home/user/SIGHTLINE
INFO: TIMER: Target time per frame: 0.000 milliseconds
FINALE-KIT: Syndicate
WAVE: +2 (SHIELD,DRONE) [rich]
WAVE: +2 (SPOTTER,SPOTTER) [rich]
WAVE: +2 (DRONE,GRUNT) [rich]
FINALE-KIT: Syndicate
WAVE: +2 (GRUNT,GRUNT) [rich]
WAVE: +2 (GRUNT,GRUNT) [rich]
WAVE: +2 (DRONE,SAPPER) [rich]
REINFORCEMENTS: +2 (SCOUT,SCOUT)
FINALE-KIT: Wardens
FINALE-KIT: Wardens
FINALE-KIT: Wardens
WAVE: +2 (LANCER,SHIELD) [rich]
WAVE: +2 (CUSTODIAN,BERSERKER) [rich]
WAVE: +2 (SNIPER,SNIPER) [rich]
REINFORCEMENTS: +2 (GRUNT,GRUNT)
REINFORCEMENTS: +2 (SCOUT,GRUNT)
match 5/20  (W:1 L:4 cap:0)  1.1s
FINALE-KIT: Wardens
WAVE: +2 (MORTAR,SNIPER) [rich]
WAVE: +2 (STRIKER,HOUND) [rich]
WAVE: +2 (BERSERKER,BERSERKER) [rich]
REINFORCEMENTS: +2 (SCOUT,SCOUT)
REINFORCEMENTS: +2 (GRUNT,SCOUT)
REINFORCEMENTS: +3 (GRUNT,SCOUT,SCOUT)
REINFORCEMENTS: +2 (GRUNT,GRUNT)
FINALE-KIT: Legion
WAVE: +2 (SPOTTER,SAPPER) [rich]
WAVE: +2 (SAPPER,SAPPER) [rich]
WAVE: +2 (DRONE,DRONE) [rich]
WAVE: +3 (BERSERKER,STRIKER,LANCER) [rich]
WAVE: +3 (HUNTER,SCOUT,WARBRINGER) [rich]
FINALE-KIT: Legion
WAVE: +2 (SHIELD,SHIELD) [rich]
WAVE: +2 (SPOTTER,GRUNT) [rich]
WAVE: +1 (SPOTTER) [rich]
WAVE: +3 (HUNTER,STRIKER,BERSERKER) [rich]
WAVE: +2 (BERSERKER,BRUISER) [rich]
REINFORCEMENTS: +2 (SCOUT,GRUNT)
REINFORCEMENTS: +2 (GRUNT,GRUNT)
FINALE-KIT: Syndicate
REINFORCEMENTS: +2 (SCOUT,SCOUT)
REINFORCEMENTS: +2 (GRUNT,GRUNT)
REINFORCEMENTS: +1 (SCOUT)
REINFORCEMENTS: +2 (GRUNT,SCOUT)
REINFORCEMENTS: +2 (SCOUT,GRUNT)
FINALE-KIT: Syndicate
match 10/20  (W:1 L:9 cap:0)  1.8s
FINALE-KIT: Wardens
WAVE: +2 (BERSERKER,BRUISER) [rich]
WAVE: +2 (HUNTER,BRUISER) [rich]
WAVE: +2 (BERSERKER,HOUND) [rich]
FINALE-KIT: Wardens
WAVE: +2 (BRUISER,HOUND) [rich]
WAVE: +2 (BRUISER,SCOUT) [rich]
WAVE: +2 (BERSERKER,BERSERKER) [rich]
REINFORCEMENTS: +2 (GRUNT,GRUNT)
FINALE-KIT: Wardens
WAVE: +2 (BRUISER,SCOUT) [rich]
WAVE: +2 (BRUISER,BRUISER) [rich]
WAVE: +2 (SCOUT,HUNTER) [rich]
REINFORCEMENTS: +2 (GRUNT,GRUNT)
FINALE-KIT: Wardens
WAVE: +2 (SCOUT,HUNTER) [rich]
WAVE: +2 (LANCER,SCOUT) [rich]
WAVE: +2 (SNIPER,BRUISER) [rich]
REINFORCEMENTS: +2 (GRUNT,GRUNT)
REINFORCEMENTS: +2 (GRUNT,GRUNT)
REINFORCEMENTS: +3 (GRUNT,GRUNT,GRUNT)
REINFORCEMENTS: +2 (SCOUT,GRUNT)
REINFORCEMENTS: +2 (GRUNT,GRUNT)
REINFORCEMENTS: +3 (SCOUT,GRUNT,SCOUT)
FINALE-KIT: Wardens
WAVE: +2 (HOUND,SCOUT) [rich]
WAVE: +2 (SNIPER,STRIKER) [rich]
WAVE: +2 (HUNTER,STRIKER) [rich]
match 15/20  (W:1 L:14 cap:0)  2.3s
FINALE-KIT: Wardens
WAVE: +2 (SCOUT,DRONE) [rich]
WAVE: +2 (HOUND,LANCER) [rich]
WAVE: +2 (STRIKER,SNIPER) [rich]
WAVE: +3 (STRIKER,BRUISER,HOUND) [rich]
WAVE: +2 (HUNTER,HOUND) [rich]
WAVE: +1 (GRUNT) [rich]
FINALE-KIT: Legion
WAVE: +3 (LANCER,SHIELD,GRUNT) [rich]
WAVE: +1 (BERSERKER) [rich]
FINALE-KIT: Legion
FINALE-KIT: Legion
FINALE-KIT: Legion
match 20/20  (W:3 L:17 cap:0)  2.8s

══════════════════════ SIGHTLINE BALANCE REPORT ══════════════════════
runs=20  missions=66

RUN OUTCOMES (campaign):  win-rate   15%   avg missions cleared 3.5

POLICY GAP (optimal vs human-error; campaign runs only):
  greedy win-rate   10%  (n=10)
  sloppy win-rate   20%  (n=10)
  GAP  -10 pts  (healthy slack)
  PAIRED (same-seed slots): pairs=10  concordant=7  discordant greedy-only-won=1 / sloppy-only-won=2  paired gap  -10 pts
  PER-SLOT RECORDS (greedy | sloppy: outcome + missions cleared; margin = g−s):
    slot  70 @h6: L 1 | L 5   margin -4
    slot  71 @h6: L 2 | L 2   margin +0
    slot  72 @h6: W 6 | L 5   margin +1
    slot  73 @h6: L 5 | L 5   margin +0
    slot  74 @h6: L 2 | L 2   margin +0
    slot  75 @h6: L 2 | L 5   margin -3
    slot  76 @h6: L 2 | L 2   margin +0
    slot  77 @h6: L 2 | W 6   margin -4
    slot  78 @h6: L 5 | L 2   margin +3
    slot  79 @h6: L 3 | W 6   margin -3
  PAIRED MARGIN (missions cleared, all pairs): -1.00 ±0.75 SE  (n=10 pairs)
  by objective (greedy / sloppy / gap):
    Decapitate :   50% /   50% / gap    0
    Defend     :   88% /  100% / gap  -13
    Eliminate  :   83% /   83% / gap    0
    Escort     :   33% /   50% / gap  -17
    Hack       :    0% /  100% / gap -100
    Rescue     :  100% /  100% / gap    0
    Sabotage   :    0% /  100% / gap -100

DECISION RICHNESS / SWING:
  meaningful-choices/turn 1.96   lead-swings/match 0.8   avg max-swing 56.6
  [shot-gate] acting-soldiers/turn 3.00   armed-soldiers/turn 0.91   armed-fraction 31%   turns-with-a-shot 45%   choices/ARMED-soldier-turn 2.15
  [choice-split] los-targets/ARMED 2.41   target-choices/ARMED 0.37   position-choices/ARMED 1.78

RUN COMPLETION BY HEAT (full-campaign clears):
  heat 6:   15% ±8  (n=20 runs, avg 3.5 missions)

INTEL ECONOMY BY HEAT (campaign runs; heat-bonus = the Heat.IntelBonus share of income):
  heat 6: earned  186.4/run   heat-bonus  84.2 (  45% of income)   spent  170.3   unspent   16.1

MISSION WIN-RATE BY HEAT:
  heat 6:   75%  (n=60, avg 5.9 turns)
  heat 7:   67% ±19  (n=6, avg 12.3 turns)

MISSION WIN-RATE BY OBJECTIVE:
  Eliminate  :   83% ±8  (n=24, avg 4.4 turns)
  Defend     :   94% ±6  (n=16, avg 8.9 turns)
  Decapitate :   50% ±14  (n=12, avg 5.1 turns)
  Escort     :   43% ±19  (n=7, avg 11.7 turns)
  Sabotage   :   50% ±35  (n=2, avg 6.0 turns)
  Hack       :   50% ±35  (n=2, avg 4.5 turns)
  Rescue     :  100% ±0  (n=2, avg 4.5 turns)
  Evac       :  100% ±0  (n=1, avg 4.0 turns)

MISSION WIN-RATE BY OBJECTIVE x NODE KIND (a capstone must never pool with a mid-run node):
  Eliminate  : Start: 100%(n=20)  Elite:   0%(n=2)  Combat:   0%(n=2)
               depth: m1:100%(20) m3:0%(4)
  Defend     : Combat:  89%(n=9)  Supply: 100%(n=7)
               depth: m2:88%(8) m3:100%(4) m4:100%(2) m5:100%(2)
  Decapitate : Boss:  33%(n=9)  Elite: 100%(n=3)
               depth: m5:100%(3) m6:33%(9)
  Escort     : Combat:  25%(n=4)  Supply:  50%(n=2)  Elite: 100%(n=1)
               depth: m3:25%(4) m4:67%(3)
  Sabotage   : Combat:  50%(n=2)
               depth: m3:50%(2)
  Hack       : Combat:  50%(n=2)
               depth: m3:50%(2)
  Rescue     : Elite: 100%(n=2)
               depth: m3:100%(2)
  Evac       : Combat: 100%(n=1)
               depth: m4:100%(1)

DECAPITATE HVT (buff = +6+1*mission HP, +6 aim; ELITE exempt):
  EXEMPT  :   50% ±14  (n=12, avg 5.1 turns, HVT 23.8 max HP)  [m5:100%(3) m6:33%(9)]

MISSION WIN-RATE BY MISSION #:
  m1:  100% ±0  (n=20)
  m2:   88% ±12  (n=8)
  m3:   50% ±12  (n=18)
  m4:   83% ±15  (n=6)
  m5:  100% ±0  (n=5)
  m6:   33% ±16  (n=9)

LOSS CAUSES (missions):
  RUN OVER              : 13
  VIP LOST              : 3
  STALEMATE             : 1

MISSION WIN-RATE BY ARENA (authored layouts, n>=3; procedural fallback   21% of 66 missions):
  arena 10:   75% ±22  (n=4, avg 8.0 turns)  [m2:100%(1) m3:100%(2) m6:0%(1)]
  arena 13:   50% ±25  (n=4, avg 4.5 turns)  [m1:100%(2) m3:0%(2)]
  arena 15:   67% ±27  (n=3, avg 8.0 turns)  [m4:100%(1) m6:50%(2)]
  arena 19:   60% ±22  (n=5, avg 7.8 turns)  [m2:100%(2) m3:0%(2) m5:100%(1)]
  arena 20:  100% ±0  (n=3, avg 7.0 turns)  [m3:100%(1) m4:100%(2)]
  arena 28:  100% ±0  (n=6, avg 7.2 turns)  [m1:100%(2) m3:100%(2) m5:100%(2)]
  arena 33:  100% ±0  (n=6, avg 5.8 turns)  [m1:100%(2) m2:100%(2) m3:100%(2)]
  arena 34:   60% ±22  (n=5, avg 9.0 turns)  [m2:100%(2) m3:0%(2) m6:100%(1)]
  procedural:   64% ±13  (n=14, avg 7.9 turns)  [m1:100%(4) m2:0%(1) m3:0%(1) m4:67%(3) m5:100%(2) m6:33%(3)]

DEPLOYMENT GEOMETRY (opening shape; choices/ARMED is the wave's real gate):
  FRONTAL   :   82% ±8  (n=22, avg 7.0 turns)  choices/turn 1.86  choices/ARMED 2.24  los-targets/ARMED 2.33
  PINCER    :   70% ±10  (n=23, avg 6.9 turns)  choices/turn 1.66  choices/ARMED 2.27  los-targets/ARMED 2.71
  CROSSFIRE :   60% ±22  (n=5, avg 6.8 turns)  choices/turn 2.09  choices/ARMED 2.23  los-targets/ARMED 2.83
  ENVELOP   :   75% ±11  (n=16, avg 5.1 turns)  choices/turn 2.70  choices/ARMED 1.90  los-targets/ARMED 2.10

ARENA FUNNEL (Mission.Build exits, n=78 builds, all modes):
  authored-applied    :  74.4%  (n=58)
  connectivity-reject :   0.0%  (n=0)
  procedural-roll     :  25.6%  (n=20)

DECK EXPOSURE (campaign runs n=20):
  distinct authored arenas/run : 2.60 mean (all runs)
  ... full-depth runs only     : 3.67 mean over 4.7 fights/run (n=3)
  Defend dealt on the route    :   65% of runs (n=13)

ACTION MIX (verbs issued, by policy):
  verb                  greedy        sloppy
  MOVE               372   30%     461   35%
  SHOOT              355   28%     356   27%
  OVERWATCH           79    6%     103    8%
  BRACE               89    7%      89    7%
  HUNKER             111    9%      30    2%
  FOCUS               54    4%      45    3%
  SLIPSTREAM          37    3%      53    4%
  RELOAD              49    4%      39    3%
  INTEL               26    2%      34    3%
  STABILIZE           20    2%      31    2%
  PIN                 12    1%      18    1%
  ITEM:SMOKE          10    1%      17    1%
  MARK                 9    1%      12    1%
  GRENADE              6    0%       8    1%
  DRAG                 3    0%       9    1%
  REARM                6    0%       6    0%
  GRAPPLE              6    0%       5    0%
  PATCH                5    0%       5    0%
  BEACON               2    0%       5    0%
  PLANT                3    0%       3    0%
  HACK                 0    0%       2    0%
  ITEM:BARRICADE       1    0%       0    0%
  BARREL               0    0%       1    0%

PLAYER CLASS PERFORMANCE:
  class        shots   hit%   dmg   kills
  GUNNER         246    87%   1171     72
  SHARPSHOOTER    128    95%    874     59
  ASSAULT        177    87%    819     42
  RANGER         107    79%    483     32
  CORPSMAN        23    83%     66      2

SOLDIER DEATHS BY ENEMY CLASS (threat ranking):
  GRUNT      : 10
  ELITE      : 9
  STRIKE     : 9
  BRUISER    : 9
  LANCER     : 8
  HUNTER     : 7
  BERSERKER  : 7
  DRONE      : 6
  SCOUT      : 5
  SHIELD     : 4
  SCREENER   : 4
  SAPPER     : 4
  SPOTTER    : 3
  BURN       : 3
  WARBRINGER : 2
  TURRET     : 2
  MEDIC      : 1
  SLAM       : 1
  STRIKER    : 1

SOLDIER DOWNS (FUL-7 bleed-out): 189 downs -> revived 6 / recovered 32 / bled out 129 / finished 19  (save-rate   22%)
  corpsman fielded in 10 missions

ENEMY COMPOSITION (spawns; faction-stamped fights n=525 / default-cascade fights n=170):
  class        faction         default
  GRUNT           68   13%       37   22%
  SCOUT           27    5%       53   31%
  BRUISER         54   10%        4    2%
  HUNTER          42    8%        8    5%
  BERSERKER       43    8%        4    2%
  ELITE           40    8%        3    2%
  LANCER          27    5%       12    7%
  SAPPER          29    6%        5    3%
  DRONE           23    4%        8    5%
  HOUND           17    3%       11    6%
  SHIELD          18    3%        5    3%
  SPOTTER         23    4%        0    0%
  SCREENER        21    4%        0    0%
  STRIKER         16    3%        5    3%
  SNIPER          10    2%        9    5%
  MORTAR          12    2%        3    2%
  CUSTODIAN       12    2%        3    2%
  TURRET          13    2%        0    0%
  WARBRINGER      12    2%        0    0%
  MEDIC            9    2%        0    0%
  PIKEMAN          6    1%        0    0%
  BOMBARD          3    1%        0    0%

PERK PICK FREQUENCY:
  MOM           : 11
  GUN           : 11
  FST           : 11
  LCK           : 10
  SKR           : 8
  GRD           : 7
  SGE           : 7
  MRK           : 7
  OUT           : 6
  BRK           : 6
  CQB           : 6
  BND           : 5
  HRD           : 4
  TNK           : 4
  EXC           : 4
  VNT           : 3
  PLT           : 3
  RFX           : 2
  CLH           : 1

SHOP PURCHASE FREQUENCY:
  WPN: HOLLOW POINT : 53
  WPN: SCOPE        : 45
  FIELD MEDKIT      : 41
  WPN: STABILIZER   : 29
  WPN: EXTENDED MAG : 26
  BALLISTIC PLATING : 24
  COMBAT STIMS      : 21
  WPN: BIPOD        : 20
  WPN: SUPPRESSOR   : 16
  COUNTER-PREP      : 16
  ARMORY            : 12
  FRAG CACHE        : 9
  ADV. TRAINING     : 5

BOON PICK FREQUENCY (PROCS = effect fires at instrumented sites; '-' = not instrumented;
                      PYR counts the +2-turn-burn half only — the Burning-immunity half is uninstrumented):
  code                 picks   PROCS
  ADR               :     5       -
  PYR               :     5       1
  SCV               :     5       -
  FVR               :     4       -
  GHO               :     4       -
  TRR               :     4      12
  EXE               :     3       -
  MRK               :     3       -
  SHK               :     3       6
  VNM               :     3       -
  GRN               :     2       -
  RCL               :     2       1
  FRT               :     1       -
  FST               :     1      12
  RPD               :     1       -

RUN WIN-RATE BY BOON (campaign runs holding it):
  ADR               :   40% ±22  (in 5 runs)
  PYR               :   20% ±18  (in 5 runs)
  SCV               :   40% ±22  (in 5 runs)
  FVR               :   25% ±22  (in 4 runs)
  GHO               :   25% ±22  (in 4 runs)
  TRR               :    0% ±0  (in 4 runs)
  EXE               :    0% ±0  (in 3 runs)
  MRK               :   33% ±27  (in 3 runs)
  SHK               :    0% ±0  (in 3 runs)
  VNM               :   33% ±27  (in 3 runs)
  GRN               :    0% ±0  (in 2 runs)
  RCL               :   50% ±35  (in 2 runs)
  FRT               :    0% ±0  (in 1 runs)
  FST               :    0% ±0  (in 1 runs)
  RPD               :  100% ±0  (in 1 runs)

RUN WIN-RATE BY SPEC (campaign runs fielding it):
  ANC               :   29% ±17  (in 7 runs)
  HHT               :    0% ±0  (in 4 runs)
  JUG               :   33% ±27  (in 3 runs)
  SNT               :   33% ±27  (in 3 runs)
  BRC               :  100% ±0  (in 1 runs)
  PTH               :    0% ±0  (in 1 runs)

RUN WIN-RATE BY PERK (campaign runs holding it):
  FST               :   33% ±16  (in 9 runs)
  LCK               :    0% ±0  (in 9 runs)
  GUN               :   25% ±15  (in 8 runs)
  MOM               :   25% ±15  (in 8 runs)
  SGE               :   14% ±13  (in 7 runs)
  GRD               :   17% ±15  (in 6 runs)
  MRK               :   33% ±19  (in 6 runs)
  SKR               :    0% ±0  (in 6 runs)
  BND               :   20% ±18  (in 5 runs)
  BRK               :    0% ±0  (in 4 runs)
  EXC               :    0% ±0  (in 4 runs)
  HRD               :   25% ±22  (in 4 runs)
  OUT               :   25% ±22  (in 4 runs)
  TNK               :    0% ±0  (in 4 runs)
  CQB               :   67% ±27  (in 3 runs)
  PLT               :   33% ±27  (in 3 runs)
  VNT               :   33% ±27  (in 3 runs)
  RFX               :    0% ±0  (in 2 runs)
  CLH               :    0% ±0  (in 1 runs)

RUN WIN-RATE BY PURCHASE (campaign runs buying it):
  FIELD MEDKIT      :   19% ±10  (in 16 runs)
  WPN: SCOPE        :    7% ±6  (in 15 runs)
  COUNTER-PREP      :   17% ±11  (in 12 runs)
  WPN: BIPOD        :   25% ±13  (in 12 runs)
  WPN: HOLLOW POINT :   27% ±13  (in 11 runs)
  WPN: STABILIZER   :   30% ±14  (in 10 runs)
  COMBAT STIMS      :   22% ±14  (in 9 runs)
  ARMORY            :   25% ±15  (in 8 runs)
  WPN: EXTENDED MAG :   13% ±12  (in 8 runs)
  WPN: SUPPRESSOR   :   25% ±15  (in 8 runs)
  BALLISTIC PLATING :   29% ±17  (in 7 runs)
  ADV. TRAINING     :    0% ±0  (in 5 runs)
  FRAG CACHE        :   25% ±22  (in 4 runs)

RUN WIN-RATE BY EVENT-CHOICE (campaign runs taking id:arm):
  quartermaster:1   :    0% ±0  (in 4 runs)
  informant:2       :   33% ±27  (in 3 runs)
  bloodfeud:2       :    0% ±0  (in 2 runs)
  depot:0           :   50% ±35  (in 2 runs)
  informant:1       :   50% ±35  (in 2 runs)
  profiteer:1       :    0% ±0  (in 2 runs)
  warpension:1      :    0% ±0  (in 2 runs)
  drill:1           :    0% ±0  (in 1 runs)
  reservecall:1     :    0% ±0  (in 1 runs)
  warchest:0        :    0% ±0  (in 1 runs)
  warpension:2      :  100% ±0  (in 1 runs)
═══════════════════════════════════════════════════════════════════════

batch wall-time: 2.8s  (20 matches across 10 campaigns × 2 policy, frame-cap hits: 0)
aggregate JSON -> /home/user/SIGHTLINE/docs/measurements/l3/L3-h6-b70.json
INFO: TEXTURE: [ID 2] Unloaded texture data from VRAM (GPU)
INFO: SHADER: [ID 3] Default shader unloaded successfully
INFO: TEXTURE: [ID 1] Default texture unloaded successfully
INFO: Window closed successfully
