INFO: Initializing raylib 6.0
INFO: Platform backend: DESKTOP (GLFW)
INFO: Supported raylib modules:
INFO:     > rcore:..... loaded (mandatory)
INFO:     > rlgl:...... loaded (mandatory)
INFO:     > rshapes:... loaded (optional)
INFO:     > rtextures:. loaded (optional)
INFO:     > rtext:..... loaded (optional)
INFO:     > rmodels:... loaded (optional)
INFO:     > raudio:.... loaded (optional)
INFO: DISPLAY: Trying to enable MSAA x4
INFO: DISPLAY: Device initialized successfully 
INFO:     > Display size: 1280 x 800
INFO:     > Screen size:  1280 x 800
INFO:     > Render size:  1280 x 800
INFO:     > Viewport offsets: 0, 0
INFO: GLAD: OpenGL extensions loaded successfully
INFO: GL: Supported extensions count: 229
INFO: GL: OpenGL device information:
INFO:     > Vendor:   Mesa
INFO:     > Renderer: llvmpipe (LLVM 20.1.2, 256 bits)
INFO:     > Version:  4.5 (Core Profile) Mesa 25.2.8-0ubuntu0.24.04.2
INFO:     > GLSL:     4.50
INFO: GL: VAO extension detected, VAO functions loaded successfully
INFO: GL: NPOT textures extension detected, full NPOT textures supported
INFO: GL: DXT compressed textures supported
INFO: GL: ETC2/EAC compressed textures supported
INFO: PLATFORM: DESKTOP (GLFW - X11): Initialized successfully
INFO: TEXTURE: [ID 1] Texture loaded successfully (1x1 | R8G8B8A8 | 1 mipmaps)
INFO: TEXTURE: [ID 1] Default texture loaded successfully
INFO: SHADER: [ID 1] Vertex shader compiled successfully
INFO: SHADER: [ID 2] Fragment shader compiled successfully
INFO: SHADER: [ID 3] Program shader loaded successfully
INFO: SHADER: [ID 3] Default shader loaded successfully
INFO: RLGL: Render batch vertex buffers loaded successfully in RAM (CPU)
INFO: RLGL: Render batch vertex buffers loaded successfully in VRAM (GPU)
INFO: RLGL: Default OpenGL state initialized successfully
INFO: TEXTURE: [ID 2] Texture loaded successfully (128x128 | GRAY_ALPHA | 1 mipmaps)
INFO: FONT: Default font loaded successfully (224 glyphs)
INFO: SYSTEM: Working Directory: /home/user/SIGHTLINE
INFO: TIMER: Target time per frame: 0.000 milliseconds
FINALE-KIT: Wardens
WAVE: +2 (SPOTTER,GRUNT) [rich]
WAVE: +2 (GRUNT,DRONE) [rich]
WAVE: +2 (DRONE,DRONE) [rich]
WAVE: +3 (SNIPER,PIKEMAN,SNIPER) [rich]
WAVE: +3 (SCREENER,PIKEMAN,GRUNT) [rich]
WAVE: +3 (MORTAR,PIKEMAN,SCREENER) [rich]
FINALE-KIT: Wardens
WAVE: +2 (GRUNT,GRUNT) [rich]
WAVE: +2 (GRUNT,SAPPER) [rich]
WAVE: +2 (SAPPER,DRONE) [rich]
FINALE-KIT: Wardens
WAVE: +3 (GRUNT,SNIPER,GRUNT) [rich]
WAVE: +3 (SCOUT,SNIPER,MEDIC) [rich]
WAVE: +2 (SNIPER,SCREENER) [rich]
WAVE: +3 (MORTAR,SNIPER,MORTAR) [rich]
WAVE: +3 (SNIPER,GRUNT,MORTAR) [rich]
WAVE: +3 (MEDIC,SNIPER,PIKEMAN) [rich]
FINALE-KIT: Wardens
WAVE: +3 (SCOUT,MORTAR,SNIPER) [rich]
WAVE: +3 (MORTAR,MORTAR,SNIPER) [rich]
WAVE: +3 (SCREENER,SCREENER,MORTAR) [rich]
WAVE: +3 (SNIPER,SCREENER,MORTAR) [rich]
WAVE: +3 (SCREENER,SNIPER,PIKEMAN) [rich]
REINFORCEMENTS: +2 (GRUNT,GRUNT)
FINALE-KIT: Wardens
WAVE: +3 (GRUNT,GRUNT,SNIPER) [rich]
WAVE: +3 (GRUNT,MEDIC,SNIPER) [rich]
WAVE: +3 (MORTAR,SCOUT,MORTAR) [rich]
WAVE: +3 (MORTAR,MORTAR,GRUNT) [rich]
match 5/20  (W:0 L:5 cap:0)  205.7s
FINALE-KIT: Wardens
WAVE: +3 (MORTAR,MORTAR,MORTAR) [rich]
WAVE: +3 (MORTAR,PIKEMAN,MEDIC) [rich]
WAVE: +3 (GRUNT,MORTAR,GRUNT) [rich]
WAVE: +3 (PIKEMAN,GRUNT,SCOUT) [rich]
WAVE: +3 (MORTAR,SCOUT,GRUNT) [rich]
WAVE: +2 (SNIPER,MEDIC) [rich]
FINALE-KIT: Wardens
WAVE: +3 (DRONE,CUSTODIAN,SAPPER) [rich]
WAVE: +3 (SCREENER,GRUNT,SHIELD) [rich]
WAVE: +3 (DRONE,GRUNT,GRUNT) [rich]
FINALE-KIT: Wardens
WAVE: +3 (SHIELD,SAPPER,SAPPER) [rich]
WAVE: +3 (SHIELD,SHIELD,SCREENER) [rich]
WAVE: +3 (SHIELD,SHIELD,SPOTTER) [rich]
FINALE-KIT: Syndicate
WAVE: +2 (SNIPER,GRUNT) [rich]
WAVE: +2 (GRUNT,SNIPER) [rich]
WAVE: +2 (CUSTODIAN,SNIPER) [rich]
REINFORCEMENTS: +2 (GRUNT,GRUNT)
REINFORCEMENTS: +2 (SCOUT,SCOUT)
REINFORCEMENTS: +2 (GRUNT,GRUNT)
FINALE-KIT: Syndicate
WAVE: +2 (PIKEMAN,SCREENER) [rich]
WAVE: +2 (CUSTODIAN,PIKEMAN) [rich]
WAVE: +2 (PIKEMAN,SCOUT) [rich]
match 10/20  (W:2 L:8 cap:0)  400.6s
FINALE-KIT: Wardens
FINALE-KIT: Wardens
FINALE-KIT: Syndicate
WAVE: +2 (LANCER,HOUND) [rich]
WAVE: +2 (BRUISER,BRUISER) [rich]
WAVE: +2 (BRUISER,BRUISER) [rich]
FINALE-KIT: Syndicate
WAVE: +2 (HOUND,BERSERKER) [rich]
WAVE: +2 (LANCER,BERSERKER) [rich]
WAVE: +2 (LANCER,GRUNT) [rich]
REINFORCEMENTS: +2 (GRUNT,GRUNT)
FINALE-KIT: Wardens
match 15/20  (W:4 L:11 cap:0)  531.3s
FINALE-KIT: Wardens
FINALE-KIT: Wardens
WAVE: +2 (MEDIC,GRUNT) [rich]
WAVE: +2 (SCOUT,MORTAR) [rich]
WAVE: +2 (SNIPER,MORTAR) [rich]
FINALE-KIT: Wardens
WAVE: +2 (SCOUT,SCOUT) [rich]
WAVE: +2 (SCOUT,SCOUT) [rich]
FINALE-KIT: Syndicate
FINALE-KIT: Syndicate
REINFORCEMENTS: +2 (GRUNT,GRUNT)
match 20/20  (W:6 L:14 cap:0)  623.7s

══════════════════════ SIGHTLINE BALANCE REPORT ══════════════════════
runs=20  missions=72

RUN OUTCOMES (campaign):  win-rate   30%   avg missions cleared 3.9

POLICY GAP (optimal vs human-error; campaign runs only):
  greedy win-rate   10%  (n=10)
  sloppy win-rate   50%  (n=10)
  GAP  -40 pts  (noisy (need more runs))
  PAIRED (same-seed slots): pairs=10  concordant=6  discordant greedy-only-won=0 / sloppy-only-won=4  paired gap  -40 pts
  PER-SLOT RECORDS (greedy | sloppy: outcome + missions cleared; margin = g−s):
    slot  30 @h2: L 5 | L 1   margin +4
    slot  31 @h2: L 4 | L 5   margin -1
    slot  32 @h2: L 4 | W 6   margin -2
    slot  33 @h2: L 4 | W 6   margin -2
    slot  34 @h2: L 3 | L 3   margin +0
    slot  35 @h2: L 2 | L 1   margin +1
    slot  36 @h2: W 6 | W 6   margin +0
    slot  37 @h2: L 2 | W 6   margin -4
    slot  38 @h2: L 3 | L 1   margin +2
    slot  39 @h2: L 3 | W 6   margin -3
  PAIRED MARGIN (missions cleared, all pairs): -0.50 ±0.76 SE  (n=10 pairs)
  by objective (greedy / sloppy / gap):
    Decapitate :   67% /   86% / gap  -19
    Defend     :   75% /   71% / gap    4
    Eliminate  :   91% /   91% / gap    0
    Escort     :   50% /  100% / gap  -50
    Evac       :    0% /  100% / gap -100
    Hack       :   67% /  100% / gap  -33
    Rescue     :  100% /  100% / gap    0
    Sabotage   :   67% /   50% / gap   17

DECISION RICHNESS / SWING:
  meaningful-choices/turn 1.98   lead-swings/match 0.7   avg max-swing 44.4
  [shot-gate] acting-soldiers/turn 3.19   armed-soldiers/turn 1.22   armed-fraction 38%   turns-with-a-shot 54%   choices/ARMED-soldier-turn 1.62
  [choice-split] los-targets/ARMED 2.93   target-choices/ARMED 0.49   position-choices/ARMED 1.13

RUN COMPLETION BY HEAT (full-campaign clears):
  heat 2:   30% ±10  (n=20 runs, avg 3.9 missions)

INTEL ECONOMY BY HEAT (campaign runs; heat-bonus = the Heat.IntelBonus share of income):
  heat 2: earned  134.4/run   heat-bonus  22.1 (  16% of income)   spent  121.8   unspent   12.6

MISSION WIN-RATE BY HEAT:
  heat 2:   80%  (n=65, avg 7.5 turns)
  heat 3:   86% ±13  (n=7, avg 4.4 turns)

MISSION WIN-RATE BY OBJECTIVE:
  Eliminate  :   91% ±6  (n=22, avg 3.5 turns)
  Defend     :   73% ±11  (n=15, avg 8.5 turns)
  Decapitate :   80% ±13  (n=10, avg 5.1 turns)
  Escort     :   71% ±17  (n=7, avg 17.9 turns)
  Rescue     :  100% ±0  (n=6, avg 7.5 turns)
  Hack       :   80% ±18  (n=5, avg 3.6 turns)
  Sabotage   :   60% ±22  (n=5, avg 4.6 turns)
  Evac       :   50% ±35  (n=2, avg 26.5 turns)

MISSION WIN-RATE BY MISSION #:
  m1:  100% ±0  (n=20)
  m2:   63% ±17  (n=8)
  m3:   86% ±9  (n=14)
  m4:   69% ±13  (n=13)
  m5:   67% ±16  (n=9)
  m6:   75% ±15  (n=8)

LOSS CAUSES (missions):
  RUN OVER              : 11
  STALEMATE             : 3

MISSION WIN-RATE BY ARENA (authored layouts, n>=3; procedural fallback   24% of 72 missions):
  arena  6:  100% ±0  (n=3, avg 3.3 turns)  [m1:100%(2) m3:100%(1)]
  arena 11:   75% ±22  (n=4, avg 4.8 turns)  [m3:50%(2) m4:100%(2)]
  arena 15:  100% ±0  (n=3, avg 4.0 turns)  [m1:100%(2) m5:100%(1)]
  arena 22:  100% ±0  (n=4, avg 4.3 turns)  [m1:100%(2) m3:100%(2)]
  arena 30:   57% ±19  (n=7, avg 12.3 turns)  [m2:50%(2) m5:50%(4) m6:100%(1)]
  arena 31:   75% ±22  (n=4, avg 4.0 turns)  [m1:100%(2) m4:50%(2)]
  arena 32:   75% ±22  (n=4, avg 5.3 turns)  [m3:100%(2) m4:100%(1) m6:0%(1)]
  procedural:   88% ±8  (n=17, avg 10.1 turns)  [m1:100%(6) m2:100%(2) m3:67%(3) m4:75%(4) m6:100%(2)]

DEPLOYMENT GEOMETRY (opening shape; choices/ARMED is the wave's real gate):
  FRONTAL   :   85% ±7  (n=27, avg 8.8 turns)  choices/turn 1.48  choices/ARMED 1.18  los-targets/ARMED 2.99
  PINCER    :   84% ±7  (n=25, avg 6.7 turns)  choices/turn 2.89  choices/ARMED 2.41  los-targets/ARMED 3.23
  CROSSFIRE :   60% ±22  (n=5, avg 4.6 turns)  choices/turn 1.62  choices/ARMED 1.55  los-targets/ARMED 2.36
  ENVELOP   :   73% ±11  (n=15, avg 6.1 turns)  choices/turn 1.69  choices/ARMED 1.37  los-targets/ARMED 2.30

ARENA FUNNEL (Mission.Build exits, n=81 builds, all modes):
  authored-applied    :  77.8%  (n=63)
  connectivity-reject :   0.0%  (n=0)
  procedural-roll     :  22.2%  (n=18)

DECK EXPOSURE (campaign runs n=20):
  distinct authored arenas/run : 2.75 mean (all runs)
  ... full-depth runs only     : 3.50 mean over 4.7 fights/run (n=6)
  Defend dealt on the route    :   70% of runs (n=14)

ACTION MIX (verbs issued, by policy):
  verb                  greedy        sloppy
  MOVE               648   37%     461   40%
  SHOOT              347   20%     298   26%
  HUNKER             344   20%     110   10%
  BRACE              140    8%      44    4%
  RELOAD              39    2%      33    3%
  INTEL               33    2%      33    3%
  FOCUS               34    2%      25    2%
  STABILIZE           29    2%      27    2%
  OVERWATCH           32    2%      15    1%
  SLIPSTREAM          22    1%      14    1%
  MARK                15    1%      14    1%
  ITEM:SMOKE          14    1%      10    1%
  PIN                 11    1%      12    1%
  GRENADE              3    0%      11    1%
  PLANT                9    1%       5    0%
  REARM                8    0%       4    0%
  HACK                 7    0%       4    0%
  EXTRACT              5    0%       6    1%
  BEACON               5    0%       5    0%
  GRAPPLE              5    0%       3    0%
  DRAG                 6    0%       2    0%
  BARREL               3    0%       3    0%
  PATCH                0    0%       2    0%
  ITEM:INCENDIARY       0    0%       1    0%
  ITEM:BARRICADE       0    0%       1    0%

PLAYER CLASS PERFORMANCE:
  class        shots   hit%   dmg   kills
  SHARPSHOOTER    194    93%   1431     90
  GUNNER         187    80%    760     49
  ASSAULT        143    91%    666     40
  RANGER          94    79%    521     41
  CORPSMAN        30    70%     73      3

SOLDIER DEATHS BY ENEMY CLASS (threat ranking):
  SNIPER     : 17
  ELITE      : 12
  GRUNT      : 7
  SCOUT      : 7
  SCREENER   : 6
  DRONE      : 6
  STRIKE     : 5
  BURN       : 5
  PIKEMAN    : 4
  MORTAR     : 4
  BERSERKER  : 4
  SHIELD     : 3
  MEDIC      : 2
  WARBRINGER : 1
  SAPPER     : 1
  STRIKER    : 1
  LANCER     : 1
  SPOTTER    : 1

SOLDIER DOWNS (FUL-7 bleed-out): 185 downs -> revived 1 / recovered 48 / bled out 109 / finished 20  (save-rate   30%)
  corpsman fielded in 16 missions

ENEMY COMPOSITION (spawns; faction-stamped fights n=541 / default-cascade fights n=114):
  class        faction         default
  GRUNT           55   10%       31   27%
  SCOUT           34    6%       52   46%
  SNIPER          71   13%        3    3%
  SCREENER        49    9%        2    2%
  MORTAR          49    9%        0    0%
  ELITE           33    6%        3    3%
  PIKEMAN         36    7%        0    0%
  MEDIC           35    6%        0    0%
  DRONE           25    5%        5    4%
  SHIELD          23    4%        5    4%
  BERSERKER       22    4%        3    3%
  CUSTODIAN       23    4%        0    0%
  SAPPER          21    4%        0    0%
  BRUISER         15    3%        0    0%
  LANCER          11    2%        0    0%
  SPOTTER          5    1%        5    4%
  HUNTER           9    2%        0    0%
  STRIKER          5    1%        3    3%
  WARBRINGER       5    1%        1    1%
  BOMBARD          5    1%        1    1%
  TURRET           5    1%        0    0%
  HOUND            5    1%        0    0%

PERK PICK FREQUENCY:
  MOM           : 15
  EXC           : 13
  GUN           : 11
  LCK           : 10
  TNK           : 9
  SKR           : 8
  BRK           : 8
  HRD           : 8
  OUT           : 7
  FST           : 7
  SGE           : 6
  GRD           : 6
  RFX           : 6
  BND           : 6
  CQB           : 6
  CLH           : 5
  MRK           : 5
  PLT           : 5
  VNT           : 3

SHOP PURCHASE FREQUENCY:
  FIELD MEDKIT      : 49
  WPN: HOLLOW POINT : 48
  BALLISTIC PLATING : 23
  WPN: EXTENDED MAG : 21
  WPN: SCOPE        : 14
  ARMORY            : 12
  COUNTER-PREP      : 12
  WPN: BIPOD        : 12
  COMBAT STIMS      : 11
  WPN: STABILIZER   : 11
  WPN: SUPPRESSOR   : 10
  ADV. TRAINING     : 9
  FRAG CACHE        : 6

BOON PICK FREQUENCY (PROCS = effect fires at instrumented sites; '-' = not instrumented;
                      PYR counts the +2-turn-burn half only — the Burning-immunity half is uninstrumented):
  code                 picks   PROCS
  TRR               :     8      14
  FDR               :     7       1
  GHO               :     5       -
  FST               :     4      50
  MRK               :     4       -
  RPD               :     4       -
  ADR               :     3       -
  EXE               :     3       -
  FVR               :     3       -
  PYR               :     3       2
  GRN               :     2       -
  SCV               :     2       -
  SHK               :     2       1
  FRT               :     1       -
  RCL               :     1       0

RUN WIN-RATE BY BOON (campaign runs holding it):
  TRR               :   38% ±17  (in 8 runs)
  FDR               :   43% ±19  (in 7 runs)
  GHO               :   20% ±18  (in 5 runs)
  FST               :   75% ±22  (in 4 runs)
  MRK               :   25% ±22  (in 4 runs)
  RPD               :   25% ±22  (in 4 runs)
  ADR               :   33% ±27  (in 3 runs)
  EXE               :   33% ±27  (in 3 runs)
  FVR               :   33% ±27  (in 3 runs)
  PYR               :   67% ±27  (in 3 runs)
  GRN               :   50% ±35  (in 2 runs)
  SCV               :   50% ±35  (in 2 runs)
  SHK               :   50% ±35  (in 2 runs)
  FRT               :  100% ±0  (in 1 runs)
  RCL               :  100% ±0  (in 1 runs)

RUN WIN-RATE BY SPEC (campaign runs fielding it):
  HHT               :   50% ±20  (in 6 runs)
  ANC               :   40% ±22  (in 5 runs)
  SNT               :   25% ±22  (in 4 runs)
  JUG               :   33% ±27  (in 3 runs)
  ADN               :  100% ±0  (in 1 runs)
  BRC               :    0% ±0  (in 1 runs)
  PTH               :  100% ±0  (in 1 runs)

RUN WIN-RATE BY PERK (campaign runs holding it):
  EXC               :   30% ±14  (in 10 runs)
  GUN               :   11% ±10  (in 9 runs)
  MOM               :   33% ±16  (in 9 runs)
  LCK               :   63% ±17  (in 8 runs)
  BRK               :   43% ±19  (in 7 runs)
  OUT               :   71% ±17  (in 7 runs)
  SKR               :   29% ±17  (in 7 runs)
  CQB               :   50% ±20  (in 6 runs)
  RFX               :   50% ±20  (in 6 runs)
  TNK               :   50% ±20  (in 6 runs)
  BND               :   20% ±18  (in 5 runs)
  CLH               :   40% ±22  (in 5 runs)
  FST               :   20% ±18  (in 5 runs)
  GRD               :    0% ±0  (in 5 runs)
  HRD               :   40% ±22  (in 5 runs)
  PLT               :   60% ±22  (in 5 runs)
  MRK               :   50% ±25  (in 4 runs)
  SGE               :   33% ±27  (in 3 runs)
  VNT               :   33% ±27  (in 3 runs)

RUN WIN-RATE BY PURCHASE (campaign runs buying it):
  FIELD MEDKIT      :   35% ±12  (in 17 runs)
  WPN: HOLLOW POINT :   35% ±12  (in 17 runs)
  WPN: EXTENDED MAG :   50% ±14  (in 12 runs)
  BALLISTIC PLATING :   50% ±16  (in 10 runs)
  COUNTER-PREP      :   44% ±17  (in 9 runs)
  WPN: BIPOD        :   22% ±14  (in 9 runs)
  WPN: SCOPE        :   44% ±17  (in 9 runs)
  ARMORY            :   38% ±17  (in 8 runs)
  WPN: SUPPRESSOR   :   50% ±18  (in 8 runs)
  COMBAT STIMS      :   29% ±17  (in 7 runs)
  WPN: STABILIZER   :   43% ±19  (in 7 runs)
  ADV. TRAINING     :   20% ±18  (in 5 runs)
  FRAG CACHE        :   50% ±25  (in 4 runs)

RUN WIN-RATE BY EVENT-CHOICE (campaign runs taking id:arm):
  informant:2       :   25% ±22  (in 4 runs)
  medic:1           :    0% ±0  (in 3 runs)
  blackmarket:2     :    0% ±0  (in 2 runs)
  depot:0           :  100% ±0  (in 2 runs)
  informant:1       :   50% ±35  (in 2 runs)
  profiteer:0       :   50% ±35  (in 2 runs)
  relic:1           :  100% ±0  (in 2 runs)
  reservecall:0     :   50% ±35  (in 2 runs)
═══════════════════════════════════════════════════════════════════════

batch wall-time: 623.7s  (20 matches across 10 campaigns × 2 policy, frame-cap hits: 0)
aggregate JSON -> /home/user/SIGHTLINE/docs/measurements/l1/L1-h2-b30.json
INFO: TEXTURE: [ID 2] Unloaded texture data from VRAM (GPU)
INFO: SHADER: [ID 3] Default shader unloaded successfully
INFO: TEXTURE: [ID 1] Default texture unloaded successfully
INFO: Window closed successfully
