INFO: Initializing raylib 6.0
INFO: Platform backend: DESKTOP (GLFW)
INFO: Supported raylib modules:
INFO:     > rcore:..... loaded (mandatory)
INFO:     > rlgl:...... loaded (mandatory)
INFO:     > rshapes:... loaded (optional)
INFO:     > rtextures:. loaded (optional)
INFO:     > rtext:..... loaded (optional)
INFO:     > rmodels:... loaded (optional)
INFO:     > raudio:.... loaded (optional)
INFO: DISPLAY: Trying to enable MSAA x4
INFO: DISPLAY: Device initialized successfully 
INFO:     > Display size: 1280 x 800
INFO:     > Screen size:  1280 x 800
INFO:     > Render size:  1280 x 800
INFO:     > Viewport offsets: 0, 0
INFO: GLAD: OpenGL extensions loaded successfully
INFO: GL: Supported extensions count: 229
INFO: GL: OpenGL device information:
INFO:     > Vendor:   Mesa
INFO:     > Renderer: llvmpipe (LLVM 20.1.2, 256 bits)
INFO:     > Version:  4.5 (Core Profile) Mesa 25.2.8-0ubuntu0.24.04.2
INFO:     > GLSL:     4.50
INFO: GL: VAO extension detected, VAO functions loaded successfully
INFO: GL: NPOT textures extension detected, full NPOT textures supported
INFO: GL: DXT compressed textures supported
INFO: GL: ETC2/EAC compressed textures supported
INFO: PLATFORM: DESKTOP (GLFW - X11): Initialized successfully
INFO: TEXTURE: [ID 1] Texture loaded successfully (1x1 | R8G8B8A8 | 1 mipmaps)
INFO: TEXTURE: [ID 1] Default texture loaded successfully
INFO: SHADER: [ID 1] Vertex shader compiled successfully
INFO: SHADER: [ID 2] Fragment shader compiled successfully
INFO: SHADER: [ID 3] Program shader loaded successfully
INFO: SHADER: [ID 3] Default shader loaded successfully
INFO: RLGL: Render batch vertex buffers loaded successfully in RAM (CPU)
INFO: RLGL: Render batch vertex buffers loaded successfully in VRAM (GPU)
INFO: RLGL: Default OpenGL state initialized successfully
INFO: TEXTURE: [ID 2] Texture loaded successfully (128x128 | GRAY_ALPHA | 1 mipmaps)
INFO: FONT: Default font loaded successfully (224 glyphs)
INFO: SYSTEM: Working Directory: /home/user/SIGHTLINE
INFO: TIMER: Target time per frame: 0.000 milliseconds
FINALE-KIT: Wardens
WAVE: +2 (SPOTTER,SAPPER) [rich]
WAVE: +2 (SAPPER,SHIELD) [rich]
WAVE: +2 (DRONE,SHIELD) [rich]
FINALE-KIT: Wardens
REINFORCEMENTS: +2 (SCOUT,GRUNT)
REINFORCEMENTS: +2 (GRUNT,GRUNT)
FINALE-KIT: Wardens
WAVE: +2 (MORTAR,MORTAR) [rich]
WAVE: +2 (SCOUT,SNIPER) [rich]
WAVE: +2 (SNIPER,MEDIC) [rich]
FINALE-KIT: Wardens
WAVE: +2 (MORTAR,SCOUT) [rich]
WAVE: +2 (SNIPER,SCOUT) [rich]
WAVE: +2 (SNIPER,SCOUT) [rich]
FINALE-KIT: Syndicate
WAVE: +2 (MEDIC,MORTAR) [rich]
WAVE: +2 (GRUNT,SCOUT) [rich]
WAVE: +2 (SNIPER,GRUNT) [rich]
match 5/20  (W:2 L:3 cap:0)  129.5s
FINALE-KIT: Syndicate
WAVE: +2 (SCOUT,MEDIC) [rich]
WAVE: +2 (PIKEMAN,PIKEMAN) [rich]
WAVE: +2 (MORTAR,SNIPER) [rich]
FINALE-KIT: Syndicate
REINFORCEMENTS: +2 (SCOUT,SCOUT)
WAVE: +3 (BERSERKER,PIKEMAN,SAPPER) [rich]
WAVE: +3 (SHIELD,DRONE,SAPPER) [rich]
WAVE: +3 (SHIELD,PIKEMAN,SNIPER) [rich]
FINALE-KIT: Syndicate
REINFORCEMENTS: +2 (SCOUT,SCOUT)
REINFORCEMENTS: +2 (SCOUT,GRUNT)
FINALE-KIT: Legion
FINALE-KIT: Legion
REINFORCEMENTS: +2 (GRUNT,SCOUT)
match 10/20  (W:4 L:6 cap:0)  303.4s
FINALE-KIT: Syndicate
WAVE: +2 (BERSERKER,MEDIC) [rich]
WAVE: +2 (SCREENER,SNIPER) [rich]
WAVE: +2 (SHIELD,BERSERKER) [rich]
FINALE-KIT: Syndicate
WAVE: +2 (DRONE,LANCER) [rich]
WAVE: +2 (SAPPER,HUNTER) [rich]
WAVE: +2 (SNIPER,HOUND) [rich]
FINALE-KIT: Legion
REINFORCEMENTS: +2 (GRUNT,SCOUT)
FINALE-KIT: Legion
FINALE-KIT: Wardens
WAVE: +3 (BERSERKER,HUNTER,SCOUT) [rich]
WAVE: +3 (WARBRINGER,BERSERKER,BRUISER) [rich]
WAVE: +3 (SCOUT,BRUISER,HUNTER) [rich]
WAVE: +3 (BERSERKER,WARBRINGER,BERSERKER) [rich]
WAVE: +3 (STRIKER,BRUISER,BRUISER) [rich]
match 15/20  (W:6 L:9 cap:0)  498.4s
FINALE-KIT: Wardens
WAVE: +3 (BERSERKER,BRUISER,HUNTER) [rich]
WAVE: +3 (WARBRINGER,GRUNT,BRUISER) [rich]
WAVE: +3 (WARBRINGER,SCOUT,BERSERKER) [rich]
WAVE: +3 (BERSERKER,BERSERKER,SCOUT) [rich]
WAVE: +3 (BERSERKER,BERSERKER,BRUISER) [rich]
WAVE: +3 (BRUISER,GRUNT,BRUISER) [rich]
FINALE-KIT: Syndicate
WAVE: +2 (SHIELD,SAPPER) [rich]
WAVE: +2 (DRONE,SAPPER) [rich]
WAVE: +2 (CUSTODIAN,DRONE) [rich]
WAVE: +2 (SCREENER,SCREENER) [rich]
WAVE: +2 (SHIELD,DRONE) [rich]
FINALE-KIT: Syndicate
WAVE: +2 (DRONE,SCREENER) [rich]
WAVE: +2 (CUSTODIAN,DRONE) [rich]
WAVE: +2 (SAPPER,SPOTTER) [rich]
REINFORCEMENTS: +2 (GRUNT,GRUNT)
REINFORCEMENTS: +2 (SCOUT,SCOUT)
REINFORCEMENTS: +2 (GRUNT,SCOUT)
REINFORCEMENTS: +2 (GRUNT,GRUNT)
REINFORCEMENTS: +3 (SCOUT,SCOUT,GRUNT)
FINALE-KIT: Legion
REINFORCEMENTS: +2 (SCOUT,GRUNT)
REINFORCEMENTS: +2 (GRUNT,SCOUT)
FINALE-KIT: Legion
WAVE: +2 (SNIPER,MORTAR) [rich]
WAVE: +2 (SCOUT,PIKEMAN) [rich]
WAVE: +2 (MEDIC,CUSTODIAN) [rich]
WAVE: +3 (CUSTODIAN,SPOTTER,GRUNT) [rich]
WAVE: +3 (SPOTTER,SCREENER,SHIELD) [rich]
WAVE: +2 (SPOTTER,SPOTTER) [rich]
match 20/20  (W:7 L:13 cap:0)  613.3s

══════════════════════ SIGHTLINE BALANCE REPORT ══════════════════════
runs=20  missions=71

RUN OUTCOMES (campaign):  win-rate   35%   avg missions cleared 3.7

POLICY GAP (optimal vs human-error; campaign runs only):
  greedy win-rate   50%  (n=10)
  sloppy win-rate   20%  (n=10)
  GAP   30 pts  (swingy/unforgiving)
  PAIRED (same-seed slots): pairs=10  concordant=3  discordant greedy-only-won=5 / sloppy-only-won=2  paired gap   30 pts
  PER-SLOT RECORDS (greedy | sloppy: outcome + missions cleared; margin = g−s):
    slot  20 @h2: W 6 | L 1   margin +5
    slot  21 @h2: L 1 | L 1   margin +0
    slot  22 @h2: W 6 | L 1   margin +5
    slot  23 @h2: W 6 | L 2   margin +4
    slot  24 @h2: W 6 | L 5   margin +1
    slot  25 @h2: W 6 | L 4   margin +2
    slot  26 @h2: L 5 | W 6   margin -1
    slot  27 @h2: L 3 | L 3   margin +0
    slot  28 @h2: L 3 | L 3   margin +0
    slot  29 @h2: L 0 | W 6   margin -6
  PAIRED MARGIN (missions cleared, all pairs): +1.00 ±1.04 SE  (n=10 pairs)
  by objective (greedy / sloppy / gap):
    Decapitate :   90% /   71% / gap   19
    Defend     :   71% /   57% / gap   14
    Eliminate  :   85% /   83% / gap    1
    Escort     :  100% /  100% / gap    0
    Hack       :  100% /  100% / gap    0
    Rescue     :  100% /  100% / gap    0
    Sabotage   :  100% /    0% / gap  100

DECISION RICHNESS / SWING:
  meaningful-choices/turn 2.42   lead-swings/match 0.6   avg max-swing 45.9
  [shot-gate] acting-soldiers/turn 3.39   armed-soldiers/turn 1.58   armed-fraction 46%   turns-with-a-shot 65%   choices/ARMED-soldier-turn 1.53
  [choice-split] los-targets/ARMED 2.35   target-choices/ARMED 0.33   position-choices/ARMED 1.21

RUN COMPLETION BY HEAT (full-campaign clears):
  heat 2:   35% ±11  (n=20 runs, avg 3.7 missions)

INTEL ECONOMY BY HEAT (campaign runs; heat-bonus = the Heat.IntelBonus share of income):
  heat 2: earned  138.4/run   heat-bonus  20.9 (  15% of income)   spent  121.3   unspent   17.1

MISSION WIN-RATE BY HEAT:
  heat 2:   84%  (n=67, avg 4.9 turns)
  heat 3:   50% ±25  (n=4, avg 9.0 turns)

MISSION WIN-RATE BY OBJECTIVE:
  Eliminate  :   84% ±7  (n=25, avg 4.3 turns)
  Decapitate :   82% ±9  (n=17, avg 3.8 turns)
  Defend     :   64% ±13  (n=14, avg 8.7 turns)
  Rescue     :  100% ±0  (n=7, avg 3.0 turns)
  Hack       :  100% ±0  (n=3, avg 3.0 turns)
  Escort     :  100% ±0  (n=2, avg 12.0 turns)
  Sabotage   :   50% ±35  (n=2, avg 6.5 turns)
  Evac       :  100% ±0  (n=1, avg 2.0 turns)

MISSION WIN-RATE BY MISSION #:
  m1:   95% ±5  (n=20)
  m2:   64% ±15  (n=11)
  m3:   91% ±9  (n=11)
  m4:   71% ±12  (n=14)
  m5:   83% ±15  (n=6)
  m6:   78% ±14  (n=9)

LOSS CAUSES (missions):
  RUN OVER              : 13

MISSION WIN-RATE BY ARENA (authored layouts, n>=3; procedural fallback   18% of 71 missions):
  arena  3:  100% ±0  (n=3, avg 3.7 turns)  [m6:100%(3)]
  arena  6:  100% ±0  (n=4, avg 3.3 turns)  [m1:100%(2) m5:100%(2)]
  arena  7:   75% ±22  (n=4, avg 4.5 turns)  [m1:100%(2) m2:50%(2)]
  arena 10:  100% ±0  (n=4, avg 5.5 turns)  [m1:100%(2) m3:100%(2)]
  arena 19:   50% ±25  (n=4, avg 5.8 turns)  [m1:100%(2) m4:0%(2)]
  arena 20:   67% ±27  (n=3, avg 5.0 turns)  [m2:100%(2) m3:0%(1)]
  arena 26:  100% ±0  (n=3, avg 2.3 turns)  [m3:100%(3)]
  arena 30:  100% ±0  (n=3, avg 5.7 turns)  [m1:100%(2) m4:100%(1)]
  arena 32:  100% ±0  (n=4, avg 7.5 turns)  [m2:100%(1) m3:100%(3)]
  procedural:   85% ±10  (n=13, avg 5.5 turns)  [m1:100%(2) m2:100%(1) m3:100%(2) m4:80%(5) m5:100%(2) m6:0%(1)]

DEPLOYMENT GEOMETRY (opening shape; choices/ARMED is the wave's real gate):
  FRONTAL   :   84% ±7  (n=25, avg 4.9 turns)  choices/turn 2.43  choices/ARMED 1.54  los-targets/ARMED 2.89
  PINCER    :   87% ±7  (n=23, avg 5.3 turns)  choices/turn 2.65  choices/ARMED 1.73  los-targets/ARMED 2.15
  CROSSFIRE :   63% ±17  (n=8, avg 5.9 turns)  choices/turn 1.75  choices/ARMED 1.28  los-targets/ARMED 2.07
  ENVELOP   :   80% ±10  (n=15, avg 4.9 turns)  choices/turn 2.45  choices/ARMED 1.37  los-targets/ARMED 1.95

ARENA FUNNEL (Mission.Build exits, n=81 builds, all modes):
  authored-applied    :  81.5%  (n=66)
  connectivity-reject :   0.0%  (n=0)
  procedural-roll     :  18.5%  (n=15)

DECK EXPOSURE (campaign runs n=20):
  distinct authored arenas/run : 2.90 mean (all runs)
  ... full-depth runs only     : 3.86 mean over 5.1 fights/run (n=7)
  Defend dealt on the route    :   65% of runs (n=13)

ACTION MIX (verbs issued, by policy):
  verb                  greedy        sloppy
  MOVE               517   40%     447   42%
  SHOOT              381   29%     306   29%
  HUNKER              68    5%      30    3%
  RELOAD              46    4%      37    3%
  OVERWATCH           35    3%      38    4%
  FOCUS               29    2%      40    4%
  INTEL               33    3%      33    3%
  BRACE               42    3%      15    1%
  STABILIZE           31    2%      23    2%
  MARK                32    2%      17    2%
  SLIPSTREAM          19    1%      21    2%
  PIN                 15    1%      14    1%
  ITEM:SMOKE          13    1%      10    1%
  GRENADE              5    0%       6    1%
  REARM                4    0%       6    1%
  GRAPPLE              3    0%       7    1%
  PATCH                7    1%       3    0%
  BEACON               6    0%       2    0%
  PLANT                5    0%       2    0%
  HACK                 2    0%       4    0%
  BARREL               2    0%       2    0%
  DRAG                 3    0%       1    0%
  EXTRACT              3    0%       1    0%
  ITEM:INCENDIARY       0    0%       1    0%

PLAYER CLASS PERFORMANCE:
  class        shots   hit%   dmg   kills
  SHARPSHOOTER    184    89%   1181     68
  GUNNER         199    86%    890     63
  ASSAULT        165    87%    717     42
  RANGER         109    89%    630     45
  CORPSMAN        46    80%    145      3

SOLDIER DEATHS BY ENEMY CLASS (threat ranking):
  BERSERKER  : 10
  GRUNT      : 9
  STRIKE     : 9
  SNIPER     : 6
  SCOUT      : 5
  ELITE      : 5
  BRUISER    : 5
  LANCER     : 5
  HUNTER     : 4
  STRIKER    : 3
  CUSTODIAN  : 3
  MORTAR     : 2
  PIKEMAN    : 2
  BURN       : 2
  DRONE      : 2
  SCREENER   : 2
  SHIELD     : 2
  SAPPER     : 1
  TURRET     : 1

SOLDIER DOWNS (FUL-7 bleed-out): 166 downs -> revived 8 / recovered 38 / bled out 101 / finished 19  (save-rate   28%)
  corpsman fielded in 18 missions

ENEMY COMPOSITION (spawns; faction-stamped fights n=414 / default-cascade fights n=210):
  class        faction         default
  SCOUT           26    6%       68   32%
  GRUNT           33    8%       41   20%
  HUNTER          38    9%        5    2%
  BERSERKER       35    8%        8    4%
  LANCER          24    6%       10    5%
  ELITE           26    6%        7    3%
  BRUISER         29    7%        4    2%
  DRONE           21    5%        8    4%
  TURRET          28    7%        0    0%
  SAPPER          14    3%       11    5%
  SNIPER          16    4%        8    4%
  SHIELD          20    5%        3    1%
  SCREENER        16    4%        6    3%
  SPOTTER         21    5%        0    0%
  STRIKER         12    3%        6    3%
  HOUND            8    2%       10    5%
  MORTAR          14    3%        2    1%
  CUSTODIAN        7    2%        5    2%
  MEDIC            9    2%        1    0%
  PIKEMAN          7    2%        2    1%
  BOMBARD          3    1%        5    2%
  WARBRINGER       7    2%        0    0%

PERK PICK FREQUENCY:
  LCK           : 15
  GUN           : 12
  RFX           : 11
  TNK           : 11
  SKR           : 10
  MOM           : 9
  BRK           : 8
  OUT           : 8
  BND           : 7
  GRD           : 6
  MRK           : 6
  CQB           : 5
  FST           : 5
  VNT           : 4
  SGE           : 4
  EXC           : 4
  CLH           : 3
  HRD           : 3
  PLT           : 3

SHOP PURCHASE FREQUENCY:
  FIELD MEDKIT      : 44
  WPN: HOLLOW POINT : 34
  WPN: STABILIZER   : 24
  WPN: SCOPE        : 22
  WPN: BIPOD        : 20
  COMBAT STIMS      : 18
  WPN: EXTENDED MAG : 18
  BALLISTIC PLATING : 17
  ARMORY            : 10
  WPN: SUPPRESSOR   : 10
  FRAG CACHE        : 10
  COUNTER-PREP      : 8
  ADV. TRAINING     : 4

BOON PICK FREQUENCY (PROCS = effect fires at instrumented sites; '-' = not instrumented;
                      PYR counts the +2-turn-burn half only — the Burning-immunity half is uninstrumented):
  code                 picks   PROCS
  RCL               :     6       1
  SHK               :     6       9
  GHO               :     5       -
  PYR               :     4       3
  SCV               :     4       -
  FDR               :     3       1
  FRT               :     3       -
  RPD               :     3       -
  TRR               :     3      17
  VNM               :     3       -
  ADR               :     2       -
  EXE               :     2       -
  FST               :     2      23
  FVR               :     2       -
  MRK               :     2       -
  GRN               :     1       -

RUN WIN-RATE BY BOON (campaign runs holding it):
  RCL               :   50% ±20  (in 6 runs)
  SHK               :   50% ±20  (in 6 runs)
  GHO               :   80% ±18  (in 5 runs)
  PYR               :   75% ±22  (in 4 runs)
  SCV               :   75% ±22  (in 4 runs)
  FDR               :   33% ±27  (in 3 runs)
  FRT               :   67% ±27  (in 3 runs)
  RPD               :   67% ±27  (in 3 runs)
  TRR               :   33% ±27  (in 3 runs)
  VNM               :   67% ±27  (in 3 runs)
  ADR               :    0% ±0  (in 2 runs)
  EXE               :   50% ±35  (in 2 runs)
  FST               :   50% ±35  (in 2 runs)
  FVR               :   50% ±35  (in 2 runs)
  MRK               :   50% ±35  (in 2 runs)
  GRN               :  100% ±0  (in 1 runs)

RUN WIN-RATE BY SPEC (campaign runs fielding it):
  ANC               :   50% ±25  (in 4 runs)
  PHN               :   50% ±25  (in 4 runs)
  SNT               :  100% ±0  (in 4 runs)
  ADN               :   33% ±27  (in 3 runs)
  BRC               :   67% ±27  (in 3 runs)
  JUG               :   67% ±27  (in 3 runs)
  HHT               :   50% ±35  (in 2 runs)
  PTH               :    0% ±0  (in 1 runs)

RUN WIN-RATE BY PERK (campaign runs holding it):
  LCK               :   50% ±16  (in 10 runs)
  RFX               :   30% ±14  (in 10 runs)
  GUN               :   33% ±16  (in 9 runs)
  TNK               :   50% ±18  (in 8 runs)
  BND               :   71% ±17  (in 7 runs)
  MOM               :   57% ±19  (in 7 runs)
  SKR               :   43% ±19  (in 7 runs)
  BRK               :   50% ±20  (in 6 runs)
  OUT               :   50% ±20  (in 6 runs)
  FST               :   40% ±22  (in 5 runs)
  GRD               :   60% ±22  (in 5 runs)
  MRK               :   80% ±18  (in 5 runs)
  CQB               :   50% ±25  (in 4 runs)
  SGE               :   50% ±25  (in 4 runs)
  VNT               :   50% ±25  (in 4 runs)
  CLH               :   33% ±27  (in 3 runs)
  EXC               :   67% ±27  (in 3 runs)
  HRD               :   33% ±27  (in 3 runs)
  PLT               :    0% ±0  (in 3 runs)

RUN WIN-RATE BY PURCHASE (campaign runs buying it):
  FIELD MEDKIT      :   43% ±13  (in 14 runs)
  WPN: HOLLOW POINT :   46% ±14  (in 13 runs)
  BALLISTIC PLATING :   36% ±15  (in 11 runs)
  WPN: BIPOD        :   55% ±15  (in 11 runs)
  WPN: STABILIZER   :   55% ±15  (in 11 runs)
  ARMORY            :   33% ±16  (in 9 runs)
  WPN: SUPPRESSOR   :   44% ±17  (in 9 runs)
  WPN: SCOPE        :   63% ±17  (in 8 runs)
  COUNTER-PREP      :   71% ±17  (in 7 runs)
  FRAG CACHE        :   57% ±19  (in 7 runs)
  WPN: EXTENDED MAG :   71% ±17  (in 7 runs)
  COMBAT STIMS      :   50% ±20  (in 6 runs)
  ADV. TRAINING     :   33% ±27  (in 3 runs)

RUN WIN-RATE BY EVENT-CHOICE (campaign runs taking id:arm):
  depot:1           :   50% ±35  (in 2 runs)
  drill:1           :    0% ±0  (in 2 runs)
  fieldhospital:2   :   50% ±35  (in 2 runs)
  informant:1       :    0% ±0  (in 2 runs)
  medic:1           :   50% ±35  (in 2 runs)
  relic:1           :   50% ±35  (in 2 runs)
  warpension:2      :    0% ±0  (in 2 runs)
  profiteer:1       :  100% ±0  (in 1 runs)
  reservecall:0     :  100% ±0  (in 1 runs)
═══════════════════════════════════════════════════════════════════════

batch wall-time: 613.3s  (20 matches across 10 campaigns × 2 policy, frame-cap hits: 0)
aggregate JSON -> /home/user/SIGHTLINE/docs/measurements/l1/L1-h2-b20.json
INFO: TEXTURE: [ID 2] Unloaded texture data from VRAM (GPU)
INFO: SHADER: [ID 3] Default shader unloaded successfully
INFO: TEXTURE: [ID 1] Default texture unloaded successfully
INFO: Window closed successfully
