INFO: Initializing raylib 6.0
INFO: Platform backend: DESKTOP (GLFW)
INFO: Supported raylib modules:
INFO:     > rcore:..... loaded (mandatory)
INFO:     > rlgl:...... loaded (mandatory)
INFO:     > rshapes:... loaded (optional)
INFO:     > rtextures:. loaded (optional)
INFO:     > rtext:..... loaded (optional)
INFO:     > rmodels:... loaded (optional)
INFO:     > raudio:.... loaded (optional)
INFO: DISPLAY: Trying to enable MSAA x4
INFO: DISPLAY: Device initialized successfully 
INFO:     > Display size: 1280 x 800
INFO:     > Screen size:  1280 x 800
INFO:     > Render size:  1280 x 800
INFO:     > Viewport offsets: 0, 0
INFO: GLAD: OpenGL extensions loaded successfully
INFO: GL: Supported extensions count: 229
INFO: GL: OpenGL device information:
INFO:     > Vendor:   Mesa
INFO:     > Renderer: llvmpipe (LLVM 20.1.2, 256 bits)
INFO:     > Version:  4.5 (Core Profile) Mesa 25.2.8-0ubuntu0.24.04.2
INFO:     > GLSL:     4.50
INFO: GL: VAO extension detected, VAO functions loaded successfully
INFO: GL: NPOT textures extension detected, full NPOT textures supported
INFO: GL: DXT compressed textures supported
INFO: GL: ETC2/EAC compressed textures supported
INFO: PLATFORM: DESKTOP (GLFW - X11): Initialized successfully
INFO: TEXTURE: [ID 1] Texture loaded successfully (1x1 | R8G8B8A8 | 1 mipmaps)
INFO: TEXTURE: [ID 1] Default texture loaded successfully
INFO: SHADER: [ID 1] Vertex shader compiled successfully
INFO: SHADER: [ID 2] Fragment shader compiled successfully
INFO: SHADER: [ID 3] Program shader loaded successfully
INFO: SHADER: [ID 3] Default shader loaded successfully
INFO: RLGL: Render batch vertex buffers loaded successfully in RAM (CPU)
INFO: RLGL: Render batch vertex buffers loaded successfully in VRAM (GPU)
INFO: RLGL: Default OpenGL state initialized successfully
INFO: TEXTURE: [ID 2] Texture loaded successfully (128x128 | GRAY_ALPHA | 1 mipmaps)
INFO: FONT: Default font loaded successfully (224 glyphs)
INFO: SYSTEM: Working Directory: /home/user/SIGHTLINE
INFO: TIMER: Target time per frame: 0.000 milliseconds
FINALE-KIT: Syndicate
WAVE: +2 (GRUNT,SHIELD) [rich]
WAVE: +2 (DRONE,GRUNT) [rich]
WAVE: +2 (GRUNT,SHIELD) [rich]
FINALE-KIT: Syndicate
WAVE: +2 (SAPPER,SHIELD) [rich]
WAVE: +2 (GRUNT,DRONE) [rich]
WAVE: +2 (SAPPER,GRUNT) [rich]
FINALE-KIT: Wardens
WAVE: +3 (GRUNT,SCOUT,SNIPER) [rich]
WAVE: +1 (CUSTODIAN) [rich]
WAVE: +3 (GRUNT,MEDIC,GRUNT) [rich]
FINALE-KIT: Wardens
WAVE: +3 (CUSTODIAN,SCOUT,MEDIC) [rich]
WAVE: +1 (MORTAR) [rich]
WAVE: +1 (GRUNT) [rich]
FINALE-KIT: Wardens
WAVE: +3 (SNIPER,MORTAR,MORTAR) [rich]
WAVE: +3 (GRUNT,SNIPER,MORTAR) [rich]
WAVE: +1 (GRUNT) [rich]
REINFORCEMENTS: +2 (GRUNT,GRUNT)
REINFORCEMENTS: +2 (GRUNT,GRUNT)
REINFORCEMENTS: +2 (SCOUT,GRUNT)
match 5/20  (W:2 L:3 cap:0)  154.8s
FINALE-KIT: Wardens
WAVE: +3 (SNIPER,MORTAR,CUSTODIAN) [rich]
WAVE: +2 (SNIPER,GRUNT) [rich]
WAVE: +3 (SCREENER,SNIPER,GRUNT) [rich]
WAVE: +1 (MEDIC) [rich]
FINALE-KIT: Legion
WAVE: +3 (SHIELD,SAPPER,SHIELD) [rich]
WAVE: +2 (SHIELD,CUSTODIAN) [rich]
REINFORCEMENTS: +2 (SCOUT,SCOUT)
REINFORCEMENTS: +2 (GRUNT,GRUNT)
REINFORCEMENTS: +2 (SCOUT,SCOUT)
REINFORCEMENTS: +2 (SCOUT,SCOUT)
FINALE-KIT: Legion
FINALE-KIT: Legion
WAVE: +3 (SNIPER,SCREENER,SNIPER) [rich]
WAVE: +1 (MEDIC) [rich]
FINALE-KIT: Legion
match 10/20  (W:3 L:7 cap:0)  335.8s
FINALE-KIT: Legion
WAVE: +2 (BERSERKER,LANCER) [rich]
WAVE: +2 (BRUISER,BERSERKER) [rich]
WAVE: +2 (HOUND,BRUISER) [rich]
FINALE-KIT: Legion
WAVE: +2 (HOUND,BRUISER) [rich]
WAVE: +2 (BERSERKER,LANCER) [rich]
WAVE: +2 (BERSERKER,BERSERKER) [rich]
REINFORCEMENTS: +2 (SCOUT,SCOUT)
REINFORCEMENTS: +2 (GRUNT,SCOUT)
FINALE-KIT: Wardens
WAVE: +2 (GRUNT,SAPPER) [rich]
WAVE: +2 (SAPPER,DRONE) [rich]
WAVE: +2 (DRONE,SPOTTER) [rich]
REINFORCEMENTS: +2 (SCOUT,SCOUT)
REINFORCEMENTS: +2 (GRUNT,SCOUT)
FINALE-KIT: Wardens
WAVE: +2 (SHIELD,DRONE) [rich]
WAVE: +2 (DRONE,SPOTTER) [rich]
WAVE: +2 (SHIELD,DRONE) [rich]
REINFORCEMENTS: +2 (GRUNT,SCOUT)
REINFORCEMENTS: +2 (SCOUT,GRUNT)
REINFORCEMENTS: +3 (GRUNT,GRUNT,SCOUT)
FINALE-KIT: Wardens
match 15/20  (W:4 L:11 cap:0)  461.6s
FINALE-KIT: Wardens
REINFORCEMENTS: +2 (GRUNT,GRUNT)
REINFORCEMENTS: +2 (GRUNT,GRUNT)
FINALE-KIT: Wardens
WAVE: +3 (MORTAR,SCOUT,MORTAR) [rich]
WAVE: +2 (MORTAR,PIKEMAN) [rich]
WAVE: +1 (SCOUT) [rich]
REINFORCEMENTS: +2 (GRUNT,GRUNT)
REINFORCEMENTS: +2 (SCOUT,SCOUT)
FINALE-KIT: Wardens
WAVE: +3 (MORTAR,SCOUT,MORTAR) [rich]
WAVE: +2 (MORTAR,PIKEMAN) [rich]
WAVE: +1 (SCOUT) [rich]
REINFORCEMENTS: +2 (GRUNT,SCOUT)
REINFORCEMENTS: +2 (SCOUT,SCOUT)
