INFO: Initializing raylib 6.0
INFO: Platform backend: DESKTOP (GLFW)
INFO: Supported raylib modules:
INFO:     > rcore:..... loaded (mandatory)
INFO:     > rlgl:...... loaded (mandatory)
INFO:     > rshapes:... loaded (optional)
INFO:     > rtextures:. loaded (optional)
INFO:     > rtext:..... loaded (optional)
INFO:     > rmodels:... loaded (optional)
INFO:     > raudio:.... loaded (optional)
INFO: DISPLAY: Trying to enable MSAA x4
INFO: DISPLAY: Device initialized successfully 
INFO:     > Display size: 1280 x 800
INFO:     > Screen size:  1280 x 800
INFO:     > Render size:  1280 x 800
INFO:     > Viewport offsets: 0, 0
INFO: GLAD: OpenGL extensions loaded successfully
INFO: GL: Supported extensions count: 229
INFO: GL: OpenGL device information:
INFO:     > Vendor:   Mesa
INFO:     > Renderer: llvmpipe (LLVM 20.1.2, 256 bits)
INFO:     > Version:  4.5 (Core Profile) Mesa 25.2.8-0ubuntu0.24.04.2
INFO:     > GLSL:     4.50
INFO: GL: VAO extension detected, VAO functions loaded successfully
INFO: GL: NPOT textures extension detected, full NPOT textures supported
INFO: GL: DXT compressed textures supported
INFO: GL: ETC2/EAC compressed textures supported
INFO: PLATFORM: DESKTOP (GLFW - X11): Initialized successfully
INFO: TEXTURE: [ID 1] Texture loaded successfully (1x1 | R8G8B8A8 | 1 mipmaps)
INFO: TEXTURE: [ID 1] Default texture loaded successfully
INFO: SHADER: [ID 1] Vertex shader compiled successfully
INFO: SHADER: [ID 2] Fragment shader compiled successfully
INFO: SHADER: [ID 3] Program shader loaded successfully
INFO: SHADER: [ID 3] Default shader loaded successfully
INFO: RLGL: Render batch vertex buffers loaded successfully in RAM (CPU)
INFO: RLGL: Render batch vertex buffers loaded successfully in VRAM (GPU)
INFO: RLGL: Default OpenGL state initialized successfully
INFO: TEXTURE: [ID 2] Texture loaded successfully (128x128 | GRAY_ALPHA | 1 mipmaps)
INFO: FONT: Default font loaded successfully (224 glyphs)
INFO: SYSTEM: Working Directory: /home/user/SIGHTLINE
INFO: TIMER: Target time per frame: 0.000 milliseconds
FINALE-KIT: Syndicate
FINALE-KIT: Syndicate
REINFORCEMENTS: +2 (SCOUT,SCOUT)
REINFORCEMENTS: +2 (GRUNT,GRUNT)
FINALE-KIT: Wardens
WAVE: +2 (MORTAR,MORTAR) [rich]
WAVE: +2 (SCOUT,MORTAR) [rich]
WAVE: +2 (SCOUT,MEDIC) [rich]
FINALE-KIT: Wardens
WAVE: +2 (GRUNT,SCOUT) [rich]
WAVE: +2 (MORTAR,CUSTODIAN) [rich]
WAVE: +2 (SCREENER,SCOUT) [rich]
REINFORCEMENTS: +2 (SCOUT,SCOUT)
REINFORCEMENTS: +2 (SCOUT,GRUNT)
FINALE-KIT: Syndicate
WAVE: +3 (SCREENER,BERSERKER,MEDIC) [rich]
WAVE: +3 (CUSTODIAN,GRUNT,BERSERKER) [rich]
WAVE: +3 (GRUNT,HUNTER,SHIELD) [rich]
match 5/20  (W:3 L:2 cap:1)  5.0s
FINALE-KIT: Syndicate
WAVE: +3 (SHIELD,SPOTTER,HUNTER) [rich]
WAVE: +3 (SAPPER,DRONE,SAPPER) [rich]
WAVE: +3 (SHIELD,CUSTODIAN,SAPPER) [rich]
FINALE-KIT: Syndicate
WAVE: +3 (BRUISER,BRUISER,HUNTER) [rich]
WAVE: +3 (BRUISER,BERSERKER,LANCER) [rich]
WAVE: +3 (STRIKER,BRUISER,STRIKER) [rich]
WAVE: +3 (HUNTER,BERSERKER,BRUISER) [rich]
WAVE: +3 (BERSERKER,HUNTER,HUNTER) [rich]
WAVE: +3 (BERSERKER,BERSERKER,GRUNT) [rich]
FINALE-KIT: Syndicate
WAVE: +3 (SCOUT,BRUISER,BERSERKER) [rich]
WAVE: +3 (SCOUT,LANCER,HUNTER) [rich]
WAVE: +3 (BRUISER,WARBRINGER,STRIKER) [rich]
FINALE-KIT: Legion
WAVE: +3 (HUNTER,LANCER,BERSERKER) [rich]
WAVE: +3 (HUNTER,BERSERKER,BRUISER) [rich]
WAVE: +3 (BRUISER,STRIKER,HUNTER) [rich]
FINALE-KIT: Legion
match 10/20  (W:7 L:3 cap:1)  8.4s
FINALE-KIT: Wardens
REINFORCEMENTS: +2 (SCOUT,SCOUT)
REINFORCEMENTS: +2 (SCOUT,SCOUT)
REINFORCEMENTS: +3 (SCOUT,GRUNT,GRUNT)
WAVE: +3 (BERSERKER,BERSERKER,SNIPER) [rich]
WAVE: +3 (SCREENER,SPOTTER,SCOUT) [rich]
WAVE: +3 (STRIKER,HUNTER,STRIKER) [rich]
FINALE-KIT: Wardens
WAVE: +3 (SAPPER,SPOTTER,SAPPER) [rich]
WAVE: +3 (HOUND,MORTAR,BRUISER) [rich]
WAVE: +3 (MEDIC,HOUND,MORTAR) [rich]
FINALE-KIT: Syndicate
WAVE: +2 (MEDIC,SNIPER) [rich]
WAVE: +2 (SCOUT,SNIPER) [rich]
WAVE: +2 (MORTAR,PIKEMAN) [rich]
FINALE-KIT: Syndicate
WAVE: +2 (MORTAR,GRUNT) [rich]
WAVE: +2 (MORTAR,SNIPER) [rich]
WAVE: +2 (SCOUT,MORTAR) [rich]
FINALE-KIT: Legion
match 15/20  (W:12 L:3 cap:1)  9.8s
FINALE-KIT: Legion
REINFORCEMENTS: +2 (SCOUT,SCOUT)
REINFORCEMENTS: +2 (GRUNT,SCOUT)
REINFORCEMENTS: +3 (GRUNT,SCOUT,SCOUT)
REINFORCEMENTS: +2 (GRUNT,SCOUT)
REINFORCEMENTS: +2 (GRUNT,SCOUT)
FINALE-KIT: Syndicate
WAVE: +3 (WARBRINGER,HUNTER,LANCER) [rich]
WAVE: +3 (BERSERKER,SCOUT,BERSERKER) [rich]
WAVE: +3 (BERSERKER,WARBRINGER,WARBRINGER) [rich]
REINFORCEMENTS: +2 (SCOUT,GRUNT)
REINFORCEMENTS: +2 (GRUNT,SCOUT)
REINFORCEMENTS: +2 (GRUNT,SCOUT)
FINALE-KIT: Syndicate
WAVE: +3 (BRUISER,BERSERKER,BERSERKER) [rich]
WAVE: +3 (BRUISER,BRUISER,STRIKER) [rich]
WAVE: +3 (BERSERKER,HUNTER,BRUISER) [rich]
FINALE-KIT: Wardens
FINALE-KIT: Wardens
match 20/20  (W:15 L:5 cap:1)  11.3s

══════════════════════ SIGHTLINE BALANCE REPORT ══════════════════════
runs=20  missions=97

RUN OUTCOMES (campaign):  win-rate   75%   avg missions cleared 5.6

POLICY GAP (optimal vs human-error; campaign runs only):
  greedy win-rate   90%  (n=10)
  sloppy win-rate   60%  (n=10)
  GAP   30 pts  (swingy/unforgiving)
  PAIRED (same-seed slots): pairs=10  concordant=5  discordant greedy-only-won=4 / sloppy-only-won=1  paired gap   30 pts
  PER-SLOT RECORDS (greedy | sloppy: outcome + missions cleared; margin = g−s):
    slot  60 @h-1: W 6 | L 5   margin +1
    slot  61 @h-1: W 6 | L 5   margin +1
    slot  62 @h-1: W 6 | W 6   margin +0
    slot  63 @h-1: W 6 | W 6   margin +0
    slot  64 @h-1: W 6 | L 2   margin +4
    slot  65 @h-1: W 6 | W 6   margin +0
    slot  66 @h-1: W 6 | W 6   margin +0
    slot  67 @h-1: W 6 | L 4   margin +2
    slot  68 @h-1: L 5 | W 6   margin -1
    slot  69 @h-1: W 6 | W 6   margin +0
  PAIRED MARGIN (missions cleared, all pairs): +0.70 ±0.45 SE  (n=10 pairs)
  by objective (greedy / sloppy / gap):
    Decapitate :   92% /   88% / gap    4
    Defend     :  100% /  100% / gap    0
    Eliminate  :  100% /   92% / gap    8
    Escort     :  100% /   86% / gap   14
    Evac       :  100% /  100% / gap    0
    Hack       :  100% /  100% / gap    0
    Rescue     :  100% /  100% / gap    0
    Sabotage   :  100% /  100% / gap    0

DECISION RICHNESS / SWING:
  meaningful-choices/turn 3.95   lead-swings/match 0.7   avg max-swing 36.2
  [shot-gate] acting-soldiers/turn 4.31   armed-soldiers/turn 1.73   armed-fraction 40%   turns-with-a-shot 56%   choices/ARMED-soldier-turn 2.29
  [choice-split] los-targets/ARMED 3.05   target-choices/ARMED 0.64   position-choices/ARMED 1.65

RUN COMPLETION BY HEAT (full-campaign clears):
  heat -1:   75% ±10  (n=20 runs, avg 5.6 missions)

INTEL ECONOMY BY HEAT (campaign runs; heat-bonus = the Heat.IntelBonus share of income):
  heat -1: earned  174.5/run   heat-bonus   0.0 (   0% of income)   spent  161.5   unspent   13.0

MISSION WIN-RATE BY HEAT:
  heat -1:   96%  (n=97, avg 6.4 turns)

MISSION WIN-RATE BY OBJECTIVE:
  Eliminate  :   96% ±4  (n=26, avg 3.1 turns)
  Decapitate :   90% ±7  (n=20, avg 3.4 turns)
  Escort     :   93% ±7  (n=14, avg 11.2 turns)
  Rescue     :  100% ±0  (n=14, avg 5.4 turns)
  Defend     :  100% ±0  (n=13, avg 9.0 turns)
  Evac       :  100% ±0  (n=4, avg 26.0 turns)
  Hack       :  100% ±0  (n=4, avg 3.0 turns)
  Sabotage   :  100% ±0  (n=2, avg 5.5 turns)

MISSION WIN-RATE BY MISSION #:
  m1:  100% ±0  (n=20)
  m2:  100% ±0  (n=14)
  m3:   94% ±5  (n=18)
  m4:  100% ±0  (n=15)
  m5:   92% ±7  (n=13)
  m6:   88% ±8  (n=17)

LOSS CAUSES (missions):
  RUN OVER              : 3
  STALEMATE             : 1

MISSION WIN-RATE BY ARENA (authored layouts, n>=3; procedural fallback   19% of 97 missions):
  arena  2:  100% ±0  (n=4, avg 3.8 turns)  [m2:100%(2) m3:100%(2)]
  arena 10:  100% ±0  (n=5, avg 2.8 turns)  [m1:100%(2) m3:100%(1) m6:100%(2)]
  arena 11:  100% ±0  (n=4, avg 6.0 turns)  [m2:100%(2) m4:100%(2)]
  arena 18:  100% ±0  (n=4, avg 6.5 turns)  [m2:100%(2) m5:100%(2)]
  arena 21:  100% ±0  (n=4, avg 5.5 turns)  [m1:100%(2) m4:100%(2)]
  arena 23:   75% ±22  (n=4, avg 5.0 turns)  [m1:100%(2) m6:50%(2)]
  arena 25:  100% ±0  (n=7, avg 7.4 turns)  [m2:100%(2) m3:100%(2) m4:100%(1) m5:100%(2)]
  arena 28:   67% ±19  (n=6, avg 11.3 turns)  [m1:100%(2) m3:50%(2) m6:50%(2)]
  arena 29:  100% ±0  (n=4, avg 2.3 turns)  [m1:100%(2) m6:100%(2)]
  arena 30:  100% ±0  (n=5, avg 4.0 turns)  [m3:100%(2) m4:100%(2) m5:100%(1)]
  arena 33:  100% ±0  (n=3, avg 3.7 turns)  [m6:100%(3)]
  procedural:  100% ±0  (n=18, avg 10.7 turns)  [m1:100%(4) m2:100%(3) m3:100%(4) m4:100%(3) m5:100%(2) m6:100%(2)]

DEPLOYMENT GEOMETRY (opening shape; choices/ARMED is the wave's real gate):
  FRONTAL   :   97%  (n=59, avg 7.1 turns)  choices/turn 4.03  choices/ARMED 2.54  los-targets/ARMED 3.07
  PINCER    :  100% ±0  (n=26, avg 6.0 turns)  choices/turn 3.98  choices/ARMED 1.91  los-targets/ARMED 3.27
  ENVELOP   :   83% ±11  (n=12, avg 4.2 turns)  choices/turn 3.13  choices/ARMED 1.76  los-targets/ARMED 2.01

ARENA FUNNEL (Mission.Build exits, n=104 builds, all modes):
  authored-applied    :  81.7%  (n=85)
  connectivity-reject :   0.0%  (n=0)
  procedural-roll     :  18.3%  (n=19)

DECK EXPOSURE (campaign runs n=20):
  distinct authored arenas/run : 3.95 mean (all runs)
  ... full-depth runs only     : 4.33 mean over 5.2 fights/run (n=15)
  Defend dealt on the route    :   65% of runs (n=13)

ACTION MIX (verbs issued, by policy):
  verb                  greedy        sloppy
  MOVE               700   38%     809   37%
  HUNKER             458   25%     588   27%
  SHOOT              353   19%     324   15%
  FOCUS               42    2%     191    9%
  BRACE               44    2%      56    3%
  RELOAD              40    2%      32    1%
  INTEL               35    2%      36    2%
  OVERWATCH           31    2%      33    1%
  STABILIZE           24    1%      30    1%
  SLIPSTREAM          18    1%      19    1%
  MARK                19    1%      16    1%
  ITEM:SMOKE          19    1%      12    1%
  BEACON              12    1%      14    1%
  PIN                 14    1%       9    0%
  EXTRACT              8    0%      10    0%
  REARM                7    0%       7    0%
  HACK                 4    0%       4    0%
  PATCH                4    0%       3    0%
  PLANT                3    0%       3    0%
  GRAPPLE              1    0%       5    0%
  DRAG                 2    0%       3    0%
  GRENADE              1    0%       2    0%
  BARREL               1    0%       0    0%
  ITEM:FLASH           0    0%       1    0%

PLAYER CLASS PERFORMANCE:
  class        shots   hit%   dmg   kills
  SHARPSHOOTER    201    88%   1337     78
  ASSAULT        178    85%    777     51
  RANGER         123    91%    716     43
  GUNNER         162    86%    669     52
  CORPSMAN        62    76%    197     12

SOLDIER DEATHS BY ENEMY CLASS (threat ranking):
  ELITE      : 7
  HUNTER     : 6
  STRIKE     : 6
  BERSERKER  : 5
  BURN       : 4
  SNIPER     : 3
  MEDIC      : 3
  BRUISER    : 3
  MORTAR     : 3
  GRUNT      : 2
  SCOUT      : 2
  LANCER     : 2
  STRIKER    : 2
  SCREENER   : 2
  WARBRINGER : 1

SOLDIER DOWNS (FUL-7 bleed-out): 151 downs -> revived 4 / recovered 71 / bled out 53 / finished 21  (save-rate   51%)
  corpsman fielded in 24 missions

ENEMY COMPOSITION (spawns; faction-stamped fights n=483 / default-cascade fights n=150):
  class        faction         default
  SCOUT           39    8%       47   31%
  GRUNT           37    8%       21   14%
  ELITE           49   10%        4    3%
  HUNTER          41    8%       10    7%
  STRIKER         31    6%        4    3%
  BRUISER         32    7%        1    1%
  BERSERKER       26    5%        7    5%
  MORTAR          27    6%        5    3%
  SHIELD          22    5%        6    4%
  SCREENER        23    5%        2    1%
  MEDIC           21    4%        3    2%
  TURRET          17    4%        6    4%
  SNIPER          20    4%        3    2%
  DRONE           18    4%        4    3%
  HOUND            8    2%       10    7%
  LANCER          12    2%        5    3%
  CUSTODIAN       14    3%        2    1%
  SAPPER           9    2%        5    3%
  SPOTTER         10    2%        3    2%
  WARBRINGER      13    3%        0    0%
  PIKEMAN         10    2%        0    0%
  BOMBARD          4    1%        2    1%

PERK PICK FREQUENCY:
  MOM           : 21
  GUN           : 12
  RFX           : 11
  SKR           : 10
  CQB           : 10
  FST           : 10
  PLT           : 10
  MRK           : 9
  BND           : 9
  EXC           : 8
  BRK           : 7
  VNT           : 6
  LCK           : 6
  GRD           : 6
  CLH           : 6
  OUT           : 6
  TNK           : 5
  HRD           : 5
  SGE           : 4

SHOP PURCHASE FREQUENCY:
  FIELD MEDKIT      : 63
  WPN: HOLLOW POINT : 45
  WPN: SCOPE        : 42
  WPN: STABILIZER   : 29
  BALLISTIC PLATING : 23
  WPN: EXTENDED MAG : 20
  FRAG CACHE        : 18
  COMBAT STIMS      : 16
  ARMORY            : 14
  WPN: BIPOD        : 14
  COUNTER-PREP      : 12
  ADV. TRAINING     : 11
  WPN: SUPPRESSOR   : 6

BOON PICK FREQUENCY (PROCS = effect fires at instrumented sites; '-' = not instrumented;
                      PYR counts the +2-turn-burn half only — the Burning-immunity half is uninstrumented):
  code                 picks   PROCS
  FRT               :     8       -
  FST               :     8     104
  SCV               :     6       -
  VNM               :     6       -
  FVR               :     5       -
  GRN               :     5       -
  MRK               :     5       -
  TRR               :     5      16
  ADR               :     4       -
  EXE               :     4       -
  FDR               :     4       0
  PYR               :     4       0
  RCL               :     4       0
  RPD               :     4       -
  GHO               :     3       -
  SHK               :     3      19

RUN WIN-RATE BY BOON (campaign runs holding it):
  FRT               :   75% ±15  (in 8 runs)
  FST               :   75% ±15  (in 8 runs)
  SCV               :  100% ±0  (in 6 runs)
  VNM               :  100% ±0  (in 6 runs)
  FVR               :  100% ±0  (in 5 runs)
  GRN               :   60% ±22  (in 5 runs)
  MRK               :   60% ±22  (in 5 runs)
  TRR               :   60% ±22  (in 5 runs)
  ADR               :   75% ±22  (in 4 runs)
  EXE               :  100% ±0  (in 4 runs)
  FDR               :  100% ±0  (in 4 runs)
  PYR               :   75% ±22  (in 4 runs)
  RCL               :   75% ±22  (in 4 runs)
  RPD               :   75% ±22  (in 4 runs)
  GHO               :   67% ±27  (in 3 runs)
  SHK               :  100% ±0  (in 3 runs)

RUN WIN-RATE BY SPEC (campaign runs fielding it):
  HHT               :   75% ±15  (in 8 runs)
  ADN               :   75% ±22  (in 4 runs)
  JUG               :   75% ±22  (in 4 runs)
  PTH               :  100% ±0  (in 3 runs)
  SNT               :  100% ±0  (in 3 runs)
  ANC               :  100% ±0  (in 2 runs)
  PHN               :   50% ±35  (in 2 runs)
  BRC               :  100% ±0  (in 1 runs)
  MED               :  100% ±0  (in 1 runs)
  SRG               :    0% ±0  (in 1 runs)

RUN WIN-RATE BY PERK (campaign runs holding it):
  FST               :   70% ±14  (in 10 runs)
  MOM               :   80% ±13  (in 10 runs)
  CQB               :   78% ±14  (in 9 runs)
  GUN               :   67% ±16  (in 9 runs)
  RFX               :   78% ±14  (in 9 runs)
  MRK               :   75% ±15  (in 8 runs)
  PLT               :   88% ±12  (in 8 runs)
  BND               :   86% ±13  (in 7 runs)
  BRK               :  100% ±0  (in 7 runs)
  EXC               :   71% ±17  (in 7 runs)
  SKR               :   71% ±17  (in 7 runs)
  CLH               :   67% ±19  (in 6 runs)
  OUT               :  100% ±0  (in 6 runs)
  VNT               :   67% ±19  (in 6 runs)
  GRD               :   60% ±22  (in 5 runs)
  HRD               :   80% ±18  (in 5 runs)
  LCK               :   80% ±18  (in 5 runs)
  TNK               :   80% ±18  (in 5 runs)
  SGE               :  100% ±0  (in 4 runs)

RUN WIN-RATE BY PURCHASE (campaign runs buying it):
  WPN: SCOPE        :   83% ±9  (in 18 runs)
  FIELD MEDKIT      :   88% ±8  (in 16 runs)
  WPN: HOLLOW POINT :   75% ±11  (in 16 runs)
  BALLISTIC PLATING :   67% ±14  (in 12 runs)
  ARMORY            :   82% ±12  (in 11 runs)
  WPN: EXTENDED MAG :   82% ±12  (in 11 runs)
  COUNTER-PREP      :   90% ±9  (in 10 runs)
  FRAG CACHE        :   70% ±14  (in 10 runs)
  WPN: STABILIZER   :   80% ±13  (in 10 runs)
  ADV. TRAINING     :   78% ±14  (in 9 runs)
  COMBAT STIMS      :   88% ±12  (in 8 runs)
  WPN: BIPOD        :  100% ±0  (in 6 runs)
  WPN: SUPPRESSOR   :   80% ±18  (in 5 runs)

RUN WIN-RATE BY EVENT-CHOICE (campaign runs taking id:arm):
  grave:1           :   75% ±22  (in 4 runs)
  bloodfeud:1       :   50% ±35  (in 2 runs)
  defector:0        :  100% ±0  (in 2 runs)
  distress:1        :   50% ±35  (in 2 runs)
  drill:1           :   50% ±35  (in 2 runs)
  profiteer:0       :   50% ±35  (in 2 runs)
  reservecall:0     :   50% ±35  (in 2 runs)
  warpension:1      :  100% ±0  (in 2 runs)
═══════════════════════════════════════════════════════════════════════

batch wall-time: 11.3s  (20 matches across 10 campaigns × 2 policy, frame-cap hits: 1)
aggregate JSON -> /home/user/SIGHTLINE/docs/measurements/l2/L2-hR-b60.json
INFO: TEXTURE: [ID 2] Unloaded texture data from VRAM (GPU)
INFO: SHADER: [ID 3] Default shader unloaded successfully
INFO: TEXTURE: [ID 1] Default texture unloaded successfully
INFO: Window closed successfully
