INFO: Initializing raylib 6.0
INFO: Platform backend: DESKTOP (GLFW)
INFO: Supported raylib modules:
INFO:     > rcore:..... loaded (mandatory)
INFO:     > rlgl:...... loaded (mandatory)
INFO:     > rshapes:... loaded (optional)
INFO:     > rtextures:. loaded (optional)
INFO:     > rtext:..... loaded (optional)
INFO:     > rmodels:... loaded (optional)
INFO:     > raudio:.... loaded (optional)
INFO: DISPLAY: Trying to enable MSAA x4
INFO: DISPLAY: Device initialized successfully 
INFO:     > Display size: 1280 x 800
INFO:     > Screen size:  1280 x 800
INFO:     > Render size:  1280 x 800
INFO:     > Viewport offsets: 0, 0
INFO: GLAD: OpenGL extensions loaded successfully
INFO: GL: Supported extensions count: 229
INFO: GL: OpenGL device information:
INFO:     > Vendor:   Mesa
INFO:     > Renderer: llvmpipe (LLVM 20.1.2, 256 bits)
INFO:     > Version:  4.5 (Core Profile) Mesa 25.2.8-0ubuntu0.24.04.2
INFO:     > GLSL:     4.50
INFO: GL: VAO extension detected, VAO functions loaded successfully
INFO: GL: NPOT textures extension detected, full NPOT textures supported
INFO: GL: DXT compressed textures supported
INFO: GL: ETC2/EAC compressed textures supported
INFO: PLATFORM: DESKTOP (GLFW - X11): Initialized successfully
INFO: TEXTURE: [ID 1] Texture loaded successfully (1x1 | R8G8B8A8 | 1 mipmaps)
INFO: TEXTURE: [ID 1] Default texture loaded successfully
INFO: SHADER: [ID 1] Vertex shader compiled successfully
INFO: SHADER: [ID 2] Fragment shader compiled successfully
INFO: SHADER: [ID 3] Program shader loaded successfully
INFO: SHADER: [ID 3] Default shader loaded successfully
INFO: RLGL: Render batch vertex buffers loaded successfully in RAM (CPU)
INFO: RLGL: Render batch vertex buffers loaded successfully in VRAM (GPU)
INFO: RLGL: Default OpenGL state initialized successfully
INFO: TEXTURE: [ID 2] Texture loaded successfully (128x128 | GRAY_ALPHA | 1 mipmaps)
INFO: FONT: Default font loaded successfully (224 glyphs)
INFO: SYSTEM: Working Directory: /home/user/SIGHTLINE
INFO: TIMER: Target time per frame: 0.000 milliseconds
FINALE-KIT: Syndicate
REINFORCEMENTS: +2 (GRUNT,SCOUT)
REINFORCEMENTS: +2 (GRUNT,SCOUT)
REINFORCEMENTS: +3 (GRUNT,SCOUT,SCOUT)
FINALE-KIT: Syndicate
FINALE-KIT: Wardens
WAVE: +2 (GRUNT,MORTAR) [rich]
WAVE: +2 (GRUNT,MORTAR) [rich]
WAVE: +2 (MORTAR,SCOUT) [rich]
REINFORCEMENTS: +2 (SCOUT,SCOUT)
REINFORCEMENTS: +2 (SCOUT,SCOUT)
REINFORCEMENTS: +2 (GRUNT,GRUNT)
REINFORCEMENTS: +2 (SCOUT,GRUNT)
FINALE-KIT: Wardens
WAVE: +2 (MORTAR,CUSTODIAN) [rich]
WAVE: +2 (CUSTODIAN,SNIPER) [rich]
WAVE: +2 (SCREENER,MORTAR) [rich]
FINALE-KIT: Syndicate
WAVE: +3 (PIKEMAN,PIKEMAN,LANCER) [rich]
WAVE: +3 (HOUND,GRUNT,GRUNT) [rich]
WAVE: +3 (DRONE,STRIKER,MORTAR) [rich]
match 5/20  (W:2 L:3 cap:0)  5.7s
FINALE-KIT: Syndicate
WAVE: +3 (DRONE,STRIKER,SAPPER) [rich]
WAVE: +3 (HOUND,SNIPER,SNIPER) [rich]
WAVE: +3 (SCREENER,BERSERKER,MEDIC) [rich]
WAVE: +3 (BERSERKER,DRONE,SPOTTER) [rich]
WAVE: +3 (SPOTTER,GRUNT,MORTAR) [rich]
WAVE: +3 (SCREENER,LANCER,SAPPER) [rich]
FINALE-KIT: Syndicate
WAVE: +3 (HUNTER,BRUISER,BRUISER) [rich]
WAVE: +3 (BERSERKER,GRUNT,BRUISER) [rich]
WAVE: +3 (BRUISER,LANCER,BRUISER) [rich]
FINALE-KIT: Syndicate
WAVE: +3 (HUNTER,BRUISER,HUNTER) [rich]
WAVE: +3 (BRUISER,LANCER,WARBRINGER) [rich]
WAVE: +3 (SCOUT,BERSERKER,HUNTER) [rich]
WAVE: +3 (BERSERKER,HUNTER,BERSERKER) [rich]
WAVE: +3 (SCOUT,BRUISER,HUNTER) [rich]
WAVE: +3 (STRIKER,BERSERKER,LANCER) [rich]
FINALE-KIT: Legion
REINFORCEMENTS: +2 (GRUNT,SCOUT)
REINFORCEMENTS: +2 (SCOUT,GRUNT)
FINALE-KIT: Legion
match 10/20  (W:4 L:6 cap:0)  7.8s
FINALE-KIT: Wardens
WAVE: +3 (DRONE,BERSERKER,MEDIC) [rich]
WAVE: +3 (DRONE,HUNTER,GRUNT) [rich]
WAVE: +3 (MEDIC,HUNTER,MEDIC) [rich]
FINALE-KIT: Wardens
WAVE: +3 (CUSTODIAN,SPOTTER,LANCER) [rich]
WAVE: +3 (STRIKER,STRIKER,DRONE) [rich]
WAVE: +3 (SAPPER,MORTAR,LANCER) [rich]
REINFORCEMENTS: +2 (GRUNT,GRUNT)
REINFORCEMENTS: +2 (GRUNT,GRUNT)
REINFORCEMENTS: +3 (SCOUT,SCOUT,GRUNT)
REINFORCEMENTS: +2 (SCOUT,SCOUT)
REINFORCEMENTS: +2 (GRUNT,SCOUT)
FINALE-KIT: Syndicate
WAVE: +2 (GRUNT,MORTAR) [rich]
WAVE: +2 (SCOUT,SNIPER) [rich]
WAVE: +2 (GRUNT,MEDIC) [rich]
FINALE-KIT: Syndicate
WAVE: +2 (MEDIC,MORTAR) [rich]
WAVE: +2 (SCOUT,SNIPER) [rich]
WAVE: +2 (MEDIC,SCOUT) [rich]
FINALE-KIT: Legion
match 15/20  (W:8 L:7 cap:0)  9.5s
FINALE-KIT: Legion
REINFORCEMENTS: +2 (GRUNT,SCOUT)
REINFORCEMENTS: +2 (SCOUT,SCOUT)
REINFORCEMENTS: +2 (GRUNT,GRUNT)
REINFORCEMENTS: +2 (GRUNT,GRUNT)
FINALE-KIT: Syndicate
WAVE: +3 (HUNTER,STRIKER,GRUNT) [rich]
WAVE: +3 (STRIKER,BRUISER,BRUISER) [rich]
WAVE: +3 (HOUND,BERSERKER,BERSERKER) [rich]
WAVE: +3 (LANCER,BRUISER,BRUISER) [rich]
FINALE-KIT: Syndicate
WAVE: +3 (BERSERKER,BERSERKER,HUNTER) [rich]
WAVE: +3 (GRUNT,BERSERKER,STRIKER) [rich]
WAVE: +3 (HOUND,BRUISER,BERSERKER) [rich]
WAVE: +3 (HOUND,HUNTER,BRUISER) [rich]
WAVE: +3 (HOUND,BERSERKER,GRUNT) [rich]
FINALE-KIT: Wardens
REINFORCEMENTS: +2 (SCOUT,SCOUT)
FINALE-KIT: Wardens
match 20/20  (W:10 L:10 cap:0)  10.6s

══════════════════════ SIGHTLINE BALANCE REPORT ══════════════════════
runs=20  missions=91

RUN OUTCOMES (campaign):  win-rate   50%   avg missions cleared 4.9

POLICY GAP (optimal vs human-error; campaign runs only):
  greedy win-rate   60%  (n=10)
  sloppy win-rate   40%  (n=10)
  GAP   20 pts  (swingy/unforgiving)
  PAIRED (same-seed slots): pairs=10  concordant=6  discordant greedy-only-won=3 / sloppy-only-won=1  paired gap   20 pts
  PER-SLOT RECORDS (greedy | sloppy: outcome + missions cleared; margin = g−s):
    slot  60 @h2: L 5 | W 6   margin -1
    slot  61 @h2: L 5 | L 5   margin +0
    slot  62 @h2: W 6 | L 3   margin +3
    slot  63 @h2: W 6 | W 6   margin +0
    slot  64 @h2: L 3 | L 1   margin +2
    slot  65 @h2: W 6 | L 5   margin +1
    slot  66 @h2: W 6 | W 6   margin +0
    slot  67 @h2: W 6 | L 4   margin +2
    slot  68 @h2: L 3 | L 3   margin +0
    slot  69 @h2: W 6 | W 6   margin +0
  PAIRED MARGIN (missions cleared, all pairs): +0.70 ±0.40 SE  (n=10 pairs)
  by objective (greedy / sloppy / gap):
    Decapitate :   70% /   57% / gap   13
    Defend     :   83% /   67% / gap   17
    Eliminate  :  100% /   92% / gap    8
    Escort     :  100% /  100% / gap    0
    Evac       :  100% /  100% / gap    0
    Hack       :  100% /  100% / gap    0
    Rescue     :  100% /  100% / gap    0

DECISION RICHNESS / SWING:
  meaningful-choices/turn 4.20   lead-swings/match 0.6   avg max-swing 38.1
  [shot-gate] acting-soldiers/turn 3.73   armed-soldiers/turn 1.70   armed-fraction 46%   turns-with-a-shot 69%   choices/ARMED-soldier-turn 2.47
  [choice-split] los-targets/ARMED 2.55   target-choices/ARMED 0.53   position-choices/ARMED 1.94

RUN COMPLETION BY HEAT (full-campaign clears):
  heat 2:   50% ±11  (n=20 runs, avg 4.9 missions)

INTEL ECONOMY BY HEAT (campaign runs; heat-bonus = the Heat.IntelBonus share of income):
  heat 2: earned  191.8/run   heat-bonus  28.4 (  15% of income)   spent  174.9   unspent   17.0

MISSION WIN-RATE BY HEAT:
  heat 2:   89%  (n=91, avg 5.1 turns)

MISSION WIN-RATE BY OBJECTIVE:
  Eliminate  :   96% ±4  (n=26, avg 3.9 turns)
  Decapitate :   65% ±12  (n=17, avg 5.3 turns)
  Rescue     :  100% ±0  (n=14, avg 4.4 turns)
  Escort     :  100% ±0  (n=13, avg 6.3 turns)
  Defend     :   75% ±13  (n=12, avg 8.7 turns)
  Evac       :  100% ±0  (n=4, avg 2.5 turns)
  Hack       :  100% ±0  (n=4, avg 3.0 turns)
  Sabotage   :  100% ±0  (n=1, avg 5.0 turns)

MISSION WIN-RATE BY MISSION #:
  m1:  100% ±0  (n=20)
  m2:   93% ±7  (n=14)
  m3:  100% ±0  (n=17)
  m4:   73% ±11  (n=15)
  m5:   91% ±9  (n=11)
  m6:   71% ±12  (n=14)

LOSS CAUSES (missions):
  RUN OVER              : 10

MISSION WIN-RATE BY ARENA (authored layouts, n>=3; procedural fallback   19% of 91 missions):
  arena  2:   75% ±22  (n=4, avg 9.3 turns)  [m2:50%(2) m3:100%(2)]
  arena 10:  100% ±0  (n=5, avg 3.4 turns)  [m1:100%(2) m3:100%(2) m6:100%(1)]
  arena 11:   67% ±27  (n=3, avg 5.3 turns)  [m2:100%(2) m4:0%(1)]
  arena 12:  100% ±0  (n=4, avg 3.0 turns)  [m1:100%(2) m4:100%(2)]
  arena 18:  100% ±0  (n=4, avg 6.8 turns)  [m2:100%(2) m5:100%(2)]
  arena 25:   80% ±18  (n=5, avg 6.8 turns)  [m3:100%(2) m4:0%(1) m5:100%(2)]
  arena 28:   60% ±22  (n=5, avg 7.6 turns)  [m1:100%(2) m3:100%(1) m6:0%(2)]
  arena 29:  100% ±0  (n=5, avg 3.2 turns)  [m1:100%(2) m2:100%(2) m6:100%(1)]
  arena 30:  100% ±0  (n=4, avg 5.8 turns)  [m3:100%(2) m4:100%(2)]
  arena 33:   75% ±22  (n=4, avg 4.8 turns)  [m6:75%(4)]
  procedural:   88% ±8  (n=17, avg 4.9 turns)  [m1:100%(4) m2:100%(3) m3:100%(1) m4:50%(4) m5:100%(1) m6:100%(4)]

DEPLOYMENT GEOMETRY (opening shape; choices/ARMED is the wave's real gate):
  FRONTAL   :   89%  (n=57, avg 4.6 turns)  choices/turn 4.68  choices/ARMED 2.59  los-targets/ARMED 2.43
  PINCER    :   92% ±6  (n=24, avg 6.4 turns)  choices/turn 3.74  choices/ARMED 2.38  los-targets/ARMED 2.97
  ENVELOP   :   80% ±13  (n=10, avg 5.0 turns)  choices/turn 2.98  choices/ARMED 1.99  los-targets/ARMED 1.90

ARENA FUNNEL (Mission.Build exits, n=103 builds, all modes):
  authored-applied    :  82.5%  (n=85)
  connectivity-reject :   0.0%  (n=0)
  procedural-roll     :  17.5%  (n=18)

DECK EXPOSURE (campaign runs n=20):
  distinct authored arenas/run : 3.70 mean (all runs)
  ... full-depth runs only     : 4.00 mean over 5.2 fights/run (n=10)
  Defend dealt on the route    :   60% of runs (n=12)

ACTION MIX (verbs issued, by policy):
  verb                  greedy        sloppy
  MOVE               854   47%     621   43%
  SHOOT              388   21%     342   24%
  HUNKER             239   13%     123    8%
  RELOAD              56    3%      52    4%
  BRACE               27    1%      53    4%
  FOCUS               45    2%      32    2%
  INTEL               39    2%      36    2%
  STABILIZE           33    2%      29    2%
  SLIPSTREAM          28    2%      32    2%
  MARK                19    1%      23    2%
  OVERWATCH           16    1%      18    1%
  ITEM:SMOKE          14    1%      17    1%
  PIN                 14    1%       9    1%
  BEACON              12    1%      10    1%
  EXTRACT              7    0%       9    1%
  GRENADE              3    0%      12    1%
  REARM                4    0%       9    1%
  GRAPPLE              1    0%      10    1%
  PATCH                5    0%       6    0%
  HACK                 4    0%       4    0%
  BARREL               4    0%       0    0%
  PLANT                3    0%       0    0%
  DRAG                 3    0%       0    0%
  ITEM:FLASH           0    0%       1    0%

PLAYER CLASS PERFORMANCE:
  class        shots   hit%   dmg   kills
  SHARPSHOOTER    181    95%   1282     86
  ASSAULT        195    90%    894     56
  RANGER         126    90%    761     56
  GUNNER         144    81%    629     38
  CORPSMAN        33    79%     92      4

SOLDIER DEATHS BY ENEMY CLASS (threat ranking):
  SNIPER     : 8
  BURN       : 8
  ELITE      : 7
  GRUNT      : 7
  BRUISER    : 7
  HUNTER     : 6
  DRONE      : 5
  STRIKE     : 5
  MORTAR     : 4
  BERSERKER  : 4
  WARBRINGER : 3
  MEDIC      : 3
  SPOTTER    : 3
  SCREENER   : 2
  LANCER     : 2
  SCOUT      : 2
  CUSTODIAN  : 1
  BARREL     : 1
  SAPPER     : 1
  SLAM       : 1
  PIKEMAN    : 1
  STRIKER    : 1

SOLDIER DOWNS (FUL-7 bleed-out): 191 downs -> revived 5 / recovered 47 / bled out 120 / finished 19  (save-rate   27%)
  corpsman fielded in 24 missions

ENEMY COMPOSITION (spawns; faction-stamped fights n=602 / default-cascade fights n=205):
  class        faction         default
  SCOUT           45    7%       61   30%
  GRUNT           50    8%       29   14%
  ELITE           45    7%        4    2%
  BRUISER         41    7%        4    2%
  STRIKER         34    6%       10    5%
  HUNTER          35    6%        6    3%
  BERSERKER       34    6%        6    3%
  DRONE           24    4%       15    7%
  MEDIC           32    5%        7    3%
  SCREENER        33    5%        4    2%
  MORTAR          29    5%        6    3%
  CUSTODIAN       30    5%        3    1%
  SPOTTER         26    4%        5    2%
  SNIPER          21    3%       10    5%
  TURRET          26    4%        4    2%
  HOUND           24    4%        5    2%
  SAPPER          15    2%        7    3%
  LANCER          14    2%        6    3%
  SHIELD          15    2%        4    2%
  PIKEMAN         12    2%        6    3%
  WARBRINGER      12    2%        1    0%
  BOMBARD          5    1%        2    1%

PERK PICK FREQUENCY:
  LCK           : 14
  GUN           : 13
  BRK           : 12
  SGE           : 10
  MOM           : 10
  PLT           : 10
  BND           : 10
  TNK           : 9
  OUT           : 7
  EXC           : 7
  SKR           : 7
  HRD           : 7
  FST           : 7
  CQB           : 6
  CLH           : 5
  MRK           : 5
  RFX           : 5
  VNT           : 4
  GRD           : 2

SHOP PURCHASE FREQUENCY:
  WPN: HOLLOW POINT : 56
  FIELD MEDKIT      : 51
  WPN: SCOPE        : 50
  WPN: STABILIZER   : 42
  WPN: BIPOD        : 29
  BALLISTIC PLATING : 16
  FRAG CACHE        : 14
  COUNTER-PREP      : 13
  ARMORY            : 13
  COMBAT STIMS      : 13
  WPN: EXTENDED MAG : 11
  ADV. TRAINING     : 8
  WPN: SUPPRESSOR   : 7

BOON PICK FREQUENCY (PROCS = effect fires at instrumented sites; '-' = not instrumented;
                      PYR counts the +2-turn-burn half only — the Burning-immunity half is uninstrumented):
  code                 picks   PROCS
  ADR               :     9       -
  FRT               :     7       -
  EXE               :     5       -
  FST               :     5      86
  GHO               :     5       -
  GRN               :     5       -
  MRK               :     5       -
  TRR               :     5      14
  FDR               :     4       0
  SCV               :     4       -
  VNM               :     4       -
  PYR               :     3       0
  RPD               :     3       -
  SHK               :     3       4
  FVR               :     2       -
  RCL               :     2       0

RUN WIN-RATE BY BOON (campaign runs holding it):
  ADR               :   44% ±17  (in 9 runs)
  FRT               :   71% ±17  (in 7 runs)
  EXE               :   40% ±22  (in 5 runs)
  FST               :  100% ±0  (in 5 runs)
  GHO               :   40% ±22  (in 5 runs)
  GRN               :   40% ±22  (in 5 runs)
  MRK               :   80% ±18  (in 5 runs)
  TRR               :   60% ±22  (in 5 runs)
  FDR               :   50% ±25  (in 4 runs)
  SCV               :   50% ±25  (in 4 runs)
  VNM               :   50% ±25  (in 4 runs)
  PYR               :  100% ±0  (in 3 runs)
  RPD               :   67% ±27  (in 3 runs)
  SHK               :   67% ±27  (in 3 runs)
  FVR               :   50% ±35  (in 2 runs)
  RCL               :   50% ±35  (in 2 runs)

RUN WIN-RATE BY SPEC (campaign runs fielding it):
  SNT               :   33% ±19  (in 6 runs)
  HHT               :   80% ±18  (in 5 runs)
  BRC               :   67% ±27  (in 3 runs)
  JUG               :  100% ±0  (in 3 runs)
  ANC               :   50% ±35  (in 2 runs)
  ADN               :  100% ±0  (in 1 runs)
  PHN               :    0% ±0  (in 1 runs)
  PTH               :    0% ±0  (in 1 runs)

RUN WIN-RATE BY PERK (campaign runs holding it):
  BRK               :   44% ±17  (in 9 runs)
  GUN               :   56% ±17  (in 9 runs)
  LCK               :   44% ±17  (in 9 runs)
  MOM               :   67% ±16  (in 9 runs)
  SGE               :   56% ±17  (in 9 runs)
  PLT               :   75% ±15  (in 8 runs)
  FST               :   43% ±19  (in 7 runs)
  HRD               :   86% ±13  (in 7 runs)
  OUT               :   43% ±19  (in 7 runs)
  BND               :   67% ±19  (in 6 runs)
  EXC               :   50% ±20  (in 6 runs)
  SKR               :   50% ±20  (in 6 runs)
  TNK               :   83% ±15  (in 6 runs)
  CLH               :   60% ±22  (in 5 runs)
  CQB               :   40% ±22  (in 5 runs)
  MRK               :   60% ±22  (in 5 runs)
  RFX               :   50% ±25  (in 4 runs)
  VNT               :   50% ±25  (in 4 runs)
  GRD               :   50% ±35  (in 2 runs)

RUN WIN-RATE BY PURCHASE (campaign runs buying it):
  FIELD MEDKIT      :   56% ±12  (in 18 runs)
  WPN: HOLLOW POINT :   56% ±12  (in 18 runs)
  WPN: SCOPE        :   53% ±13  (in 15 runs)
  WPN: BIPOD        :   46% ±14  (in 13 runs)
  COUNTER-PREP      :   50% ±14  (in 12 runs)
  WPN: STABILIZER   :   50% ±14  (in 12 runs)
  ARMORY            :   50% ±16  (in 10 runs)
  COMBAT STIMS      :   56% ±17  (in 9 runs)
  FRAG CACHE        :   29% ±17  (in 7 runs)
  ADV. TRAINING     :   67% ±19  (in 6 runs)
  WPN: SUPPRESSOR   :   50% ±20  (in 6 runs)
  BALLISTIC PLATING :   80% ±18  (in 5 runs)
  WPN: EXTENDED MAG :   60% ±22  (in 5 runs)

RUN WIN-RATE BY EVENT-CHOICE (campaign runs taking id:arm):
  grave:1           :   50% ±25  (in 4 runs)
  bloodfeud:1       :    0% ±0  (in 2 runs)
  defector:0        :  100% ±0  (in 2 runs)
  distress:1        :    0% ±0  (in 2 runs)
  drill:1           :   50% ±35  (in 2 runs)
  reservecall:0     :   50% ±35  (in 2 runs)
  warpension:1      :  100% ±0  (in 2 runs)
═══════════════════════════════════════════════════════════════════════

batch wall-time: 10.6s  (20 matches across 10 campaigns × 2 policy, frame-cap hits: 0)
aggregate JSON -> /home/user/SIGHTLINE/docs/measurements/l2/L2-h2-b60.json
INFO: TEXTURE: [ID 2] Unloaded texture data from VRAM (GPU)
INFO: SHADER: [ID 3] Default shader unloaded successfully
INFO: TEXTURE: [ID 1] Default texture unloaded successfully
INFO: Window closed successfully
