INFO: Initializing raylib 6.0
INFO: Platform backend: DESKTOP (GLFW)
INFO: Supported raylib modules:
INFO:     > rcore:..... loaded (mandatory)
INFO:     > rlgl:...... loaded (mandatory)
INFO:     > rshapes:... loaded (optional)
INFO:     > rtextures:. loaded (optional)
INFO:     > rtext:..... loaded (optional)
INFO:     > rmodels:... loaded (optional)
INFO:     > raudio:.... loaded (optional)
INFO: DISPLAY: Trying to enable MSAA x4
INFO: DISPLAY: Device initialized successfully 
INFO:     > Display size: 1280 x 800
INFO:     > Screen size:  1280 x 800
INFO:     > Render size:  1280 x 800
INFO:     > Viewport offsets: 0, 0
INFO: GLAD: OpenGL extensions loaded successfully
INFO: GL: Supported extensions count: 229
INFO: GL: OpenGL device information:
INFO:     > Vendor:   Mesa
INFO:     > Renderer: llvmpipe (LLVM 20.1.2, 256 bits)
INFO:     > Version:  4.5 (Core Profile) Mesa 25.2.8-0ubuntu0.24.04.2
INFO:     > GLSL:     4.50
INFO: GL: VAO extension detected, VAO functions loaded successfully
INFO: GL: NPOT textures extension detected, full NPOT textures supported
INFO: GL: DXT compressed textures supported
INFO: GL: ETC2/EAC compressed textures supported
INFO: PLATFORM: DESKTOP (GLFW - X11): Initialized successfully
INFO: TEXTURE: [ID 1] Texture loaded successfully (1x1 | R8G8B8A8 | 1 mipmaps)
INFO: TEXTURE: [ID 1] Default texture loaded successfully
INFO: SHADER: [ID 1] Vertex shader compiled successfully
INFO: SHADER: [ID 2] Fragment shader compiled successfully
INFO: SHADER: [ID 3] Program shader loaded successfully
INFO: SHADER: [ID 3] Default shader loaded successfully
INFO: RLGL: Render batch vertex buffers loaded successfully in RAM (CPU)
INFO: RLGL: Render batch vertex buffers loaded successfully in VRAM (GPU)
INFO: RLGL: Default OpenGL state initialized successfully
INFO: TEXTURE: [ID 2] Texture loaded successfully (128x128 | GRAY_ALPHA | 1 mipmaps)
INFO: FONT: Default font loaded successfully (224 glyphs)
INFO: SYSTEM: Working Directory: /home/user/SIGHTLINE
INFO: TIMER: Target time per frame: 0.000 milliseconds
FINALE-KIT: Wardens
REINFORCEMENTS: +2 (GRUNT,SCOUT)
REINFORCEMENTS: +2 (GRUNT,SCOUT)
REINFORCEMENTS: +3 (GRUNT,SCOUT,SCOUT)
REINFORCEMENTS: +2 (GRUNT,SCOUT)
REINFORCEMENTS: +2 (GRUNT,GRUNT)
FINALE-KIT: Wardens
REINFORCEMENTS: +2 (GRUNT,GRUNT)
REINFORCEMENTS: +2 (GRUNT,SCOUT)
WAVE: +3 (HOUND,SNIPER,SNIPER) [rich]
WAVE: +3 (BERSERKER,BRUISER,SNIPER) [rich]
WAVE: +3 (STRIKER,CUSTODIAN,SNIPER) [rich]
WAVE: +3 (SAPPER,SAPPER,SCREENER) [rich]
WAVE: +3 (SAPPER,SHIELD,SHIELD) [rich]
WAVE: +3 (SAPPER,SHIELD,SHIELD) [rich]
FINALE-KIT: Wardens
WAVE: +3 (BERSERKER,HOUND,WARBRINGER) [rich]
WAVE: +3 (STRIKER,BRUISER,BERSERKER) [rich]
WAVE: +2 (BRUISER,BRUISER) [rich]
FINALE-KIT: Wardens
WAVE: +3 (HUNTER,GRUNT,LANCER) [rich]
WAVE: +3 (WARBRINGER,BERSERKER,BERSERKER) [rich]
WAVE: +3 (GRUNT,HOUND,GRUNT) [rich]
FINALE-KIT: Syndicate
WAVE: +2 (HUNTER,BRUISER) [rich]
WAVE: +2 (SCOUT,SNIPER) [rich]
WAVE: +2 (SCOUT,LANCER) [rich]
REINFORCEMENTS: +2 (SCOUT,SCOUT)
match 5/20  (W:4 L:1 cap:0)  4.9s
FINALE-KIT: Syndicate
WAVE: +2 (HUNTER,SNIPER) [rich]
WAVE: +2 (DRONE,SNIPER) [rich]
WAVE: +2 (HOUND,SNIPER) [rich]
FINALE-KIT: Legion
WAVE: +3 (SCREENER,SCOUT,SCREENER) [rich]
WAVE: +3 (SNIPER,MEDIC,MEDIC) [rich]
WAVE: +3 (SCREENER,MORTAR,SCREENER) [rich]
FINALE-KIT: Legion
WAVE: +3 (GRUNT,GRUNT,GRUNT) [rich]
WAVE: +3 (SCREENER,MORTAR,MEDIC) [rich]
WAVE: +3 (MORTAR,GRUNT,MEDIC) [rich]
WAVE: +3 (PIKEMAN,MORTAR,GRUNT) [rich]
WAVE: +3 (GRUNT,SCREENER,SCOUT) [rich]
WAVE: +3 (SNIPER,GRUNT,SNIPER) [rich]
FINALE-KIT: Legion
WAVE: +2 (SPOTTER,CUSTODIAN) [rich]
WAVE: +2 (SAPPER,GRUNT) [rich]
WAVE: +2 (CUSTODIAN,SPOTTER) [rich]
WAVE: +3 (SHIELD,LANCER,SPOTTER) [rich]
WAVE: +3 (GRUNT,STRIKER,BRUISER) [rich]
WAVE: +3 (BERSERKER,BERSERKER,MEDIC) [rich]
REINFORCEMENTS: +2 (SCOUT,GRUNT)
FINALE-KIT: Legion
WAVE: +2 (DRONE,SCREENER) [rich]
WAVE: +2 (DRONE,DRONE) [rich]
WAVE: +2 (CUSTODIAN,SCREENER) [rich]
WAVE: +3 (GRUNT,SAPPER,HUNTER) [rich]
WAVE: +3 (GRUNT,HUNTER,HOUND) [rich]
WAVE: +3 (SAPPER,MEDIC,SNIPER) [rich]
match 10/20  (W:9 L:1 cap:0)  7.0s
FINALE-KIT: Wardens
WAVE: +2 (DRONE,HOUND) [rich]
WAVE: +2 (SCOUT,HOUND) [rich]
WAVE: +2 (LANCER,STRIKER) [rich]
FINALE-KIT: Wardens
WAVE: +2 (DRONE,SNIPER) [rich]
WAVE: +2 (BRUISER,DRONE) [rich]
WAVE: +2 (SCOUT,LANCER) [rich]
REINFORCEMENTS: +2 (GRUNT,SCOUT)
REINFORCEMENTS: +2 (GRUNT,SCOUT)
FINALE-KIT: Syndicate
WAVE: +2 (SCREENER,MORTAR) [rich]
WAVE: +2 (SCOUT,MEDIC) [rich]
WAVE: +2 (MEDIC,SCREENER) [rich]
FINALE-KIT: Syndicate
WAVE: +2 (MORTAR,MORTAR) [rich]
WAVE: +2 (SNIPER,GRUNT) [rich]
WAVE: +2 (GRUNT,GRUNT) [rich]
FINALE-KIT: Legion
WAVE: +2 (STRIKER,BERSERKER) [rich]
WAVE: +2 (HUNTER,BERSERKER) [rich]
WAVE: +2 (PIKEMAN,SAPPER) [rich]
match 15/20  (W:14 L:1 cap:0)  8.4s
FINALE-KIT: Legion
WAVE: +2 (STRIKER,SCREENER) [rich]
WAVE: +2 (SHIELD,STRIKER) [rich]
WAVE: +2 (PIKEMAN,SNIPER) [rich]
FINALE-KIT: Syndicate
WAVE: +2 (MEDIC,SNIPER) [rich]
WAVE: +2 (MEDIC,SCOUT) [rich]
WAVE: +2 (SNIPER,MEDIC) [rich]
WAVE: +2 (BERSERKER,BERSERKER) [rich]
WAVE: +2 (HUNTER,GRUNT) [rich]
WAVE: +2 (BERSERKER,HOUND) [rich]
FINALE-KIT: Syndicate
WAVE: +2 (MORTAR,MORTAR) [rich]
WAVE: +2 (MORTAR,SNIPER) [rich]
WAVE: +2 (SCOUT,SCOUT) [rich]
WAVE: +2 (BERSERKER,HOUND) [rich]
WAVE: +2 (LANCER,HUNTER) [rich]
WAVE: +2 (BRUISER,HUNTER) [rich]
FINALE-KIT: Syndicate
WAVE: +2 (GRUNT,STRIKER) [rich]
WAVE: +2 (SAPPER,BERSERKER) [rich]
WAVE: +2 (SNIPER,HUNTER) [rich]
REINFORCEMENTS: +2 (SCOUT,GRUNT)
REINFORCEMENTS: +2 (SCOUT,GRUNT)
REINFORCEMENTS: +2 (GRUNT,SCOUT)
REINFORCEMENTS: +2 (GRUNT,SCOUT)
FINALE-KIT: Syndicate
WAVE: +2 (LANCER,HUNTER) [rich]
WAVE: +2 (BERSERKER,HUNTER) [rich]
WAVE: +2 (SAPPER,STRIKER) [rich]
REINFORCEMENTS: +2 (GRUNT,SCOUT)
REINFORCEMENTS: +2 (GRUNT,SCOUT)
match 20/20  (W:17 L:3 cap:0)  10.1s

══════════════════════ SIGHTLINE BALANCE REPORT ══════════════════════
runs=20  missions=91

RUN OUTCOMES (campaign):  win-rate   85%   avg missions cleared 5.6

POLICY GAP (optimal vs human-error; campaign runs only):
  greedy win-rate   80%  (n=10)
  sloppy win-rate   90%  (n=10)
  GAP  -10 pts  (healthy slack)
  PAIRED (same-seed slots): pairs=10  concordant=9  discordant greedy-only-won=0 / sloppy-only-won=1  paired gap  -10 pts
  PER-SLOT RECORDS (greedy | sloppy: outcome + missions cleared; margin = g−s):
    slot  10 @h-1: L 1 | W 6   margin -5
    slot  11 @h-1: W 6 | W 6   margin +0
    slot  12 @h-1: W 6 | W 6   margin +0
    slot  13 @h-1: W 6 | W 6   margin +0
    slot  14 @h-1: W 6 | W 6   margin +0
    slot  15 @h-1: W 6 | W 6   margin +0
    slot  16 @h-1: W 6 | W 6   margin +0
    slot  17 @h-1: W 6 | W 6   margin +0
    slot  18 @h-1: W 6 | W 6   margin +0
    slot  19 @h-1: L 4 | L 4   margin +0
  PAIRED MARGIN (missions cleared, all pairs): -0.50 ±0.50 SE  (n=10 pairs)
  by objective (greedy / sloppy / gap):
    Decapitate :  100% /  100% / gap    0
    Defend     :  100% /  100% / gap    0
    Eliminate  :   87% /   93% / gap   -7
    Escort     :  100% /  100% / gap    0
    Hack       :  100% /  100% / gap    0
    Rescue     :  100% /  100% / gap    0
    Sabotage   :  100% /  100% / gap    0

DECISION RICHNESS / SWING:
  meaningful-choices/turn 3.56   lead-swings/match 0.8   avg max-swing 35.2
  [shot-gate] acting-soldiers/turn 3.75   armed-soldiers/turn 1.74   armed-fraction 46%   turns-with-a-shot 66%   choices/ARMED-soldier-turn 2.04
  [choice-split] los-targets/ARMED 2.72   target-choices/ARMED 0.54   position-choices/ARMED 1.50

RUN COMPLETION BY HEAT (full-campaign clears):
  heat -1:   85% ±8  (n=20 runs, avg 5.6 missions)

INTEL ECONOMY BY HEAT (campaign runs; heat-bonus = the Heat.IntelBonus share of income):
  heat -1: earned  165.8/run   heat-bonus   0.0 (   0% of income)   spent  152.0   unspent   13.9

MISSION WIN-RATE BY HEAT:
  heat -1:   97%  (n=89, avg 5.5 turns)
  heat 0:  100% ±0  (n=2, avg 2.0 turns)

MISSION WIN-RATE BY OBJECTIVE:
  Eliminate  :   90%  (n=30, avg 3.6 turns)
  Defend     :  100% ±0  (n=24, avg 9.0 turns)
  Decapitate :  100% ±0  (n=21, avg 3.6 turns)
  Escort     :  100% ±0  (n=8, avg 8.5 turns)
  Sabotage   :  100% ±0  (n=4, avg 2.5 turns)
  Rescue     :  100% ±0  (n=2, avg 2.5 turns)
  Hack       :  100% ±0  (n=2, avg 3.5 turns)

MISSION WIN-RATE BY MISSION #:
  m1:  100% ±0  (n=20)
  m2:   90% ±9  (n=10)
  m3:  100% ±0  (n=16)
  m4:  100% ±0  (n=17)
  m5:   82% ±12  (n=11)
  m6:  100% ±0  (n=17)

LOSS CAUSES (missions):
  RUN OVER              : 3

MISSION WIN-RATE BY ARENA (authored layouts, n>=3; procedural fallback   27% of 91 missions):
  arena  0:  100% ±0  (n=4, avg 2.5 turns)  [m1:100%(2) m4:100%(2)]
  arena  1:  100% ±0  (n=3, avg 7.0 turns)  [m2:100%(1) m3:100%(2)]
  arena  3:  100% ±0  (n=3, avg 4.7 turns)  [m2:100%(1) m3:100%(2)]
  arena  4:  100% ±0  (n=4, avg 3.5 turns)  [m4:100%(2) m6:100%(2)]
  arena  6:  100% ±0  (n=3, avg 2.0 turns)  [m1:100%(2) m6:100%(1)]
  arena 10:  100% ±0  (n=7, avg 4.0 turns)  [m1:100%(4) m5:100%(1) m6:100%(2)]
  arena 12:  100% ±0  (n=3, avg 4.0 turns)  [m5:100%(1) m6:100%(2)]
  arena 13:   50% ±25  (n=4, avg 6.8 turns)  [m3:100%(1) m4:100%(1) m5:0%(2)]
  arena 25:  100% ±0  (n=3, avg 7.7 turns)  [m3:100%(2) m6:100%(1)]
  arena 30:  100% ±0  (n=3, avg 7.0 turns)  [m3:100%(2) m5:100%(1)]
  arena 31:  100% ±0  (n=5, avg 5.4 turns)  [m1:100%(2) m4:100%(1) m5:100%(2)]
  arena 33:  100% ±0  (n=4, avg 7.0 turns)  [m2:100%(2) m6:100%(2)]
  arena 34:  100% ±0  (n=3, avg 4.3 turns)  [m3:100%(3)]
  procedural:   96% ±4  (n=25, avg 5.8 turns)  [m1:100%(6) m2:67%(3) m3:100%(2) m4:100%(8) m5:100%(2) m6:100%(4)]

DEPLOYMENT GEOMETRY (opening shape; choices/ARMED is the wave's real gate):
  FRONTAL   :  100%  (n=35, avg 5.5 turns)  choices/turn 3.98  choices/ARMED 1.99  los-targets/ARMED 3.26
  PINCER    :   88% ±6  (n=25, avg 5.8 turns)  choices/turn 3.93  choices/ARMED 2.42  los-targets/ARMED 2.70
  CROSSFIRE :  100% ±0  (n=10, avg 6.7 turns)  choices/turn 1.80  choices/ARMED 1.50  los-targets/ARMED 1.81
  ENVELOP   :  100% ±0  (n=21, avg 4.2 turns)  choices/turn 3.27  choices/ARMED 1.87  los-targets/ARMED 1.86

ARENA FUNNEL (Mission.Build exits, n=98 builds, all modes):
  authored-applied    :  72.4%  (n=71)
  connectivity-reject :   1.0%  (n=1)
  procedural-roll     :  26.5%  (n=26)

DECK EXPOSURE (campaign runs n=20):
  distinct authored arenas/run : 3.30 mean (all runs)
  ... full-depth runs only     : 3.59 mean over 4.8 fights/run (n=17)
  Defend dealt on the route    :   95% of runs (n=19)

ACTION MIX (verbs issued, by policy):
  verb                  greedy        sloppy
  MOVE               555   38%     550   32%
  SHOOT              379   26%     451   26%
  HUNKER              60    4%     243   14%
  BRACE               75    5%      89    5%
  OVERWATCH           63    4%      69    4%
  RELOAD              59    4%      62    4%
  FOCUS               45    3%      55    3%
  INTEL               37    3%      43    2%
  SLIPSTREAM          42    3%      35    2%
  STABILIZE           39    3%      33    2%
  MARK                29    2%      35    2%
  ITEM:SMOKE          23    2%      14    1%
  PIN                 18    1%      17    1%
  GRENADE              4    0%      11    1%
  REARM                8    1%       7    0%
  PLANT                6    0%       6    0%
  PATCH                3    0%       7    0%
  BEACON               4    0%       5    0%
  GRAPPLE              4    0%       3    0%
  EXTRACT              4    0%       2    0%
  HACK                 2    0%       3    0%
  BARREL               0    0%       1    0%
  DRAG                 0    0%       1    0%

PLAYER CLASS PERFORMANCE:
  class        shots   hit%   dmg   kills
  SHARPSHOOTER    240    85%   1487     89
  GUNNER         273    82%   1129     68
  RANGER         169    91%    996     67
  ASSAULT        212    84%    874     57
  CORPSMAN        52    81%    146     11

SOLDIER DEATHS BY ENEMY CLASS (threat ranking):
  ELITE      : 6
  TURRET     : 6
  SNIPER     : 5
  SHIELD     : 4
  STRIKE     : 3
  MORTAR     : 3
  SPOTTER    : 3
  GRUNT      : 2
  HOUND      : 2
  BERSERKER  : 1
  LANCER     : 1
  BURN       : 1

SOLDIER DOWNS (FUL-7 bleed-out): 167 downs -> revived 6 / recovered 92 / bled out 58 / finished 11  (save-rate   59%)
  corpsman fielded in 20 missions

ENEMY COMPOSITION (spawns; faction-stamped fights n=472 / default-cascade fights n=198):
  class        faction         default
  SCOUT           32    7%       48   24%
  GRUNT           50   11%       26   13%
  ELITE           42    9%        6    3%
  SCREENER        44    9%        1    1%
  SHIELD          33    7%        6    3%
  DRONE           32    7%        7    4%
  SNIPER          20    4%       17    9%
  SAPPER          24    5%       10    5%
  LANCER          17    4%       16    8%
  BERSERKER       19    4%       10    5%
  HUNTER          20    4%        8    4%
  MEDIC           25    5%        2    1%
  MORTAR          18    4%        8    4%
  STRIKER         10    2%       14    7%
  BRUISER         17    4%        4    2%
  TURRET          19    4%        2    1%
  HOUND           12    3%        7    4%
  CUSTODIAN        9    2%        3    2%
  SPOTTER          9    2%        1    1%
  PIKEMAN          8    2%        2    1%
  WARBRINGER       8    2%        0    0%
  BOMBARD          4    1%        0    0%

PERK PICK FREQUENCY:
  OUT           : 20
  LCK           : 17
  GUN           : 15
  SKR           : 13
  FST           : 13
  TNK           : 12
  EXC           : 12
  CLH           : 11
  RFX           : 10
  MOM           : 10
  HRD           : 8
  GRD           : 8
  BND           : 7
  SGE           : 7
  VNT           : 7
  PLT           : 7
  CQB           : 7
  MRK           : 5
  BRK           : 4

SHOP PURCHASE FREQUENCY:
  FIELD MEDKIT      : 82
  WPN: HOLLOW POINT : 39
  WPN: SCOPE        : 33
  WPN: STABILIZER   : 29
  COMBAT STIMS      : 24
  WPN: BIPOD        : 18
  WPN: EXTENDED MAG : 17
  ARMORY            : 15
  FRAG CACHE        : 13
  ADV. TRAINING     : 12
  BALLISTIC PLATING : 10
  WPN: SUPPRESSOR   : 7
  COUNTER-PREP      : 7

BOON PICK FREQUENCY (PROCS = effect fires at instrumented sites; '-' = not instrumented;
                      PYR counts the +2-turn-burn half only — the Burning-immunity half is uninstrumented):
  code                 picks   PROCS
  FVR               :    10       -
  FDR               :     7       0
  RCL               :     7       1
  EXE               :     6       -
  RPD               :     6       -
  VNM               :     5       -
  FRT               :     4       -
  GRN               :     4       -
  PYR               :     4       1
  SCV               :     4       -
  TRR               :     4      29
  FST               :     3      33
  MRK               :     3       -
  GHO               :     2       -
  ADR               :     1       -
  SHK               :     1       0

RUN WIN-RATE BY BOON (campaign runs holding it):
  FVR               :   90% ±9  (in 10 runs)
  FDR               :  100% ±0  (in 7 runs)
  RCL               :   86% ±13  (in 7 runs)
  EXE               :  100% ±0  (in 6 runs)
  RPD               :   83% ±15  (in 6 runs)
  VNM               :  100% ±0  (in 5 runs)
  FRT               :   75% ±22  (in 4 runs)
  GRN               :   75% ±22  (in 4 runs)
  PYR               :   50% ±25  (in 4 runs)
  SCV               :  100% ±0  (in 4 runs)
  TRR               :  100% ±0  (in 4 runs)
  FST               :  100% ±0  (in 3 runs)
  MRK               :  100% ±0  (in 3 runs)
  GHO               :  100% ±0  (in 2 runs)
  ADR               :  100% ±0  (in 1 runs)
  SHK               :  100% ±0  (in 1 runs)

RUN WIN-RATE BY SPEC (campaign runs fielding it):
  ADN               :  100% ±0  (in 8 runs)
  BRC               :   80% ±18  (in 5 runs)
  HHT               :  100% ±0  (in 5 runs)
  PHN               :  100% ±0  (in 5 runs)
  SNT               :   80% ±18  (in 5 runs)
  JUG               :   75% ±22  (in 4 runs)
  PTH               :   50% ±25  (in 4 runs)
  ANC               :  100% ±0  (in 2 runs)

RUN WIN-RATE BY PERK (campaign runs holding it):
  OUT               :   93% ±7  (in 14 runs)
  FST               :   92% ±8  (in 12 runs)
  SKR               :   92% ±8  (in 12 runs)
  LCK               :   90% ±9  (in 10 runs)
  TNK               :   90% ±9  (in 10 runs)
  GUN               :   89% ±10  (in 9 runs)
  MOM               :   89% ±10  (in 9 runs)
  CLH               :  100% ±0  (in 8 runs)
  RFX               :   88% ±12  (in 8 runs)
  BND               :  100% ±0  (in 7 runs)
  EXC               :   71% ±17  (in 7 runs)
  GRD               :   71% ±17  (in 7 runs)
  HRD               :  100% ±0  (in 7 runs)
  CQB               :   67% ±19  (in 6 runs)
  PLT               :  100% ±0  (in 6 runs)
  SGE               :  100% ±0  (in 6 runs)
  VNT               :  100% ±0  (in 6 runs)
  BRK               :  100% ±0  (in 4 runs)
  MRK               :  100% ±0  (in 4 runs)

RUN WIN-RATE BY PURCHASE (campaign runs buying it):
  FIELD MEDKIT      :   89% ±7  (in 19 runs)
  ARMORY            :   92% ±8  (in 12 runs)
  WPN: SCOPE        :   83% ±11  (in 12 runs)
  WPN: STABILIZER   :   73% ±13  (in 11 runs)
  COMBAT STIMS      :   90% ±9  (in 10 runs)
  WPN: HOLLOW POINT :   80% ±13  (in 10 runs)
  ADV. TRAINING     :  100% ±0  (in 9 runs)
  FRAG CACHE        :   89% ±10  (in 9 runs)
  WPN: EXTENDED MAG :  100% ±0  (in 9 runs)
  WPN: BIPOD        :  100% ±0  (in 8 runs)
  COUNTER-PREP      :  100% ±0  (in 7 runs)
  BALLISTIC PLATING :  100% ±0  (in 6 runs)
  WPN: SUPPRESSOR   :   83% ±15  (in 6 runs)

RUN WIN-RATE BY EVENT-CHOICE (campaign runs taking id:arm):
  blackmarket:2     :  100% ±0  (in 2 runs)
  bloodfeud:1       :  100% ±0  (in 2 runs)
  bloodfeud:2       :  100% ±0  (in 2 runs)
  depot:0           :  100% ±0  (in 2 runs)
  drill:1           :  100% ±0  (in 2 runs)
  fieldhospital:2   :  100% ±0  (in 2 runs)
  grave:1           :    0% ±0  (in 2 runs)
  medic:1           :  100% ±0  (in 2 runs)
  quartermaster:1   :  100% ±0  (in 2 runs)
  reservecall:1     :  100% ±0  (in 2 runs)
  warpension:2      :  100% ±0  (in 2 runs)
  medic:0           :  100% ±0  (in 1 runs)
═══════════════════════════════════════════════════════════════════════

batch wall-time: 10.1s  (20 matches across 10 campaigns × 2 policy, frame-cap hits: 0)
aggregate JSON -> /home/user/SIGHTLINE/docs/measurements/l2/L2-hR-b10.json
INFO: TEXTURE: [ID 2] Unloaded texture data from VRAM (GPU)
INFO: SHADER: [ID 3] Default shader unloaded successfully
INFO: TEXTURE: [ID 1] Default texture unloaded successfully
INFO: Window closed successfully
