INFO: Initializing raylib 6.0
INFO: Platform backend: DESKTOP (GLFW)
INFO: Supported raylib modules:
INFO:     > rcore:..... loaded (mandatory)
INFO:     > rlgl:...... loaded (mandatory)
INFO:     > rshapes:... loaded (optional)
INFO:     > rtextures:. loaded (optional)
INFO:     > rtext:..... loaded (optional)
INFO:     > rmodels:... loaded (optional)
INFO:     > raudio:.... loaded (optional)
INFO: DISPLAY: Trying to enable MSAA x4
INFO: DISPLAY: Device initialized successfully 
INFO:     > Display size: 1280 x 800
INFO:     > Screen size:  1280 x 800
INFO:     > Render size:  1280 x 800
INFO:     > Viewport offsets: 0, 0
INFO: GLAD: OpenGL extensions loaded successfully
INFO: GL: Supported extensions count: 229
INFO: GL: OpenGL device information:
INFO:     > Vendor:   Mesa
INFO:     > Renderer: llvmpipe (LLVM 20.1.2, 256 bits)
INFO:     > Version:  4.5 (Core Profile) Mesa 25.2.8-0ubuntu0.24.04.2
INFO:     > GLSL:     4.50
INFO: GL: VAO extension detected, VAO functions loaded successfully
INFO: GL: NPOT textures extension detected, full NPOT textures supported
INFO: GL: DXT compressed textures supported
INFO: GL: ETC2/EAC compressed textures supported
INFO: PLATFORM: DESKTOP (GLFW - X11): Initialized successfully
INFO: TEXTURE: [ID 1] Texture loaded successfully (1x1 | R8G8B8A8 | 1 mipmaps)
INFO: TEXTURE: [ID 1] Default texture loaded successfully
INFO: SHADER: [ID 1] Vertex shader compiled successfully
INFO: SHADER: [ID 2] Fragment shader compiled successfully
INFO: SHADER: [ID 3] Program shader loaded successfully
INFO: SHADER: [ID 3] Default shader loaded successfully
INFO: RLGL: Render batch vertex buffers loaded successfully in RAM (CPU)
INFO: RLGL: Render batch vertex buffers loaded successfully in VRAM (GPU)
INFO: RLGL: Default OpenGL state initialized successfully
INFO: TEXTURE: [ID 2] Texture loaded successfully (128x128 | GRAY_ALPHA | 1 mipmaps)
INFO: FONT: Default font loaded successfully (224 glyphs)
INFO: SYSTEM: Working Directory: /home/user/SIGHTLINE
INFO: TIMER: Target time per frame: 0.000 milliseconds
FINALE-KIT: Syndicate
WAVE: +2 (DRONE,SHIELD) [rich]
WAVE: +2 (SAPPER,SHIELD) [rich]
WAVE: +2 (SHIELD,SAPPER) [rich]
FINALE-KIT: Syndicate
WAVE: +2 (DRONE,SHIELD) [rich]
WAVE: +2 (SAPPER,SHIELD) [rich]
WAVE: +2 (SHIELD,SAPPER) [rich]
FINALE-KIT: Wardens
WAVE: +3 (SHIELD,DRONE,SCREENER) [rich]
WAVE: +3 (SCREENER,DRONE,SPOTTER) [rich]
WAVE: +3 (CUSTODIAN,SPOTTER,DRONE) [rich]
REINFORCEMENTS: +2 (GRUNT,SCOUT)
REINFORCEMENTS: +2 (GRUNT,GRUNT)
FINALE-KIT: Wardens
WAVE: +3 (DRONE,DRONE,DRONE) [rich]
WAVE: +2 (SPOTTER,SAPPER) [rich]
WAVE: +3 (SAPPER,SCREENER,SAPPER) [rich]
FINALE-KIT: Wardens
WAVE: +2 (MORTAR,SHIELD) [rich]
WAVE: +2 (HUNTER,DRONE) [rich]
WAVE: +2 (BERSERKER,STRIKER) [rich]
WAVE: +2 (SAPPER,HOUND) [rich]
match 5/20  (W:0 L:5 cap:0)  2.5s
FINALE-KIT: Wardens
WAVE: +2 (STRIKER,MORTAR) [rich]
WAVE: +2 (MEDIC,MORTAR) [rich]
WAVE: +2 (SPOTTER,HOUND) [rich]
REINFORCEMENTS: +2 (SCOUT,SCOUT)
REINFORCEMENTS: +2 (SCOUT,GRUNT)
REINFORCEMENTS: +2 (SCOUT,GRUNT)
REINFORCEMENTS: +2 (SCOUT,GRUNT)
REINFORCEMENTS: +2 (SCOUT,GRUNT)
FINALE-KIT: Legion
WAVE: +2 (SHIELD,SPOTTER) [rich]
WAVE: +2 (DRONE,SCREENER) [rich]
WAVE: +2 (SHIELD,DRONE) [rich]
WAVE: +3 (LANCER,GRUNT,HOUND) [rich]
WAVE: +2 (WARBRINGER,LANCER) [rich]
WAVE: +1 (BRUISER) [rich]
FINALE-KIT: Legion
WAVE: +2 (SCREENER,SPOTTER) [rich]
WAVE: +2 (DRONE,CUSTODIAN) [rich]
WAVE: +2 (SCREENER,SAPPER) [rich]
WAVE: +2 (DRONE,DRONE) [rich]
WAVE: +2 (DRONE,SHIELD) [rich]
FINALE-KIT: Syndicate
REINFORCEMENTS: +2 (SCOUT,SCOUT)
REINFORCEMENTS: +2 (GRUNT,SCOUT)
REINFORCEMENTS: +3 (GRUNT,SCOUT,SCOUT)
REINFORCEMENTS: +2 (GRUNT,GRUNT)
WAVE: +3 (DRONE,DRONE,DRONE) [rich]
WAVE: +3 (SPOTTER,SAPPER,SHIELD) [rich]
WAVE: +3 (DRONE,SPOTTER,SHIELD) [rich]
FINALE-KIT: Syndicate
REINFORCEMENTS: +2 (GRUNT,GRUNT)
REINFORCEMENTS: +2 (GRUNT,SCOUT)
REINFORCEMENTS: +3 (SCOUT,SCOUT,SCOUT)
WAVE: +3 (CUSTODIAN,SCREENER,DRONE) [rich]
WAVE: +3 (SHIELD,SCREENER,SAPPER) [rich]
WAVE: +3 (SAPPER,CUSTODIAN,CUSTODIAN) [rich]
REINFORCEMENTS: +2 (GRUNT,SCOUT)
match 10/20  (W:0 L:10 cap:2)  4.2s
FINALE-KIT: Wardens
WAVE: +2 (BRUISER,BERSERKER) [rich]
WAVE: +2 (HUNTER,BERSERKER) [rich]
WAVE: +2 (BERSERKER,BERSERKER) [rich]
REINFORCEMENTS: +2 (GRUNT,GRUNT)
FINALE-KIT: Wardens
WAVE: +2 (GRUNT,BRUISER) [rich]
WAVE: +2 (BERSERKER,LANCER) [rich]
WAVE: +2 (BERSERKER,HUNTER) [rich]
REINFORCEMENTS: +2 (GRUNT,GRUNT)
REINFORCEMENTS: +2 (GRUNT,GRUNT)
REINFORCEMENTS: +2 (GRUNT,SCOUT)
FINALE-KIT: Wardens
WAVE: +2 (LANCER,LANCER) [rich]
WAVE: +2 (DRONE,BRUISER) [rich]
WAVE: +2 (LANCER,DRONE) [rich]
REINFORCEMENTS: +2 (SCOUT,SCOUT)
FINALE-KIT: Wardens
WAVE: +2 (DRONE,DRONE) [rich]
WAVE: +2 (SCOUT,SCOUT) [rich]
WAVE: +2 (DRONE,LANCER) [rich]
FINALE-KIT: Wardens
WAVE: +2 (SNIPER,SCOUT) [rich]
WAVE: +2 (LANCER,LANCER) [rich]
WAVE: +2 (SCOUT,DRONE) [rich]
WAVE: +3 (BERSERKER,HUNTER,BERSERKER) [rich]
WAVE: +3 (HUNTER,HUNTER,HOUND) [rich]
WAVE: +1 (WARBRINGER) [rich]
match 15/20  (W:1 L:14 cap:2)  5.5s
FINALE-KIT: Wardens
WAVE: +2 (BRUISER,SNIPER) [rich]
WAVE: +2 (SCOUT,HUNTER) [rich]
WAVE: +2 (STRIKER,STRIKER) [rich]
WAVE: +3 (LANCER,BERSERKER,BERSERKER) [rich]
WAVE: +3 (WARBRINGER,HOUND,BRUISER) [rich]
WAVE: +2 (HUNTER,LANCER) [rich]
FINALE-KIT: Legion
WAVE: +3 (MEDIC,BERSERKER,DRONE) [rich]
WAVE: +3 (MEDIC,LANCER,SCOUT) [rich]
WAVE: +3 (BERSERKER,GRUNT,SNIPER) [rich]
WAVE: +3 (STRIKER,SNIPER,MORTAR) [rich]
WAVE: +2 (SAPPER,SPOTTER) [rich]
WAVE: +3 (DRONE,GRUNT,SNIPER) [rich]
FINALE-KIT: Legion
FINALE-KIT: Legion
FINALE-KIT: Legion
match 20/20  (W:4 L:16 cap:2)  6.8s

══════════════════════ SIGHTLINE BALANCE REPORT ══════════════════════
runs=20  missions=79

RUN OUTCOMES (campaign):  win-rate   20%   avg missions cleared 4.5

POLICY GAP (optimal vs human-error; campaign runs only):
  greedy win-rate   20%  (n=10)
  sloppy win-rate   20%  (n=10)
  GAP    0 pts  (healthy slack)
  PAIRED (same-seed slots): pairs=10  concordant=10  discordant greedy-only-won=0 / sloppy-only-won=0  paired gap    0 pts
  PER-SLOT RECORDS (greedy | sloppy: outcome + missions cleared; margin = g−s):
    slot  70 @h4: L 4 | L 5   margin -1
    slot  71 @h4: L 5 | L 5   margin +0
    slot  72 @h4: L 2 | L 4   margin -2
    slot  73 @h4: L 5 | L 2   margin +3
    slot  74 @h4: L 5 | L 5   margin +0
    slot  75 @h4: L 5 | L 5   margin +0
    slot  76 @h4: L 5 | L 1   margin +4
    slot  77 @h4: W 6 | W 6   margin +0
    slot  78 @h4: L 5 | L 3   margin +2
    slot  79 @h4: W 6 | W 6   margin +0
  PAIRED MARGIN (missions cleared, all pairs): +0.60 ±0.58 SE  (n=10 pairs)
  by objective (greedy / sloppy / gap):
    Decapitate :   25% /   43% / gap  -18
    Defend     :   91% /   78% / gap   13
    Eliminate  :  100% /  100% / gap    0
    Escort     :  100% /  100% / gap    0
    Evac       :  100% /    0% / gap  100
    Hack       :  100% /  100% / gap    0
    Rescue     :  100% /  100% / gap    0
    Sabotage   :  100% /  100% / gap    0

DECISION RICHNESS / SWING:
  meaningful-choices/turn 3.86   lead-swings/match 0.7   avg max-swing 63.2
  [shot-gate] acting-soldiers/turn 3.35   armed-soldiers/turn 1.40   armed-fraction 42%   turns-with-a-shot 62%   choices/ARMED-soldier-turn 2.76
  [choice-split] los-targets/ARMED 3.57   target-choices/ARMED 0.90   position-choices/ARMED 1.85

RUN COMPLETION BY HEAT (full-campaign clears):
  heat 4:   20% ±9  (n=20 runs, avg 4.5 missions)

INTEL ECONOMY BY HEAT (campaign runs; heat-bonus = the Heat.IntelBonus share of income):
  heat 4: earned  195.3/run   heat-bonus  62.4 (  32% of income)   spent  179.3   unspent   16.1

MISSION WIN-RATE BY HEAT:
  heat 4:   83%  (n=71, avg 6.0 turns)
  heat 5:   75% ±15  (n=8, avg 7.5 turns)

MISSION WIN-RATE BY OBJECTIVE:
  Eliminate  :  100% ±0  (n=23, avg 4.4 turns)
  Defend     :   85% ±8  (n=20, avg 8.7 turns)
  Decapitate :   33% ±12  (n=15, avg 5.7 turns)
  Escort     :  100% ±0  (n=9, avg 8.2 turns)
  Hack       :  100% ±0  (n=6, avg 3.2 turns)
  Sabotage   :  100% ±0  (n=2, avg 2.0 turns)
  Evac       :   50% ±35  (n=2, avg 11.0 turns)
  Rescue     :  100% ±0  (n=2, avg 2.5 turns)

MISSION WIN-RATE BY MISSION #:
  m1:  100% ±0  (n=20)
  m2:   88% ±12  (n=8)
  m3:   88% ±8  (n=17)
  m4:   91% ±9  (n=11)
  m5:   82% ±12  (n=11)
  m6:   33% ±14  (n=12)

LOSS CAUSES (missions):
  RUN OVER              : 14

MISSION WIN-RATE BY ARENA (authored layouts, n>=3; procedural fallback   24% of 79 missions):
  arena 10:   71% ±17  (n=7, avg 7.6 turns)  [m2:100%(2) m3:50%(2) m4:100%(1) m5:100%(1) m6:0%(1)]
  arena 13:  100% ±0  (n=3, avg 2.7 turns)  [m1:100%(2) m3:100%(1)]
  arena 15:  100% ±0  (n=3, avg 8.0 turns)  [m4:100%(3)]
  arena 19:   75% ±22  (n=4, avg 5.8 turns)  [m2:100%(1) m3:100%(1) m5:50%(2)]
  arena 20:  100% ±0  (n=3, avg 5.3 turns)  [m3:100%(2) m4:100%(1)]
  arena 27:   50% ±25  (n=4, avg 4.0 turns)  [m1:100%(2) m6:0%(2)]
  arena 28:   80% ±18  (n=5, avg 6.6 turns)  [m1:100%(2) m3:50%(2) m5:100%(1)]
  arena 33:  100% ±0  (n=5, avg 5.4 turns)  [m1:100%(2) m2:100%(2) m3:100%(1)]
  arena 34:   86% ±13  (n=7, avg 8.6 turns)  [m2:0%(1) m3:100%(2) m6:100%(4)]
  procedural:   89% ±7  (n=19, avg 6.4 turns)  [m1:100%(4) m2:100%(2) m3:100%(4) m4:100%(3) m5:100%(4) m6:0%(2)]

DEPLOYMENT GEOMETRY (opening shape; choices/ARMED is the wave's real gate):
  FRONTAL   :   79% ±8  (n=29, avg 6.6 turns)  choices/turn 5.17  choices/ARMED 2.86  los-targets/ARMED 3.91
  PINCER    :   81% ±8  (n=26, avg 7.1 turns)  choices/turn 2.85  choices/ARMED 2.99  los-targets/ARMED 3.35
  CROSSFIRE :   88% ±12  (n=8, avg 4.6 turns)  choices/turn 4.09  choices/ARMED 2.80  los-targets/ARMED 4.18
  ENVELOP   :   88% ±8  (n=16, avg 4.5 turns)  choices/turn 2.80  choices/ARMED 1.97  los-targets/ARMED 2.46

ARENA FUNNEL (Mission.Build exits, n=97 builds, all modes):
  authored-applied    :  75.3%  (n=73)
  connectivity-reject :   0.0%  (n=0)
  procedural-roll     :  24.7%  (n=24)

DECK EXPOSURE (campaign runs n=20):
  distinct authored arenas/run : 3.00 mean (all runs)
  ... full-depth runs only     : 4.00 mean over 5.0 fights/run (n=4)
  Defend dealt on the route    :   85% of runs (n=17)

ACTION MIX (verbs issued, by policy):
  verb                  greedy        sloppy
  MOVE               562   38%     786   46%
  SHOOT              395   27%     371   21%
  HUNKER             115    8%     198   11%
  BRACE               86    6%      69    4%
  FOCUS               48    3%      40    2%
  RELOAD              46    3%      42    2%
  STABILIZE           42    3%      31    2%
  INTEL               36    2%      35    2%
  SLIPSTREAM          33    2%      28    2%
  OVERWATCH           21    1%      28    2%
  PIN                 27    2%      15    1%
  ITEM:SMOKE          18    1%      18    1%
  MARK                14    1%      16    1%
  GRENADE              8    1%       7    0%
  GRAPPLE              7    0%       6    0%
  HACK                 6    0%       6    0%
  PATCH                4    0%       8    0%
  REARM                7    0%       4    0%
  EXTRACT              4    0%       6    0%
  BEACON               5    0%       5    0%
  BARREL               3    0%       3    0%
  PLANT                3    0%       3    0%
  DRAG                 0    0%       1    0%

PLAYER CLASS PERFORMANCE:
  class        shots   hit%   dmg   kills
  SHARPSHOOTER    168    93%   1142     75
  GUNNER         210    82%    891     58
  ASSAULT        189    89%    886     45
  RANGER         115    84%    655     45
  CORPSMAN        39    85%    134      6

SOLDIER DEATHS BY ENEMY CLASS (threat ranking):
  ELITE      : 17
  SHIELD     : 13
  BURN       : 10
  DRONE      : 9
  GRUNT      : 7
  STRIKE     : 7
  SNIPER     : 7
  BERSERKER  : 7
  SCREENER   : 5
  TURRET     : 5
  MORTAR     : 5
  STRIKER    : 4
  SCOUT      : 4
  LANCER     : 4
  BRUISER    : 3
  HUNTER     : 3
  MEDIC      : 2
  CUSTODIAN  : 2
  WARBRINGER : 2
  BARREL     : 1

SOLDIER DOWNS (FUL-7 bleed-out): 258 downs -> revived 5 / recovered 57 / bled out 174 / finished 17  (save-rate   26%)
  corpsman fielded in 31 missions

ENEMY COMPOSITION (spawns; faction-stamped fights n=687 / default-cascade fights n=212):
  class        faction         default
  GRUNT           58    8%       38   18%
  SHIELD          82   12%       10    5%
  SCOUT           34    5%       50   24%
  DRONE           54    8%       12    6%
  ELITE           50    7%        7    3%
  BERSERKER       48    7%        3    1%
  HUNTER          42    6%        3    1%
  LANCER          29    4%       15    7%
  SCREENER        40    6%        0    0%
  BRUISER         35    5%        4    2%
  SNIPER          18    3%       16    8%
  TURRET          30    4%        3    1%
  SAPPER          27    4%        4    2%
  SPOTTER         22    3%        9    4%
  MORTAR          14    2%       17    8%
  CUSTODIAN       28    4%        0    0%
  STRIKER         15    2%       10    5%
  MEDIC           16    2%        3    1%
  HOUND           13    2%        6    3%
  WARBRINGER      18    3%        0    0%
  PIKEMAN          7    1%        2    1%
  BOMBARD          7    1%        0    0%

PERK PICK FREQUENCY:
  LCK           : 19
  GRD           : 16
  OUT           : 16
  MOM           : 16
  GUN           : 13
  CQB           : 12
  RFX           : 10
  CLH           : 10
  SKR           : 10
  HRD           : 9
  EXC           : 9
  PLT           : 8
  FST           : 8
  SGE           : 6
  TNK           : 6
  BND           : 6
  BRK           : 6
  MRK           : 4
  VNT           : 2

SHOP PURCHASE FREQUENCY:
  FIELD MEDKIT      : 68
  WPN: SCOPE        : 59
  WPN: HOLLOW POINT : 44
  BALLISTIC PLATING : 33
  WPN: STABILIZER   : 22
  ADV. TRAINING     : 20
  FRAG CACHE        : 19
  WPN: EXTENDED MAG : 18
  WPN: BIPOD        : 13
  COUNTER-PREP      : 13
  ARMORY            : 11
  WPN: SUPPRESSOR   : 10
  COMBAT STIMS      : 9

BOON PICK FREQUENCY (PROCS = effect fires at instrumented sites; '-' = not instrumented;
                      PYR counts the +2-turn-burn half only — the Burning-immunity half is uninstrumented):
  code                 picks   PROCS
  RCL               :     7       3
  RPD               :     7       -
  ADR               :     6       -
  MRK               :     6       -
  GHO               :     5       -
  FRT               :     4       -
  TRR               :     4      14
  VNM               :     4       -
  EXE               :     3       -
  FDR               :     3       0
  SHK               :     3       2
  FST               :     2      20
  FVR               :     2       -
  GRN               :     2       -
  PYR               :     2       0
  SCV               :     1       -

RUN WIN-RATE BY BOON (campaign runs holding it):
  RCL               :   14% ±13  (in 7 runs)
  RPD               :   29% ±17  (in 7 runs)
  ADR               :   17% ±15  (in 6 runs)
  MRK               :   33% ±19  (in 6 runs)
  GHO               :   40% ±22  (in 5 runs)
  FRT               :   25% ±22  (in 4 runs)
  TRR               :   75% ±22  (in 4 runs)
  VNM               :   25% ±22  (in 4 runs)
  EXE               :   67% ±27  (in 3 runs)
  FDR               :    0% ±0  (in 3 runs)
  SHK               :   33% ±27  (in 3 runs)
  FST               :    0% ±0  (in 2 runs)
  FVR               :    0% ±0  (in 2 runs)
  GRN               :    0% ±0  (in 2 runs)
  PYR               :    0% ±0  (in 2 runs)
  SCV               :    0% ±0  (in 1 runs)

RUN WIN-RATE BY SPEC (campaign runs fielding it):
  ADN               :   20% ±18  (in 5 runs)
  SNT               :   20% ±18  (in 5 runs)
  ANC               :   25% ±22  (in 4 runs)
  BRC               :   33% ±27  (in 3 runs)
  HHT               :    0% ±0  (in 3 runs)
  JUG               :   50% ±35  (in 2 runs)
  PTH               :    0% ±0  (in 2 runs)
  PHN               :  100% ±0  (in 1 runs)

RUN WIN-RATE BY PERK (campaign runs holding it):
  LCK               :   21% ±11  (in 14 runs)
  GUN               :    9% ±9  (in 11 runs)
  MOM               :    9% ±9  (in 11 runs)
  OUT               :   20% ±13  (in 10 runs)
  CLH               :   11% ±10  (in 9 runs)
  CQB               :   22% ±14  (in 9 runs)
  GRD               :   22% ±14  (in 9 runs)
  EXC               :   25% ±15  (in 8 runs)
  RFX               :   25% ±15  (in 8 runs)
  SKR               :   25% ±15  (in 8 runs)
  PLT               :   29% ±17  (in 7 runs)
  BND               :   17% ±15  (in 6 runs)
  BRK               :   33% ±19  (in 6 runs)
  FST               :   33% ±19  (in 6 runs)
  HRD               :   17% ±15  (in 6 runs)
  SGE               :   20% ±18  (in 5 runs)
  TNK               :    0% ±0  (in 5 runs)
  MRK               :    0% ±0  (in 4 runs)
  VNT               :    0% ±0  (in 2 runs)

RUN WIN-RATE BY PURCHASE (campaign runs buying it):
  FIELD MEDKIT      :   24% ±10  (in 17 runs)
  WPN: SCOPE        :   14% ±9  (in 14 runs)
  WPN: HOLLOW POINT :   33% ±14  (in 12 runs)
  BALLISTIC PLATING :   36% ±15  (in 11 runs)
  COUNTER-PREP      :   20% ±13  (in 10 runs)
  FRAG CACHE        :   20% ±13  (in 10 runs)
  WPN: STABILIZER   :   30% ±14  (in 10 runs)
  WPN: BIPOD        :   33% ±16  (in 9 runs)
  ADV. TRAINING     :   13% ±12  (in 8 runs)
  ARMORY            :   13% ±12  (in 8 runs)
  WPN: EXTENDED MAG :   25% ±15  (in 8 runs)
  WPN: SUPPRESSOR   :   25% ±15  (in 8 runs)
  COMBAT STIMS      :   29% ±17  (in 7 runs)

RUN WIN-RATE BY EVENT-CHOICE (campaign runs taking id:arm):
  informant:2       :    0% ±0  (in 5 runs)
  quartermaster:1   :    0% ±0  (in 4 runs)
  bloodfeud:2       :    0% ±0  (in 2 runs)
  drill:1           :    0% ±0  (in 2 runs)
  informant:1       :  100% ±0  (in 2 runs)
  reservecall:1     :    0% ±0  (in 2 runs)
  warchest:0        :    0% ±0  (in 2 runs)
  warpension:1      :    0% ±0  (in 2 runs)
  warpension:2      :  100% ±0  (in 2 runs)
  depot:0           :    0% ±0  (in 1 runs)
  profiteer:1       :    0% ±0  (in 1 runs)
═══════════════════════════════════════════════════════════════════════

batch wall-time: 6.8s  (20 matches across 10 campaigns × 2 policy, frame-cap hits: 2)
aggregate JSON -> /home/user/SIGHTLINE/docs/measurements/l2/L2-h4-b70.json
INFO: TEXTURE: [ID 2] Unloaded texture data from VRAM (GPU)
INFO: SHADER: [ID 3] Default shader unloaded successfully
INFO: TEXTURE: [ID 1] Default texture unloaded successfully
INFO: Window closed successfully
