INFO: Initializing raylib 6.0
INFO: Platform backend: DESKTOP (GLFW)
INFO: Supported raylib modules:
INFO:     > rcore:..... loaded (mandatory)
INFO:     > rlgl:...... loaded (mandatory)
INFO:     > rshapes:... loaded (optional)
INFO:     > rtextures:. loaded (optional)
INFO:     > rtext:..... loaded (optional)
INFO:     > rmodels:... loaded (optional)
INFO:     > raudio:.... loaded (optional)
INFO: DISPLAY: Trying to enable MSAA x4
INFO: DISPLAY: Device initialized successfully 
INFO:     > Display size: 1280 x 800
INFO:     > Screen size:  1280 x 800
INFO:     > Render size:  1280 x 800
INFO:     > Viewport offsets: 0, 0
INFO: GLAD: OpenGL extensions loaded successfully
INFO: GL: Supported extensions count: 229
INFO: GL: OpenGL device information:
INFO:     > Vendor:   Mesa
INFO:     > Renderer: llvmpipe (LLVM 20.1.2, 256 bits)
INFO:     > Version:  4.5 (Core Profile) Mesa 25.2.8-0ubuntu0.24.04.2
INFO:     > GLSL:     4.50
INFO: GL: VAO extension detected, VAO functions loaded successfully
INFO: GL: NPOT textures extension detected, full NPOT textures supported
INFO: GL: DXT compressed textures supported
INFO: GL: ETC2/EAC compressed textures supported
INFO: PLATFORM: DESKTOP (GLFW - X11): Initialized successfully
INFO: TEXTURE: [ID 1] Texture loaded successfully (1x1 | R8G8B8A8 | 1 mipmaps)
INFO: TEXTURE: [ID 1] Default texture loaded successfully
INFO: SHADER: [ID 1] Vertex shader compiled successfully
INFO: SHADER: [ID 2] Fragment shader compiled successfully
INFO: SHADER: [ID 3] Program shader loaded successfully
INFO: SHADER: [ID 3] Default shader loaded successfully
INFO: RLGL: Render batch vertex buffers loaded successfully in RAM (CPU)
INFO: RLGL: Render batch vertex buffers loaded successfully in VRAM (GPU)
INFO: RLGL: Default OpenGL state initialized successfully
INFO: TEXTURE: [ID 2] Texture loaded successfully (128x128 | GRAY_ALPHA | 1 mipmaps)
INFO: FONT: Default font loaded successfully (224 glyphs)
INFO: SYSTEM: Working Directory: /home/user/SIGHTLINE
INFO: TIMER: Target time per frame: 0.000 milliseconds
FINALE-KIT: Wardens
WAVE: +2 (HUNTER,LANCER) [rich]
WAVE: +2 (BRUISER,HUNTER) [rich]
WAVE: +2 (BRUISER,LANCER) [rich]
WAVE: +3 (MORTAR,SNIPER,SNIPER) [rich]
WAVE: +3 (SCREENER,MORTAR,PIKEMAN) [rich]
WAVE: +3 (GRUNT,SCOUT,MEDIC) [rich]
REINFORCEMENTS: +2 (SCOUT,GRUNT)
REINFORCEMENTS: +2 (GRUNT,GRUNT)
REINFORCEMENTS: +3 (SCOUT,GRUNT,SCOUT)
FINALE-KIT: Wardens
WAVE: +2 (DRONE,LANCER) [rich]
WAVE: +2 (SNIPER,DRONE) [rich]
WAVE: +2 (BRUISER,HOUND) [rich]
WAVE: +3 (CUSTODIAN,SCREENER,SCREENER) [rich]
WAVE: +3 (SNIPER,GRUNT,MORTAR) [rich]
WAVE: +3 (SNIPER,SCREENER,PIKEMAN) [rich]
FINALE-KIT: Wardens
WAVE: +3 (PIKEMAN,SCREENER,SNIPER) [rich]
WAVE: +3 (SNIPER,MORTAR,SCOUT) [rich]
WAVE: +3 (MEDIC,SNIPER,PIKEMAN) [rich]
FINALE-KIT: Wardens
WAVE: +3 (PIKEMAN,PIKEMAN,SNIPER) [rich]
WAVE: +3 (PIKEMAN,SCREENER,GRUNT) [rich]
WAVE: +3 (SNIPER,SNIPER,MORTAR) [rich]
FINALE-KIT: Syndicate
WAVE: +2 (SHIELD,DRONE) [rich]
WAVE: +2 (DRONE,SHIELD) [rich]
WAVE: +2 (SPOTTER,SPOTTER) [rich]
match 5/20  (W:4 L:1 cap:0)  4.2s
FINALE-KIT: Syndicate
WAVE: +2 (CUSTODIAN,SPOTTER) [rich]
WAVE: +2 (SAPPER,SPOTTER) [rich]
WAVE: +2 (CUSTODIAN,SCREENER) [rich]
WAVE: +2 (CUSTODIAN,CUSTODIAN) [rich]
WAVE: +2 (CUSTODIAN,SCREENER) [rich]
WAVE: +2 (SCREENER,DRONE) [rich]
FINALE-KIT: Legion
WAVE: +3 (SNIPER,HUNTER,SHIELD) [rich]
WAVE: +3 (SNIPER,SPOTTER,STRIKER) [rich]
WAVE: +3 (LANCER,SHIELD,SCOUT) [rich]
FINALE-KIT: Legion
WAVE: +3 (SHIELD,MEDIC,DRONE) [rich]
WAVE: +3 (STRIKER,SNIPER,BERSERKER) [rich]
WAVE: +3 (SPOTTER,SAPPER,BERSERKER) [rich]
FINALE-KIT: Legion
REINFORCEMENTS: +2 (SCOUT,SCOUT)
FINALE-KIT: Legion
WAVE: +3 (DRONE,CUSTODIAN,SHIELD) [rich]
WAVE: +3 (SAPPER,SAPPER,DRONE) [rich]
WAVE: +3 (SPOTTER,SAPPER,GRUNT) [rich]
match 10/20  (W:8 L:2 cap:0)  6.0s
FINALE-KIT: Legion
WAVE: +3 (GRUNT,MORTAR,SCREENER) [rich]
WAVE: +3 (SCREENER,GRUNT,CUSTODIAN) [rich]
WAVE: +3 (PIKEMAN,GRUNT,SNIPER) [rich]
FINALE-KIT: Legion
WAVE: +3 (SNIPER,MORTAR,CUSTODIAN) [rich]
WAVE: +3 (MORTAR,SCOUT,SCOUT) [rich]
WAVE: +3 (SNIPER,SCOUT,MORTAR) [rich]
FINALE-KIT: Legion
WAVE: +2 (DRONE,HUNTER) [rich]
WAVE: +2 (SNIPER,SCOUT) [rich]
WAVE: +2 (BRUISER,SCOUT) [rich]
FINALE-KIT: Legion
WAVE: +2 (HUNTER,LANCER) [rich]
WAVE: +2 (LANCER,LANCER) [rich]
WAVE: +2 (HUNTER,HUNTER) [rich]
REINFORCEMENTS: +2 (GRUNT,GRUNT)
REINFORCEMENTS: +2 (GRUNT,SCOUT)
REINFORCEMENTS: +2 (GRUNT,SCOUT)
FINALE-KIT: Legion
WAVE: +2 (GRUNT,MEDIC) [rich]
WAVE: +2 (MEDIC,SNIPER) [rich]
WAVE: +2 (GRUNT,GRUNT) [rich]
match 15/20  (W:12 L:3 cap:0)  7.4s
FINALE-KIT: Legion
WAVE: +2 (PIKEMAN,MEDIC) [rich]
WAVE: +2 (MORTAR,SNIPER) [rich]
WAVE: +2 (MORTAR,MORTAR) [rich]
FINALE-KIT: Wardens
WAVE: +2 (HUNTER,BERSERKER) [rich]
WAVE: +2 (HUNTER,HUNTER) [rich]
WAVE: +2 (HOUND,HUNTER) [rich]
REINFORCEMENTS: +2 (SCOUT,GRUNT)
WAVE: +3 (GRUNT,HOUND,WARBRINGER) [rich]
WAVE: +3 (SCOUT,BRUISER,BRUISER) [rich]
WAVE: +3 (BRUISER,SCOUT,WARBRINGER) [rich]
FINALE-KIT: Wardens
WAVE: +2 (STRIKER,HUNTER) [rich]
WAVE: +2 (BRUISER,HOUND) [rich]
WAVE: +2 (HUNTER,BRUISER) [rich]
WAVE: +3 (HUNTER,BERSERKER,STRIKER) [rich]
WAVE: +3 (LANCER,SCOUT,HUNTER) [rich]
WAVE: +3 (HUNTER,STRIKER,BRUISER) [rich]
FINALE-KIT: Wardens
WAVE: +2 (GRUNT,BERSERKER) [rich]
WAVE: +2 (BERSERKER,GRUNT) [rich]
WAVE: +2 (BERSERKER,HUNTER) [rich]
FINALE-KIT: Wardens
WAVE: +2 (GRUNT,SCOUT) [rich]
WAVE: +2 (SCOUT,SCOUT) [rich]
WAVE: +2 (BERSERKER,BRUISER) [rich]
match 20/20  (W:17 L:3 cap:0)  8.8s

══════════════════════ SIGHTLINE BALANCE REPORT ══════════════════════
runs=20  missions=95

RUN OUTCOMES (campaign):  win-rate   85%   avg missions cleared 5.6

POLICY GAP (optimal vs human-error; campaign runs only):
  greedy win-rate   80%  (n=10)
  sloppy win-rate   90%  (n=10)
  GAP  -10 pts  (healthy slack)
  PAIRED (same-seed slots): pairs=10  concordant=7  discordant greedy-only-won=1 / sloppy-only-won=2  paired gap  -10 pts
  PER-SLOT RECORDS (greedy | sloppy: outcome + missions cleared; margin = g−s):
    slot   0 @h-1: W 6 | W 6   margin +0
    slot   1 @h-1: L 4 | W 6   margin -2
    slot   2 @h-1: W 6 | W 6   margin +0
    slot   3 @h-1: W 6 | W 6   margin +0
    slot   4 @h-1: L 2 | W 6   margin -4
    slot   5 @h-1: W 6 | W 6   margin +0
    slot   6 @h-1: W 6 | L 4   margin +2
    slot   7 @h-1: W 6 | W 6   margin +0
    slot   8 @h-1: W 6 | W 6   margin +0
    slot   9 @h-1: W 6 | W 6   margin +0
  PAIRED MARGIN (missions cleared, all pairs): -0.40 ±0.50 SE  (n=10 pairs)
  by objective (greedy / sloppy / gap):
    Decapitate :  100% /   92% / gap    8
    Defend     :  100% /  100% / gap    0
    Eliminate  :  100% /  100% / gap    0
    Escort     :  100% /  100% / gap    0
    Evac       :  100% /  100% / gap    0
    Hack       :   75% /  100% / gap  -25
    Rescue     :  100% /  100% / gap    0
    Sabotage   :   50% /  100% / gap  -50

DECISION RICHNESS / SWING:
  meaningful-choices/turn 4.15   lead-swings/match 0.6   avg max-swing 34.7
  [shot-gate] acting-soldiers/turn 3.88   armed-soldiers/turn 1.75   armed-fraction 45%   turns-with-a-shot 64%   choices/ARMED-soldier-turn 2.37
  [choice-split] los-targets/ARMED 2.82   target-choices/ARMED 0.68   position-choices/ARMED 1.69

RUN COMPLETION BY HEAT (full-campaign clears):
  heat -1:   85% ±8  (n=20 runs, avg 5.6 missions)

INTEL ECONOMY BY HEAT (campaign runs; heat-bonus = the Heat.IntelBonus share of income):
  heat -1: earned  172.6/run   heat-bonus   0.0 (   0% of income)   spent  156.7   unspent   15.9

MISSION WIN-RATE BY HEAT:
  heat -1:   97%  (n=89, avg 5.1 turns)
  heat 0:  100% ±0  (n=6, avg 5.5 turns)

MISSION WIN-RATE BY OBJECTIVE:
  Eliminate  :  100% ±0  (n=23, avg 2.9 turns)
  Defend     :  100% ±0  (n=23, avg 9.0 turns)
  Decapitate :   96% ±4  (n=23, avg 3.7 turns)
  Hack       :   88% ±12  (n=8, avg 4.1 turns)
  Escort     :  100% ±0  (n=8, avg 7.1 turns)
  Sabotage   :   75% ±22  (n=4, avg 4.0 turns)
  Rescue     :  100% ±0  (n=4, avg 4.5 turns)
  Evac       :  100% ±0  (n=2, avg 2.0 turns)

MISSION WIN-RATE BY MISSION #:
  m1:  100% ±0  (n=20)
  m2:  100% ±0  (n=8)
  m3:   94% ±5  (n=18)
  m4:  100% ±0  (n=17)
  m5:   87% ±9  (n=15)
  m6:  100% ±0  (n=17)

LOSS CAUSES (missions):
  RUN OVER              : 3

MISSION WIN-RATE BY ARENA (authored layouts, n>=3; procedural fallback   23% of 95 missions):
  arena  7:  100% ±0  (n=4, avg 7.3 turns)  [m3:100%(2) m4:100%(2)]
  arena  9:  100% ±0  (n=4, avg 3.0 turns)  [m6:100%(4)]
  arena 11:  100% ±0  (n=4, avg 2.0 turns)  [m3:100%(2) m6:100%(2)]
  arena 12:  100% ±0  (n=4, avg 6.3 turns)  [m3:100%(2) m4:100%(1) m6:100%(1)]
  arena 14:  100% ±0  (n=4, avg 7.3 turns)  [m4:100%(2) m5:100%(2)]
  arena 15:  100% ±0  (n=10, avg 6.2 turns)  [m1:100%(4) m4:100%(4) m5:100%(2)]
  arena 16:  100% ±0  (n=4, avg 5.5 turns)  [m2:100%(2) m3:100%(2)]
  arena 24:  100% ±0  (n=4, avg 7.3 turns)  [m3:100%(3) m4:100%(1)]
  arena 32:   88% ±12  (n=8, avg 6.3 turns)  [m2:100%(1) m3:67%(3) m4:100%(2) m5:100%(2)]
  arena 33:  100% ±0  (n=4, avg 5.3 turns)  [m1:100%(2) m2:100%(1) m4:100%(1)]
  arena 34:  100% ±0  (n=6, avg 3.0 turns)  [m1:100%(2) m6:100%(4)]
  procedural:  100% ±0  (n=22, avg 5.0 turns)  [m1:100%(6) m2:100%(2) m3:100%(4) m4:100%(4) m5:100%(3) m6:100%(3)]

DEPLOYMENT GEOMETRY (opening shape; choices/ARMED is the wave's real gate):
  FRONTAL   :  100% ±0  (n=29, avg 4.9 turns)  choices/turn 2.50  choices/ARMED 1.96  los-targets/ARMED 1.98
  PINCER    :   95%  (n=39, avg 5.4 turns)  choices/turn 6.26  choices/ARMED 2.65  los-targets/ARMED 3.52
  CROSSFIRE :   88% ±12  (n=8, avg 3.8 turns)  choices/turn 2.97  choices/ARMED 2.10  los-targets/ARMED 1.76
  ENVELOP   :  100% ±0  (n=19, avg 5.5 turns)  choices/turn 2.42  choices/ARMED 1.96  los-targets/ARMED 1.63

ARENA FUNNEL (Mission.Build exits, n=100 builds, all modes):
  authored-applied    :  77.0%  (n=77)
  connectivity-reject :   0.0%  (n=0)
  procedural-roll     :  23.0%  (n=23)

DECK EXPOSURE (campaign runs n=20):
  distinct authored arenas/run : 3.65 mean (all runs)
  ... full-depth runs only     : 3.76 mean over 4.9 fights/run (n=17)
  Defend dealt on the route    :   95% of runs (n=19)

ACTION MIX (verbs issued, by policy):
  verb                  greedy        sloppy
  MOVE               560   40%     614   37%
  SHOOT              358   25%     399   24%
  HUNKER             111    8%     174   10%
  BRACE               52    4%      91    5%
  FOCUS               52    4%      66    4%
  RELOAD              52    4%      65    4%
  OVERWATCH           36    3%      65    4%
  INTEL               40    3%      47    3%
  SLIPSTREAM          32    2%      32    2%
  STABILIZE           33    2%      24    1%
  ITEM:SMOKE          18    1%      25    1%
  PIN                 16    1%      18    1%
  MARK                 9    1%      15    1%
  HACK                 9    1%       8    0%
  REARM                8    1%       6    0%
  PLANT                7    0%       6    0%
  EXTRACT              6    0%       6    0%
  PATCH                4    0%       5    0%
  BEACON               4    0%       3    0%
  GRAPPLE              2    0%       4    0%
  GRENADE              2    0%       3    0%
  ITEM:FLASH           0    0%       1    0%
  BARREL               0    0%       1    0%

PLAYER CLASS PERFORMANCE:
  class        shots   hit%   dmg   kills
  GUNNER         275    89%   1320     75
  SHARPSHOOTER    201    89%   1276     72
  RANGER         170    89%   1019     75
  ASSAULT        203    88%    908     48
  CORPSMAN        48    81%    151      8

SOLDIER DEATHS BY ENEMY CLASS (threat ranking):
  DRONE      : 9
  BURN       : 9
  ELITE      : 5
  MORTAR     : 4
  BRUISER    : 4
  BERSERKER  : 3
  SNIPER     : 2
  HUNTER     : 2
  CUSTODIAN  : 1
  PIKEMAN    : 1
  SAPPER     : 1
  GRUNT      : 1
  STRIKER    : 1

SOLDIER DOWNS (FUL-7 bleed-out): 138 downs -> revived 3 / recovered 71 / bled out 54 / finished 10  (save-rate   54%)
  corpsman fielded in 22 missions

ENEMY COMPOSITION (spawns; faction-stamped fights n=504 / default-cascade fights n=149):
  class        faction         default
  GRUNT           45    9%       22   15%
  SCOUT           23    5%       44   30%
  BRUISER         52   10%        5    3%
  SNIPER          51   10%        5    3%
  ELITE           49   10%        6    4%
  BERSERKER       38    8%        2    1%
  HUNTER          26    5%       12    8%
  MORTAR          31    6%        3    2%
  LANCER          17    3%       12    8%
  MEDIC           22    4%        3    2%
  DRONE           18    4%        7    5%
  SCREENER        23    5%        0    0%
  PIKEMAN         19    4%        3    2%
  CUSTODIAN       17    3%        2    1%
  STRIKER         13    3%        6    4%
  WARBRINGER      16    3%        0    0%
  SHIELD           9    2%        4    3%
  SPOTTER          9    2%        4    3%
  TURRET          11    2%        0    0%
  SAPPER           7    1%        4    3%
  HOUND            6    1%        5    3%
  BOMBARD          2    0%        0    0%

PERK PICK FREQUENCY:
  MOM           : 18
  LCK           : 18
  FST           : 15
  BND           : 13
  HRD           : 12
  GUN           : 12
  TNK           : 10
  SKR           : 10
  OUT           : 9
  PLT           : 9
  GRD           : 8
  MRK           : 7
  RFX           : 6
  EXC           : 6
  BRK           : 6
  VNT           : 5
  CLH           : 5
  CQB           : 5
  SGE           : 4

SHOP PURCHASE FREQUENCY:
  FIELD MEDKIT      : 82
  WPN: HOLLOW POINT : 37
  WPN: SCOPE        : 34
  BALLISTIC PLATING : 33
  FRAG CACHE        : 21
  WPN: EXTENDED MAG : 19
  WPN: BIPOD        : 18
  COMBAT STIMS      : 17
  WPN: STABILIZER   : 15
  ARMORY            : 14
  WPN: SUPPRESSOR   : 12
  COUNTER-PREP      : 12
  ADV. TRAINING     : 9

BOON PICK FREQUENCY (PROCS = effect fires at instrumented sites; '-' = not instrumented;
                      PYR counts the +2-turn-burn half only — the Burning-immunity half is uninstrumented):
  code                 picks   PROCS
  EXE               :     8       -
  ADR               :     7       -
  FRT               :     7       -
  FVR               :     5       -
  GHO               :     5       -
  GRN               :     5       -
  MRK               :     5       -
  TRR               :     5      15
  VNM               :     5       -
  FST               :     4      61
  PYR               :     4       0
  RCL               :     4       3
  SHK               :     4       9
  FDR               :     3       0
  RPD               :     2       -
  SCV               :     2       -

RUN WIN-RATE BY BOON (campaign runs holding it):
  EXE               :  100% ±0  (in 8 runs)
  ADR               :   71% ±17  (in 7 runs)
  FRT               :   86% ±13  (in 7 runs)
  FVR               :   80% ±18  (in 5 runs)
  GHO               :  100% ±0  (in 5 runs)
  GRN               :  100% ±0  (in 5 runs)
  MRK               :  100% ±0  (in 5 runs)
  TRR               :  100% ±0  (in 5 runs)
  VNM               :  100% ±0  (in 5 runs)
  FST               :   75% ±22  (in 4 runs)
  PYR               :   75% ±22  (in 4 runs)
  RCL               :  100% ±0  (in 4 runs)
  SHK               :   75% ±22  (in 4 runs)
  FDR               :  100% ±0  (in 3 runs)
  RPD               :  100% ±0  (in 2 runs)
  SCV               :   50% ±35  (in 2 runs)

RUN WIN-RATE BY SPEC (campaign runs fielding it):
  ANC               :  100% ±0  (in 7 runs)
  PHN               :   71% ±17  (in 7 runs)
  PTH               :  100% ±0  (in 7 runs)
  BRC               :   83% ±15  (in 6 runs)
  HHT               :  100% ±0  (in 5 runs)
  ADN               :  100% ±0  (in 4 runs)
  SNT               :  100% ±0  (in 3 runs)
  SRG               :  100% ±0  (in 2 runs)
  JUG               :  100% ±0  (in 1 runs)

RUN WIN-RATE BY PERK (campaign runs holding it):
  LCK               :  100% ±0  (in 11 runs)
  MOM               :   91% ±9  (in 11 runs)
  BND               :  100% ±0  (in 10 runs)
  FST               :   80% ±13  (in 10 runs)
  HRD               :   89% ±10  (in 9 runs)
  OUT               :  100% ±0  (in 9 runs)
  TNK               :   89% ±10  (in 9 runs)
  GUN               :   75% ±15  (in 8 runs)
  GRD               :   86% ±13  (in 7 runs)
  SKR               :   71% ±17  (in 7 runs)
  EXC               :  100% ±0  (in 6 runs)
  MRK               :  100% ±0  (in 6 runs)
  PLT               :   83% ±15  (in 6 runs)
  RFX               :  100% ±0  (in 6 runs)
  CLH               :  100% ±0  (in 5 runs)
  CQB               :  100% ±0  (in 5 runs)
  BRK               :   75% ±22  (in 4 runs)
  SGE               :   75% ±22  (in 4 runs)
  VNT               :   50% ±25  (in 4 runs)

RUN WIN-RATE BY PURCHASE (campaign runs buying it):
  FIELD MEDKIT      :   89% ±7  (in 19 runs)
  BALLISTIC PLATING :   93% ±7  (in 14 runs)
  WPN: SCOPE        :   92% ±8  (in 12 runs)
  WPN: HOLLOW POINT :   73% ±13  (in 11 runs)
  FRAG CACHE        :  100% ±0  (in 10 runs)
  WPN: BIPOD        :  100% ±0  (in 10 runs)
  WPN: EXTENDED MAG :  100% ±0  (in 10 runs)
  ARMORY            :   89% ±10  (in 9 runs)
  COUNTER-PREP      :   78% ±14  (in 9 runs)
  WPN: SUPPRESSOR   :  100% ±0  (in 9 runs)
  COMBAT STIMS      :  100% ±0  (in 8 runs)
  WPN: STABILIZER   :   75% ±15  (in 8 runs)
  ADV. TRAINING     :   86% ±13  (in 7 runs)

RUN WIN-RATE BY EVENT-CHOICE (campaign runs taking id:arm):
  warchest:1        :  100% ±0  (in 4 runs)
  blackmarket:2     :   50% ±35  (in 2 runs)
  defector:0        :  100% ±0  (in 2 runs)
  drill:1           :  100% ±0  (in 2 runs)
  informant:1       :  100% ±0  (in 2 runs)
  medic:1           :  100% ±0  (in 2 runs)
  quartermaster:1   :  100% ±0  (in 2 runs)
  relic:1           :  100% ±0  (in 2 runs)
  warchest:2        :   50% ±35  (in 2 runs)
═══════════════════════════════════════════════════════════════════════

batch wall-time: 8.8s  (20 matches across 10 campaigns × 2 policy, frame-cap hits: 0)
aggregate JSON -> /home/user/SIGHTLINE/docs/measurements/l2/L2-hR-b0.json
INFO: TEXTURE: [ID 2] Unloaded texture data from VRAM (GPU)
INFO: SHADER: [ID 3] Default shader unloaded successfully
INFO: TEXTURE: [ID 1] Default texture unloaded successfully
INFO: Window closed successfully
