INFO: Initializing raylib 6.0
INFO: Platform backend: DESKTOP (GLFW)
INFO: Supported raylib modules:
INFO:     > rcore:..... loaded (mandatory)
INFO:     > rlgl:...... loaded (mandatory)
INFO:     > rshapes:... loaded (optional)
INFO:     > rtextures:. loaded (optional)
INFO:     > rtext:..... loaded (optional)
INFO:     > rmodels:... loaded (optional)
INFO:     > raudio:.... loaded (optional)
INFO: DISPLAY: Trying to enable MSAA x4
INFO: DISPLAY: Device initialized successfully 
INFO:     > Display size: 1280 x 800
INFO:     > Screen size:  1280 x 800
INFO:     > Render size:  1280 x 800
INFO:     > Viewport offsets: 0, 0
INFO: GLAD: OpenGL extensions loaded successfully
INFO: GL: Supported extensions count: 229
INFO: GL: OpenGL device information:
INFO:     > Vendor:   Mesa
INFO:     > Renderer: llvmpipe (LLVM 20.1.2, 256 bits)
INFO:     > Version:  4.5 (Core Profile) Mesa 25.2.8-0ubuntu0.24.04.2
INFO:     > GLSL:     4.50
INFO: GL: VAO extension detected, VAO functions loaded successfully
INFO: GL: NPOT textures extension detected, full NPOT textures supported
INFO: GL: DXT compressed textures supported
INFO: GL: ETC2/EAC compressed textures supported
INFO: PLATFORM: DESKTOP (GLFW - X11): Initialized successfully
INFO: TEXTURE: [ID 1] Texture loaded successfully (1x1 | R8G8B8A8 | 1 mipmaps)
INFO: TEXTURE: [ID 1] Default texture loaded successfully
INFO: SHADER: [ID 1] Vertex shader compiled successfully
INFO: SHADER: [ID 2] Fragment shader compiled successfully
INFO: SHADER: [ID 3] Program shader loaded successfully
INFO: SHADER: [ID 3] Default shader loaded successfully
INFO: RLGL: Render batch vertex buffers loaded successfully in RAM (CPU)
INFO: RLGL: Render batch vertex buffers loaded successfully in VRAM (GPU)
INFO: RLGL: Default OpenGL state initialized successfully
INFO: TEXTURE: [ID 2] Texture loaded successfully (128x128 | GRAY_ALPHA | 1 mipmaps)
INFO: FONT: Default font loaded successfully (224 glyphs)
INFO: SYSTEM: Working Directory: /home/user/SIGHTLINE
INFO: TIMER: Target time per frame: 0.000 milliseconds
FINALE-KIT: Syndicate
WAVE: +2 (DRONE,DRONE) [rich]
WAVE: +2 (SHIELD,SCREENER) [rich]
WAVE: +2 (CUSTODIAN,SHIELD) [rich]
REINFORCEMENTS: +2 (GRUNT,SCOUT)
FINALE-KIT: Syndicate
WAVE: +2 (SHIELD,SHIELD) [rich]
WAVE: +2 (SPOTTER,DRONE) [rich]
WAVE: +2 (SAPPER,DRONE) [rich]
FINALE-KIT: Wardens
WAVE: +2 (HOUND,LANCER) [rich]
WAVE: +2 (BERSERKER,HUNTER) [rich]
WAVE: +2 (MORTAR,SPOTTER) [rich]
FINALE-KIT: Wardens
WAVE: +2 (HOUND,SCREENER) [rich]
WAVE: +2 (DRONE,HUNTER) [rich]
WAVE: +2 (LANCER,SHIELD) [rich]
REINFORCEMENTS: +2 (GRUNT,GRUNT)
REINFORCEMENTS: +2 (GRUNT,GRUNT)
REINFORCEMENTS: +2 (SCOUT,SCOUT)
FINALE-KIT: Syndicate
WAVE: +3 (SAPPER,PIKEMAN,HUNTER) [rich]
WAVE: +3 (DRONE,LANCER,WARBRINGER) [rich]
WAVE: +3 (HUNTER,DRONE,STRIKER) [rich]
match 5/20  (W:4 L:1 cap:0)  3.8s
FINALE-KIT: Syndicate
REINFORCEMENTS: +2 (SCOUT,GRUNT)
REINFORCEMENTS: +2 (SCOUT,GRUNT)
REINFORCEMENTS: +3 (GRUNT,SCOUT,GRUNT)
FINALE-KIT: Legion
WAVE: +2 (DRONE,SHIELD) [rich]
WAVE: +2 (SCREENER,SCREENER) [rich]
WAVE: +2 (CUSTODIAN,SHIELD) [rich]
REINFORCEMENTS: +2 (GRUNT,GRUNT)
REINFORCEMENTS: +2 (SCOUT,SCOUT)
REINFORCEMENTS: +2 (GRUNT,SCOUT)
REINFORCEMENTS: +2 (SCOUT,GRUNT)
FINALE-KIT: Legion
WAVE: +2 (SHIELD,CUSTODIAN) [rich]
WAVE: +2 (SHIELD,SPOTTER) [rich]
WAVE: +2 (GRUNT,SAPPER) [rich]
WAVE: +2 (GRUNT,DRONE) [rich]
WAVE: +2 (SPOTTER,SAPPER) [rich]
WAVE: +2 (SAPPER,SAPPER) [rich]
FINALE-KIT: Wardens
FINALE-KIT: Wardens
REINFORCEMENTS: +2 (SCOUT,SCOUT)
REINFORCEMENTS: +2 (GRUNT,GRUNT)
REINFORCEMENTS: +3 (SCOUT,GRUNT,SCOUT)
match 10/20  (W:5 L:5 cap:0)  6.8s
FINALE-KIT: Wardens
FINALE-KIT: Wardens
FINALE-KIT: Legion
REINFORCEMENTS: +2 (GRUNT,SCOUT)
REINFORCEMENTS: +2 (SCOUT,SCOUT)
REINFORCEMENTS: +3 (SCOUT,SCOUT,GRUNT)
FINALE-KIT: Legion
REINFORCEMENTS: +2 (GRUNT,SCOUT)
REINFORCEMENTS: +2 (GRUNT,SCOUT)
REINFORCEMENTS: +3 (GRUNT,GRUNT,GRUNT)
FINALE-KIT: Syndicate
WAVE: +2 (SAPPER,CUSTODIAN) [rich]
WAVE: +2 (SCOUT,STRIKER) [rich]
WAVE: +2 (SPOTTER,SAPPER) [rich]
match 15/20  (W:6 L:9 cap:0)  7.3s
FINALE-KIT: Syndicate
WAVE: +2 (LANCER,MEDIC) [rich]
WAVE: +2 (DRONE,HUNTER) [rich]
WAVE: +2 (LANCER,PIKEMAN) [rich]
WAVE: +2 (HUNTER,SNIPER) [rich]
WAVE: +2 (LANCER,PIKEMAN) [rich]
FINALE-KIT: Syndicate
REINFORCEMENTS: +2 (GRUNT,GRUNT)
REINFORCEMENTS: +2 (GRUNT,GRUNT)
FINALE-KIT: Syndicate
REINFORCEMENTS: +2 (GRUNT,GRUNT)
REINFORCEMENTS: +2 (SCOUT,GRUNT)
FINALE-KIT: Syndicate
WAVE: +2 (SNIPER,HUNTER) [rich]
WAVE: +2 (DRONE,SCOUT) [rich]
WAVE: +2 (SNIPER,STRIKER) [rich]
FINALE-KIT: Syndicate
WAVE: +2 (HOUND,DRONE) [rich]
WAVE: +2 (LANCER,DRONE) [rich]
WAVE: +2 (HUNTER,HUNTER) [rich]
WAVE: +2 (PIKEMAN,HUNTER) [rich]
WAVE: +2 (SNIPER,MEDIC) [rich]
WAVE: +2 (HUNTER,HUNTER) [rich]
match 20/20  (W:7 L:13 cap:0)  8.6s

══════════════════════ SIGHTLINE BALANCE REPORT ══════════════════════
runs=20  missions=60

RUN OUTCOMES (campaign):  win-rate   35%   avg missions cleared 3.3

POLICY GAP (optimal vs human-error; campaign runs only):
  greedy win-rate   50%  (n=10)
  sloppy win-rate   20%  (n=10)
  GAP   30 pts  (swingy/unforgiving)
  PAIRED (same-seed slots): pairs=10  concordant=5  discordant greedy-only-won=4 / sloppy-only-won=1  paired gap   30 pts
  PER-SLOT RECORDS (greedy | sloppy: outcome + missions cleared; margin = g−s):
    slot  40 @h0: W 6 | W 6   margin +0
    slot  41 @h0: W 6 | L 5   margin +1
    slot  42 @h0: W 6 | L 0   margin +6
    slot  43 @h0: L 4 | L 2   margin +2
    slot  44 @h0: W 6 | L 3   margin +3
    slot  45 @h0: L 1 | L 1   margin +0
    slot  46 @h0: L 0 | L 0   margin +0
    slot  47 @h0: W 6 | L 2   margin +4
    slot  48 @h0: L 2 | L 2   margin +0
    slot  49 @h0: L 1 | W 6   margin -5
  PAIRED MARGIN (missions cleared, all pairs): +1.10 ±0.94 SE  (n=10 pairs)
  by objective (greedy / sloppy / gap):
    Decapitate :   83% /   50% / gap   33
    Defend     :   83% /   67% / gap   17
    Eliminate  :   85% /   73% / gap   12
    Escort     :  100% /  100% / gap    0
    Rescue     :  100% /  100% / gap    0
    Sabotage   :    0% /    0% / gap    0

DECISION RICHNESS / SWING:
  meaningful-choices/turn 3.02   lead-swings/match 0.8   avg max-swing 34.4
  [shot-gate] acting-soldiers/turn 3.13   armed-soldiers/turn 1.31   armed-fraction 42%   turns-with-a-shot 57%   choices/ARMED-soldier-turn 2.30
  [choice-split] los-targets/ARMED 2.27   target-choices/ARMED 0.38   position-choices/ARMED 1.92

RUN COMPLETION BY HEAT (full-campaign clears):
  heat 0:   35% ±11  (n=20 runs, avg 3.3 missions)

INTEL ECONOMY BY HEAT (campaign runs; heat-bonus = the Heat.IntelBonus share of income):
  heat 0: earned   94.5/run   heat-bonus   0.0 (   0% of income)   spent   74.4   unspent   20.1

MISSION WIN-RATE BY HEAT:
  heat 0:   78%  (n=60, avg 5.8 turns)

MISSION WIN-RATE BY OBJECTIVE:
  Eliminate  :   79% ±8  (n=24, avg 5.4 turns)
  Defend     :   75% ±13  (n=12, avg 8.8 turns)
  Decapitate :   70% ±14  (n=10, avg 4.7 turns)
  Escort     :  100% ±0  (n=6, avg 4.3 turns)
  Rescue     :  100% ±0  (n=5, avg 2.8 turns)
  Sabotage   :    0% ±0  (n=2, avg 6.0 turns)
  Evac       :  100% ±0  (n=1, avg 13.0 turns)

MISSION WIN-RATE BY MISSION #:
  m1:   85% ±8  (n=20)
  m2:   40% ±22  (n=5)
  m3:   71% ±12  (n=14)
  m4:   90% ±9  (n=10)
  m5:   67% ±27  (n=3)
  m6:   88% ±12  (n=8)

LOSS CAUSES (missions):
  RUN OVER              : 13

MISSION WIN-RATE BY ARENA (authored layouts, n>=3; procedural fallback   25% of 60 missions):
  arena 10:   67% ±27  (n=3, avg 7.0 turns)  [m2:50%(2) m6:100%(1)]
  arena 24:   67% ±27  (n=3, avg 7.3 turns)  [m3:50%(2) m4:100%(1)]
  arena 27:  100% ±0  (n=3, avg 5.3 turns)  [m1:100%(2) m3:100%(1)]
  arena 28:   33% ±27  (n=3, avg 9.0 turns)  [m1:50%(2) m3:0%(1)]
  arena 30:  100% ±0  (n=4, avg 5.0 turns)  [m3:100%(1) m6:100%(3)]
  arena 33:  100% ±0  (n=3, avg 3.3 turns)  [m1:100%(2) m6:100%(1)]
  arena 34:  100% ±0  (n=4, avg 3.8 turns)  [m1:100%(4)]
  procedural:   67% ±12  (n=15, avg 8.3 turns)  [m1:50%(4) m2:100%(1) m3:60%(5) m4:67%(3) m5:100%(2)]

DEPLOYMENT GEOMETRY (opening shape; choices/ARMED is the wave's real gate):
  FRONTAL   :   80% ±9  (n=20, avg 6.6 turns)  choices/turn 4.03  choices/ARMED 2.55  los-targets/ARMED 2.79
  PINCER    :   71% ±10  (n=21, avg 5.4 turns)  choices/turn 2.35  choices/ARMED 2.05  los-targets/ARMED 1.88
  CROSSFIRE :   88% ±12  (n=8, avg 4.5 turns)  choices/turn 2.35  choices/ARMED 2.16  los-targets/ARMED 1.81
  ENVELOP   :   82% ±12  (n=11, avg 6.2 turns)  choices/turn 2.45  choices/ARMED 2.11  los-targets/ARMED 1.72

ARENA FUNNEL (Mission.Build exits, n=68 builds, all modes):
  authored-applied    :  76.5%  (n=52)
  connectivity-reject :   0.0%  (n=0)
  procedural-roll     :  23.5%  (n=16)

DECK EXPOSURE (campaign runs n=20):
  distinct authored arenas/run : 2.25 mean (all runs)
  ... full-depth runs only     : 3.43 mean over 4.6 fights/run (n=7)
  Defend dealt on the route    :   55% of runs (n=11)

ACTION MIX (verbs issued, by policy):
  verb                  greedy        sloppy
  MOVE               459   43%     487   50%
  SHOOT              253   24%     192   20%
  HUNKER             104   10%      32    3%
  BRACE               29    3%      48    5%
  RELOAD              34    3%      30    3%
  FOCUS               29    3%      26    3%
  INTEL               28    3%      25    3%
  SLIPSTREAM          22    2%      26    3%
  STABILIZE           19    2%      22    2%
  MARK                19    2%      17    2%
  OVERWATCH           18    2%      16    2%
  ITEM:SMOKE          14    1%      17    2%
  PIN                 15    1%      13    1%
  GRENADE              5    0%       6    1%
  BEACON               5    0%       3    0%
  REARM                5    0%       3    0%
  EXTRACT              5    0%       2    0%
  GRAPPLE              3    0%       3    0%
  PATCH                1    0%       5    1%
  PLANT                2    0%       2    0%
  DRAG                 1    0%       1    0%
  BARREL               1    0%       1    0%
  ITEM:INCENDIARY       0    0%       1    0%
  ITEM:FLASH           0    0%       1    0%

PLAYER CLASS PERFORMANCE:
  class        shots   hit%   dmg   kills
  SHARPSHOOTER    119    90%    813     57
  GUNNER         165    90%    756     54
  RANGER          85    89%    526     39
  ASSAULT         85    85%    354     24
  CORPSMAN        15   100%     53      3

SOLDIER DEATHS BY ENEMY CLASS (threat ranking):
  GRUNT      : 9
  SNIPER     : 8
  ELITE      : 7
  SCOUT      : 7
  BERSERKER  : 6
  BRUISER    : 6
  LANCER     : 5
  SHIELD     : 4
  SAPPER     : 4
  DRONE      : 4
  BURN       : 4
  TURRET     : 3
  SCREENER   : 2
  STRIKER    : 2
  WARBRINGER : 2
  MORTAR     : 2
  MEDIC      : 1
  HUNTER     : 1
  SLAM       : 1
  SPOTTER    : 1

SOLDIER DOWNS (FUL-7 bleed-out): 139 downs -> revived 2 / recovered 22 / bled out 109 / finished 6  (save-rate   17%)
  corpsman fielded in 13 missions

ENEMY COMPOSITION (spawns; faction-stamped fights n=231 / default-cascade fights n=243):
  class        faction         default
  GRUNT           31   13%       52   21%
  SCOUT           12    5%       65   27%
  ELITE           20    9%       12    5%
  DRONE           14    6%       16    7%
  SHIELD          22   10%        5    2%
  BERSERKER       17    7%        8    3%
  HUNTER           7    3%       17    7%
  SAPPER          10    4%       10    4%
  SCREENER        18    8%        1    0%
  LANCER           6    3%       13    5%
  TURRET          14    6%        2    1%
  CUSTODIAN       10    4%        4    2%
  STRIKER          6    3%        8    3%
  SNIPER           6    3%        6    2%
  MEDIC            9    4%        2    1%
  SPOTTER          8    3%        2    1%
  WARBRINGER       7    3%        2    1%
  HOUND            2    1%        6    2%
  PIKEMAN          3    1%        4    2%
  BRUISER          6    3%        1    0%
  MORTAR           0    0%        6    2%
  BOMBARD          3    1%        1    0%

PERK PICK FREQUENCY:
  LCK           : 11
  MRK           : 10
  GUN           : 9
  OUT           : 8
  CLH           : 8
  MOM           : 7
  BRK           : 7
  SKR           : 6
  GRD           : 6
  PLT           : 5
  TNK           : 5
  EXC           : 4
  CQB           : 4
  RFX           : 4
  FST           : 3
  VNT           : 2
  SGE           : 2
  HRD           : 2
  BND           : 1

SHOP PURCHASE FREQUENCY:
  WPN: SCOPE        : 32
  FIELD MEDKIT      : 23
  WPN: HOLLOW POINT : 14
  WPN: EXTENDED MAG : 12
  COMBAT STIMS      : 12
  WPN: BIPOD        : 9
  ARMORY            : 8
  BALLISTIC PLATING : 8
  WPN: STABILIZER   : 7
  COUNTER-PREP      : 5
  ADV. TRAINING     : 5
  WPN: SUPPRESSOR   : 4
  FRAG CACHE        : 1

BOON PICK FREQUENCY (PROCS = effect fires at instrumented sites; '-' = not instrumented;
                      PYR counts the +2-turn-burn half only — the Burning-immunity half is uninstrumented):
  code                 picks   PROCS
  EXE               :     4       -
  RCL               :     4       2
  SCV               :     4       -
  TRR               :     4      14
  VNM               :     4       -
  FVR               :     3       -
  PYR               :     3       3
  FDR               :     2       0
  FRT               :     2       -
  FST               :     2      15
  GHO               :     2       -
  GRN               :     2       -
  RPD               :     2       -
  ADR               :     1       -
  SHK               :     1       0

RUN WIN-RATE BY BOON (campaign runs holding it):
  EXE               :   75% ±22  (in 4 runs)
  RCL               :   75% ±22  (in 4 runs)
  SCV               :   50% ±25  (in 4 runs)
  TRR               :   50% ±25  (in 4 runs)
  VNM               :   50% ±25  (in 4 runs)
  FVR               :  100% ±0  (in 3 runs)
  PYR               :   33% ±27  (in 3 runs)
  FDR               :   50% ±35  (in 2 runs)
  FRT               :  100% ±0  (in 2 runs)
  FST               :   50% ±35  (in 2 runs)
  GHO               :   50% ±35  (in 2 runs)
  GRN               :  100% ±0  (in 2 runs)
  RPD               :   50% ±35  (in 2 runs)
  ADR               :  100% ±0  (in 1 runs)
  SHK               :    0% ±0  (in 1 runs)

RUN WIN-RATE BY SPEC (campaign runs fielding it):
  ADN               :   50% ±25  (in 4 runs)
  ANC               :  100% ±0  (in 3 runs)
  JUG               :   33% ±27  (in 3 runs)
  SNT               :  100% ±0  (in 3 runs)
  HHT               :    0% ±0  (in 2 runs)
  BRC               :  100% ±0  (in 1 runs)
  PHN               :    0% ±0  (in 1 runs)
  PTH               :  100% ±0  (in 1 runs)

RUN WIN-RATE BY PERK (campaign runs holding it):
  LCK               :   60% ±15  (in 10 runs)
  MRK               :   50% ±18  (in 8 runs)
  GUN               :   67% ±19  (in 6 runs)
  MOM               :   67% ±19  (in 6 runs)
  OUT               :   50% ±20  (in 6 runs)
  BRK               :   60% ±22  (in 5 runs)
  CLH               :   40% ±22  (in 5 runs)
  GRD               :   60% ±22  (in 5 runs)
  SKR               :   80% ±18  (in 5 runs)
  TNK               :   40% ±22  (in 5 runs)
  CQB               :   50% ±25  (in 4 runs)
  PLT               :   75% ±22  (in 4 runs)
  RFX               :   50% ±25  (in 4 runs)
  EXC               :   67% ±27  (in 3 runs)
  FST               :  100% ±0  (in 3 runs)
  HRD               :   50% ±35  (in 2 runs)
  SGE               :    0% ±0  (in 2 runs)
  VNT               :   50% ±35  (in 2 runs)
  BND               :    0% ±0  (in 1 runs)

RUN WIN-RATE BY PURCHASE (campaign runs buying it):
  FIELD MEDKIT      :   38% ±13  (in 13 runs)
  WPN: SCOPE        :   60% ±15  (in 10 runs)
  WPN: EXTENDED MAG :   50% ±18  (in 8 runs)
  ARMORY            :   43% ±19  (in 7 runs)
  WPN: BIPOD        :   50% ±20  (in 6 runs)
  WPN: HOLLOW POINT :   50% ±20  (in 6 runs)
  COMBAT STIMS      :   60% ±22  (in 5 runs)
  COUNTER-PREP      :   80% ±18  (in 5 runs)
  BALLISTIC PLATING :   75% ±22  (in 4 runs)
  ADV. TRAINING     :   33% ±27  (in 3 runs)
  WPN: STABILIZER   :   67% ±27  (in 3 runs)
  WPN: SUPPRESSOR   :  100% ±0  (in 3 runs)
  FRAG CACHE        :    0% ±0  (in 1 runs)

RUN WIN-RATE BY EVENT-CHOICE (campaign runs taking id:arm):
  quartermaster:1   :   25% ±22  (in 4 runs)
  warchest:1        :   50% ±25  (in 4 runs)
  blackmarket:2     :  100% ±0  (in 2 runs)
  defector:0        :   50% ±35  (in 2 runs)
  drill:0           :   50% ±35  (in 2 runs)
  reservecall:0     :   50% ±35  (in 2 runs)
  bloodfeud:2       :  100% ±0  (in 1 runs)
  cache:1           :  100% ±0  (in 1 runs)
═══════════════════════════════════════════════════════════════════════

batch wall-time: 8.6s  (20 matches across 10 campaigns × 2 policy, frame-cap hits: 0)
aggregate JSON -> /home/user/SIGHTLINE/docs/measurements/l2/L2-h0-b40.json
INFO: TEXTURE: [ID 2] Unloaded texture data from VRAM (GPU)
INFO: SHADER: [ID 3] Default shader unloaded successfully
INFO: TEXTURE: [ID 1] Default texture unloaded successfully
INFO: Window closed successfully
