INFO: Initializing raylib 6.0
INFO: Platform backend: DESKTOP (GLFW)
INFO: Supported raylib modules:
INFO:     > rcore:..... loaded (mandatory)
INFO:     > rlgl:...... loaded (mandatory)
INFO:     > rshapes:... loaded (optional)
INFO:     > rtextures:. loaded (optional)
INFO:     > rtext:..... loaded (optional)
INFO:     > rmodels:... loaded (optional)
INFO:     > raudio:.... loaded (optional)
INFO: DISPLAY: Trying to enable MSAA x4
INFO: DISPLAY: Device initialized successfully 
INFO:     > Display size: 1280 x 800
INFO:     > Screen size:  1280 x 800
INFO:     > Render size:  1280 x 800
INFO:     > Viewport offsets: 0, 0
INFO: GLAD: OpenGL extensions loaded successfully
INFO: GL: Supported extensions count: 229
INFO: GL: OpenGL device information:
INFO:     > Vendor:   Mesa
INFO:     > Renderer: llvmpipe (LLVM 20.1.2, 256 bits)
INFO:     > Version:  4.5 (Core Profile) Mesa 25.2.8-0ubuntu0.24.04.2
INFO:     > GLSL:     4.50
INFO: GL: VAO extension detected, VAO functions loaded successfully
INFO: GL: NPOT textures extension detected, full NPOT textures supported
INFO: GL: DXT compressed textures supported
INFO: GL: ETC2/EAC compressed textures supported
INFO: PLATFORM: DESKTOP (GLFW - X11): Initialized successfully
INFO: TEXTURE: [ID 1] Texture loaded successfully (1x1 | R8G8B8A8 | 1 mipmaps)
INFO: TEXTURE: [ID 1] Default texture loaded successfully
INFO: SHADER: [ID 1] Vertex shader compiled successfully
INFO: SHADER: [ID 2] Fragment shader compiled successfully
INFO: SHADER: [ID 3] Program shader loaded successfully
INFO: SHADER: [ID 3] Default shader loaded successfully
INFO: RLGL: Render batch vertex buffers loaded successfully in RAM (CPU)
INFO: RLGL: Render batch vertex buffers loaded successfully in VRAM (GPU)
INFO: RLGL: Default OpenGL state initialized successfully
INFO: TEXTURE: [ID 2] Texture loaded successfully (128x128 | GRAY_ALPHA | 1 mipmaps)
INFO: FONT: Default font loaded successfully (224 glyphs)
INFO: SYSTEM: Working Directory: /home/user/SIGHTLINE
INFO: TIMER: Target time per frame: 0.000 milliseconds
FINALE-KIT: Syndicate
REINFORCEMENTS: +2 (SCOUT,SCOUT)
REINFORCEMENTS: +2 (SCOUT,SCOUT)
REINFORCEMENTS: +3 (GRUNT,SCOUT,GRUNT)
REINFORCEMENTS: +2 (SCOUT,GRUNT)
REINFORCEMENTS: +2 (GRUNT,SCOUT)
FINALE-KIT: Syndicate
REINFORCEMENTS: +2 (SCOUT,GRUNT)
REINFORCEMENTS: +2 (GRUNT,GRUNT)
FINALE-KIT: Syndicate
WAVE: +3 (STRIKER,BRUISER,HUNTER) [rich]
WAVE: +2 (BRUISER,HOUND) [rich]
WAVE: +3 (HUNTER,GRUNT,HUNTER) [rich]
WAVE: +3 (BERSERKER,BERSERKER,GRUNT) [rich]
FINALE-KIT: Syndicate
WAVE: +3 (HUNTER,BERSERKER,BERSERKER) [rich]
WAVE: +1 (BERSERKER) [rich]
REINFORCEMENTS: +2 (SCOUT,SCOUT)
FINALE-KIT: Legion
WAVE: +2 (SHIELD,DRONE) [rich]
WAVE: +2 (SHIELD,DRONE) [rich]
WAVE: +2 (DRONE,GRUNT) [rich]
match 5/20  (W:2 L:3 cap:0)  5.8s
FINALE-KIT: Legion
WAVE: +2 (SAPPER,SHIELD) [rich]
WAVE: +2 (SHIELD,SHIELD) [rich]
WAVE: +2 (DRONE,SAPPER) [rich]
FINALE-KIT: Wardens
FINALE-KIT: Wardens
FINALE-KIT: Legion
WAVE: +3 (HOUND,CUSTODIAN,LANCER) [rich]
WAVE: +3 (SHIELD,HUNTER,HOUND) [rich]
WAVE: +3 (HOUND,HOUND,LANCER) [rich]
REINFORCEMENTS: +2 (SCOUT,SCOUT)
FINALE-KIT: Legion
WAVE: +3 (MEDIC,SAPPER,HUNTER) [rich]
WAVE: +3 (DRONE,LANCER,STRIKER) [rich]
WAVE: +3 (WARBRINGER,LANCER,STRIKER) [rich]
REINFORCEMENTS: +2 (SCOUT,SCOUT)
match 10/20  (W:5 L:5 cap:0)  7.7s
FINALE-KIT: Syndicate
FINALE-KIT: Syndicate
REINFORCEMENTS: +2 (GRUNT,SCOUT)
REINFORCEMENTS: +2 (GRUNT,SCOUT)
FINALE-KIT: Legion
WAVE: +3 (HUNTER,SCREENER,WARBRINGER) [rich]
WAVE: +3 (SCREENER,SHIELD,HUNTER) [rich]
WAVE: +3 (SHIELD,PIKEMAN,LANCER) [rich]
FINALE-KIT: Legion
REINFORCEMENTS: +2 (SCOUT,SCOUT)
REINFORCEMENTS: +2 (GRUNT,SCOUT)
FINALE-KIT: Legion
WAVE: +3 (WARBRINGER,BERSERKER,MORTAR) [rich]
WAVE: +3 (HUNTER,SAPPER,SHIELD) [rich]
WAVE: +3 (SNIPER,MORTAR,SPOTTER) [rich]
match 15/20  (W:9 L:6 cap:0)  9.0s
FINALE-KIT: Legion
WAVE: +3 (LANCER,SNIPER,WARBRINGER) [rich]
WAVE: +3 (CUSTODIAN,STRIKER,HUNTER) [rich]
WAVE: +3 (HUNTER,SPOTTER,HOUND) [rich]
FINALE-KIT: Wardens
WAVE: +2 (SHIELD,DRONE) [rich]
WAVE: +2 (DRONE,SPOTTER) [rich]
WAVE: +2 (SAPPER,GRUNT) [rich]
WAVE: +2 (SHIELD,DRONE) [rich]
WAVE: +3 (GRUNT,HOUND,BERSERKER) [rich]
WAVE: +3 (BERSERKER,GRUNT,WARBRINGER) [rich]
WAVE: +3 (BERSERKER,LANCER,SCOUT) [rich]
FINALE-KIT: Wardens
WAVE: +2 (SAPPER,SAPPER) [rich]
WAVE: +2 (SAPPER,SHIELD) [rich]
WAVE: +2 (CUSTODIAN,CUSTODIAN) [rich]
WAVE: +3 (BERSERKER,STRIKER,HUNTER) [rich]
WAVE: +3 (BERSERKER,HOUND,HUNTER) [rich]
WAVE: +3 (BRUISER,BERSERKER,BERSERKER) [rich]
WAVE: +3 (SCOUT,STRIKER,LANCER) [rich]
FINALE-KIT: Wardens
WAVE: +2 (PIKEMAN,GRUNT) [rich]
WAVE: +2 (GRUNT,SCOUT) [rich]
WAVE: +2 (SCOUT,PIKEMAN) [rich]
REINFORCEMENTS: +2 (GRUNT,SCOUT)
REINFORCEMENTS: +2 (SCOUT,SCOUT)
REINFORCEMENTS: +3 (GRUNT,GRUNT,SCOUT)
FINALE-KIT: Wardens
WAVE: +2 (PIKEMAN,MEDIC) [rich]
WAVE: +2 (MORTAR,PIKEMAN) [rich]
match 20/20  (W:11 L:9 cap:0)  10.5s

══════════════════════ SIGHTLINE BALANCE REPORT ══════════════════════
runs=20  missions=79

RUN OUTCOMES (campaign):  win-rate   55%   avg missions cleared 4.8

POLICY GAP (optimal vs human-error; campaign runs only):
  greedy win-rate   60%  (n=10)
  sloppy win-rate   50%  (n=10)
  GAP   10 pts  (healthy slack)
  PAIRED (same-seed slots): pairs=10  concordant=5  discordant greedy-only-won=3 / sloppy-only-won=2  paired gap   10 pts
  PER-SLOT RECORDS (greedy | sloppy: outcome + missions cleared; margin = g−s):
    slot  50 @h2: L 4 | L 4   margin +0
    slot  51 @h2: L 4 | W 6   margin -2
    slot  52 @h2: W 6 | L 1   margin +5
    slot  53 @h2: W 6 | W 6   margin +0
    slot  54 @h2: L 5 | W 6   margin -1
    slot  55 @h2: W 6 | W 6   margin +0
    slot  56 @h2: W 6 | L 1   margin +5
    slot  57 @h2: W 6 | W 6   margin +0
    slot  58 @h2: W 6 | L 4   margin +2
    slot  59 @h2: L 5 | L 1   margin +4
  PAIRED MARGIN (missions cleared, all pairs): +1.30 ±0.80 SE  (n=10 pairs)
  by objective (greedy / sloppy / gap):
    Decapitate :   80% /  100% / gap  -20
    Defend     :   88% /   57% / gap   30
    Eliminate  :   92% /   83% / gap    8
    Escort     :  100% /  100% / gap    0
    Evac       :  100% /  100% / gap    0
    Hack       :  100% /  100% / gap    0
    Rescue     :  100% /  100% / gap    0
    Sabotage   :  100% /  100% / gap    0

DECISION RICHNESS / SWING:
  meaningful-choices/turn 3.49   lead-swings/match 0.6   avg max-swing 41.8
  [shot-gate] acting-soldiers/turn 3.53   armed-soldiers/turn 1.56   armed-fraction 44%   turns-with-a-shot 67%   choices/ARMED-soldier-turn 2.24
  [choice-split] los-targets/ARMED 2.61   target-choices/ARMED 0.37   position-choices/ARMED 1.86

RUN COMPLETION BY HEAT (full-campaign clears):
  heat 2:   55% ±11  (n=20 runs, avg 4.8 missions)

INTEL ECONOMY BY HEAT (campaign runs; heat-bonus = the Heat.IntelBonus share of income):
  heat 2: earned  159.9/run   heat-bonus  23.6 (  15% of income)   spent  145.5   unspent   14.5

MISSION WIN-RATE BY HEAT:
  heat 2:   88%  (n=78, avg 4.8 turns)
  heat 3:  100% ±0  (n=1, avg 5.0 turns)

MISSION WIN-RATE BY OBJECTIVE:
  Eliminate  :   88% ±7  (n=24, avg 4.3 turns)
  Decapitate :   88% ±8  (n=17, avg 4.2 turns)
  Defend     :   73% ±11  (n=15, avg 8.7 turns)
  Rescue     :  100% ±0  (n=8, avg 3.3 turns)
  Sabotage   :  100% ±0  (n=6, avg 3.0 turns)
  Hack       :  100% ±0  (n=3, avg 2.7 turns)
  Escort     :  100% ±0  (n=3, avg 4.3 turns)
  Evac       :  100% ±0  (n=3, avg 2.0 turns)

MISSION WIN-RATE BY MISSION #:
  m1:  100% ±0  (n=20)
  m2:   63% ±17  (n=8)
  m3:  100% ±0  (n=13)
  m4:  100% ±0  (n=13)
  m5:   67% ±14  (n=12)
  m6:   85% ±10  (n=13)

LOSS CAUSES (missions):
  RUN OVER              : 9

MISSION WIN-RATE BY ARENA (authored layouts, n>=3; procedural fallback   28% of 79 missions):
  arena  2:  100% ±0  (n=3, avg 3.7 turns)  [m1:100%(2) m5:100%(1)]
  arena 10:  100% ±0  (n=5, avg 2.8 turns)  [m1:100%(2) m3:100%(1) m4:100%(2)]
  arena 17:   67% ±27  (n=3, avg 6.3 turns)  [m3:100%(1) m5:50%(2)]
  arena 23:   67% ±27  (n=3, avg 6.7 turns)  [m3:100%(2) m6:0%(1)]
  arena 31:  100% ±0  (n=4, avg 3.5 turns)  [m1:100%(2) m5:100%(2)]
  arena 32:   90% ±9  (n=10, avg 5.8 turns)  [m1:100%(4) m2:67%(3) m3:100%(1) m4:100%(2)]
  arena 34:  100% ±0  (n=6, avg 5.5 turns)  [m1:100%(2) m4:100%(4)]
  procedural:   95% ±4  (n=22, avg 4.6 turns)  [m1:100%(4) m2:50%(2) m3:100%(4) m4:100%(3) m5:100%(3) m6:100%(6)]

DEPLOYMENT GEOMETRY (opening shape; choices/ARMED is the wave's real gate):
  FRONTAL   :   96% ±4  (n=25, avg 4.2 turns)  choices/turn 4.58  choices/ARMED 2.45  los-targets/ARMED 2.83
  PINCER    :   79% ±8  (n=24, avg 4.8 turns)  choices/turn 3.08  choices/ARMED 2.49  los-targets/ARMED 1.98
  CROSSFIRE :   93% ±6  (n=15, avg 4.5 turns)  choices/turn 2.84  choices/ARMED 1.80  los-targets/ARMED 3.96
  ENVELOP   :   87% ±9  (n=15, avg 5.8 turns)  choices/turn 3.19  choices/ARMED 1.99  los-targets/ARMED 1.88

ARENA FUNNEL (Mission.Build exits, n=88 builds, all modes):
  authored-applied    :  73.9%  (n=65)
  connectivity-reject :   0.0%  (n=0)
  procedural-roll     :  26.1%  (n=23)

DECK EXPOSURE (campaign runs n=20):
  distinct authored arenas/run : 2.85 mean (all runs)
  ... full-depth runs only     : 3.18 mean over 4.5 fights/run (n=11)
  Defend dealt on the route    :   65% of runs (n=13)

ACTION MIX (verbs issued, by policy):
  verb                  greedy        sloppy
  MOVE               604   41%     493   44%
  SHOOT              390   26%     294   26%
  HUNKER              87    6%      42    4%
  BRACE               59    4%      38    3%
  RELOAD              47    3%      49    4%
  INTEL               38    3%      30    3%
  OVERWATCH           47    3%      13    1%
  SLIPSTREAM          31    2%      22    2%
  FOCUS               32    2%      20    2%
  STABILIZE           29    2%      22    2%
  ITEM:SMOKE          23    2%      17    2%
  PIN                 24    2%      13    1%
  MARK                18    1%      12    1%
  PLANT                9    1%       9    1%
  GRENADE              6    0%      10    1%
  REARM                8    1%       7    1%
  PATCH               11    1%       2    0%
  BEACON               8    1%       5    0%
  EXTRACT              5    0%       4    0%
  GRAPPLE              2    0%       6    1%
  HACK                 4    0%       2    0%
  BARREL               2    0%       0    0%
  DRAG                 0    0%       2    0%
  ITEM:INCENDIARY       0    0%       1    0%

PLAYER CLASS PERFORMANCE:
  class        shots   hit%   dmg   kills
  SHARPSHOOTER    149    91%    990     58
  RANGER         155    88%    941     68
  GUNNER         203    81%    833     48
  ASSAULT        147    84%    589     36
  CORPSMAN        48    83%    132      5

SOLDIER DEATHS BY ENEMY CLASS (threat ranking):
  ELITE      : 15
  BRUISER    : 10
  BERSERKER  : 8
  DRONE      : 5
  SHIELD     : 5
  STRIKE     : 4
  SPOTTER    : 3
  SCOUT      : 3
  SAPPER     : 3
  HOUND      : 3
  LANCER     : 3
  BURN       : 3
  GRUNT      : 2
  PIKEMAN    : 2
  TURRET     : 1
  SCREENER   : 1
  WARBRINGER : 1

SOLDIER DOWNS (FUL-7 bleed-out): 162 downs -> revived 8 / recovered 42 / bled out 95 / finished 17  (save-rate   31%)
  corpsman fielded in 29 missions

ENEMY COMPOSITION (spawns; faction-stamped fights n=505 / default-cascade fights n=191):
  class        faction         default
  SCOUT           37    7%       55   29%
  GRUNT           39    8%       30   16%
  DRONE           50   10%        8    4%
  ELITE           41    8%        6    3%
  SHIELD          40    8%        6    3%
  LANCER          30    6%       11    6%
  BRUISER         28    6%        7    4%
  HUNTER          26    5%        7    4%
  BERSERKER       27    5%        6    3%
  SCREENER        28    6%        4    2%
  SPOTTER         27    5%        2    1%
  MEDIC           19    4%        6    3%
  SAPPER          21    4%        4    2%
  TURRET          20    4%        4    2%
  MORTAR          20    4%        4    2%
  HOUND           10    2%        9    5%
  STRIKER          9    2%        7    4%
  SNIPER           9    2%        6    3%
  WARBRINGER       9    2%        4    2%
  PIKEMAN          7    1%        1    1%
  BOMBARD          4    1%        2    1%
  CUSTODIAN        4    1%        2    1%

PERK PICK FREQUENCY:
  MOM           : 14
  CQB           : 13
  SKR           : 12
  GUN           : 12
  LCK           : 12
  OUT           : 11
  RFX           : 9
  GRD           : 9
  HRD           : 8
  FST           : 7
  TNK           : 7
  VNT           : 7
  EXC           : 6
  CLH           : 6
  PLT           : 5
  BND           : 4
  MRK           : 4
  BRK           : 3
  SGE           : 2

SHOP PURCHASE FREQUENCY:
  FIELD MEDKIT      : 57
  WPN: SCOPE        : 53
  WPN: HOLLOW POINT : 33
  ADV. TRAINING     : 17
  WPN: EXTENDED MAG : 17
  WPN: STABILIZER   : 16
  COUNTER-PREP      : 15
  ARMORY            : 15
  BALLISTIC PLATING : 13
  COMBAT STIMS      : 13
  WPN: SUPPRESSOR   : 9
  WPN: BIPOD        : 8
  FRAG CACHE        : 6

BOON PICK FREQUENCY (PROCS = effect fires at instrumented sites; '-' = not instrumented;
                      PYR counts the +2-turn-burn half only — the Burning-immunity half is uninstrumented):
  code                 picks   PROCS
  FRT               :     6       -
  RPD               :     6       -
  FST               :     5      61
  FVR               :     5       -
  TRR               :     5      16
  ADR               :     4       -
  MRK               :     4       -
  VNM               :     4       -
  FDR               :     3       2
  GHO               :     3       -
  PYR               :     3       1
  SCV               :     3       -
  SHK               :     3       0
  EXE               :     2       -
  RCL               :     2       0
  GRN               :     1       -

RUN WIN-RATE BY BOON (campaign runs holding it):
  FRT               :   50% ±20  (in 6 runs)
  RPD               :   83% ±15  (in 6 runs)
  FST               :   40% ±22  (in 5 runs)
  FVR               :   60% ±22  (in 5 runs)
  TRR               :   60% ±22  (in 5 runs)
  ADR               :  100% ±0  (in 4 runs)
  MRK               :   50% ±25  (in 4 runs)
  VNM               :  100% ±0  (in 4 runs)
  FDR               :    0% ±0  (in 3 runs)
  GHO               :   33% ±27  (in 3 runs)
  PYR               :  100% ±0  (in 3 runs)
  SCV               :   33% ±27  (in 3 runs)
  SHK               :   67% ±27  (in 3 runs)
  EXE               :  100% ±0  (in 2 runs)
  RCL               :  100% ±0  (in 2 runs)
  GRN               :  100% ±0  (in 1 runs)

RUN WIN-RATE BY SPEC (campaign runs fielding it):
  PHN               :   75% ±22  (in 4 runs)
  ADN               :  100% ±0  (in 3 runs)
  HHT               :   67% ±27  (in 3 runs)
  PTH               :   33% ±27  (in 3 runs)
  SNT               :   67% ±27  (in 3 runs)
  ANC               :  100% ±0  (in 2 runs)
  BRC               :  100% ±0  (in 1 runs)

RUN WIN-RATE BY PERK (campaign runs holding it):
  MOM               :   58% ±14  (in 12 runs)
  CQB               :   55% ±15  (in 11 runs)
  GUN               :   55% ±15  (in 11 runs)
  OUT               :   44% ±17  (in 9 runs)
  RFX               :   44% ±17  (in 9 runs)
  LCK               :   88% ±12  (in 8 runs)
  FST               :   71% ±17  (in 7 runs)
  GRD               :   43% ±19  (in 7 runs)
  HRD               :   86% ±13  (in 7 runs)
  SKR               :   67% ±19  (in 6 runs)
  VNT               :  100% ±0  (in 6 runs)
  CLH               :   40% ±22  (in 5 runs)
  EXC               :    0% ±0  (in 5 runs)
  PLT               :   40% ±22  (in 5 runs)
  TNK               :   80% ±18  (in 5 runs)
  BND               :    0% ±0  (in 4 runs)
  MRK               :   75% ±22  (in 4 runs)
  BRK               :   67% ±27  (in 3 runs)
  SGE               :  100% ±0  (in 2 runs)

RUN WIN-RATE BY PURCHASE (campaign runs buying it):
  FIELD MEDKIT      :   59% ±12  (in 17 runs)
  WPN: HOLLOW POINT :   71% ±12  (in 14 runs)
  WPN: STABILIZER   :   69% ±13  (in 13 runs)
  COUNTER-PREP      :   67% ±14  (in 12 runs)
  WPN: SCOPE        :   75% ±13  (in 12 runs)
  ARMORY            :   91% ±9  (in 11 runs)
  WPN: EXTENDED MAG :   30% ±14  (in 10 runs)
  ADV. TRAINING     :   38% ±17  (in 8 runs)
  COMBAT STIMS      :   75% ±15  (in 8 runs)
  WPN: SUPPRESSOR   :   57% ±19  (in 7 runs)
  BALLISTIC PLATING :   80% ±18  (in 5 runs)
  WPN: BIPOD        :   60% ±22  (in 5 runs)
  FRAG CACHE        :   25% ±22  (in 4 runs)

RUN WIN-RATE BY EVENT-CHOICE (campaign runs taking id:arm):
  grave:1           :   75% ±22  (in 4 runs)
  warpension:2      :   50% ±25  (in 4 runs)
  profiteer:0       :   67% ±27  (in 3 runs)
  depot:0           :  100% ±0  (in 2 runs)
  depot:1           :   50% ±35  (in 2 runs)
  fieldhospital:2   :   50% ±35  (in 2 runs)
  medic:1           :   50% ±35  (in 2 runs)
  quartermaster:2   :   50% ±35  (in 2 runs)
  blackmarket:2     :  100% ±0  (in 1 runs)
  bloodfeud:0       :  100% ±0  (in 1 runs)
  relic:1           :  100% ±0  (in 1 runs)
  reservecall:1     :  100% ±0  (in 1 runs)
═══════════════════════════════════════════════════════════════════════

batch wall-time: 10.5s  (20 matches across 10 campaigns × 2 policy, frame-cap hits: 0)
aggregate JSON -> /home/user/SIGHTLINE/docs/measurements/l2/L2-h2-b50.json
INFO: TEXTURE: [ID 2] Unloaded texture data from VRAM (GPU)
INFO: SHADER: [ID 3] Default shader unloaded successfully
INFO: TEXTURE: [ID 1] Default texture unloaded successfully
INFO: Window closed successfully
